┌ Warning: Optimization did not converge. RetCode: MaxIters
└ @ ODEParameterEstimation ~/ODEParameterEstimation/src/core/solvers/homotopy_continuation.jl:778
┌ Warning: At t=-0.4636491760512277, dt was forced below floating point epsilon -4.9173323145328784e-17, and step error estimate = 3.1093842260915334. Aborting. There is either an error in your model specification or the true solution is unstable (or the true solution can not be represented in the precision of Float64).
└ @ SciMLBase ~/.julia/packages/SciMLBase/VW1cI/src/integrator_interface.jl:623
┌ Warning: At t=-0.2260087380448292, dt was forced below floating point epsilon -2.5128093432418188e-17, and step error estimate = 3.5301674467473796. Aborting. There is either an error in your model specification or the true solution is unstable (or the true solution can not be represented in the precision of Float64).
└ @ SciMLBase ~/.julia/packages/SciMLBase/VW1cI/src/integrator_interface.jl:623
┌ Warning: At t=-0.2260087380448292, dt was forced below floating point epsilon -2.5128093432418188e-17, and step error estimate = 3.5301674467473796. Aborting. There is either an error in your model specification or the true solution is unstable (or the true solution can not be represented in the precision of Float64).
└ @ SciMLBase ~/.julia/packages/SciMLBase/VW1cI/src/integrator_interface.jl:623
┌ Warning: At t=-0.22600193471463842, dt was forced below floating point epsilon -2.3467540752762798e-17, and step error estimate = 4.243113043386673. Aborting. There is either an error in your model specification or the true solution is unstable (or the true solution can not be represented in the precision of Float64).
└ @ SciMLBase ~/.julia/packages/SciMLBase/VW1cI/src/integrator_interface.jl:623
┌ Warning: At t=-0.22600180082926166, dt was forced below floating point epsilon -2.096053045893666e-17, and step error estimate = 5.779724616837906. Aborting. There is either an error in your model specification or the true solution is unstable (or the true solution can not be represented in the precision of Float64).
└ @ SciMLBase ~/.julia/packages/SciMLBase/VW1cI/src/integrator_interface.jl:623
┌ Warning: At t=-0.2260000038329974, dt was forced below floating point epsilon -1.27888425126493e-17, and step error estimate = NaN. Aborting. There is either an error in your model specification or the true solution is unstable (or the true solution can not be represented in the precision of Float64).
└ @ SciMLBase ~/.julia/packages/SciMLBase/VW1cI/src/integrator_interface.jl:623
┌ Warning: At t=-0.9771564524500724, dt was forced below floating point epsilon -1.0084396854656425e-16, and step error estimate = 1.0394339307186888. Aborting. There is either an error in your model specification or the true solution is unstable (or the true solution can not be represented in the precision of Float64).
└ @ SciMLBase ~/.julia/packages/SciMLBase/VW1cI/src/integrator_interface.jl:623
┌ Warning: At t=-0.7824352747377961, dt was forced below floating point epsilon -9.887951580483305e-17, and step error estimate = 1.4711245639331227. Aborting. There is either an error in your model specification or the true solution is unstable (or the true solution can not be represented in the precision of Float64).
└ @ SciMLBase ~/.julia/packages/SciMLBase/VW1cI/src/integrator_interface.jl:623
┌ Warning: At t=-0.24533403268982057, dt was forced below floating point epsilon -2.496658624229088e-17, and step error estimate = 1.0053923356997643. Aborting. There is either an error in your model specification or the true solution is unstable (or the true solution can not be represented in the precision of Float64).
└ @ SciMLBase ~/.julia/packages/SciMLBase/VW1cI/src/integrator_interface.jl:623
┌ Warning: At t=-0.7824352747377961, dt was forced below floating point epsilon -9.887951580483305e-17, and step error estimate = 1.4711245639331227. Aborting. There is either an error in your model specification or the true solution is unstable (or the true solution can not be represented in the precision of Float64).
└ @ SciMLBase ~/.julia/packages/SciMLBase/VW1cI/src/integrator_interface.jl:623
┌ Warning: At t=-0.226000039875995, dt was forced below floating point epsilon -5.551115123125783e-18, and step error estimate = NaN. Aborting. There is either an error in your model specification or the true solution is unstable (or the true solution can not be represented in the precision of Float64).
└ @ SciMLBase ~/.julia/packages/SciMLBase/VW1cI/src/integrator_interface.jl:623
┌ Warning: At t=-0.23631514776882726, dt was forced below floating point epsilon -2.4812392733085863e-17, and step error estimate = 1.0696475600392994. Aborting. There is either an error in your model specification or the true solution is unstable (or the true solution can not be represented in the precision of Float64).
└ @ SciMLBase ~/.julia/packages/SciMLBase/VW1cI/src/integrator_interface.jl:623
┌ Warning: At t=-0.48011946587848214, dt was forced below floating point epsilon -4.991596709783539e-17, and step error estimate = 1.0088621147877788. Aborting. There is either an error in your model specification or the true solution is unstable (or the true solution can not be represented in the precision of Float64).
└ @ SciMLBase ~/.julia/packages/SciMLBase/VW1cI/src/integrator_interface.jl:623
┌ Warning: At t=-0.3597882888560498, dt was forced below floating point epsilon -5.115506623856337e-17, and step error estimate = 1.3395783086492723. Aborting. There is either an error in your model specification or the true solution is unstable (or the true solution can not be represented in the precision of Float64).
└ @ SciMLBase ~/.julia/packages/SciMLBase/VW1cI/src/integrator_interface.jl:623
┌ Warning: At t=-0.2260009110804533, dt was forced below floating point epsilon -1.4858235395624748e-17, and step error estimate = NaN. Aborting. There is either an error in your model specification or the true solution is unstable (or the true solution can not be represented in the precision of Float64).
└ @ SciMLBase ~/.julia/packages/SciMLBase/VW1cI/src/integrator_interface.jl:623
┌ Warning: At t=-0.23096780459459704, dt was forced below floating point epsilon -2.4582238395974015e-17, and step error estimate = 1.174161423278889. Aborting. There is either an error in your model specification or the true solution is unstable (or the true solution can not be represented in the precision of Float64).
└ @ SciMLBase ~/.julia/packages/SciMLBase/VW1cI/src/integrator_interface.jl:623
┌ Warning: Interrupted. Larger maxiters is needed. If you are using an integrator for non-stiff ODEs or an automatic switching algorithm (the default), you may want to consider using a method for stiff equations. See the solver pages for more details (e.g. https://docs.sciml.ai/DiffEqDocs/stable/solvers/ode_solve/#Stiff-Problems).
└ @ SciMLBase ~/.julia/packages/SciMLBase/VW1cI/src/integrator_interface.jl:589
┌ Warning: At t=-0.2287439813861321, dt was forced below floating point epsilon -2.4806864612676694e-17, and step error estimate = 1.0720346563369065. Aborting. There is either an error in your model specification or the true solution is unstable (or the true solution can not be represented in the precision of Float64).
└ @ SciMLBase ~/.julia/packages/SciMLBase/VW1cI/src/integrator_interface.jl:623
┌ Warning: At t=-0.25907130159432445, dt was forced below floating point epsilon -5.466058003897472e-17, and step error estimate = 1.1401788695834132. Aborting. There is either an error in your model specification or the true solution is unstable (or the true solution can not be represented in the precision of Float64).
└ @ SciMLBase ~/.julia/packages/SciMLBase/VW1cI/src/integrator_interface.jl:623
┌ Warning: At t=-0.4319861051209231, dt was forced below floating point epsilon -5.137518928559988e-17, and step error estimate = 1.4705394662891718. Aborting. There is either an error in your model specification or the true solution is unstable (or the true solution can not be represented in the precision of Float64).
└ @ SciMLBase ~/.julia/packages/SciMLBase/VW1cI/src/integrator_interface.jl:623
┌ Warning: At t=-0.22601730933381758, dt was forced below floating point epsilon -1.759306728344781e-17, and step error estimate = NaN. Aborting. There is either an error in your model specification or the true solution is unstable (or the true solution can not be represented in the precision of Float64).
└ @ SciMLBase ~/.julia/packages/SciMLBase/VW1cI/src/integrator_interface.jl:623
┌ Warning: At t=-0.22600000090442487, dt was forced below floating point epsilon -2.5386669133369732e-17, and step error estimate = NaN. Aborting. There is either an error in your model specification or the true solution is unstable (or the true solution can not be represented in the precision of Float64).
└ @ SciMLBase ~/.julia/packages/SciMLBase/VW1cI/src/integrator_interface.jl:623
┌ Warning: At t=-0.2402076524605967, dt was forced below floating point epsilon -2.4578294035385257e-17, and step error estimate = 1.1760476929437884. Aborting. There is either an error in your model specification or the true solution is unstable (or the true solution can not be represented in the precision of Float64).
└ @ SciMLBase ~/.julia/packages/SciMLBase/VW1cI/src/integrator_interface.jl:623
┌ Warning: At t=-0.23647412165652765, dt was forced below floating point epsilon -1.909114185124236e-17, and step error estimate = NaN. Aborting. There is either an error in your model specification or the true solution is unstable (or the true solution can not be represented in the precision of Float64).
└ @ SciMLBase ~/.julia/packages/SciMLBase/VW1cI/src/integrator_interface.jl:623
┌ Warning: At t=-0.2998067124526326, dt was forced below floating point epsilon -4.960139810771206e-17, and step error estimate = 1.0747025911916985. Aborting. There is either an error in your model specification or the true solution is unstable (or the true solution can not be represented in the precision of Float64).
└ @ SciMLBase ~/.julia/packages/SciMLBase/VW1cI/src/integrator_interface.jl:623
┌ Warning: At t=-0.5732387264737611, dt was forced below floating point epsilon -9.937253228890955e-17, and step error estimate = 1.0564842573784186. Aborting. There is either an error in your model specification or the true solution is unstable (or the true solution can not be represented in the precision of Float64).
└ @ SciMLBase ~/.julia/packages/SciMLBase/VW1cI/src/integrator_interface.jl:623
┌ Warning: At t=-0.4343346098929198, dt was forced below floating point epsilon -4.920051567537209e-17, and step error estimate = 1.165584946522852. Aborting. There is either an error in your model specification or the true solution is unstable (or the true solution can not be represented in the precision of Float64).
└ @ SciMLBase ~/.julia/packages/SciMLBase/VW1cI/src/integrator_interface.jl:623
┌ Warning: At t=-0.226000039875995, dt was forced below floating point epsilon -5.551115123125783e-18, and step error estimate = NaN. Aborting. There is either an error in your model specification or the true solution is unstable (or the true solution can not be represented in the precision of Float64).
└ @ SciMLBase ~/.julia/packages/SciMLBase/VW1cI/src/integrator_interface.jl:623
┌ Warning: At t=-0.39507927315579056, dt was forced below floating point epsilon 5.551115123125783e-17, and step error estimate = 1.286121458031711. Aborting. There is either an error in your model specification or the true solution is unstable (or the true solution can not be represented in the precision of Float64).
└ @ SciMLBase ~/.julia/packages/SciMLBase/VW1cI/src/integrator_interface.jl:623
┌ Warning: At t=-0.5581572408119315, dt was forced below floating point epsilon 1.1102230246251565e-16, and step error estimate = NaN. Aborting. There is either an error in your model specification or the true solution is unstable (or the true solution can not be represented in the precision of Float64).
└ @ SciMLBase ~/.julia/packages/SciMLBase/VW1cI/src/integrator_interface.jl:623
┌ Warning: At t=-0.5581572408119315, dt was forced below floating point epsilon 1.1102230246251565e-16, and step error estimate = NaN. Aborting. There is either an error in your model specification or the true solution is unstable (or the true solution can not be represented in the precision of Float64).
└ @ SciMLBase ~/.julia/packages/SciMLBase/VW1cI/src/integrator_interface.jl:623
┌ Warning: At t=-0.6112193856511559, dt was forced below floating point epsilon 1.1102230246251565e-16, and step error estimate = NaN. Aborting. There is either an error in your model specification or the true solution is unstable (or the true solution can not be represented in the precision of Float64).
└ @ SciMLBase ~/.julia/packages/SciMLBase/VW1cI/src/integrator_interface.jl:623
┌ Warning: At t=-0.4410269496813473, dt was forced below floating point epsilon 5.551115123125783e-17, and step error estimate = NaN. Aborting. There is either an error in your model specification or the true solution is unstable (or the true solution can not be represented in the precision of Float64).
└ @ SciMLBase ~/.julia/packages/SciMLBase/VW1cI/src/integrator_interface.jl:623
┌ Warning: At t=-0.998, dt was forced below floating point epsilon 1.1102230246251565e-16, and step error estimate = 2117.815016805324. Aborting. There is either an error in your model specification or the true solution is unstable (or the true solution can not be represented in the precision of Float64).
└ @ SciMLBase ~/.julia/packages/SciMLBase/VW1cI/src/integrator_interface.jl:623
┌ Warning: At t=-0.4410269496813473, dt was forced below floating point epsilon 5.551115123125783e-17, and step error estimate = NaN. Aborting. There is either an error in your model specification or the true solution is unstable (or the true solution can not be represented in the precision of Float64).
└ @ SciMLBase ~/.julia/packages/SciMLBase/VW1cI/src/integrator_interface.jl:623
┌ Warning: At t=-0.9979999999998964, dt was forced below floating point epsilon 1.1102230246251565e-16, and step error estimate = NaN. Aborting. There is either an error in your model specification or the true solution is unstable (or the true solution can not be represented in the precision of Float64).
└ @ SciMLBase ~/.julia/packages/SciMLBase/VW1cI/src/integrator_interface.jl:623
┌ Warning: At t=0.6862406795654887, dt was forced below floating point epsilon 1.1102230246251565e-16, and step error estimate = 5.943648912809947. Aborting. There is either an error in your model specification or the true solution is unstable (or the true solution can not be represented in the precision of Float64).
└ @ SciMLBase ~/.julia/packages/SciMLBase/VW1cI/src/integrator_interface.jl:623
┌ Warning: At t=-0.9764685189115752, dt was forced below floating point epsilon 1.1102230246251565e-16, and step error estimate = 1.187827547601672. Aborting. There is either an error in your model specification or the true solution is unstable (or the true solution can not be represented in the precision of Float64).
└ @ SciMLBase ~/.julia/packages/SciMLBase/VW1cI/src/integrator_interface.jl:623
┌ Warning: At t=-0.998, dt was forced below floating point epsilon 1.1102230246251565e-16, and step error estimate = 1.2368236048705703. Aborting. There is either an error in your model specification or the true solution is unstable (or the true solution can not be represented in the precision of Float64).
└ @ SciMLBase ~/.julia/packages/SciMLBase/VW1cI/src/integrator_interface.jl:623
┌ Warning: At t=-0.22599839285392517, dt was forced below floating point epsilon 2.7755575615628914e-17, and step error estimate = NaN. Aborting. There is either an error in your model specification or the true solution is unstable (or the true solution can not be represented in the precision of Float64).
└ @ SciMLBase ~/.julia/packages/SciMLBase/VW1cI/src/integrator_interface.jl:623
┌ Warning: At t=-0.7185874880502064, dt was forced below floating point epsilon 1.1102230246251565e-16, and step error estimate = 1.3855233855861584. Aborting. There is either an error in your model specification or the true solution is unstable (or the true solution can not be represented in the precision of Float64).
└ @ SciMLBase ~/.julia/packages/SciMLBase/VW1cI/src/integrator_interface.jl:623
┌ Warning: At t=-0.22599372528735398, dt was forced below floating point epsilon 2.7755575615628914e-17, and step error estimate = NaN. Aborting. There is either an error in your model specification or the true solution is unstable (or the true solution can not be represented in the precision of Float64).
└ @ SciMLBase ~/.julia/packages/SciMLBase/VW1cI/src/integrator_interface.jl:623
┌ Warning: At t=-0.998, dt was forced below floating point epsilon 1.1102230246251565e-16, and step error estimate = NaN. Aborting. There is either an error in your model specification or the true solution is unstable (or the true solution can not be represented in the precision of Float64).
└ @ SciMLBase ~/.julia/packages/SciMLBase/VW1cI/src/integrator_interface.jl:623
┌ Warning: At t=-0.22529400119626378, dt was forced below floating point epsilon 2.7755575615628914e-17, and step error estimate = 1.3700770097530266. Aborting. There is either an error in your model specification or the true solution is unstable (or the true solution can not be represented in the precision of Float64).
└ @ SciMLBase ~/.julia/packages/SciMLBase/VW1cI/src/integrator_interface.jl:623
┌ Warning: At t=-0.998, dt was forced below floating point epsilon 1.1102230246251565e-16, and step error estimate = 2481.165971652438. Aborting. There is either an error in your model specification or the true solution is unstable (or the true solution can not be represented in the precision of Float64).
└ @ SciMLBase ~/.julia/packages/SciMLBase/VW1cI/src/integrator_interface.jl:623
┌ Warning: At t=-0.2259275735000502, dt was forced below floating point epsilon 2.7755575615628914e-17, and step error estimate = 3.191881989837642. Aborting. There is either an error in your model specification or the true solution is unstable (or the true solution can not be represented in the precision of Float64).
└ @ SciMLBase ~/.julia/packages/SciMLBase/VW1cI/src/integrator_interface.jl:623
┌ Warning: At t=-0.17590560597584648, dt was forced below floating point epsilon 2.7755575615628914e-17, and step error estimate = 1.2074353485701825. Aborting. There is either an error in your model specification or the true solution is unstable (or the true solution can not be represented in the precision of Float64).
└ @ SciMLBase ~/.julia/packages/SciMLBase/VW1cI/src/integrator_interface.jl:623
┌ Warning: At t=0.5450440896561061, dt was forced below floating point epsilon 1.1102230246251565e-16, and step error estimate = 1.0931947538812379. Aborting. There is either an error in your model specification or the true solution is unstable (or the true solution can not be represented in the precision of Float64).
└ @ SciMLBase ~/.julia/packages/SciMLBase/VW1cI/src/integrator_interface.jl:623
┌ Warning: At t=-0.9979999999998604, dt was forced below floating point epsilon 1.1102230246251565e-16, and step error estimate = NaN. Aborting. There is either an error in your model specification or the true solution is unstable (or the true solution can not be represented in the precision of Float64).
└ @ SciMLBase ~/.julia/packages/SciMLBase/VW1cI/src/integrator_interface.jl:623
┌ Warning: At t=0.25556366753728926, dt was forced below floating point epsilon 5.551115123125783e-17, and step error estimate = 536.7398722048296. Aborting. There is either an error in your model specification or the true solution is unstable (or the true solution can not be represented in the precision of Float64).
└ @ SciMLBase ~/.julia/packages/SciMLBase/VW1cI/src/integrator_interface.jl:623
┌ Warning: At t=-0.998, dt was forced below floating point epsilon 1.1102230246251565e-16, and step error estimate = 2260.8772558330616. Aborting. There is either an error in your model specification or the true solution is unstable (or the true solution can not be represented in the precision of Float64).
└ @ SciMLBase ~/.julia/packages/SciMLBase/VW1cI/src/integrator_interface.jl:623
┌ Warning: At t=0.3531898522741561, dt was forced below floating point epsilon 5.551115123125783e-17, and step error estimate = 1.041648797551367. Aborting. There is either an error in your model specification or the true solution is unstable (or the true solution can not be represented in the precision of Float64).
└ @ SciMLBase ~/.julia/packages/SciMLBase/VW1cI/src/integrator_interface.jl:623
┌ Warning: At t=-0.5598285634210386, dt was forced below floating point epsilon 1.1102230246251565e-16, and step error estimate = 1.0917552994426651. Aborting. There is either an error in your model specification or the true solution is unstable (or the true solution can not be represented in the precision of Float64).
└ @ SciMLBase ~/.julia/packages/SciMLBase/VW1cI/src/integrator_interface.jl:623
┌ Warning: At t=-0.22599996135947956, dt was forced below floating point epsilon 2.7755575615628914e-17, and step error estimate = NaN. Aborting. There is either an error in your model specification or the true solution is unstable (or the true solution can not be represented in the precision of Float64).
└ @ SciMLBase ~/.julia/packages/SciMLBase/VW1cI/src/integrator_interface.jl:623
┌ Warning: At t=-0.998, dt was forced below floating point epsilon 1.1102230246251565e-16, and step error estimate = 2485.5539043491967. Aborting. There is either an error in your model specification or the true solution is unstable (or the true solution can not be represented in the precision of Float64).
└ @ SciMLBase ~/.julia/packages/SciMLBase/VW1cI/src/integrator_interface.jl:623
┌ Warning: At t=-0.22599664608579106, dt was forced below floating point epsilon 2.7755575615628914e-17, and step error estimate = NaN. Aborting. There is either an error in your model specification or the true solution is unstable (or the true solution can not be represented in the precision of Float64).
└ @ SciMLBase ~/.julia/packages/SciMLBase/VW1cI/src/integrator_interface.jl:623
┌ Warning: At t=-0.998, dt was forced below floating point epsilon 1.1102230246251565e-16, and step error estimate = NaN. Aborting. There is either an error in your model specification or the true solution is unstable (or the true solution can not be represented in the precision of Float64).
└ @ SciMLBase ~/.julia/packages/SciMLBase/VW1cI/src/integrator_interface.jl:623
┌ Warning: At t=-0.998, dt was forced below floating point epsilon 1.1102230246251565e-16, and step error estimate = 22.281960411521638. Aborting. There is either an error in your model specification or the true solution is unstable (or the true solution can not be represented in the precision of Float64).
└ @ SciMLBase ~/.julia/packages/SciMLBase/VW1cI/src/integrator_interface.jl:623
┌ Warning: At t=0.8506939799064949, dt was forced below floating point epsilon 1.1102230246251565e-16, and step error estimate = 1.0018087377480018. Aborting. There is either an error in your model specification or the true solution is unstable (or the true solution can not be represented in the precision of Float64).
└ @ SciMLBase ~/.julia/packages/SciMLBase/VW1cI/src/integrator_interface.jl:623
┌ Warning: At t=-0.9979999999998964, dt was forced below floating point epsilon 1.1102230246251565e-16, and step error estimate = NaN. Aborting. There is either an error in your model specification or the true solution is unstable (or the true solution can not be represented in the precision of Float64).
└ @ SciMLBase ~/.julia/packages/SciMLBase/VW1cI/src/integrator_interface.jl:623
LinearAlgebra.PosDefException(2)
LinearAlgebra.PosDefException(2)
LinearAlgebra.PosDefException(2)
LinearAlgebra.PosDefException(5)
LinearAlgebra.PosDefException(4)
LinearAlgebra.PosDefException(7)
LinearAlgebra.PosDefException(95)
LinearAlgebra.PosDefException(3)
LinearAlgebra.PosDefException(2)
LinearAlgebra.PosDefException(2)
LinearAlgebra.PosDefException(2)
LinearAlgebra.PosDefException(2)
LinearAlgebra.PosDefException(4)
LinearAlgebra.PosDefException(4)
LinearAlgebra.PosDefException(94)
LinearAlgebra.PosDefException(14)
LinearAlgebra.PosDefException(9)
LinearAlgebra.PosDefException(7)
LinearAlgebra.PosDefException(147)
LinearAlgebra.PosDefException(8)
LinearAlgebra.PosDefException(4)
LinearAlgebra.PosDefException(4)
LinearAlgebra.PosDefException(80)
LinearAlgebra.PosDefException(465)
LinearAlgebra.PosDefException(7)
LinearAlgebra.PosDefException(6)
LinearAlgebra.PosDefException(6)
LinearAlgebra.PosDefException(6)
LinearAlgebra.PosDefException(7)
LinearAlgebra.PosDefException(82)
LinearAlgebra.PosDefException(470)
LinearAlgebra.PosDefException(2)
LinearAlgebra.PosDefException(3)
LinearAlgebra.PosDefException(2)
LinearAlgebra.PosDefException(4)
LinearAlgebra.PosDefException(3)
LinearAlgebra.PosDefException(6)
LinearAlgebra.PosDefException(84)
LinearAlgebra.PosDefException(6)
LinearAlgebra.PosDefException(2)
LinearAlgebra.PosDefException(6)
LinearAlgebra.PosDefException(2)
LinearAlgebra.PosDefException(2)
LinearAlgebra.PosDefException(4)
LinearAlgebra.PosDefException(5)
LinearAlgebra.PosDefException(86)
LinearAlgebra.PosDefException(12)
LinearAlgebra.PosDefException(9)
LinearAlgebra.PosDefException(6)
LinearAlgebra.PosDefException(31)
LinearAlgebra.PosDefException(2)
LinearAlgebra.PosDefException(2)
LinearAlgebra.PosDefException(2)
LinearAlgebra.PosDefException(4)
LinearAlgebra.PosDefException(6)
LinearAlgebra.PosDefException(7)
LinearAlgebra.PosDefException(85)
LinearAlgebra.PosDefException(2)
LinearAlgebra.PosDefException(2)
LinearAlgebra.PosDefException(2)
LinearAlgebra.PosDefException(3)
LinearAlgebra.PosDefException(3)
LinearAlgebra.PosDefException(3)
LinearAlgebra.PosDefException(4)
LinearAlgebra.PosDefException(86)
LinearAlgebra.PosDefException(19)
LinearAlgebra.PosDefException(9)
LinearAlgebra.PosDefException(6)
LinearAlgebra.PosDefException(181)
LinearAlgebra.PosDefException(4)
LinearAlgebra.PosDefException(5)
LinearAlgebra.PosDefException(59)
LinearAlgebra.PosDefException(2)
LinearAlgebra.PosDefException(2)
LinearAlgebra.PosDefException(2)
LinearAlgebra.PosDefException(5)
LinearAlgebra.PosDefException(3)
LinearAlgebra.PosDefException(4)
LinearAlgebra.PosDefException(93)
LinearAlgebra.PosDefException(2)
LinearAlgebra.PosDefException(3)
LinearAlgebra.PosDefException(2)
LinearAlgebra.PosDefException(6)
LinearAlgebra.PosDefException(3)
LinearAlgebra.PosDefException(4)
LinearAlgebra.PosDefException(6)
LinearAlgebra.PosDefException(91)
LinearAlgebra.PosDefException(11)
LinearAlgebra.PosDefException(9)
LinearAlgebra.PosDefException(6)
LinearAlgebra.PosDefException(33)
LinearAlgebra.PosDefException(2)
LinearAlgebra.PosDefException(2)
LinearAlgebra.PosDefException(2)
LinearAlgebra.PosDefException(3)
LinearAlgebra.PosDefException(4)
LinearAlgebra.PosDefException(6)
LinearAlgebra.PosDefException(92)
LinearAlgebra.PosDefException(2)
LinearAlgebra.PosDefException(2)
LinearAlgebra.PosDefException(2)
LinearAlgebra.PosDefException(2)
LinearAlgebra.PosDefException(2)
LinearAlgebra.PosDefException(4)
LinearAlgebra.PosDefException(6)
LinearAlgebra.PosDefException(91)
LinearAlgebra.PosDefException(9)
LinearAlgebra.PosDefException(6)
LinearAlgebra.PosDefException(7)
LinearAlgebra.PosDefException(6)
LinearAlgebra.PosDefException(5)
LinearAlgebra.PosDefException(4)
LinearAlgebra.PosDefException(22)
LinearAlgebra.PosDefException(549)
LinearAlgebra.PosDefException(2)
LinearAlgebra.PosDefException(2)
LinearAlgebra.PosDefException(3)
LinearAlgebra.PosDefException(5)
LinearAlgebra.PosDefException(3)
LinearAlgebra.PosDefException(8)
LinearAlgebra.PosDefException(91)
LinearAlgebra.PosDefException(2)
LinearAlgebra.PosDefException(6)
LinearAlgebra.PosDefException(2)
LinearAlgebra.PosDefException(2)
LinearAlgebra.PosDefException(3)
LinearAlgebra.PosDefException(3)
LinearAlgebra.PosDefException(6)
LinearAlgebra.PosDefException(87)
LinearAlgebra.PosDefException(13)
LinearAlgebra.PosDefException(8)
LinearAlgebra.PosDefException(7)
LinearAlgebra.PosDefException(33)
Optimization did not improve residual (initial: 2.9079814098194374e-20, final: 2.9079814098194374e-20)
Optimization improved residual by 0.0001824103629180846 (from 0.0001824103632821203 to 3.6403571428320327e-13)
Optimization improved residual by 0.0001824103629180846 (from 0.0001824103632821203 to 3.6403571428320327e-13)
Optimization improved residual by 9.056825644473018e-6 (from 9.056826013303737e-6 to 3.688307195460532e-13)
Optimization improved residual by 0.00012015337583606424 (from 0.00012015337638815875 to 5.520945001050585e-13)
Optimization improved residual by 7.8520608365518e-5 (from 7.852060874676862e-5 to 3.812506269076919e-13)
Optimization improved residual by 0.003066001358513124 (from 0.0030660013594068524 to 8.937284411906929e-13)
Optimization did not improve residual (initial: 5.04468105533593e-17, final: 5.04468105533593e-17)
Optimization did not improve residual (initial: 1.2738446222269731e-17, final: 1.2738446222269731e-17)
Optimization improved residual by 0.030818708009811173 (from 0.030818708010154627 to 3.434538366740826e-13)
Optimization did not improve residual (initial: 1.3476657224476425e-17, final: 1.3476657224476425e-17)
Optimization improved residual by 0.030818708009811173 (from 0.030818708010154627 to 3.434538366740826e-13)
Optimization improved residual by 0.018834469760738548 (from 0.018834469760743825 to 5.2776359764512834e-15)
Optimization improved residual by 0.04827084034744177 (from 0.04827084034745453 to 1.2761592480683615e-14)
Optimization did not improve residual (initial: 4.434301635290978e-18, final: 4.434301635290978e-18)
Optimization improved residual by 0.0016142650610312184 (from 0.0016142650616830514 to 6.518329500661356e-13)
Optimization did not improve residual (initial: 9.885886017033387e-16, final: 9.885886017033387e-16)
Optimization did not improve residual (initial: 5.892160023479042e-17, final: 5.892160023479042e-17)
Optimization did not improve residual (initial: 5.892160023485423e-17, final: 5.892160023485423e-17)
Optimization did not improve residual (initial: 7.217383799570892e-17, final: 7.217383799570892e-17)
Optimization improved residual by 0.018819908003611725 (from 0.01881990800361402 to 2.293481320726986e-15)
Optimization improved residual by 0.018819908003600106 (from 0.01881990800361402 to 1.3912405307582051e-14)
Optimization improved residual by 0.05293367862891298 (from 0.05293367862897275 to 5.976241457128024e-14)
Optimization improved residual by 1.7437295759019499e-6 (from 1.7437296153327907e-6 to 3.943084087336883e-14)
Optimization did not improve residual (initial: 1.3162176933323552e-18, final: 1.3162176933323552e-18)
Optimization improved residual by 0.030818708009222633 (from 0.030818708010154627 to 9.31992352062244e-13)
Optimization improved residual by 0.03219775655281898 (from 0.032197756552902836 to 8.385814237651735e-14)
Optimization improved residual by 0.00028604462003363116 (from 0.00028604462018905994 to 1.5542876395402806e-13)
Optimization improved residual by 0.000944960659922696 (from 0.0009449606599472407 to 2.4544667720491404e-14)
Optimization improved residual by 0.0020030229861607587 (from 0.0020030229866522154 to 4.914565700432151e-13)
Optimization improved residual by 0.018819908003600106 (from 0.01881990800361402 to 1.3912405307582051e-14)
Optimization improved residual by 0.004658810021528095 (from 0.004658810021680932 to 1.5283791078414104e-13)
Optimization improved residual by 7.106369075200908e-5 (from 7.106369132111416e-5 to 5.691050840024155e-13)
Optimization improved residual by 0.00040143163612749546 (from 0.00040143163628151944 to 1.5402398874090394e-13)
Optimization did not improve residual (initial: 1.770828561120994e-17, final: 1.770828561120994e-17)
Optimization improved residual by 0.026914741505208412 (from 0.026914741505210258 to 1.8459382407034447e-15)
Optimization improved residual by 0.0031049859121098223 (from 0.003104985912820598 to 7.10775748937982e-13)
Optimization did not improve residual (initial: 1.0648193672810456e-17, final: 1.0648193672810456e-17)
Optimization did not improve residual (initial: 2.1611616489041944e-17, final: 2.1611616489041944e-17)
Optimization improved residual by 0.002906352552908088 (from 0.0029063525529634737 to 5.5385645360651605e-14)
Optimization improved residual by 0.0003312162467581608 (from 0.0003312162471546886 to 3.96527807052172e-13)
Optimization did not improve residual (initial: 4.786910683823341e-16, final: 4.786910683823341e-16)
Optimization did not improve residual (initial: 2.9949811870069813e-18, final: 2.9949811870069813e-18)
Optimization improved residual by 0.0004934263750935912 (from 0.0004934263751551049 to 6.151372180709683e-14)
Optimization improved residual by 0.00218577046107408 (from 0.00218577046166871 to 5.946297836716416e-13)
Optimization improved residual by 0.005326327967093763 (from 0.005326327967509677 to 4.1591421619629655e-13)
Optimization did not improve residual (initial: 1.3476657224476425e-17, final: 1.3476657224476425e-17)
Optimization improved residual by 1.3630110884592595e-5 (from 1.3630111053322844e-5 to 1.68730248673054e-13)
Optimization improved residual by 0.003117764218513346 (from 0.0031177642189894376 to 4.760912697696993e-13)
Optimization improved residual by 2.3878449315069835e-5 (from 2.387845005280863e-5 to 7.377387947783594e-13)
Optimization did not improve residual (initial: 3.568663099612015e-15, final: 3.568663099612015e-15)
Optimization improved residual by 7.991335298476921e-5 (from 7.991335306260046e-5 to 7.783124565877215e-14)
Optimization did not improve residual (initial: 1.1335789748969766e-17, final: 1.1335789748969766e-17)
Optimization did not improve residual (initial: 6.252852948429068e-18, final: 6.252852948429068e-18)
Optimization improved residual by 0.02691474150423897 (from 0.026914741505210255 to 9.712856202140892e-13)
Optimization improved residual by 0.018834469760738548 (from 0.018834469760743825 to 5.2776359764512834e-15)












































