┌ Warning: Optimization did not converge. RetCode: Stalled
└ @ ODEParameterEstimation ~/ODEParameterEstimation/src/core/solvers/homotopy_continuation.jl:778
┌ Warning: Optimization did not converge. RetCode: Stalled
└ @ ODEParameterEstimation ~/ODEParameterEstimation/src/core/solvers/homotopy_continuation.jl:778
┌ Warning: Optimization did not converge. RetCode: Stalled
└ @ ODEParameterEstimation ~/ODEParameterEstimation/src/core/solvers/homotopy_continuation.jl:778
┌ Warning: Optimization did not converge. RetCode: Stalled
└ @ ODEParameterEstimation ~/ODEParameterEstimation/src/core/solvers/homotopy_continuation.jl:778
┌ Warning: At t=-0.5880001787743371, dt was forced below floating point epsilon -1.099043162882873e-16, and step error estimate = 1.5295640063942288. Aborting. There is either an error in your model specification or the true solution is unstable (or the true solution can not be represented in the precision of Float64).
└ @ SciMLBase ~/.julia/packages/SciMLBase/VW1cI/src/integrator_interface.jl:623
┌ Warning: At t=-0.5880001779108984, dt was forced below floating point epsilon -1.0913193150756057e-16, and step error estimate = 1.5945563255467843. Aborting. There is either an error in your model specification or the true solution is unstable (or the true solution can not be represented in the precision of Float64).
└ @ SciMLBase ~/.julia/packages/SciMLBase/VW1cI/src/integrator_interface.jl:623
┌ Warning: At t=-0.8719930593874171, dt was forced below floating point epsilon -9.930958980754909e-17, and step error estimate = 1.0632001040984054. Aborting. There is either an error in your model specification or the true solution is unstable (or the true solution can not be represented in the precision of Float64).
└ @ SciMLBase ~/.julia/packages/SciMLBase/VW1cI/src/integrator_interface.jl:623
┌ Warning: At t=-0.5882116575903494, dt was forced below floating point epsilon -9.638516023429507e-17, and step error estimate = 1.4336199448824465. Aborting. There is either an error in your model specification or the true solution is unstable (or the true solution can not be represented in the precision of Float64).
└ @ SciMLBase ~/.julia/packages/SciMLBase/VW1cI/src/integrator_interface.jl:623
┌ Warning: At t=-0.588000344623157, dt was forced below floating point epsilon -1.1012311215458743e-16, and step error estimate = NaN. Aborting. There is either an error in your model specification or the true solution is unstable (or the true solution can not be represented in the precision of Float64).
└ @ SciMLBase ~/.julia/packages/SciMLBase/VW1cI/src/integrator_interface.jl:623
┌ Warning: At t=-0.6263138529476041, dt was forced below floating point epsilon -1.0785682806010958e-16, and step error estimate = 1.0688894325337543. Aborting. There is either an error in your model specification or the true solution is unstable (or the true solution can not be represented in the precision of Float64).
└ @ SciMLBase ~/.julia/packages/SciMLBase/VW1cI/src/integrator_interface.jl:623
┌ Warning: At t=-0.6051655309602649, dt was forced below floating point epsilon -9.823149819109102e-17, and step error estimate = 1.1858687903707825. Aborting. There is either an error in your model specification or the true solution is unstable (or the true solution can not be represented in the precision of Float64).
└ @ SciMLBase ~/.julia/packages/SciMLBase/VW1cI/src/integrator_interface.jl:623
┌ Warning: At t=-0.635920803680807, dt was forced below floating point epsilon -5.762026588127578e-17, and step error estimate = NaN. Aborting. There is either an error in your model specification or the true solution is unstable (or the true solution can not be represented in the precision of Float64).
└ @ SciMLBase ~/.julia/packages/SciMLBase/VW1cI/src/integrator_interface.jl:623
┌ Warning: At t=-0.6417350501226616, dt was forced below floating point epsilon -9.990472077951978e-17, and step error estimate = 1.0015375612811848. Aborting. There is either an error in your model specification or the true solution is unstable (or the true solution can not be represented in the precision of Float64).
└ @ SciMLBase ~/.julia/packages/SciMLBase/VW1cI/src/integrator_interface.jl:623
┌ Warning: At t=-0.6308142114621003, dt was forced below floating point epsilon -1.0185595251431902e-16, and step error estimate = 1.037144887830595. Aborting. There is either an error in your model specification or the true solution is unstable (or the true solution can not be represented in the precision of Float64).
└ @ SciMLBase ~/.julia/packages/SciMLBase/VW1cI/src/integrator_interface.jl:623
┌ Warning: At t=-0.5883249419016594, dt was forced below floating point epsilon -7.3767933689866e-17, and step error estimate = 68.57980758303084. Aborting. There is either an error in your model specification or the true solution is unstable (or the true solution can not be represented in the precision of Float64).
└ @ SciMLBase ~/.julia/packages/SciMLBase/VW1cI/src/integrator_interface.jl:623
┌ Warning: At t=-0.588000007860989, dt was forced below floating point epsilon -2.6937470431946578e-17, and step error estimate = NaN. Aborting. There is either an error in your model specification or the true solution is unstable (or the true solution can not be represented in the precision of Float64).
└ @ SciMLBase ~/.julia/packages/SciMLBase/VW1cI/src/integrator_interface.jl:623
┌ Warning: At t=-0.8245704825449582, dt was forced below floating point epsilon -9.837932995577582e-17, and step error estimate = 1.168159933716704. Aborting. There is either an error in your model specification or the true solution is unstable (or the true solution can not be represented in the precision of Float64).
└ @ SciMLBase ~/.julia/packages/SciMLBase/VW1cI/src/integrator_interface.jl:623
┌ Warning: At t=-0.8719930593874159, dt was forced below floating point epsilon -9.923478902110187e-17, and step error estimate = 1.071242554879243. Aborting. There is either an error in your model specification or the true solution is unstable (or the true solution can not be represented in the precision of Float64).
└ @ SciMLBase ~/.julia/packages/SciMLBase/VW1cI/src/integrator_interface.jl:623
┌ Warning: At t=-0.5880000000564743, dt was forced below floating point epsilon -3.55701369323538e-17, and step error estimate = NaN. Aborting. There is either an error in your model specification or the true solution is unstable (or the true solution can not be represented in the precision of Float64).
└ @ SciMLBase ~/.julia/packages/SciMLBase/VW1cI/src/integrator_interface.jl:623
┌ Warning: At t=-0.7461414600913603, dt was forced below floating point epsilon -9.903197748466632e-17, and step error estimate = 1.0933884417263249. Aborting. There is either an error in your model specification or the true solution is unstable (or the true solution can not be represented in the precision of Float64).
└ @ SciMLBase ~/.julia/packages/SciMLBase/VW1cI/src/integrator_interface.jl:623
┌ Warning: At t=-0.9260351887102553, dt was forced below floating point epsilon -9.934709137986676e-17, and step error estimate = 1.0591930652317982. Aborting. There is either an error in your model specification or the true solution is unstable (or the true solution can not be represented in the precision of Float64).
└ @ SciMLBase ~/.julia/packages/SciMLBase/VW1cI/src/integrator_interface.jl:623
┌ Warning: At t=-0.6124810470914481, dt was forced below floating point epsilon -9.887130847625789e-17, and step error estimate = 1.1112924548942231. Aborting. There is either an error in your model specification or the true solution is unstable (or the true solution can not be represented in the precision of Float64).
└ @ SciMLBase ~/.julia/packages/SciMLBase/VW1cI/src/integrator_interface.jl:623
┌ Warning: At t=-0.5880000000770936, dt was forced below floating point epsilon -3.0910070003833413e-17, and step error estimate = NaN. Aborting. There is either an error in your model specification or the true solution is unstable (or the true solution can not be represented in the precision of Float64).
└ @ SciMLBase ~/.julia/packages/SciMLBase/VW1cI/src/integrator_interface.jl:623
┌ Warning: At t=-0.5880622992121064, dt was forced below floating point epsilon -9.82586975723574e-17, and step error estimate = 1.1825880268432054. Aborting. There is either an error in your model specification or the true solution is unstable (or the true solution can not be represented in the precision of Float64).
└ @ SciMLBase ~/.julia/packages/SciMLBase/VW1cI/src/integrator_interface.jl:623
┌ Warning: At t=-0.9148221941647979, dt was forced below floating point epsilon -9.936414477197498e-17, and step error estimate = 1.057375760519117. Aborting. There is either an error in your model specification or the true solution is unstable (or the true solution can not be represented in the precision of Float64).
└ @ SciMLBase ~/.julia/packages/SciMLBase/VW1cI/src/integrator_interface.jl:623
┌ Warning: At t=-0.6632355246402311, dt was forced below floating point epsilon -9.308250034561227e-17, and step error estimate = 531.7349782532233. Aborting. There is either an error in your model specification or the true solution is unstable (or the true solution can not be represented in the precision of Float64).
└ @ SciMLBase ~/.julia/packages/SciMLBase/VW1cI/src/integrator_interface.jl:623
┌ Warning: At t=-0.5880000000337416, dt was forced below floating point epsilon -1.0812363276040394e-16, and step error estimate = NaN. Aborting. There is either an error in your model specification or the true solution is unstable (or the true solution can not be represented in the precision of Float64).
└ @ SciMLBase ~/.julia/packages/SciMLBase/VW1cI/src/integrator_interface.jl:623
┌ Warning: At t=-0.5999539821280508, dt was forced below floating point epsilon -9.829679279893566e-17, and step error estimate = 1.1780102877271696. Aborting. There is either an error in your model specification or the true solution is unstable (or the true solution can not be represented in the precision of Float64).
└ @ SciMLBase ~/.julia/packages/SciMLBase/VW1cI/src/integrator_interface.jl:623
┌ Warning: At t=-0.6006165580029229, dt was forced below floating point epsilon -9.96170507514365e-17, and step error estimate = 1.0308355795618458. Aborting. There is either an error in your model specification or the true solution is unstable (or the true solution can not be represented in the precision of Float64).
└ @ SciMLBase ~/.julia/packages/SciMLBase/VW1cI/src/integrator_interface.jl:623
┌ Warning: At t=-0.6552749924247122, dt was forced below floating point epsilon -7.100298441748467e-17, and step error estimate = 600.1937738340065. Aborting. There is either an error in your model specification or the true solution is unstable (or the true solution can not be represented in the precision of Float64).
└ @ SciMLBase ~/.julia/packages/SciMLBase/VW1cI/src/integrator_interface.jl:623
┌ Warning: At t=-0.5880000050943255, dt was forced below floating point epsilon -1.1001541139759385e-16, and step error estimate = 1.6046324462588193. Aborting. There is either an error in your model specification or the true solution is unstable (or the true solution can not be represented in the precision of Float64).
└ @ SciMLBase ~/.julia/packages/SciMLBase/VW1cI/src/integrator_interface.jl:623
┌ Warning: At t=-0.5880000000770936, dt was forced below floating point epsilon -3.0910070003833413e-17, and step error estimate = NaN. Aborting. There is either an error in your model specification or the true solution is unstable (or the true solution can not be represented in the precision of Float64).
└ @ SciMLBase ~/.julia/packages/SciMLBase/VW1cI/src/integrator_interface.jl:623
┌ Warning: At t=-0.5880000000535378, dt was forced below floating point epsilon -4.66121950391675e-17, and step error estimate = NaN. Aborting. There is either an error in your model specification or the true solution is unstable (or the true solution can not be represented in the precision of Float64).
└ @ SciMLBase ~/.julia/packages/SciMLBase/VW1cI/src/integrator_interface.jl:623
┌ Warning: At t=-0.5880000178804466, dt was forced below floating point epsilon -1.0819894878676926e-16, and step error estimate = 2.0418123306121396. Aborting. There is either an error in your model specification or the true solution is unstable (or the true solution can not be represented in the precision of Float64).
└ @ SciMLBase ~/.julia/packages/SciMLBase/VW1cI/src/integrator_interface.jl:623
┌ Warning: At t=-0.6933719402147185, dt was forced below floating point epsilon -9.890889988053746e-17, and step error estimate = 1.1070756373727875. Aborting. There is either an error in your model specification or the true solution is unstable (or the true solution can not be represented in the precision of Float64).
└ @ SciMLBase ~/.julia/packages/SciMLBase/VW1cI/src/integrator_interface.jl:623
┌ Warning: At t=-0.6315073369110688, dt was forced below floating point epsilon -1.0531540593959428e-16, and step error estimate = 1.0244121613317068. Aborting. There is either an error in your model specification or the true solution is unstable (or the true solution can not be represented in the precision of Float64).
└ @ SciMLBase ~/.julia/packages/SciMLBase/VW1cI/src/integrator_interface.jl:623
┌ Warning: At t=-0.5895313266916963, dt was forced below floating point epsilon -9.872430949355925e-17, and step error estimate = 1.1279574908786052. Aborting. There is either an error in your model specification or the true solution is unstable (or the true solution can not be represented in the precision of Float64).
└ @ SciMLBase ~/.julia/packages/SciMLBase/VW1cI/src/integrator_interface.jl:623
┌ Warning: At t=-0.5880093578341675, dt was forced below floating point epsilon -1.096039745828052e-16, and step error estimate = 1.062199511052225. Aborting. There is either an error in your model specification or the true solution is unstable (or the true solution can not be represented in the precision of Float64).
└ @ SciMLBase ~/.julia/packages/SciMLBase/VW1cI/src/integrator_interface.jl:623
┌ Warning: At t=-0.5880000193136447, dt was forced below floating point epsilon -1.0831147993195623e-16, and step error estimate = 1.3598227137418861. Aborting. There is either an error in your model specification or the true solution is unstable (or the true solution can not be represented in the precision of Float64).
└ @ SciMLBase ~/.julia/packages/SciMLBase/VW1cI/src/integrator_interface.jl:623
┌ Warning: Interrupted. Larger maxiters is needed. If you are using an integrator for non-stiff ODEs or an automatic switching algorithm (the default), you may want to consider using a method for stiff equations. See the solver pages for more details (e.g. https://docs.sciml.ai/DiffEqDocs/stable/solvers/ode_solve/#Stiff-Problems).
└ @ SciMLBase ~/.julia/packages/SciMLBase/VW1cI/src/integrator_interface.jl:589
┌ Warning: At t=-0.5880000000524741, dt was forced below floating point epsilon -1.072320381746898e-16, and step error estimate = 2.599030270094619. Aborting. There is either an error in your model specification or the true solution is unstable (or the true solution can not be represented in the precision of Float64).
└ @ SciMLBase ~/.julia/packages/SciMLBase/VW1cI/src/integrator_interface.jl:623
┌ Warning: At t=-0.6254582672885691, dt was forced below floating point epsilon -1.0353091030087293e-16, and step error estimate = 1.0097306769270886. Aborting. There is either an error in your model specification or the true solution is unstable (or the true solution can not be represented in the precision of Float64).
└ @ SciMLBase ~/.julia/packages/SciMLBase/VW1cI/src/integrator_interface.jl:623
┌ Warning: At t=-0.5909770522391042, dt was forced below floating point epsilon -9.88833341497729e-17, and step error estimate = 1.1099421776407234. Aborting. There is either an error in your model specification or the true solution is unstable (or the true solution can not be represented in the precision of Float64).
└ @ SciMLBase ~/.julia/packages/SciMLBase/VW1cI/src/integrator_interface.jl:623
┌ Warning: At t=-0.588000000004322, dt was forced below floating point epsilon -8.438380329667204e-17, and step error estimate = NaN. Aborting. There is either an error in your model specification or the true solution is unstable (or the true solution can not be represented in the precision of Float64).
└ @ SciMLBase ~/.julia/packages/SciMLBase/VW1cI/src/integrator_interface.jl:623
┌ Warning: At t=-0.5879999993108703, dt was forced below floating point epsilon 1.1102230246251565e-16, and step error estimate = NaN. Aborting. There is either an error in your model specification or the true solution is unstable (or the true solution can not be represented in the precision of Float64).
└ @ SciMLBase ~/.julia/packages/SciMLBase/VW1cI/src/integrator_interface.jl:623
┌ Warning: At t=-0.6796584100971735, dt was forced below floating point epsilon 1.1102230246251565e-16, and step error estimate = NaN. Aborting. There is either an error in your model specification or the true solution is unstable (or the true solution can not be represented in the precision of Float64).
└ @ SciMLBase ~/.julia/packages/SciMLBase/VW1cI/src/integrator_interface.jl:623
┌ Warning: At t=-0.2632948747266523, dt was forced below floating point epsilon 5.551115123125783e-17, and step error estimate = 1.1987608695044667. Aborting. There is either an error in your model specification or the true solution is unstable (or the true solution can not be represented in the precision of Float64).
└ @ SciMLBase ~/.julia/packages/SciMLBase/VW1cI/src/integrator_interface.jl:623
┌ Warning: At t=-0.9924021961501436, dt was forced below floating point epsilon 1.1102230246251565e-16, and step error estimate = 1.4109210644089156. Aborting. There is either an error in your model specification or the true solution is unstable (or the true solution can not be represented in the precision of Float64).
└ @ SciMLBase ~/.julia/packages/SciMLBase/VW1cI/src/integrator_interface.jl:623
┌ Warning: At t=0.9249590067653196, dt was forced below floating point epsilon 1.1102230246251565e-16, and step error estimate = 1.3567779840489436. Aborting. There is either an error in your model specification or the true solution is unstable (or the true solution can not be represented in the precision of Float64).
└ @ SciMLBase ~/.julia/packages/SciMLBase/VW1cI/src/integrator_interface.jl:623
┌ Warning: At t=-0.5879830470295878, dt was forced below floating point epsilon 1.1102230246251565e-16, and step error estimate = 1.4900220304615837. Aborting. There is either an error in your model specification or the true solution is unstable (or the true solution can not be represented in the precision of Float64).
└ @ SciMLBase ~/.julia/packages/SciMLBase/VW1cI/src/integrator_interface.jl:623
┌ Warning: At t=-0.998, dt was forced below floating point epsilon 1.1102230246251565e-16, and step error estimate = NaN. Aborting. There is either an error in your model specification or the true solution is unstable (or the true solution can not be represented in the precision of Float64).
└ @ SciMLBase ~/.julia/packages/SciMLBase/VW1cI/src/integrator_interface.jl:623
┌ Warning: At t=-0.9089526878798823, dt was forced below floating point epsilon 1.1102230246251565e-16, and step error estimate = 1.3408466956734801. Aborting. There is either an error in your model specification or the true solution is unstable (or the true solution can not be represented in the precision of Float64).
└ @ SciMLBase ~/.julia/packages/SciMLBase/VW1cI/src/integrator_interface.jl:623
┌ Warning: At t=-0.774838264562407, dt was forced below floating point epsilon 1.1102230246251565e-16, and step error estimate = 1.0500379647768672. Aborting. There is either an error in your model specification or the true solution is unstable (or the true solution can not be represented in the precision of Float64).
└ @ SciMLBase ~/.julia/packages/SciMLBase/VW1cI/src/integrator_interface.jl:623
┌ Warning: At t=-0.998, dt was forced below floating point epsilon 1.1102230246251565e-16, and step error estimate = NaN. Aborting. There is either an error in your model specification or the true solution is unstable (or the true solution can not be represented in the precision of Float64).
└ @ SciMLBase ~/.julia/packages/SciMLBase/VW1cI/src/integrator_interface.jl:623
┌ Warning: At t=-0.8655056634923787, dt was forced below floating point epsilon 1.1102230246251565e-16, and step error estimate = 1.1022096674114494. Aborting. There is either an error in your model specification or the true solution is unstable (or the true solution can not be represented in the precision of Float64).
└ @ SciMLBase ~/.julia/packages/SciMLBase/VW1cI/src/integrator_interface.jl:623
┌ Warning: At t=-0.9973486951077455, dt was forced below floating point epsilon 1.1102230246251565e-16, and step error estimate = 1.056991321486981. Aborting. There is either an error in your model specification or the true solution is unstable (or the true solution can not be represented in the precision of Float64).
└ @ SciMLBase ~/.julia/packages/SciMLBase/VW1cI/src/integrator_interface.jl:623
┌ Warning: At t=0.9806330795301951, dt was forced below floating point epsilon 1.1102230246251565e-16, and step error estimate = 1356.5584086423823. Aborting. There is either an error in your model specification or the true solution is unstable (or the true solution can not be represented in the precision of Float64).
└ @ SciMLBase ~/.julia/packages/SciMLBase/VW1cI/src/integrator_interface.jl:623
┌ Warning: At t=-0.30855534540420965, dt was forced below floating point epsilon 5.551115123125783e-17, and step error estimate = 1.3085005737538862. Aborting. There is either an error in your model specification or the true solution is unstable (or the true solution can not be represented in the precision of Float64).
└ @ SciMLBase ~/.julia/packages/SciMLBase/VW1cI/src/integrator_interface.jl:623
┌ Warning: At t=-0.06312668454159058, dt was forced below floating point epsilon 1.3877787807814457e-17, and step error estimate = 1.1979274564511742. Aborting. There is either an error in your model specification or the true solution is unstable (or the true solution can not be represented in the precision of Float64).
└ @ SciMLBase ~/.julia/packages/SciMLBase/VW1cI/src/integrator_interface.jl:623
┌ Warning: At t=-0.5865018748854056, dt was forced below floating point epsilon 1.1102230246251565e-16, and step error estimate = 1.0021088202083777. Aborting. There is either an error in your model specification or the true solution is unstable (or the true solution can not be represented in the precision of Float64).
└ @ SciMLBase ~/.julia/packages/SciMLBase/VW1cI/src/integrator_interface.jl:623
┌ Warning: At t=-0.8666018057888935, dt was forced below floating point epsilon 1.1102230246251565e-16, and step error estimate = 1.2180034710561167. Aborting. There is either an error in your model specification or the true solution is unstable (or the true solution can not be represented in the precision of Float64).
└ @ SciMLBase ~/.julia/packages/SciMLBase/VW1cI/src/integrator_interface.jl:623
┌ Warning: At t=0.5374001255968573, dt was forced below floating point epsilon 1.1102230246251565e-16, and step error estimate = 1.5166952016242936. Aborting. There is either an error in your model specification or the true solution is unstable (or the true solution can not be represented in the precision of Float64).
└ @ SciMLBase ~/.julia/packages/SciMLBase/VW1cI/src/integrator_interface.jl:623
┌ Warning: At t=0.3770352711996171, dt was forced below floating point epsilon 5.551115123125783e-17, and step error estimate = 1.272412506748412. Aborting. There is either an error in your model specification or the true solution is unstable (or the true solution can not be represented in the precision of Float64).
└ @ SciMLBase ~/.julia/packages/SciMLBase/VW1cI/src/integrator_interface.jl:623
┌ Warning: At t=0.40939338710424283, dt was forced below floating point epsilon 5.551115123125783e-17, and step error estimate = 144.44194137615173. Aborting. There is either an error in your model specification or the true solution is unstable (or the true solution can not be represented in the precision of Float64).
└ @ SciMLBase ~/.julia/packages/SciMLBase/VW1cI/src/integrator_interface.jl:623
┌ Warning: At t=-0.8663855331637275, dt was forced below floating point epsilon 1.1102230246251565e-16, and step error estimate = NaN. Aborting. There is either an error in your model specification or the true solution is unstable (or the true solution can not be represented in the precision of Float64).
└ @ SciMLBase ~/.julia/packages/SciMLBase/VW1cI/src/integrator_interface.jl:623
┌ Warning: At t=-0.5879993154147785, dt was forced below floating point epsilon 1.1102230246251565e-16, and step error estimate = 2.1914326349758984. Aborting. There is either an error in your model specification or the true solution is unstable (or the true solution can not be represented in the precision of Float64).
└ @ SciMLBase ~/.julia/packages/SciMLBase/VW1cI/src/integrator_interface.jl:623
┌ Warning: At t=-0.9741884305239199, dt was forced below floating point epsilon 1.1102230246251565e-16, and step error estimate = NaN. Aborting. There is either an error in your model specification or the true solution is unstable (or the true solution can not be represented in the precision of Float64).
└ @ SciMLBase ~/.julia/packages/SciMLBase/VW1cI/src/integrator_interface.jl:623
┌ Warning: At t=-0.9532446657853826, dt was forced below floating point epsilon 1.1102230246251565e-16, and step error estimate = 4.550689424087414. Aborting. There is either an error in your model specification or the true solution is unstable (or the true solution can not be represented in the precision of Float64).
└ @ SciMLBase ~/.julia/packages/SciMLBase/VW1cI/src/integrator_interface.jl:623
┌ Warning: At t=-0.8926280539852195, dt was forced below floating point epsilon 1.1102230246251565e-16, and step error estimate = NaN. Aborting. There is either an error in your model specification or the true solution is unstable (or the true solution can not be represented in the precision of Float64).
└ @ SciMLBase ~/.julia/packages/SciMLBase/VW1cI/src/integrator_interface.jl:623
┌ Warning: At t=-0.8646349879159729, dt was forced below floating point epsilon 1.1102230246251565e-16, and step error estimate = 1.0285374960209024. Aborting. There is either an error in your model specification or the true solution is unstable (or the true solution can not be represented in the precision of Float64).
└ @ SciMLBase ~/.julia/packages/SciMLBase/VW1cI/src/integrator_interface.jl:623
┌ Warning: At t=-0.955233723114023, dt was forced below floating point epsilon 1.1102230246251565e-16, and step error estimate = 1.0480538837133424. Aborting. There is either an error in your model specification or the true solution is unstable (or the true solution can not be represented in the precision of Float64).
└ @ SciMLBase ~/.julia/packages/SciMLBase/VW1cI/src/integrator_interface.jl:623
┌ Warning: At t=0.5649594365683717, dt was forced below floating point epsilon 1.1102230246251565e-16, and step error estimate = 1.1906600919703942. Aborting. There is either an error in your model specification or the true solution is unstable (or the true solution can not be represented in the precision of Float64).
└ @ SciMLBase ~/.julia/packages/SciMLBase/VW1cI/src/integrator_interface.jl:623
┌ Warning: At t=-0.4374096064883949, dt was forced below floating point epsilon 5.551115123125783e-17, and step error estimate = NaN. Aborting. There is either an error in your model specification or the true solution is unstable (or the true solution can not be represented in the precision of Float64).
└ @ SciMLBase ~/.julia/packages/SciMLBase/VW1cI/src/integrator_interface.jl:623
┌ Warning: At t=-0.1962012135904401, dt was forced below floating point epsilon 2.7755575615628914e-17, and step error estimate = 1.180859010183119. Aborting. There is either an error in your model specification or the true solution is unstable (or the true solution can not be represented in the precision of Float64).
└ @ SciMLBase ~/.julia/packages/SciMLBase/VW1cI/src/integrator_interface.jl:623
┌ Warning: At t=-0.995590565779544, dt was forced below floating point epsilon 1.1102230246251565e-16, and step error estimate = 1.1678052908183778. Aborting. There is either an error in your model specification or the true solution is unstable (or the true solution can not be represented in the precision of Float64).
└ @ SciMLBase ~/.julia/packages/SciMLBase/VW1cI/src/integrator_interface.jl:623
┌ Warning: At t=-0.5430550222527537, dt was forced below floating point epsilon 1.1102230246251565e-16, and step error estimate = 1.0280732174824327. Aborting. There is either an error in your model specification or the true solution is unstable (or the true solution can not be represented in the precision of Float64).
└ @ SciMLBase ~/.julia/packages/SciMLBase/VW1cI/src/integrator_interface.jl:623
┌ Warning: At t=-0.5763968987060577, dt was forced below floating point epsilon 1.1102230246251565e-16, and step error estimate = 1.2983979924222273. Aborting. There is either an error in your model specification or the true solution is unstable (or the true solution can not be represented in the precision of Float64).
└ @ SciMLBase ~/.julia/packages/SciMLBase/VW1cI/src/integrator_interface.jl:623
┌ Warning: At t=-0.5879845151717517, dt was forced below floating point epsilon 1.1102230246251565e-16, and step error estimate = 2.5370587351324443. Aborting. There is either an error in your model specification or the true solution is unstable (or the true solution can not be represented in the precision of Float64).
└ @ SciMLBase ~/.julia/packages/SciMLBase/VW1cI/src/integrator_interface.jl:623
┌ Warning: At t=-0.5879995481899791, dt was forced below floating point epsilon 1.1102230246251565e-16, and step error estimate = NaN. Aborting. There is either an error in your model specification or the true solution is unstable (or the true solution can not be represented in the precision of Float64).
└ @ SciMLBase ~/.julia/packages/SciMLBase/VW1cI/src/integrator_interface.jl:623
┌ Warning: At t=-0.5879999902969564, dt was forced below floating point epsilon 1.1102230246251565e-16, and step error estimate = NaN. Aborting. There is either an error in your model specification or the true solution is unstable (or the true solution can not be represented in the precision of Float64).
└ @ SciMLBase ~/.julia/packages/SciMLBase/VW1cI/src/integrator_interface.jl:623
┌ Warning: At t=-0.8699042439533563, dt was forced below floating point epsilon 1.1102230246251565e-16, and step error estimate = 1.1580003234614629. Aborting. There is either an error in your model specification or the true solution is unstable (or the true solution can not be represented in the precision of Float64).
└ @ SciMLBase ~/.julia/packages/SciMLBase/VW1cI/src/integrator_interface.jl:623
┌ Warning: At t=0.33367104368081546, dt was forced below floating point epsilon 5.551115123125783e-17, and step error estimate = 590.4068827480075. Aborting. There is either an error in your model specification or the true solution is unstable (or the true solution can not be represented in the precision of Float64).
└ @ SciMLBase ~/.julia/packages/SciMLBase/VW1cI/src/integrator_interface.jl:623
┌ Warning: At t=-0.956236835202324, dt was forced below floating point epsilon 1.1102230246251565e-16, and step error estimate = 1.0566186523878718. Aborting. There is either an error in your model specification or the true solution is unstable (or the true solution can not be represented in the precision of Float64).
└ @ SciMLBase ~/.julia/packages/SciMLBase/VW1cI/src/integrator_interface.jl:623
┌ Warning: At t=-0.2898732552201898, dt was forced below floating point epsilon 5.551115123125783e-17, and step error estimate = NaN. Aborting. There is either an error in your model specification or the true solution is unstable (or the true solution can not be represented in the precision of Float64).
└ @ SciMLBase ~/.julia/packages/SciMLBase/VW1cI/src/integrator_interface.jl:623
LinearAlgebra.PosDefException(3)
LinearAlgebra.PosDefException(2)
LinearAlgebra.PosDefException(3)
LinearAlgebra.PosDefException(3)
LinearAlgebra.PosDefException(6)
LinearAlgebra.PosDefException(4)
LinearAlgebra.PosDefException(90)
LinearAlgebra.PosDefException(2)
LinearAlgebra.PosDefException(6)
LinearAlgebra.PosDefException(2)
LinearAlgebra.PosDefException(2)
LinearAlgebra.PosDefException(2)
LinearAlgebra.PosDefException(4)
LinearAlgebra.PosDefException(4)
LinearAlgebra.PosDefException(88)
LinearAlgebra.PosDefException(4)
LinearAlgebra.PosDefException(4)
LinearAlgebra.PosDefException(10)
LinearAlgebra.PosDefException(5)
LinearAlgebra.PosDefException(6)
LinearAlgebra.PosDefException(6)
LinearAlgebra.PosDefException(346)
LinearAlgebra.PosDefException(377)
LinearAlgebra.PosDefException(3)
LinearAlgebra.PosDefException(2)
LinearAlgebra.PosDefException(2)
LinearAlgebra.PosDefException(3)
LinearAlgebra.PosDefException(4)
LinearAlgebra.PosDefException(7)
LinearAlgebra.PosDefException(95)
LinearAlgebra.PosDefException(2)
LinearAlgebra.PosDefException(2)
LinearAlgebra.PosDefException(2)
LinearAlgebra.PosDefException(2)
LinearAlgebra.PosDefException(4)
LinearAlgebra.PosDefException(4)
LinearAlgebra.PosDefException(6)
LinearAlgebra.PosDefException(83)
LinearAlgebra.PosDefException(4)
LinearAlgebra.PosDefException(6)
LinearAlgebra.PosDefException(154)
LinearAlgebra.PosDefException(9)
LinearAlgebra.PosDefException(187)
LinearAlgebra.PosDefException(6)
LinearAlgebra.PosDefException(3)
LinearAlgebra.PosDefException(6)
LinearAlgebra.PosDefException(3)
LinearAlgebra.PosDefException(6)
LinearAlgebra.PosDefException(4)
LinearAlgebra.PosDefException(91)
LinearAlgebra.PosDefException(2)
LinearAlgebra.PosDefException(2)
LinearAlgebra.PosDefException(3)
LinearAlgebra.PosDefException(3)
LinearAlgebra.PosDefException(3)
LinearAlgebra.PosDefException(3)
LinearAlgebra.PosDefException(4)
LinearAlgebra.PosDefException(87)
LinearAlgebra.PosDefException(3)
LinearAlgebra.PosDefException(4)
LinearAlgebra.PosDefException(4)
LinearAlgebra.PosDefException(8)
LinearAlgebra.PosDefException(7)
LinearAlgebra.PosDefException(9)
LinearAlgebra.PosDefException(215)
LinearAlgebra.PosDefException(3)
LinearAlgebra.PosDefException(2)
LinearAlgebra.PosDefException(2)
LinearAlgebra.PosDefException(3)
LinearAlgebra.PosDefException(8)
LinearAlgebra.PosDefException(4)
LinearAlgebra.PosDefException(87)
LinearAlgebra.PosDefException(6)
LinearAlgebra.PosDefException(6)
LinearAlgebra.PosDefException(2)
LinearAlgebra.PosDefException(2)
LinearAlgebra.PosDefException(4)
LinearAlgebra.PosDefException(3)
LinearAlgebra.PosDefException(7)
LinearAlgebra.PosDefException(85)
LinearAlgebra.PosDefException(7)
LinearAlgebra.PosDefException(6)
LinearAlgebra.PosDefException(159)
LinearAlgebra.PosDefException(5)
LinearAlgebra.PosDefException(5)
LinearAlgebra.PosDefException(4)
LinearAlgebra.PosDefException(32)
LinearAlgebra.PosDefException(2)
LinearAlgebra.PosDefException(2)
LinearAlgebra.PosDefException(2)
LinearAlgebra.PosDefException(3)
LinearAlgebra.PosDefException(4)
LinearAlgebra.PosDefException(8)
LinearAlgebra.PosDefException(93)
LinearAlgebra.PosDefException(2)
LinearAlgebra.PosDefException(3)
LinearAlgebra.PosDefException(6)
LinearAlgebra.PosDefException(6)
LinearAlgebra.PosDefException(2)
LinearAlgebra.PosDefException(3)
LinearAlgebra.PosDefException(5)
LinearAlgebra.PosDefException(87)
LinearAlgebra.PosDefException(4)
LinearAlgebra.PosDefException(5)
LinearAlgebra.PosDefException(6)
LinearAlgebra.PosDefException(5)
LinearAlgebra.PosDefException(5)
LinearAlgebra.PosDefException(5)
LinearAlgebra.PosDefException(331)
LinearAlgebra.PosDefException(11)
LinearAlgebra.PosDefException(238)
LinearAlgebra.PosDefException(372)
LinearAlgebra.PosDefException(10)
LinearAlgebra.PosDefException(5)
LinearAlgebra.PosDefException(4)
LinearAlgebra.PosDefException(4)
LinearAlgebra.PosDefException(4)
LinearAlgebra.PosDefException(18)
LinearAlgebra.PosDefException(357)
LinearAlgebra.PosDefException(2)
LinearAlgebra.PosDefException(6)
LinearAlgebra.PosDefException(2)
LinearAlgebra.PosDefException(3)
LinearAlgebra.PosDefException(9)
LinearAlgebra.PosDefException(8)
LinearAlgebra.PosDefException(90)
LinearAlgebra.PosDefException(2)
LinearAlgebra.PosDefException(3)
LinearAlgebra.PosDefException(2)
LinearAlgebra.PosDefException(2)
LinearAlgebra.PosDefException(4)
LinearAlgebra.PosDefException(3)
LinearAlgebra.PosDefException(6)
LinearAlgebra.PosDefException(88)
LinearAlgebra.PosDefException(4)
LinearAlgebra.PosDefException(5)
LinearAlgebra.PosDefException(79)
Optimization improved residual by 0.01379426405329938 (from 0.013794264054210421 to 9.110420446324901e-13)
Optimization improved residual by 91.3592659702458 (from 91.359265970246 to 1.9841341045995744e-13)
Optimization improved residual by 0.0012141037240040015 (from 0.0012141037244395528 to 4.3555139295755153e-13)
Optimization improved residual by 91.35926597024587 (from 91.359265970246 to 1.2936543289981317e-13)
Optimization improved residual by 0.0016162459300817014 (from 0.0016162459306948251 to 6.131236210167217e-13)
Optimization did not improve residual (initial: 1.136411741047745e-16, final: 1.136411741047745e-16)
Optimization improved residual by 0.0006922006727321304 (from 0.0006922006727323432 to 2.1275815068738412e-16)
Optimization did not improve residual (initial: 4.811039605769635e-17, final: 4.811039605769635e-17)
Optimization improved residual by 4.650724284199625e-5 (from 4.6507243400990376e-5 to 5.589941254138086e-13)
Optimization improved residual by 0.0007496432485543987 (from 0.0007496432485641685 to 9.769800018412192e-15)
Optimization improved residual by 0.0008004468080120015 (from 0.0008004468080203331 to 8.331583253547561e-15)
Optimization improved residual by 0.0013407667750176453 (from 0.0013407667758034208 to 7.85775483258584e-13)
Optimization improved residual by 0.0009473392433583665 (from 0.0009473392437854123 to 4.270457188968446e-13)
Optimization improved residual by 8.746666623139144e-7 (from 8.746669862707026e-7 to 3.2395678817041795e-13)
Optimization did not improve residual (initial: 3.772813612089663e-16, final: 3.772813612089663e-16)
Optimization improved residual by 0.001102176816373766 (from 0.0011021768163982394 to 2.447357449682242e-14)
Optimization improved residual by 0.00020135093907827973 (from 0.0002013509391225989 to 4.431917131499966e-14)
Optimization improved residual by 0.0002962165711615868 (from 0.00029621657156715436 to 4.0556756412244956e-13)
Optimization improved residual by 0.052318887881769666 (from 0.05231888788215761 to 3.879440725400513e-13)
Optimization did not improve residual (initial: 2.358796779555065e-18, final: 2.358796779555065e-18)
Optimization did not improve residual (initial: 1.4590000848463172e-16, final: 1.4590000848463172e-16)
Optimization did not improve residual (initial: 9.152000223870707e-19, final: 9.152000223870707e-19)
Optimization improved residual by 0.5510216594375893 (from 0.5510216594380835 to 4.941760788044751e-13)
Optimization improved residual by 0.021129916201446504 (from 0.02112991620157169 to 1.2518314106164918e-13)
Optimization improved residual by 0.0911774963693431 (from 0.09117749637016216 to 8.190701201486446e-13)
Optimization improved residual by 0.002129736647872048 (from 0.0021297366478978124 to 2.576464509036589e-14)
Optimization improved residual by 0.018108488898360368 (from 0.01810848889896953 to 6.091612051496345e-13)
Optimization improved residual by 0.0017802038488476965 (from 0.0017802038496552268 to 8.075302321780052e-13)
Optimization improved residual by 0.020104261865749474 (from 0.020104261865873545 to 1.2407192964460646e-13)
Optimization improved residual by 0.0012442884640670416 (from 0.0012442884640773435 to 1.030182653248666e-14)
Optimization improved residual by 0.00742398392979149 (from 0.00742398393052229 to 7.307997182494694e-13)
Optimization improved residual by 0.0007159647887109167 (from 0.0007159647888508499 to 1.3993318106304588e-13)
Optimization improved residual by 0.008965193683244417 (from 0.008965193683278519 to 3.4101712704162363e-14)
Optimization did not improve residual (initial: 4.9759886770230824e-17, final: 4.9759886770230824e-17)
Optimization improved residual by 0.0002219210641182075 (from 0.00022192106505325196 to 9.350444704687714e-13)
Optimization improved residual by 0.02112991620129202 (from 0.02112991620157169 to 2.796694992141787e-13)
Optimization improved residual by 91.3592659702458 (from 91.359265970246 to 1.9841341045995744e-13)
Optimization improved residual by 0.0006180510407186555 (from 0.0006180510407454506 to 2.6795066700732304e-14)
Optimization improved residual by 0.006565517018620495 (from 0.006565517018631289 to 1.0794362010825293e-14)
Optimization did not improve residual (initial: 8.015387524271174e-15, final: 8.015387524271174e-15)
Optimization improved residual by 0.011324460852363175 (from 0.011324460852369852 to 6.676748789776104e-15)
Optimization improved residual by 0.001179381425456379 (from 0.0011793814257771169 to 3.2073788388012117e-13)
Optimization improved residual by 0.019690996830078637 (from 0.01969099683015586 to 7.722212517731387e-14)
Optimization improved residual by 0.0012442884640670416 (from 0.0012442884640773435 to 1.030182653248666e-14)
Optimization improved residual by 0.011334660962952282 (from 0.011334660963048035 to 9.575294333060426e-14)
Optimization improved residual by 0.0686700069131008 (from 0.06867000691395087 to 8.500766368532388e-13)
Optimization improved residual by 5.8049485971671704e-5 (from 5.804948598739537e-5 to 1.5723670216289318e-14)
Optimization improved residual by 0.0011021768163731913 (from 0.0011021768163982394 to 2.504816255162467e-14)
Optimization improved residual by 0.003521553355183566 (from 0.0035215533552464405 to 6.28745120884234e-14)
Optimization improved residual by 3.688839426817166e-5 (from 3.688839450819299e-5 to 2.400213245408917e-13)
Optimization improved residual by 0.03903686351688794 (from 0.039036863516912663 to 2.4723066457811442e-14)
Optimization improved residual by 0.001654095987653058 (from 0.0016540959876852129 to 3.2154855846761545e-14)
Optimization improved residual by 0.008965193683244417 (from 0.008965193683278519 to 3.4101712704162363e-14)
Optimization did not improve residual (initial: 4.4408993030995735e-16, final: 4.4408993030995735e-16)
Optimization improved residual by 0.0011793814257310793 (from 0.0011793814257771169 to 4.6037506608064077e-14)
Optimization improved residual by 0.04403720407002314 (from 0.044037204070489416 to 4.662740290370517e-13)
Optimization improved residual by 0.5827441402882712 (from 0.5827441402883499 to 7.876051823879647e-14)
Optimization improved residual by 0.0008241092200443577 (from 0.0008241092204977078 to 4.5335009139716657e-13)
Optimization did not improve residual (initial: 2.7237097153359872e-14, final: 2.7237097153359872e-14)
Optimization did not improve residual (initial: 2.2771417094596338e-14, final: 2.2771417094596338e-14)
Optimization improved residual by 0.0016540959875959564 (from 0.001654095987685213 to 8.925667016144669e-14)
Optimization improved residual by 0.0002219210641182075 (from 0.00022192106505325196 to 9.350444704687714e-13)
Optimization improved residual by 0.0010308566984503593 (from 0.0010308566986478376 to 1.9747827063734958e-13)
Optimization improved residual by 0.002609795394906363 (from 0.002609795394920648 to 1.4284868094121097e-14)
Optimization improved residual by 0.013992863327336975 (from 0.013992863327346143 to 9.168455844273937e-15)
Optimization did not improve residual (initial: 3.3121004591269114e-17, final: 3.3121004591269114e-17)
Optimization improved residual by 0.00392532038355846 (from 0.003925320383567657 to 9.197822489713131e-15)
Optimization improved residual by 0.0078123488927633175 (from 0.007812348892785127 to 2.1809942132343393e-14)
Optimization improved residual by 1.524850498494728e-7 (from 1.524860328835455e-7 to 9.830340727209193e-13)


























































