The latest version of Julia in the `release` channel is 1.11.5+0.x64.linux.gnu. You currently have `1.11.3+0.x64.linux.gnu` installed. Run:

  juliaup update

in your terminal shell to install Julia 1.11.5+0.x64.linux.gnu and update the `release` channel to that version.
DEBUG [determine_optimal_points_count]: Large num points: 1
DEBUG [determine_optimal_points_count]: Good num points: 1
DEBUG [multipoint_parameter_estimation]: Parameter estimation using this many points: 1
DEBUG [multipoint_parameter_estimation]: Ideal final target: 
-1.57 + _t1_vv_t_ + _t1_yy_t_
0.35303802 + _t1_vvˍt_t_ + _t1_yyˍt_t_
-0.008554533831100025 + _t1_vvˍtt_t_ + _t1_yyˍtt_t_
-0.795 + _t1_z_t_
0.0535788034 + _t1_zˍt_t_
0.07377767913121965 + _t1_zˍtt_t_
-0.07323353040488317 + _t1_zˍttt_t_
-0.836 + _t1_x_t_
0.23143798 + _t1_xˍt_t_
-0.28835617418889997 + _t1_xˍtt_t_
0.31533631836890796 + _t1_xˍttt_t_
-0.22 + _t1_w_t_
0.13492519612000003 + _t1_wˍt_t_
-0.05145541239813739 + _t1_wˍtt_t_
-0.059688736624592405 + _t1_wˍttt_t_
_t1_yyˍt_t_ + _t1_yy_t_*_tpa_ - _t1_vv_t_*_t1_x_t_*_tpbeta_
_t1_vvˍt_t_ + _t1_vv_t_*_tpuu_ - _t1_yy_t_*_tpk_
_t1_yyˍtt_t_ + _t1_yyˍt_t_*_tpa_ - _t1_vv_t_*_t1_xˍt_t_*_tpbeta_ - _t1_vvˍt_t_*_t1_x_t_*_tpbeta_
_t1_vvˍtt_t_ + _t1_vvˍt_t_*_tpuu_ - _t1_yyˍt_t_*_tpk_
_t1_zˍt_t_ + _t1_z_t_*_tph_ - _t1_w_t_*_t1_yy_t_*_tpc_*_tpq_
_t1_zˍtt_t_ + _t1_zˍt_t_*_tph_ - _t1_w_t_*_t1_yyˍt_t_*_tpc_*_tpq_ - _t1_wˍt_t_*_t1_yy_t_*_tpc_*_tpq_
_t1_zˍttt_t_ + _t1_zˍtt_t_*_tph_ - _t1_w_t_*_t1_yyˍtt_t_*_tpc_*_tpq_ - 2_t1_wˍt_t_*_t1_yyˍt_t_*_tpc_*_tpq_ - _t1_wˍtt_t_*_t1_yy_t_*_tpc_*_tpq_
_t1_xˍt_t_ - _tplm_ + _t1_x_t_*_tpd_ + _t1_vv_t_*_t1_x_t_*_tpbeta_
_t1_xˍtt_t_ + _t1_xˍt_t_*_tpd_ + _t1_vv_t_*_t1_xˍt_t_*_tpbeta_ + _t1_vvˍt_t_*_t1_x_t_*_tpbeta_
_t1_xˍttt_t_ + _t1_xˍtt_t_*_tpd_ + _t1_vv_t_*_t1_xˍtt_t_*_tpbeta_ + 2_t1_vvˍt_t_*_t1_xˍt_t_*_tpbeta_ + _t1_vvˍtt_t_*_t1_x_t_*_tpbeta_
_t1_wˍt_t_ + _t1_w_t_*_tpb_ - _t1_w_t_*_t1_x_t_*_t1_yy_t_*_tpc_ + _t1_w_t_*_t1_yy_t_*_tpc_*_tpq_
_t1_wˍtt_t_ + _t1_wˍt_t_*_tpb_ - _t1_w_t_*_t1_x_t_*_t1_yyˍt_t_*_tpc_ - _t1_w_t_*_t1_xˍt_t_*_t1_yy_t_*_tpc_ + _t1_w_t_*_t1_yyˍt_t_*_tpc_*_tpq_ - _t1_wˍt_t_*_t1_x_t_*_t1_yy_t_*_tpc_ + _t1_wˍt_t_*_t1_yy_t_*_tpc_*_tpq_
_t1_wˍttt_t_ + _t1_wˍtt_t_*_tpb_ - _t1_w_t_*_t1_x_t_*_t1_yyˍtt_t_*_tpc_ - 2_t1_w_t_*_t1_xˍt_t_*_t1_yyˍt_t_*_tpc_ - _t1_w_t_*_t1_xˍtt_t_*_t1_yy_t_*_tpc_ + _t1_w_t_*_t1_yyˍtt_t_*_tpc_*_tpq_ - 2_t1_wˍt_t_*_t1_x_t_*_t1_yyˍt_t_*_tpc_ - 2_t1_wˍt_t_*_t1_xˍt_t_*_t1_yy_t_*_tpc_ + 2_t1_wˍt_t_*_t1_yyˍt_t_*_tpc_*_tpq_ - _t1_wˍtt_t_*_t1_x_t_*_t1_yy_t_*_tpc_ + _t1_wˍtt_t_*_t1_yy_t_*_tpc_*_tpq_
DEBUG [but we are actually solving this: 
-1.5699999944526966 + _t1_vv_t_ + _t1_yy_t_
0.3530372720851662 + _t1_vvˍt_t_ + _t1_yyˍt_t_
-0.0849143256071471 + _t1_vvˍtt_t_ + _t1_yyˍtt_t_
-0.7949999982734256 + _t1_z_t_
0.07458428259659053 + _t1_zˍt_t_
0.05122818883048493 + _t1_zˍtt_t_
-0.07244183202043583 + _t1_zˍttt_t_
-0.8359999988685003 + _t1_x_t_
0.0404378119625552 + _t1_xˍt_t_
-0.09313174801892157 + _t1_xˍtt_t_
0.09159517908727154 + _t1_xˍttt_t_
-0.21999999845425722 + _t1_w_t_
0.13749062149105734 + _t1_wˍt_t_
-0.07951888074151311 + _t1_wˍtt_t_
0.028572888034779746 + _t1_wˍttt_t_
_t1_yyˍt_t_ + _t1_yy_t_*_tpa_ - _t1_vv_t_*_t1_x_t_*_tpbeta_
_t1_vvˍt_t_ + _t1_vv_t_*_tpuu_ - _t1_yy_t_*_tpk_
_t1_yyˍtt_t_ + _t1_yyˍt_t_*_tpa_ - _t1_vv_t_*_t1_xˍt_t_*_tpbeta_ - _t1_vvˍt_t_*_t1_x_t_*_tpbeta_
_t1_vvˍtt_t_ + _t1_vvˍt_t_*_tpuu_ - _t1_yyˍt_t_*_tpk_
_t1_zˍt_t_ + _t1_z_t_*_tph_ - _t1_w_t_*_t1_yy_t_*_tpc_*_tpq_
_t1_zˍtt_t_ + _t1_zˍt_t_*_tph_ - _t1_w_t_*_t1_yyˍt_t_*_tpc_*_tpq_ - _t1_wˍt_t_*_t1_yy_t_*_tpc_*_tpq_
_t1_zˍttt_t_ + _t1_zˍtt_t_*_tph_ - _t1_w_t_*_t1_yyˍtt_t_*_tpc_*_tpq_ - 2_t1_wˍt_t_*_t1_yyˍt_t_*_tpc_*_tpq_ - _t1_wˍtt_t_*_t1_yy_t_*_tpc_*_tpq_
_t1_xˍt_t_ - _tplm_ + _t1_x_t_*_tpd_ + _t1_vv_t_*_t1_x_t_*_tpbeta_
_t1_xˍtt_t_ + _t1_xˍt_t_*_tpd_ + _t1_vv_t_*_t1_xˍt_t_*_tpbeta_ + _t1_vvˍt_t_*_t1_x_t_*_tpbeta_
_t1_xˍttt_t_ + _t1_xˍtt_t_*_tpd_ + _t1_vv_t_*_t1_xˍtt_t_*_tpbeta_ + 2_t1_vvˍt_t_*_t1_xˍt_t_*_tpbeta_ + _t1_vvˍtt_t_*_t1_x_t_*_tpbeta_
_t1_wˍt_t_ + _t1_w_t_*_tpb_ - _t1_w_t_*_t1_x_t_*_t1_yy_t_*_tpc_ + _t1_w_t_*_t1_yy_t_*_tpc_*_tpq_
_t1_wˍtt_t_ + _t1_wˍt_t_*_tpb_ - _t1_w_t_*_t1_x_t_*_t1_yyˍt_t_*_tpc_ - _t1_w_t_*_t1_xˍt_t_*_t1_yy_t_*_tpc_ + _t1_w_t_*_t1_yyˍt_t_*_tpc_*_tpq_ - _t1_wˍt_t_*_t1_x_t_*_t1_yy_t_*_tpc_ + _t1_wˍt_t_*_t1_yy_t_*_tpc_*_tpq_
_t1_wˍttt_t_ + _t1_wˍtt_t_*_tpb_ - _t1_w_t_*_t1_x_t_*_t1_yyˍtt_t_*_tpc_ - 2_t1_w_t_*_t1_xˍt_t_*_t1_yyˍt_t_*_tpc_ - _t1_w_t_*_t1_xˍtt_t_*_t1_yy_t_*_tpc_ + _t1_w_t_*_t1_yyˍtt_t_*_tpc_*_tpq_ - 2_t1_wˍt_t_*_t1_x_t_*_t1_yyˍt_t_*_tpc_ - 2_t1_wˍt_t_*_t1_xˍt_t_*_t1_yy_t_*_tpc_ + 2_t1_wˍt_t_*_t1_yyˍt_t_*_tpc_*_tpq_ - _t1_wˍtt_t_*_t1_x_t_*_t1_yy_t_*_tpc_ + _t1_wˍtt_t_*_t1_yy_t_*_tpc_*_tpq_
As a reminder the true parameter values are: 
OrderedDict{Num, Float64}(lm => 0.623, d => 0.622, beta => 0.445, a => 0.817, k => 0.394, uu => 0.449, c => 0.814, q => 0.745, b => 0.663, h => 0.18)
And the true states are: 
OrderedDict{Num, Float64}(x(t) => 0.836, yy(t) => 0.671, vv(t) => 0.899, w(t) => 0.22, z(t) => 0.795)
The forward substitution dictionary is: 
Any[OrderedDict{Num, Any}(xˍt(t) => _t1_xˍt_t_, yyˍt(t) => _t1_yyˍt_t_, vvˍt(t) => _t1_vvˍt_t_, wˍt(t) => _t1_wˍt_t_, zˍt(t) => _t1_zˍt_t_, xˍtt(t) => _t1_xˍtt_t_, yyˍtt(t) => _t1_yyˍtt_t_, vvˍtt(t) => _t1_vvˍtt_t_, wˍtt(t) => _t1_wˍtt_t_, zˍtt(t) => _t1_zˍtt_t_, xˍttt(t) => _t1_xˍttt_t_, yyˍttt(t) => _t1_yyˍttt_t_, vvˍttt(t) => _t1_vvˍttt_t_, wˍttt(t) => _t1_wˍttt_t_, zˍttt(t) => _t1_zˍttt_t_, xˍtttt(t) => _t1_xˍtttt_t_, yyˍtttt(t) => _t1_yyˍtttt_t_, vvˍtttt(t) => _t1_vvˍtttt_t_, wˍtttt(t) => _t1_wˍtttt_t_, zˍtttt(t) => _t1_zˍtttt_t_, xˍttttt(t) => _t1_xˍttttt_t_, yyˍttttt(t) => _t1_yyˍttttt_t_, vvˍttttt(t) => _t1_vvˍttttt_t_, wˍttttt(t) => _t1_wˍttttt_t_, zˍttttt(t) => _t1_zˍttttt_t_, xˍtttttt(t) => _t1_xˍtttttt_t_, yyˍtttttt(t) => _t1_yyˍtttttt_t_, vvˍtttttt(t) => _t1_vvˍtttttt_t_, wˍtttttt(t) => _t1_wˍtttttt_t_, zˍtttttt(t) => _t1_zˍtttttt_t_, x(t) => _t1_x_t_, yy(t) => _t1_yy_t_, vv(t) => _t1_vv_t_, w(t) => _t1_w_t_, z(t) => _t1_z_t_, y1(t) => _t1_y1_t_, y2(t) => _t1_y2_t_, y3(t) => _t1_y3_t_, y4(t) => _t1_y4_t_, y1ˍt(t) => _t1_y1ˍt_t_, y2ˍt(t) => _t1_y2ˍt_t_, y3ˍt(t) => _t1_y3ˍt_t_, y4ˍt(t) => _t1_y4ˍt_t_, y1ˍtt(t) => _t1_y1ˍtt_t_, y2ˍtt(t) => _t1_y2ˍtt_t_, y3ˍtt(t) => _t1_y3ˍtt_t_, y4ˍtt(t) => _t1_y4ˍtt_t_, y1ˍttt(t) => _t1_y1ˍttt_t_, y2ˍttt(t) => _t1_y2ˍttt_t_, y3ˍttt(t) => _t1_y3ˍttt_t_, y4ˍttt(t) => _t1_y4ˍttt_t_, y1ˍtttt(t) => _t1_y1ˍtttt_t_, y2ˍtttt(t) => _t1_y2ˍtttt_t_, y3ˍtttt(t) => _t1_y3ˍtttt_t_, y4ˍtttt(t) => _t1_y4ˍtttt_t_, y1ˍttttt(t) => _t1_y1ˍttttt_t_, y2ˍttttt(t) => _t1_y2ˍttttt_t_, y3ˍttttt(t) => _t1_y3ˍttttt_t_, y4ˍttttt(t) => _t1_y4ˍttttt_t_, y1ˍtttttt(t) => _t1_y1ˍtttttt_t_, y2ˍtttttt(t) => _t1_y2ˍtttttt_t_, y3ˍtttttt(t) => _t1_y3ˍtttttt_t_, y4ˍtttttt(t) => _t1_y4ˍtttttt_t_, a => _tpa_, c => _tpc_, d => _tpd_, uu => _tpuu_, k => _tpk_, q => _tpq_, h => _tph_, b => _tpb_, beta => _tpbeta_, lm => _tplm_)]
The reverse substitution dictionary is: 
Any[OrderedDict{Any, Any}(_t1_xˍt_t_ => xˍt(t), _t1_yyˍt_t_ => yyˍt(t), _t1_vvˍt_t_ => vvˍt(t), _t1_wˍt_t_ => wˍt(t), _t1_zˍt_t_ => zˍt(t), _t1_xˍtt_t_ => xˍtt(t), _t1_yyˍtt_t_ => yyˍtt(t), _t1_vvˍtt_t_ => vvˍtt(t), _t1_wˍtt_t_ => wˍtt(t), _t1_zˍtt_t_ => zˍtt(t), _t1_xˍttt_t_ => xˍttt(t), _t1_yyˍttt_t_ => yyˍttt(t), _t1_vvˍttt_t_ => vvˍttt(t), _t1_wˍttt_t_ => wˍttt(t), _t1_zˍttt_t_ => zˍttt(t), _t1_xˍtttt_t_ => xˍtttt(t), _t1_yyˍtttt_t_ => yyˍtttt(t), _t1_vvˍtttt_t_ => vvˍtttt(t), _t1_wˍtttt_t_ => wˍtttt(t), _t1_zˍtttt_t_ => zˍtttt(t), _t1_xˍttttt_t_ => xˍttttt(t), _t1_yyˍttttt_t_ => yyˍttttt(t), _t1_vvˍttttt_t_ => vvˍttttt(t), _t1_wˍttttt_t_ => wˍttttt(t), _t1_zˍttttt_t_ => zˍttttt(t), _t1_xˍtttttt_t_ => xˍtttttt(t), _t1_yyˍtttttt_t_ => yyˍtttttt(t), _t1_vvˍtttttt_t_ => vvˍtttttt(t), _t1_wˍtttttt_t_ => wˍtttttt(t), _t1_zˍtttttt_t_ => zˍtttttt(t), _t1_x_t_ => x(t), _t1_yy_t_ => yy(t), _t1_vv_t_ => vv(t), _t1_w_t_ => w(t), _t1_z_t_ => z(t), _t1_y1_t_ => y1(t), _t1_y2_t_ => y2(t), _t1_y3_t_ => y3(t), _t1_y4_t_ => y4(t), _t1_y1ˍt_t_ => y1ˍt(t), _t1_y2ˍt_t_ => y2ˍt(t), _t1_y3ˍt_t_ => y3ˍt(t), _t1_y4ˍt_t_ => y4ˍt(t), _t1_y1ˍtt_t_ => y1ˍtt(t), _t1_y2ˍtt_t_ => y2ˍtt(t), _t1_y3ˍtt_t_ => y3ˍtt(t), _t1_y4ˍtt_t_ => y4ˍtt(t), _t1_y1ˍttt_t_ => y1ˍttt(t), _t1_y2ˍttt_t_ => y2ˍttt(t), _t1_y3ˍttt_t_ => y3ˍttt(t), _t1_y4ˍttt_t_ => y4ˍttt(t), _t1_y1ˍtttt_t_ => y1ˍtttt(t), _t1_y2ˍtttt_t_ => y2ˍtttt(t), _t1_y3ˍtttt_t_ => y3ˍtttt(t), _t1_y4ˍtttt_t_ => y4ˍtttt(t), _t1_y1ˍttttt_t_ => y1ˍttttt(t), _t1_y2ˍttttt_t_ => y2ˍttttt(t), _t1_y3ˍttttt_t_ => y3ˍttttt(t), _t1_y4ˍttttt_t_ => y4ˍttttt(t), _t1_y1ˍtttttt_t_ => y1ˍtttttt(t), _t1_y2ˍtttttt_t_ => y2ˍtttttt(t), _t1_y3ˍtttttt_t_ => y3ˍtttttt(t), _t1_y4ˍtttttt_t_ => y4ˍtttttt(t), _tpa_ => a, _tpc_ => c, _tpd_ => d, _tpuu_ => uu, _tpk_ => k, _tpq_ => q, _tph_ => h, _tpb_ => b, _tpbeta_ => beta, _tplm_ => lm)]
DEBUG [multipoint_parameter_estimation]: Evaluated ideal polynomial system with exact state and parameter values:
0.0
5.551115123125783e-17
-8.326672684688674e-17
0.0
-1.3877787807814457e-17
1.3877787807814457e-17
-1.3877787807814457e-17
0.0
-5.551115123125783e-17
5.551115123125783e-17
-5.551115123125783e-17
0.0
2.7755575615628914e-17
1.3877787807814457e-17
-6.938893903907228e-18
0.0
0.0
0.0
0.0
0.0
-6.938893903907228e-18
3.469446951953614e-18
0.0
0.0
0.0
0.0
6.938893903907228e-18
0.0
DEBUG [multipoint_parameter_estimation]: Evaluated interpolated polynomial system with exact state and parameter values:
5.54730350543764e-9
-7.47914833731933e-7
-0.07635979177604715
1.7265744389760584e-9
0.021005479196590515
-0.0225494903007347
0.0007916983844473285
1.1314996717359804e-9
-0.19100016803744485
0.19522442616997845
-0.22374113928163647
1.5457427837706206e-9
0.002565425371057334
-0.02806346834337571
0.08826162465937215
0.0
0.0
0.0
0.0
0.0
-6.938893903907228e-18
3.469446951953614e-18
0.0
0.0
0.0
0.0
6.938893903907228e-18
0.0
and by the way the exact state values are: (at the time index 1)
OrderedDict{Any, Any}(x(t) => 0.836, yy(t) => 0.671, vv(t) => 0.899, w(t) => 0.22, z(t) => 0.795)
and by the way the exact parameter values are:
OrderedDict{Num, Float64}(lm => 0.623, d => 0.622, beta => 0.445, a => 0.817, k => 0.394, uu => 0.449, c => 0.814, q => 0.745, b => 0.663, h => 0.18)
aa_system
Any[_t1_yy_t_ + _t1_vv_t_ - 7070651389988845//4503599627370496, _t1_yyˍt_t_ + _t1_vvˍt_t_ + 1589938527010651//4503599627370496, _t1_yyˍtt_t_ + _t1_vvˍtt_t_ - 3059361001302117//36028797018963968, _t1_z_t_ - 7160723391967489//9007199254740992, _t1_zˍt_t_ + 2687181978477607//36028797018963968, _t1_zˍtt_t_ + 7382760068090795//144115188075855872, _t1_zˍttt_t_ - 2609992061546167//36028797018963968, _t1_x_t_ - 3765009283385913//4503599627370496, _t1_xˍt_t_ + 5827702876359737//144115188075855872, _t1_xˍtt_t_ - 3355424845395025//36028797018963968, _t1_xˍttt_t_ + 6600128230501919//72057594037927936, _t1_w_t_ - 1981583822120205//9007199254740992, _t1_wˍt_t_ + 2476810846856255//18014398509481984, _t1_wˍtt_t_ - 2864969613411179//36028797018963968, _t1_wˍttt_t_ + 4117787133002655//144115188075855872, _tpa_*_t1_yy_t_ - _tpbeta_*_t1_x_t_*_t1_vv_t_ + _t1_yyˍt_t_, _tpuu_*_t1_vv_t_ - _tpk_*_t1_yy_t_ + _t1_vvˍt_t_, _tpa_*_t1_yyˍt_t_ - _tpbeta_*_t1_x_t_*_t1_vvˍt_t_ - _tpbeta_*_t1_vv_t_*_t1_xˍt_t_ + _t1_yyˍtt_t_, _tpuu_*_t1_vvˍt_t_ - _tpk_*_t1_yyˍt_t_ + _t1_vvˍtt_t_, -_tpc_*_tpq_*_t1_yy_t_*_t1_w_t_ + _tph_*_t1_z_t_ + _t1_zˍt_t_, -_tpc_*_tpq_*_t1_yy_t_*_t1_wˍt_t_ - _tpc_*_tpq_*_t1_w_t_*_t1_yyˍt_t_ + _tph_*_t1_zˍt_t_ + _t1_zˍtt_t_, -_tpc_*_tpq_*_t1_yy_t_*_t1_wˍtt_t_ - _tpc_*_tpq_*_t1_w_t_*_t1_yyˍtt_t_ - 2*_tpc_*_tpq_*_t1_yyˍt_t_*_t1_wˍt_t_ + _tph_*_t1_zˍtt_t_ + _t1_zˍttt_t_, _tpd_*_t1_x_t_ + _tpbeta_*_t1_x_t_*_t1_vv_t_ - _tplm_ + _t1_xˍt_t_, _tpd_*_t1_xˍt_t_ + _tpbeta_*_t1_x_t_*_t1_vvˍt_t_ + _tpbeta_*_t1_vv_t_*_t1_xˍt_t_ + _t1_xˍtt_t_, _tpd_*_t1_xˍtt_t_ + _tpbeta_*_t1_x_t_*_t1_vvˍtt_t_ + _tpbeta_*_t1_vv_t_*_t1_xˍtt_t_ + 2*_tpbeta_*_t1_vvˍt_t_*_t1_xˍt_t_ + _t1_xˍttt_t_, _tpc_*_tpq_*_t1_yy_t_*_t1_w_t_ - _tpc_*_t1_x_t_*_t1_yy_t_*_t1_w_t_ + _tpb_*_t1_w_t_ + _t1_wˍt_t_, _tpc_*_tpq_*_t1_yy_t_*_t1_wˍt_t_ + _tpc_*_tpq_*_t1_w_t_*_t1_yyˍt_t_ - _tpc_*_t1_x_t_*_t1_yy_t_*_t1_wˍt_t_ - _tpc_*_t1_x_t_*_t1_w_t_*_t1_yyˍt_t_ - _tpc_*_t1_yy_t_*_t1_w_t_*_t1_xˍt_t_ + _tpb_*_t1_wˍt_t_ + _t1_wˍtt_t_, _tpc_*_tpq_*_t1_yy_t_*_t1_wˍtt_t_ + _tpc_*_tpq_*_t1_w_t_*_t1_yyˍtt_t_ + 2*_tpc_*_tpq_*_t1_yyˍt_t_*_t1_wˍt_t_ - _tpc_*_t1_x_t_*_t1_yy_t_*_t1_wˍtt_t_ - _tpc_*_t1_x_t_*_t1_w_t_*_t1_yyˍtt_t_ - 2*_tpc_*_t1_x_t_*_t1_yyˍt_t_*_t1_wˍt_t_ - _tpc_*_t1_yy_t_*_t1_w_t_*_t1_xˍtt_t_ - 2*_tpc_*_t1_yy_t_*_t1_xˍt_t_*_t1_wˍt_t_ - 2*_tpc_*_t1_w_t_*_t1_yyˍt_t_*_t1_xˍt_t_ + _tpb_*_t1_wˍtt_t_ + _t1_wˍttt_t_]
R
Multivariate polynomial ring in 28 variables over rationals
primes of bitsize 28
G-Q-Pt-FG-LT-LP(U)
G-Q-Pt-FG-LT-LP(U)
G-Q-Pt-FG-LT-LP(U)
G-Q-Pt-FG-LT-LP(U)
G-Q-Pt-FG-LT-LP(U)
G-Q-Pt-FG-LT-LP(U)
G-Q-Pt-FG-LT-LP(U)
G-Q-Pt-FG-LT-LP(U)
G-Q-Pt-FG-LT-LP(U)
G-Q-Pt-FG-LT-LP(C)
Dimension of the quotient :4
Degree of the radical :4
Use variable 19 as separating element
Separating form: [0, 0, 0, 0, 0, 0, 0, 0, 0, 0, 0, 0, 0, 0, 0, 0, 0, 0, 1, 0, 0, 0, 0, 0, 0, 0, 0, 0]
Run Groebner learn
Test cyclic optimization
Apply cyclic optimization 
Multi-modular computation (1 threads): G-Q-Pt-FG-LT-LP(C)
5-9-13-17-21-25-29-33-37-41-45-49-53-61-69-77-85-93-105-117-129-141-157-173-193-213-
check-G-Q-Pt-FG-LT-LP(C)
Nb Primes used :213
2-element Vector{Vector{MPFI.BigInterval}}:
 [[-0.920092134724273459347, -0.92009213450303245919], [0.241837769127418171816, 0.241837769194894088217], [20.7258696221216002732, 20.7258696228905573249], [12.2597026975031627577, 12.259702697731608543], [-2.1934431195372632112, -2.19344311951122540214], [0.741968553660453238795, 0.74196855366514640094], [0.189260909573494623179, 0.189260909574112549828], [0.668667455828275458785, 0.668667455829301272306], [7.54986268608188586943, 7.54986268608633205178], [15.0638103007731584456, 15.0638103007775678772], [0.835999998868419273013, 0.835999998868581314237], [1.92213714940827420718, 1.92213714940840005329], [-0.352137154955640573528, -0.35213715495561035497], [0.219999998454254552188, 0.219999998454259882492], [0.794999998273420785535, 0.794999998273430416449], [-0.454035595466387565847, -0.454035595466385446435], [0.100998323381219970262, 0.100998323381220285649], [0.327222490321718931588, 0.327222490321719260576], [-0.242308164714572041453, -0.242308164714571830223], [-0.0285728880347797516116, -0.0285728880347797407933], [-0.0745842825965905357853, -0.0745842825965905216636], [-0.0512281888304849341393, -0.0512281888304849292909], [0.0724418320204358295376, 0.0724418320204358329664], [-0.0404378119625551998093, -0.0404378119625551988505], [0.0931317480189215723991, 0.0931317480189215735036], [-0.0915951790872715362825, -0.0915951790872715357404], [-0.137490621491057341196, -0.137490621491057340776], [0.0795188807415131148571, 0.0795188807415131149791]]
 [[-2.8031818494412303602, -2.8031818492141277662], [-5.02359119134660079501, -5.02359119115450670806], [0.398356850045582537166, 0.398356850112918133046], [-0.679715409230396555655, -0.679715409210885741304], [16.2639502179163690223, 16.2639502179889979001], [0.741968553661655253411, 0.741968553664023887671], [0.189260909573671234393, 0.189260909573997143886], [0.66866745582853144114, 0.668667455829026275782], [0.20235085963703045617, 0.202350859637304853008], [0.573831349991343074362, 0.573831349991691111039], [0.835999998868460565503, 0.835999998868540021747], [-0.0925324817605689980885, -0.0925324817605365278394], [1.6625324762132155316, 1.66253247621326907129], [0.21999999845425591049, 0.219999998454258524189], [0.794999998273423239735, 0.794999998273427962249], [0.0218574623923488010296, 0.0218574623923488911107], [-0.374894734477515344942, -0.3748947344775147756], [-0.0157526267710154578472, -0.0157526267710153628829], [0.100666952378162458855, 0.100666952378162482355], [-0.0285728880347797488545, -0.0285728880347797435504], [-0.0745842825965905321871, -0.0745842825965905252618], [-0.0512281888304849329043, -0.0512281888304849305258], [0.0724418320204358304083, 0.0724418320204358320956], [-0.0404378119625551995654, -0.0404378119625551990944], [0.0931317480189215726803, 0.0931317480189215732224], [-0.091595179087271536147, -0.0915951790872715358759], [-0.137490621491057341088, -0.137490621491057340884], [0.0795188807415131148876, 0.0795188807415131149486]]
Vector{Any}
SOLNS: Any[[-0.9200921346136529, 0.24183776916115612, 20.725869622506078, 12.259702697617385, -2.193443119524244, 0.7419685536627998, 0.1892609095738036, 0.6686674558287884, 7.549862686084109, 15.063810300775364, 0.8359999988685003, 1.922137149408337, -0.3521371549556255, 0.21999999845425722, 0.7949999982734256, -0.4540355954663865, 0.10099832338122013, 0.3272224903217191, -0.24230816471457195, -0.028572888034779746, -0.07458428259659053, -0.05122818883048493, 0.07244183202043583, -0.0404378119625552, 0.09313174801892157, -0.09159517908727154, -0.13749062149105734, 0.07951888074151311], [-2.803181849327679, -5.023591191250554, 0.3983568500792503, -0.6797154092206411, 16.263950217952683, 0.7419685536628395, 0.18926090957383418, 0.6686674558287788, 0.20235085963716765, 0.5738313499915171, 0.8359999988685003, -0.09253248176055276, 1.6625324762132423, 0.21999999845425722, 0.7949999982734256, 0.021857462392348845, -0.37489473447751503, -0.01575262677101541, 0.10066695237816248, -0.028572888034779746, -0.07458428259659053, -0.05122818883048493, 0.07244183202043583, -0.0404378119625552, 0.09313174801892157, -0.09159517908727154, -0.13749062149105734, 0.07951888074151311]]
Vector{Float64}
SOLN 1: [-0.9200921346136529, 0.24183776916115612, 20.725869622506078, 12.259702697617385, -2.193443119524244, 0.7419685536627998, 0.1892609095738036, 0.6686674558287884, 7.549862686084109, 15.063810300775364, 0.8359999988685003, 1.922137149408337, -0.3521371549556255, 0.21999999845425722, 0.7949999982734256, -0.4540355954663865, 0.10099832338122013, 0.3272224903217191, -0.24230816471457195, -0.028572888034779746, -0.07458428259659053, -0.05122818883048493, 0.07244183202043583, -0.0404378119625552, 0.09313174801892157, -0.09159517908727154, -0.13749062149105734, 0.07951888074151311]
Vector{Float64}
SOLN 2: [-2.803181849327679, -5.023591191250554, 0.3983568500792503, -0.6797154092206411, 16.263950217952683, 0.7419685536628395, 0.18926090957383418, 0.6686674558287788, 0.20235085963716765, 0.5738313499915171, 0.8359999988685003, -0.09253248176055276, 1.6625324762132423, 0.21999999845425722, 0.7949999982734256, 0.021857462392348845, -0.37489473447751503, -0.01575262677101541, 0.10066695237816248, -0.028572888034779746, -0.07458428259659053, -0.05122818883048493, 0.07244183202043583, -0.0404378119625552, 0.09313174801892157, -0.09159517908727154, -0.13749062149105734, 0.07951888074151311]
DEBUG: Processing solution 1
DEBUG: Constructed initial conditions: [0.8359999988685003, 1.922137149408337, -0.3521371549556255, 0.21999999845425722, 0.7949999982734256]
DEBUG: Constructed parameter values: [-0.9200921346136529, 0.24183776916115612, 20.725869622506078, 12.259702697617385, -2.193443119524244, 0.7419685536627998, 0.1892609095738036, 0.6686674558287884, 7.549862686084109, 15.063810300775364]
DEBUG: Parameter/IC mapping:
Dict("d" => 20.725869622506078, "c" => 0.24183776916115612, "k" => -2.193443119524244, "b" => 0.6686674558287884, "w(t)" => 0.21999999845425722, "lm" => 15.063810300775364, "z(t)" => 0.7949999982734256, "a" => -0.9200921346136529, "h" => 0.1892609095738036, "uu" => 12.259702697617385, "beta" => 7.549862686084109, "q" => 0.7419685536627998, "x(t)" => 0.8359999988685003, "yy(t)" => 1.922137149408337, "vv(t)" => -0.3521371549556255)
DEBUG: Processing solution 2
DEBUG: Constructed initial conditions: [0.8359999988685003, -0.09253248176055276, 1.6625324762132423, 0.21999999845425722, 0.7949999982734256]
DEBUG: Constructed parameter values: [-2.803181849327679, -5.023591191250554, 0.3983568500792503, -0.6797154092206411, 16.263950217952683, 0.7419685536628395, 0.18926090957383418, 0.6686674558287788, 0.20235085963716765, 0.5738313499915171]
DEBUG: Parameter/IC mapping:
Dict("d" => 0.3983568500792503, "c" => -5.023591191250554, "k" => 16.263950217952683, "b" => 0.6686674558287788, "w(t)" => 0.21999999845425722, "lm" => 0.5738313499915171, "z(t)" => 0.7949999982734256, "a" => -2.803181849327679, "h" => 0.18926090957383418, "uu" => -0.6797154092206411, "beta" => 0.20235085963716765, "q" => 0.7419685536628395, "x(t)" => 0.8359999988685003, "yy(t)" => -0.09253248176055276, "vv(t)" => 1.6625324762132423)
DEBUG [determine_optimal_points_count]: Large num points: 1
DEBUG [determine_optimal_points_count]: Good num points: 1
DEBUG [multipoint_parameter_estimation]: Parameter estimation using this many points: 1
DEBUG [multipoint_parameter_estimation]: Ideal final target: 
-1.4927541397671904 + _t111_vv_t_ + _t111_yy_t_
0.3483050194078147 + _t111_vvˍt_t_ + _t111_yyˍt_t_
-0.03292965216205171 + _t111_vvˍtt_t_ + _t111_yyˍtt_t_
-0.7815563378767411 + _t111_z_t_
0.06805640960365804 + _t111_zˍt_t_
0.05798592261660113 + _t111_zˍtt_t_
-0.06925154989928049 + _t111_zˍttt_t_
-0.7915357162315907 + _t111_x_t_
0.1750299611676897 + _t111_xˍt_t_
-0.22700232950251975 + _t111_xˍtt_t_
0.24547904688594713 + _t111_xˍttt_t_
-0.19164708882720063 + _t111_w_t_
0.12252564761396255 + _t111_wˍt_t_
-0.059785088297869673 + _t111_wˍtt_t_
-0.01916724767837262 + _t111_wˍttt_t_
_t111_yyˍt_t_ + _t111_yy_t_*_tpa_ - _t111_vv_t_*_t111_x_t_*_tpbeta_
_t111_vvˍt_t_ + _t111_vv_t_*_tpuu_ - _t111_yy_t_*_tpk_
_t111_yyˍtt_t_ + _t111_yyˍt_t_*_tpa_ - _t111_vv_t_*_t111_xˍt_t_*_tpbeta_ - _t111_vvˍt_t_*_t111_x_t_*_tpbeta_
_t111_vvˍtt_t_ + _t111_vvˍt_t_*_tpuu_ - _t111_yyˍt_t_*_tpk_
_t111_zˍt_t_ + _t111_z_t_*_tph_ - _t111_w_t_*_t111_yy_t_*_tpc_*_tpq_
_t111_zˍtt_t_ + _t111_zˍt_t_*_tph_ - _t111_w_t_*_t111_yyˍt_t_*_tpc_*_tpq_ - _t111_wˍt_t_*_t111_yy_t_*_tpc_*_tpq_
_t111_zˍttt_t_ + _t111_zˍtt_t_*_tph_ - _t111_w_t_*_t111_yyˍtt_t_*_tpc_*_tpq_ - 2_t111_wˍt_t_*_t111_yyˍt_t_*_tpc_*_tpq_ - _t111_wˍtt_t_*_t111_yy_t_*_tpc_*_tpq_
_t111_xˍt_t_ - _tplm_ + _t111_x_t_*_tpd_ + _t111_vv_t_*_t111_x_t_*_tpbeta_
_t111_xˍtt_t_ + _t111_xˍt_t_*_tpd_ + _t111_vv_t_*_t111_xˍt_t_*_tpbeta_ + _t111_vvˍt_t_*_t111_x_t_*_tpbeta_
_t111_xˍttt_t_ + _t111_xˍtt_t_*_tpd_ + _t111_vv_t_*_t111_xˍtt_t_*_tpbeta_ + 2_t111_vvˍt_t_*_t111_xˍt_t_*_tpbeta_ + _t111_vvˍtt_t_*_t111_x_t_*_tpbeta_
_t111_wˍt_t_ + _t111_w_t_*_tpb_ - _t111_w_t_*_t111_x_t_*_t111_yy_t_*_tpc_ + _t111_w_t_*_t111_yy_t_*_tpc_*_tpq_
_t111_wˍtt_t_ + _t111_wˍt_t_*_tpb_ - _t111_w_t_*_t111_x_t_*_t111_yyˍt_t_*_tpc_ - _t111_w_t_*_t111_xˍt_t_*_t111_yy_t_*_tpc_ + _t111_w_t_*_t111_yyˍt_t_*_tpc_*_tpq_ - _t111_wˍt_t_*_t111_x_t_*_t111_yy_t_*_tpc_ + _t111_wˍt_t_*_t111_yy_t_*_tpc_*_tpq_
_t111_wˍttt_t_ + _t111_wˍtt_t_*_tpb_ - _t111_w_t_*_t111_x_t_*_t111_yyˍtt_t_*_tpc_ - 2_t111_w_t_*_t111_xˍt_t_*_t111_yyˍt_t_*_tpc_ - _t111_w_t_*_t111_xˍtt_t_*_t111_yy_t_*_tpc_ + _t111_w_t_*_t111_yyˍtt_t_*_tpc_*_tpq_ - 2_t111_wˍt_t_*_t111_x_t_*_t111_yyˍt_t_*_tpc_ - 2_t111_wˍt_t_*_t111_xˍt_t_*_t111_yy_t_*_tpc_ + 2_t111_wˍt_t_*_t111_yyˍt_t_*_tpc_*_tpq_ - _t111_wˍtt_t_*_t111_x_t_*_t111_yy_t_*_tpc_ + _t111_wˍtt_t_*_t111_yy_t_*_tpc_*_tpq_
DEBUG [but we are actually solving this: 
-1.4943825416735046 + _t111_vv_t_ + _t111_yy_t_
0.3344307850284725 + _t111_vvˍt_t_ + _t111_yyˍt_t_
-0.08395355367865948 + _t111_vvˍtt_t_ + _t111_yyˍtt_t_
-0.7774731778090533 + _t111_z_t_
0.08422868840127389 + _t111_zˍt_t_
0.03698493266963315 + _t111_zˍtt_t_
-0.05768973672950909 + _t111_zˍttt_t_
-0.8292027114542125 + _t111_x_t_
0.022023112980136605 + _t111_xˍt_t_
-0.07492312011514954 + _t111_xˍtt_t_
0.07415492962873795 + _t111_xˍttt_t_
-0.1916221012958988 + _t111_w_t_
0.1207481769437005 + _t111_wˍt_t_
-0.07251505110439643 + _t111_wˍtt_t_
0.03361281165125086 + _t111_wˍttt_t_
_t111_yyˍt_t_ + _t111_yy_t_*_tpa_ - _t111_vv_t_*_t111_x_t_*_tpbeta_
_t111_vvˍt_t_ + _t111_vv_t_*_tpuu_ - _t111_yy_t_*_tpk_
_t111_yyˍtt_t_ + _t111_yyˍt_t_*_tpa_ - _t111_vv_t_*_t111_xˍt_t_*_tpbeta_ - _t111_vvˍt_t_*_t111_x_t_*_tpbeta_
_t111_vvˍtt_t_ + _t111_vvˍt_t_*_tpuu_ - _t111_yyˍt_t_*_tpk_
_t111_zˍt_t_ + _t111_z_t_*_tph_ - _t111_w_t_*_t111_yy_t_*_tpc_*_tpq_
_t111_zˍtt_t_ + _t111_zˍt_t_*_tph_ - _t111_w_t_*_t111_yyˍt_t_*_tpc_*_tpq_ - _t111_wˍt_t_*_t111_yy_t_*_tpc_*_tpq_
_t111_zˍttt_t_ + _t111_zˍtt_t_*_tph_ - _t111_w_t_*_t111_yyˍtt_t_*_tpc_*_tpq_ - 2_t111_wˍt_t_*_t111_yyˍt_t_*_tpc_*_tpq_ - _t111_wˍtt_t_*_t111_yy_t_*_tpc_*_tpq_
_t111_xˍt_t_ - _tplm_ + _t111_x_t_*_tpd_ + _t111_vv_t_*_t111_x_t_*_tpbeta_
_t111_xˍtt_t_ + _t111_xˍt_t_*_tpd_ + _t111_vv_t_*_t111_xˍt_t_*_tpbeta_ + _t111_vvˍt_t_*_t111_x_t_*_tpbeta_
_t111_xˍttt_t_ + _t111_xˍtt_t_*_tpd_ + _t111_vv_t_*_t111_xˍtt_t_*_tpbeta_ + 2_t111_vvˍt_t_*_t111_xˍt_t_*_tpbeta_ + _t111_vvˍtt_t_*_t111_x_t_*_tpbeta_
_t111_wˍt_t_ + _t111_w_t_*_tpb_ - _t111_w_t_*_t111_x_t_*_t111_yy_t_*_tpc_ + _t111_w_t_*_t111_yy_t_*_tpc_*_tpq_
_t111_wˍtt_t_ + _t111_wˍt_t_*_tpb_ - _t111_w_t_*_t111_x_t_*_t111_yyˍt_t_*_tpc_ - _t111_w_t_*_t111_xˍt_t_*_t111_yy_t_*_tpc_ + _t111_w_t_*_t111_yyˍt_t_*_tpc_*_tpq_ - _t111_wˍt_t_*_t111_x_t_*_t111_yy_t_*_tpc_ + _t111_wˍt_t_*_t111_yy_t_*_tpc_*_tpq_
_t111_wˍttt_t_ + _t111_wˍtt_t_*_tpb_ - _t111_w_t_*_t111_x_t_*_t111_yyˍtt_t_*_tpc_ - 2_t111_w_t_*_t111_xˍt_t_*_t111_yyˍt_t_*_tpc_ - _t111_w_t_*_t111_xˍtt_t_*_t111_yy_t_*_tpc_ + _t111_w_t_*_t111_yyˍtt_t_*_tpc_*_tpq_ - 2_t111_wˍt_t_*_t111_x_t_*_t111_yyˍt_t_*_tpc_ - 2_t111_wˍt_t_*_t111_xˍt_t_*_t111_yy_t_*_tpc_ + 2_t111_wˍt_t_*_t111_yyˍt_t_*_tpc_*_tpq_ - _t111_wˍtt_t_*_t111_x_t_*_t111_yy_t_*_tpc_ + _t111_wˍtt_t_*_t111_yy_t_*_tpc_*_tpq_
As a reminder the true parameter values are: 
OrderedDict{Num, Float64}(lm => 0.623, d => 0.622, beta => 0.445, a => 0.817, k => 0.394, uu => 0.449, c => 0.814, q => 0.745, b => 0.663, h => 0.18)
And the true states are: 
OrderedDict{Num, Float64}(x(t) => 0.836, yy(t) => 0.671, vv(t) => 0.899, w(t) => 0.22, z(t) => 0.795)
The forward substitution dictionary is: 
Any[OrderedDict{Num, Any}(xˍt(t) => _t111_xˍt_t_, yyˍt(t) => _t111_yyˍt_t_, vvˍt(t) => _t111_vvˍt_t_, wˍt(t) => _t111_wˍt_t_, zˍt(t) => _t111_zˍt_t_, xˍtt(t) => _t111_xˍtt_t_, yyˍtt(t) => _t111_yyˍtt_t_, vvˍtt(t) => _t111_vvˍtt_t_, wˍtt(t) => _t111_wˍtt_t_, zˍtt(t) => _t111_zˍtt_t_, xˍttt(t) => _t111_xˍttt_t_, yyˍttt(t) => _t111_yyˍttt_t_, vvˍttt(t) => _t111_vvˍttt_t_, wˍttt(t) => _t111_wˍttt_t_, zˍttt(t) => _t111_zˍttt_t_, xˍtttt(t) => _t111_xˍtttt_t_, yyˍtttt(t) => _t111_yyˍtttt_t_, vvˍtttt(t) => _t111_vvˍtttt_t_, wˍtttt(t) => _t111_wˍtttt_t_, zˍtttt(t) => _t111_zˍtttt_t_, xˍttttt(t) => _t111_xˍttttt_t_, yyˍttttt(t) => _t111_yyˍttttt_t_, vvˍttttt(t) => _t111_vvˍttttt_t_, wˍttttt(t) => _t111_wˍttttt_t_, zˍttttt(t) => _t111_zˍttttt_t_, xˍtttttt(t) => _t111_xˍtttttt_t_, yyˍtttttt(t) => _t111_yyˍtttttt_t_, vvˍtttttt(t) => _t111_vvˍtttttt_t_, wˍtttttt(t) => _t111_wˍtttttt_t_, zˍtttttt(t) => _t111_zˍtttttt_t_, x(t) => _t111_x_t_, yy(t) => _t111_yy_t_, vv(t) => _t111_vv_t_, w(t) => _t111_w_t_, z(t) => _t111_z_t_, y1(t) => _t111_y1_t_, y2(t) => _t111_y2_t_, y3(t) => _t111_y3_t_, y4(t) => _t111_y4_t_, y1ˍt(t) => _t111_y1ˍt_t_, y2ˍt(t) => _t111_y2ˍt_t_, y3ˍt(t) => _t111_y3ˍt_t_, y4ˍt(t) => _t111_y4ˍt_t_, y1ˍtt(t) => _t111_y1ˍtt_t_, y2ˍtt(t) => _t111_y2ˍtt_t_, y3ˍtt(t) => _t111_y3ˍtt_t_, y4ˍtt(t) => _t111_y4ˍtt_t_, y1ˍttt(t) => _t111_y1ˍttt_t_, y2ˍttt(t) => _t111_y2ˍttt_t_, y3ˍttt(t) => _t111_y3ˍttt_t_, y4ˍttt(t) => _t111_y4ˍttt_t_, y1ˍtttt(t) => _t111_y1ˍtttt_t_, y2ˍtttt(t) => _t111_y2ˍtttt_t_, y3ˍtttt(t) => _t111_y3ˍtttt_t_, y4ˍtttt(t) => _t111_y4ˍtttt_t_, y1ˍttttt(t) => _t111_y1ˍttttt_t_, y2ˍttttt(t) => _t111_y2ˍttttt_t_, y3ˍttttt(t) => _t111_y3ˍttttt_t_, y4ˍttttt(t) => _t111_y4ˍttttt_t_, y1ˍtttttt(t) => _t111_y1ˍtttttt_t_, y2ˍtttttt(t) => _t111_y2ˍtttttt_t_, y3ˍtttttt(t) => _t111_y3ˍtttttt_t_, y4ˍtttttt(t) => _t111_y4ˍtttttt_t_, a => _tpa_, c => _tpc_, d => _tpd_, uu => _tpuu_, k => _tpk_, q => _tpq_, h => _tph_, b => _tpb_, beta => _tpbeta_, lm => _tplm_)]
The reverse substitution dictionary is: 
Any[OrderedDict{Any, Any}(_t111_xˍt_t_ => xˍt(t), _t111_yyˍt_t_ => yyˍt(t), _t111_vvˍt_t_ => vvˍt(t), _t111_wˍt_t_ => wˍt(t), _t111_zˍt_t_ => zˍt(t), _t111_xˍtt_t_ => xˍtt(t), _t111_yyˍtt_t_ => yyˍtt(t), _t111_vvˍtt_t_ => vvˍtt(t), _t111_wˍtt_t_ => wˍtt(t), _t111_zˍtt_t_ => zˍtt(t), _t111_xˍttt_t_ => xˍttt(t), _t111_yyˍttt_t_ => yyˍttt(t), _t111_vvˍttt_t_ => vvˍttt(t), _t111_wˍttt_t_ => wˍttt(t), _t111_zˍttt_t_ => zˍttt(t), _t111_xˍtttt_t_ => xˍtttt(t), _t111_yyˍtttt_t_ => yyˍtttt(t), _t111_vvˍtttt_t_ => vvˍtttt(t), _t111_wˍtttt_t_ => wˍtttt(t), _t111_zˍtttt_t_ => zˍtttt(t), _t111_xˍttttt_t_ => xˍttttt(t), _t111_yyˍttttt_t_ => yyˍttttt(t), _t111_vvˍttttt_t_ => vvˍttttt(t), _t111_wˍttttt_t_ => wˍttttt(t), _t111_zˍttttt_t_ => zˍttttt(t), _t111_xˍtttttt_t_ => xˍtttttt(t), _t111_yyˍtttttt_t_ => yyˍtttttt(t), _t111_vvˍtttttt_t_ => vvˍtttttt(t), _t111_wˍtttttt_t_ => wˍtttttt(t), _t111_zˍtttttt_t_ => zˍtttttt(t), _t111_x_t_ => x(t), _t111_yy_t_ => yy(t), _t111_vv_t_ => vv(t), _t111_w_t_ => w(t), _t111_z_t_ => z(t), _t111_y1_t_ => y1(t), _t111_y2_t_ => y2(t), _t111_y3_t_ => y3(t), _t111_y4_t_ => y4(t), _t111_y1ˍt_t_ => y1ˍt(t), _t111_y2ˍt_t_ => y2ˍt(t), _t111_y3ˍt_t_ => y3ˍt(t), _t111_y4ˍt_t_ => y4ˍt(t), _t111_y1ˍtt_t_ => y1ˍtt(t), _t111_y2ˍtt_t_ => y2ˍtt(t), _t111_y3ˍtt_t_ => y3ˍtt(t), _t111_y4ˍtt_t_ => y4ˍtt(t), _t111_y1ˍttt_t_ => y1ˍttt(t), _t111_y2ˍttt_t_ => y2ˍttt(t), _t111_y3ˍttt_t_ => y3ˍttt(t), _t111_y4ˍttt_t_ => y4ˍttt(t), _t111_y1ˍtttt_t_ => y1ˍtttt(t), _t111_y2ˍtttt_t_ => y2ˍtttt(t), _t111_y3ˍtttt_t_ => y3ˍtttt(t), _t111_y4ˍtttt_t_ => y4ˍtttt(t), _t111_y1ˍttttt_t_ => y1ˍttttt(t), _t111_y2ˍttttt_t_ => y2ˍttttt(t), _t111_y3ˍttttt_t_ => y3ˍttttt(t), _t111_y4ˍttttt_t_ => y4ˍttttt(t), _t111_y1ˍtttttt_t_ => y1ˍtttttt(t), _t111_y2ˍtttttt_t_ => y2ˍtttttt(t), _t111_y3ˍtttttt_t_ => y3ˍtttttt(t), _t111_y4ˍtttttt_t_ => y4ˍtttttt(t), _tpa_ => a, _tpc_ => c, _tpd_ => d, _tpuu_ => uu, _tpk_ => k, _tpq_ => q, _tph_ => h, _tpb_ => b, _tpbeta_ => beta, _tplm_ => lm)]
DEBUG [multipoint_parameter_estimation]: Evaluated ideal polynomial system with exact state and parameter values:
0.0
2.7755575615628914e-17
-5.551115123125783e-17
0.0
0.0
6.938893903907228e-18
-2.7755575615628914e-17
0.0
-5.551115123125783e-17
5.551115123125783e-17
-5.551115123125783e-17
0.0
2.7755575615628914e-17
-2.7755575615628914e-17
2.7755575615628914e-17
0.0
0.0
0.0
0.0
0.0
0.0
-6.938893903907228e-18
0.0
0.0
1.3877787807814457e-17
-2.7755575615628914e-17
-6.938893903907228e-18
3.469446951953614e-18
DEBUG [multipoint_parameter_estimation]: Evaluated interpolated polynomial system with exact state and parameter values:
-0.001628401906314192
-0.013874234379342182
-0.05102390151660782
0.004083160067687719
0.016172278797615847
-0.021000989946967967
0.011561813169771375
-0.037666995222621846
-0.15300684818755317
0.15207920938737027
-0.17132411725720925
2.498753130183995e-5
-0.0017774706702620158
-0.012729962806526787
0.052780059329623506
0.0
0.0
0.0
0.0
0.0
0.0
-6.938893903907228e-18
0.0
0.0
1.3877787807814457e-17
-2.7755575615628914e-17
-6.938893903907228e-18
3.469446951953614e-18
and by the way the exact state values are: (at the time index 111)
OrderedDict{Any, Any}(x(t) => 0.7915357162315907, yy(t) => 0.6248786029235951, vv(t) => 0.8678755368435953, w(t) => 0.19164708882720063, z(t) => 0.7815563378767411)
and by the way the exact parameter values are:
OrderedDict{Num, Float64}(lm => 0.623, d => 0.622, beta => 0.445, a => 0.817, k => 0.394, uu => 0.449, c => 0.814, q => 0.745, b => 0.663, h => 0.18)
aa_system
Any[_t111_yy_t_ + _t111_vv_t_ - 3365050328914885//2251799813685248, _t111_yyˍt_t_ + _t111_vvˍt_t_ + 6024569435341805//18014398509481984, _t111_yyˍtt_t_ + _t111_vvˍtt_t_ - 1512372772254559//18014398509481984, _t111_z_t_ - 218839244616963//281474976710656, _t111_zˍt_t_ + 6069316635166123//72057594037927936, _t111_zˍtt_t_ + 666261315957131//18014398509481984, _t111_zˍttt_t_ - 8313967258819813//144115188075855872, _t111_x_t_ - 7468794044639593//9007199254740992, _t111_xˍt_t_ + 6347730138296419//288230376151711744, _t111_xˍtt_t_ - 2699389886656179//36028797018963968, _t111_xˍttt_t_ + 5343425815098713//72057594037927936, _t111_w_t_ - 3451956895968645//18014398509481984, _t111_wˍt_t_ + 8700823115029061//72057594037927936, _t111_wˍtt_t_ - 1306315028530049//18014398509481984, _t111_wˍttt_t_ + 4844116672878337//144115188075855872, _tpa_*_t111_yy_t_ - _tpbeta_*_t111_x_t_*_t111_vv_t_ + _t111_yyˍt_t_, _tpuu_*_t111_vv_t_ - _tpk_*_t111_yy_t_ + _t111_vvˍt_t_, _tpa_*_t111_yyˍt_t_ - _tpbeta_*_t111_x_t_*_t111_vvˍt_t_ - _tpbeta_*_t111_vv_t_*_t111_xˍt_t_ + _t111_yyˍtt_t_, _tpuu_*_t111_vvˍt_t_ - _tpk_*_t111_yyˍt_t_ + _t111_vvˍtt_t_, -_tpc_*_tpq_*_t111_yy_t_*_t111_w_t_ + _tph_*_t111_z_t_ + _t111_zˍt_t_, -_tpc_*_tpq_*_t111_yy_t_*_t111_wˍt_t_ - _tpc_*_tpq_*_t111_w_t_*_t111_yyˍt_t_ + _tph_*_t111_zˍt_t_ + _t111_zˍtt_t_, -_tpc_*_tpq_*_t111_yy_t_*_t111_wˍtt_t_ - _tpc_*_tpq_*_t111_w_t_*_t111_yyˍtt_t_ - 2*_tpc_*_tpq_*_t111_yyˍt_t_*_t111_wˍt_t_ + _tph_*_t111_zˍtt_t_ + _t111_zˍttt_t_, _tpd_*_t111_x_t_ + _tpbeta_*_t111_x_t_*_t111_vv_t_ - _tplm_ + _t111_xˍt_t_, _tpd_*_t111_xˍt_t_ + _tpbeta_*_t111_x_t_*_t111_vvˍt_t_ + _tpbeta_*_t111_vv_t_*_t111_xˍt_t_ + _t111_xˍtt_t_, _tpd_*_t111_xˍtt_t_ + _tpbeta_*_t111_x_t_*_t111_vvˍtt_t_ + _tpbeta_*_t111_vv_t_*_t111_xˍtt_t_ + 2*_tpbeta_*_t111_vvˍt_t_*_t111_xˍt_t_ + _t111_xˍttt_t_, _tpc_*_tpq_*_t111_yy_t_*_t111_w_t_ - _tpc_*_t111_x_t_*_t111_yy_t_*_t111_w_t_ + _tpb_*_t111_w_t_ + _t111_wˍt_t_, _tpc_*_tpq_*_t111_yy_t_*_t111_wˍt_t_ + _tpc_*_tpq_*_t111_w_t_*_t111_yyˍt_t_ - _tpc_*_t111_x_t_*_t111_yy_t_*_t111_wˍt_t_ - _tpc_*_t111_x_t_*_t111_w_t_*_t111_yyˍt_t_ - _tpc_*_t111_yy_t_*_t111_w_t_*_t111_xˍt_t_ + _tpb_*_t111_wˍt_t_ + _t111_wˍtt_t_, _tpc_*_tpq_*_t111_yy_t_*_t111_wˍtt_t_ + _tpc_*_tpq_*_t111_w_t_*_t111_yyˍtt_t_ + 2*_tpc_*_tpq_*_t111_yyˍt_t_*_t111_wˍt_t_ - _tpc_*_t111_x_t_*_t111_yy_t_*_t111_wˍtt_t_ - _tpc_*_t111_x_t_*_t111_w_t_*_t111_yyˍtt_t_ - 2*_tpc_*_t111_x_t_*_t111_yyˍt_t_*_t111_wˍt_t_ - _tpc_*_t111_yy_t_*_t111_w_t_*_t111_xˍtt_t_ - 2*_tpc_*_t111_yy_t_*_t111_xˍt_t_*_t111_wˍt_t_ - 2*_tpc_*_t111_w_t_*_t111_yyˍt_t_*_t111_xˍt_t_ + _tpb_*_t111_wˍtt_t_ + _t111_wˍttt_t_]
R
Multivariate polynomial ring in 28 variables over rationals
primes of bitsize 28
G-Q-Pt-FG-LT-LP(U)
G-Q-Pt-FG-LT-LP(U)
G-Q-Pt-FG-LT-LP(U)
G-Q-Pt-FG-LT-LP(U)
G-Q-Pt-FG-LT-LP(U)
G-Q-Pt-FG-LT-LP(U)
G-Q-Pt-FG-LT-LP(U)
G-Q-Pt-FG-LT-LP(U)
G-Q-Pt-FG-LT-LP(U)
G-Q-Pt-FG-LT-LP(C)
Dimension of the quotient :4
Degree of the radical :4
Use variable 19 as separating element
Separating form: [0, 0, 0, 0, 0, 0, 0, 0, 0, 0, 0, 0, 0, 0, 0, 0, 0, 0, 1, 0, 0, 0, 0, 0, 0, 0, 0, 0]
Run Groebner learn
Test cyclic optimization
Apply cyclic optimization 
Multi-modular computation (1 threads): G-Q-Pt-FG-LT-LP(C)
5-9-13-17-21-25-29-33-37-41-45-49-53-61-69-77-85-93-105-117-129-141-157-173-193-213-
check-G-Q-Pt-FG-LT-LP(C)
Nb Primes used :213
