┌ Warning: Optimization did not converge. RetCode: MaxIters
└ @ ODEParameterEstimation ~/ODEParameterEstimation/src/core/solvers/homotopy_continuation.jl:778
┌ Warning: Optimization did not converge. RetCode: MaxIters
└ @ ODEParameterEstimation ~/ODEParameterEstimation/src/core/solvers/homotopy_continuation.jl:778
┌ Warning: Optimization did not converge. RetCode: MaxIters
└ @ ODEParameterEstimation ~/ODEParameterEstimation/src/core/solvers/homotopy_continuation.jl:778
┌ Warning: Optimization did not converge. RetCode: MaxIters
└ @ ODEParameterEstimation ~/ODEParameterEstimation/src/core/solvers/homotopy_continuation.jl:778
┌ Warning: Optimization did not converge. RetCode: Stalled
└ @ ODEParameterEstimation ~/ODEParameterEstimation/src/core/solvers/homotopy_continuation.jl:778
┌ Warning: At t=0.4567757732408597, dt was forced below floating point epsilon 5.551115123125783e-17, and step error estimate = 1.0823069121449562. Aborting. There is either an error in your model specification or the true solution is unstable (or the true solution can not be represented in the precision of Float64).
└ @ SciMLBase ~/.julia/packages/SciMLBase/VW1cI/src/integrator_interface.jl:623
┌ Warning: Interrupted. Larger maxiters is needed. If you are using an integrator for non-stiff ODEs or an automatic switching algorithm (the default), you may want to consider using a method for stiff equations. See the solver pages for more details (e.g. https://docs.sciml.ai/DiffEqDocs/stable/solvers/ode_solve/#Stiff-Problems).
└ @ SciMLBase ~/.julia/packages/SciMLBase/VW1cI/src/integrator_interface.jl:589
LinearAlgebra.PosDefException(3)
LinearAlgebra.PosDefException(2)
LinearAlgebra.PosDefException(6)
LinearAlgebra.PosDefException(5)
LinearAlgebra.PosDefException(4)
LinearAlgebra.PosDefException(6)
LinearAlgebra.PosDefException(85)
LinearAlgebra.PosDefException(2)
LinearAlgebra.PosDefException(2)
LinearAlgebra.PosDefException(2)
LinearAlgebra.PosDefException(2)
LinearAlgebra.PosDefException(2)
LinearAlgebra.PosDefException(4)
LinearAlgebra.PosDefException(5)
LinearAlgebra.PosDefException(78)
LinearAlgebra.PosDefException(2)
LinearAlgebra.PosDefException(2)
LinearAlgebra.PosDefException(3)
LinearAlgebra.PosDefException(2)
LinearAlgebra.PosDefException(2)
LinearAlgebra.PosDefException(3)
LinearAlgebra.PosDefException(4)
LinearAlgebra.PosDefException(5)
LinearAlgebra.PosDefException(4)
LinearAlgebra.PosDefException(297)
LinearAlgebra.PosDefException(2)
LinearAlgebra.PosDefException(3)
LinearAlgebra.PosDefException(3)
LinearAlgebra.PosDefException(3)
LinearAlgebra.PosDefException(4)
LinearAlgebra.PosDefException(4)
LinearAlgebra.PosDefException(6)
LinearAlgebra.PosDefException(142)
LinearAlgebra.PosDefException(1)
LinearAlgebra.PosDefException(1)
LinearAlgebra.PosDefException(1)
LinearAlgebra.PosDefException(2)
LinearAlgebra.PosDefException(2)
LinearAlgebra.PosDefException(2)
LinearAlgebra.PosDefException(3)
LinearAlgebra.PosDefException(2)
LinearAlgebra.PosDefException(3)
LinearAlgebra.PosDefException(2)
LinearAlgebra.PosDefException(3)
LinearAlgebra.PosDefException(2)
LinearAlgebra.PosDefException(4)
LinearAlgebra.PosDefException(4)
LinearAlgebra.PosDefException(4)
LinearAlgebra.PosDefException(6)
LinearAlgebra.PosDefException(9)
LinearAlgebra.PosDefException(69)
LinearAlgebra.PosDefException(266)
LinearAlgebra.PosDefException(505)
LinearAlgebra.PosDefException(6)
LinearAlgebra.PosDefException(7)
LinearAlgebra.PosDefException(7)
LinearAlgebra.PosDefException(5)
LinearAlgebra.PosDefException(5)
LinearAlgebra.PosDefException(5)
LinearAlgebra.PosDefException(5)
LinearAlgebra.PosDefException(31)
LinearAlgebra.PosDefException(84)
LinearAlgebra.PosDefException(329)
LinearAlgebra.PosDefException(339)
LinearAlgebra.PosDefException(7)
LinearAlgebra.PosDefException(7)
LinearAlgebra.PosDefException(6)
LinearAlgebra.PosDefException(5)
LinearAlgebra.PosDefException(5)
LinearAlgebra.PosDefException(6)
LinearAlgebra.PosDefException(6)
LinearAlgebra.PosDefException(9)
LinearAlgebra.PosDefException(92)
LinearAlgebra.PosDefException(165)
LinearAlgebra.PosDefException(329)
LinearAlgebra.PosDefException(335)
LinearAlgebra.PosDefException(388)
LinearAlgebra.PosDefException(346)
LinearAlgebra.PosDefException(365)
LinearAlgebra.PosDefException(418)
LinearAlgebra.PosDefException(505)
LinearAlgebra.PosDefException(573)
LinearAlgebra.PosDefException(764)
LinearAlgebra.PosDefException(929)
LinearAlgebra.PosDefException(952)
LinearAlgebra.PosDefException(6)
LinearAlgebra.PosDefException(6)
LinearAlgebra.PosDefException(7)
LinearAlgebra.PosDefException(5)
LinearAlgebra.PosDefException(5)
LinearAlgebra.PosDefException(6)
LinearAlgebra.PosDefException(5)
LinearAlgebra.PosDefException(17)
LinearAlgebra.PosDefException(82)
LinearAlgebra.PosDefException(172)
LinearAlgebra.PosDefException(326)
LinearAlgebra.PosDefException(340)
LinearAlgebra.PosDefException(361)
LinearAlgebra.PosDefException(362)
LinearAlgebra.PosDefException(488)
LinearAlgebra.PosDefException(612)
LinearAlgebra.PosDefException(723)
LinearAlgebra.PosDefException(828)
LinearAlgebra.PosDefException(3)
LinearAlgebra.PosDefException(2)
LinearAlgebra.PosDefException(2)
LinearAlgebra.PosDefException(3)
LinearAlgebra.PosDefException(5)
LinearAlgebra.PosDefException(4)
LinearAlgebra.PosDefException(91)
LinearAlgebra.PosDefException(2)
LinearAlgebra.PosDefException(3)
LinearAlgebra.PosDefException(2)
LinearAlgebra.PosDefException(6)
LinearAlgebra.PosDefException(2)
LinearAlgebra.PosDefException(3)
LinearAlgebra.PosDefException(4)
LinearAlgebra.PosDefException(85)
LinearAlgebra.PosDefException(2)
LinearAlgebra.PosDefException(2)
LinearAlgebra.PosDefException(6)
LinearAlgebra.PosDefException(2)
LinearAlgebra.PosDefException(3)
LinearAlgebra.PosDefException(3)
LinearAlgebra.PosDefException(4)
LinearAlgebra.PosDefException(4)
LinearAlgebra.PosDefException(7)
LinearAlgebra.PosDefException(646)
LinearAlgebra.PosDefException(2)
LinearAlgebra.PosDefException(2)
LinearAlgebra.PosDefException(4)
LinearAlgebra.PosDefException(7)
LinearAlgebra.PosDefException(4)
LinearAlgebra.PosDefException(6)
LinearAlgebra.PosDefException(16)
LinearAlgebra.PosDefException(279)
LinearAlgebra.PosDefException(2)
LinearAlgebra.PosDefException(2)
LinearAlgebra.PosDefException(4)
LinearAlgebra.PosDefException(4)
LinearAlgebra.PosDefException(4)
LinearAlgebra.PosDefException(5)
LinearAlgebra.PosDefException(30)
LinearAlgebra.PosDefException(145)
LinearAlgebra.PosDefException(574)
LinearAlgebra.PosDefException(2)
LinearAlgebra.PosDefException(2)
LinearAlgebra.PosDefException(6)
LinearAlgebra.PosDefException(6)
LinearAlgebra.PosDefException(6)
LinearAlgebra.PosDefException(3)
LinearAlgebra.PosDefException(8)
LinearAlgebra.PosDefException(4)
LinearAlgebra.PosDefException(4)
LinearAlgebra.PosDefException(46)
LinearAlgebra.PosDefException(131)
LinearAlgebra.PosDefException(308)
LinearAlgebra.PosDefException(872)
LinearAlgebra.PosDefException(6)
LinearAlgebra.PosDefException(3)
LinearAlgebra.PosDefException(2)
LinearAlgebra.PosDefException(4)
LinearAlgebra.PosDefException(7)
LinearAlgebra.PosDefException(5)
LinearAlgebra.PosDefException(88)
LinearAlgebra.PosDefException(2)
LinearAlgebra.PosDefException(2)
LinearAlgebra.PosDefException(2)
LinearAlgebra.PosDefException(3)
LinearAlgebra.PosDefException(2)
LinearAlgebra.PosDefException(5)
LinearAlgebra.PosDefException(6)
LinearAlgebra.PosDefException(86)
LinearAlgebra.PosDefException(2)
LinearAlgebra.PosDefException(2)
LinearAlgebra.PosDefException(2)
LinearAlgebra.PosDefException(2)
LinearAlgebra.PosDefException(6)
LinearAlgebra.PosDefException(3)
LinearAlgebra.PosDefException(3)
LinearAlgebra.PosDefException(4)
LinearAlgebra.PosDefException(6)
LinearAlgebra.PosDefException(526)
LinearAlgebra.PosDefException(1)
LinearAlgebra.PosDefException(6)
LinearAlgebra.PosDefException(2)
LinearAlgebra.PosDefException(2)
LinearAlgebra.PosDefException(3)
LinearAlgebra.PosDefException(5)
LinearAlgebra.PosDefException(4)
LinearAlgebra.PosDefException(6)
LinearAlgebra.PosDefException(139)
LinearAlgebra.PosDefException(1)
LinearAlgebra.PosDefException(3)
LinearAlgebra.PosDefException(2)
LinearAlgebra.PosDefException(2)
LinearAlgebra.PosDefException(2)
LinearAlgebra.PosDefException(2)
LinearAlgebra.PosDefException(3)
LinearAlgebra.PosDefException(3)
LinearAlgebra.PosDefException(10)
LinearAlgebra.PosDefException(100)
LinearAlgebra.PosDefException(951)
LinearAlgebra.PosDefException(2)
LinearAlgebra.PosDefException(3)
LinearAlgebra.PosDefException(2)
LinearAlgebra.PosDefException(4)
LinearAlgebra.PosDefException(7)
LinearAlgebra.PosDefException(5)
LinearAlgebra.PosDefException(90)
LinearAlgebra.PosDefException(2)
LinearAlgebra.PosDefException(2)
LinearAlgebra.PosDefException(2)
LinearAlgebra.PosDefException(2)
LinearAlgebra.PosDefException(3)
LinearAlgebra.PosDefException(5)
LinearAlgebra.PosDefException(4)
LinearAlgebra.PosDefException(83)
LinearAlgebra.PosDefException(2)
LinearAlgebra.PosDefException(2)
LinearAlgebra.PosDefException(6)
LinearAlgebra.PosDefException(2)
LinearAlgebra.PosDefException(6)
LinearAlgebra.PosDefException(4)
LinearAlgebra.PosDefException(5)
LinearAlgebra.PosDefException(8)
LinearAlgebra.PosDefException(7)
LinearAlgebra.PosDefException(454)
LinearAlgebra.PosDefException(2)
LinearAlgebra.PosDefException(2)
LinearAlgebra.PosDefException(4)
LinearAlgebra.PosDefException(3)
LinearAlgebra.PosDefException(6)
LinearAlgebra.PosDefException(4)
LinearAlgebra.PosDefException(14)
LinearAlgebra.PosDefException(274)
LinearAlgebra.PosDefException(2)
LinearAlgebra.PosDefException(2)
LinearAlgebra.PosDefException(2)
LinearAlgebra.PosDefException(2)
LinearAlgebra.PosDefException(2)
LinearAlgebra.PosDefException(5)
LinearAlgebra.PosDefException(4)
LinearAlgebra.PosDefException(4)
LinearAlgebra.PosDefException(4)
LinearAlgebra.PosDefException(9)
LinearAlgebra.PosDefException(51)
LinearAlgebra.PosDefException(259)
LinearAlgebra.PosDefException(908)
LinearAlgebra.PosDefException(829)
LinearAlgebra.PosDefException(857)
LinearAlgebra.PosDefException(911)
LinearAlgebra.PosDefException(991)
LinearAlgebra.PosDefException(6)
LinearAlgebra.PosDefException(5)
LinearAlgebra.PosDefException(4)
LinearAlgebra.PosDefException(6)
LinearAlgebra.PosDefException(6)
LinearAlgebra.PosDefException(8)
LinearAlgebra.PosDefException(4)
LinearAlgebra.PosDefException(32)
LinearAlgebra.PosDefException(88)
LinearAlgebra.PosDefException(196)
LinearAlgebra.PosDefException(340)
LinearAlgebra.PosDefException(371)
LinearAlgebra.PosDefException(990)
LinearAlgebra.PosDefException(6)
LinearAlgebra.PosDefException(2)
LinearAlgebra.PosDefException(2)
LinearAlgebra.PosDefException(5)
LinearAlgebra.PosDefException(3)
LinearAlgebra.PosDefException(4)
LinearAlgebra.PosDefException(85)
LinearAlgebra.PosDefException(2)
LinearAlgebra.PosDefException(2)
LinearAlgebra.PosDefException(2)
LinearAlgebra.PosDefException(2)
LinearAlgebra.PosDefException(3)
LinearAlgebra.PosDefException(3)
LinearAlgebra.PosDefException(4)
LinearAlgebra.PosDefException(86)
LinearAlgebra.PosDefException(2)
LinearAlgebra.PosDefException(3)
LinearAlgebra.PosDefException(3)
LinearAlgebra.PosDefException(2)
LinearAlgebra.PosDefException(2)
LinearAlgebra.PosDefException(4)
LinearAlgebra.PosDefException(4)
LinearAlgebra.PosDefException(4)
LinearAlgebra.PosDefException(8)
LinearAlgebra.PosDefException(263)
LinearAlgebra.PosDefException(2)
LinearAlgebra.PosDefException(2)
LinearAlgebra.PosDefException(3)
LinearAlgebra.PosDefException(3)
LinearAlgebra.PosDefException(6)
LinearAlgebra.PosDefException(4)
LinearAlgebra.PosDefException(22)
LinearAlgebra.PosDefException(305)
LinearAlgebra.PosDefException(2)
LinearAlgebra.PosDefException(2)
LinearAlgebra.PosDefException(2)
LinearAlgebra.PosDefException(5)
LinearAlgebra.PosDefException(5)
LinearAlgebra.PosDefException(6)
LinearAlgebra.PosDefException(4)
LinearAlgebra.PosDefException(8)
LinearAlgebra.PosDefException(76)
LinearAlgebra.PosDefException(298)
LinearAlgebra.PosDefException(5)
LinearAlgebra.PosDefException(4)
LinearAlgebra.PosDefException(5)
LinearAlgebra.PosDefException(8)
LinearAlgebra.PosDefException(5)
LinearAlgebra.PosDefException(7)
LinearAlgebra.PosDefException(5)
LinearAlgebra.PosDefException(9)
LinearAlgebra.PosDefException(75)
LinearAlgebra.PosDefException(151)
LinearAlgebra.PosDefException(303)
LinearAlgebra.PosDefException(6)
LinearAlgebra.PosDefException(5)
LinearAlgebra.PosDefException(8)
LinearAlgebra.PosDefException(5)
LinearAlgebra.PosDefException(8)
LinearAlgebra.PosDefException(8)
LinearAlgebra.PosDefException(6)
LinearAlgebra.PosDefException(10)
LinearAlgebra.PosDefException(47)
LinearAlgebra.PosDefException(156)
LinearAlgebra.PosDefException(313)
LinearAlgebra.PosDefException(299)
LinearAlgebra.PosDefException(321)
LinearAlgebra.PosDefException(338)
LinearAlgebra.PosDefException(381)
LinearAlgebra.PosDefException(467)
LinearAlgebra.PosDefException(559)
LinearAlgebra.PosDefException(626)
LinearAlgebra.PosDefException(739)
LinearAlgebra.PosDefException(835)
LinearAlgebra.PosDefException(897)
LinearAlgebra.PosDefException(962)
LinearAlgebra.PosDefException(930)
LinearAlgebra.PosDefException(987)
LinearAlgebra.PosDefException(984)
LinearAlgebra.PosDefException(835)
LinearAlgebra.PosDefException(868)
LinearAlgebra.PosDefException(851)
LinearAlgebra.PosDefException(859)
LinearAlgebra.PosDefException(957)
LinearAlgebra.PosDefException(888)
LinearAlgebra.PosDefException(953)
LinearAlgebra.PosDefException(926)
LinearAlgebra.PosDefException(830)
LinearAlgebra.PosDefException(991)
LinearAlgebra.PosDefException(859)
LinearAlgebra.PosDefException(888)
LinearAlgebra.PosDefException(806)
LinearAlgebra.PosDefException(869)
LinearAlgebra.PosDefException(898)
LinearAlgebra.PosDefException(861)
LinearAlgebra.PosDefException(904)
LinearAlgebra.PosDefException(968)
LinearAlgebra.PosDefException(902)
LinearAlgebra.PosDefException(886)
LinearAlgebra.PosDefException(934)
LinearAlgebra.PosDefException(980)
LinearAlgebra.PosDefException(989)
LinearAlgebra.PosDefException(935)
LinearAlgebra.PosDefException(902)
LinearAlgebra.PosDefException(933)
LinearAlgebra.PosDefException(839)
LinearAlgebra.PosDefException(851)
LinearAlgebra.PosDefException(848)
LinearAlgebra.PosDefException(939)
LinearAlgebra.PosDefException(993)
LinearAlgebra.PosDefException(853)
LinearAlgebra.PosDefException(2)
LinearAlgebra.PosDefException(2)
LinearAlgebra.PosDefException(2)
LinearAlgebra.PosDefException(3)
LinearAlgebra.PosDefException(4)
LinearAlgebra.PosDefException(6)
LinearAlgebra.PosDefException(89)
LinearAlgebra.PosDefException(2)
LinearAlgebra.PosDefException(6)
LinearAlgebra.PosDefException(2)
LinearAlgebra.PosDefException(2)
LinearAlgebra.PosDefException(3)
LinearAlgebra.PosDefException(4)
LinearAlgebra.PosDefException(4)
LinearAlgebra.PosDefException(86)
LinearAlgebra.PosDefException(2)
LinearAlgebra.PosDefException(2)
LinearAlgebra.PosDefException(2)
LinearAlgebra.PosDefException(3)
LinearAlgebra.PosDefException(2)
LinearAlgebra.PosDefException(4)
LinearAlgebra.PosDefException(5)
LinearAlgebra.PosDefException(4)
LinearAlgebra.PosDefException(6)
LinearAlgebra.PosDefException(3)
LinearAlgebra.PosDefException(7)
LinearAlgebra.PosDefException(7)
LinearAlgebra.PosDefException(7)
LinearAlgebra.PosDefException(6)
LinearAlgebra.PosDefException(25)
LinearAlgebra.PosDefException(96)
LinearAlgebra.PosDefException(247)
LinearAlgebra.PosDefException(385)
LinearAlgebra.PosDefException(548)
LinearAlgebra.PosDefException(717)
LinearAlgebra.PosDefException(2)
LinearAlgebra.PosDefException(2)
LinearAlgebra.PosDefException(2)
LinearAlgebra.PosDefException(2)
LinearAlgebra.PosDefException(2)
LinearAlgebra.PosDefException(4)
LinearAlgebra.PosDefException(3)
LinearAlgebra.PosDefException(5)
LinearAlgebra.PosDefException(4)
LinearAlgebra.PosDefException(4)
LinearAlgebra.PosDefException(9)
LinearAlgebra.PosDefException(12)
LinearAlgebra.PosDefException(75)
LinearAlgebra.PosDefException(200)
LinearAlgebra.PosDefException(345)
LinearAlgebra.PosDefException(467)
LinearAlgebra.PosDefException(607)
LinearAlgebra.PosDefException(667)
LinearAlgebra.PosDefException(933)
LinearAlgebra.PosDefException(847)
LinearAlgebra.PosDefException(900)
LinearAlgebra.PosDefException(816)
LinearAlgebra.PosDefException(838)
LinearAlgebra.PosDefException(788)
LinearAlgebra.PosDefException(828)
LinearAlgebra.PosDefException(871)
LinearAlgebra.PosDefException(936)
LinearAlgebra.PosDefException(884)
LinearAlgebra.PosDefException(926)
LinearAlgebra.PosDefException(924)
LinearAlgebra.PosDefException(946)
LinearAlgebra.PosDefException(752)
LinearAlgebra.PosDefException(880)
LinearAlgebra.PosDefException(916)
LinearAlgebra.PosDefException(804)
LinearAlgebra.PosDefException(858)
LinearAlgebra.PosDefException(804)
LinearAlgebra.PosDefException(864)
LinearAlgebra.PosDefException(786)
LinearAlgebra.PosDefException(754)
LinearAlgebra.PosDefException(862)
LinearAlgebra.PosDefException(809)
LinearAlgebra.PosDefException(758)
LinearAlgebra.PosDefException(781)
LinearAlgebra.PosDefException(849)
LinearAlgebra.PosDefException(858)
LinearAlgebra.PosDefException(849)
LinearAlgebra.PosDefException(717)
LinearAlgebra.PosDefException(900)
LinearAlgebra.PosDefException(915)
LinearAlgebra.PosDefException(879)
LinearAlgebra.PosDefException(912)
LinearAlgebra.PosDefException(870)
LinearAlgebra.PosDefException(796)
LinearAlgebra.PosDefException(978)
LinearAlgebra.PosDefException(968)
LinearAlgebra.PosDefException(834)
LinearAlgebra.PosDefException(972)
LinearAlgebra.PosDefException(808)
LinearAlgebra.PosDefException(903)
LinearAlgebra.PosDefException(800)
LinearAlgebra.PosDefException(907)
LinearAlgebra.PosDefException(823)
LinearAlgebra.PosDefException(836)
LinearAlgebra.PosDefException(779)
LinearAlgebra.PosDefException(835)
LinearAlgebra.PosDefException(845)
LinearAlgebra.PosDefException(807)
LinearAlgebra.PosDefException(862)
LinearAlgebra.PosDefException(928)
LinearAlgebra.PosDefException(969)
LinearAlgebra.PosDefException(848)
LinearAlgebra.PosDefException(805)
LinearAlgebra.PosDefException(847)
LinearAlgebra.PosDefException(2)
LinearAlgebra.PosDefException(3)
LinearAlgebra.PosDefException(2)
LinearAlgebra.PosDefException(4)
LinearAlgebra.PosDefException(5)
LinearAlgebra.PosDefException(4)
LinearAlgebra.PosDefException(90)
LinearAlgebra.PosDefException(2)
LinearAlgebra.PosDefException(2)
LinearAlgebra.PosDefException(2)
LinearAlgebra.PosDefException(2)
LinearAlgebra.PosDefException(2)
LinearAlgebra.PosDefException(3)
LinearAlgebra.PosDefException(7)
LinearAlgebra.PosDefException(88)
LinearAlgebra.PosDefException(2)
LinearAlgebra.PosDefException(2)
LinearAlgebra.PosDefException(3)
LinearAlgebra.PosDefException(6)
LinearAlgebra.PosDefException(2)
LinearAlgebra.PosDefException(4)
LinearAlgebra.PosDefException(3)
LinearAlgebra.PosDefException(5)
LinearAlgebra.PosDefException(7)
LinearAlgebra.PosDefException(474)
LinearAlgebra.PosDefException(2)
LinearAlgebra.PosDefException(3)
LinearAlgebra.PosDefException(2)
LinearAlgebra.PosDefException(3)
LinearAlgebra.PosDefException(3)
LinearAlgebra.PosDefException(4)
LinearAlgebra.PosDefException(4)
LinearAlgebra.PosDefException(5)
LinearAlgebra.PosDefException(92)
LinearAlgebra.PosDefException(3)
LinearAlgebra.PosDefException(3)
LinearAlgebra.PosDefException(4)
LinearAlgebra.PosDefException(4)
LinearAlgebra.PosDefException(6)
LinearAlgebra.PosDefException(38)
LinearAlgebra.PosDefException(153)
LinearAlgebra.PosDefException(356)
LinearAlgebra.PosDefException(736)
LinearAlgebra.PosDefException(5)
LinearAlgebra.PosDefException(6)
LinearAlgebra.PosDefException(5)
LinearAlgebra.PosDefException(5)
LinearAlgebra.PosDefException(5)
LinearAlgebra.PosDefException(5)
LinearAlgebra.PosDefException(5)
LinearAlgebra.PosDefException(10)
LinearAlgebra.PosDefException(51)
LinearAlgebra.PosDefException(184)
LinearAlgebra.PosDefException(353)
LinearAlgebra.PosDefException(366)
LinearAlgebra.PosDefException(346)
LinearAlgebra.PosDefException(371)
LinearAlgebra.PosDefException(441)
LinearAlgebra.PosDefException(5)
LinearAlgebra.PosDefException(5)
LinearAlgebra.PosDefException(6)
LinearAlgebra.PosDefException(5)
LinearAlgebra.PosDefException(5)
LinearAlgebra.PosDefException(7)
LinearAlgebra.PosDefException(5)
LinearAlgebra.PosDefException(19)
LinearAlgebra.PosDefException(96)
LinearAlgebra.PosDefException(182)
LinearAlgebra.PosDefException(337)
LinearAlgebra.PosDefException(363)
LinearAlgebra.PosDefException(357)
LinearAlgebra.PosDefException(441)
LinearAlgebra.PosDefException(535)
LinearAlgebra.PosDefException(695)
LinearAlgebra.PosDefException(799)
LinearAlgebra.PosDefException(871)
LinearAlgebra.PosDefException(846)
LinearAlgebra.PosDefException(914)
LinearAlgebra.PosDefException(934)
LinearAlgebra.PosDefException(886)
LinearAlgebra.PosDefException(856)
LinearAlgebra.PosDefException(863)
LinearAlgebra.PosDefException(911)
LinearAlgebra.PosDefException(2)
LinearAlgebra.PosDefException(2)
LinearAlgebra.PosDefException(6)
LinearAlgebra.PosDefException(3)
LinearAlgebra.PosDefException(3)
LinearAlgebra.PosDefException(4)
LinearAlgebra.PosDefException(85)
LinearAlgebra.PosDefException(2)
LinearAlgebra.PosDefException(3)
LinearAlgebra.PosDefException(2)
LinearAlgebra.PosDefException(2)
LinearAlgebra.PosDefException(3)
LinearAlgebra.PosDefException(4)
LinearAlgebra.PosDefException(4)
LinearAlgebra.PosDefException(77)
LinearAlgebra.PosDefException(2)
LinearAlgebra.PosDefException(2)
LinearAlgebra.PosDefException(2)
LinearAlgebra.PosDefException(2)
LinearAlgebra.PosDefException(2)
LinearAlgebra.PosDefException(5)
LinearAlgebra.PosDefException(3)
LinearAlgebra.PosDefException(4)
LinearAlgebra.PosDefException(4)
LinearAlgebra.PosDefException(294)
LinearAlgebra.PosDefException(2)
LinearAlgebra.PosDefException(5)
LinearAlgebra.PosDefException(5)
LinearAlgebra.PosDefException(4)
LinearAlgebra.PosDefException(4)
LinearAlgebra.PosDefException(12)
LinearAlgebra.PosDefException(174)
LinearAlgebra.PosDefException(2)
LinearAlgebra.PosDefException(2)
LinearAlgebra.PosDefException(3)
LinearAlgebra.PosDefException(4)
LinearAlgebra.PosDefException(5)
LinearAlgebra.PosDefException(4)
LinearAlgebra.PosDefException(6)
LinearAlgebra.PosDefException(42)
LinearAlgebra.PosDefException(181)
LinearAlgebra.PosDefException(445)
LinearAlgebra.PosDefException(1)
LinearAlgebra.PosDefException(1)
LinearAlgebra.PosDefException(5)
LinearAlgebra.PosDefException(43)
LinearAlgebra.PosDefException(234)
LinearAlgebra.PosDefException(797)
LinearAlgebra.PosDefException(3)
LinearAlgebra.PosDefException(5)
LinearAlgebra.PosDefException(12)
LinearAlgebra.PosDefException(71)
LinearAlgebra.PosDefException(226)
LinearAlgebra.PosDefException(382)
LinearAlgebra.PosDefException(575)
LinearAlgebra.PosDefException(734)
LinearAlgebra.PosDefException(6)
LinearAlgebra.PosDefException(6)
LinearAlgebra.PosDefException(2)
LinearAlgebra.PosDefException(2)
LinearAlgebra.PosDefException(2)
LinearAlgebra.PosDefException(3)
LinearAlgebra.PosDefException(2)
LinearAlgebra.PosDefException(2)
LinearAlgebra.PosDefException(6)
LinearAlgebra.PosDefException(4)
LinearAlgebra.PosDefException(3)
LinearAlgebra.PosDefException(11)
LinearAlgebra.PosDefException(91)
LinearAlgebra.PosDefException(248)
LinearAlgebra.PosDefException(387)
LinearAlgebra.PosDefException(605)
LinearAlgebra.PosDefException(771)
LinearAlgebra.PosDefException(2)
LinearAlgebra.PosDefException(2)
LinearAlgebra.PosDefException(2)
LinearAlgebra.PosDefException(5)
LinearAlgebra.PosDefException(4)
LinearAlgebra.PosDefException(6)
LinearAlgebra.PosDefException(92)
LinearAlgebra.PosDefException(3)
LinearAlgebra.PosDefException(2)
LinearAlgebra.PosDefException(3)
LinearAlgebra.PosDefException(2)
LinearAlgebra.PosDefException(3)
LinearAlgebra.PosDefException(3)
LinearAlgebra.PosDefException(5)
LinearAlgebra.PosDefException(90)
LinearAlgebra.PosDefException(2)
LinearAlgebra.PosDefException(2)
LinearAlgebra.PosDefException(3)
LinearAlgebra.PosDefException(2)
LinearAlgebra.PosDefException(3)
LinearAlgebra.PosDefException(4)
LinearAlgebra.PosDefException(3)
LinearAlgebra.PosDefException(5)
LinearAlgebra.PosDefException(6)
LinearAlgebra.PosDefException(471)
LinearAlgebra.PosDefException(2)
LinearAlgebra.PosDefException(2)
LinearAlgebra.PosDefException(2)
LinearAlgebra.PosDefException(2)
LinearAlgebra.PosDefException(3)
LinearAlgebra.PosDefException(4)
LinearAlgebra.PosDefException(4)
LinearAlgebra.PosDefException(4)
LinearAlgebra.PosDefException(45)
LinearAlgebra.PosDefException(1)
LinearAlgebra.PosDefException(1)
LinearAlgebra.PosDefException(3)
LinearAlgebra.PosDefException(3)
LinearAlgebra.PosDefException(4)
LinearAlgebra.PosDefException(4)
LinearAlgebra.PosDefException(6)
LinearAlgebra.PosDefException(4)
LinearAlgebra.PosDefException(16)
LinearAlgebra.PosDefException(226)
LinearAlgebra.PosDefException(4)
LinearAlgebra.PosDefException(3)
LinearAlgebra.PosDefException(7)
LinearAlgebra.PosDefException(4)
LinearAlgebra.PosDefException(5)
LinearAlgebra.PosDefException(4)
LinearAlgebra.PosDefException(8)
LinearAlgebra.PosDefException(86)
LinearAlgebra.PosDefException(275)
LinearAlgebra.PosDefException(561)
LinearAlgebra.PosDefException(6)
LinearAlgebra.PosDefException(3)
LinearAlgebra.PosDefException(2)
LinearAlgebra.PosDefException(3)
LinearAlgebra.PosDefException(5)
LinearAlgebra.PosDefException(4)
LinearAlgebra.PosDefException(85)
LinearAlgebra.PosDefException(2)
LinearAlgebra.PosDefException(2)
LinearAlgebra.PosDefException(2)
LinearAlgebra.PosDefException(3)
LinearAlgebra.PosDefException(2)
LinearAlgebra.PosDefException(3)
LinearAlgebra.PosDefException(4)
LinearAlgebra.PosDefException(78)
LinearAlgebra.PosDefException(3)
LinearAlgebra.PosDefException(2)
LinearAlgebra.PosDefException(6)
LinearAlgebra.PosDefException(2)
LinearAlgebra.PosDefException(2)
LinearAlgebra.PosDefException(4)
LinearAlgebra.PosDefException(3)
LinearAlgebra.PosDefException(4)
LinearAlgebra.PosDefException(6)
LinearAlgebra.PosDefException(651)
LinearAlgebra.PosDefException(2)
LinearAlgebra.PosDefException(2)
LinearAlgebra.PosDefException(3)
LinearAlgebra.PosDefException(9)
LinearAlgebra.PosDefException(6)
LinearAlgebra.PosDefException(9)
LinearAlgebra.PosDefException(96)
LinearAlgebra.PosDefException(2)
LinearAlgebra.PosDefException(2)
LinearAlgebra.PosDefException(2)
LinearAlgebra.PosDefException(2)
LinearAlgebra.PosDefException(3)
LinearAlgebra.PosDefException(2)
LinearAlgebra.PosDefException(2)
LinearAlgebra.PosDefException(3)
LinearAlgebra.PosDefException(3)
LinearAlgebra.PosDefException(4)
LinearAlgebra.PosDefException(4)
LinearAlgebra.PosDefException(6)
LinearAlgebra.PosDefException(34)
LinearAlgebra.PosDefException(157)
LinearAlgebra.PosDefException(372)
LinearAlgebra.PosDefException(2)
LinearAlgebra.PosDefException(3)
LinearAlgebra.PosDefException(3)
LinearAlgebra.PosDefException(2)
LinearAlgebra.PosDefException(2)
LinearAlgebra.PosDefException(2)
LinearAlgebra.PosDefException(2)
LinearAlgebra.PosDefException(6)
LinearAlgebra.PosDefException(3)
LinearAlgebra.PosDefException(2)
LinearAlgebra.PosDefException(2)
LinearAlgebra.PosDefException(2)
LinearAlgebra.PosDefException(3)
LinearAlgebra.PosDefException(4)
LinearAlgebra.PosDefException(4)
LinearAlgebra.PosDefException(4)
LinearAlgebra.PosDefException(5)
LinearAlgebra.PosDefException(18)
LinearAlgebra.PosDefException(93)
LinearAlgebra.PosDefException(221)
LinearAlgebra.PosDefException(352)
LinearAlgebra.PosDefException(465)
LinearAlgebra.PosDefException(588)
LinearAlgebra.PosDefException(691)
LinearAlgebra.PosDefException(906)
LinearAlgebra.PosDefException(895)
LinearAlgebra.PosDefException(836)
LinearAlgebra.PosDefException(943)
LinearAlgebra.PosDefException(846)
LinearAlgebra.PosDefException(2)
LinearAlgebra.PosDefException(2)
LinearAlgebra.PosDefException(2)
LinearAlgebra.PosDefException(6)
LinearAlgebra.PosDefException(6)
LinearAlgebra.PosDefException(4)
LinearAlgebra.PosDefException(89)
LinearAlgebra.PosDefException(3)
LinearAlgebra.PosDefException(2)
LinearAlgebra.PosDefException(3)
LinearAlgebra.PosDefException(2)
LinearAlgebra.PosDefException(2)
LinearAlgebra.PosDefException(3)
LinearAlgebra.PosDefException(5)
LinearAlgebra.PosDefException(80)
LinearAlgebra.PosDefException(2)
LinearAlgebra.PosDefException(2)
LinearAlgebra.PosDefException(3)
LinearAlgebra.PosDefException(2)
LinearAlgebra.PosDefException(2)
LinearAlgebra.PosDefException(3)
LinearAlgebra.PosDefException(3)
LinearAlgebra.PosDefException(5)
LinearAlgebra.PosDefException(4)
LinearAlgebra.PosDefException(445)
LinearAlgebra.PosDefException(2)
LinearAlgebra.PosDefException(4)
LinearAlgebra.PosDefException(3)
LinearAlgebra.PosDefException(6)
LinearAlgebra.PosDefException(4)
LinearAlgebra.PosDefException(8)
LinearAlgebra.PosDefException(278)
LinearAlgebra.PosDefException(3)
LinearAlgebra.PosDefException(2)
LinearAlgebra.PosDefException(3)
LinearAlgebra.PosDefException(4)
LinearAlgebra.PosDefException(3)
LinearAlgebra.PosDefException(4)
LinearAlgebra.PosDefException(4)
LinearAlgebra.PosDefException(4)
LinearAlgebra.PosDefException(46)
LinearAlgebra.PosDefException(254)
LinearAlgebra.PosDefException(3)
LinearAlgebra.PosDefException(5)
LinearAlgebra.PosDefException(7)
LinearAlgebra.PosDefException(4)
LinearAlgebra.PosDefException(6)
LinearAlgebra.PosDefException(21)
LinearAlgebra.PosDefException(86)
LinearAlgebra.PosDefException(224)
LinearAlgebra.PosDefException(365)
LinearAlgebra.PosDefException(480)
LinearAlgebra.PosDefException(603)
LinearAlgebra.PosDefException(681)
LinearAlgebra.PosDefException(787)
LinearAlgebra.PosDefException(847)
LinearAlgebra.PosDefException(910)
LinearAlgebra.PosDefException(911)
LinearAlgebra.PosDefException(807)
LinearAlgebra.PosDefException(823)
LinearAlgebra.PosDefException(921)
LinearAlgebra.PosDefException(960)
LinearAlgebra.PosDefException(912)
LinearAlgebra.PosDefException(952)
LinearAlgebra.PosDefException(849)
LinearAlgebra.PosDefException(901)
LinearAlgebra.PosDefException(849)
LinearAlgebra.PosDefException(953)
LinearAlgebra.PosDefException(2)
LinearAlgebra.PosDefException(2)
LinearAlgebra.PosDefException(2)
LinearAlgebra.PosDefException(4)
LinearAlgebra.PosDefException(3)
LinearAlgebra.PosDefException(7)
LinearAlgebra.PosDefException(86)
LinearAlgebra.PosDefException(6)
LinearAlgebra.PosDefException(2)
LinearAlgebra.PosDefException(2)
LinearAlgebra.PosDefException(2)
LinearAlgebra.PosDefException(5)
LinearAlgebra.PosDefException(4)
LinearAlgebra.PosDefException(4)
LinearAlgebra.PosDefException(89)
LinearAlgebra.PosDefException(3)
LinearAlgebra.PosDefException(2)
LinearAlgebra.PosDefException(6)
LinearAlgebra.PosDefException(3)
LinearAlgebra.PosDefException(2)
LinearAlgebra.PosDefException(4)
LinearAlgebra.PosDefException(4)
LinearAlgebra.PosDefException(5)
LinearAlgebra.PosDefException(5)
LinearAlgebra.PosDefException(299)
LinearAlgebra.PosDefException(2)
LinearAlgebra.PosDefException(2)
LinearAlgebra.PosDefException(2)
LinearAlgebra.PosDefException(3)
LinearAlgebra.PosDefException(3)
LinearAlgebra.PosDefException(4)
LinearAlgebra.PosDefException(4)
LinearAlgebra.PosDefException(4)
LinearAlgebra.PosDefException(59)
LinearAlgebra.PosDefException(739)
LinearAlgebra.PosDefException(1)
LinearAlgebra.PosDefException(1)
LinearAlgebra.PosDefException(3)
LinearAlgebra.PosDefException(2)
LinearAlgebra.PosDefException(2)
LinearAlgebra.PosDefException(2)
LinearAlgebra.PosDefException(8)
LinearAlgebra.PosDefException(94)
LinearAlgebra.PosDefException(382)
LinearAlgebra.PosDefException(2)
LinearAlgebra.PosDefException(4)
LinearAlgebra.PosDefException(4)
LinearAlgebra.PosDefException(3)
LinearAlgebra.PosDefException(4)
LinearAlgebra.PosDefException(5)
LinearAlgebra.PosDefException(4)
LinearAlgebra.PosDefException(9)
LinearAlgebra.PosDefException(64)
LinearAlgebra.PosDefException(273)
LinearAlgebra.PosDefException(575)
LinearAlgebra.PosDefException(361)
LinearAlgebra.PosDefException(730)
LinearAlgebra.PosDefException(650)
LinearAlgebra.PosDefException(627)
LinearAlgebra.PosDefException(616)
LinearAlgebra.PosDefException(666)
LinearAlgebra.PosDefException(851)
Optimization did not improve residual (initial: 8.676435847605894e-17, final: 8.676435847605894e-17)
Optimization did not improve residual (initial: 2.8521361546956324e-15, final: 2.8521361546956324e-15)
Optimization did not improve residual (initial: 7.979628881603724e-15, final: 7.979628881603724e-15)
Optimization improved residual by 1.1614920305798004 (from 1.1614920305804464 to 6.458670017243674e-13)
Optimization did not improve residual (initial: 9.65721606858671e-16, final: 9.65721606858671e-16)
Optimization did not improve residual (initial: 5.534896584062921e-16, final: 5.534896584062921e-16)
Optimization did not improve residual (initial: 2.5866146412845156e-16, final: 2.5866146412845156e-16)
Optimization did not improve residual (initial: 8.319589888603465e-17, final: 8.319589888603465e-17)
Optimization did not improve residual (initial: 5.830750175962112e-17, final: 5.830750175962112e-17)
Optimization did not improve residual (initial: 2.2220635154105755e-15, final: 2.2220635154105755e-15)
Optimization did not improve residual (initial: 6.916073309087207e-17, final: 6.916073309087207e-17)
Optimization did not improve residual (initial: 1.4709726929562643e-16, final: 1.4709726929562643e-16)
Optimization did not improve residual (initial: 3.1552474367992705e-16, final: 3.1552474367992705e-16)
Optimization improved residual by 0.34820889111469894 (from 0.3482088911147293 to 3.037499197236836e-14)
Optimization did not improve residual (initial: 1.5882481288335032e-16, final: 1.5882481288335032e-16)
Optimization improved residual by 0.34820889111469894 (from 0.3482088911147293 to 3.037499197236836e-14)
Optimization did not improve residual (initial: 5.347746847939236e-17, final: 5.347746847939236e-17)
Optimization did not improve residual (initial: 7.800260110810532e-17, final: 7.800260110810532e-17)
Optimization did not improve residual (initial: 1.8762828904567093e-16, final: 1.8762828904567093e-16)
Optimization did not improve residual (initial: 1.5810225530632872e-16, final: 1.5810225530632872e-16)
Optimization did not improve residual (initial: 4.226531577245982e-16, final: 4.226531577245982e-16)
Optimization improved residual by 1.1614920305798004 (from 1.1614920305804464 to 6.458670017243674e-13)








































