LinearAlgebra.PosDefException(3)
LinearAlgebra.PosDefException(3)
LinearAlgebra.PosDefException(2)
LinearAlgebra.PosDefException(3)
LinearAlgebra.PosDefException(5)
LinearAlgebra.PosDefException(4)
LinearAlgebra.PosDefException(2)
LinearAlgebra.PosDefException(2)
LinearAlgebra.PosDefException(2)
LinearAlgebra.PosDefException(5)
LinearAlgebra.PosDefException(5)
LinearAlgebra.PosDefException(5)
LinearAlgebra.PosDefException(2)
LinearAlgebra.PosDefException(2)
LinearAlgebra.PosDefException(2)
LinearAlgebra.PosDefException(5)
LinearAlgebra.PosDefException(5)
LinearAlgebra.PosDefException(6)
LinearAlgebra.PosDefException(203)
DEBUG [determine_optimal_points_count]: Large num points: 1
DEBUG [determine_optimal_points_count]: Good num points: 1
DEBUG [multipoint_parameter_estimation]: Parameter estimation using this many points: 1

DEBUG [pick_points]: Starting point selection...
DEBUG [pick_points]: Number of points to pick: 1
DEBUG [pick_points]: Total points available: 1001
DEBUG [pick_points]: Number of interpolants: 4

DEBUG [pick_points]: Computing interestingness scores...
DEBUG [pick_points]: Processed 100 points
DEBUG [pick_points]: Processed 200 points
DEBUG [pick_points]: Processed 300 points
DEBUG [pick_points]: Processed 400 points
DEBUG [pick_points]: Processed 500 points
DEBUG [pick_points]: Processed 600 points
DEBUG [pick_points]: Processed 700 points
DEBUG [pick_points]: Processed 800 points
DEBUG [pick_points]: Processed 900 points
DEBUG [pick_points]: Processed 1000 points

DEBUG [pick_points]: Score statistics:
DEBUG [pick_points]: Min score: 0.26573114638230233
DEBUG [pick_points]: Max score: 0.6591602477841237
DEBUG [pick_points]: Mean score: 0.4395037887486845
DEBUG [pick_points]: Normalized scores

DEBUG [pick_points]: Selected 1 points
DEBUG [pick_points]: Selected time points: [-0.998]
aa_system
Any[_t2_p_t_ - 1396403236135271//4503599627370496, _t2_e_t_ - 125548155171493//140737488355328, _t2_eˍt_t_ + 7164878674694613//18014398509481984, _t2_eˍtt_t_ - 1388726168397259//9007199254740992, _t2_eˍttt_t_ - 6741819416921961//2305843009213693952, _t2_eˍtttt_t_ + 5714981356285773//72057594037927936, _t2_s_t_ + _t2_m_t_ - 4066193163984805//4503599627370496, _t2_sˍt_t_ + _t2_mˍt_t_ + 4602119979400457//72057594037927936, _t2_mˍtt_t_ + _t2_sˍtt_t_ + 7193496400585653//576460752303423488, _t2_mˍttt_t_ + _t2_sˍttt_t_ - 8176655501535431//1152921504606846976, _t2_sˍtttt_t_ + _t2_mˍtttt_t_ - 1554494164291591//576460752303423488, _t2_mˍttttt_t_ + _t2_sˍttttt_t_ + 2986279367677545//2305843009213693952, _t2_n_t_ - 920329767238881//1125899906842624, _t2_nˍt_t_ + 4608540264619947//18014398509481984, _t2_nˍtt_t_ - 345324498022085//4503599627370496, _t2_nˍttt_t_ - 5438309468772281//288230376151711744, _t2_nˍtttt_t_ + 2338890196375391//36028797018963968, _t2_nˍttttt_t_ - 1262021719724947//144115188075855872, -_tprhoE_*_t2_e_t_*_t2_p_t_ + _tpdeltaEL_*_t2_e_t_ + _tpmuEE_*_t2_e_t_^2 - _tpdeltaNE_*_t2_n_t_*_t2_p_t_ + _t2_eˍt_t_, -_tprhoE_*_t2_e_t_*_t2_pˍt_t_ - _tprhoE_*_t2_p_t_*_t2_eˍt_t_ + _tpdeltaEL_*_t2_eˍt_t_ + 2*_tpmuEE_*_t2_e_t_*_t2_eˍt_t_ - _tpdeltaNE_*_t2_n_t_*_t2_pˍt_t_ - _tpdeltaNE_*_t2_p_t_*_t2_nˍt_t_ + _t2_eˍtt_t_, -_tprhoE_*_t2_e_t_*_t2_pˍtt_t_ - _tprhoE_*_t2_p_t_*_t2_eˍtt_t_ - 2*_tprhoE_*_t2_eˍt_t_*_t2_pˍt_t_ + _tpdeltaEL_*_t2_eˍtt_t_ + 2*_tpmuEE_*_t2_e_t_*_t2_eˍtt_t_ + 2*_tpmuEE_*_t2_eˍt_t_^2 - _tpdeltaNE_*_t2_n_t_*_t2_pˍtt_t_ - _tpdeltaNE_*_t2_p_t_*_t2_nˍtt_t_ - 2*_tpdeltaNE_*_t2_nˍt_t_*_t2_pˍt_t_ + _t2_eˍttt_t_, -_tprhoE_*_t2_e_t_*_t2_pˍttt_t_ - _tprhoE_*_t2_p_t_*_t2_eˍttt_t_ - 3*_tprhoE_*_t2_eˍt_t_*_t2_pˍtt_t_ - 3*_tprhoE_*_t2_eˍtt_t_*_t2_pˍt_t_ + _tpdeltaEL_*_t2_eˍttt_t_ + 2*_tpmuEE_*_t2_e_t_*_t2_eˍttt_t_ + 6*_tpmuEE_*_t2_eˍt_t_*_t2_eˍtt_t_ - _tpdeltaNE_*_t2_n_t_*_t2_pˍttt_t_ - _tpdeltaNE_*_t2_p_t_*_t2_nˍttt_t_ - 3*_tpdeltaNE_*_t2_nˍt_t_*_t2_pˍtt_t_ - 3*_tpdeltaNE_*_t2_nˍtt_t_*_t2_pˍt_t_ + _t2_eˍtttt_t_, _tpmuLL_*_t2_s_t_^2 - _tpdeltaEL_*_t2_s_t_ + _tpmuLE_*_t2_e_t_*_t2_s_t_ + _tpdeltaLM_*_t2_s_t_ + _t2_sˍt_t_, _tpmuM_*_t2_m_t_ - _tpdeltaLM_*_t2_s_t_ + _t2_mˍt_t_, _tpmuM_*_t2_mˍt_t_ - _tpdeltaLM_*_t2_sˍt_t_ + _t2_mˍtt_t_, 2*_tpmuLL_*_t2_s_t_*_t2_sˍt_t_ - _tpdeltaEL_*_t2_sˍt_t_ + _tpmuLE_*_t2_e_t_*_t2_sˍt_t_ + _tpmuLE_*_t2_s_t_*_t2_eˍt_t_ + _tpdeltaLM_*_t2_sˍt_t_ + _t2_sˍtt_t_, _tpmuM_*_t2_mˍtt_t_ - _tpdeltaLM_*_t2_sˍtt_t_ + _t2_mˍttt_t_, 2*_tpmuLL_*_t2_s_t_*_t2_sˍtt_t_ + 2*_tpmuLL_*_t2_sˍt_t_^2 - _tpdeltaEL_*_t2_sˍtt_t_ + _tpmuLE_*_t2_e_t_*_t2_sˍtt_t_ + _tpmuLE_*_t2_s_t_*_t2_eˍtt_t_ + 2*_tpmuLE_*_t2_eˍt_t_*_t2_sˍt_t_ + _tpdeltaLM_*_t2_sˍtt_t_ + _t2_sˍttt_t_, 2*_tpmuLL_*_t2_s_t_*_t2_sˍttt_t_ + 6*_tpmuLL_*_t2_sˍt_t_*_t2_sˍtt_t_ - _tpdeltaEL_*_t2_sˍttt_t_ + _tpmuLE_*_t2_e_t_*_t2_sˍttt_t_ + _tpmuLE_*_t2_s_t_*_t2_eˍttt_t_ + 3*_tpmuLE_*_t2_eˍt_t_*_t2_sˍtt_t_ + 3*_tpmuLE_*_t2_eˍtt_t_*_t2_sˍt_t_ + _tpdeltaLM_*_t2_sˍttt_t_ + _t2_sˍtttt_t_, _tpmuM_*_t2_mˍttt_t_ - _tpdeltaLM_*_t2_sˍttt_t_ + _t2_mˍtttt_t_, _tpmuM_*_t2_mˍtttt_t_ - _tpdeltaLM_*_t2_sˍtttt_t_ + _t2_mˍttttt_t_, 2*_tpmuLL_*_t2_s_t_*_t2_sˍtttt_t_ + 8*_tpmuLL_*_t2_sˍt_t_*_t2_sˍttt_t_ + 6*_tpmuLL_*_t2_sˍtt_t_^2 - _tpdeltaEL_*_t2_sˍtttt_t_ + _tpmuLE_*_t2_e_t_*_t2_sˍtttt_t_ + _tpmuLE_*_t2_s_t_*_t2_eˍtttt_t_ + 4*_tpmuLE_*_t2_eˍt_t_*_t2_sˍttt_t_ + 6*_tpmuLE_*_t2_eˍtt_t_*_t2_sˍtt_t_ + 4*_tpmuLE_*_t2_eˍttt_t_*_t2_sˍt_t_ + _tpdeltaLM_*_t2_sˍtttt_t_ + _t2_sˍttttt_t_, _tpmuN_*_t2_n_t_ + _tpdeltaNE_*_t2_n_t_*_t2_p_t_ + _t2_nˍt_t_, _tpmuN_*_t2_nˍt_t_ + _tpdeltaNE_*_t2_n_t_*_t2_pˍt_t_ + _tpdeltaNE_*_t2_p_t_*_t2_nˍt_t_ + _t2_nˍtt_t_, _tpmuN_*_t2_nˍtt_t_ + _tpdeltaNE_*_t2_n_t_*_t2_pˍtt_t_ + _tpdeltaNE_*_t2_p_t_*_t2_nˍtt_t_ + 2*_tpdeltaNE_*_t2_nˍt_t_*_t2_pˍt_t_ + _t2_nˍttt_t_, _tpmuN_*_t2_nˍttt_t_ + _tpdeltaNE_*_t2_n_t_*_t2_pˍttt_t_ + _tpdeltaNE_*_t2_p_t_*_t2_nˍttt_t_ + 3*_tpdeltaNE_*_t2_nˍt_t_*_t2_pˍtt_t_ + 3*_tpdeltaNE_*_t2_nˍtt_t_*_t2_pˍt_t_ + _t2_nˍtttt_t_, _tpmuN_*_t2_nˍtttt_t_ + _tpdeltaNE_*_t2_n_t_*_t2_pˍtttt_t_ + _tpdeltaNE_*_t2_p_t_*_t2_nˍtttt_t_ + 4*_tpdeltaNE_*_t2_nˍt_t_*_t2_pˍttt_t_ + 6*_tpdeltaNE_*_t2_nˍtt_t_*_t2_pˍtt_t_ + 4*_tpdeltaNE_*_t2_nˍttt_t_*_t2_pˍt_t_ + _t2_nˍttttt_t_, _tpmuPE_*_t2_e_t_*_t2_p_t_ + _tpmuPL_*_t2_s_t_*_t2_p_t_ - _tprhoP_*_t2_p_t_^2 + _tpmuP_*_t2_p_t_ + _t2_pˍt_t_, _tpmuPE_*_t2_e_t_*_t2_pˍt_t_ + _tpmuPE_*_t2_p_t_*_t2_eˍt_t_ + _tpmuPL_*_t2_s_t_*_t2_pˍt_t_ + _tpmuPL_*_t2_p_t_*_t2_sˍt_t_ - 2*_tprhoP_*_t2_p_t_*_t2_pˍt_t_ + _tpmuP_*_t2_pˍt_t_ + _t2_pˍtt_t_, _tpmuPE_*_t2_e_t_*_t2_pˍtt_t_ + _tpmuPE_*_t2_p_t_*_t2_eˍtt_t_ + 2*_tpmuPE_*_t2_eˍt_t_*_t2_pˍt_t_ + _tpmuPL_*_t2_s_t_*_t2_pˍtt_t_ + _tpmuPL_*_t2_p_t_*_t2_sˍtt_t_ + 2*_tpmuPL_*_t2_sˍt_t_*_t2_pˍt_t_ - 2*_tprhoP_*_t2_p_t_*_t2_pˍtt_t_ - 2*_tprhoP_*_t2_pˍt_t_^2 + _tpmuP_*_t2_pˍtt_t_ + _t2_pˍttt_t_, _tpmuPE_*_t2_e_t_*_t2_pˍttt_t_ + _tpmuPE_*_t2_p_t_*_t2_eˍttt_t_ + 3*_tpmuPE_*_t2_eˍt_t_*_t2_pˍtt_t_ + 3*_tpmuPE_*_t2_eˍtt_t_*_t2_pˍt_t_ + _tpmuPL_*_t2_s_t_*_t2_pˍttt_t_ + _tpmuPL_*_t2_p_t_*_t2_sˍttt_t_ + 3*_tpmuPL_*_t2_sˍt_t_*_t2_pˍtt_t_ + 3*_tpmuPL_*_t2_sˍtt_t_*_t2_pˍt_t_ - 2*_tprhoP_*_t2_p_t_*_t2_pˍttt_t_ - 6*_tprhoP_*_t2_pˍt_t_*_t2_pˍtt_t_ + _tpmuP_*_t2_pˍttt_t_ + _t2_pˍtttt_t_]
R
Multivariate polynomial ring in 41 variables over rationals
primes of bitsize 28
G-Q-Pt-FG-LT-LP(U)
G-Q-Pt-FG-LT-LP(U)
G-Q-Pt-FG-LT-LP(U)
G-Q-Pt-FG-LT-LP(U)
G-Q-Pt-FG-LT-LP(U)
G-Q-Pt-FG-LT-LP(U)
G-Q-Pt-FG-LT-LP(U)
G-Q-Pt-FG-LT-LP(U)
G-Q-Pt-FG-LT-LP(U)
G-Q-Pt-FG-LT-LP(C)
Dimension of the quotient :41
Degree of the radical :41
Use variable 32 as separating element
Run Groebner learn
Test cyclic optimization
Apply cyclic optimization 
Multi-modular computation (1 threads): G-Q-Pt-FG-LT-LP(C)
5-9-13-17-21-25-29-33-37-41-45-49-53-61-69-77-85-93-105-117-129-141-157-173-193-213-237-261-289-317-349-385-425-469-517-569-625-689-757-833-917-1009-1109-1221-1345-1481-1629-1793-1973-2173-2393-2633-2897-3189-3509-3861-
check-G-Q-Pt-FG-LT-LP(C)
Nb Primes used :3861
┌ Warning: At t=-0.635332307266183, dt was forced below floating point epsilon 1.1102230246251565e-16, and step error estimate = 1.170513540309086. Aborting. There is either an error in your model specification or the true solution is unstable (or the true solution can not be represented in the precision of Float64).
└ @ SciMLBase ~/.julia/packages/SciMLBase/Pma4a/src/integrator_interface.jl:623
┌ Warning: At t=-0.5628309251956516, dt was forced below floating point epsilon 1.1102230246251565e-16, and step error estimate = 1.1992544506136085. Aborting. There is either an error in your model specification or the true solution is unstable (or the true solution can not be represented in the precision of Float64).
└ @ SciMLBase ~/.julia/packages/SciMLBase/Pma4a/src/integrator_interface.jl:623
┌ Warning: At t=0.2428994156688216, dt was forced below floating point epsilon 2.7755575615628914e-17, and step error estimate = 1.0731907840463404. Aborting. There is either an error in your model specification or the true solution is unstable (or the true solution can not be represented in the precision of Float64).
└ @ SciMLBase ~/.julia/packages/SciMLBase/Pma4a/src/integrator_interface.jl:623
┌ Warning: At t=-0.854946352122467, dt was forced below floating point epsilon 1.1102230246251565e-16, and step error estimate = 1.02059790293312. Aborting. There is either an error in your model specification or the true solution is unstable (or the true solution can not be represented in the precision of Float64).
└ @ SciMLBase ~/.julia/packages/SciMLBase/Pma4a/src/integrator_interface.jl:623
┌ Warning: At t=-0.43358911981582066, dt was forced below floating point epsilon 5.551115123125783e-17, and step error estimate = 1.052532789740255. Aborting. There is either an error in your model specification or the true solution is unstable (or the true solution can not be represented in the precision of Float64).
└ @ SciMLBase ~/.julia/packages/SciMLBase/Pma4a/src/integrator_interface.jl:623
┌ Warning: At t=-0.998120500411992, dt was forced below floating point epsilon 1.1102230246251565e-16, and step error estimate = 2.1262774427923197. Aborting. There is either an error in your model specification or the true solution is unstable (or the true solution can not be represented in the precision of Float64).
└ @ SciMLBase ~/.julia/packages/SciMLBase/Pma4a/src/integrator_interface.jl:623
┌ Warning: At t=0.12298722933569847, dt was forced below floating point epsilon 1.3877787807814457e-17, and step error estimate = 1.1892408518057072. Aborting. There is either an error in your model specification or the true solution is unstable (or the true solution can not be represented in the precision of Float64).
└ @ SciMLBase ~/.julia/packages/SciMLBase/Pma4a/src/integrator_interface.jl:623
13-element Vector{Vector{Vector{BigFloat}}}:
 [[-0.1325717, -0.13257146], [461606.5, 461607.0], [-0.76634693, -0.76634598], [1.3868771, 1.386879], [-0.35895109, -0.35895061], [0.093674183, 0.093674302], [-0.62386799, -0.62386703], [220.87354, 220.87378], [0.30918074, 0.30918121], [-0.32581854, -0.32581806], [0.012881547, 0.012881562], [3.0214272, 3.021431], [-96.071289, -96.071167], [0.81741619, 0.81741714], [0.89207268, 0.89207363], [-0.00021402864, -0.00021402841], [0.90308952, 0.90309048], [0.31006336, 0.31006384], [-0.39773083, -0.39773035], [0.15417957, 0.15417981], [0.0029237978, 0.0029238015], [-0.079311371, -0.079311252], [0.0001670362, 0.00016703643], [-0.064034343, -0.064034224], [-0.01004903, -0.010049015], [-0.0024297014, -0.0024296977], [0.23436546, 0.2343657], [-0.22727346, -0.22727323], [-21.809814, -21.809784], [21.812469, 21.8125], [2093.2461, 2093.25], [-2093.2539, -2093.25], [0.023876995, 0.023877025], [-0.25582552, -0.25582504], [0.076677442, 0.076677561], [0.01886791, 0.01886794], [-0.064917326, -0.064917207], [0.008757025, 0.0087570399], [0.0013716724, 0.0013716742], [-0.016497523, -0.016497493], [0.0080182254, 0.0080182403]]
 [[-1.184412, -1.1844101], [-0.024424762, -0.024424732], [-0.76634693, -0.76634598], [1.3868771, 1.386879], [-0.35895109, -0.35895061], [-2.1590271, -2.1590233], [-0.62386799, -0.62386703], [-0.023924381, -0.023924351], [1.5833874, 1.5833893], [11.853683, 11.853699], [0.028151065, 0.028151095], [3.0214272, 3.021431], [1.5661659, 1.5661678], [0.81741619, 0.81741714], [0.89207268, 0.89207363], [2.9679375, 2.9679413], [-2.0650673, -2.0650635], [0.31006336, 0.31006384], [-0.39773083, -0.39773035], [0.15417957, 0.15417981], [0.0029237978, 0.0029238015], [-0.079311371, -0.079311252], [-0.25362778, -0.2536273], [0.18975997, 0.18976021], [0.012474433, 0.012474447], [-0.024953187, -0.024953157], [-0.012148172, -0.012148157], [0.01924026, 0.01924029], [-0.0012086593, -0.0012086574], [0.003905274, 0.0039052777], [0.0065386295, 0.006538637], [-0.0078337342, -0.0078337193], [0.023876995, 0.023877025], [-0.25582552, -0.25582504], [0.076677442, 0.076677561], [0.01886791, 0.01886794], [-0.064917326, -0.064917207], [0.008757025, 0.0087570399], [0.0013716724, 0.0013716742], [-0.016497523, -0.016497493], [0.0080182254, 0.0080182403]]
 [[-1.3036518, -1.3036499], [-0.005509086, -0.0055090785], [-0.76634693, -0.76634598], [1.3868771, 1.386879], [-0.35895109, -0.35895061], [-1.5960655, -1.5960636], [-0.62386799, -0.62386703], [-0.0059791803, -0.0059791729], [0.36467123, 0.36467171], [9.3066711, 9.3066864], [0.32941151, 0.32941198], [3.0214272, 3.021431], [1.5701427, 1.5701447], [0.81741619, 0.81741714], [0.89207268, 0.89207363], [10.186646, 10.186661], [-9.283783, -9.2837677], [0.31006336, 0.31006384], [-0.39773083, -0.39773035], [0.15417957, 0.15417981], [0.0029237978, 0.0029238015], [-0.079311371, -0.079311252], [-1.2408714, -1.2408695], [1.177002, 1.1770039], [-0.069772005, -0.069771886], [0.057293236, 0.057293296], [-0.021401942, -0.021401912], [0.02849403, 0.02849406], [-0.0078842789, -0.007884264], [0.010580882, 0.010580897], [0.0045083389, 0.0045083463], [-0.005803436, -0.0058034286], [0.023876995, 0.023877025], [-0.25582552, -0.25582504], [0.076677442, 0.076677561], [0.01886791, 0.01886794], [-0.064917326, -0.064917207], [0.008757025, 0.0087570399], [0.0013716724, 0.0013716742], [-0.016497523, -0.016497493], [0.0080182254, 0.0080182403]]
 [[-1.4206181, -1.4206161], [-0.013610184, -0.013610169], [-0.76634693, -0.76634598], [1.3868771, 1.386879], [-0.35895109, -0.35895061], [-1.1280975, -1.1280956], [-0.62386799, -0.62386703], [0.0031481571, 0.0031481609], [0.53973103, 0.53973198], [9.3318634, 9.3318787], [10.842026, 10.842041], [3.0214272, 3.021431], [1.1408405, 1.1408424], [0.81741619, 0.81741714], [0.89207268, 0.89207363], [-12.387085, -12.38707], [13.289948, 13.289963], [0.31006336, 0.31006384], [-0.39773083, -0.39773035], [0.15417957, 0.15417981], [0.0029237978, 0.0029238015], [-0.079311371, -0.079311252], [-0.92452717, -0.92452621], [0.86065865, 0.8606596], [-0.083831549, -0.083831429], [0.07135272, 0.071352839], [-0.013167843, -0.013167828], [0.020259947, 0.020259976], [-0.0055622011, -0.0055621937], [0.0082588047, 0.0082588196], [0.0029711537, 0.0029711574], [-0.0042662546, -0.0042662472], [0.023876995, 0.023877025], [-0.25582552, -0.25582504], [0.076677442, 0.076677561], [0.01886791, 0.01886794], [-0.064917326, -0.064917207], [0.008757025, 0.0087570399], [0.0013716724, 0.0013716742], [-0.016497523, -0.016497493], [0.0080182254, 0.0080182403]]
 [[4.346138, 4.3461456], [-50.757446, -50.757385], [-0.76634693, -0.76634598], [1.3868771, 1.386879], [-0.35895109, -0.35895061], [0.10666978, 0.1066699], [-0.62386799, -0.62386703], [0.85232925, 0.85233021], [-181.79297, -181.79272], [-20.11203, -20.112], [-6.6506195, -6.6506119], [3.0214272, 3.021431], [2.100502, 2.1005058], [0.81741619, 0.81741714], [0.89207268, 0.89207363], [0.019070536, 0.019070566], [0.88380527, 0.88380623], [0.31006336, 0.31006384], [-0.39773083, -0.39773035], [0.15417957, 0.15417981], [0.0029237978, 0.0029238015], [-0.079311371, -0.079311252], [-0.0096496344, -0.0096496195], [-0.054217637, -0.054217577], [-0.014485717, -0.014485702], [0.0020069778, 0.0020069815], [0.0057608485, 0.0057608634], [0.0013312604, 0.0013312623], [0.00051480439, 0.00051480532], [0.0021818094, 0.0021818131], [0.00084861647, 0.0008486174], [-0.0021437109, -0.0021437071], [0.023876995, 0.023877025], [-0.25582552, -0.25582504], [0.076677442, 0.076677561], [0.01886791, 0.01886794], [-0.064917326, -0.064917207], [0.008757025, 0.0087570399], [0.0013716724, 0.0013716742], [-0.016497523, -0.016497493], [0.0080182254, 0.0080182403]]
 [[2.7670593, 2.7670631], [-5.2380676, -5.23806], [-0.76634693, -0.76634598], [1.3868771, 1.386879], [-0.35895109, -0.35895061], [0.011157691, 0.011157706], [-0.62386799, -0.62386703], [0.35234308, 0.35234356], [-55.732056, -55.731995], [-53.897705, -53.897644], [-26.107574, -26.107544], [3.0214272, 3.021431], [0.26591396, 0.26591444], [0.81741619, 0.81741714], [0.89207268, 0.89207363], [-0.1242193, -0.12421918], [1.0270939, 1.0270958], [0.31006336, 0.31006384], [-0.39773083, -0.39773035], [0.15417957, 0.15417981], [0.0029237978, 0.0029238015], [-0.079311371, -0.079311252], [-0.019375592, -0.019375563], [-0.044491708, -0.044491649], [-0.0046558157, -0.0046558082], [-0.0078229159, -0.007822901], [-0.0020282753, -0.0020282716], [0.0091203898, 0.0091204047], [0.00024874602, 0.00024874648], [0.0024478696, 0.0024478734], [3.8832484e-05, 3.8832542e-05], [-0.0013339259, -0.001333924], [0.023876995, 0.023877025], [-0.25582552, -0.25582504], [0.076677442, 0.076677561], [0.01886791, 0.01886794], [-0.064917326, -0.064917207], [0.008757025, 0.0087570399], [0.0013716724, 0.0013716742], [-0.016497523, -0.016497493], [0.0080182254, 0.0080182403]]
 [[-2.5631332, -2.5631294], [1.3480721, 1.348074], [-0.76634693, -0.76634598], [1.3868771, 1.386879], [-0.35895109, -0.35895061], [0.28589821, 0.28589869], [-0.62386799, -0.62386703], [0.20309544, 0.20309567], [-9.7354279, -9.7354126], [-1.6176186, -1.6176167], [11.084457, 11.084473], [3.0214272, 3.021431], [-0.18671393, -0.1867137], [0.81741619, 0.81741714], [0.89207268, 0.89207363], [0.95568085, 0.9556818], [-0.052804828, -0.052804768], [0.31006336, 0.31006384], [-0.39773083, -0.39773035], [0.15417957, 0.15417981], [0.0029237978, 0.0029238015], [-0.079311371, -0.079311252], [0.099474669, 0.099474788], [-0.16334224, -0.163342], [0.028125882, 0.028125912], [-0.040604651, -0.040604591], [-0.00045970315, -0.00045970269], [0.0075518191, 0.0075518265], [0.0039752126, 0.00397522], [-0.0012786016, -0.0012785997], [-0.00037667854, -0.00037667807], [-0.00091841444, -0.00091841351], [0.023876995, 0.023877025], [-0.25582552, -0.25582504], [0.076677322, 0.076677561], [0.01886791, 0.01886794], [-0.064917326, -0.064917207], [0.008757025, 0.0087570399], [0.0013716724, 0.0013716742], [-0.016497523, -0.016497493], [0.0080182254, 0.0080182403]]
 [[-29.933533, -29.933502], [-31.953735, -31.953705], [-0.76634693, -0.76634598], [1.3868771, 1.386879], [-0.35895109, -0.35895061], [0.18909907, 0.18909931], [-0.62386894, -0.62386703], [-1.9764423, -1.9764404], [-463.29102, -463.29053], [35.821838, 35.821899], [-22.509094, -22.509064], [3.0214272, 3.021431], [-0.81427097, -0.81427002], [0.81741619, 0.81741714], [0.89207268, 0.89207363], [-0.13018751, -0.13018727], [1.033062, 1.0330639], [0.31006336, 0.31006384], [-0.39773083, -0.39773035], [0.15417957, 0.15417981], [0.0029237978, 0.0029238015], [-0.079311371, -0.079311252], [0.025476664, 0.025476694], [-0.089344025, -0.089343905], [-0.0038500279, -0.0038500242], [-0.0086287111, -0.0086286962], [0.0077541247, 0.0077541322], [-0.00066201203, -0.00066201109], [0.0036238581, 0.0036238618], [-0.00092724431, -0.00092724338], [-0.0027754642, -0.0027754605], [0.001480367, 0.0014803689], [0.023876995, 0.023877025], [-0.25582552, -0.25582504], [0.076677322, 0.076677561], [0.01886791, 0.01886794], [-0.064917326, -0.064917207], [0.008757025, 0.0087570399], [0.0013716724, 0.0013716742], [-0.016497523, -0.016497493], [0.0080182254, 0.0080182403]]
 [[0.61349201, 0.61349297], [51.632385, 51.632446], [-0.76634693, -0.76634598], [1.3868771, 1.386879], [-0.35895109, -0.35895061], [0.0090345889, 0.0090346038], [-0.62386894, -0.62386703], [-1.151453, -1.1514511], [-59.456055, -59.455994], [-0.44396734, -0.44396687], [-1.6943569, -1.694355], [3.0214272, 3.021431], [2.9916573, 2.9916611], [0.81741619, 0.8174181], [0.89207268, 0.89207363], [-0.016903162, -0.016903132], [0.91977882, 0.91977978], [0.31006336, 0.31006432], [-0.39773083, -0.39773035], [0.15417957, 0.15417981], [0.0029237978, 0.0029238015], [-0.079311371, -0.079311252], [-0.0049889386, -0.0049889311], [-0.058878362, -0.058878303], [-0.014393255, -0.01439324], [0.0019145217, 0.0019145235], [0.0058576316, 0.005857639], [0.0012344792, 0.0012344811], [-0.00094360579, -0.00094360486], [0.0036402196, 0.003640227], [-0.0028558373, -0.0028558336], [0.001560742, 0.0015607439], [0.023876995, 0.023877025], [-0.25582552, -0.25582504], [0.076677322, 0.076677561], [0.01886791, 0.01886794], [-0.064917326, -0.064917207], [0.008757025, 0.0087570399], [0.0013716724, 0.0013716742], [-0.016497523, -0.016497493], [0.0080182254, 0.0080182403]]
 [[-6.9326248, -6.9326172], [470.54102, 470.5415], [-0.76634693, -0.76634598], [1.3868771, 1.386879], [-0.35895109, -0.35895061], [0.11316097, 0.11316109], [-0.62386799, -0.62386703], [15.602356, 15.602371], [-200.79883, -200.79858], [1.6118832, 1.6118851], [2.0964394, 2.0964432], [3.0214272, 3.021431], [-1.2017498, -1.2017479], [0.81741619, 0.81741714], [0.89207268, 0.89207363], [-0.022825509, -0.02282548], [0.92570114, 0.9257021], [0.31006336, 0.31006384], [-0.39773083, -0.39773035], [0.15417957, 0.15417981], [0.0029237978, 0.0029238015], [-0.079311371, -0.079311252], [0.013455659, 0.013455674], [-0.07732296, -0.077322841], [-0.0074203759, -0.0074203685], [-0.0050583556, -0.0050583482], [0.006918557, 0.0069185644], [0.00017355545, 0.00017355569], [0.003688097, 0.0036881007], [-0.00099148229, -0.00099148043], [-0.0043199733, -0.0043199658], [0.0030248761, 0.0030248798], [0.023876995, 0.023877025], [-0.25582552, -0.25582504], [0.076677442, 0.076677561], [0.01886791, 0.01886794], [-0.064917326, -0.064917207], [0.008757025, 0.0087570399], [0.0013716724, 0.0013716742], [-0.016497523, -0.016497493], [0.0080182254, 0.0080182403]]
 [[0.88027859, 0.88027954], [2.4719819e+10, 2.4719852e+10], [-0.76634693, -0.76634598], [1.3868771, 1.386879], [-0.35895109, -0.35895061], [0.066406608, 0.066406727], [-0.62386799, -0.62386703], [-32508.625, -32508.594], [-770483.0, -770482.0], [-0.70048618, -0.70048523], [-1.1009827, -1.1009808], [3.0214272, 3.021431], [32015.875, 32015.906], [0.81741619, 0.81741714], [0.89207268, 0.89207363], [-1.2211785e-07, -1.2211763e-07], [0.9028759, 0.90287685], [0.31006336, 0.31006384], [-0.39773083, -0.39773035], [0.15417957, 0.15417981], [0.0029237978, 0.0029238015], [-0.079311371, -0.079311252], [-5.2224368e-07, -5.2224277e-07], [-0.063866735, -0.063866615], [-0.012478933, -0.012478918], [1.9563186e-07, 1.9563208e-07], [0.007092014, 0.0070920214], [9.894336e-08, 9.8943474e-08], [-1.8666606e-07, -1.8666583e-07], [0.002696801, 0.0026968047], [-0.0061553717, -0.0061553642], [0.004860267, 0.0048602745], [0.023876995, 0.023877025], [-0.25582552, -0.25582504], [0.076677442, 0.076677561], [0.01886791, 0.01886794], [-0.064917326, -0.064917207], [0.008757025, 0.0087570399], [0.0013716724, 0.0013716742], [-0.016497523, -0.016497493], [0.0080182254, 0.0080182403]]
 [[-2.2430916, -2.2430878], [0.42995405, 0.42995453], [-0.76634693, -0.76634598], [1.3868771, 1.386879], [-0.35895109, -0.35895061], [13.169968, 13.169983], [-0.62386799, -0.62386703], [5.940834, 5.9408417], [-0.14043427, -0.14043403], [-2.6711617, -2.6711578], [4.0004272, 4.0004349], [3.0214272, 3.021431], [-12.881042, -12.881027], [0.81741619, 0.81741714], [0.89207268, 0.89207363], [20.166626, 20.166656], [-19.263763, -19.263733], [0.31006336, 0.31006384], [-0.39773083, -0.39773035], [0.15417957, 0.15417981], [0.0029237978, 0.0029238015], [-0.079311371, -0.079311252], [5.9998474, 5.999855], [-6.0637207, -6.0637131], [2.5747833, 2.5747871], [-2.587265, -2.5872612], [-0.58324528, -0.58324432], [0.59033585, 0.5903368], [-0.07447803, -0.074477911], [0.077174544, 0.077174664], [-0.057034791, -0.057034731], [0.055739641, 0.055739701], [0.023876995, 0.023877025], [-0.25582552, -0.25582504], [0.076677442, 0.076677561], [0.01886791, 0.01886794], [-0.064917326, -0.064917207], [0.008757025, 0.0087570399], [0.0013716724, 0.0013716742], [-0.016497523, -0.016497493], [0.0080182254, 0.0080182403]]
 [[-0.33914995, -0.33914948], [0.00015088776, 0.00015088799], [-0.76634693, -0.76634598], [1.3868771, 1.386879], [-0.35895109, -0.35895061], [-1.350975, -1.3509731], [-0.62386799, -0.62386703], [0.17791986, 0.1779201], [-0.014478341, -0.014478326], [4.5044403, 4.5044479], [1.8442173, 1.8442192], [3.0214272, 3.021431], [0.72144794, 0.7214489], [0.81741619, 0.81741714], [0.89207268, 0.89207363], [10.320938, 10.320953], [-9.4180756, -9.4180603], [0.31006336, 0.31006384], [-0.39773083, -0.39773035], [0.15417957, 0.15417981], [0.0029237978, 0.0029238015], [-0.079311371, -0.079311252], [5.2136688, 5.2136765], [-5.2775421, -5.2775345], [-3.3684235, -3.3684196], [3.3559418, 3.3559456], [-2.1295128, -2.129509], [2.1366005, 2.1366043], [1.3381596, 1.3381615], [-1.3354645, -1.3354626], [-0.83876419, -0.83876324], [0.83746815, 0.8374691], [0.023876995, 0.023877025], [-0.25582552, -0.25582504], [0.076677442, 0.076677561], [0.01886791, 0.01886794], [-0.064917326, -0.064917207], [0.008757025, 0.0087570399], [0.0013716724, 0.0013716742], [-0.016497523, -0.016497493], [0.0080182254, 0.0080182403]]










