LinearAlgebra.PosDefException(3)
LinearAlgebra.PosDefException(2)
LinearAlgebra.PosDefException(2)
LinearAlgebra.PosDefException(3)
LinearAlgebra.PosDefException(6)
LinearAlgebra.PosDefException(5)
LinearAlgebra.PosDefException(3)
LinearAlgebra.PosDefException(3)
LinearAlgebra.PosDefException(2)
LinearAlgebra.PosDefException(4)
LinearAlgebra.PosDefException(4)
LinearAlgebra.PosDefException(130)
DEBUG [determine_optimal_points_count]: Large num points: 1
DEBUG [determine_optimal_points_count]: Good num points: 1
DEBUG [multipoint_parameter_estimation]: Parameter estimation using this many points: 1

DEBUG [pick_points]: Starting point selection...
DEBUG [pick_points]: Number of points to pick: 1
DEBUG [pick_points]: Total points available: 1001
DEBUG [pick_points]: Number of interpolants: 3

DEBUG [pick_points]: Computing interestingness scores...
DEBUG [pick_points]: Processed 100 points
DEBUG [pick_points]: Processed 200 points
DEBUG [pick_points]: Processed 300 points
DEBUG [pick_points]: Processed 400 points
DEBUG [pick_points]: Processed 500 points
DEBUG [pick_points]: Processed 600 points
DEBUG [pick_points]: Processed 700 points
DEBUG [pick_points]: Processed 800 points
DEBUG [pick_points]: Processed 900 points
DEBUG [pick_points]: Processed 1000 points

DEBUG [pick_points]: Score statistics:
DEBUG [pick_points]: Min score: 0.15184350423210713
DEBUG [pick_points]: Max score: 1.151140838781979
DEBUG [pick_points]: Mean score: 0.45668051655867137
DEBUG [pick_points]: Normalized scores

DEBUG [pick_points]: Selected 1 points
DEBUG [pick_points]: Selected time points: [-0.894]
aa_system
Any[_t54_x3_t_ + _t54_x4_t_ - 1288193303088087//1125899906842624, _t54_x4ˍt_t_ + _t54_x3ˍt_t_ + 7309287563703317//72057594037927936, _t54_x3ˍtt_t_ + _t54_x4ˍtt_t_ + 8852922285276303//36028797018963968, _t54_x4ˍttt_t_ + _t54_x3ˍttt_t_ - 8907743972389881//36028797018963968, _t54_x4ˍtttt_t_ + _t54_x3ˍtttt_t_ - 1328912802519227//2251799813685248, _t54_x1_t_ - 1384300055499659//2251799813685248, _t54_x1ˍt_t_ + 7885223845048041//18014398509481984, _t54_x1ˍtt_t_ - 2351567115304699//2251799813685248, _t54_x1ˍttt_t_ + 1530552218397307//562949953421312, _t54_x1ˍtttt_t_ + 755571833432937//70368744177664, _t54_x1ˍttttt_t_ - 6217652711851827//35184372088832, _tpk14_*_t54_x4_t_ - _tpk41_*_t54_x1_t_ + _t54_x4ˍt_t_, _tpk13_*_t54_x3_t_ - _tpk31_*_t54_x1_t_ + _t54_x3ˍt_t_, _tpk13_*_t54_x3ˍt_t_ - _tpk31_*_t54_x1ˍt_t_ + _t54_x3ˍtt_t_, _tpk14_*_t54_x4ˍt_t_ - _tpk41_*_t54_x1ˍt_t_ + _t54_x4ˍtt_t_, _tpk14_*_t54_x4ˍtt_t_ - _tpk41_*_t54_x1ˍtt_t_ + _t54_x4ˍttt_t_, _tpk13_*_t54_x3ˍtt_t_ - _tpk31_*_t54_x1ˍtt_t_ + _t54_x3ˍttt_t_, _tpk14_*_t54_x4ˍttt_t_ - _tpk41_*_t54_x1ˍttt_t_ + _t54_x4ˍtttt_t_, _tpk13_*_t54_x3ˍttt_t_ - _tpk31_*_t54_x1ˍttt_t_ + _t54_x3ˍtttt_t_, -_tpk12_*_t54_x2_t_ + _tpk21_*_t54_x1_t_ + _tpk01_*_t54_x1_t_ - _tpk14_*_t54_x4_t_ - _tpk13_*_t54_x3_t_ + _tpk31_*_t54_x1_t_ + _tpk41_*_t54_x1_t_ + _t54_x1ˍt_t_, -_tpk12_*_t54_x2ˍt_t_ + _tpk21_*_t54_x1ˍt_t_ + _tpk01_*_t54_x1ˍt_t_ - _tpk14_*_t54_x4ˍt_t_ - _tpk13_*_t54_x3ˍt_t_ + _tpk31_*_t54_x1ˍt_t_ + _tpk41_*_t54_x1ˍt_t_ + _t54_x1ˍtt_t_, -_tpk12_*_t54_x2ˍtt_t_ + _tpk21_*_t54_x1ˍtt_t_ + _tpk01_*_t54_x1ˍtt_t_ - _tpk14_*_t54_x4ˍtt_t_ - _tpk13_*_t54_x3ˍtt_t_ + _tpk31_*_t54_x1ˍtt_t_ + _tpk41_*_t54_x1ˍtt_t_ + _t54_x1ˍttt_t_, -_tpk12_*_t54_x2ˍttt_t_ + _tpk21_*_t54_x1ˍttt_t_ + _tpk01_*_t54_x1ˍttt_t_ - _tpk14_*_t54_x4ˍttt_t_ - _tpk13_*_t54_x3ˍttt_t_ + _tpk31_*_t54_x1ˍttt_t_ + _tpk41_*_t54_x1ˍttt_t_ + _t54_x1ˍtttt_t_, -_tpk12_*_t54_x2ˍtttt_t_ + _tpk21_*_t54_x1ˍtttt_t_ + _tpk01_*_t54_x1ˍtttt_t_ - _tpk14_*_t54_x4ˍtttt_t_ - _tpk13_*_t54_x3ˍtttt_t_ + _tpk31_*_t54_x1ˍtttt_t_ + _tpk41_*_t54_x1ˍtttt_t_ + _t54_x1ˍttttt_t_, _tpk12_*_t54_x2_t_ - _tpk21_*_t54_x1_t_ + _t54_x2ˍt_t_, _tpk12_*_t54_x2ˍt_t_ - _tpk21_*_t54_x1ˍt_t_ + _t54_x2ˍtt_t_, _tpk12_*_t54_x2ˍtt_t_ - _tpk21_*_t54_x1ˍtt_t_ + _t54_x2ˍttt_t_, _tpk12_*_t54_x2ˍttt_t_ - _tpk21_*_t54_x1ˍttt_t_ + _t54_x2ˍtttt_t_]
R
Multivariate polynomial ring in 28 variables over rationals
primes of bitsize 28
G-Q-Pt-FG-LT-LP(U)
G-Q-Pt-FG-LT-LP(U)
G-Q-Pt-FG-LT-LP(U)
G-Q-Pt-FG-LT-LP(U)
G-Q-Pt-FG-LT-LP(U)
G-Q-Pt-FG-LT-LP(U)
G-Q-Pt-FG-LT-LP(U)
G-Q-Pt-FG-LT-LP(U)
G-Q-Pt-FG-LT-LP(U)
G-Q-Pt-FG-LT-LP(C)
Dimension of the quotient :2
Degree of the radical :2
Use variable 19 as separating element
Run Groebner learn
Test cyclic optimization
Apply cyclic optimization 
Multi-modular computation (1 threads): G-Q-Pt-FG-LT-LP(C)
5-9-13-17-21-25-29-33-37-41-45-49-53-61-
check-G-Q-Pt-FG-LT-LP(C)
Nb Primes used :61
Vector{Vector{BigFloat}}[]
DEBUG [determine_optimal_points_count]: Large num points: 1
DEBUG [determine_optimal_points_count]: Good num points: 1
DEBUG [multipoint_parameter_estimation]: Parameter estimation using this many points: 1

DEBUG [pick_points]: Starting point selection...
DEBUG [pick_points]: Number of points to pick: 1
DEBUG [pick_points]: Total points available: 1001
DEBUG [pick_points]: Number of interpolants: 3

DEBUG [pick_points]: Computing interestingness scores...
DEBUG [pick_points]: Processed 100 points
DEBUG [pick_points]: Processed 200 points
DEBUG [pick_points]: Processed 300 points
DEBUG [pick_points]: Processed 400 points
DEBUG [pick_points]: Processed 500 points
DEBUG [pick_points]: Processed 600 points
DEBUG [pick_points]: Processed 700 points
DEBUG [pick_points]: Processed 800 points
DEBUG [pick_points]: Processed 900 points
DEBUG [pick_points]: Processed 1000 points

DEBUG [pick_points]: Score statistics:
DEBUG [pick_points]: Min score: 0.15184350423210713
DEBUG [pick_points]: Max score: 1.151140838781979
DEBUG [pick_points]: Mean score: 0.45668051655867137
DEBUG [pick_points]: Normalized scores

DEBUG [pick_points]: Selected 1 points
DEBUG [pick_points]: Selected time points: [-0.894]
aa_system
Any[_t54_x3_t_ + _t54_x4_t_ - 1288193303088087//1125899906842624, _t54_x4ˍt_t_ + _t54_x3ˍt_t_ + 7309287563703317//72057594037927936, _t54_x3ˍtt_t_ + _t54_x4ˍtt_t_ + 8852922285276303//36028797018963968, _t54_x4ˍttt_t_ + _t54_x3ˍttt_t_ - 8907743972389881//36028797018963968, _t54_x4ˍtttt_t_ + _t54_x3ˍtttt_t_ - 1328912802519227//2251799813685248, _t54_x1_t_ - 1384300055499659//2251799813685248, _t54_x1ˍt_t_ + 7885223845048041//18014398509481984, _t54_x1ˍtt_t_ - 2351567115304699//2251799813685248, _t54_x1ˍttt_t_ + 1530552218397307//562949953421312, _t54_x1ˍtttt_t_ + 755571833432937//70368744177664, _t54_x1ˍttttt_t_ - 6217652711851827//35184372088832, _tpk14_*_t54_x4_t_ - _tpk41_*_t54_x1_t_ + _t54_x4ˍt_t_, _tpk13_*_t54_x3_t_ - _tpk31_*_t54_x1_t_ + _t54_x3ˍt_t_, _tpk13_*_t54_x3ˍt_t_ - _tpk31_*_t54_x1ˍt_t_ + _t54_x3ˍtt_t_, _tpk14_*_t54_x4ˍt_t_ - _tpk41_*_t54_x1ˍt_t_ + _t54_x4ˍtt_t_, _tpk14_*_t54_x4ˍtt_t_ - _tpk41_*_t54_x1ˍtt_t_ + _t54_x4ˍttt_t_, _tpk13_*_t54_x3ˍtt_t_ - _tpk31_*_t54_x1ˍtt_t_ + _t54_x3ˍttt_t_, _tpk14_*_t54_x4ˍttt_t_ - _tpk41_*_t54_x1ˍttt_t_ + _t54_x4ˍtttt_t_, _tpk13_*_t54_x3ˍttt_t_ - _tpk31_*_t54_x1ˍttt_t_ + _t54_x3ˍtttt_t_, -_tpk12_*_t54_x2_t_ + _tpk21_*_t54_x1_t_ + _tpk01_*_t54_x1_t_ - _tpk14_*_t54_x4_t_ - _tpk13_*_t54_x3_t_ + _tpk31_*_t54_x1_t_ + _tpk41_*_t54_x1_t_ + _t54_x1ˍt_t_, -_tpk12_*_t54_x2ˍt_t_ + _tpk21_*_t54_x1ˍt_t_ + _tpk01_*_t54_x1ˍt_t_ - _tpk14_*_t54_x4ˍt_t_ - _tpk13_*_t54_x3ˍt_t_ + _tpk31_*_t54_x1ˍt_t_ + _tpk41_*_t54_x1ˍt_t_ + _t54_x1ˍtt_t_, -_tpk12_*_t54_x2ˍtt_t_ + _tpk21_*_t54_x1ˍtt_t_ + _tpk01_*_t54_x1ˍtt_t_ - _tpk14_*_t54_x4ˍtt_t_ - _tpk13_*_t54_x3ˍtt_t_ + _tpk31_*_t54_x1ˍtt_t_ + _tpk41_*_t54_x1ˍtt_t_ + _t54_x1ˍttt_t_, -_tpk12_*_t54_x2ˍttt_t_ + _tpk21_*_t54_x1ˍttt_t_ + _tpk01_*_t54_x1ˍttt_t_ - _tpk14_*_t54_x4ˍttt_t_ - _tpk13_*_t54_x3ˍttt_t_ + _tpk31_*_t54_x1ˍttt_t_ + _tpk41_*_t54_x1ˍttt_t_ + _t54_x1ˍtttt_t_, -_tpk12_*_t54_x2ˍtttt_t_ + _tpk21_*_t54_x1ˍtttt_t_ + _tpk01_*_t54_x1ˍtttt_t_ - _tpk14_*_t54_x4ˍtttt_t_ - _tpk13_*_t54_x3ˍtttt_t_ + _tpk31_*_t54_x1ˍtttt_t_ + _tpk41_*_t54_x1ˍtttt_t_ + _t54_x1ˍttttt_t_, _tpk12_*_t54_x2_t_ - _tpk21_*_t54_x1_t_ + _t54_x2ˍt_t_, _tpk12_*_t54_x2ˍt_t_ - _tpk21_*_t54_x1ˍt_t_ + _t54_x2ˍtt_t_, _tpk12_*_t54_x2ˍtt_t_ - _tpk21_*_t54_x1ˍtt_t_ + _t54_x2ˍttt_t_, _tpk12_*_t54_x2ˍttt_t_ - _tpk21_*_t54_x1ˍttt_t_ + _t54_x2ˍtttt_t_]
R
Multivariate polynomial ring in 28 variables over rationals
primes of bitsize 28
G-Q-Pt-FG-LT-LP(U)
G-Q-Pt-FG-LT-LP(U)
G-Q-Pt-FG-LT-LP(U)
G-Q-Pt-FG-LT-LP(U)
G-Q-Pt-FG-LT-LP(U)
G-Q-Pt-FG-LT-LP(U)
G-Q-Pt-FG-LT-LP(U)
G-Q-Pt-FG-LT-LP(U)
G-Q-Pt-FG-LT-LP(U)
G-Q-Pt-FG-LT-LP(C)
Dimension of the quotient :2
Degree of the radical :2
Use variable 19 as separating element
Run Groebner learn
Test cyclic optimization
Apply cyclic optimization 
Multi-modular computation (1 threads): G-Q-Pt-FG-LT-LP(C)
5-9-13-17-21-25-29-33-37-41-45-49-53-61-
check-G-Q-Pt-FG-LT-LP(C)
Nb Primes used :61
