LinearAlgebra.PosDefException(2)
LinearAlgebra.PosDefException(2)
LinearAlgebra.PosDefException(2)
DEBUG [determine_optimal_points_count]: Large num points: 1
DEBUG [determine_optimal_points_count]: Good num points: 1
DEBUG [multipoint_parameter_estimation]: Parameter estimation using this many points: 1

DEBUG [pick_points]: Starting point selection...
DEBUG [pick_points]: Number of points to pick: 1
DEBUG [pick_points]: Total points available: 1001
DEBUG [pick_points]: Number of interpolants: 2

DEBUG [pick_points]: Computing interestingness scores...
DEBUG [pick_points]: Processed 100 points
DEBUG [pick_points]: Processed 200 points
DEBUG [pick_points]: Processed 300 points
DEBUG [pick_points]: Processed 400 points
DEBUG [pick_points]: Processed 500 points
DEBUG [pick_points]: Processed 600 points
DEBUG [pick_points]: Processed 700 points
DEBUG [pick_points]: Processed 800 points
DEBUG [pick_points]: Processed 900 points
DEBUG [pick_points]: Processed 1000 points

DEBUG [pick_points]: Score statistics:
DEBUG [pick_points]: Min score: 0.01948294893137103
DEBUG [pick_points]: Max score: 0.19386174679284146
DEBUG [pick_points]: Mean score: 0.07062160462137708
DEBUG [pick_points]: Normalized scores

DEBUG [pick_points]: Selected 1 points
DEBUG [pick_points]: Selected time points: [-0.998]
aa_system
Any[_t2_x2_t_ - 2013823548498839//18014398509481984, _t2_x2ˍt_t_ + 5741345334479055//144115188075855872, _t2_x2ˍtt_t_ - 905754336538217//18014398509481984, _t2_x1_t_ - 4559482989355033//36028797018963968, _t2_x1ˍt_t_ - 4625351396820095//36028797018963968, _t2_x1ˍtt_t_ + 6393702024103539//36028797018963968, _t2_x1ˍttt_t_ + 5191715826169681//18014398509481984, _t2_x1ˍtttt_t_ - 5050752846253991//2251799813685248, -_tpa21_*_t2_x1_t_ + _tpa12_*_t2_x2_t_ + _t2_x2ˍt_t_, -_tpa21_*_t2_x1ˍt_t_ + _tpa12_*_t2_x2ˍt_t_ + _t2_x2ˍtt_t_, -_tpa13_*_t2_x3_t_ + _tpa31_*_t2_x1_t_ + _tpa21_*_t2_x1_t_ - _tpa12_*_t2_x2_t_ + _tpa01_*_t2_x1_t_ + _t2_x1ˍt_t_, -_tpa13_*_t2_x3ˍt_t_ + _tpa31_*_t2_x1ˍt_t_ + _tpa21_*_t2_x1ˍt_t_ - _tpa12_*_t2_x2ˍt_t_ + _tpa01_*_t2_x1ˍt_t_ + _t2_x1ˍtt_t_, -_tpa13_*_t2_x3ˍtt_t_ + _tpa31_*_t2_x1ˍtt_t_ + _tpa21_*_t2_x1ˍtt_t_ - _tpa12_*_t2_x2ˍtt_t_ + _tpa01_*_t2_x1ˍtt_t_ + _t2_x1ˍttt_t_, -_tpa13_*_t2_x3ˍttt_t_ + _tpa31_*_t2_x1ˍttt_t_ + _tpa21_*_t2_x1ˍttt_t_ - _tpa12_*_t2_x2ˍttt_t_ + _tpa01_*_t2_x1ˍttt_t_ + _t2_x1ˍtttt_t_, _tpa13_*_t2_x3_t_ - _tpa31_*_t2_x1_t_ + _t2_x3ˍt_t_, _tpa13_*_t2_x3ˍt_t_ - _tpa31_*_t2_x1ˍt_t_ + _t2_x3ˍtt_t_, _tpa13_*_t2_x3ˍtt_t_ - _tpa31_*_t2_x1ˍtt_t_ + _t2_x3ˍttt_t_, -_tpa21_*_t2_x1ˍtt_t_ + _tpa12_*_t2_x2ˍtt_t_ + _t2_x2ˍttt_t_]
R
Multivariate polynomial ring in 18 variables over rationals
primes of bitsize 28
G-Q-Pt-FG-LT-LP(C)
Dimension of the quotient :1
Degree of the radical :1
Use last variable as separating element
Run Groebner learn
Test cyclic optimization
Apply cyclic optimization 
Multi-modular computation (1 threads): G-Q-Pt-FG-LT-LP(C)
5-9-13-17-21-25-29-33-
check-G-Q-Pt-FG-LT-LP(C)
Nb Primes used :33
1-element Vector{Vector{Vector{BigFloat}}}:
 [[13.752075, 13.75209], [-10.575653, -10.575638], [0.20799208, 0.20799232], [0.59182739, 0.59182835], [0.14301538, 0.14301562], [0.12655091, 0.12655115], [0.11178958, 0.1117897], [-0.089566112, -0.089565992], [-0.039838612, -0.039838552], [0.050279438, 0.050279498], [0.12837911, 0.12837934], [-0.17746091, -0.17746067], [-0.28819847, -0.28819799], [2.2429848, 2.2429886], [-0.1066395, -0.10663939], [0.10882115, 0.10882127], [0.38024473, 0.38024521], [-0.066667318, -0.066667199]]


