LinearAlgebra.PosDefException(2)
LinearAlgebra.PosDefException(2)
LinearAlgebra.PosDefException(2)
LinearAlgebra.PosDefException(3)
LinearAlgebra.PosDefException(6)
LinearAlgebra.PosDefException(4)
LinearAlgebra.PosDefException(315)
DEBUG [determine_optimal_points_count]: Large num points: 1
DEBUG [determine_optimal_points_count]: Good num points: 1
DEBUG [multipoint_parameter_estimation]: Parameter estimation using this many points: 1

DEBUG [pick_points]: Starting point selection...
DEBUG [pick_points]: Number of points to pick: 1
DEBUG [pick_points]: Total points available: 1001
DEBUG [pick_points]: Number of interpolants: 1

DEBUG [pick_points]: Computing interestingness scores...
DEBUG [pick_points]: Processed 100 points
DEBUG [pick_points]: Processed 200 points
DEBUG [pick_points]: Processed 300 points
DEBUG [pick_points]: Processed 400 points
DEBUG [pick_points]: Processed 500 points
DEBUG [pick_points]: Processed 600 points
DEBUG [pick_points]: Processed 700 points
DEBUG [pick_points]: Processed 800 points
DEBUG [pick_points]: Processed 900 points
DEBUG [pick_points]: Processed 1000 points

DEBUG [pick_points]: Score statistics:
DEBUG [pick_points]: Min score: 0.7938559840996607
DEBUG [pick_points]: Max score: 1.7357283083266093
DEBUG [pick_points]: Mean score: 1.2853729665279838
DEBUG [pick_points]: Normalized scores

DEBUG [pick_points]: Selected 1 points
DEBUG [pick_points]: Selected time points: [-0.696]
aa_system
Any[_t153_V_t_ - 170006328653559//140737488355328, _t153_Vˍt_t_ - 3797261991354221//2251799813685248, _t153_Vˍtt_t_ - 5337752625821433//4503599627370496, _t153_Vˍttt_t_ + 4708760584020721//1125899906842624, _t153_Vˍtttt_t_ + 100649810035833//17592186044416, 1//3*_tpg_*_t153_V_t_^3 - _tpg_*_t153_V_t_ - _tpg_*_t153_R_t_ + _t153_Vˍt_t_, _tpg_*_t153_V_t_^2*_t153_Vˍt_t_ - _tpg_*_t153_Vˍt_t_ - _tpg_*_t153_Rˍt_t_ + _t153_Vˍtt_t_, _tpg_*_t153_V_t_^2*_t153_Vˍtt_t_ + 2*_tpg_*_t153_V_t_*_t153_Vˍt_t_^2 - _tpg_*_t153_Vˍtt_t_ - _tpg_*_t153_Rˍtt_t_ + _t153_Vˍttt_t_, _tpg_*_t153_V_t_^2*_t153_Vˍttt_t_ + 6*_tpg_*_t153_V_t_*_t153_Vˍt_t_*_t153_Vˍtt_t_ + 2*_tpg_*_t153_Vˍt_t_^3 - _tpg_*_t153_Vˍttt_t_ - _tpg_*_t153_Rˍttt_t_ + _t153_Vˍtttt_t_, _tpa_ + _tpg_*_t153_Rˍt_t_ - _tpb_*_t153_R_t_ - _t153_V_t_, _tpg_*_t153_Rˍtt_t_ - _tpb_*_t153_Rˍt_t_ - _t153_Vˍt_t_, _tpg_*_t153_Rˍttt_t_ - _tpb_*_t153_Rˍtt_t_ - _t153_Vˍtt_t_]
R
Multivariate polynomial ring in 12 variables over rationals
primes of bitsize 28
G-Q-Pt-FG-LT-LP(C)
Dimension of the quotient :2
Degree of the radical :2
Use last variable as separating element
Run Groebner learn
Test cyclic optimization
Apply cyclic optimization 
Multi-modular computation (1 threads): G-Q-Pt-FG-LT-LP(C)
5-9-13-17-21-25-29-33-37-41-
check-G-Q-Pt-FG-LT-LP(C)
Nb Primes used :41
2-element Vector{Vector{Vector{BigFloat}}}:
 [[-2.9958382, -2.9958344], [0.40936327, 0.40936375], [-0.77211571, -0.77211475], [1.2079659, 1.2079678], [3.4989586, 3.4989624], [1.6863213, 1.6863232], [1.1852188, 1.1852207], [-4.1822205, -4.1822128], [-5.721283, -5.7212753], [3.6696053, 3.6696091], [-2.8019981, -2.8019943], [8.1802063, 8.1802216]]
 [[-0.31251335, -0.31251287], [2.1141739, 2.1141777], [7.3462219, 7.3462296], [1.2079659, 1.2079678], [0.17720914, 0.17720938], [1.6863213, 1.6863232], [1.1852188, 1.1852207], [-4.1822205, -4.1822128], [-5.721283, -5.7212753], [1.33494, 1.3349419], [5.4362106, 5.4362183], [19.450073, 19.450104]]




