LinearAlgebra.PosDefException(2)
LinearAlgebra.PosDefException(6)
LinearAlgebra.PosDefException(6)
LinearAlgebra.PosDefException(4)
LinearAlgebra.PosDefException(5)
LinearAlgebra.PosDefException(7)
DEBUG [determine_optimal_points_count]: Large num points: 1
DEBUG [determine_optimal_points_count]: Good num points: 1
DEBUG [multipoint_parameter_estimation]: Parameter estimation using this many points: 1

DEBUG [pick_points]: Starting point selection...
DEBUG [pick_points]: Number of points to pick: 1
DEBUG [pick_points]: Total points available: 1001
DEBUG [pick_points]: Number of interpolants: 1

DEBUG [pick_points]: Computing interestingness scores...
DEBUG [pick_points]: Processed 100 points
DEBUG [pick_points]: Processed 200 points
DEBUG [pick_points]: Processed 300 points
DEBUG [pick_points]: Processed 400 points
DEBUG [pick_points]: Processed 500 points
DEBUG [pick_points]: Processed 600 points
DEBUG [pick_points]: Processed 700 points
DEBUG [pick_points]: Processed 800 points
DEBUG [pick_points]: Processed 900 points
DEBUG [pick_points]: Processed 1000 points

DEBUG [pick_points]: Score statistics:
DEBUG [pick_points]: Min score: 0.12896640647220756
DEBUG [pick_points]: Max score: 0.13704633908528968
DEBUG [pick_points]: Mean score: 0.13511938601907578
DEBUG [pick_points]: Normalized scores

DEBUG [pick_points]: Selected 1 points
DEBUG [pick_points]: Selected time points: [0.972]
aa_system
Any[_t987_r_t_ - 1447671325046631//1125899906842624, _t987_rˍt_t_ - 8977856683640933//36028797018963968, _t987_rˍtt_t_ + 6841954972363223//288230376151711744, _t987_rˍttt_t_ + 1454134950634637//36028797018963968, _t987_rˍtttt_t_ - 818190069313823//144115188075855872, _tpk2_*_t987_r_t_*_t987_w_t_ - _tpk1_*_t987_r_t_ + _t987_rˍt_t_, _tpk2_*_t987_r_t_*_t987_wˍt_t_ + _tpk2_*_t987_w_t_*_t987_rˍt_t_ - _tpk1_*_t987_rˍt_t_ + _t987_rˍtt_t_, _tpk2_*_t987_r_t_*_t987_wˍtt_t_ + _tpk2_*_t987_w_t_*_t987_rˍtt_t_ + 2*_tpk2_*_t987_rˍt_t_*_t987_wˍt_t_ - _tpk1_*_t987_rˍtt_t_ + _t987_rˍttt_t_, _tpk2_*_t987_r_t_*_t987_wˍttt_t_ + _tpk2_*_t987_w_t_*_t987_rˍttt_t_ + 3*_tpk2_*_t987_rˍt_t_*_t987_wˍtt_t_ + 3*_tpk2_*_t987_rˍtt_t_*_t987_wˍt_t_ - _tpk1_*_t987_rˍttt_t_ + _t987_rˍtttt_t_, -_tpk2_*_t987_r_t_*_t987_w_t_ + _tpk3_*_t987_w_t_ + _t987_wˍt_t_, -_tpk2_*_t987_r_t_*_t987_wˍt_t_ - _tpk2_*_t987_w_t_*_t987_rˍt_t_ + _tpk3_*_t987_wˍt_t_ + _t987_wˍtt_t_, -_tpk2_*_t987_r_t_*_t987_wˍtt_t_ - _tpk2_*_t987_w_t_*_t987_rˍtt_t_ - 2*_tpk2_*_t987_rˍt_t_*_t987_wˍt_t_ + _tpk3_*_t987_wˍtt_t_ + _t987_wˍttt_t_]
R
Multivariate polynomial ring in 12 variables over rationals
primes of bitsize 28
G-Q-Pt-FG-LT-LP(C)
Dimension of the quotient :2
Degree of the radical :2
Use last variable as separating element
Run Groebner learn
Test cyclic optimization
Apply cyclic optimization 
Multi-modular computation (1 threads): G-Q-Pt-FG-LT-LP(C)
5-9-13-17-21-25-29-33-37-41-45-49-53-61-69-
check-G-Q-Pt-FG-LT-LP(C)
Nb Primes used :69
2-element Vector{Vector{Vector{BigFloat}}}:
 [[-0.54612732, -0.54612637], [0.32489395, 0.32489443], [-1.12953, -1.129528], [1.2857895, 1.2857914], [-0.24004412, -0.24004388], [0.24918556, 0.2491858], [-0.023737818, -0.023737788], [-0.040360391, -0.040360332], [0.0056773275, 0.005677335], [-0.10257673, -0.10257661], [-0.011166662, -0.011166647], [0.020034999, 0.020035028]]
 [[-0.28246975, -0.28246927], [-0.065070868, -0.065070748], [-0.14679551, -0.14679527], [1.2857895, 1.2857914], [0.91645336, 0.91645432], [0.24918556, 0.2491858], [-0.023737818, -0.023737788], [-0.040360391, -0.040360332], [0.0056773275, 0.005677335], [-0.19832206, -0.19832182], [-0.021589637, -0.021589607], [0.038735688, 0.038735747]]




