LinearAlgebra.PosDefException(3)
LinearAlgebra.PosDefException(2)
LinearAlgebra.PosDefException(2)
LinearAlgebra.PosDefException(6)
LinearAlgebra.PosDefException(5)
LinearAlgebra.PosDefException(6)
DEBUG [determine_optimal_points_count]: Large num points: 1
DEBUG [determine_optimal_points_count]: Good num points: 1
DEBUG [multipoint_parameter_estimation]: Parameter estimation using this many points: 1

DEBUG [pick_points]: Starting point selection...
DEBUG [pick_points]: Number of points to pick: 1
DEBUG [pick_points]: Total points available: 1001
DEBUG [pick_points]: Number of interpolants: 1

DEBUG [pick_points]: Computing interestingness scores...
DEBUG [pick_points]: Processed 100 points
DEBUG [pick_points]: Processed 200 points
DEBUG [pick_points]: Processed 300 points
DEBUG [pick_points]: Processed 400 points
DEBUG [pick_points]: Processed 500 points
DEBUG [pick_points]: Processed 600 points
DEBUG [pick_points]: Processed 700 points
DEBUG [pick_points]: Processed 800 points
DEBUG [pick_points]: Processed 900 points
DEBUG [pick_points]: Processed 1000 points

DEBUG [pick_points]: Score statistics:
DEBUG [pick_points]: Min score: 0.051520440380773
DEBUG [pick_points]: Max score: 0.12933360991915444
DEBUG [pick_points]: Mean score: 0.08422205467728175
DEBUG [pick_points]: Normalized scores

DEBUG [pick_points]: Selected 1 points
DEBUG [pick_points]: Selected time points: [0.998]
aa_system
Any[_t1000_r_t_ - 7606674811887585//18014398509481984, _t1000_rˍt_t_ - 3450014540190615//18014398509481984, _t1000_rˍtt_t_ - 7466056395210979//72057594037927936, _t1000_rˍttt_t_ + 5886889085909043//576460752303423488, _t1000_rˍtttt_t_ + 8525637648084191//18014398509481984, _tpk2_*_t1000_r_t_*_t1000_w_t_ - _tpk1_*_t1000_r_t_ + _t1000_rˍt_t_, _tpk2_*_t1000_r_t_*_t1000_wˍt_t_ + _tpk2_*_t1000_w_t_*_t1000_rˍt_t_ - _tpk1_*_t1000_rˍt_t_ + _t1000_rˍtt_t_, _tpk2_*_t1000_r_t_*_t1000_wˍtt_t_ + _tpk2_*_t1000_w_t_*_t1000_rˍtt_t_ + 2*_tpk2_*_t1000_rˍt_t_*_t1000_wˍt_t_ - _tpk1_*_t1000_rˍtt_t_ + _t1000_rˍttt_t_, _tpk2_*_t1000_r_t_*_t1000_wˍttt_t_ + _tpk2_*_t1000_w_t_*_t1000_rˍttt_t_ + 3*_tpk2_*_t1000_rˍt_t_*_t1000_wˍtt_t_ + 3*_tpk2_*_t1000_rˍtt_t_*_t1000_wˍt_t_ - _tpk1_*_t1000_rˍttt_t_ + _t1000_rˍtttt_t_, -_tpk2_*_t1000_r_t_*_t1000_w_t_ + _tpk3_*_t1000_w_t_ + _t1000_wˍt_t_, -_tpk2_*_t1000_r_t_*_t1000_wˍt_t_ - _tpk2_*_t1000_w_t_*_t1000_rˍt_t_ + _tpk3_*_t1000_wˍt_t_ + _t1000_wˍtt_t_, -_tpk2_*_t1000_r_t_*_t1000_wˍtt_t_ - _tpk2_*_t1000_w_t_*_t1000_rˍtt_t_ - 2*_tpk2_*_t1000_rˍt_t_*_t1000_wˍt_t_ + _tpk3_*_t1000_wˍtt_t_ + _t1000_wˍttt_t_]
R
Multivariate polynomial ring in 12 variables over rationals
primes of bitsize 28
G-Q-Pt-FG-LT-LP(C)
Dimension of the quotient :2
Degree of the radical :2
Use last variable as separating element
Run Groebner learn
Test cyclic optimization
Apply cyclic optimization 
Multi-modular computation (1 threads): G-Q-Pt-FG-LT-LP(C)
5-9-13-17-21-25-29-33-37-41-45-49-53-61-69-
check-G-Q-Pt-FG-LT-LP(C)
Nb Primes used :69
2-element Vector{Vector{Vector{BigFloat}}}:
 [[-37.302063, -37.302002], [0.42246342, 0.42246389], [-17.027069, -17.027039], [0.42225504, 0.42225552], [0.00083339214, 0.00083339307], [0.19151425, 0.19151449], [0.1036123, 0.10361242], [-0.010212138, -0.010212123], [-0.47326803, -0.47326756], [0.0010634791, 0.001063481], [-0.0045965612, -0.0045965537], [-0.024281383, -0.024281353]]
 [[-155.45728, -155.45703], [0.45849085, 0.45849133], [-57.612732, -57.612671], [0.42225504, 0.42225552], [-3.1779229e-05, -3.1779171e-05], [0.19151425, 0.19151449], [0.1036123, 0.10361242], [-0.010212138, -0.010212123], [-0.47326803, -0.47326756], [0.00025518285, 0.00025518332], [-0.0011029486, -0.0011029467], [-0.0058263391, -0.0058263317]]




