┌ Warning: Optimization did not converge. RetCode: MaxIters
└ @ ODEParameterEstimation ~/ODEParameterEstimation/src/core/solvers/homotopy_continuation.jl:778
┌ Warning: At t=-0.6045217757029508, dt was forced below floating point epsilon -9.935110687964351e-17, and step error estimate = 1.0587642485278272. Aborting. There is either an error in your model specification or the true solution is unstable (or the true solution can not be represented in the precision of Float64).
└ @ SciMLBase ~/.julia/packages/SciMLBase/VW1cI/src/integrator_interface.jl:623
┌ Warning: At t=-0.43400048145984427, dt was forced below floating point epsilon -5.4421904293380144e-17, and step error estimate = 7.144357078300963. Aborting. There is either an error in your model specification or the true solution is unstable (or the true solution can not be represented in the precision of Float64).
└ @ SciMLBase ~/.julia/packages/SciMLBase/VW1cI/src/integrator_interface.jl:623
┌ Warning: At t=-0.43428686673489103, dt was forced below floating point epsilon -5.415108407808458e-17, and step error estimate = 1.821428144909841. Aborting. There is either an error in your model specification or the true solution is unstable (or the true solution can not be represented in the precision of Float64).
└ @ SciMLBase ~/.julia/packages/SciMLBase/VW1cI/src/integrator_interface.jl:623
┌ Warning: At t=-0.4364104867447554, dt was forced below floating point epsilon -5.0825312585161625e-17, and step error estimate = 1.0155718628646977. Aborting. There is either an error in your model specification or the true solution is unstable (or the true solution can not be represented in the precision of Float64).
└ @ SciMLBase ~/.julia/packages/SciMLBase/VW1cI/src/integrator_interface.jl:623
┌ Warning: At t=-0.4364104867447554, dt was forced below floating point epsilon -5.0825312585161625e-17, and step error estimate = 1.0155718628646977. Aborting. There is either an error in your model specification or the true solution is unstable (or the true solution can not be represented in the precision of Float64).
└ @ SciMLBase ~/.julia/packages/SciMLBase/VW1cI/src/integrator_interface.jl:623
┌ Warning: At t=-0.4340384275862804, dt was forced below floating point epsilon -5.3237513495348324e-17, and step error estimate = NaN. Aborting. There is either an error in your model specification or the true solution is unstable (or the true solution can not be represented in the precision of Float64).
└ @ SciMLBase ~/.julia/packages/SciMLBase/VW1cI/src/integrator_interface.jl:623
┌ Warning: At t=-0.9934045526962623, dt was forced below floating point epsilon -9.872199557287989e-17, and step error estimate = 1.1282224174546651. Aborting. There is either an error in your model specification or the true solution is unstable (or the true solution can not be represented in the precision of Float64).
└ @ SciMLBase ~/.julia/packages/SciMLBase/VW1cI/src/integrator_interface.jl:623
┌ Warning: At t=-0.6246633899389584, dt was forced below floating point epsilon -9.707520039511009e-17, and step error estimate = NaN. Aborting. There is either an error in your model specification or the true solution is unstable (or the true solution can not be represented in the precision of Float64).
└ @ SciMLBase ~/.julia/packages/SciMLBase/VW1cI/src/integrator_interface.jl:623
┌ Warning: At t=-0.43407790064675683, dt was forced below floating point epsilon -5.310798420742897e-17, and step error estimate = 1.0513430123541798. Aborting. There is either an error in your model specification or the true solution is unstable (or the true solution can not be represented in the precision of Float64).
└ @ SciMLBase ~/.julia/packages/SciMLBase/VW1cI/src/integrator_interface.jl:623
┌ Warning: At t=-0.5999579789081999, dt was forced below floating point epsilon -9.948188792194162e-17, and step error estimate = 1.0449268090275674. Aborting. There is either an error in your model specification or the true solution is unstable (or the true solution can not be represented in the precision of Float64).
└ @ SciMLBase ~/.julia/packages/SciMLBase/VW1cI/src/integrator_interface.jl:623
┌ Warning: At t=-0.4470036002483359, dt was forced below floating point epsilon -5.1483856118807627e-17, and step error estimate = 1.3011957702771437. Aborting. There is either an error in your model specification or the true solution is unstable (or the true solution can not be represented in the precision of Float64).
└ @ SciMLBase ~/.julia/packages/SciMLBase/VW1cI/src/integrator_interface.jl:623
┌ Warning: At t=-0.434025490432751, dt was forced below floating point epsilon -5.2729182672181935e-17, and step error estimate = 1.1749328259341134. Aborting. There is either an error in your model specification or the true solution is unstable (or the true solution can not be represented in the precision of Float64).
└ @ SciMLBase ~/.julia/packages/SciMLBase/VW1cI/src/integrator_interface.jl:623
┌ Warning: At t=-0.20607911471561516, dt was forced below floating point epsilon 2.7755575615628914e-17, and step error estimate = 1.309028975800518. Aborting. There is either an error in your model specification or the true solution is unstable (or the true solution can not be represented in the precision of Float64).
└ @ SciMLBase ~/.julia/packages/SciMLBase/VW1cI/src/integrator_interface.jl:623
┌ Warning: At t=-0.9064824766919904, dt was forced below floating point epsilon 1.1102230246251565e-16, and step error estimate = NaN. Aborting. There is either an error in your model specification or the true solution is unstable (or the true solution can not be represented in the precision of Float64).
└ @ SciMLBase ~/.julia/packages/SciMLBase/VW1cI/src/integrator_interface.jl:623
┌ Warning: At t=0.011901582600227188, dt was forced below floating point epsilon 1.734723475976807e-18, and step error estimate = 16.68500574721459. Aborting. There is either an error in your model specification or the true solution is unstable (or the true solution can not be represented in the precision of Float64).
└ @ SciMLBase ~/.julia/packages/SciMLBase/VW1cI/src/integrator_interface.jl:623
┌ Warning: At t=-0.24918981705280427, dt was forced below floating point epsilon 2.7755575615628914e-17, and step error estimate = 1.2569637193593717. Aborting. There is either an error in your model specification or the true solution is unstable (or the true solution can not be represented in the precision of Float64).
└ @ SciMLBase ~/.julia/packages/SciMLBase/VW1cI/src/integrator_interface.jl:623
┌ Warning: At t=-0.43399945442287047, dt was forced below floating point epsilon 5.551115123125783e-17, and step error estimate = NaN. Aborting. There is either an error in your model specification or the true solution is unstable (or the true solution can not be represented in the precision of Float64).
└ @ SciMLBase ~/.julia/packages/SciMLBase/VW1cI/src/integrator_interface.jl:623
┌ Warning: At t=0.011901582600227188, dt was forced below floating point epsilon 1.734723475976807e-18, and step error estimate = 16.68500574721459. Aborting. There is either an error in your model specification or the true solution is unstable (or the true solution can not be represented in the precision of Float64).
└ @ SciMLBase ~/.julia/packages/SciMLBase/VW1cI/src/integrator_interface.jl:623
┌ Warning: At t=-0.12063732559839357, dt was forced below floating point epsilon 1.3877787807814457e-17, and step error estimate = 1.346791088186792. Aborting. There is either an error in your model specification or the true solution is unstable (or the true solution can not be represented in the precision of Float64).
└ @ SciMLBase ~/.julia/packages/SciMLBase/VW1cI/src/integrator_interface.jl:623
┌ Warning: At t=0.32216347801047535, dt was forced below floating point epsilon 5.551115123125783e-17, and step error estimate = 1.364656283350452. Aborting. There is either an error in your model specification or the true solution is unstable (or the true solution can not be represented in the precision of Float64).
└ @ SciMLBase ~/.julia/packages/SciMLBase/VW1cI/src/integrator_interface.jl:623
┌ Warning: At t=-0.42665682685672524, dt was forced below floating point epsilon 5.551115123125783e-17, and step error estimate = NaN. Aborting. There is either an error in your model specification or the true solution is unstable (or the true solution can not be represented in the precision of Float64).
└ @ SciMLBase ~/.julia/packages/SciMLBase/VW1cI/src/integrator_interface.jl:623
┌ Warning: At t=-0.4320493138064268, dt was forced below floating point epsilon 5.551115123125783e-17, and step error estimate = 1.421215629065945. Aborting. There is either an error in your model specification or the true solution is unstable (or the true solution can not be represented in the precision of Float64).
└ @ SciMLBase ~/.julia/packages/SciMLBase/VW1cI/src/integrator_interface.jl:623
┌ Warning: At t=-0.8073366058910106, dt was forced below floating point epsilon 1.1102230246251565e-16, and step error estimate = NaN. Aborting. There is either an error in your model specification or the true solution is unstable (or the true solution can not be represented in the precision of Float64).
└ @ SciMLBase ~/.julia/packages/SciMLBase/VW1cI/src/integrator_interface.jl:623
┌ Warning: At t=0.911879339881722, dt was forced below floating point epsilon 1.1102230246251565e-16, and step error estimate = 1.0681721661120442. Aborting. There is either an error in your model specification or the true solution is unstable (or the true solution can not be represented in the precision of Float64).
└ @ SciMLBase ~/.julia/packages/SciMLBase/VW1cI/src/integrator_interface.jl:623
┌ Warning: At t=-0.43398212935079095, dt was forced below floating point epsilon 5.551115123125783e-17, and step error estimate = NaN. Aborting. There is either an error in your model specification or the true solution is unstable (or the true solution can not be represented in the precision of Float64).
└ @ SciMLBase ~/.julia/packages/SciMLBase/VW1cI/src/integrator_interface.jl:623
┌ Warning: At t=0.7015554630393841, dt was forced below floating point epsilon 1.1102230246251565e-16, and step error estimate = 19.182372874366415. Aborting. There is either an error in your model specification or the true solution is unstable (or the true solution can not be represented in the precision of Float64).
└ @ SciMLBase ~/.julia/packages/SciMLBase/VW1cI/src/integrator_interface.jl:623
┌ Warning: At t=-0.16688956188835263, dt was forced below floating point epsilon 2.7755575615628914e-17, and step error estimate = 1.1526321967628685. Aborting. There is either an error in your model specification or the true solution is unstable (or the true solution can not be represented in the precision of Float64).
└ @ SciMLBase ~/.julia/packages/SciMLBase/VW1cI/src/integrator_interface.jl:623
┌ Warning: At t=-0.4339997157534145, dt was forced below floating point epsilon 5.551115123125783e-17, and step error estimate = NaN. Aborting. There is either an error in your model specification or the true solution is unstable (or the true solution can not be represented in the precision of Float64).
└ @ SciMLBase ~/.julia/packages/SciMLBase/VW1cI/src/integrator_interface.jl:623
┌ Warning: At t=-0.9850785543258079, dt was forced below floating point epsilon 1.1102230246251565e-16, and step error estimate = 1.0455837841962452. Aborting. There is either an error in your model specification or the true solution is unstable (or the true solution can not be represented in the precision of Float64).
└ @ SciMLBase ~/.julia/packages/SciMLBase/VW1cI/src/integrator_interface.jl:623
┌ Warning: At t=-0.43399975609358477, dt was forced below floating point epsilon 5.551115123125783e-17, and step error estimate = NaN. Aborting. There is either an error in your model specification or the true solution is unstable (or the true solution can not be represented in the precision of Float64).
└ @ SciMLBase ~/.julia/packages/SciMLBase/VW1cI/src/integrator_interface.jl:623
┌ Warning: At t=-0.4259085812285958, dt was forced below floating point epsilon 5.551115123125783e-17, and step error estimate = NaN. Aborting. There is either an error in your model specification or the true solution is unstable (or the true solution can not be represented in the precision of Float64).
└ @ SciMLBase ~/.julia/packages/SciMLBase/VW1cI/src/integrator_interface.jl:623
┌ Warning: At t=-0.7160533168751991, dt was forced below floating point epsilon 1.1102230246251565e-16, and step error estimate = 1.9866135997780268. Aborting. There is either an error in your model specification or the true solution is unstable (or the true solution can not be represented in the precision of Float64).
└ @ SciMLBase ~/.julia/packages/SciMLBase/VW1cI/src/integrator_interface.jl:623
LinearAlgebra.PosDefException(3)
LinearAlgebra.PosDefException(2)
LinearAlgebra.PosDefException(6)
LinearAlgebra.PosDefException(3)
LinearAlgebra.PosDefException(7)
LinearAlgebra.PosDefException(5)
LinearAlgebra.PosDefException(93)
LinearAlgebra.PosDefException(3)
LinearAlgebra.PosDefException(50)
LinearAlgebra.PosDefException(5)
LinearAlgebra.PosDefException(5)
LinearAlgebra.PosDefException(3)
LinearAlgebra.PosDefException(2)
LinearAlgebra.PosDefException(2)
LinearAlgebra.PosDefException(5)
LinearAlgebra.PosDefException(4)
LinearAlgebra.PosDefException(4)
LinearAlgebra.PosDefException(92)
LinearAlgebra.PosDefException(2)
LinearAlgebra.PosDefException(2)
LinearAlgebra.PosDefException(2)
LinearAlgebra.PosDefException(3)
LinearAlgebra.PosDefException(5)
LinearAlgebra.PosDefException(4)
LinearAlgebra.PosDefException(91)
LinearAlgebra.PosDefException(3)
LinearAlgebra.PosDefException(53)
LinearAlgebra.PosDefException(7)
LinearAlgebra.PosDefException(4)
LinearAlgebra.PosDefException(3)
LinearAlgebra.PosDefException(3)
LinearAlgebra.PosDefException(6)
LinearAlgebra.PosDefException(3)
LinearAlgebra.PosDefException(3)
LinearAlgebra.PosDefException(4)
LinearAlgebra.PosDefException(96)
LinearAlgebra.PosDefException(2)
LinearAlgebra.PosDefException(2)
LinearAlgebra.PosDefException(6)
LinearAlgebra.PosDefException(5)
LinearAlgebra.PosDefException(5)
LinearAlgebra.PosDefException(4)
LinearAlgebra.PosDefException(99)
LinearAlgebra.PosDefException(3)
LinearAlgebra.PosDefException(51)
LinearAlgebra.PosDefException(5)
LinearAlgebra.PosDefException(6)
LinearAlgebra.PosDefException(2)
LinearAlgebra.PosDefException(3)
LinearAlgebra.PosDefException(2)
LinearAlgebra.PosDefException(4)
LinearAlgebra.PosDefException(6)
LinearAlgebra.PosDefException(4)
LinearAlgebra.PosDefException(83)
Optimization improved residual by 0.0004863581924833798 (from 0.0004863581927425737 to 2.591938765105976e-13)
Optimization improved residual by 2.2612301706212137e-5 (from 2.2612301711695883e-5 to 5.4837468233283775e-15)
Optimization improved residual by 0.0010087463555902346 (from 0.0010087463556182152 to 2.798068216363898e-14)
Optimization improved residual by 0.00012681847070777796 (from 0.00012681847076612582 to 5.834785465052534e-14)
Optimization improved residual by 0.0003405870226465415 (from 0.0003405870226918263 to 4.5284795151458673e-14)
Optimization improved residual by 0.00025505124226236003 (from 0.00025505124264824943 to 3.858894234588901e-13)
Optimization improved residual by 0.004154583739390617 (from 0.004154583739441233 to 5.061609311069353e-14)
Optimization did not improve residual (initial: 3.080813461779125e-17, final: 3.080813461779125e-17)
Optimization did not improve residual (initial: 3.178657172218865e-19, final: 3.178657172218865e-19)
Optimization improved residual by 0.0003288580093502065 (from 0.00032885800938340287 to 3.319636361183308e-14)
Optimization improved residual by 0.004154583739390617 (from 0.004154583739441233 to 5.061609311069353e-14)
Optimization improved residual by 0.39523364980162534 (from 0.3952336498019946 to 3.692724548606046e-13)
Optimization did not improve residual (initial: 9.239316819918221e-13, final: 9.239316819918221e-13)
Optimization did not improve residual (initial: 5.561712241011306e-19, final: 5.561712241011306e-19)
Optimization did not improve residual (initial: 5.152043475867638e-19, final: 5.152043475867638e-19)
Optimization improved residual by 0.02034246320289459 (from 0.020342463203108577 to 2.13985912982402e-13)
Optimization improved residual by 1.4161200770968911 (from 1.4161200770977243 to 8.330682848135288e-13)
Optimization improved residual by 0.0011150199508285633 (from 0.001115019951391054 to 5.624906702998799e-13)
Optimization improved residual by 0.008235620114393105 (from 0.008235620114405175 to 1.207062851987198e-14)
Optimization improved residual by 0.004083885648333637 (from 0.004083885648758433 to 4.2479553396355233e-13)
Optimization did not improve residual (initial: 1.02095842156014e-17, final: 1.02095842156014e-17)
Optimization did not improve residual (initial: 4.575979786622032e-18, final: 4.575979786622032e-18)
Optimization improved residual by 0.0020892498461867457 (from 0.0020892498463730962 to 1.8635030279619695e-13)
Optimization improved residual by 0.00033950541011448104 (from 0.00033950541108483304 to 9.703519844821395e-13)
Optimization improved residual by 0.041927942512960795 (from 0.04192794251297054 to 9.742126478862925e-15)
Optimization improved residual by 0.3952336498013091 (from 0.3952336498019947 to 6.856315052706654e-13)
Optimization did not improve residual (initial: 5.561697084795798e-17, final: 5.561697084795798e-17)
Optimization improved residual by 0.0067822840269722495 (from 0.006782284027093548 to 1.2129905992198112e-13)
Optimization improved residual by 0.010182719466146151 (from 0.010182719466434424 to 2.88273622404187e-13)
Optimization did not improve residual (initial: 3.556579764617042e-15, final: 3.556579764617042e-15)
Optimization improved residual by 0.0002696722610349731 (from 0.0002696722618393756 to 8.044025159518076e-13)
Optimization improved residual by 0.003415399169643085 (from 0.0034153991696643463 to 2.1261213159133167e-14)
Optimization did not improve residual (initial: 1.2507300181869358e-16, final: 1.2507300181869358e-16)
Optimization improved residual by 0.0015116568669967917 (from 0.0015116568679650754 to 9.682837028748599e-13)
Optimization improved residual by 0.020342463202635698 (from 0.020342463203108577 to 4.728802759215648e-13)
Optimization improved residual by 2.5377273726144987 (from 2.53772737261459 to 9.156407480162137e-14)
Optimization improved residual by 0.0013730689088057104 (from 0.001373068908815177 to 9.466522251406545e-15)




































