┌ Warning: Optimization did not converge. RetCode: MaxIters
└ @ ODEParameterEstimation ~/ODEParameterEstimation/src/core/solvers/homotopy_continuation.jl:778
┌ Warning: Optimization did not converge. RetCode: MaxIters
└ @ ODEParameterEstimation ~/ODEParameterEstimation/src/core/solvers/homotopy_continuation.jl:778
┌ Warning: Optimization did not converge. RetCode: MaxIters
└ @ ODEParameterEstimation ~/ODEParameterEstimation/src/core/solvers/homotopy_continuation.jl:778
┌ Warning: Optimization did not converge. RetCode: MaxIters
└ @ ODEParameterEstimation ~/ODEParameterEstimation/src/core/solvers/homotopy_continuation.jl:778
┌ Warning: Optimization did not converge. RetCode: MaxIters
└ @ ODEParameterEstimation ~/ODEParameterEstimation/src/core/solvers/homotopy_continuation.jl:778
┌ Warning: At t=-0.5220111120285714, dt was forced below floating point epsilon -9.89063905634438e-17, and step error estimate = 1.107356772832524. Aborting. There is either an error in your model specification or the true solution is unstable (or the true solution can not be represented in the precision of Float64).
└ @ SciMLBase ~/.julia/packages/SciMLBase/VW1cI/src/integrator_interface.jl:623
┌ Warning: At t=-0.5220000000809554, dt was forced below floating point epsilon -5.094511835138237e-17, and step error estimate = NaN. Aborting. There is either an error in your model specification or the true solution is unstable (or the true solution can not be represented in the precision of Float64).
└ @ SciMLBase ~/.julia/packages/SciMLBase/VW1cI/src/integrator_interface.jl:623
┌ Warning: At t=-0.9487269256559339, dt was forced below floating point epsilon -1.0244059773899497e-16, and step error estimate = 1.0074530589758994. Aborting. There is either an error in your model specification or the true solution is unstable (or the true solution can not be represented in the precision of Float64).
└ @ SciMLBase ~/.julia/packages/SciMLBase/VW1cI/src/integrator_interface.jl:623
┌ Warning: At t=-0.9288464459584383, dt was forced below floating point epsilon -9.942642521502377e-17, and step error estimate = 1.050770780704473. Aborting. There is either an error in your model specification or the true solution is unstable (or the true solution can not be represented in the precision of Float64).
└ @ SciMLBase ~/.julia/packages/SciMLBase/VW1cI/src/integrator_interface.jl:623
┌ Warning: At t=-0.9629115197798103, dt was forced below floating point epsilon -1.0704311210250271e-16, and step error estimate = 1.015720167310893. Aborting. There is either an error in your model specification or the true solution is unstable (or the true solution can not be represented in the precision of Float64).
└ @ SciMLBase ~/.julia/packages/SciMLBase/VW1cI/src/integrator_interface.jl:623
┌ Warning: At t=-0.5220003076051088, dt was forced below floating point epsilon -9.972313686235771e-17, and step error estimate = 1.0199222925814944. Aborting. There is either an error in your model specification or the true solution is unstable (or the true solution can not be represented in the precision of Float64).
└ @ SciMLBase ~/.julia/packages/SciMLBase/VW1cI/src/integrator_interface.jl:623
┌ Warning: At t=-0.5220000006014829, dt was forced below floating point epsilon -2.956597805502376e-17, and step error estimate = NaN. Aborting. There is either an error in your model specification or the true solution is unstable (or the true solution can not be represented in the precision of Float64).
└ @ SciMLBase ~/.julia/packages/SciMLBase/VW1cI/src/integrator_interface.jl:623
┌ Warning: At t=-0.5220000003992029, dt was forced below floating point epsilon -8.491894441945917e-17, and step error estimate = 12.014550195524972. Aborting. There is either an error in your model specification or the true solution is unstable (or the true solution can not be represented in the precision of Float64).
└ @ SciMLBase ~/.julia/packages/SciMLBase/VW1cI/src/integrator_interface.jl:623
┌ Warning: At t=-0.6728797166083604, dt was forced below floating point epsilon -9.962665332043124e-17, and step error estimate = 1.0298415851413063. Aborting. There is either an error in your model specification or the true solution is unstable (or the true solution can not be represented in the precision of Float64).
└ @ SciMLBase ~/.julia/packages/SciMLBase/VW1cI/src/integrator_interface.jl:623
┌ Warning: At t=-0.5339743976613955, dt was forced below floating point epsilon -9.989785048543512e-17, and step error estimate = 1.0022260049343177. Aborting. There is either an error in your model specification or the true solution is unstable (or the true solution can not be represented in the precision of Float64).
└ @ SciMLBase ~/.julia/packages/SciMLBase/VW1cI/src/integrator_interface.jl:623
┌ Warning: At t=-0.8032015948796298, dt was forced below floating point epsilon -5.214158553391222e-17, and step error estimate = 2358.818830854332. Aborting. There is either an error in your model specification or the true solution is unstable (or the true solution can not be represented in the precision of Float64).
└ @ SciMLBase ~/.julia/packages/SciMLBase/VW1cI/src/integrator_interface.jl:623
┌ Warning: At t=-0.7008699556793121, dt was forced below floating point epsilon -7.073737919947365e-17, and step error estimate = 520.5021182953291. Aborting. There is either an error in your model specification or the true solution is unstable (or the true solution can not be represented in the precision of Float64).
└ @ SciMLBase ~/.julia/packages/SciMLBase/VW1cI/src/integrator_interface.jl:623
┌ Warning: Interrupted. Larger maxiters is needed. If you are using an integrator for non-stiff ODEs or an automatic switching algorithm (the default), you may want to consider using a method for stiff equations. See the solver pages for more details (e.g. https://docs.sciml.ai/DiffEqDocs/stable/solvers/ode_solve/#Stiff-Problems).
└ @ SciMLBase ~/.julia/packages/SciMLBase/VW1cI/src/integrator_interface.jl:589
┌ Warning: At t=-0.6234741241654351, dt was forced below floating point epsilon -1.0057804755323519e-16, and step error estimate = 1.156410803895654. Aborting. There is either an error in your model specification or the true solution is unstable (or the true solution can not be represented in the precision of Float64).
└ @ SciMLBase ~/.julia/packages/SciMLBase/VW1cI/src/integrator_interface.jl:623
┌ Warning: At t=-0.5301688734552225, dt was forced below floating point epsilon -7.665825705884105e-17, and step error estimate = 250.71523193972362. Aborting. There is either an error in your model specification or the true solution is unstable (or the true solution can not be represented in the precision of Float64).
└ @ SciMLBase ~/.julia/packages/SciMLBase/VW1cI/src/integrator_interface.jl:623
┌ Warning: At t=-0.6234741241654351, dt was forced below floating point epsilon -1.0057804755323519e-16, and step error estimate = 1.156410803895654. Aborting. There is either an error in your model specification or the true solution is unstable (or the true solution can not be represented in the precision of Float64).
└ @ SciMLBase ~/.julia/packages/SciMLBase/VW1cI/src/integrator_interface.jl:623
┌ Warning: At t=-0.6306905307290194, dt was forced below floating point epsilon -9.96948362133521e-17, and step error estimate = 1.0228210684729084. Aborting. There is either an error in your model specification or the true solution is unstable (or the true solution can not be represented in the precision of Float64).
└ @ SciMLBase ~/.julia/packages/SciMLBase/VW1cI/src/integrator_interface.jl:623
┌ Warning: At t=-0.6841299106443476, dt was forced below floating point epsilon -9.187349815248284e-17, and step error estimate = 6.113984032524655. Aborting. There is either an error in your model specification or the true solution is unstable (or the true solution can not be represented in the precision of Float64).
└ @ SciMLBase ~/.julia/packages/SciMLBase/VW1cI/src/integrator_interface.jl:623
┌ Warning: At t=-0.701462672589021, dt was forced below floating point epsilon -9.949414526264713e-17, and step error estimate = 1.0436409103861841. Aborting. There is either an error in your model specification or the true solution is unstable (or the true solution can not be represented in the precision of Float64).
└ @ SciMLBase ~/.julia/packages/SciMLBase/VW1cI/src/integrator_interface.jl:623
┌ Warning: At t=-0.9547603431416481, dt was forced below floating point epsilon -5.582589652288175e-17, and step error estimate = 1158.31247629323. Aborting. There is either an error in your model specification or the true solution is unstable (or the true solution can not be represented in the precision of Float64).
└ @ SciMLBase ~/.julia/packages/SciMLBase/VW1cI/src/integrator_interface.jl:623
┌ Warning: At t=-0.5220504552880225, dt was forced below floating point epsilon -9.893498097278817e-17, and step error estimate = 1.1041597605083455. Aborting. There is either an error in your model specification or the true solution is unstable (or the true solution can not be represented in the precision of Float64).
└ @ SciMLBase ~/.julia/packages/SciMLBase/VW1cI/src/integrator_interface.jl:623
┌ Warning: At t=-0.6992945949536474, dt was forced below floating point epsilon -9.734954804920387e-17, and step error estimate = 1.29784108874669. Aborting. There is either an error in your model specification or the true solution is unstable (or the true solution can not be represented in the precision of Float64).
└ @ SciMLBase ~/.julia/packages/SciMLBase/VW1cI/src/integrator_interface.jl:623
┌ Warning: At t=-0.7988473260539968, dt was forced below floating point epsilon -9.94460778977092e-17, and step error estimate = 1.0486964032552755. Aborting. There is either an error in your model specification or the true solution is unstable (or the true solution can not be represented in the precision of Float64).
└ @ SciMLBase ~/.julia/packages/SciMLBase/VW1cI/src/integrator_interface.jl:623
┌ Warning: At t=-0.8581812730063206, dt was forced below floating point epsilon -9.984163770216386e-17, and step error estimate = 1.0078829286460615. Aborting. There is either an error in your model specification or the true solution is unstable (or the true solution can not be represented in the precision of Float64).
└ @ SciMLBase ~/.julia/packages/SciMLBase/VW1cI/src/integrator_interface.jl:623
┌ Warning: At t=-0.5220000174995971, dt was forced below floating point epsilon -5.883247235121107e-17, and step error estimate = NaN. Aborting. There is either an error in your model specification or the true solution is unstable (or the true solution can not be represented in the precision of Float64).
└ @ SciMLBase ~/.julia/packages/SciMLBase/VW1cI/src/integrator_interface.jl:623
┌ Warning: At t=-0.5220000908103791, dt was forced below floating point epsilon -1.0998001307592882e-16, and step error estimate = 1.3495664013137907. Aborting. There is either an error in your model specification or the true solution is unstable (or the true solution can not be represented in the precision of Float64).
└ @ SciMLBase ~/.julia/packages/SciMLBase/VW1cI/src/integrator_interface.jl:623
┌ Warning: At t=-0.7983108501629702, dt was forced below floating point epsilon -9.97827322158535e-17, and step error estimate = 1.013847229572405. Aborting. There is either an error in your model specification or the true solution is unstable (or the true solution can not be represented in the precision of Float64).
└ @ SciMLBase ~/.julia/packages/SciMLBase/VW1cI/src/integrator_interface.jl:623
┌ Warning: At t=-0.713099276290881, dt was forced below floating point epsilon -9.982757061094901e-17, and step error estimate = 1.009303723287214. Aborting. There is either an error in your model specification or the true solution is unstable (or the true solution can not be represented in the precision of Float64).
└ @ SciMLBase ~/.julia/packages/SciMLBase/VW1cI/src/integrator_interface.jl:623
┌ Warning: At t=-0.5220018031348342, dt was forced below floating point epsilon -9.620144104451232e-17, and step error estimate = 1.9878299098399728. Aborting. There is either an error in your model specification or the true solution is unstable (or the true solution can not be represented in the precision of Float64).
└ @ SciMLBase ~/.julia/packages/SciMLBase/VW1cI/src/integrator_interface.jl:623
┌ Warning: At t=-0.5220000147430583, dt was forced below floating point epsilon -8.462430816950325e-17, and step error estimate = 5.2675656920262695. Aborting. There is either an error in your model specification or the true solution is unstable (or the true solution can not be represented in the precision of Float64).
└ @ SciMLBase ~/.julia/packages/SciMLBase/VW1cI/src/integrator_interface.jl:623
┌ Warning: At t=-0.5220000001801139, dt was forced below floating point epsilon -7.29634382055219e-17, and step error estimate = NaN. Aborting. There is either an error in your model specification or the true solution is unstable (or the true solution can not be represented in the precision of Float64).
└ @ SciMLBase ~/.julia/packages/SciMLBase/VW1cI/src/integrator_interface.jl:623
┌ Warning: At t=-0.4839196960656196, dt was forced below floating point epsilon 5.551115123125783e-17, and step error estimate = 1.0352046568931146. Aborting. There is either an error in your model specification or the true solution is unstable (or the true solution can not be represented in the precision of Float64).
└ @ SciMLBase ~/.julia/packages/SciMLBase/VW1cI/src/integrator_interface.jl:623
┌ Warning: At t=-0.9655141428366247, dt was forced below floating point epsilon 1.1102230246251565e-16, and step error estimate = 45.049850506688564. Aborting. There is either an error in your model specification or the true solution is unstable (or the true solution can not be represented in the precision of Float64).
└ @ SciMLBase ~/.julia/packages/SciMLBase/VW1cI/src/integrator_interface.jl:623
┌ Warning: At t=-0.5407575915542969, dt was forced below floating point epsilon 1.1102230246251565e-16, and step error estimate = 1.126050673033745. Aborting. There is either an error in your model specification or the true solution is unstable (or the true solution can not be represented in the precision of Float64).
└ @ SciMLBase ~/.julia/packages/SciMLBase/VW1cI/src/integrator_interface.jl:623
┌ Warning: At t=-0.5219999835134158, dt was forced below floating point epsilon 1.1102230246251565e-16, and step error estimate = NaN. Aborting. There is either an error in your model specification or the true solution is unstable (or the true solution can not be represented in the precision of Float64).
└ @ SciMLBase ~/.julia/packages/SciMLBase/VW1cI/src/integrator_interface.jl:623
┌ Warning: At t=-0.9979993847887402, dt was forced below floating point epsilon 1.1102230246251565e-16, and step error estimate = 1.491184005529731. Aborting. There is either an error in your model specification or the true solution is unstable (or the true solution can not be represented in the precision of Float64).
└ @ SciMLBase ~/.julia/packages/SciMLBase/VW1cI/src/integrator_interface.jl:623
┌ Warning: At t=-0.998, dt was forced below floating point epsilon 1.1102230246251565e-16, and step error estimate = NaN. Aborting. There is either an error in your model specification or the true solution is unstable (or the true solution can not be represented in the precision of Float64).
└ @ SciMLBase ~/.julia/packages/SciMLBase/VW1cI/src/integrator_interface.jl:623
┌ Warning: At t=-0.9667650990996667, dt was forced below floating point epsilon 1.1102230246251565e-16, and step error estimate = 51.149657272746516. Aborting. There is either an error in your model specification or the true solution is unstable (or the true solution can not be represented in the precision of Float64).
└ @ SciMLBase ~/.julia/packages/SciMLBase/VW1cI/src/integrator_interface.jl:623
┌ Warning: At t=-0.1733553711813037, dt was forced below floating point epsilon 2.7755575615628914e-17, and step error estimate = 1.0400329975005762. Aborting. There is either an error in your model specification or the true solution is unstable (or the true solution can not be represented in the precision of Float64).
└ @ SciMLBase ~/.julia/packages/SciMLBase/VW1cI/src/integrator_interface.jl:623
┌ Warning: At t=-0.4025000968426499, dt was forced below floating point epsilon 5.551115123125783e-17, and step error estimate = 1.3000542453404411. Aborting. There is either an error in your model specification or the true solution is unstable (or the true solution can not be represented in the precision of Float64).
└ @ SciMLBase ~/.julia/packages/SciMLBase/VW1cI/src/integrator_interface.jl:623
┌ Warning: At t=-0.5219997491956947, dt was forced below floating point epsilon 1.1102230246251565e-16, and step error estimate = 1.7571998209269983. Aborting. There is either an error in your model specification or the true solution is unstable (or the true solution can not be represented in the precision of Float64).
└ @ SciMLBase ~/.julia/packages/SciMLBase/VW1cI/src/integrator_interface.jl:623
┌ Warning: At t=-0.9668168312096245, dt was forced below floating point epsilon 1.1102230246251565e-16, and step error estimate = 1.3825633641179524. Aborting. There is either an error in your model specification or the true solution is unstable (or the true solution can not be represented in the precision of Float64).
└ @ SciMLBase ~/.julia/packages/SciMLBase/VW1cI/src/integrator_interface.jl:623
┌ Warning: At t=-0.09954431648127879, dt was forced below floating point epsilon 1.3877787807814457e-17, and step error estimate = 1.1522450515641496. Aborting. There is either an error in your model specification or the true solution is unstable (or the true solution can not be represented in the precision of Float64).
└ @ SciMLBase ~/.julia/packages/SciMLBase/VW1cI/src/integrator_interface.jl:623
┌ Warning: At t=-0.8335926142023039, dt was forced below floating point epsilon 1.1102230246251565e-16, and step error estimate = 67.72510716710465. Aborting. There is either an error in your model specification or the true solution is unstable (or the true solution can not be represented in the precision of Float64).
└ @ SciMLBase ~/.julia/packages/SciMLBase/VW1cI/src/integrator_interface.jl:623
┌ Warning: At t=-0.8139810668025855, dt was forced below floating point epsilon 1.1102230246251565e-16, and step error estimate = 7.824410008906706. Aborting. There is either an error in your model specification or the true solution is unstable (or the true solution can not be represented in the precision of Float64).
└ @ SciMLBase ~/.julia/packages/SciMLBase/VW1cI/src/integrator_interface.jl:623
┌ Warning: At t=-0.998, dt was forced below floating point epsilon 1.1102230246251565e-16, and step error estimate = 4.34695405906302. Aborting. There is either an error in your model specification or the true solution is unstable (or the true solution can not be represented in the precision of Float64).
└ @ SciMLBase ~/.julia/packages/SciMLBase/VW1cI/src/integrator_interface.jl:623
┌ Warning: At t=-0.8139810668025855, dt was forced below floating point epsilon 1.1102230246251565e-16, and step error estimate = 7.824410008906706. Aborting. There is either an error in your model specification or the true solution is unstable (or the true solution can not be represented in the precision of Float64).
└ @ SciMLBase ~/.julia/packages/SciMLBase/VW1cI/src/integrator_interface.jl:623
┌ Warning: At t=-0.4025000968426499, dt was forced below floating point epsilon 5.551115123125783e-17, and step error estimate = 1.3000542453404411. Aborting. There is either an error in your model specification or the true solution is unstable (or the true solution can not be represented in the precision of Float64).
└ @ SciMLBase ~/.julia/packages/SciMLBase/VW1cI/src/integrator_interface.jl:623
┌ Warning: At t=-0.6327895874229215, dt was forced below floating point epsilon 1.1102230246251565e-16, and step error estimate = 1.2662717248154483. Aborting. There is either an error in your model specification or the true solution is unstable (or the true solution can not be represented in the precision of Float64).
└ @ SciMLBase ~/.julia/packages/SciMLBase/VW1cI/src/integrator_interface.jl:623
┌ Warning: At t=-0.8300224773599213, dt was forced below floating point epsilon 1.1102230246251565e-16, and step error estimate = 1.061292461594749. Aborting. There is either an error in your model specification or the true solution is unstable (or the true solution can not be represented in the precision of Float64).
└ @ SciMLBase ~/.julia/packages/SciMLBase/VW1cI/src/integrator_interface.jl:623
┌ Warning: At t=-0.3303672048990119, dt was forced below floating point epsilon 5.551115123125783e-17, and step error estimate = 1.3175307769515083. Aborting. There is either an error in your model specification or the true solution is unstable (or the true solution can not be represented in the precision of Float64).
└ @ SciMLBase ~/.julia/packages/SciMLBase/VW1cI/src/integrator_interface.jl:623
┌ Warning: At t=0.36536404391525795, dt was forced below floating point epsilon 5.551115123125783e-17, and step error estimate = 1.1552390059519706. Aborting. There is either an error in your model specification or the true solution is unstable (or the true solution can not be represented in the precision of Float64).
└ @ SciMLBase ~/.julia/packages/SciMLBase/VW1cI/src/integrator_interface.jl:623
┌ Warning: At t=-0.8185144339907985, dt was forced below floating point epsilon 1.1102230246251565e-16, and step error estimate = 1.052740079633133. Aborting. There is either an error in your model specification or the true solution is unstable (or the true solution can not be represented in the precision of Float64).
└ @ SciMLBase ~/.julia/packages/SciMLBase/VW1cI/src/integrator_interface.jl:623
┌ Warning: At t=-0.04002410080433507, dt was forced below floating point epsilon 6.938893903907228e-18, and step error estimate = 128.08875287053937. Aborting. There is either an error in your model specification or the true solution is unstable (or the true solution can not be represented in the precision of Float64).
└ @ SciMLBase ~/.julia/packages/SciMLBase/VW1cI/src/integrator_interface.jl:623
┌ Warning: At t=-0.9979467083237311, dt was forced below floating point epsilon 1.1102230246251565e-16, and step error estimate = 20.861701420834574. Aborting. There is either an error in your model specification or the true solution is unstable (or the true solution can not be represented in the precision of Float64).
└ @ SciMLBase ~/.julia/packages/SciMLBase/VW1cI/src/integrator_interface.jl:623
┌ Warning: At t=-0.8206603300857201, dt was forced below floating point epsilon 1.1102230246251565e-16, and step error estimate = 1.2830040797605229. Aborting. There is either an error in your model specification or the true solution is unstable (or the true solution can not be represented in the precision of Float64).
└ @ SciMLBase ~/.julia/packages/SciMLBase/VW1cI/src/integrator_interface.jl:623
┌ Warning: At t=-0.26577899461692317, dt was forced below floating point epsilon 5.551115123125783e-17, and step error estimate = 1.1443074253252363. Aborting. There is either an error in your model specification or the true solution is unstable (or the true solution can not be represented in the precision of Float64).
└ @ SciMLBase ~/.julia/packages/SciMLBase/VW1cI/src/integrator_interface.jl:623
┌ Warning: At t=-0.479245732525486, dt was forced below floating point epsilon 5.551115123125783e-17, and step error estimate = 1.0427566378553048. Aborting. There is either an error in your model specification or the true solution is unstable (or the true solution can not be represented in the precision of Float64).
└ @ SciMLBase ~/.julia/packages/SciMLBase/VW1cI/src/integrator_interface.jl:623
┌ Warning: At t=-0.5531070417468916, dt was forced below floating point epsilon 1.1102230246251565e-16, and step error estimate = 1.2070023075682823. Aborting. There is either an error in your model specification or the true solution is unstable (or the true solution can not be represented in the precision of Float64).
└ @ SciMLBase ~/.julia/packages/SciMLBase/VW1cI/src/integrator_interface.jl:623
┌ Warning: At t=-0.46709107305331543, dt was forced below floating point epsilon 5.551115123125783e-17, and step error estimate = 1.2655878675140455. Aborting. There is either an error in your model specification or the true solution is unstable (or the true solution can not be represented in the precision of Float64).
└ @ SciMLBase ~/.julia/packages/SciMLBase/VW1cI/src/integrator_interface.jl:623
┌ Warning: At t=-0.8888393277718993, dt was forced below floating point epsilon 1.1102230246251565e-16, and step error estimate = 1.0831525828085247. Aborting. There is either an error in your model specification or the true solution is unstable (or the true solution can not be represented in the precision of Float64).
└ @ SciMLBase ~/.julia/packages/SciMLBase/VW1cI/src/integrator_interface.jl:623
┌ Warning: At t=-0.4250562313844728, dt was forced below floating point epsilon 5.551115123125783e-17, and step error estimate = 1.1641832572672055. Aborting. There is either an error in your model specification or the true solution is unstable (or the true solution can not be represented in the precision of Float64).
└ @ SciMLBase ~/.julia/packages/SciMLBase/VW1cI/src/integrator_interface.jl:623
┌ Warning: At t=0.2378832984480536, dt was forced below floating point epsilon 2.7755575615628914e-17, and step error estimate = 38.95158699872234. Aborting. There is either an error in your model specification or the true solution is unstable (or the true solution can not be represented in the precision of Float64).
└ @ SciMLBase ~/.julia/packages/SciMLBase/VW1cI/src/integrator_interface.jl:623
┌ Warning: At t=-0.8637916475417118, dt was forced below floating point epsilon 1.1102230246251565e-16, and step error estimate = 540.112711993185. Aborting. There is either an error in your model specification or the true solution is unstable (or the true solution can not be represented in the precision of Float64).
└ @ SciMLBase ~/.julia/packages/SciMLBase/VW1cI/src/integrator_interface.jl:623
┌ Warning: At t=0.19811017823320506, dt was forced below floating point epsilon 2.7755575615628914e-17, and step error estimate = 1.0720569504963677. Aborting. There is either an error in your model specification or the true solution is unstable (or the true solution can not be represented in the precision of Float64).
└ @ SciMLBase ~/.julia/packages/SciMLBase/VW1cI/src/integrator_interface.jl:623
┌ Warning: At t=0.004509230694765256, dt was forced below floating point epsilon 8.673617379884035e-19, and step error estimate = 1.1371726885982107. Aborting. There is either an error in your model specification or the true solution is unstable (or the true solution can not be represented in the precision of Float64).
└ @ SciMLBase ~/.julia/packages/SciMLBase/VW1cI/src/integrator_interface.jl:623
┌ Warning: At t=0.37531877205112607, dt was forced below floating point epsilon 5.551115123125783e-17, and step error estimate = 1.0221593289429765. Aborting. There is either an error in your model specification or the true solution is unstable (or the true solution can not be represented in the precision of Float64).
└ @ SciMLBase ~/.julia/packages/SciMLBase/VW1cI/src/integrator_interface.jl:623
┌ Warning: At t=0.05763976935186548, dt was forced below floating point epsilon 6.938893903907228e-18, and step error estimate = 16.961696121710858. Aborting. There is either an error in your model specification or the true solution is unstable (or the true solution can not be represented in the precision of Float64).
└ @ SciMLBase ~/.julia/packages/SciMLBase/VW1cI/src/integrator_interface.jl:623
┌ Warning: At t=0.10065687583647435, dt was forced below floating point epsilon 1.3877787807814457e-17, and step error estimate = 1.2418343056814571. Aborting. There is either an error in your model specification or the true solution is unstable (or the true solution can not be represented in the precision of Float64).
└ @ SciMLBase ~/.julia/packages/SciMLBase/VW1cI/src/integrator_interface.jl:623
┌ Warning: At t=0.5207065819683867, dt was forced below floating point epsilon 1.1102230246251565e-16, and step error estimate = 1.129322613716103. Aborting. There is either an error in your model specification or the true solution is unstable (or the true solution can not be represented in the precision of Float64).
└ @ SciMLBase ~/.julia/packages/SciMLBase/VW1cI/src/integrator_interface.jl:623
┌ Warning: At t=-0.5219978423269487, dt was forced below floating point epsilon 1.1102230246251565e-16, and step error estimate = 1.2387337910817033. Aborting. There is either an error in your model specification or the true solution is unstable (or the true solution can not be represented in the precision of Float64).
└ @ SciMLBase ~/.julia/packages/SciMLBase/VW1cI/src/integrator_interface.jl:623
LinearAlgebra.PosDefException(2)
LinearAlgebra.PosDefException(2)
LinearAlgebra.PosDefException(3)
LinearAlgebra.PosDefException(3)
LinearAlgebra.PosDefException(3)
LinearAlgebra.PosDefException(6)
LinearAlgebra.PosDefException(93)
LinearAlgebra.PosDefException(3)
LinearAlgebra.PosDefException(3)
LinearAlgebra.PosDefException(2)
LinearAlgebra.PosDefException(2)
LinearAlgebra.PosDefException(3)
LinearAlgebra.PosDefException(5)
LinearAlgebra.PosDefException(5)
LinearAlgebra.PosDefException(6)
LinearAlgebra.PosDefException(5)
LinearAlgebra.PosDefException(5)
LinearAlgebra.PosDefException(228)
LinearAlgebra.PosDefException(2)
LinearAlgebra.PosDefException(6)
LinearAlgebra.PosDefException(2)
LinearAlgebra.PosDefException(3)
LinearAlgebra.PosDefException(3)
LinearAlgebra.PosDefException(4)
LinearAlgebra.PosDefException(87)
LinearAlgebra.PosDefException(2)
LinearAlgebra.PosDefException(3)
LinearAlgebra.PosDefException(2)
LinearAlgebra.PosDefException(3)
LinearAlgebra.PosDefException(3)
LinearAlgebra.PosDefException(4)
LinearAlgebra.PosDefException(94)
LinearAlgebra.PosDefException(2)
LinearAlgebra.PosDefException(3)
LinearAlgebra.PosDefException(2)
LinearAlgebra.PosDefException(2)
LinearAlgebra.PosDefException(2)
LinearAlgebra.PosDefException(3)
LinearAlgebra.PosDefException(6)
LinearAlgebra.PosDefException(4)
LinearAlgebra.PosDefException(5)
LinearAlgebra.PosDefException(4)
LinearAlgebra.PosDefException(228)
LinearAlgebra.PosDefException(3)
LinearAlgebra.PosDefException(3)
LinearAlgebra.PosDefException(3)
LinearAlgebra.PosDefException(3)
LinearAlgebra.PosDefException(5)
LinearAlgebra.PosDefException(7)
LinearAlgebra.PosDefException(91)
LinearAlgebra.PosDefException(3)
LinearAlgebra.PosDefException(2)
LinearAlgebra.PosDefException(2)
LinearAlgebra.PosDefException(3)
LinearAlgebra.PosDefException(3)
LinearAlgebra.PosDefException(4)
LinearAlgebra.PosDefException(99)
LinearAlgebra.PosDefException(3)
LinearAlgebra.PosDefException(3)
LinearAlgebra.PosDefException(2)
LinearAlgebra.PosDefException(3)
LinearAlgebra.PosDefException(2)
LinearAlgebra.PosDefException(3)
LinearAlgebra.PosDefException(5)
LinearAlgebra.PosDefException(6)
LinearAlgebra.PosDefException(5)
LinearAlgebra.PosDefException(5)
LinearAlgebra.PosDefException(237)
LinearAlgebra.PosDefException(2)
LinearAlgebra.PosDefException(2)
LinearAlgebra.PosDefException(6)
LinearAlgebra.PosDefException(3)
LinearAlgebra.PosDefException(6)
LinearAlgebra.PosDefException(4)
LinearAlgebra.PosDefException(93)
Optimization improved residual by 0.007495436066770763 (from 0.007495436066773108 to 2.3454150696515375e-15)
Optimization improved residual by 0.0012381913290872403 (from 0.0012381913291584748 to 7.123445115966105e-14)
Optimization improved residual by 0.16146672311033372 (from 0.16146672311037988 to 4.6150372063906424e-14)
Optimization improved residual by 0.0008053727128509961 (from 0.000805372712856084 to 5.087983655444666e-15)
Optimization improved residual by 0.023108852118275153 (from 0.023108852118286366 to 1.121189655341378e-14)
Optimization improved residual by 0.0008608898806443178 (from 0.0008608898807937453 to 1.4942752311591015e-13)
Optimization improved residual by 0.046329171292708866 (from 0.046329171292721565 to 1.2696577971235398e-14)
Optimization improved residual by 0.04575132042891013 (from 0.04575132042925036 to 3.4023230709990624e-13)
Optimization improved residual by 0.49481288167263854 (from 0.49481288167304793 to 4.093907713592957e-13)
Optimization improved residual by 0.16146672311022817 (from 0.16146672311037988 to 1.5171316471625486e-13)
Optimization improved residual by 0.006092741506396265 (from 0.006092741506450226 to 5.3961584468839893e-14)
Optimization improved residual by 0.18675254062128432 (from 0.1867525406213471 to 6.276992419653748e-14)
Optimization improved residual by 0.004354826284921038 (from 0.004354826285339759 to 4.1872032569379066e-13)
Optimization did not improve residual (initial: 8.9591560139111e-18, final: 8.9591560139111e-18)
Optimization did not improve residual (initial: 6.593481939491249e-19, final: 6.593481939491249e-19)
Optimization improved residual by 0.5167532881530844 (from 0.5167532881530965 to 1.2098631631593593e-14)
Optimization improved residual by 0.01965461435919845 (from 0.019654614359228335 to 2.9885896763655386e-14)
Optimization did not improve residual (initial: 7.606722881656888e-16, final: 7.606722881656888e-16)
Optimization improved residual by 0.01965461435911453 (from 0.019654614359228335 to 1.1380579748761158e-13)
Optimization did not improve residual (initial: 2.968915636520608e-16, final: 2.968915636520608e-16)
Optimization improved residual by 0.01965461435911453 (from 0.019654614359228335 to 1.1380579748761158e-13)
Optimization improved residual by 0.18675254062128432 (from 0.1867525406213471 to 6.276992419653748e-14)
Optimization improved residual by 0.008593081854810938 (from 0.008593081854815473 to 4.534274366290005e-15)
Optimization improved residual by 0.0021792349425234663 (from 0.0021792349429326976 to 4.0923124975999805e-13)
Optimization improved residual by 0.008593081854788928 (from 0.008593081854815473 to 2.6545001422060245e-14)
Optimization did not improve residual (initial: 1.504679165001375e-18, final: 1.504679165001375e-18)
Optimization improved residual by 6.2072416673376764e-15 (from 1.0683373856973013e-14 to 4.4761321896353364e-15)
Optimization improved residual by 0.0033851242047458472 (from 0.00338512420479787 to 5.202265627823804e-14)
Optimization improved residual by 0.12137211930638932 (from 0.12137211930639605 to 6.726151645140378e-15)
Optimization did not improve residual (initial: 5.276377071281102e-16, final: 5.276377071281102e-16)
Optimization improved residual by 0.0037081789499884767 (from 0.0037081789500438547 to 5.537785051823211e-14)
Optimization improved residual by 0.007134938303152692 (from 0.007134938303180461 to 2.7769370094871345e-14)
Optimization improved residual by 0.014562336713536427 (from 0.01456233671406226 to 5.25832440990073e-13)
Optimization did not improve residual (initial: 1.740319119690238e-18, final: 1.740319119690238e-18)
Optimization did not improve residual (initial: 5.926731947593915e-17, final: 5.926731947593915e-17)
Optimization improved residual by 0.02310885211768841 (from 0.023108852118286363 to 5.979520033959295e-13)
Optimization improved residual by 7.018889122470505 (from 7.018889122470563 to 5.868864355999889e-14)
Optimization did not improve residual (initial: 7.606722881656888e-16, final: 7.606722881656888e-16)
Optimization improved residual by 0.0024148150264888695 (from 0.002414815027486755 to 9.978851739720659e-13)
Optimization did not improve residual (initial: 1.1124616991136646e-16, final: 1.1124616991136646e-16)
Optimization did not improve residual (initial: 9.738356783367503e-17, final: 9.738356783367503e-17)
Optimization improved residual by 0.01006071902619602 (from 0.010060719026961613 to 7.655916350969068e-13)
Optimization improved residual by 0.0709401616981428 (from 0.07094016169908189 to 9.39102208217821e-13)
Optimization improved residual by 0.0015914541658030616 (from 0.0015914541667246857 to 9.216241355165267e-13)
Optimization did not improve residual (initial: 2.2885380942160323e-18, final: 2.2885380942160323e-18)
Optimization improved residual by 0.2592980366926243 (from 0.25929803669308255 to 4.582380604480565e-13)
Optimization improved residual by 7.0188891224702985 (from 7.018889122470562 to 2.6416239730575297e-13)
Optimization improved residual by 0.026634465143092482 (from 0.026634465143104823 to 1.2342348167077041e-14)
Optimization improved residual by 0.04632917129230638 (from 0.046329171292721565 to 4.151838121290272e-13)
Optimization did not improve residual (initial: 6.027318864190637e-18, final: 6.027318864190637e-18)
Optimization improved residual by 0.050239065281616896 (from 0.05023906528163657 to 1.967389075959825e-14)
Optimization improved residual by 0.008689453659080526 (from 0.00868945365908073 to 2.051743737473421e-16)
































