┌ Warning: Optimization did not converge. RetCode: MaxIters
└ @ ODEParameterEstimation ~/ODEParameterEstimation/src/core/solvers/homotopy_continuation.jl:778
┌ Warning: Optimization did not converge. RetCode: MaxIters
└ @ ODEParameterEstimation ~/ODEParameterEstimation/src/core/solvers/homotopy_continuation.jl:778
LinearAlgebra.PosDefException(6)
LinearAlgebra.PosDefException(3)
LinearAlgebra.PosDefException(3)
LinearAlgebra.PosDefException(4)
LinearAlgebra.PosDefException(5)
LinearAlgebra.PosDefException(7)
LinearAlgebra.PosDefException(96)
LinearAlgebra.PosDefException(2)
LinearAlgebra.PosDefException(2)
LinearAlgebra.PosDefException(3)
LinearAlgebra.PosDefException(4)
LinearAlgebra.PosDefException(4)
LinearAlgebra.PosDefException(7)
LinearAlgebra.PosDefException(94)
LinearAlgebra.PosDefException(2)
LinearAlgebra.PosDefException(2)
LinearAlgebra.PosDefException(7)
LinearAlgebra.PosDefException(4)
LinearAlgebra.PosDefException(199)
LinearAlgebra.PosDefException(2)
LinearAlgebra.PosDefException(3)
LinearAlgebra.PosDefException(2)
LinearAlgebra.PosDefException(5)
LinearAlgebra.PosDefException(4)
LinearAlgebra.PosDefException(6)
LinearAlgebra.PosDefException(87)
LinearAlgebra.PosDefException(3)
LinearAlgebra.PosDefException(3)
LinearAlgebra.PosDefException(6)
LinearAlgebra.PosDefException(2)
LinearAlgebra.PosDefException(3)
LinearAlgebra.PosDefException(3)
LinearAlgebra.PosDefException(3)
LinearAlgebra.PosDefException(4)
LinearAlgebra.PosDefException(54)
LinearAlgebra.PosDefException(4)
LinearAlgebra.PosDefException(2)
LinearAlgebra.PosDefException(2)
LinearAlgebra.PosDefException(2)
LinearAlgebra.PosDefException(4)
LinearAlgebra.PosDefException(6)
LinearAlgebra.PosDefException(4)
LinearAlgebra.PosDefException(96)
LinearAlgebra.PosDefException(2)
LinearAlgebra.PosDefException(6)
LinearAlgebra.PosDefException(2)
LinearAlgebra.PosDefException(4)
LinearAlgebra.PosDefException(4)
LinearAlgebra.PosDefException(4)
LinearAlgebra.PosDefException(91)
LinearAlgebra.PosDefException(3)
LinearAlgebra.PosDefException(2)
LinearAlgebra.PosDefException(4)
LinearAlgebra.PosDefException(7)
LinearAlgebra.PosDefException(204)
LinearAlgebra.PosDefException(2)
LinearAlgebra.PosDefException(2)
LinearAlgebra.PosDefException(6)
LinearAlgebra.PosDefException(4)
LinearAlgebra.PosDefException(4)
LinearAlgebra.PosDefException(4)
LinearAlgebra.PosDefException(88)
LinearAlgebra.PosDefException(3)
LinearAlgebra.PosDefException(3)
LinearAlgebra.PosDefException(2)
LinearAlgebra.PosDefException(2)
LinearAlgebra.PosDefException(3)
LinearAlgebra.PosDefException(4)
LinearAlgebra.PosDefException(7)
LinearAlgebra.PosDefException(5)
LinearAlgebra.PosDefException(50)
LinearAlgebra.PosDefException(6)
LinearAlgebra.PosDefException(2)
LinearAlgebra.PosDefException(2)
LinearAlgebra.PosDefException(3)
LinearAlgebra.PosDefException(4)
LinearAlgebra.PosDefException(5)
LinearAlgebra.PosDefException(4)
LinearAlgebra.PosDefException(92)
LinearAlgebra.PosDefException(3)
LinearAlgebra.PosDefException(2)
LinearAlgebra.PosDefException(2)
LinearAlgebra.PosDefException(3)
LinearAlgebra.PosDefException(6)
LinearAlgebra.PosDefException(4)
LinearAlgebra.PosDefException(96)
LinearAlgebra.PosDefException(2)
LinearAlgebra.PosDefException(2)
LinearAlgebra.PosDefException(3)
LinearAlgebra.PosDefException(3)
LinearAlgebra.PosDefException(201)
LinearAlgebra.PosDefException(3)
LinearAlgebra.PosDefException(3)
LinearAlgebra.PosDefException(2)
LinearAlgebra.PosDefException(6)
LinearAlgebra.PosDefException(3)
LinearAlgebra.PosDefException(4)
LinearAlgebra.PosDefException(93)
LinearAlgebra.PosDefException(3)
LinearAlgebra.PosDefException(4)
LinearAlgebra.PosDefException(2)
LinearAlgebra.PosDefException(2)
LinearAlgebra.PosDefException(2)
LinearAlgebra.PosDefException(4)
LinearAlgebra.PosDefException(3)
LinearAlgebra.PosDefException(4)
LinearAlgebra.PosDefException(47)
LinearAlgebra.PosDefException(5)
Optimization improved residual by 0.7891234704015545 (from 0.7891234704016294 to 7.492819928579492e-14)
Optimization improved residual by 1.0981355621288795 (from 1.0981355621289124 to 3.289466860704983e-14)
Optimization did not improve residual (initial: 1.810196481699981e-14, final: 1.810196481699981e-14)
Optimization did not improve residual (initial: 1.3768940732700483e-16, final: 1.3768940732700483e-16)
Optimization did not improve residual (initial: 3.7675062959647363e-16, final: 3.7675062959647363e-16)
Optimization improved residual by 1.0981355621288795 (from 1.0981355621289124 to 3.289466860704983e-14)
Optimization improved residual by 1.697201654312882 (from 1.69720165431293 to 4.806814861469165e-14)
Optimization did not improve residual (initial: 9.349823167809681e-17, final: 9.349823167809681e-17)
Optimization improved residual by 1.697201654312882 (from 1.69720165431293 to 4.806814861469165e-14)
Optimization did not improve residual (initial: 2.246718053877126e-16, final: 2.246718053877126e-16)
Optimization improved residual by 1.0924297424013258 (from 1.0924297424022877 to 9.619670737487721e-13)
Optimization did not improve residual (initial: 1.6110529248338216e-16, final: 1.6110529248338216e-16)
Optimization did not improve residual (initial: 2.565770376459669e-15, final: 2.565770376459669e-15)
Optimization improved residual by 0.7891234704015545 (from 0.7891234704016294 to 7.492819928579492e-14)
Optimization did not improve residual (initial: 1.4238529556625806e-15, final: 1.4238529556625806e-15)
Optimization did not improve residual (initial: 3.4611646034652657e-16, final: 3.4611646034652657e-16)
Optimization did not improve residual (initial: 5.581498056676073e-16, final: 5.581498056676073e-16)
Optimization did not improve residual (initial: 3.5843349957602897e-16, final: 3.5843349957602897e-16)
Optimization improved residual by 1.0924297424013258 (from 1.0924297424022877 to 9.619670737487721e-13)
Optimization did not improve residual (initial: 9.297627866656624e-17, final: 9.297627866656624e-17)
Optimization did not improve residual (initial: 2.5754802136164075e-16, final: 2.5754802136164075e-16)
Optimization did not improve residual (initial: 3.2632172825508497e-16, final: 3.2632172825508497e-16)
Optimization did not improve residual (initial: 3.3155008798285606e-16, final: 3.3155008798285606e-16)
Optimization did not improve residual (initial: 2.137655191936372e-16, final: 2.137655191936372e-16)
Optimization did not improve residual (initial: 2.2820021940591556e-16, final: 2.2820021940591556e-16)


































