WARNING: Detected access to binding `KernelFunctions.kernelpdmat` in a world prior to its definition world.
  Julia 1.12 has introduced more strict world age semantics for global bindings.
  !!! This code may malfunction under Revise.
  !!! This code will error in future versions of Julia.
Hint: Add an appropriate `invokelatest` around the access to this binding.
To make this warning an error, and hence obtain a stack trace, use `julia --depwarn=error`.
Setting up CSTR model...
[ Info: [TRANSCENDENTAL] Detected 1 transcendental expression(s):
[ Info:   sin(0.5 * t) → _trfn_sin_0_5(t)
  Running SIAN...
[ Info: Getting equation system from StructuralIdentifiability.jl
[ Info: Converting ODESystem to SI.jl format
┌ Warning: Floating point value 1.0 will be converted to 1.
└ @ ModelingToolkitSIExt ~/.julia/packages/StructuralIdentifiability/gt3mc/ext/ModelingToolkitSIExt.jl:78
┌ Warning: Floating point value 2.0 will be converted to 2.
└ @ ModelingToolkitSIExt ~/.julia/packages/StructuralIdentifiability/gt3mc/ext/ModelingToolkitSIExt.jl:78
┌ Warning: Floating point value -1.999863916554819 will be converted to -51861707//25932618.
└ @ ModelingToolkitSIExt ~/.julia/packages/StructuralIdentifiability/gt3mc/ext/ModelingToolkitSIExt.jl:78
┌ Warning: Floating point value -2.0 will be converted to -2//1.
└ @ ModelingToolkitSIExt ~/.julia/packages/StructuralIdentifiability/gt3mc/ext/ModelingToolkitSIExt.jl:78
┌ Warning: Floating point value 0.05714285714285714 will be converted to 2//35.
└ @ ModelingToolkitSIExt ~/.julia/packages/StructuralIdentifiability/gt3mc/ext/ModelingToolkitSIExt.jl:78
┌ Warning: Floating point value 0.0285694845222117 will be converted to 8141929//284986906.
└ @ ModelingToolkitSIExt ~/.julia/packages/StructuralIdentifiability/gt3mc/ext/ModelingToolkitSIExt.jl:78
┌ Warning: Floating point value 0.8571428571428571 will be converted to 6//7.
└ @ ModelingToolkitSIExt ~/.julia/packages/StructuralIdentifiability/gt3mc/ext/ModelingToolkitSIExt.jl:78
┌ Warning: Floating point value 2.0 will be converted to 2.
└ @ ModelingToolkitSIExt ~/.julia/packages/StructuralIdentifiability/gt3mc/ext/ModelingToolkitSIExt.jl:78
┌ Warning: Floating point value 12.5 will be converted to 25//2.
└ @ ModelingToolkitSIExt ~/.julia/packages/StructuralIdentifiability/gt3mc/ext/ModelingToolkitSIExt.jl:78
┌ Warning: Floating point value -2.0 will be converted to -2//1.
└ @ ModelingToolkitSIExt ~/.julia/packages/StructuralIdentifiability/gt3mc/ext/ModelingToolkitSIExt.jl:78
┌ Warning: Floating point value 0.05714285714285714 will be converted to 2//35.
└ @ ModelingToolkitSIExt ~/.julia/packages/StructuralIdentifiability/gt3mc/ext/ModelingToolkitSIExt.jl:78
┌ Warning: Floating point value 0.0285694845222117 will be converted to 8141929//284986906.
└ @ ModelingToolkitSIExt ~/.julia/packages/StructuralIdentifiability/gt3mc/ext/ModelingToolkitSIExt.jl:78
┌ Warning: Floating point value 0.8571428571428571 will be converted to 6//7.
└ @ ModelingToolkitSIExt ~/.julia/packages/StructuralIdentifiability/gt3mc/ext/ModelingToolkitSIExt.jl:78
┌ Warning: Floating point value 2.0 will be converted to 2.
└ @ ModelingToolkitSIExt ~/.julia/packages/StructuralIdentifiability/gt3mc/ext/ModelingToolkitSIExt.jl:78
┌ Warning: Floating point value 0.5 will be converted to 1//2.
└ @ ModelingToolkitSIExt ~/.julia/packages/StructuralIdentifiability/gt3mc/ext/ModelingToolkitSIExt.jl:78
┌ Warning: Floating point value -0.5 will be converted to -1//2.
└ @ ModelingToolkitSIExt ~/.julia/packages/StructuralIdentifiability/gt3mc/ext/ModelingToolkitSIExt.jl:78
┌ Warning: Floating point value 700.0 will be converted to 700.
└ @ ModelingToolkitSIExt ~/.julia/packages/StructuralIdentifiability/gt3mc/ext/ModelingToolkitSIExt.jl:78
[ Info: Getting polynomial system from SIAN
[ Info: Built polynomial system with 51 equations
[ Info: [DEBUG-EQ-COUNT] After iterative construction: 51 equations, 39 variables in x_theta_vars
[ Info: [DEBUG-EQ-COUNT] x_theta_vars list: Nemo.QQMPolyRingElem[tau_0, Tin_0, dH_rhoCP_0, UA_VrhoCP_0, _trfn_sin_0_5_0, r_eff_0, Temp_0, C_0, _trfn_cos_0_5_0, _trfn_cos_0_5_1, Temp_1, _trfn_sin_0_5_1, Temp_2, r_eff_1, C_1, Temp_3, C_2, _trfn_sin_0_5_2, r_eff_2, Temp_4, r_eff_3, C_3, _trfn_sin_0_5_3, _trfn_cos_0_5_2, Temp_5, _trfn_sin_0_5_4, r_eff_4, C_4, _trfn_cos_0_5_3, Temp_6, _trfn_sin_0_5_5, C_5, r_eff_5, _trfn_cos_0_5_4, Temp_7, C_6, _trfn_sin_0_5_6, r_eff_6, _trfn_cos_0_5_5]
[ Info: [DEBUG-EQUATION] Eq1 has 2 variables: Nemo.QQMPolyRingElem[_trfn_cos_0_5_0, _obs_trfn_cos_0_5_cos_0]
[ Info: [DEBUG-EQUATION] Eq2 has 2 variables: Nemo.QQMPolyRingElem[_trfn_sin_0_5_0, _trfn_cos_0_5_1]
[ Info: [DEBUG-EQUATION] Eq3 has 2 variables: Nemo.QQMPolyRingElem[Temp_0, y1_0]
[ Info: [DEBUG-EQUATION] Eq4 has 9 variables: Nemo.QQMPolyRingElem[_trfn_sin_0_5_0, r_eff_0, Temp_0, C_0, Temp_1, tau_0, Tin_0, dH_rhoCP_0, UA_VrhoCP_0]
[ Info: [DEBUG-EQUATION] Eq5 has 2 variables: Nemo.QQMPolyRingElem[_trfn_sin_0_5_0, _obs_trfn_cos_0_5_sin_0]
[ Info: [DEBUG-EQUATION] Eq6 has 2 variables: Nemo.QQMPolyRingElem[_trfn_cos_0_5_0, _trfn_sin_0_5_1]
[ Info: [DEBUG-EQUATION] Eq7 has 2 variables: Nemo.QQMPolyRingElem[Temp_1, y1_1]
[ Info: [DEBUG-EQUATION] Eq8 has 10 variables: Nemo.QQMPolyRingElem[r_eff_0, C_0, _trfn_sin_0_5_1, r_eff_1, Temp_1, C_1, Temp_2, tau_0, dH_rhoCP_0, UA_VrhoCP_0]
[ Info: [DEBUG-EQUATION] Eq9 has 9 variables: Nemo.QQMPolyRingElem[_trfn_sin_0_5_0, r_eff_0, Temp_0, C_0, r_eff_1, tau_0, Tin_0, dH_rhoCP_0, UA_VrhoCP_0]
[ Info: [DEBUG-EQUATION] Eq10 has 4 variables: Nemo.QQMPolyRingElem[r_eff_0, C_0, C_1, tau_0]
[ Info: [DEBUG-EQUATION] Eq11 has 2 variables: Nemo.QQMPolyRingElem[Temp_2, y1_2]
[ Info: [DEBUG-EQUATION] Eq12 has 12 variables: Nemo.QQMPolyRingElem[r_eff_0, C_0, r_eff_1, C_1, _trfn_sin_0_5_2, r_eff_2, Temp_2, C_2, Temp_3, tau_0, dH_rhoCP_0, UA_VrhoCP_0]
[ Info: [DEBUG-EQUATION] Eq13 has 6 variables: Nemo.QQMPolyRingElem[r_eff_0, C_0, r_eff_1, C_1, C_2, tau_0]
[ Info: [DEBUG-EQUATION] Eq14 has 2 variables: Nemo.QQMPolyRingElem[_trfn_cos_0_5_1, _trfn_sin_0_5_2]
[ Info: [DEBUG-EQUATION] Eq15 has 13 variables: Nemo.QQMPolyRingElem[_trfn_sin_0_5_0, r_eff_0, Temp_0, C_0, _trfn_sin_0_5_1, r_eff_1, Temp_1, C_1, r_eff_2, tau_0, Tin_0, dH_rhoCP_0, UA_VrhoCP_0]
[ Info: [DEBUG-EQUATION] Eq16 has 2 variables: Nemo.QQMPolyRingElem[Temp_3, y1_3]
[ Info: [DEBUG-EQUATION] Eq17 has 14 variables: Nemo.QQMPolyRingElem[r_eff_0, C_0, r_eff_1, C_1, r_eff_2, C_2, _trfn_sin_0_5_3, r_eff_3, Temp_3, C_3, Temp_4, tau_0, dH_rhoCP_0, UA_VrhoCP_0]
[ Info: [DEBUG-EQUATION] Eq18 has 17 variables: Nemo.QQMPolyRingElem[_trfn_sin_0_5_0, r_eff_0, Temp_0, C_0, _trfn_sin_0_5_1, r_eff_1, Temp_1, C_1, _trfn_sin_0_5_2, r_eff_2, Temp_2, C_2, r_eff_3, tau_0, Tin_0, dH_rhoCP_0, UA_VrhoCP_0]
[ Info: [DEBUG-EQUATION] Eq19 has 8 variables: Nemo.QQMPolyRingElem[r_eff_0, C_0, r_eff_1, C_1, r_eff_2, C_2, C_3, tau_0]
[ Info: [DEBUG-EQUATION] Eq20 has 2 variables: Nemo.QQMPolyRingElem[_trfn_cos_0_5_2, _trfn_sin_0_5_3]
[ Info: [DEBUG-EQUATION] Eq21 has 2 variables: Nemo.QQMPolyRingElem[_trfn_sin_0_5_1, _trfn_cos_0_5_2]
[ Info: [DEBUG-EQUATION] Eq22 has 2 variables: Nemo.QQMPolyRingElem[Temp_4, y1_4]
[ Info: [DEBUG-EQUATION] Eq23 has 16 variables: Nemo.QQMPolyRingElem[r_eff_0, C_0, r_eff_1, C_1, r_eff_2, C_2, r_eff_3, C_3, _trfn_sin_0_5_4, r_eff_4, Temp_4, C_4, Temp_5, tau_0, dH_rhoCP_0, UA_VrhoCP_0]
[ Info: [DEBUG-EQUATION] Eq24 has 2 variables: Nemo.QQMPolyRingElem[_trfn_cos_0_5_3, _trfn_sin_0_5_4]
[ Info: [DEBUG-EQUATION] Eq25 has 21 variables: Nemo.QQMPolyRingElem[_trfn_sin_0_5_0, r_eff_0, Temp_0, C_0, _trfn_sin_0_5_1, r_eff_1, Temp_1, C_1, _trfn_sin_0_5_2, r_eff_2, Temp_2, C_2, _trfn_sin_0_5_3, r_eff_3, Temp_3, C_3, r_eff_4, tau_0, Tin_0, dH_rhoCP_0, UA_VrhoCP_0]
[ Info: [DEBUG-EQUATION] Eq26 has 10 variables: Nemo.QQMPolyRingElem[r_eff_0, C_0, r_eff_1, C_1, r_eff_2, C_2, r_eff_3, C_3, C_4, tau_0]
[ Info: [DEBUG-EQUATION] Eq27 has 2 variables: Nemo.QQMPolyRingElem[_trfn_sin_0_5_2, _trfn_cos_0_5_3]
[ Info: [DEBUG-EQUATION] Eq28 has 2 variables: Nemo.QQMPolyRingElem[Temp_5, y1_5]
[ Info: [DEBUG-EQUATION] Eq29 has 18 variables: Nemo.QQMPolyRingElem[r_eff_0, C_0, r_eff_1, C_1, r_eff_2, C_2, r_eff_3, C_3, r_eff_4, C_4, _trfn_sin_0_5_5, r_eff_5, Temp_5, C_5, Temp_6, tau_0, dH_rhoCP_0, UA_VrhoCP_0]
[ Info: [DEBUG-EQUATION] Eq30 has 2 variables: Nemo.QQMPolyRingElem[_trfn_cos_0_5_4, _trfn_sin_0_5_5]
[ Info: [DEBUG-EQUATION] Eq31 has 12 variables: Nemo.QQMPolyRingElem[r_eff_0, C_0, r_eff_1, C_1, r_eff_2, C_2, r_eff_3, C_3, r_eff_4, C_4, C_5, tau_0]
[ Info: [DEBUG-EQUATION] Eq32 has 25 variables: Nemo.QQMPolyRingElem[_trfn_sin_0_5_0, r_eff_0, Temp_0, C_0, _trfn_sin_0_5_1, r_eff_1, Temp_1, C_1, _trfn_sin_0_5_2, r_eff_2, Temp_2, C_2, _trfn_sin_0_5_3, r_eff_3, Temp_3, C_3, _trfn_sin_0_5_4, r_eff_4, Temp_4, C_4, r_eff_5, tau_0, Tin_0, dH_rhoCP_0, UA_VrhoCP_0]
[ Info: [DEBUG-EQUATION] Eq33 has 2 variables: Nemo.QQMPolyRingElem[_trfn_sin_0_5_3, _trfn_cos_0_5_4]
[ Info: [DEBUG-EQUATION] Eq34 has 2 variables: Nemo.QQMPolyRingElem[Temp_6, y1_6]
[ Info: [DEBUG-EQUATION] Eq35 has 20 variables: Nemo.QQMPolyRingElem[r_eff_0, C_0, r_eff_1, C_1, r_eff_2, C_2, r_eff_3, C_3, r_eff_4, C_4, r_eff_5, C_5, _trfn_sin_0_5_6, r_eff_6, Temp_6, C_6, Temp_7, tau_0, dH_rhoCP_0, UA_VrhoCP_0]
[ Info: [DEBUG-EQUATION] Eq36 has 14 variables: Nemo.QQMPolyRingElem[r_eff_0, C_0, r_eff_1, C_1, r_eff_2, C_2, r_eff_3, C_3, r_eff_4, C_4, r_eff_5, C_5, C_6, tau_0]
[ Info: [DEBUG-EQUATION] Eq37 has 2 variables: Nemo.QQMPolyRingElem[_trfn_cos_0_5_5, _trfn_sin_0_5_6]
[ Info: [DEBUG-EQUATION] Eq38 has 29 variables: Nemo.QQMPolyRingElem[_trfn_sin_0_5_0, r_eff_0, Temp_0, C_0, _trfn_sin_0_5_1, r_eff_1, Temp_1, C_1, _trfn_sin_0_5_2, r_eff_2, Temp_2, C_2, _trfn_sin_0_5_3, r_eff_3, Temp_3, C_3, _trfn_sin_0_5_4, r_eff_4, Temp_4, C_4, _trfn_sin_0_5_5, r_eff_5, Temp_5, C_5, r_eff_6, tau_0, Tin_0, dH_rhoCP_0, UA_VrhoCP_0]
[ Info: [DEBUG-EQUATION] Eq39 has 2 variables: Nemo.QQMPolyRingElem[_trfn_sin_0_5_4, _trfn_cos_0_5_5]
[ Info: [DEBUG-EQUATION] Eq40 has 2 variables: Nemo.QQMPolyRingElem[_trfn_cos_0_5_1, _obs_trfn_cos_0_5_cos_1]
[ Info: [DEBUG-EQUATION] Eq41 has 2 variables: Nemo.QQMPolyRingElem[_trfn_cos_0_5_2, _obs_trfn_cos_0_5_cos_2]
[ Info: [DEBUG-EQUATION] Eq42 has 2 variables: Nemo.QQMPolyRingElem[_trfn_cos_0_5_3, _obs_trfn_cos_0_5_cos_3]
[ Info: [DEBUG-EQUATION] Eq43 has 2 variables: Nemo.QQMPolyRingElem[_trfn_cos_0_5_4, _obs_trfn_cos_0_5_cos_4]
[ Info: [DEBUG-EQUATION] Eq44 has 2 variables: Nemo.QQMPolyRingElem[_trfn_cos_0_5_5, _obs_trfn_cos_0_5_cos_5]
[ Info: [DEBUG-EQUATION] Eq45 has 2 variables: Nemo.QQMPolyRingElem[Temp_7, y1_7]
[ Info: [DEBUG-EQUATION] Eq46 has 2 variables: Nemo.QQMPolyRingElem[_trfn_sin_0_5_1, _obs_trfn_cos_0_5_sin_1]
[ Info: [DEBUG-EQUATION] Eq47 has 2 variables: Nemo.QQMPolyRingElem[_trfn_sin_0_5_2, _obs_trfn_cos_0_5_sin_2]
[ Info: [DEBUG-EQUATION] Eq48 has 2 variables: Nemo.QQMPolyRingElem[_trfn_sin_0_5_3, _obs_trfn_cos_0_5_sin_3]
[ Info: [DEBUG-EQUATION] Eq49 has 2 variables: Nemo.QQMPolyRingElem[_trfn_sin_0_5_4, _obs_trfn_cos_0_5_sin_4]
[ Info: [DEBUG-EQUATION] Eq50 has 2 variables: Nemo.QQMPolyRingElem[_trfn_sin_0_5_5, _obs_trfn_cos_0_5_sin_5]
[ Info: [DEBUG-EQUATION] Eq51 has 2 variables: Nemo.QQMPolyRingElem[_trfn_sin_0_5_6, _obs_trfn_cos_0_5_sin_6]
[ Info: [DEBUG-EQ-COUNT] Before algebraic_independence: 51 equations, 39 variables
[ Info: [DEBUG-EQ-COUNT] theta_l (locally identifiable): 9 variables
[ Info: [DEBUG-EQ-COUNT] theta_l variables: Nemo.QQMPolyRingElem[tau_0, Tin_0, dH_rhoCP_0, UA_VrhoCP_0, _trfn_sin_0_5_0, r_eff_0, Temp_0, C_0, _trfn_cos_0_5_0]
[ Info: [DEBUG-EQ-COUNT] x_theta_vars_reorder: Nemo.QQMPolyRingElem[tau_0, Tin_0, dH_rhoCP_0, UA_VrhoCP_0, _trfn_sin_0_5_0, r_eff_0, Temp_0, C_0, _trfn_cos_0_5_0, _trfn_cos_0_5_5, r_eff_6, _trfn_sin_0_5_6, C_6, Temp_7, _trfn_cos_0_5_4, r_eff_5, C_5, _trfn_sin_0_5_5, Temp_6, _trfn_cos_0_5_3, C_4, r_eff_4, _trfn_sin_0_5_4, Temp_5, _trfn_cos_0_5_2, _trfn_sin_0_5_3, C_3, r_eff_3, Temp_4, r_eff_2, _trfn_sin_0_5_2, C_2, Temp_3, C_1, r_eff_1, Temp_2, _trfn_sin_0_5_1, Temp_1, _trfn_cos_0_5_1]
[ Info: [DEBUG-EQ-COUNT] After filtering: 39 variables (from 39)
[ Info: [DEBUG-EQ-COUNT] x_theta_vars_reorder_filtered: Nemo.QQMPolyRingElem[tau_0, Tin_0, dH_rhoCP_0, UA_VrhoCP_0, _trfn_sin_0_5_0, r_eff_0, Temp_0, C_0, _trfn_cos_0_5_0, _trfn_cos_0_5_5, r_eff_6, _trfn_sin_0_5_6, C_6, Temp_7, _trfn_cos_0_5_4, r_eff_5, C_5, _trfn_sin_0_5_5, Temp_6, _trfn_cos_0_5_3, C_4, r_eff_4, _trfn_sin_0_5_4, Temp_5, _trfn_cos_0_5_2, _trfn_sin_0_5_3, C_3, r_eff_3, Temp_4, r_eff_2, _trfn_sin_0_5_2, C_2, Temp_3, C_1, r_eff_1, Temp_2, _trfn_sin_0_5_1, Temp_1, _trfn_cos_0_5_1]
[ Info: [DEBUG-ALG-INDEP] Input: 51 equations, 39 indeterminates
[ Info: [DEBUG-ALG-INDEP] Jacobian size: (51, 39)
[ Info: [DEBUG-ALG-INDEP] Jacobian rank: 39
[ Info: [DEBUG-ALG-INDEP] Found 39 pivot columns
[ Info: [DEBUG-ALG-INDEP] Selected 39 equations (current_rank=39)
[ Info: [DEBUG-ALG-INDEP] Returning: output_ids=[1, 2, 3, 4, 5, 6, 7, 8, 9, 10, 11, 12, 13, 14, 15, 16, 17, 18, 19, 20, 21, 22, 23, 24, 25, 26, 27, 28, 29, 30, 31, 32, 33, 34, 35, 36, 37, 38, 39], alg_indep has 0 vars
[ Info: [DEBUG-EQ-COUNT] algebraic_independence returned Et_ids with 39 indices: [1, 2, 3, 4, 5, 6, 7, 8, 9, 10, 11, 12, 13, 14, 15, 16, 17, 18, 19, 20, 21, 22, 23, 24, 25, 26, 27, 28, 29, 30, 31, 32, 33, 34, 35, 36, 37, 38, 39]
[ Info: [DEBUG-EQ-COUNT] alg_indep (transcendence basis): 0 variables
[ Info: [DEBUG-EQ-COUNT] alg_indep list: Nemo.QQMPolyRingElem[]
[ Info: [DEBUG-EQ-COUNT] Selected equations indices: [1, 2, 3, 4, 5, 6, 7, 8, 9, 10, 11, 12, 13, 14, 15, 16, 17, 18, 19, 20, 21, 22, 23, 24, 25, 26, 27, 28, 29, 30, 31, 32, 33, 34, 35, 36, 37, 38, 39]
[ Info: [DEBUG-EQ-COUNT] Dropped equations indices: [40, 41, 42, 43, 44, 45, 46, 47, 48, 49, 50, 51]
[ Info: [DEBUG-DROPPED-EQ] Dropped Eq40: -_trfn_cos_0_5_1 + _obs_trfn_cos_0_5_cos_1
[ Info: [DEBUG-DROPPED-EQ] Dropped Eq41: -_trfn_cos_0_5_2 + _obs_trfn_cos_0_5_cos_2
[ Info: [DEBUG-DROPPED-EQ] Dropped Eq42: -_trfn_cos_0_5_3 + _obs_trfn_cos_0_5_cos_3
[ Info: [DEBUG-DROPPED-EQ] Dropped Eq43: -_trfn_cos_0_5_4 + _obs_trfn_cos_0_5_cos_4
[ Info: [DEBUG-DROPPED-EQ] Dropped Eq44: -_trfn_cos_0_5_5 + _obs_trfn_cos_0_5_cos_5
[ Info: [DEBUG-DROPPED-EQ] Dropped Eq45: -700*Temp_7 + y1_7
[ Info: [DEBUG-DROPPED-EQ] Dropped Eq46: -_trfn_sin_0_5_1 + _obs_trfn_cos_0_5_sin_1
[ Info: [DEBUG-DROPPED-EQ] Dropped Eq47: -_trfn_sin_0_5_2 + _obs_trfn_cos_0_5_sin_2
[ Info: [DEBUG-DROPPED-EQ] Dropped Eq48: -_trfn_sin_0_5_3 + _obs_trfn_cos_0_5_sin_3
[ Info: [DEBUG-DROPPED-EQ] Dropped Eq49: -_trfn_sin_0_5_4 + _obs_trfn_cos_0_5_sin_4
[ Info: [DEBUG-DROPPED-EQ] Dropped Eq50: -_trfn_sin_0_5_5 + _obs_trfn_cos_0_5_sin_5
[ Info: [DEBUG-DROPPED-EQ] Dropped Eq51: -_trfn_sin_0_5_6 + _obs_trfn_cos_0_5_sin_6
[ Info: Reduced polynomial system to 39 equations
[ Info: [DEBUG-EQ-COUNT] Final: 39 equations for 39 variables in x_theta_vars_filtered
[ Info: [DEBUG-EQ-COUNT] Actual variables in reduced system: 48
[ Info: [DEBUG-EQ-COUNT] Reduced system variables: Set(Nemo.QQMPolyRingElem[Temp_1, r_eff_1, UA_VrhoCP_0, r_eff_6, y1_0, _trfn_sin_0_5_1, _trfn_cos_0_5_5, Temp_0, Temp_5, Tin_0, _trfn_sin_0_5_3, r_eff_5, Temp_3, _trfn_sin_0_5_6, _trfn_cos_0_5_4, C_0, y1_1, _trfn_sin_0_5_4, _trfn_sin_0_5_2, _obs_trfn_cos_0_5_sin_0, _trfn_sin_0_5_5, C_5, C_6, C_3, Temp_2, y1_6, C_2, dH_rhoCP_0, y1_4, r_eff_4, y1_2, C_4, _trfn_cos_0_5_1, r_eff_2, _obs_trfn_cos_0_5_cos_0, Temp_6, _trfn_cos_0_5_2, y1_5, _trfn_cos_0_5_0, y1_3, Temp_4, _trfn_cos_0_5_3, r_eff_0, C_1, _trfn_sin_0_5_0, tau_0, r_eff_3, Temp_7])
┌ Warning: [DEBUG-EQ-COUNT] MISMATCH DETECTED: 39 equations but 48 actual variables!
└ @ ODEParameterEstimation ~/.julia/dev/ODEParameterEstimation/src/core/si_equation_builder.jl:772
┌ Warning: [DEBUG-EQ-COUNT] Variables in x_theta_vars_filtered but not in equations: Set{Nemo.QQMPolyRingElem}()
└ @ ODEParameterEstimation ~/.julia/dev/ODEParameterEstimation/src/core/si_equation_builder.jl:773
┌ Warning: [DEBUG-EQ-COUNT] Variables in equations but not in x_theta_vars_filtered: Set(Nemo.QQMPolyRingElem[y1_0, y1_1, _obs_trfn_cos_0_5_sin_0, y1_6, y1_4, y1_2, _obs_trfn_cos_0_5_cos_0, y1_5, y1_3])
└ @ ODEParameterEstimation ~/.julia/dev/ODEParameterEstimation/src/core/si_equation_builder.jl:774
[ Info: Checking identifiability
[ Info: Assessing local identifiability
[ Info: Assessing global identifiability
[ Info: Note: the input model has nontrivial submodels. If the computation for the full model will be too heavy, you may want to try to first analyze one of the submodels. They can be produced using function `find_submodels`
[ Info: Functions to check involve states
[ Info: Computing IO-equations
[ Info: Computed IO-equations in 5.903516875 seconds
[ Info: Computing Wronskians
[ Info: Computed Wronskians in 0.172651033 seconds
[ Info: Dimensions of the Wronskians [1, 1, 20]
[ Info: Ranks of the Wronskians computed in 3.0319e-5 seconds
[ Info: Simplifying generating set. Simplification level: standard
[ Info: Rational reconstruction failed, selecting next prime..
[ Info: Rational reconstruction failed, selecting next prime..
[ Info: Rational reconstruction failed, selecting next prime..
[ Info: Search for polynomial generators concluded in 0.21377671
[ Info: Selecting generators in 0.031713637
[ Info: Inclusion checked with probability 0.9955 in 0.669486271 seconds
[ Info: Global identifiability assessed in 11.842329034 seconds
[ Info: SI.jl found 39 template equations
[ Info: Derivative variables: Any[y1_4, y1_8, _obs_trfn_cos_0_5_cos_1, _obs_trfn_cos_0_5_cos_4, y1_2, _obs_trfn_cos_0_5_cos_9, y1_0, _obs_trfn_cos_0_5_sin_4, y1_10, _obs_trfn_cos_0_5_cos_3, _obs_trfn_cos_0_5_cos_6, _obs_trfn_cos_0_5_cos_10, _obs_trfn_cos_0_5_cos_0, _obs_trfn_cos_0_5_cos_7, y1_9, _obs_trfn_cos_0_5_sin_5, _obs_trfn_cos_0_5_sin_6, _obs_trfn_cos_0_5_sin_8, y1_5, y1_3, _obs_trfn_cos_0_5_cos_2, _obs_trfn_cos_0_5_cos_5, _obs_trfn_cos_0_5_cos_8, _obs_trfn_cos_0_5_sin_7, _obs_trfn_cos_0_5_sin_9, _obs_trfn_cos_0_5_sin_2, _obs_trfn_cos_0_5_sin_1, _obs_trfn_cos_0_5_sin_10, y1_1, y1_7, _obs_trfn_cos_0_5_sin_0, y1_6, _obs_trfn_cos_0_5_sin_3]
[ Info: Derivative orders in y_derivative_dict: Dict{Any, Any}(y1_4 => 4, y1_8 => 8, _obs_trfn_cos_0_5_cos_1 => 1, _obs_trfn_cos_0_5_cos_4 => 4, y1_2 => 2, _obs_trfn_cos_0_5_cos_9 => 9, y1_0 => 0, _obs_trfn_cos_0_5_sin_4 => 4, y1_10 => 10, _obs_trfn_cos_0_5_cos_3 => 3, _obs_trfn_cos_0_5_cos_6 => 6, _obs_trfn_cos_0_5_cos_10 => 10, _obs_trfn_cos_0_5_cos_0 => 0, _obs_trfn_cos_0_5_cos_7 => 7, y1_9 => 9, _obs_trfn_cos_0_5_sin_5 => 5, _obs_trfn_cos_0_5_sin_6 => 6, _obs_trfn_cos_0_5_sin_8 => 8, y1_5 => 5, y1_3 => 3, _obs_trfn_cos_0_5_cos_2 => 2, _obs_trfn_cos_0_5_cos_5 => 5, _obs_trfn_cos_0_5_cos_8 => 8, _obs_trfn_cos_0_5_sin_7 => 7, _obs_trfn_cos_0_5_sin_9 => 9, _obs_trfn_cos_0_5_sin_2 => 2, _obs_trfn_cos_0_5_sin_1 => 1, _obs_trfn_cos_0_5_sin_10 => 10, y1_1 => 1, y1_7 => 7, _obs_trfn_cos_0_5_sin_0 => 0, y1_6 => 6, _obs_trfn_cos_0_5_sin_3 => 3)
[ Info: Maximum derivative order needed: 10
[ Info: Non-identifiable parameters: Set{Any}()
[ Info: Computing IO-equations
[ Info: Computed IO-equations in 0.016708826 seconds
[ Info: Computing Wronskians
[ Info: Computed Wronskians in 0.008277034 seconds
[ Info: Dimensions of the Wronskians [1, 1, 20]
[ Info: Ranks of the Wronskians computed in 2.4009e-5 seconds
[ Info: Simplifying generating set. Simplification level: standard
[ Info: Rational reconstruction failed, selecting next prime..
[ Info: Rational reconstruction failed, selecting next prime..
[ Info: Rational reconstruction failed, selecting next prime..
[ Info: Search for polynomial generators concluded in 0.000502772
[ Info: Selecting generators in 0.183245159
[ Info: Inclusion checked with probability 0.995 in 0.007359049 seconds
[ Info: The search for identifiable functions concluded in 0.511522095 seconds
[ Info: Identifiable functions of unidentifiable parameters: AbstractAlgebra.Generic.FracFieldElem{Nemo.QQMPolyRingElem}[UA_VrhoCP, dH_rhoCP, Tin, tau]
┌ Warning: Cannot map _obs_trfn_cos_0_5_cos_10 to DD (order=10), using symbolic: _obs_trfn_cos_0_5_cos_10
└ @ ODEParameterEstimation ~/.julia/dev/ODEParameterEstimation/src/core/si_equation_builder.jl:422
┌ Warning: Cannot map y1_10 to DD (order=10), using symbolic: y1_10
└ @ ODEParameterEstimation ~/.julia/dev/ODEParameterEstimation/src/core/si_equation_builder.jl:422
┌ Warning: Cannot map _obs_trfn_cos_0_5_sin_10 to DD (order=10), using symbolic: _obs_trfn_cos_0_5_sin_10
└ @ ODEParameterEstimation ~/.julia/dev/ODEParameterEstimation/src/core/si_equation_builder.jl:422
┌ Warning: Cannot map _obs_trfn_cos_0_5_cos_11 to DD (order=11), using symbolic: _obs_trfn_cos_0_5_cos_11
└ @ ODEParameterEstimation ~/.julia/dev/ODEParameterEstimation/src/core/si_equation_builder.jl:422
┌ Warning: Cannot map y1_11 to DD (order=11), using symbolic: y1_11
└ @ ODEParameterEstimation ~/.julia/dev/ODEParameterEstimation/src/core/si_equation_builder.jl:422
┌ Warning: Cannot map _obs_trfn_cos_0_5_sin_11 to DD (order=11), using symbolic: _obs_trfn_cos_0_5_sin_11
└ @ ODEParameterEstimation ~/.julia/dev/ODEParameterEstimation/src/core/si_equation_builder.jl:422
[ Info: Converting 39 polynomials from Nemo to Symbolics
[ Info: [TEMPLATE] Substituted 13 _trfn_ variable(s) at t=0.0
[ Info: [TEMPLATE] Removed 13 trivially-satisfied equations after data substitution
[ Info: [DEBUG-SI-VARS] Final variables list (26): Any[Temp_0, tau_0, C_0, UA_VrhoCP_0, Temp_1, Tin_0, r_eff_0, dH_rhoCP_0, Temp_2, r_eff_1, C_1, C_2, Temp_3, r_eff_2, C_3, r_eff_3, Temp_4, r_eff_4, C_4, Temp_5, r_eff_5, Temp_6, C_5, C_6, r_eff_6, Temp_7]
[ Info: [DEBUG-EQ-VAR-COUNT] After template instantiation: 26 equations, 26 variables

Setup complete: 26 equations, 26 variables
================================================================================

PHASE 1: Original system (26 eqs, 26 vars)
--------------------------------------------------------------------------------

Variables and true values:
  x[ 1] = Temp_0               = 0.867
  x[ 2] = tau_0                = 0.15
  x[ 3] = C_0                  = 0.127
  x[ 4] = UA_VrhoCP_0          = 0.779
  x[ 5] = Temp_1               = -2.109
  x[ 6] = Tin_0                = 0.439
  x[ 7] = r_eff_0              = 0.384
  x[ 8] = dH_rhoCP_0           = 0.307
  x[ 9] = Temp_2               = 10.33
  x[10] = r_eff_1              = -13.47
  x[11] = C_1                  = 2.812
  x[12] = C_2                  = -8.114
  x[13] = Temp_3               = -50.71
  x[14] = r_eff_2              = 472.9
  x[15] = C_3                  = 64.69
  x[16] = r_eff_3              = -16458.0
  x[17] = Temp_4               = 267.8
  x[18] = r_eff_4              = 562097.0
  x[19] = C_4                  = -4720.0
  x[20] = Temp_5               = -2556.0
  x[21] = r_eff_5              = -1.863e+07
  x[22] = Temp_6               = 79273.0
  x[23] = C_5                  = 299886.0
  x[24] = C_6                  = -1.622e+07
  x[25] = r_eff_6              = 5.915e+08
  x[26] = Temp_7               = -3.834e+06

Equation summary:
  Eq[ 1]: deg=1,  1 vars, resid=1.8e-14
  Eq[ 2]: deg=4,  8 vars, resid=2.5e-17
  Eq[ 3]: deg=1,  1 vars, resid=8.0e-14
  Eq[ 4]: deg=4,  9 vars, resid=2.0e-16
  Eq[ 5]: deg=5,  8 vars, resid=5.5e-16
  Eq[ 6]: deg=3,  4 vars, resid=4.3e-18
  Eq[ 7]: deg=1,  1 vars, resid=3.4e-13
  Eq[ 8]: deg=4, 11 vars, resid=1.3e-15
  Eq[ 9]: deg=3,  6 vars, resid=6.5e-17
  Eq[10]: deg=5, 11 vars, resid=5.8e-15
  Eq[11]: deg=1,  1 vars, resid=3.9e-12
  Eq[12]: deg=4, 13 vars, resid=2.0e-15
  Eq[13]: deg=5, 14 vars, resid=6.9e-14
  Eq[14]: deg=3,  8 vars, resid=2.8e-15
  Eq[15]: deg=1,  1 vars, resid=1.3e-11
  Eq[16]: deg=4, 15 vars, resid=6.7e-14
  Eq[17]: deg=5, 17 vars, resid=2.0e-13
  Eq[18]: deg=3, 10 vars, resid=4.4e-15
  Eq[19]: deg=1,  1 vars, resid=1.5e-10
  Eq[20]: deg=4, 17 vars, resid=2.0e-13
  Eq[21]: deg=3, 12 vars, resid=5.1e-13
  Eq[22]: deg=5, 20 vars, resid=1.3e-10
  Eq[23]: deg=1,  1 vars, resid=1.8e-09
  Eq[24]: deg=4, 19 vars, resid=6.9e-11
  Eq[25]: deg=3, 14 vars, resid=2.4e-10
  Eq[26]: deg=5, 23 vars, resid=1.3e-08


PHASE 2: Eliminate observable equations (y_k = 700·Temp_k)
--------------------------------------------------------------------------------
  Temp_0          = 0.867         (true: 0.867)
  Temp_1          = -2.109        (true: -2.109)
  Temp_2          = 10.33         (true: 10.33)
  Temp_3          = -50.71        (true: -50.71)
  Temp_4          = 267.8         (true: 267.8)
  Temp_5          = -2556.0       (true: -2556.0)
  Temp_6          = 79273.0       (true: 79273.0)

  → 7 variables eliminated numerically
  → 19 equations in 19 unknowns remain


PHASE 3: Symbolic linear elimination (substitute, never expand)
--------------------------------------------------------------------------------
  Pass 1: tau_0           = f(5 unknowns)   [true: 0.15, check: 0.15]
  Pass 2: r_eff_1         = f(6 unknowns)   [true: -13.47, check: -13.47]
  Pass 3: Tin_0           = f(5 unknowns)   [true: 0.439, check: 0.439]
  Pass 4: C_2             = f(6 unknowns)   [true: -8.114, check: -8.114]
  Pass 5: r_eff_2         = f(5 unknowns)   [true: 472.9, check: 472.9]
  Pass 6: C_3             = f(6 unknowns)   [true: 64.69, check: 64.69]
  Pass 7: r_eff_3         = f(5 unknowns)   [true: -16458.0, check: -16458.0]
  Pass 8: r_eff_4         = f(6 unknowns)   [true: 562097.0, check: 562097.0]
  Pass 9: C_4             = f(5 unknowns)   [true: -4720.0, check: -4720.0]
  Pass 10: r_eff_5         = f(6 unknowns)   [true: -1.863e+07, check: -1.863e+07]
  Pass 11: C_5             = f(5 unknowns)   [true: 299886.0, check: 299886.0]
  Pass 12: C_6             = f(7 unknowns)   [true: -1.622e+07, check: -1.622e+07]
  Pass 13: Temp_7          = f(6 unknowns)   [true: -3.834e+06, check: -3.834e+06]
  Pass 14: r_eff_6         = f(5 unknowns)   [true: 5.915e+08, check: 5.915e+08]

  → 14 variables eliminated symbolically
  → 5 equations in 5 unknowns remain
  → Remaining unknowns: C_0, UA_VrhoCP_0, r_eff_0, dH_rhoCP_0, C_1


PHASE 4: Elimination chain (what each eliminated variable equals)
================================================================================

Numerically determined (from observables):
  Temp_0          = 0.867
  Temp_2          = 10.33
  Temp_3          = -50.71
  Temp_5          = -2556.0
  Temp_4          = 267.8
  Temp_1          = -2.109
  Temp_6          = 79273.0

Symbolically eliminated (linear in each variable):

  1. tau_0 = (-0.4335 + 0.5*Tin_0) / (-2.109 + 0.8769UA_VrhoCP_0 - 0.02857*C_0*dH_rhoCP_0*r_eff_0)

  2. r_eff_1 = f(C_0, UA_VrhoCP_0, r_eff_0, dH_rhoCP_0, C_1)  [473 chars]
     (-284986906(-2.109 + 0.8769UA_VrhoCP_0 - 0.02857*C_0*dH_rhoCP_0*r_eff_0)*(1.055 - ((-4.247(-0.4335 + 0.5*Tin_0)*UA_VrhoC...

  3. Tin_0 = f(C_0, UA_VrhoCP_0, r_eff_0, dH_rhoCP_0, C_1)  [1047 chars]
     (-5.419r_eff_0 - ((0.1548C_0*dH_rhoCP_0*(r_eff_0^2)) / (-2.109 + 0.8769UA_VrhoCP_0 - 0.02857*C_0*dH_rhoCP_0*r_eff_0)) - ...

  4. C_2 = f(C_0, UA_VrhoCP_0, r_eff_0, dH_rhoCP_0, C_1)  [8135 chars]
     (-284986906(-2.109 + 0.8769UA_VrhoCP_0 - 0.02857*C_0*dH_rhoCP_0*r_eff_0)*(-5.167 - (((-8141929//284986906)*C_0*dH_rhoCP_...

  5. r_eff_2 = f(C_0, UA_VrhoCP_0, r_eff_0, dH_rhoCP_0, C_1)  [11652 chars]
     (-(-2.109 + 0.8769UA_VrhoCP_0 - 0.02857*C_0*dH_rhoCP_0*r_eff_0)*(-0.5*C_1 - ((-284986906(-5.167 + (-2C_1*(1.055 + (4.247...

  6. C_3 = f(C_0, UA_VrhoCP_0, r_eff_0, dH_rhoCP_0, C_1)  [36164 chars]
     (-284986906(-2.109 + 0.8769UA_VrhoCP_0 - 0.02857*C_0*dH_rhoCP_0*r_eff_0)*(25.36 - (((-8141929//284986906)*C_0*dH_rhoCP_0...

  7. r_eff_3 = f(C_0, UA_VrhoCP_0, r_eff_0, dH_rhoCP_0, C_1)  [95588 chars]
     ((-2.109 + 0.8769UA_VrhoCP_0 - 0.02857*C_0*dH_rhoCP_0*r_eff_0)*(-64.59r_eff_0 - ((7.514e+09(-2.109 + 0.8769UA_VrhoCP_0 -...

  8. r_eff_4 = f(C_0, UA_VrhoCP_0, r_eff_0, dH_rhoCP_0, C_1)  [260022 chars]
     (-284986906(-2.109 + 0.8769UA_VrhoCP_0 - 0.02857*C_0*dH_rhoCP_0*r_eff_0)*(-133.9 - ((-1139947624(25.36 - ((-854960718(-2...

  9. C_4 = f(C_0, UA_VrhoCP_0, r_eff_0, dH_rhoCP_0, C_1)  [960832 chars]
     (8141929C_0*(317.0r_eff_0 - ((5.419(-2.109 + 0.8769UA_VrhoCP_0 - 0.02857*C_0*dH_rhoCP_0*r_eff_0)*(-64.59r_eff_0 - ((7.51...

  10. r_eff_5 = f(C_0, UA_VrhoCP_0, r_eff_0, dH_rhoCP_0, C_1)  [2438200 chars]
     (-284986906(-2.109 + 0.8769UA_VrhoCP_0 - 0.02857*C_0*dH_rhoCP_0*r_eff_0)*(1278.0 - (((-8141929//284986906)*C_5*dH_rhoCP_...

  11. C_5 = f(C_0, UA_VrhoCP_0, r_eff_0, dH_rhoCP_0, C_1)  [3394509 chars]
     ((-((8424160171935411369902104(25.36 - ((-854960718(-2.109 + 0.8769UA_VrhoCP_0 - 0.02857*C_0*dH_rhoCP_0*r_eff_0)*(-5.167...

  12. C_6 = f(C_0, UA_VrhoCP_0, r_eff_0, dH_rhoCP_0, C_1)  [11662028 chars]
     (-284986906(-2.109 + 0.8769UA_VrhoCP_0 - 0.02857*C_0*dH_rhoCP_0*r_eff_0)*(-39637.0 - ((6(1278.0 - ((-10(25.36 - ((-85496...

  13. Temp_7 = f(C_0, UA_VrhoCP_0, r_eff_0, dH_rhoCP_0, C_1)  [26711843 chars]
     (-8141929(-((-36949768544521355(-133.9 - ((-1139947624(25.36 - ((-854960718(-2.109 + 0.8769UA_VrhoCP_0 - 0.02857*C_0*dH_...

  14. r_eff_6 = f(C_0, UA_VrhoCP_0, r_eff_0, dH_rhoCP_0, C_1)  [40565834 chars]
     ((15976.0r_eff_0 - ((1017741125(317.0r_eff_0 - ((5.419(-2.109 + 0.8769UA_VrhoCP_0 - 0.02857*C_0*dH_rhoCP_0*r_eff_0)*(-64...


PHASE 5: The irreducible nonlinear core
================================================================================

Free unknowns (5):
  u[1] = C_0                   (true = 0.127)
  u[2] = UA_VrhoCP_0           (true = 0.779)
  u[3] = r_eff_0               (true = 0.384)
  u[4] = dH_rhoCP_0            (true = 0.307)
  u[5] = C_1                   (true = 2.812)

Core equations (5):

  CoreEq[1] (deg=1, vars: C_0, UA_VrhoCP_0, r_eff_0, dH_rhoCP_0, C_1, resid=7.990e-17, len=2302 chars):
    -0.5 + 0.5*C_0 + (2.0*C_0*r_eff_0*(-0.4335 + (0.5*(-5.419r_eff_0 - ((0.1548C_0*dH_rhoCP_0*(r_eff_0^2)) / (-2.109 + 0.8769UA_VrhoCP_0 - 0.02857*C_0*dH_rhoCP_0*r_eff_0)) - ((-2.142e+08(1.055 + (-0.01238C_1*dH_rhoCP_0*r_eff_0) / (-2.109 + 0.8769UA_VrhoCP_0 - 0.02857*C_0*dH_rhoCP_0*r_eff_0) + (-1.841UA_...
    [... 2302 total characters — too large to display]

  CoreEq[2] (deg=1, vars: C_0, UA_VrhoCP_0, r_eff_0, dH_rhoCP_0, C_1, resid=1.878e-12, len=33698 chars):
    -13.18r_eff_0 + (3562336325(-2.109 + 0.8769UA_VrhoCP_0 - 0.02857*C_0*dH_rhoCP_0*r_eff_0)*(-5.419r_eff_0 - ((0.1548C_0*dH_rhoCP_0*(r_eff_0^2)) / (-2.109 + 0.8769UA_VrhoCP_0 - 0.02857*C_0*dH_rhoCP_0*r_eff_0)) - ((-2.142e+08(1.055 + (-0.01238C_1*dH_rhoCP_0*r_eff_0) / (-2.109 + 0.8769UA_VrhoCP_0 - 0.028...
    [... 33698 total characters — too large to display]

  CoreEq[3] (deg=4, vars: C_0, UA_VrhoCP_0, r_eff_0, dH_rhoCP_0, C_1, resid=3.411e-11, len=176235 chars):
    (-142493453(-2.109 + 0.8769UA_VrhoCP_0 - 0.02857*C_0*dH_rhoCP_0*r_eff_0)*(-5.167 - ((-50.71(-0.4335 + (0.5*(-5.419r_eff_0 - ((0.1548C_0*dH_rhoCP_0*(r_eff_0^2)) / (-2.109 + 0.8769UA_VrhoCP_0 - 0.02857*C_0*dH_rhoCP_0*r_eff_0)) - ((-2.142e+08(1.055 + (-0.01238C_1*dH_rhoCP_0*r_eff_0) / (-2.109 + 0.8769U...
    [... 176235 total characters — too large to display]

  CoreEq[4] (deg=7, vars: C_0, UA_VrhoCP_0, r_eff_0, dH_rhoCP_0, C_1, resid=3.553e-09, len=1343502 chars):
    (-7389953708904271(25.36 - ((-854960718(-2.109 + 0.8769UA_VrhoCP_0 - 0.02857*C_0*dH_rhoCP_0*r_eff_0)*(-5.167 - ((-50.71(-0.4335 + (0.5*(-5.419r_eff_0 - ((0.1548C_0*dH_rhoCP_0*(r_eff_0^2)) / (-2.109 + 0.8769UA_VrhoCP_0 - 0.02857*C_0*dH_rhoCP_0*r_eff_0)) - ((-2.142e+08(1.055 + (-0.01238C_1*dH_rhoCP_0*...
    [... 1343502 total characters — too large to display]

  CoreEq[5] (deg=10, vars: C_0, UA_VrhoCP_0, r_eff_0, dH_rhoCP_0, C_1, resid=6.003e-07, len=13612797 chars):
    1674.0r_eff_0 + (-300(-2.109 + 0.8769UA_VrhoCP_0 - 0.02857*C_0*dH_rhoCP_0*r_eff_0)*(-0.5*C_1 - ((-284986906(-5.167 + (-2C_1*(1.055 + (4.247UA_VrhoCP_0*(-0.4335 + (0.5*(-5.419r_eff_0 - ((0.1548C_0*dH_rhoCP_0*(r_eff_0^2)) / (-2.109 + 0.8769UA_VrhoCP_0 - 0.02857*C_0*dH_rhoCP_0*r_eff_0)) - ((-2.142e+08(...
    [... 13612797 total characters — too large to display]


PHASE 6: HC.jl solve skipped
--------------------------------------------------------------------------------
  Largest equation is 41536210 characters — Symbolics.expand() would be intractable.
  The 19×19 system (before symbolic elimination) IS solvable by HC.jl (8 paths, 3 real solutions).
  The symbolic elimination to 5×5 makes the expressions exponentially larger,
  even though the polynomial content is equivalent.

================================================================================
Done!

[11862] signal 11 (1): Segmentation fault
in expression starting at none:0
