Precompiling packages...
Info Given ODEParameterEstimation was explicitly requested, output will be shown live [0K
[0K[ Info: Computing IO-equations
[0K[ Info: Computed IO-equations in 0.001098797 seconds
[0K[ Info: Computing Wronskians
[0K[ Info: Computed Wronskians in 0.00060635 seconds
[0K[ Info: Dimensions of the Wronskians [2]
[0K[ Info: Ranks of the Wronskians computed in 1.5083e-5 seconds
[0K[ Info: Simplifying generating set. Simplification level: standard
[0K[ Info: Search for polynomial generators concluded in 0.000333849
[0K[ Info: Selecting generators in 0.099707464
[0K[ Info: Inclusion checked with probability 0.995 in 0.001466535 seconds
[0K[ Info: The search for identifiable functions concluded in 0.428684219 seconds
[0K
[0K[ODEPE SOLUTIONS]:
[0KSolution 1: OrderedCollections.OrderedDict{Symbolics.Num, Float64}(x(t) => 0.49999999999998446, k1 => 0.5000000000001229)
[0K
 257860.0 ms  ✓ ODEParameterEstimation
  1 dependency successfully precompiled in 261 seconds. 665 already precompiled.
  1 dependency had output during precompilation:
┌ ODEParameterEstimation
│  [Output was shown above]
└  
Building CSTR polynomial system...
[ Info: [TRANSCENDENTAL] Detected 1 transcendental expression(s):
[ Info:   sin(0.5 * t) → _trfn_sin_0_5(t)
[ Info: Getting equation system from StructuralIdentifiability.jl
[ Info: Converting ODESystem to SI.jl format
┌ Warning: Floating point value 1.0 will be converted to 1.
└ @ ModelingToolkitSIExt ~/.julia/packages/StructuralIdentifiability/gt3mc/ext/ModelingToolkitSIExt.jl:78
┌ Warning: Floating point value 2.0 will be converted to 2.
└ @ ModelingToolkitSIExt ~/.julia/packages/StructuralIdentifiability/gt3mc/ext/ModelingToolkitSIExt.jl:78
┌ Warning: Floating point value -1.999863916554819 will be converted to -51861707//25932618.
└ @ ModelingToolkitSIExt ~/.julia/packages/StructuralIdentifiability/gt3mc/ext/ModelingToolkitSIExt.jl:78
┌ Warning: Floating point value -2.0 will be converted to -2//1.
└ @ ModelingToolkitSIExt ~/.julia/packages/StructuralIdentifiability/gt3mc/ext/ModelingToolkitSIExt.jl:78
┌ Warning: Floating point value 0.05714285714285714 will be converted to 2//35.
└ @ ModelingToolkitSIExt ~/.julia/packages/StructuralIdentifiability/gt3mc/ext/ModelingToolkitSIExt.jl:78
┌ Warning: Floating point value 0.0285694845222117 will be converted to 8141929//284986906.
└ @ ModelingToolkitSIExt ~/.julia/packages/StructuralIdentifiability/gt3mc/ext/ModelingToolkitSIExt.jl:78
┌ Warning: Floating point value 0.8571428571428571 will be converted to 6//7.
└ @ ModelingToolkitSIExt ~/.julia/packages/StructuralIdentifiability/gt3mc/ext/ModelingToolkitSIExt.jl:78
┌ Warning: Floating point value 2.0 will be converted to 2.
└ @ ModelingToolkitSIExt ~/.julia/packages/StructuralIdentifiability/gt3mc/ext/ModelingToolkitSIExt.jl:78
┌ Warning: Floating point value 12.5 will be converted to 25//2.
└ @ ModelingToolkitSIExt ~/.julia/packages/StructuralIdentifiability/gt3mc/ext/ModelingToolkitSIExt.jl:78
┌ Warning: Floating point value -2.0 will be converted to -2//1.
└ @ ModelingToolkitSIExt ~/.julia/packages/StructuralIdentifiability/gt3mc/ext/ModelingToolkitSIExt.jl:78
┌ Warning: Floating point value 0.05714285714285714 will be converted to 2//35.
└ @ ModelingToolkitSIExt ~/.julia/packages/StructuralIdentifiability/gt3mc/ext/ModelingToolkitSIExt.jl:78
┌ Warning: Floating point value 0.0285694845222117 will be converted to 8141929//284986906.
└ @ ModelingToolkitSIExt ~/.julia/packages/StructuralIdentifiability/gt3mc/ext/ModelingToolkitSIExt.jl:78
┌ Warning: Floating point value 0.8571428571428571 will be converted to 6//7.
└ @ ModelingToolkitSIExt ~/.julia/packages/StructuralIdentifiability/gt3mc/ext/ModelingToolkitSIExt.jl:78
┌ Warning: Floating point value 2.0 will be converted to 2.
└ @ ModelingToolkitSIExt ~/.julia/packages/StructuralIdentifiability/gt3mc/ext/ModelingToolkitSIExt.jl:78
┌ Warning: Floating point value 0.5 will be converted to 1//2.
└ @ ModelingToolkitSIExt ~/.julia/packages/StructuralIdentifiability/gt3mc/ext/ModelingToolkitSIExt.jl:78
┌ Warning: Floating point value -0.5 will be converted to -1//2.
└ @ ModelingToolkitSIExt ~/.julia/packages/StructuralIdentifiability/gt3mc/ext/ModelingToolkitSIExt.jl:78
┌ Warning: Floating point value 700.0 will be converted to 700.
└ @ ModelingToolkitSIExt ~/.julia/packages/StructuralIdentifiability/gt3mc/ext/ModelingToolkitSIExt.jl:78
[ Info: Getting polynomial system from SIAN
[ Info: Built polynomial system with 51 equations
[ Info: [DEBUG-EQ-COUNT] After iterative construction: 51 equations, 39 variables in x_theta_vars
[ Info: [DEBUG-EQ-COUNT] x_theta_vars list: Nemo.QQMPolyRingElem[tau_0, Tin_0, dH_rhoCP_0, UA_VrhoCP_0, _trfn_sin_0_5_0, r_eff_0, Temp_0, C_0, _trfn_cos_0_5_0, _trfn_cos_0_5_1, Temp_1, _trfn_sin_0_5_1, Temp_2, r_eff_1, C_1, Temp_3, C_2, _trfn_sin_0_5_2, r_eff_2, Temp_4, r_eff_3, C_3, _trfn_sin_0_5_3, _trfn_cos_0_5_2, Temp_5, _trfn_sin_0_5_4, r_eff_4, C_4, _trfn_cos_0_5_3, Temp_6, _trfn_sin_0_5_5, C_5, r_eff_5, _trfn_cos_0_5_4, Temp_7, C_6, _trfn_sin_0_5_6, r_eff_6, _trfn_cos_0_5_5]
[ Info: [DEBUG-EQUATION] Eq1 has 2 variables: Nemo.QQMPolyRingElem[_trfn_cos_0_5_0, _obs_trfn_cos_0_5_cos_0]
[ Info: [DEBUG-EQUATION] Eq2 has 2 variables: Nemo.QQMPolyRingElem[_trfn_sin_0_5_0, _trfn_cos_0_5_1]
[ Info: [DEBUG-EQUATION] Eq3 has 2 variables: Nemo.QQMPolyRingElem[Temp_0, y1_0]
[ Info: [DEBUG-EQUATION] Eq4 has 9 variables: Nemo.QQMPolyRingElem[_trfn_sin_0_5_0, r_eff_0, Temp_0, C_0, Temp_1, tau_0, Tin_0, dH_rhoCP_0, UA_VrhoCP_0]
[ Info: [DEBUG-EQUATION] Eq5 has 2 variables: Nemo.QQMPolyRingElem[_trfn_sin_0_5_0, _obs_trfn_cos_0_5_sin_0]
[ Info: [DEBUG-EQUATION] Eq6 has 2 variables: Nemo.QQMPolyRingElem[_trfn_cos_0_5_0, _trfn_sin_0_5_1]
[ Info: [DEBUG-EQUATION] Eq7 has 2 variables: Nemo.QQMPolyRingElem[Temp_1, y1_1]
[ Info: [DEBUG-EQUATION] Eq8 has 10 variables: Nemo.QQMPolyRingElem[r_eff_0, C_0, _trfn_sin_0_5_1, r_eff_1, Temp_1, C_1, Temp_2, tau_0, dH_rhoCP_0, UA_VrhoCP_0]
[ Info: [DEBUG-EQUATION] Eq9 has 9 variables: Nemo.QQMPolyRingElem[_trfn_sin_0_5_0, r_eff_0, Temp_0, C_0, r_eff_1, tau_0, Tin_0, dH_rhoCP_0, UA_VrhoCP_0]
[ Info: [DEBUG-EQUATION] Eq10 has 4 variables: Nemo.QQMPolyRingElem[r_eff_0, C_0, C_1, tau_0]
[ Info: [DEBUG-EQUATION] Eq11 has 2 variables: Nemo.QQMPolyRingElem[Temp_2, y1_2]
[ Info: [DEBUG-EQUATION] Eq12 has 12 variables: Nemo.QQMPolyRingElem[r_eff_0, C_0, r_eff_1, C_1, _trfn_sin_0_5_2, r_eff_2, Temp_2, C_2, Temp_3, tau_0, dH_rhoCP_0, UA_VrhoCP_0]
[ Info: [DEBUG-EQUATION] Eq13 has 6 variables: Nemo.QQMPolyRingElem[r_eff_0, C_0, r_eff_1, C_1, C_2, tau_0]
[ Info: [DEBUG-EQUATION] Eq14 has 2 variables: Nemo.QQMPolyRingElem[_trfn_cos_0_5_1, _trfn_sin_0_5_2]
[ Info: [DEBUG-EQUATION] Eq15 has 13 variables: Nemo.QQMPolyRingElem[_trfn_sin_0_5_0, r_eff_0, Temp_0, C_0, _trfn_sin_0_5_1, r_eff_1, Temp_1, C_1, r_eff_2, tau_0, Tin_0, dH_rhoCP_0, UA_VrhoCP_0]
[ Info: [DEBUG-EQUATION] Eq16 has 2 variables: Nemo.QQMPolyRingElem[Temp_3, y1_3]
[ Info: [DEBUG-EQUATION] Eq17 has 14 variables: Nemo.QQMPolyRingElem[r_eff_0, C_0, r_eff_1, C_1, r_eff_2, C_2, _trfn_sin_0_5_3, r_eff_3, Temp_3, C_3, Temp_4, tau_0, dH_rhoCP_0, UA_VrhoCP_0]
[ Info: [DEBUG-EQUATION] Eq18 has 17 variables: Nemo.QQMPolyRingElem[_trfn_sin_0_5_0, r_eff_0, Temp_0, C_0, _trfn_sin_0_5_1, r_eff_1, Temp_1, C_1, _trfn_sin_0_5_2, r_eff_2, Temp_2, C_2, r_eff_3, tau_0, Tin_0, dH_rhoCP_0, UA_VrhoCP_0]
[ Info: [DEBUG-EQUATION] Eq19 has 8 variables: Nemo.QQMPolyRingElem[r_eff_0, C_0, r_eff_1, C_1, r_eff_2, C_2, C_3, tau_0]
[ Info: [DEBUG-EQUATION] Eq20 has 2 variables: Nemo.QQMPolyRingElem[_trfn_cos_0_5_2, _trfn_sin_0_5_3]
[ Info: [DEBUG-EQUATION] Eq21 has 2 variables: Nemo.QQMPolyRingElem[_trfn_sin_0_5_1, _trfn_cos_0_5_2]
[ Info: [DEBUG-EQUATION] Eq22 has 2 variables: Nemo.QQMPolyRingElem[Temp_4, y1_4]
[ Info: [DEBUG-EQUATION] Eq23 has 16 variables: Nemo.QQMPolyRingElem[r_eff_0, C_0, r_eff_1, C_1, r_eff_2, C_2, r_eff_3, C_3, _trfn_sin_0_5_4, r_eff_4, Temp_4, C_4, Temp_5, tau_0, dH_rhoCP_0, UA_VrhoCP_0]
[ Info: [DEBUG-EQUATION] Eq24 has 2 variables: Nemo.QQMPolyRingElem[_trfn_cos_0_5_3, _trfn_sin_0_5_4]
[ Info: [DEBUG-EQUATION] Eq25 has 21 variables: Nemo.QQMPolyRingElem[_trfn_sin_0_5_0, r_eff_0, Temp_0, C_0, _trfn_sin_0_5_1, r_eff_1, Temp_1, C_1, _trfn_sin_0_5_2, r_eff_2, Temp_2, C_2, _trfn_sin_0_5_3, r_eff_3, Temp_3, C_3, r_eff_4, tau_0, Tin_0, dH_rhoCP_0, UA_VrhoCP_0]
[ Info: [DEBUG-EQUATION] Eq26 has 10 variables: Nemo.QQMPolyRingElem[r_eff_0, C_0, r_eff_1, C_1, r_eff_2, C_2, r_eff_3, C_3, C_4, tau_0]
[ Info: [DEBUG-EQUATION] Eq27 has 2 variables: Nemo.QQMPolyRingElem[_trfn_sin_0_5_2, _trfn_cos_0_5_3]
[ Info: [DEBUG-EQUATION] Eq28 has 2 variables: Nemo.QQMPolyRingElem[Temp_5, y1_5]
[ Info: [DEBUG-EQUATION] Eq29 has 18 variables: Nemo.QQMPolyRingElem[r_eff_0, C_0, r_eff_1, C_1, r_eff_2, C_2, r_eff_3, C_3, r_eff_4, C_4, _trfn_sin_0_5_5, r_eff_5, Temp_5, C_5, Temp_6, tau_0, dH_rhoCP_0, UA_VrhoCP_0]
[ Info: [DEBUG-EQUATION] Eq30 has 2 variables: Nemo.QQMPolyRingElem[_trfn_cos_0_5_4, _trfn_sin_0_5_5]
[ Info: [DEBUG-EQUATION] Eq31 has 12 variables: Nemo.QQMPolyRingElem[r_eff_0, C_0, r_eff_1, C_1, r_eff_2, C_2, r_eff_3, C_3, r_eff_4, C_4, C_5, tau_0]
[ Info: [DEBUG-EQUATION] Eq32 has 25 variables: Nemo.QQMPolyRingElem[_trfn_sin_0_5_0, r_eff_0, Temp_0, C_0, _trfn_sin_0_5_1, r_eff_1, Temp_1, C_1, _trfn_sin_0_5_2, r_eff_2, Temp_2, C_2, _trfn_sin_0_5_3, r_eff_3, Temp_3, C_3, _trfn_sin_0_5_4, r_eff_4, Temp_4, C_4, r_eff_5, tau_0, Tin_0, dH_rhoCP_0, UA_VrhoCP_0]
[ Info: [DEBUG-EQUATION] Eq33 has 2 variables: Nemo.QQMPolyRingElem[_trfn_sin_0_5_3, _trfn_cos_0_5_4]
[ Info: [DEBUG-EQUATION] Eq34 has 2 variables: Nemo.QQMPolyRingElem[Temp_6, y1_6]
[ Info: [DEBUG-EQUATION] Eq35 has 20 variables: Nemo.QQMPolyRingElem[r_eff_0, C_0, r_eff_1, C_1, r_eff_2, C_2, r_eff_3, C_3, r_eff_4, C_4, r_eff_5, C_5, _trfn_sin_0_5_6, r_eff_6, Temp_6, C_6, Temp_7, tau_0, dH_rhoCP_0, UA_VrhoCP_0]
[ Info: [DEBUG-EQUATION] Eq36 has 14 variables: Nemo.QQMPolyRingElem[r_eff_0, C_0, r_eff_1, C_1, r_eff_2, C_2, r_eff_3, C_3, r_eff_4, C_4, r_eff_5, C_5, C_6, tau_0]
[ Info: [DEBUG-EQUATION] Eq37 has 2 variables: Nemo.QQMPolyRingElem[_trfn_cos_0_5_5, _trfn_sin_0_5_6]
[ Info: [DEBUG-EQUATION] Eq38 has 29 variables: Nemo.QQMPolyRingElem[_trfn_sin_0_5_0, r_eff_0, Temp_0, C_0, _trfn_sin_0_5_1, r_eff_1, Temp_1, C_1, _trfn_sin_0_5_2, r_eff_2, Temp_2, C_2, _trfn_sin_0_5_3, r_eff_3, Temp_3, C_3, _trfn_sin_0_5_4, r_eff_4, Temp_4, C_4, _trfn_sin_0_5_5, r_eff_5, Temp_5, C_5, r_eff_6, tau_0, Tin_0, dH_rhoCP_0, UA_VrhoCP_0]
[ Info: [DEBUG-EQUATION] Eq39 has 2 variables: Nemo.QQMPolyRingElem[_trfn_sin_0_5_4, _trfn_cos_0_5_5]
[ Info: [DEBUG-EQUATION] Eq40 has 2 variables: Nemo.QQMPolyRingElem[_trfn_cos_0_5_1, _obs_trfn_cos_0_5_cos_1]
[ Info: [DEBUG-EQUATION] Eq41 has 2 variables: Nemo.QQMPolyRingElem[_trfn_cos_0_5_2, _obs_trfn_cos_0_5_cos_2]
[ Info: [DEBUG-EQUATION] Eq42 has 2 variables: Nemo.QQMPolyRingElem[_trfn_cos_0_5_3, _obs_trfn_cos_0_5_cos_3]
[ Info: [DEBUG-EQUATION] Eq43 has 2 variables: Nemo.QQMPolyRingElem[_trfn_cos_0_5_4, _obs_trfn_cos_0_5_cos_4]
[ Info: [DEBUG-EQUATION] Eq44 has 2 variables: Nemo.QQMPolyRingElem[_trfn_cos_0_5_5, _obs_trfn_cos_0_5_cos_5]
[ Info: [DEBUG-EQUATION] Eq45 has 2 variables: Nemo.QQMPolyRingElem[Temp_7, y1_7]
[ Info: [DEBUG-EQUATION] Eq46 has 2 variables: Nemo.QQMPolyRingElem[_trfn_sin_0_5_1, _obs_trfn_cos_0_5_sin_1]
[ Info: [DEBUG-EQUATION] Eq47 has 2 variables: Nemo.QQMPolyRingElem[_trfn_sin_0_5_2, _obs_trfn_cos_0_5_sin_2]
[ Info: [DEBUG-EQUATION] Eq48 has 2 variables: Nemo.QQMPolyRingElem[_trfn_sin_0_5_3, _obs_trfn_cos_0_5_sin_3]
[ Info: [DEBUG-EQUATION] Eq49 has 2 variables: Nemo.QQMPolyRingElem[_trfn_sin_0_5_4, _obs_trfn_cos_0_5_sin_4]
[ Info: [DEBUG-EQUATION] Eq50 has 2 variables: Nemo.QQMPolyRingElem[_trfn_sin_0_5_5, _obs_trfn_cos_0_5_sin_5]
[ Info: [DEBUG-EQUATION] Eq51 has 2 variables: Nemo.QQMPolyRingElem[_trfn_sin_0_5_6, _obs_trfn_cos_0_5_sin_6]
[ Info: [DEBUG-EQ-COUNT] Before algebraic_independence: 51 equations, 39 variables
[ Info: [DEBUG-EQ-COUNT] theta_l (locally identifiable): 9 variables
[ Info: [DEBUG-EQ-COUNT] theta_l variables: Nemo.QQMPolyRingElem[tau_0, Tin_0, dH_rhoCP_0, UA_VrhoCP_0, _trfn_sin_0_5_0, r_eff_0, Temp_0, C_0, _trfn_cos_0_5_0]
[ Info: [DEBUG-EQ-COUNT] x_theta_vars_reorder: Nemo.QQMPolyRingElem[tau_0, Tin_0, dH_rhoCP_0, UA_VrhoCP_0, _trfn_sin_0_5_0, r_eff_0, Temp_0, C_0, _trfn_cos_0_5_0, _trfn_cos_0_5_5, r_eff_6, _trfn_sin_0_5_6, C_6, Temp_7, _trfn_cos_0_5_4, r_eff_5, C_5, _trfn_sin_0_5_5, Temp_6, _trfn_cos_0_5_3, C_4, r_eff_4, _trfn_sin_0_5_4, Temp_5, _trfn_cos_0_5_2, _trfn_sin_0_5_3, C_3, r_eff_3, Temp_4, r_eff_2, _trfn_sin_0_5_2, C_2, Temp_3, C_1, r_eff_1, Temp_2, _trfn_sin_0_5_1, Temp_1, _trfn_cos_0_5_1]
[ Info: [DEBUG-EQ-COUNT] After filtering: 39 variables (from 39)
[ Info: [DEBUG-EQ-COUNT] x_theta_vars_reorder_filtered: Nemo.QQMPolyRingElem[tau_0, Tin_0, dH_rhoCP_0, UA_VrhoCP_0, _trfn_sin_0_5_0, r_eff_0, Temp_0, C_0, _trfn_cos_0_5_0, _trfn_cos_0_5_5, r_eff_6, _trfn_sin_0_5_6, C_6, Temp_7, _trfn_cos_0_5_4, r_eff_5, C_5, _trfn_sin_0_5_5, Temp_6, _trfn_cos_0_5_3, C_4, r_eff_4, _trfn_sin_0_5_4, Temp_5, _trfn_cos_0_5_2, _trfn_sin_0_5_3, C_3, r_eff_3, Temp_4, r_eff_2, _trfn_sin_0_5_2, C_2, Temp_3, C_1, r_eff_1, Temp_2, _trfn_sin_0_5_1, Temp_1, _trfn_cos_0_5_1]
[ Info: [DEBUG-ALG-INDEP] Input: 51 equations, 39 indeterminates
[ Info: [DEBUG-ALG-INDEP] Jacobian size: (51, 39)
[ Info: [DEBUG-ALG-INDEP] Jacobian rank: 39
[ Info: [DEBUG-ALG-INDEP] Found 39 pivot columns
[ Info: [DEBUG-ALG-INDEP] Selected 39 equations (current_rank=39)
[ Info: [DEBUG-ALG-INDEP] Returning: output_ids=[1, 2, 3, 4, 5, 6, 7, 8, 9, 10, 11, 12, 13, 14, 15, 16, 17, 18, 19, 20, 21, 22, 23, 24, 25, 26, 27, 28, 29, 30, 31, 32, 33, 34, 35, 36, 37, 38, 39], alg_indep has 0 vars
[ Info: [DEBUG-EQ-COUNT] algebraic_independence returned Et_ids with 39 indices: [1, 2, 3, 4, 5, 6, 7, 8, 9, 10, 11, 12, 13, 14, 15, 16, 17, 18, 19, 20, 21, 22, 23, 24, 25, 26, 27, 28, 29, 30, 31, 32, 33, 34, 35, 36, 37, 38, 39]
[ Info: [DEBUG-EQ-COUNT] alg_indep (transcendence basis): 0 variables
[ Info: [DEBUG-EQ-COUNT] alg_indep list: Nemo.QQMPolyRingElem[]
[ Info: [DEBUG-EQ-COUNT] Selected equations indices: [1, 2, 3, 4, 5, 6, 7, 8, 9, 10, 11, 12, 13, 14, 15, 16, 17, 18, 19, 20, 21, 22, 23, 24, 25, 26, 27, 28, 29, 30, 31, 32, 33, 34, 35, 36, 37, 38, 39]
[ Info: [DEBUG-EQ-COUNT] Dropped equations indices: [40, 41, 42, 43, 44, 45, 46, 47, 48, 49, 50, 51]
[ Info: [DEBUG-DROPPED-EQ] Dropped Eq40: -_trfn_cos_0_5_1 + _obs_trfn_cos_0_5_cos_1
[ Info: [DEBUG-DROPPED-EQ] Dropped Eq41: -_trfn_cos_0_5_2 + _obs_trfn_cos_0_5_cos_2
[ Info: [DEBUG-DROPPED-EQ] Dropped Eq42: -_trfn_cos_0_5_3 + _obs_trfn_cos_0_5_cos_3
[ Info: [DEBUG-DROPPED-EQ] Dropped Eq43: -_trfn_cos_0_5_4 + _obs_trfn_cos_0_5_cos_4
[ Info: [DEBUG-DROPPED-EQ] Dropped Eq44: -_trfn_cos_0_5_5 + _obs_trfn_cos_0_5_cos_5
[ Info: [DEBUG-DROPPED-EQ] Dropped Eq45: -700*Temp_7 + y1_7
[ Info: [DEBUG-DROPPED-EQ] Dropped Eq46: -_trfn_sin_0_5_1 + _obs_trfn_cos_0_5_sin_1
[ Info: [DEBUG-DROPPED-EQ] Dropped Eq47: -_trfn_sin_0_5_2 + _obs_trfn_cos_0_5_sin_2
[ Info: [DEBUG-DROPPED-EQ] Dropped Eq48: -_trfn_sin_0_5_3 + _obs_trfn_cos_0_5_sin_3
[ Info: [DEBUG-DROPPED-EQ] Dropped Eq49: -_trfn_sin_0_5_4 + _obs_trfn_cos_0_5_sin_4
[ Info: [DEBUG-DROPPED-EQ] Dropped Eq50: -_trfn_sin_0_5_5 + _obs_trfn_cos_0_5_sin_5
[ Info: [DEBUG-DROPPED-EQ] Dropped Eq51: -_trfn_sin_0_5_6 + _obs_trfn_cos_0_5_sin_6
[ Info: Reduced polynomial system to 39 equations
[ Info: [DEBUG-EQ-COUNT] Final: 39 equations for 39 variables in x_theta_vars_filtered
[ Info: [DEBUG-EQ-COUNT] Actual variables in reduced system: 48
[ Info: [DEBUG-EQ-COUNT] Reduced system variables: Set(Nemo.QQMPolyRingElem[Temp_1, r_eff_1, UA_VrhoCP_0, r_eff_6, y1_0, _trfn_sin_0_5_1, _trfn_cos_0_5_5, Temp_0, Temp_5, Tin_0, _trfn_sin_0_5_3, r_eff_5, Temp_3, _trfn_sin_0_5_6, _trfn_cos_0_5_4, C_0, y1_1, _trfn_sin_0_5_4, _trfn_sin_0_5_2, _obs_trfn_cos_0_5_sin_0, _trfn_sin_0_5_5, C_5, C_6, C_3, Temp_2, y1_6, C_2, dH_rhoCP_0, y1_4, r_eff_4, y1_2, C_4, _trfn_cos_0_5_1, r_eff_2, _obs_trfn_cos_0_5_cos_0, Temp_6, _trfn_cos_0_5_2, y1_5, _trfn_cos_0_5_0, y1_3, Temp_4, _trfn_cos_0_5_3, r_eff_0, C_1, _trfn_sin_0_5_0, tau_0, r_eff_3, Temp_7])
┌ Warning: [DEBUG-EQ-COUNT] MISMATCH DETECTED: 39 equations but 48 actual variables!
└ @ ODEParameterEstimation ~/.julia/dev/ODEParameterEstimation/src/core/si_equation_builder.jl:772
┌ Warning: [DEBUG-EQ-COUNT] Variables in x_theta_vars_filtered but not in equations: Set{Nemo.QQMPolyRingElem}()
└ @ ODEParameterEstimation ~/.julia/dev/ODEParameterEstimation/src/core/si_equation_builder.jl:773
┌ Warning: [DEBUG-EQ-COUNT] Variables in equations but not in x_theta_vars_filtered: Set(Nemo.QQMPolyRingElem[y1_0, y1_1, _obs_trfn_cos_0_5_sin_0, y1_6, y1_4, y1_2, _obs_trfn_cos_0_5_cos_0, y1_5, y1_3])
└ @ ODEParameterEstimation ~/.julia/dev/ODEParameterEstimation/src/core/si_equation_builder.jl:774
[ Info: Checking identifiability
[ Info: Assessing local identifiability
[ Info: Assessing global identifiability
[ Info: Note: the input model has nontrivial submodels. If the computation for the full model will be too heavy, you may want to try to first analyze one of the submodels. They can be produced using function `find_submodels`
[ Info: Functions to check involve states
[ Info: Computing IO-equations
[ Info: Computed IO-equations in 7.838118992 seconds
[ Info: Computing Wronskians
[ Info: Computed Wronskians in 0.104708465 seconds
[ Info: Dimensions of the Wronskians [1, 1, 20]
[ Info: Ranks of the Wronskians computed in 3.0115e-5 seconds
[ Info: Simplifying generating set. Simplification level: standard
[ Info: Rational reconstruction failed, selecting next prime..
[ Info: Rational reconstruction failed, selecting next prime..
[ Info: Rational reconstruction failed, selecting next prime..
[ Info: Search for polynomial generators concluded in 0.232873027
[ Info: Selecting generators in 0.006217975
[ Info: Inclusion checked with probability 0.9955 in 0.711119887 seconds
[ Info: Global identifiability assessed in 15.249338816 seconds
[ Info: SI.jl found 39 template equations
[ Info: Derivative variables: Any[y1_4, y1_8, _obs_trfn_cos_0_5_cos_1, _obs_trfn_cos_0_5_cos_4, y1_2, _obs_trfn_cos_0_5_cos_9, y1_0, _obs_trfn_cos_0_5_sin_4, y1_10, _obs_trfn_cos_0_5_cos_3, _obs_trfn_cos_0_5_cos_6, _obs_trfn_cos_0_5_cos_10, _obs_trfn_cos_0_5_cos_0, _obs_trfn_cos_0_5_cos_7, y1_9, _obs_trfn_cos_0_5_sin_5, _obs_trfn_cos_0_5_sin_6, _obs_trfn_cos_0_5_sin_8, y1_5, y1_3, _obs_trfn_cos_0_5_cos_2, _obs_trfn_cos_0_5_cos_5, _obs_trfn_cos_0_5_cos_8, _obs_trfn_cos_0_5_sin_7, _obs_trfn_cos_0_5_sin_9, _obs_trfn_cos_0_5_sin_2, _obs_trfn_cos_0_5_sin_1, _obs_trfn_cos_0_5_sin_10, y1_1, y1_7, _obs_trfn_cos_0_5_sin_0, y1_6, _obs_trfn_cos_0_5_sin_3]
[ Info: Derivative orders in y_derivative_dict: Dict{Any, Any}(y1_4 => 4, y1_8 => 8, _obs_trfn_cos_0_5_cos_1 => 1, _obs_trfn_cos_0_5_cos_4 => 4, y1_2 => 2, _obs_trfn_cos_0_5_cos_9 => 9, y1_0 => 0, _obs_trfn_cos_0_5_sin_4 => 4, y1_10 => 10, _obs_trfn_cos_0_5_cos_3 => 3, _obs_trfn_cos_0_5_cos_6 => 6, _obs_trfn_cos_0_5_cos_10 => 10, _obs_trfn_cos_0_5_cos_0 => 0, _obs_trfn_cos_0_5_cos_7 => 7, y1_9 => 9, _obs_trfn_cos_0_5_sin_5 => 5, _obs_trfn_cos_0_5_sin_6 => 6, _obs_trfn_cos_0_5_sin_8 => 8, y1_5 => 5, y1_3 => 3, _obs_trfn_cos_0_5_cos_2 => 2, _obs_trfn_cos_0_5_cos_5 => 5, _obs_trfn_cos_0_5_cos_8 => 8, _obs_trfn_cos_0_5_sin_7 => 7, _obs_trfn_cos_0_5_sin_9 => 9, _obs_trfn_cos_0_5_sin_2 => 2, _obs_trfn_cos_0_5_sin_1 => 1, _obs_trfn_cos_0_5_sin_10 => 10, y1_1 => 1, y1_7 => 7, _obs_trfn_cos_0_5_sin_0 => 0, y1_6 => 6, _obs_trfn_cos_0_5_sin_3 => 3)
[ Info: Maximum derivative order needed: 10
[ Info: Non-identifiable parameters: Set{Any}()
[ Info: Computing IO-equations
[ Info: Computed IO-equations in 0.016155735 seconds
[ Info: Computing Wronskians
[ Info: Computed Wronskians in 0.007709375 seconds
[ Info: Dimensions of the Wronskians [1, 1, 20]
[ Info: Ranks of the Wronskians computed in 2.3619e-5 seconds
[ Info: Simplifying generating set. Simplification level: standard
[ Info: Rational reconstruction failed, selecting next prime..
[ Info: Rational reconstruction failed, selecting next prime..
[ Info: Rational reconstruction failed, selecting next prime..
[ Info: Search for polynomial generators concluded in 0.000492962
[ Info: Selecting generators in 0.182134437
[ Info: Inclusion checked with probability 0.995 in 0.040966417 seconds
[ Info: The search for identifiable functions concluded in 0.508440766 seconds
[ Info: Identifiable functions of unidentifiable parameters: AbstractAlgebra.Generic.FracFieldElem{Nemo.QQMPolyRingElem}[UA_VrhoCP, dH_rhoCP, Tin, tau]
┌ Warning: Cannot map _obs_trfn_cos_0_5_cos_10 to DD (order=10), using symbolic: _obs_trfn_cos_0_5_cos_10
└ @ ODEParameterEstimation ~/.julia/dev/ODEParameterEstimation/src/core/si_equation_builder.jl:422
┌ Warning: Cannot map y1_10 to DD (order=10), using symbolic: y1_10
└ @ ODEParameterEstimation ~/.julia/dev/ODEParameterEstimation/src/core/si_equation_builder.jl:422
┌ Warning: Cannot map _obs_trfn_cos_0_5_sin_10 to DD (order=10), using symbolic: _obs_trfn_cos_0_5_sin_10
└ @ ODEParameterEstimation ~/.julia/dev/ODEParameterEstimation/src/core/si_equation_builder.jl:422
┌ Warning: Cannot map _obs_trfn_cos_0_5_cos_11 to DD (order=11), using symbolic: _obs_trfn_cos_0_5_cos_11
└ @ ODEParameterEstimation ~/.julia/dev/ODEParameterEstimation/src/core/si_equation_builder.jl:422
┌ Warning: Cannot map y1_11 to DD (order=11), using symbolic: y1_11
└ @ ODEParameterEstimation ~/.julia/dev/ODEParameterEstimation/src/core/si_equation_builder.jl:422
┌ Warning: Cannot map _obs_trfn_cos_0_5_sin_11 to DD (order=11), using symbolic: _obs_trfn_cos_0_5_sin_11
└ @ ODEParameterEstimation ~/.julia/dev/ODEParameterEstimation/src/core/si_equation_builder.jl:422
[ Info: Converting 39 polynomials from Nemo to Symbolics
[ Info: [TEMPLATE] Substituted 13 _trfn_ variable(s) at t=0.0
[ Info: [TEMPLATE] Removed 13 trivially-satisfied equations after data substitution
[ Info: [DEBUG-SI-VARS] Final variables list (26): Any[Temp_0, tau_0, C_0, UA_VrhoCP_0, Temp_1, Tin_0, r_eff_0, dH_rhoCP_0, Temp_2, r_eff_1, C_1, C_2, Temp_3, r_eff_2, C_3, r_eff_3, Temp_4, r_eff_4, C_4, Temp_5, r_eff_5, Temp_6, C_5, C_6, r_eff_6, Temp_7]
[ Info: [DEBUG-EQ-VAR-COUNT] After template instantiation: 26 equations, 26 variables
System built: 26 eqs, 26 vars

ERROR: LoadError: MethodError: no method matching getindex(::Set{SymbolicUtils.BasicSymbolicImpl.var"typeof(BasicSymbolicImpl)"{SymReal}}, ::Int64)
The function `getindex` exists, but no method is defined for this combination of argument types.
Stacktrace:
 [1] top-level scope
   @ ~/ParameterEstimationBenchmark-local/results/bilby_analysis/cstr_deep_dive/cstr_readable_equations.jl:177
 [2] include(mod::Module, _path::String)
   @ Base ./Base.jl:306
 [3] exec_options(opts::Base.JLOptions)
   @ Base ./client.jl:317
 [4] _start()
   @ Base ./client.jl:550
in expression starting at /home/orebas/ParameterEstimationBenchmark-local/results/bilby_analysis/cstr_deep_dive/cstr_readable_equations.jl:172
