LinearAlgebra.PosDefException(2)
LinearAlgebra.PosDefException(2)
LinearAlgebra.PosDefException(2)
LinearAlgebra.PosDefException(4)
LinearAlgebra.PosDefException(5)
LinearAlgebra.PosDefException(5)
LinearAlgebra.PosDefException(85)
LinearAlgebra.PosDefException(3)
LinearAlgebra.PosDefException(2)
LinearAlgebra.PosDefException(6)
LinearAlgebra.PosDefException(2)
LinearAlgebra.PosDefException(5)
LinearAlgebra.PosDefException(3)
LinearAlgebra.PosDefException(4)
LinearAlgebra.PosDefException(42)
LinearAlgebra.PosDefException(2)
LinearAlgebra.PosDefException(2)
LinearAlgebra.PosDefException(3)
LinearAlgebra.PosDefException(3)
LinearAlgebra.PosDefException(4)
LinearAlgebra.PosDefException(7)
LinearAlgebra.PosDefException(4)
LinearAlgebra.PosDefException(13)
LinearAlgebra.PosDefException(1)
LinearAlgebra.PosDefException(1)
LinearAlgebra.PosDefException(7)
LinearAlgebra.PosDefException(12)
LinearAlgebra.PosDefException(75)
LinearAlgebra.PosDefException(332)
LinearAlgebra.PosDefException(744)
LinearAlgebra.PosDefException(392)
LinearAlgebra.PosDefException(605)
LinearAlgebra.PosDefException(368)
LinearAlgebra.PosDefException(479)
LinearAlgebra.PosDefException(624)
LinearAlgebra.PosDefException(810)
LinearAlgebra.PosDefException(8)
LinearAlgebra.PosDefException(8)
LinearAlgebra.PosDefException(5)
LinearAlgebra.PosDefException(12)
LinearAlgebra.PosDefException(67)
LinearAlgebra.PosDefException(181)
LinearAlgebra.PosDefException(305)
LinearAlgebra.PosDefException(405)
LinearAlgebra.PosDefException(497)
LinearAlgebra.PosDefException(589)
LinearAlgebra.PosDefException(706)
LinearAlgebra.PosDefException(365)
LinearAlgebra.PosDefException(464)
LinearAlgebra.PosDefException(533)
LinearAlgebra.PosDefException(645)
LinearAlgebra.PosDefException(716)
LinearAlgebra.PosDefException(803)
LinearAlgebra.PosDefException(873)
LinearAlgebra.PosDefException(742)
LinearAlgebra.PosDefException(817)
LinearAlgebra.PosDefException(744)
LinearAlgebra.PosDefException(927)
LinearAlgebra.PosDefException(837)
LinearAlgebra.PosDefException(832)
LinearAlgebra.PosDefException(837)
LinearAlgebra.PosDefException(777)
Noise level is too low, using  AAA
LinearAlgebra.PosDefException(2)
LinearAlgebra.PosDefException(2)
LinearAlgebra.PosDefException(2)
LinearAlgebra.PosDefException(3)
LinearAlgebra.PosDefException(5)
LinearAlgebra.PosDefException(7)
LinearAlgebra.PosDefException(80)
LinearAlgebra.PosDefException(2)
LinearAlgebra.PosDefException(2)
LinearAlgebra.PosDefException(2)
LinearAlgebra.PosDefException(3)
LinearAlgebra.PosDefException(4)
LinearAlgebra.PosDefException(5)
LinearAlgebra.PosDefException(4)
LinearAlgebra.PosDefException(47)
LinearAlgebra.PosDefException(3)
LinearAlgebra.PosDefException(2)
LinearAlgebra.PosDefException(2)
LinearAlgebra.PosDefException(2)
LinearAlgebra.PosDefException(2)
LinearAlgebra.PosDefException(4)
LinearAlgebra.PosDefException(3)
LinearAlgebra.PosDefException(4)
LinearAlgebra.PosDefException(8)
LinearAlgebra.PosDefException(312)
LinearAlgebra.PosDefException(2)
LinearAlgebra.PosDefException(2)
LinearAlgebra.PosDefException(4)
LinearAlgebra.PosDefException(3)
LinearAlgebra.PosDefException(4)
LinearAlgebra.PosDefException(8)
LinearAlgebra.PosDefException(37)
LinearAlgebra.PosDefException(381)
LinearAlgebra.PosDefException(2)
LinearAlgebra.PosDefException(3)
LinearAlgebra.PosDefException(2)
LinearAlgebra.PosDefException(2)
LinearAlgebra.PosDefException(5)
LinearAlgebra.PosDefException(7)
LinearAlgebra.PosDefException(5)
LinearAlgebra.PosDefException(6)
LinearAlgebra.PosDefException(12)
LinearAlgebra.PosDefException(116)
LinearAlgebra.PosDefException(387)
LinearAlgebra.PosDefException(5)
LinearAlgebra.PosDefException(4)
LinearAlgebra.PosDefException(6)
LinearAlgebra.PosDefException(37)
LinearAlgebra.PosDefException(144)
LinearAlgebra.PosDefException(328)
LinearAlgebra.PosDefException(639)
LinearAlgebra.PosDefException(1)
LinearAlgebra.PosDefException(1)
Noise level is too low, using  AAA
LinearAlgebra.PosDefException(2)
LinearAlgebra.PosDefException(2)
LinearAlgebra.PosDefException(3)
LinearAlgebra.PosDefException(5)
LinearAlgebra.PosDefException(5)
LinearAlgebra.PosDefException(4)
LinearAlgebra.PosDefException(81)
LinearAlgebra.PosDefException(6)
LinearAlgebra.PosDefException(2)
LinearAlgebra.PosDefException(3)
LinearAlgebra.PosDefException(2)
LinearAlgebra.PosDefException(5)
LinearAlgebra.PosDefException(3)
LinearAlgebra.PosDefException(4)
LinearAlgebra.PosDefException(49)
LinearAlgebra.PosDefException(2)
LinearAlgebra.PosDefException(2)
LinearAlgebra.PosDefException(2)
LinearAlgebra.PosDefException(6)
LinearAlgebra.PosDefException(4)
LinearAlgebra.PosDefException(5)
LinearAlgebra.PosDefException(5)
LinearAlgebra.PosDefException(4)
LinearAlgebra.PosDefException(146)
LinearAlgebra.PosDefException(5)
LinearAlgebra.PosDefException(3)
LinearAlgebra.PosDefException(4)
LinearAlgebra.PosDefException(4)
LinearAlgebra.PosDefException(4)
LinearAlgebra.PosDefException(34)
LinearAlgebra.PosDefException(418)
LinearAlgebra.PosDefException(4)
LinearAlgebra.PosDefException(4)
LinearAlgebra.PosDefException(5)
LinearAlgebra.PosDefException(6)
LinearAlgebra.PosDefException(9)
LinearAlgebra.PosDefException(50)
LinearAlgebra.PosDefException(227)
LinearAlgebra.PosDefException(592)
LinearAlgebra.PosDefException(2)
LinearAlgebra.PosDefException(2)
LinearAlgebra.PosDefException(3)
LinearAlgebra.PosDefException(5)
LinearAlgebra.PosDefException(7)
LinearAlgebra.PosDefException(5)
LinearAlgebra.PosDefException(7)
LinearAlgebra.PosDefException(6)
LinearAlgebra.PosDefException(32)
LinearAlgebra.PosDefException(172)
LinearAlgebra.PosDefException(280)
LinearAlgebra.PosDefException(6)
LinearAlgebra.PosDefException(8)
LinearAlgebra.PosDefException(5)
LinearAlgebra.PosDefException(5)
LinearAlgebra.PosDefException(5)
LinearAlgebra.PosDefException(6)
LinearAlgebra.PosDefException(5)
LinearAlgebra.PosDefException(8)
LinearAlgebra.PosDefException(43)
LinearAlgebra.PosDefException(154)
LinearAlgebra.PosDefException(309)
LinearAlgebra.PosDefException(310)
LinearAlgebra.PosDefException(380)
Noise level is too low, using  AAA
LinearAlgebra.PosDefException(2)
LinearAlgebra.PosDefException(2)
LinearAlgebra.PosDefException(2)
LinearAlgebra.PosDefException(4)
LinearAlgebra.PosDefException(3)
LinearAlgebra.PosDefException(7)
LinearAlgebra.PosDefException(83)
LinearAlgebra.PosDefException(2)
LinearAlgebra.PosDefException(3)
LinearAlgebra.PosDefException(2)
LinearAlgebra.PosDefException(2)
LinearAlgebra.PosDefException(2)
LinearAlgebra.PosDefException(5)
LinearAlgebra.PosDefException(4)
LinearAlgebra.PosDefException(46)
LinearAlgebra.PosDefException(2)
LinearAlgebra.PosDefException(2)
LinearAlgebra.PosDefException(2)
LinearAlgebra.PosDefException(2)
LinearAlgebra.PosDefException(3)
LinearAlgebra.PosDefException(8)
LinearAlgebra.PosDefException(4)
LinearAlgebra.PosDefException(7)
LinearAlgebra.PosDefException(2)
LinearAlgebra.PosDefException(2)
LinearAlgebra.PosDefException(2)
LinearAlgebra.PosDefException(3)
LinearAlgebra.PosDefException(2)
LinearAlgebra.PosDefException(4)
LinearAlgebra.PosDefException(5)
LinearAlgebra.PosDefException(6)
LinearAlgebra.PosDefException(5)
LinearAlgebra.PosDefException(4)
LinearAlgebra.PosDefException(28)
LinearAlgebra.PosDefException(105)
LinearAlgebra.PosDefException(252)
LinearAlgebra.PosDefException(386)
LinearAlgebra.PosDefException(521)
LinearAlgebra.PosDefException(7)
LinearAlgebra.PosDefException(5)
LinearAlgebra.PosDefException(5)
LinearAlgebra.PosDefException(5)
LinearAlgebra.PosDefException(6)
LinearAlgebra.PosDefException(5)
LinearAlgebra.PosDefException(5)
LinearAlgebra.PosDefException(8)
LinearAlgebra.PosDefException(69)
LinearAlgebra.PosDefException(138)
LinearAlgebra.PosDefException(272)
LinearAlgebra.PosDefException(567)
LinearAlgebra.PosDefException(622)
LinearAlgebra.PosDefException(658)
LinearAlgebra.PosDefException(698)
LinearAlgebra.PosDefException(5)
LinearAlgebra.PosDefException(5)
LinearAlgebra.PosDefException(7)
LinearAlgebra.PosDefException(5)
LinearAlgebra.PosDefException(5)
LinearAlgebra.PosDefException(6)
LinearAlgebra.PosDefException(8)
LinearAlgebra.PosDefException(17)
LinearAlgebra.PosDefException(75)
LinearAlgebra.PosDefException(265)
LinearAlgebra.PosDefException(282)
LinearAlgebra.PosDefException(583)
LinearAlgebra.PosDefException(596)
LinearAlgebra.PosDefException(660)
LinearAlgebra.PosDefException(718)
LinearAlgebra.PosDefException(765)
LinearAlgebra.PosDefException(759)
LinearAlgebra.PosDefException(697)
LinearAlgebra.PosDefException(753)
LinearAlgebra.PosDefException(697)
LinearAlgebra.PosDefException(824)
LinearAlgebra.PosDefException(896)
LinearAlgebra.PosDefException(723)
LinearAlgebra.PosDefException(735)
LinearAlgebra.PosDefException(735)
LinearAlgebra.PosDefException(722)
LinearAlgebra.PosDefException(682)
LinearAlgebra.PosDefException(784)
LinearAlgebra.PosDefException(867)
LinearAlgebra.PosDefException(759)
LinearAlgebra.PosDefException(692)
LinearAlgebra.PosDefException(858)
LinearAlgebra.PosDefException(798)
LinearAlgebra.PosDefException(798)
LinearAlgebra.PosDefException(807)
LinearAlgebra.PosDefException(832)
LinearAlgebra.PosDefException(715)
LinearAlgebra.PosDefException(721)
LinearAlgebra.PosDefException(672)
LinearAlgebra.PosDefException(680)
LinearAlgebra.PosDefException(896)
LinearAlgebra.PosDefException(764)
LinearAlgebra.PosDefException(707)
LinearAlgebra.PosDefException(768)
LinearAlgebra.PosDefException(825)
LinearAlgebra.PosDefException(680)
LinearAlgebra.PosDefException(769)
LinearAlgebra.PosDefException(870)
LinearAlgebra.PosDefException(897)
LinearAlgebra.PosDefException(763)
LinearAlgebra.PosDefException(665)
LinearAlgebra.PosDefException(807)
LinearAlgebra.PosDefException(783)
LinearAlgebra.PosDefException(749)
LinearAlgebra.PosDefException(5)
LinearAlgebra.PosDefException(5)
LinearAlgebra.PosDefException(7)
LinearAlgebra.PosDefException(5)
LinearAlgebra.PosDefException(5)
LinearAlgebra.PosDefException(7)
LinearAlgebra.PosDefException(8)
LinearAlgebra.PosDefException(17)
LinearAlgebra.PosDefException(75)
LinearAlgebra.PosDefException(265)
LinearAlgebra.PosDefException(292)
LinearAlgebra.PosDefException(543)
LinearAlgebra.PosDefException(615)
LinearAlgebra.PosDefException(620)
LinearAlgebra.PosDefException(668)
LinearAlgebra.PosDefException(830)
LinearAlgebra.PosDefException(775)
LinearAlgebra.PosDefException(697)
LinearAlgebra.PosDefException(918)
LinearAlgebra.PosDefException(886)
LinearAlgebra.PosDefException(736)
LinearAlgebra.PosDefException(767)
LinearAlgebra.PosDefException(779)
LinearAlgebra.PosDefException(720)
LinearAlgebra.PosDefException(648)
LinearAlgebra.PosDefException(963)
LinearAlgebra.PosDefException(688)
LinearAlgebra.PosDefException(696)
LinearAlgebra.PosDefException(903)
LinearAlgebra.PosDefException(814)
LinearAlgebra.PosDefException(855)
LinearAlgebra.PosDefException(742)
LinearAlgebra.PosDefException(789)
LinearAlgebra.PosDefException(829)
LinearAlgebra.PosDefException(744)
LinearAlgebra.PosDefException(699)
LinearAlgebra.PosDefException(793)
LinearAlgebra.PosDefException(862)
LinearAlgebra.PosDefException(752)
LinearAlgebra.PosDefException(703)
LinearAlgebra.PosDefException(947)
LinearAlgebra.PosDefException(750)
LinearAlgebra.PosDefException(871)
LinearAlgebra.PosDefException(688)
LinearAlgebra.PosDefException(700)
LinearAlgebra.PosDefException(735)
LinearAlgebra.PosDefException(781)
LinearAlgebra.PosDefException(700)
LinearAlgebra.PosDefException(814)
LinearAlgebra.PosDefException(713)
LinearAlgebra.PosDefException(976)
LinearAlgebra.PosDefException(749)
LinearAlgebra.PosDefException(749)
Noise level is too low, using  AAA
DEBUG [determine_optimal_points_count]: Large num points: 1
DEBUG [determine_optimal_points_count]: Good num points: 1
DEBUG [multipoint_parameter_estimation]: Parameter estimation using this many points: 1

DEBUG [pick_points]: Starting point selection...
DEBUG [pick_points]: Number of points to pick: 1
DEBUG [pick_points]: Total points available: 1001
DEBUG [pick_points]: Number of interpolants: 4

DEBUG [pick_points]: Computing interestingness scores...
DEBUG [pick_points]: Processed 100 points
DEBUG [pick_points]: Processed 200 points
DEBUG [pick_points]: Processed 300 points
DEBUG [pick_points]: Processed 400 points
DEBUG [pick_points]: Processed 500 points
DEBUG [pick_points]: Processed 600 points
DEBUG [pick_points]: Processed 700 points
DEBUG [pick_points]: Processed 800 points
DEBUG [pick_points]: Processed 900 points
DEBUG [pick_points]: Processed 1000 points

DEBUG [pick_points]: Score statistics:
DEBUG [pick_points]: Min score: 0.26285282050082776
DEBUG [pick_points]: Max score: 1.0897600158238019
DEBUG [pick_points]: Mean score: 0.5042626989488315
DEBUG [pick_points]: Normalized scores

DEBUG [pick_points]: Selected 1 points
DEBUG [pick_points]: Selected time points: [-0.998]
aa_system
Any[_t2_p_t_ - 4424458565009737//9007199254740992, _t2_e_t_ - 2242158591711663//9007199254740992, _t2_eˍt_t_ + 2486474575251//70368744177664, _t2_eˍtt_t_ + 18973536711//137438953472, _t2_eˍttt_t_ - 11548973//33554432, _t2_eˍtttt_t_ + 45855//65536, _t2_s_t_ + _t2_m_t_ - 6963457410859359//4503599627370496, _t2_sˍt_t_ + _t2_mˍt_t_ + 1762397323511//4398046511104, _t2_mˍtt_t_ + _t2_sˍtt_t_ - 3484862049//17179869184, _t2_mˍttt_t_ + _t2_sˍttt_t_ + 3967133//8388608, _t2_sˍtttt_t_ + _t2_mˍtttt_t_ - 3307//2048, _t2_mˍttttt_t_ + _t2_sˍttttt_t_ + 41//4, _t2_n_t_ - 4818944498451069//18014398509481984, _t2_nˍt_t_ + 2173820392367//8796093022208, _t2_nˍtt_t_ - 9754362077//34359738368, _t2_nˍttt_t_ + 56916609//134217728, _t2_nˍtttt_t_ - 53139//65536, _t2_nˍttttt_t_ + 9//32, -_tprhoE_*_t2_e_t_*_t2_p_t_ + _tpdeltaEL_*_t2_e_t_ + _tpmuEE_*_t2_e_t_^2 - _tpdeltaNE_*_t2_n_t_*_t2_p_t_ + _t2_eˍt_t_, -_tprhoE_*_t2_e_t_*_t2_pˍt_t_ - _tprhoE_*_t2_p_t_*_t2_eˍt_t_ + _tpdeltaEL_*_t2_eˍt_t_ + 2*_tpmuEE_*_t2_e_t_*_t2_eˍt_t_ - _tpdeltaNE_*_t2_n_t_*_t2_pˍt_t_ - _tpdeltaNE_*_t2_p_t_*_t2_nˍt_t_ + _t2_eˍtt_t_, -_tprhoE_*_t2_e_t_*_t2_pˍtt_t_ - _tprhoE_*_t2_p_t_*_t2_eˍtt_t_ - 2*_tprhoE_*_t2_eˍt_t_*_t2_pˍt_t_ + _tpdeltaEL_*_t2_eˍtt_t_ + 2*_tpmuEE_*_t2_e_t_*_t2_eˍtt_t_ + 2*_tpmuEE_*_t2_eˍt_t_^2 - _tpdeltaNE_*_t2_n_t_*_t2_pˍtt_t_ - _tpdeltaNE_*_t2_p_t_*_t2_nˍtt_t_ - 2*_tpdeltaNE_*_t2_nˍt_t_*_t2_pˍt_t_ + _t2_eˍttt_t_, -_tprhoE_*_t2_e_t_*_t2_pˍttt_t_ - _tprhoE_*_t2_p_t_*_t2_eˍttt_t_ - 3*_tprhoE_*_t2_eˍt_t_*_t2_pˍtt_t_ - 3*_tprhoE_*_t2_eˍtt_t_*_t2_pˍt_t_ + _tpdeltaEL_*_t2_eˍttt_t_ + 2*_tpmuEE_*_t2_e_t_*_t2_eˍttt_t_ + 6*_tpmuEE_*_t2_eˍt_t_*_t2_eˍtt_t_ - _tpdeltaNE_*_t2_n_t_*_t2_pˍttt_t_ - _tpdeltaNE_*_t2_p_t_*_t2_nˍttt_t_ - 3*_tpdeltaNE_*_t2_nˍt_t_*_t2_pˍtt_t_ - 3*_tpdeltaNE_*_t2_nˍtt_t_*_t2_pˍt_t_ + _t2_eˍtttt_t_, _tpmuLL_*_t2_s_t_^2 - _tpdeltaEL_*_t2_s_t_ + _tpmuLE_*_t2_e_t_*_t2_s_t_ + _tpdeltaLM_*_t2_s_t_ + _t2_sˍt_t_, _tpmuM_*_t2_m_t_ - _tpdeltaLM_*_t2_s_t_ + _t2_mˍt_t_, _tpmuM_*_t2_mˍt_t_ - _tpdeltaLM_*_t2_sˍt_t_ + _t2_mˍtt_t_, 2*_tpmuLL_*_t2_s_t_*_t2_sˍt_t_ - _tpdeltaEL_*_t2_sˍt_t_ + _tpmuLE_*_t2_e_t_*_t2_sˍt_t_ + _tpmuLE_*_t2_s_t_*_t2_eˍt_t_ + _tpdeltaLM_*_t2_sˍt_t_ + _t2_sˍtt_t_, _tpmuM_*_t2_mˍtt_t_ - _tpdeltaLM_*_t2_sˍtt_t_ + _t2_mˍttt_t_, 2*_tpmuLL_*_t2_s_t_*_t2_sˍtt_t_ + 2*_tpmuLL_*_t2_sˍt_t_^2 - _tpdeltaEL_*_t2_sˍtt_t_ + _tpmuLE_*_t2_e_t_*_t2_sˍtt_t_ + _tpmuLE_*_t2_s_t_*_t2_eˍtt_t_ + 2*_tpmuLE_*_t2_eˍt_t_*_t2_sˍt_t_ + _tpdeltaLM_*_t2_sˍtt_t_ + _t2_sˍttt_t_, 2*_tpmuLL_*_t2_s_t_*_t2_sˍttt_t_ + 6*_tpmuLL_*_t2_sˍt_t_*_t2_sˍtt_t_ - _tpdeltaEL_*_t2_sˍttt_t_ + _tpmuLE_*_t2_e_t_*_t2_sˍttt_t_ + _tpmuLE_*_t2_s_t_*_t2_eˍttt_t_ + 3*_tpmuLE_*_t2_eˍt_t_*_t2_sˍtt_t_ + 3*_tpmuLE_*_t2_eˍtt_t_*_t2_sˍt_t_ + _tpdeltaLM_*_t2_sˍttt_t_ + _t2_sˍtttt_t_, _tpmuM_*_t2_mˍttt_t_ - _tpdeltaLM_*_t2_sˍttt_t_ + _t2_mˍtttt_t_, _tpmuM_*_t2_mˍtttt_t_ - _tpdeltaLM_*_t2_sˍtttt_t_ + _t2_mˍttttt_t_, 2*_tpmuLL_*_t2_s_t_*_t2_sˍtttt_t_ + 8*_tpmuLL_*_t2_sˍt_t_*_t2_sˍttt_t_ + 6*_tpmuLL_*_t2_sˍtt_t_^2 - _tpdeltaEL_*_t2_sˍtttt_t_ + _tpmuLE_*_t2_e_t_*_t2_sˍtttt_t_ + _tpmuLE_*_t2_s_t_*_t2_eˍtttt_t_ + 4*_tpmuLE_*_t2_eˍt_t_*_t2_sˍttt_t_ + 6*_tpmuLE_*_t2_eˍtt_t_*_t2_sˍtt_t_ + 4*_tpmuLE_*_t2_eˍttt_t_*_t2_sˍt_t_ + _tpdeltaLM_*_t2_sˍtttt_t_ + _t2_sˍttttt_t_, _tpmuN_*_t2_n_t_ + _tpdeltaNE_*_t2_n_t_*_t2_p_t_ + _t2_nˍt_t_, _tpmuN_*_t2_nˍt_t_ + _tpdeltaNE_*_t2_n_t_*_t2_pˍt_t_ + _tpdeltaNE_*_t2_p_t_*_t2_nˍt_t_ + _t2_nˍtt_t_, _tpmuN_*_t2_nˍtt_t_ + _tpdeltaNE_*_t2_n_t_*_t2_pˍtt_t_ + _tpdeltaNE_*_t2_p_t_*_t2_nˍtt_t_ + 2*_tpdeltaNE_*_t2_nˍt_t_*_t2_pˍt_t_ + _t2_nˍttt_t_, _tpmuN_*_t2_nˍttt_t_ + _tpdeltaNE_*_t2_n_t_*_t2_pˍttt_t_ + _tpdeltaNE_*_t2_p_t_*_t2_nˍttt_t_ + 3*_tpdeltaNE_*_t2_nˍt_t_*_t2_pˍtt_t_ + 3*_tpdeltaNE_*_t2_nˍtt_t_*_t2_pˍt_t_ + _t2_nˍtttt_t_, _tpmuN_*_t2_nˍtttt_t_ + _tpdeltaNE_*_t2_n_t_*_t2_pˍtttt_t_ + _tpdeltaNE_*_t2_p_t_*_t2_nˍtttt_t_ + 4*_tpdeltaNE_*_t2_nˍt_t_*_t2_pˍttt_t_ + 6*_tpdeltaNE_*_t2_nˍtt_t_*_t2_pˍtt_t_ + 4*_tpdeltaNE_*_t2_nˍttt_t_*_t2_pˍt_t_ + _t2_nˍttttt_t_, _tpmuPE_*_t2_e_t_*_t2_p_t_ + _tpmuPL_*_t2_s_t_*_t2_p_t_ - _tprhoP_*_t2_p_t_^2 + _tpmuP_*_t2_p_t_ + _t2_pˍt_t_, _tpmuPE_*_t2_e_t_*_t2_pˍt_t_ + _tpmuPE_*_t2_p_t_*_t2_eˍt_t_ + _tpmuPL_*_t2_s_t_*_t2_pˍt_t_ + _tpmuPL_*_t2_p_t_*_t2_sˍt_t_ - 2*_tprhoP_*_t2_p_t_*_t2_pˍt_t_ + _tpmuP_*_t2_pˍt_t_ + _t2_pˍtt_t_, _tpmuPE_*_t2_e_t_*_t2_pˍtt_t_ + _tpmuPE_*_t2_p_t_*_t2_eˍtt_t_ + 2*_tpmuPE_*_t2_eˍt_t_*_t2_pˍt_t_ + _tpmuPL_*_t2_s_t_*_t2_pˍtt_t_ + _tpmuPL_*_t2_p_t_*_t2_sˍtt_t_ + 2*_tpmuPL_*_t2_sˍt_t_*_t2_pˍt_t_ - 2*_tprhoP_*_t2_p_t_*_t2_pˍtt_t_ - 2*_tprhoP_*_t2_pˍt_t_^2 + _tpmuP_*_t2_pˍtt_t_ + _t2_pˍttt_t_, _tpmuPE_*_t2_e_t_*_t2_pˍttt_t_ + _tpmuPE_*_t2_p_t_*_t2_eˍttt_t_ + 3*_tpmuPE_*_t2_eˍt_t_*_t2_pˍtt_t_ + 3*_tpmuPE_*_t2_eˍtt_t_*_t2_pˍt_t_ + _tpmuPL_*_t2_s_t_*_t2_pˍttt_t_ + _tpmuPL_*_t2_p_t_*_t2_sˍttt_t_ + 3*_tpmuPL_*_t2_sˍt_t_*_t2_pˍtt_t_ + 3*_tpmuPL_*_t2_sˍtt_t_*_t2_pˍt_t_ - 2*_tprhoP_*_t2_p_t_*_t2_pˍttt_t_ - 6*_tprhoP_*_t2_pˍt_t_*_t2_pˍtt_t_ + _tpmuP_*_t2_pˍttt_t_ + _t2_pˍtttt_t_]
R
Multivariate polynomial ring in 41 variables over rationals
primes of bitsize 28
G-Q-Pt-FG-LT-LP(U)
G-Q-Pt-FG-LT-LP(U)
G-Q-Pt-FG-LT-LP(U)
G-Q-Pt-FG-LT-LP(U)
G-Q-Pt-FG-LT-LP(U)
G-Q-Pt-FG-LT-LP(U)
G-Q-Pt-FG-LT-LP(U)
G-Q-Pt-FG-LT-LP(U)
G-Q-Pt-FG-LT-LP(U)
G-Q-Pt-FG-LT-LP(C)
Dimension of the quotient :41
Degree of the radical :41
Use variable 32 as separating element
Run Groebner learn
Test cyclic optimization
Apply cyclic optimization 
Multi-modular computation (1 threads): G-Q-Pt-FG-LT-LP(C)
5-9-13-17-21-25-29-33-37-41-45-49-53-61-69-77-85-93-105-117-129-141-157-173-193-213-237-261-289-317-349-385-425-469-517-569-625-689-757-833-917-1009-1109-1221-1345-1481-1629-1793-1973-2173-2393-2633-2897-
check-G-Q-Pt-FG-LT-LP(C)
Nb Primes used :2897
┌ Warning: At t=0.11757889911970162, dt was forced below floating point epsilon 1.3877787807814457e-17, and step error estimate = 1.0747095126584028. Aborting. There is either an error in your model specification or the true solution is unstable (or the true solution can not be represented in the precision of Float64).
└ @ SciMLBase ~/.julia/packages/SciMLBase/Pma4a/src/integrator_interface.jl:623
┌ Warning: At t=0.03039486465966113, dt was forced below floating point epsilon 3.469446951953614e-18, and step error estimate = 1.0451342470835105. Aborting. There is either an error in your model specification or the true solution is unstable (or the true solution can not be represented in the precision of Float64).
└ @ SciMLBase ~/.julia/packages/SciMLBase/Pma4a/src/integrator_interface.jl:623
9-element Vector{Vector{Vector{BigFloat}}}:
 [[12.002853, 12.002869], [-0.035137713, -0.035137653], [0.33967972, 0.33968019], [0.57327175, 0.57327271], [0.10045671, 0.10045683], [243.43066, 243.43091], [0.65447521, 0.65447617], [995.54492, 995.5459], [-0.00066768657, -0.00066768564], [0.07314682, 0.073146939], [-2.2224617, -2.2224579], [0.54838562, 0.54838657], [-253.53931, -253.53906], [0.26750469, 0.26750517], [0.2489295, 0.24892974], [-62.523254, -62.523193], [64.069336, 64.069458], [0.49121332, 0.4912138], [-0.035334945, -0.035334885], [-0.13805079, -0.13805056], [0.34418583, 0.34418631], [-0.69969273, -0.69969082], [-256.02051, -256.02002], [255.61963, 255.61987], [2685.5117, 2685.5156], [-2685.3125, -2685.3086], [27094.844, 27094.875], [-27095.375, -27095.344], [-274005.0, -274004.5], [274006.0, 274006.5], [2.769364e+06, 2.769368e+06], [-2.769376e+06, -2.769372e+06], [-10.129852, -10.129837], [-0.24713492, -0.24713469], [0.28388929, 0.28388977], [-0.42406225, -0.42406178], [0.81083584, 0.81083775], [-0.28125048, -0.28124952], [-0.37883615, -0.37883568], [0.40292072, 0.4029212], [-0.53387165, -0.5338707]]
 [[-19.098724, -19.098694], [1.1291447, 1.1291466], [0.33967972, 0.33968019], [0.57327175, 0.57327271], [0.10045671, 0.10045683], [3.4692726, 3.4692764], [0.65447521, 0.65447617], [-4.2752304, -4.2752228], [-14.481995, -14.481979], [-21.830719, -21.830688], [15.280136, 15.280151], [0.54838562, 0.54838657], [0.4007268, 0.40072727], [0.26750469, 0.26750517], [0.2489295, 0.24892974], [1.4140472, 1.4140491], [0.13215041, 0.13215065], [0.49121332, 0.4912138], [-0.035334945, -0.035334885], [-0.13805079, -0.13805056], [0.34418583, 0.34418631], [-0.69969273, -0.69969082], [-0.50890446, -0.5089035], [0.10818076, 0.10818088], [-0.57924175, -0.5792408], [0.78208637, 0.78208733], [2.3229485, 2.3229523], [-2.7958717, -2.7958679], [10.794067, 10.794083], [-9.1793365, -9.1793213], [36.171082, 36.171143], [-46.421143, -46.421082], [-10.129852, -10.129837], [-0.24713492, -0.24713469], [0.28388929, 0.28388977], [-0.42406225, -0.42406178], [0.81083584, 0.81083775], [-0.28125048, -0.28124952], [-0.37883615, -0.37883568], [0.40292072, 0.4029212], [-0.53387165, -0.5338707]]
 [[25.513031, 25.513062], [4.5766449, 4.5766525], [0.33967972, 0.33968019], [0.57327175, 0.57327271], [0.10045671, 0.10045683], [0.59806442, 0.59806538], [0.65447521, 0.65447617], [18.422516, 18.422546], [-13.895233, -13.895218], [-0.86354637, -0.86354542], [-9.005127, -9.0051117], [0.54838562, 0.54838657], [-3.3584023, -3.3583984], [0.26750469, 0.26750517], [0.2489295, 0.24892974], [-0.21598816, -0.21598792], [1.7621861, 1.762188], [0.49121332, 0.4912138], [-0.035334945, -0.035334885], [-0.13805079, -0.13805056], [0.34418583, 0.34418631], [-0.69969273, -0.69969082], [-0.072195768, -0.072195649], [-0.32852745, -0.32852697], [0.43894196, 0.43894243], [-0.23609686, -0.23609662], [0.53039074, 0.53039169], [-1.0033112, -1.0033092], [-1.4375668, -1.4375648], [3.0523109, 3.0523148], [3.0024376, 3.0024414], [-13.252441, -13.252426], [-10.129852, -10.129837], [-0.24713492, -0.24713469], [0.28388929, 0.28388977], [-0.42406225, -0.42406178], [0.81083584, 0.81083775], [-0.28125048, -0.28124952], [-0.37883615, -0.37883568], [0.40292072, 0.4029212], [-0.53387165, -0.5338707]]
 [[215.5249, 215.52515], [0.2202847, 0.22028494], [0.33967972, 0.33968019], [0.57327175, 0.57327271], [0.10045671, 0.10045683], [2.2199631, 2.2199669], [0.65447521, 0.65447617], [4.3935471, 4.3935547], [14.107971, 14.107986], [-96.379395, -96.379272], [-169.5647, -169.56445], [0.54838562, 0.54838657], [-2.2362595, -2.2362556], [0.26750469, 0.26750517], [0.2489295, 0.24892974], [4.9151077, 4.9151154], [-3.3689156, -3.3689117], [0.49121332, 0.4912138], [-0.035334945, -0.035334885], [-0.13805079, -0.13805056], [0.34418583, 0.34418631], [-0.69969273, -0.69969082], [3.1118546, 3.1118584], [-3.5125809, -3.5125771], [0.8388958, 0.83889675], [-0.63605118, -0.63605022], [-0.43994904, -0.43994856], [-0.032970369, -0.032970309], [0.56434345, 0.56434441], [1.0504017, 1.0504036], [-3.5938797, -3.5938759], [-6.6561279, -6.6561203], [-10.129852, -10.129837], [-0.24713492, -0.24713469], [0.28388929, 0.28388977], [-0.42406225, -0.42406178], [0.81083584, 0.81083775], [-0.28125048, -0.28124952], [-0.37883615, -0.37883568], [0.40292072, 0.4029212], [-0.53387165, -0.5338707]]
 [[72.860962, 72.861084], [0.27838612, 0.27838659], [0.33967972, 0.33968019], [0.57327175, 0.57327271], [0.10045671, 0.10045683], [21.14389, 21.143921], [0.65447521, 0.65447617], [-1.2613602, -1.2613583], [-58.361328, -58.361267], [-53.412781, -53.41272], [43.585144, 43.585205], [0.54838562, 0.54838657], [0.7303915, 0.73039246], [0.26750469, 0.26750517], [0.2489295, 0.24892974], [1.4939404, 1.4939423], [0.052257121, 0.05225718], [0.49121332, 0.4912138], [-0.035334945, -0.035334885], [-0.13805079, -0.13805056], [0.34418583, 0.34418631], [-0.69969273, -0.69969082], [-0.3869648, -0.38696432], [-0.013758019, -0.013758004], [0.0082621276, 0.0082621425], [0.19458342, 0.19458365], [-0.032571673, -0.032571614], [-0.44034767, -0.44034719], [1.2476788, 1.2476807], [0.36706543, 0.36706591], [-6.8499069, -6.8498993], [-3.4000969, -3.4000931], [-10.129852, -10.129837], [-0.24713492, -0.24713469], [0.28388929, 0.28388977], [-0.42406225, -0.42406178], [0.81083584, 0.81083775], [-0.28125048, -0.28124952], [-0.37883615, -0.37883568], [0.40292072, 0.4029212], [-0.53387165, -0.5338707]]
 [[42.010864, 42.010925], [70.964844, 70.964966], [0.33967972, 0.33968019], [0.57327175, 0.57327271], [0.10045671, 0.10045683], [0.55376434, 0.5537653], [0.65447521, 0.65447617], [52.513672, 52.513733], [32.80011, 32.800171], [-1.0531635, -1.0531616], [-6.5977554, -6.5977478], [0.54838562, 0.54838657], [-4.2371826, -4.237175], [0.26750469, 0.26750517], [0.2489295, 0.24892974], [-0.10994172, -0.1099416], [1.6561394, 1.6561413], [0.49121332, 0.4912138], [-0.035334945, -0.035334885], [-0.13805079, -0.13805056], [0.34418583, 0.34418631], [-0.69969273, -0.69969082], [0.050547242, 0.050547302], [-0.4512701, -0.45126963], [0.035719812, 0.035719872], [0.1671257, 0.16712594], [-0.72792244, -0.72792149], [0.2550025, 0.25500298], [2.2921371, 2.292141], [-0.67739487, -0.67739391], [-9.3370972, -9.3370819], [-0.91291428, -0.91291332], [-10.129852, -10.129837], [-0.24713492, -0.24713469], [0.28388929, 0.28388977], [-0.42406225, -0.42406178], [0.81083584, 0.81083775], [-0.28125048, -0.28124952], [-0.37883615, -0.37883568], [0.40292072, 0.4029212], [-0.53387165, -0.5338707]]
 [[-50.234802, -50.234741], [-386.19531, -386.19482], [0.33967972, 0.33968019], [0.57327175, 0.57327271], [0.10045671, 0.10045683], [0.24617386, 0.2461741], [0.65447521, 0.65447617], [-172.76392, -172.76367], [1289.7852, 1289.7871], [-13.221512, -13.221497], [7.3751831, 7.3751907], [0.54838562, 0.54838657], [48.469116, 48.469177], [0.26750469, 0.26750517], [0.2489295, 0.24892974], [-0.0004602503, -0.00046024984], [1.5466576, 1.5466595], [0.49121332, 0.4912138], [-0.035334945, -0.035334885], [-0.13805079, -0.13805056], [0.34418583, 0.34418631], [-0.69969273, -0.69969082], [0.0023323782, 0.0023323819], [-0.40305519, -0.40305471], [0.21227002, 0.21227026], [-0.0094245821, -0.0094245672], [-0.50905704, -0.50905609], [0.036137819, 0.036137879], [-0.26214314, -0.26214266], [1.8768883, 1.8768902], [-13.167908, -13.167892], [2.9179001, 2.9179039], [-10.129852, -10.129837], [-0.24713492, -0.24713469], [0.28388929, 0.28388977], [-0.42406225, -0.42406178], [0.81083584, 0.81083775], [-0.28125048, -0.28124952], [-0.37883615, -0.37883568], [0.40292072, 0.4029212], [-0.53387165, -0.5338707]]
 [[-344.24609, -344.24561], [2.6895218, 2.6895256], [0.33967972, 0.33968019], [0.57327175, 0.57327271], [0.10045671, 0.10045683], [4.7959518, 4.7959595], [0.65447521, 0.65447617], [-20.331238, -20.331207], [37.415161, 37.415222], [-25.090454, -25.090424], [-38.564453, -38.564392], [0.54838562, 0.54838657], [-2.4416199, -2.4416161], [0.26750469, 0.26750517], [0.2489295, 0.24892974], [3.012249, 3.0122528], [-1.4660549, -1.466053], [0.49121332, 0.4912138], [-0.035334945, -0.035334885], [-0.13805079, -0.13805056], [0.34418583, 0.34418631], [-0.69969273, -0.69969082], [-0.077086926, -0.077086806], [-0.32363605, -0.32363558], [1.7403603, 1.7403622], [-1.5375156, -1.5375137], [-4.5926743, -4.5926666], [4.119751, 4.1197586], [-10.352661, -10.352646], [11.967392, 11.967407], [-32.117981, -32.11792], [21.86792, 21.86795], [-10.129852, -10.129837], [-0.24713492, -0.24713469], [0.28388929, 0.28388977], [-0.42406225, -0.42406178], [0.81083584, 0.81083775], [-0.28125048, -0.28124952], [-0.37883615, -0.37883568], [0.40292072, 0.4029212], [-0.53387165, -0.5338707]]
 [[-15.986969, -15.986954], [-0.0019144807, -0.001914477], [0.33967972, 0.33968019], [0.57327175, 0.57327271], [0.10045671, 0.10045683], [0.24538279, 0.24538302], [0.65447521, 0.65447617], [3.1558456, 3.1558495], [0.06485188, 0.064851999], [-3.0924225, -3.0924187], [3.2752914, 3.2752953], [0.54838562, 0.54838657], [8.5524445, 8.5524597], [0.26750469, 0.26750517], [0.2489295, 0.24892974], [-0.67046165, -0.6704607], [2.2166557, 2.2166595], [0.49121332, 0.4912138], [-0.035334945, -0.035334885], [-0.13805079, -0.13805056], [0.34418583, 0.34418631], [-0.69969273, -0.69969082], [5.8772888, 5.8772964], [-6.2780151, -6.2780075], [51.805725, 51.805786], [-51.602905, -51.602844], [-454.04346, -454.04297], [453.56982, 453.57031], [-3988.9375, -3988.9336], [3990.5469, 3990.5508], [-35094.375, -35094.312], [35084.062, 35084.125], [-10.129852, -10.129837], [-0.24713492, -0.24713469], [0.28388929, 0.28388977], [-0.42406225, -0.42406178], [0.81083584, 0.81083775], [-0.28125048, -0.28124952], [-0.37883615, -0.37883568], [0.40292072, 0.4029212], [-0.53387165, -0.5338707]]












