LinearAlgebra.PosDefException(2)
LinearAlgebra.PosDefException(6)
LinearAlgebra.PosDefException(2)
LinearAlgebra.PosDefException(5)
LinearAlgebra.PosDefException(6)
LinearAlgebra.PosDefException(4)
LinearAlgebra.PosDefException(89)
LinearAlgebra.PosDefException(2)
LinearAlgebra.PosDefException(2)
LinearAlgebra.PosDefException(2)
LinearAlgebra.PosDefException(3)
LinearAlgebra.PosDefException(4)
LinearAlgebra.PosDefException(4)
LinearAlgebra.PosDefException(6)
LinearAlgebra.PosDefException(45)
LinearAlgebra.PosDefException(2)
LinearAlgebra.PosDefException(6)
LinearAlgebra.PosDefException(4)
LinearAlgebra.PosDefException(3)
LinearAlgebra.PosDefException(5)
LinearAlgebra.PosDefException(7)
LinearAlgebra.PosDefException(38)
LinearAlgebra.PosDefException(2)
LinearAlgebra.PosDefException(6)
LinearAlgebra.PosDefException(3)
LinearAlgebra.PosDefException(3)
LinearAlgebra.PosDefException(5)
LinearAlgebra.PosDefException(3)
LinearAlgebra.PosDefException(6)
LinearAlgebra.PosDefException(4)
LinearAlgebra.PosDefException(8)
LinearAlgebra.PosDefException(47)
LinearAlgebra.PosDefException(256)
LinearAlgebra.PosDefException(1)
Noise level is too low, using  AAA
LinearAlgebra.PosDefException(6)
LinearAlgebra.PosDefException(2)
LinearAlgebra.PosDefException(2)
LinearAlgebra.PosDefException(6)
LinearAlgebra.PosDefException(3)
LinearAlgebra.PosDefException(4)
LinearAlgebra.PosDefException(89)
LinearAlgebra.PosDefException(2)
LinearAlgebra.PosDefException(3)
LinearAlgebra.PosDefException(2)
LinearAlgebra.PosDefException(2)
LinearAlgebra.PosDefException(4)
LinearAlgebra.PosDefException(3)
LinearAlgebra.PosDefException(4)
LinearAlgebra.PosDefException(51)
LinearAlgebra.PosDefException(2)
LinearAlgebra.PosDefException(3)
LinearAlgebra.PosDefException(2)
LinearAlgebra.PosDefException(2)
LinearAlgebra.PosDefException(2)
LinearAlgebra.PosDefException(4)
LinearAlgebra.PosDefException(4)
LinearAlgebra.PosDefException(5)
LinearAlgebra.PosDefException(8)
LinearAlgebra.PosDefException(3)
LinearAlgebra.PosDefException(3)
LinearAlgebra.PosDefException(4)
LinearAlgebra.PosDefException(4)
LinearAlgebra.PosDefException(4)
LinearAlgebra.PosDefException(11)
LinearAlgebra.PosDefException(70)
LinearAlgebra.PosDefException(194)
LinearAlgebra.PosDefException(379)
LinearAlgebra.PosDefException(11)
LinearAlgebra.PosDefException(65)
LinearAlgebra.PosDefException(169)
LinearAlgebra.PosDefException(297)
LinearAlgebra.PosDefException(392)
LinearAlgebra.PosDefException(487)
LinearAlgebra.PosDefException(641)
LinearAlgebra.PosDefException(755)
LinearAlgebra.PosDefException(798)
LinearAlgebra.PosDefException(784)
LinearAlgebra.PosDefException(889)
Noise level is too low, using  AAA
DEBUG [determine_optimal_points_count]: Large num points: 1
DEBUG [determine_optimal_points_count]: Good num points: 1
DEBUG [multipoint_parameter_estimation]: Parameter estimation using this many points: 1

DEBUG [pick_points]: Starting point selection...
DEBUG [pick_points]: Number of points to pick: 1
DEBUG [pick_points]: Total points available: 1001
DEBUG [pick_points]: Number of interpolants: 2

DEBUG [pick_points]: Computing interestingness scores...
DEBUG [pick_points]: Processed 100 points
DEBUG [pick_points]: Processed 200 points
DEBUG [pick_points]: Processed 300 points
DEBUG [pick_points]: Processed 400 points
DEBUG [pick_points]: Processed 500 points
DEBUG [pick_points]: Processed 600 points
DEBUG [pick_points]: Processed 700 points
DEBUG [pick_points]: Processed 800 points
DEBUG [pick_points]: Processed 900 points
DEBUG [pick_points]: Processed 1000 points

DEBUG [pick_points]: Score statistics:
DEBUG [pick_points]: Min score: 0.1206873449235909
DEBUG [pick_points]: Max score: 2.3414754280047516e10
DEBUG [pick_points]: Mean score: 2.3448156485361878e7
DEBUG [pick_points]: Normalized scores

DEBUG [pick_points]: Selected 1 points
DEBUG [pick_points]: Selected time points: [-0.55]
aa_system
Any[_t226_x2_t_ - 1351726430710797//2251799813685248, _t226_x2ˍt_t_ - 1012295741//8589934592, _t226_x2ˍtt_t_ - 24304197505//131072, _t226_x1_t_ - 1082268311451017//2251799813685248, _t226_x1ˍt_t_ + 291104671405445//1125899906842624, _t226_x1ˍtt_t_ - 13345736117171//35184372088832, _t226_x1ˍttt_t_ + 904770257861//1099511627776, _t226_x1ˍtttt_t_ - 1055643320641//549755813888, -_tpa21_*_t226_x1_t_ + _tpa12_*_t226_x2_t_ + _t226_x2ˍt_t_, -_tpa21_*_t226_x1ˍt_t_ + _tpa12_*_t226_x2ˍt_t_ + _t226_x2ˍtt_t_, -_tpa13_*_t226_x3_t_ + _tpa31_*_t226_x1_t_ + _tpa21_*_t226_x1_t_ - _tpa12_*_t226_x2_t_ + _tpa01_*_t226_x1_t_ + _t226_x1ˍt_t_, -_tpa13_*_t226_x3ˍt_t_ + _tpa31_*_t226_x1ˍt_t_ + _tpa21_*_t226_x1ˍt_t_ - _tpa12_*_t226_x2ˍt_t_ + _tpa01_*_t226_x1ˍt_t_ + _t226_x1ˍtt_t_, -_tpa13_*_t226_x3ˍtt_t_ + _tpa31_*_t226_x1ˍtt_t_ + _tpa21_*_t226_x1ˍtt_t_ - _tpa12_*_t226_x2ˍtt_t_ + _tpa01_*_t226_x1ˍtt_t_ + _t226_x1ˍttt_t_, -_tpa13_*_t226_x3ˍttt_t_ + _tpa31_*_t226_x1ˍttt_t_ + _tpa21_*_t226_x1ˍttt_t_ - _tpa12_*_t226_x2ˍttt_t_ + _tpa01_*_t226_x1ˍttt_t_ + _t226_x1ˍtttt_t_, _tpa13_*_t226_x3_t_ - _tpa31_*_t226_x1_t_ + _t226_x3ˍt_t_, _tpa13_*_t226_x3ˍt_t_ - _tpa31_*_t226_x1ˍt_t_ + _t226_x3ˍtt_t_, _tpa13_*_t226_x3ˍtt_t_ - _tpa31_*_t226_x1ˍtt_t_ + _t226_x3ˍttt_t_, -_tpa21_*_t226_x1ˍtt_t_ + _tpa12_*_t226_x2ˍtt_t_ + _t226_x2ˍttt_t_]
R
Multivariate polynomial ring in 18 variables over rationals
primes of bitsize 28
G-Q-Pt-FG-LT-LP(C)
Dimension of the quotient :1
Degree of the radical :1
Use last variable as separating element
Run Groebner learn
Test cyclic optimization
Apply cyclic optimization 
Multi-modular computation (1 threads): G-Q-Pt-FG-LT-LP(C)
5-9-13-17-21-25-29-33-
check-G-Q-Pt-FG-LT-LP(C)
Nb Primes used :33
┌ Warning: Interrupted. Larger maxiters is needed. If you are using an integrator for non-stiff ODEs or an automatic switching algorithm (the default), you may want to consider using a method for stiff equations. See the solver pages for more details (e.g. https://docs.sciml.ai/DiffEqDocs/stable/solvers/ode_solve/#Stiff-Problems).
└ @ SciMLBase ~/.julia/packages/SciMLBase/Pma4a/src/integrator_interface.jl:589
1-element Vector{Vector{Vector{BigFloat}}}:
 [[-420685.0, -420684.5], [946111.0, 946112.0], [-525425.0, -525424.0], [-420685.0, -420684.5], [-1.4182369e-06, -1.4182351e-06], [0.48062325, 0.48062372], [0.60028648, 0.60028744], [-1.0809135, -1.0809116], [0.11784673, 0.11784685], [185426.25, 185426.5], [-0.25855303, -0.25855255], [0.37930822, 0.3793087], [-0.82288456, -0.82288361], [1.9202023, 1.9202042], [0.14070678, 0.14070702], [-185426.75, -185426.5], [-7.8005797e+10, -7.8005666e+10], [7.8005666e+10, 7.8005797e+10]]


