LinearAlgebra.PosDefException(3)
LinearAlgebra.PosDefException(2)
LinearAlgebra.PosDefException(6)
LinearAlgebra.PosDefException(4)
LinearAlgebra.PosDefException(7)
LinearAlgebra.PosDefException(6)
LinearAlgebra.PosDefException(88)
LinearAlgebra.PosDefException(3)
LinearAlgebra.PosDefException(2)
LinearAlgebra.PosDefException(2)
LinearAlgebra.PosDefException(2)
LinearAlgebra.PosDefException(4)
LinearAlgebra.PosDefException(3)
LinearAlgebra.PosDefException(6)
LinearAlgebra.PosDefException(46)
LinearAlgebra.PosDefException(2)
LinearAlgebra.PosDefException(2)
LinearAlgebra.PosDefException(2)
LinearAlgebra.PosDefException(4)
LinearAlgebra.PosDefException(6)
LinearAlgebra.PosDefException(4)
LinearAlgebra.PosDefException(6)
LinearAlgebra.PosDefException(141)
LinearAlgebra.PosDefException(6)
LinearAlgebra.PosDefException(33)
LinearAlgebra.PosDefException(185)
LinearAlgebra.PosDefException(153)
LinearAlgebra.PosDefException(354)
Noise level is too low, using  AAA
LinearAlgebra.PosDefException(3)
LinearAlgebra.PosDefException(2)
LinearAlgebra.PosDefException(2)
LinearAlgebra.PosDefException(3)
LinearAlgebra.PosDefException(3)
LinearAlgebra.PosDefException(4)
LinearAlgebra.PosDefException(93)
LinearAlgebra.PosDefException(2)
LinearAlgebra.PosDefException(6)
LinearAlgebra.PosDefException(2)
LinearAlgebra.PosDefException(2)
LinearAlgebra.PosDefException(5)
LinearAlgebra.PosDefException(3)
LinearAlgebra.PosDefException(5)
LinearAlgebra.PosDefException(46)
LinearAlgebra.PosDefException(6)
LinearAlgebra.PosDefException(2)
LinearAlgebra.PosDefException(2)
LinearAlgebra.PosDefException(5)
LinearAlgebra.PosDefException(4)
LinearAlgebra.PosDefException(4)
LinearAlgebra.PosDefException(4)
LinearAlgebra.PosDefException(13)
LinearAlgebra.PosDefException(5)
LinearAlgebra.PosDefException(7)
LinearAlgebra.PosDefException(5)
LinearAlgebra.PosDefException(26)
LinearAlgebra.PosDefException(85)
LinearAlgebra.PosDefException(240)
LinearAlgebra.PosDefException(467)
LinearAlgebra.PosDefException(367)
Noise level is too low, using  AAA
LinearAlgebra.PosDefException(6)
LinearAlgebra.PosDefException(2)
LinearAlgebra.PosDefException(6)
LinearAlgebra.PosDefException(3)
LinearAlgebra.PosDefException(3)
LinearAlgebra.PosDefException(4)
LinearAlgebra.PosDefException(88)
LinearAlgebra.PosDefException(2)
LinearAlgebra.PosDefException(3)
LinearAlgebra.PosDefException(2)
LinearAlgebra.PosDefException(2)
LinearAlgebra.PosDefException(5)
LinearAlgebra.PosDefException(4)
LinearAlgebra.PosDefException(4)
LinearAlgebra.PosDefException(46)
LinearAlgebra.PosDefException(6)
LinearAlgebra.PosDefException(36)
LinearAlgebra.PosDefException(6)
LinearAlgebra.PosDefException(5)
LinearAlgebra.PosDefException(5)
LinearAlgebra.PosDefException(283)
Noise level is too low, using  AAA
DEBUG [determine_optimal_points_count]: Large num points: 1
DEBUG [determine_optimal_points_count]: Good num points: 1
DEBUG [multipoint_parameter_estimation]: Parameter estimation using this many points: 1

DEBUG [pick_points]: Starting point selection...
DEBUG [pick_points]: Number of points to pick: 1
DEBUG [pick_points]: Total points available: 1001
DEBUG [pick_points]: Number of interpolants: 3

DEBUG [pick_points]: Computing interestingness scores...
DEBUG [pick_points]: Processed 100 points
DEBUG [pick_points]: Processed 200 points
DEBUG [pick_points]: Processed 300 points
DEBUG [pick_points]: Processed 400 points
DEBUG [pick_points]: Processed 500 points
DEBUG [pick_points]: Processed 600 points
DEBUG [pick_points]: Processed 700 points
DEBUG [pick_points]: Processed 800 points
DEBUG [pick_points]: Processed 900 points
DEBUG [pick_points]: Processed 1000 points

DEBUG [pick_points]: Score statistics:
DEBUG [pick_points]: Min score: 0.07174932621994003
DEBUG [pick_points]: Max score: 1.7136380701374722e9
DEBUG [pick_points]: Mean score: 1.7288069611859913e6
DEBUG [pick_points]: Normalized scores

DEBUG [pick_points]: Selected 1 points
DEBUG [pick_points]: Selected time points: [-0.916]
aa_system
Any[_t43_x3_t_ + _t43_x4_t_ - 2091797781811661//2251799813685248, _t43_x4ˍt_t_ + _t43_x3ˍt_t_ - 7879853823//17179869184, _t43_x3ˍtt_t_ + _t43_x4ˍtt_t_ - 34013000577//524288, _t43_x4ˍttt_t_ + _t43_x3ˍttt_t_ - 109671798467//8, _t43_x4ˍtttt_t_ + _t43_x3ˍtttt_t_ - 3862544496787456, _t43_x1_t_ - 1634435379830205//4503599627370496, _t43_x1ˍt_t_ + 53083873153811//1125899906842624, _t43_x1ˍtt_t_ - 2309409962955//70368744177664, _t43_x1ˍttt_t_ + 132045793171//2199023255552, _t43_x1ˍtttt_t_ - 9431815923//68719476736, _t43_x1ˍttttt_t_ + 1515218991//4294967296, _tpk14_*_t43_x4_t_ - _tpk41_*_t43_x1_t_ + _t43_x4ˍt_t_, _tpk13_*_t43_x3_t_ - _tpk31_*_t43_x1_t_ + _t43_x3ˍt_t_, _tpk13_*_t43_x3ˍt_t_ - _tpk31_*_t43_x1ˍt_t_ + _t43_x3ˍtt_t_, _tpk14_*_t43_x4ˍt_t_ - _tpk41_*_t43_x1ˍt_t_ + _t43_x4ˍtt_t_, _tpk14_*_t43_x4ˍtt_t_ - _tpk41_*_t43_x1ˍtt_t_ + _t43_x4ˍttt_t_, _tpk13_*_t43_x3ˍtt_t_ - _tpk31_*_t43_x1ˍtt_t_ + _t43_x3ˍttt_t_, _tpk14_*_t43_x4ˍttt_t_ - _tpk41_*_t43_x1ˍttt_t_ + _t43_x4ˍtttt_t_, _tpk13_*_t43_x3ˍttt_t_ - _tpk31_*_t43_x1ˍttt_t_ + _t43_x3ˍtttt_t_, -_tpk12_*_t43_x2_t_ + _tpk21_*_t43_x1_t_ + _tpk01_*_t43_x1_t_ - _tpk14_*_t43_x4_t_ - _tpk13_*_t43_x3_t_ + _tpk31_*_t43_x1_t_ + _tpk41_*_t43_x1_t_ + _t43_x1ˍt_t_, -_tpk12_*_t43_x2ˍt_t_ + _tpk21_*_t43_x1ˍt_t_ + _tpk01_*_t43_x1ˍt_t_ - _tpk14_*_t43_x4ˍt_t_ - _tpk13_*_t43_x3ˍt_t_ + _tpk31_*_t43_x1ˍt_t_ + _tpk41_*_t43_x1ˍt_t_ + _t43_x1ˍtt_t_, -_tpk12_*_t43_x2ˍtt_t_ + _tpk21_*_t43_x1ˍtt_t_ + _tpk01_*_t43_x1ˍtt_t_ - _tpk14_*_t43_x4ˍtt_t_ - _tpk13_*_t43_x3ˍtt_t_ + _tpk31_*_t43_x1ˍtt_t_ + _tpk41_*_t43_x1ˍtt_t_ + _t43_x1ˍttt_t_, -_tpk12_*_t43_x2ˍttt_t_ + _tpk21_*_t43_x1ˍttt_t_ + _tpk01_*_t43_x1ˍttt_t_ - _tpk14_*_t43_x4ˍttt_t_ - _tpk13_*_t43_x3ˍttt_t_ + _tpk31_*_t43_x1ˍttt_t_ + _tpk41_*_t43_x1ˍttt_t_ + _t43_x1ˍtttt_t_, -_tpk12_*_t43_x2ˍtttt_t_ + _tpk21_*_t43_x1ˍtttt_t_ + _tpk01_*_t43_x1ˍtttt_t_ - _tpk14_*_t43_x4ˍtttt_t_ - _tpk13_*_t43_x3ˍtttt_t_ + _tpk31_*_t43_x1ˍtttt_t_ + _tpk41_*_t43_x1ˍtttt_t_ + _t43_x1ˍttttt_t_, _tpk12_*_t43_x2_t_ - _tpk21_*_t43_x1_t_ + _t43_x2ˍt_t_, _tpk12_*_t43_x2ˍt_t_ - _tpk21_*_t43_x1ˍt_t_ + _t43_x2ˍtt_t_, _tpk12_*_t43_x2ˍtt_t_ - _tpk21_*_t43_x1ˍtt_t_ + _t43_x2ˍttt_t_, _tpk12_*_t43_x2ˍttt_t_ - _tpk21_*_t43_x1ˍttt_t_ + _t43_x2ˍtttt_t_]
R
Multivariate polynomial ring in 28 variables over rationals
primes of bitsize 28
G-Q-Pt-FG-LT-LP(U)
G-Q-Pt-FG-LT-LP(U)
G-Q-Pt-FG-LT-LP(U)
G-Q-Pt-FG-LT-LP(U)
G-Q-Pt-FG-LT-LP(U)
G-Q-Pt-FG-LT-LP(U)
G-Q-Pt-FG-LT-LP(U)
G-Q-Pt-FG-LT-LP(U)
G-Q-Pt-FG-LT-LP(U)
G-Q-Pt-FG-LT-LP(C)
Dimension of the quotient :2
Degree of the radical :2
Use variable 19 as separating element
Run Groebner learn
Test cyclic optimization
Apply cyclic optimization 
Multi-modular computation (1 threads): G-Q-Pt-FG-LT-LP(C)
5-9-13-17-21-25-29-33-37-41-45-49-53-61-69-
check-G-Q-Pt-FG-LT-LP(C)
Nb Primes used :69
┌ Warning: Interrupted. Larger maxiters is needed. If you are using an integrator for non-stiff ODEs or an automatic switching algorithm (the default), you may want to consider using a method for stiff equations. See the solver pages for more details (e.g. https://docs.sciml.ai/DiffEqDocs/stable/solvers/ode_solve/#Stiff-Problems).
└ @ SciMLBase ~/.julia/packages/SciMLBase/Pma4a/src/integrator_interface.jl:589
┌ Warning: Interrupted. Larger maxiters is needed. If you are using an integrator for non-stiff ODEs or an automatic switching algorithm (the default), you may want to consider using a method for stiff equations. See the solver pages for more details (e.g. https://docs.sciml.ai/DiffEqDocs/stable/solvers/ode_solve/#Stiff-Problems).
└ @ SciMLBase ~/.julia/packages/SciMLBase/Pma4a/src/integrator_interface.jl:589
┌ Warning: Interrupted. Larger maxiters is needed. If you are using an integrator for non-stiff ODEs or an automatic switching algorithm (the default), you may want to consider using a method for stiff equations. See the solver pages for more details (e.g. https://docs.sciml.ai/DiffEqDocs/stable/solvers/ode_solve/#Stiff-Problems).
└ @ SciMLBase ~/.julia/packages/SciMLBase/Pma4a/src/integrator_interface.jl:589
┌ Warning: Interrupted. Larger maxiters is needed. If you are using an integrator for non-stiff ODEs or an automatic switching algorithm (the default), you may want to consider using a method for stiff equations. See the solver pages for more details (e.g. https://docs.sciml.ai/DiffEqDocs/stable/solvers/ode_solve/#Stiff-Problems).
└ @ SciMLBase ~/.julia/packages/SciMLBase/Pma4a/src/integrator_interface.jl:589
2-element Vector{Vector{Vector{BigFloat}}}:
 [[-281752.5, -281752.0], [1.7118842e+11, 1.7118868e+11], [-78934.125, -78934.0], [-281752.5, -281752.0], [-3.8747339e-12, -3.8747269e-12], [78934.0, 78934.125], [-1.7118842e+11, -1.7118816e+11], [0.36291742, 0.3629179], [-220503.25, -220503.0], [-220502.0, -220501.75], [220502.75, 220503.0], [-28646.125, -28646.094], [28646.531, 28646.562], [-3721.582, -3721.5781], [68596.125, 68596.25], [1.3708968e+10, 1.3708984e+10], [2590.5117, 2590.5156], [3.8625414e+15, 3.8625457e+15], [-4739.7969, -4739.7891], [-3.8625457e+15, -3.8625414e+15], [-0.047147989, -0.04714793], [0.032818675, 0.032818735], [-0.060047507, -0.060047448], [0.1372509, 0.13725114], [-0.35278988, -0.3527894], [28646.125, 28646.156], [-68596.375, -68596.25], [-1.3708984e+10, -1.3708968e+10]]
 [[-281752.5, -281752.0], [1.7118842e+11, 1.7118868e+11], [-78934.125, -78934.0], [-3.8747339e-12, -3.8747269e-12], [-281752.5, -281752.0], [-1.7118842e+11, -1.7118816e+11], [78934.0, 78934.125], [0.36291742, 0.3629179], [-220503.25, -220503.0], [220502.75, 220503.0], [-220502.0, -220501.75], [28646.531, 28646.562], [-28646.125, -28646.094], [68596.125, 68596.25], [-3721.582, -3721.5781], [2590.5117, 2590.5156], [1.3708968e+10, 1.3708984e+10], [-4739.7969, -4739.7891], [3.8625414e+15, 3.8625457e+15], [-3.8625457e+15, -3.8625414e+15], [-0.047147989, -0.04714793], [0.032818675, 0.032818735], [-0.060047507, -0.060047448], [0.1372509, 0.13725114], [-0.35278988, -0.3527894], [28646.125, 28646.156], [-68596.375, -68596.25], [-1.3708984e+10, -1.3708968e+10]]




