LinearAlgebra.PosDefException(2)
LinearAlgebra.PosDefException(2)
LinearAlgebra.PosDefException(2)
LinearAlgebra.PosDefException(5)
LinearAlgebra.PosDefException(4)
LinearAlgebra.PosDefException(6)
LinearAlgebra.PosDefException(88)
LinearAlgebra.PosDefException(6)
LinearAlgebra.PosDefException(2)
LinearAlgebra.PosDefException(3)
LinearAlgebra.PosDefException(3)
LinearAlgebra.PosDefException(5)
LinearAlgebra.PosDefException(3)
LinearAlgebra.PosDefException(4)
LinearAlgebra.PosDefException(48)
LinearAlgebra.PosDefException(7)
LinearAlgebra.PosDefException(158)
LinearAlgebra.PosDefException(68)
LinearAlgebra.PosDefException(5)
LinearAlgebra.PosDefException(9)
LinearAlgebra.PosDefException(11)
LinearAlgebra.PosDefException(59)
LinearAlgebra.PosDefException(165)
LinearAlgebra.PosDefException(322)
LinearAlgebra.PosDefException(19)
LinearAlgebra.PosDefException(9)
LinearAlgebra.PosDefException(6)
LinearAlgebra.PosDefException(5)
LinearAlgebra.PosDefException(6)
LinearAlgebra.PosDefException(13)
LinearAlgebra.PosDefException(68)
LinearAlgebra.PosDefException(156)
LinearAlgebra.PosDefException(257)
LinearAlgebra.PosDefException(325)
LinearAlgebra.PosDefException(464)
LinearAlgebra.PosDefException(495)
LinearAlgebra.PosDefException(565)
LinearAlgebra.PosDefException(233)
LinearAlgebra.PosDefException(319)
LinearAlgebra.PosDefException(365)
LinearAlgebra.PosDefException(472)
LinearAlgebra.PosDefException(458)
LinearAlgebra.PosDefException(1)
LinearAlgebra.PosDefException(1)
LinearAlgebra.PosDefException(3)
LinearAlgebra.PosDefException(4)
LinearAlgebra.PosDefException(4)
LinearAlgebra.PosDefException(4)
LinearAlgebra.PosDefException(5)
LinearAlgebra.PosDefException(6)
LinearAlgebra.PosDefException(5)
LinearAlgebra.PosDefException(13)
LinearAlgebra.PosDefException(65)
LinearAlgebra.PosDefException(6)
LinearAlgebra.PosDefException(6)
LinearAlgebra.PosDefException(17)
LinearAlgebra.PosDefException(89)
LinearAlgebra.PosDefException(127)
LinearAlgebra.PosDefException(299)
LinearAlgebra.PosDefException(378)
LinearAlgebra.PosDefException(10)
LinearAlgebra.PosDefException(7)
LinearAlgebra.PosDefException(7)
LinearAlgebra.PosDefException(8)
LinearAlgebra.PosDefException(8)
LinearAlgebra.PosDefException(8)
LinearAlgebra.PosDefException(6)
LinearAlgebra.PosDefException(7)
LinearAlgebra.PosDefException(26)
LinearAlgebra.PosDefException(76)
LinearAlgebra.PosDefException(144)
LinearAlgebra.PosDefException(184)
LinearAlgebra.PosDefException(396)
LinearAlgebra.PosDefException(6)
LinearAlgebra.PosDefException(8)
LinearAlgebra.PosDefException(10)
LinearAlgebra.PosDefException(7)
LinearAlgebra.PosDefException(6)
LinearAlgebra.PosDefException(6)
LinearAlgebra.PosDefException(7)
LinearAlgebra.PosDefException(19)
LinearAlgebra.PosDefException(41)
LinearAlgebra.PosDefException(143)
LinearAlgebra.PosDefException(151)
LinearAlgebra.PosDefException(252)
LinearAlgebra.PosDefException(359)
LinearAlgebra.PosDefException(409)
LinearAlgebra.PosDefException(390)
LinearAlgebra.PosDefException(425)
LinearAlgebra.PosDefException(387)
LinearAlgebra.PosDefException(419)
LinearAlgebra.PosDefException(363)
LinearAlgebra.PosDefException(432)
LinearAlgebra.PosDefException(357)
LinearAlgebra.PosDefException(432)
LinearAlgebra.PosDefException(368)
LinearAlgebra.PosDefException(370)
LinearAlgebra.PosDefException(456)
Noise level is too low, using  AAA
DEBUG [determine_optimal_points_count]: Large num points: 1
DEBUG [determine_optimal_points_count]: Good num points: 1
DEBUG [multipoint_parameter_estimation]: Parameter estimation using this many points: 1

DEBUG [pick_points]: Starting point selection...
DEBUG [pick_points]: Number of points to pick: 1
DEBUG [pick_points]: Total points available: 1001
DEBUG [pick_points]: Number of interpolants: 1

DEBUG [pick_points]: Computing interestingness scores...
DEBUG [pick_points]: Processed 100 points
DEBUG [pick_points]: Processed 200 points
DEBUG [pick_points]: Processed 300 points
DEBUG [pick_points]: Processed 400 points
DEBUG [pick_points]: Processed 500 points
DEBUG [pick_points]: Processed 600 points
DEBUG [pick_points]: Processed 700 points
DEBUG [pick_points]: Processed 800 points
DEBUG [pick_points]: Processed 900 points
DEBUG [pick_points]: Processed 1000 points

DEBUG [pick_points]: Score statistics:
DEBUG [pick_points]: Min score: 0.6638007507297083
DEBUG [pick_points]: Max score: 21.082370844450246
DEBUG [pick_points]: Mean score: 10.28397656192346
DEBUG [pick_points]: Normalized scores

DEBUG [pick_points]: Selected 1 points
DEBUG [pick_points]: Selected time points: [0.288]
aa_system
Any[_t645_V_t_ - 2963744357313925//562949953421312, _t645_Vˍt_t_ - 1683506256944721//140737488355328, _t645_Vˍtt_t_ - 833919407057//68719476736, _t645_Vˍttt_t_ + 3109325835865//34359738368, _t645_Vˍtttt_t_ + 186284770693//1073741824, 1//3*_tpg_*_t645_V_t_^3 - _tpg_*_t645_V_t_ - _tpg_*_t645_R_t_ + _t645_Vˍt_t_, _tpg_*_t645_V_t_^2*_t645_Vˍt_t_ - _tpg_*_t645_Vˍt_t_ - _tpg_*_t645_Rˍt_t_ + _t645_Vˍtt_t_, _tpg_*_t645_V_t_^2*_t645_Vˍtt_t_ + 2*_tpg_*_t645_V_t_*_t645_Vˍt_t_^2 - _tpg_*_t645_Vˍtt_t_ - _tpg_*_t645_Rˍtt_t_ + _t645_Vˍttt_t_, _tpg_*_t645_V_t_^2*_t645_Vˍttt_t_ + 6*_tpg_*_t645_V_t_*_t645_Vˍt_t_*_t645_Vˍtt_t_ + 2*_tpg_*_t645_Vˍt_t_^3 - _tpg_*_t645_Vˍttt_t_ - _tpg_*_t645_Rˍttt_t_ + _t645_Vˍtttt_t_, _tpa_ + _tpg_*_t645_Rˍt_t_ - _tpb_*_t645_R_t_ - _t645_V_t_, _tpg_*_t645_Rˍtt_t_ - _tpb_*_t645_Rˍt_t_ - _t645_Vˍt_t_, _tpg_*_t645_Rˍttt_t_ - _tpb_*_t645_Rˍtt_t_ - _t645_Vˍtt_t_]
R
Multivariate polynomial ring in 12 variables over rationals
primes of bitsize 28
G-Q-Pt-FG-LT-LP(C)
Dimension of the quotient :2
Degree of the radical :2
Use last variable as separating element
Run Groebner learn
Test cyclic optimization
Apply cyclic optimization 
Multi-modular computation (1 threads): G-Q-Pt-FG-LT-LP(C)
5-9-13-17-21-25-29-33-37-41-
check-G-Q-Pt-FG-LT-LP(C)
Nb Primes used :41
┌ Warning: At t=-0.8855948817951842, dt was forced below floating point epsilon -9.831906902354392e-17, and step error estimate = 1.1753434998364751. Aborting. There is either an error in your model specification or the true solution is unstable (or the true solution can not be represented in the precision of Float64).
└ @ SciMLBase ~/.julia/packages/SciMLBase/Pma4a/src/integrator_interface.jl:623
┌ Warning: At t=-1.0, dt was forced below floating point epsilon 2.220446049250313e-16, and step error estimate = 2.0819723883260095e6. Aborting. There is either an error in your model specification or the true solution is unstable (or the true solution can not be represented in the precision of Float64).
└ @ SciMLBase ~/.julia/packages/SciMLBase/Pma4a/src/integrator_interface.jl:623
2-element Vector{Vector{Vector{BigFloat}}}:
 [[-37.314087, -37.314026], [0.038150489, 0.038150549], [-0.051134825, -0.051134765], [5.2646637, 5.2646713], [356.92285, 356.92334], [11.962021, 11.962036], [12.135117, 12.135132], [-90.493408, -90.493286], [-173.49146, -173.49121], [637.6709, 637.67188], [-541.15039, -541.14941], [1043.4102, 1043.4121]]
 [[0.56270218, 0.56270313], [0.19298601, 0.19298625], [0.65593624, 0.65593719], [5.2646637, 5.2646713], [105.35889, 105.35901], [11.962021, 11.962036], [12.135117, 12.135132], [-90.493408, -90.493286], [-173.49146, -173.49121], [382.4668, 382.46729], [1361.9434, 1361.9453], [4691.9688, 4691.9766]]


