LinearAlgebra.PosDefException(2)
LinearAlgebra.PosDefException(2)
LinearAlgebra.PosDefException(3)
LinearAlgebra.PosDefException(3)
LinearAlgebra.PosDefException(5)
LinearAlgebra.PosDefException(4)
LinearAlgebra.PosDefException(86)
LinearAlgebra.PosDefException(2)
LinearAlgebra.PosDefException(6)
LinearAlgebra.PosDefException(2)
LinearAlgebra.PosDefException(6)
LinearAlgebra.PosDefException(5)
LinearAlgebra.PosDefException(4)
LinearAlgebra.PosDefException(4)
LinearAlgebra.PosDefException(44)
LinearAlgebra.PosDefException(3)
LinearAlgebra.PosDefException(3)
LinearAlgebra.PosDefException(3)
LinearAlgebra.PosDefException(2)
LinearAlgebra.PosDefException(2)
LinearAlgebra.PosDefException(3)
LinearAlgebra.PosDefException(8)
LinearAlgebra.PosDefException(6)
LinearAlgebra.PosDefException(9)
LinearAlgebra.PosDefException(2)
LinearAlgebra.PosDefException(6)
LinearAlgebra.PosDefException(2)
LinearAlgebra.PosDefException(3)
LinearAlgebra.PosDefException(3)
LinearAlgebra.PosDefException(5)
LinearAlgebra.PosDefException(4)
LinearAlgebra.PosDefException(31)
LinearAlgebra.PosDefException(91)
LinearAlgebra.PosDefException(190)
LinearAlgebra.PosDefException(308)
LinearAlgebra.PosDefException(407)
LinearAlgebra.PosDefException(508)
LinearAlgebra.PosDefException(577)
LinearAlgebra.PosDefException(649)
LinearAlgebra.PosDefException(744)
LinearAlgebra.PosDefException(933)
LinearAlgebra.PosDefException(822)
LinearAlgebra.PosDefException(716)
LinearAlgebra.PosDefException(803)
LinearAlgebra.PosDefException(938)
LinearAlgebra.PosDefException(676)
LinearAlgebra.PosDefException(683)
LinearAlgebra.PosDefException(803)
LinearAlgebra.PosDefException(766)
LinearAlgebra.PosDefException(920)
LinearAlgebra.PosDefException(858)
LinearAlgebra.PosDefException(741)
LinearAlgebra.PosDefException(695)
LinearAlgebra.PosDefException(780)
LinearAlgebra.PosDefException(766)
LinearAlgebra.PosDefException(748)
LinearAlgebra.PosDefException(830)
LinearAlgebra.PosDefException(938)
LinearAlgebra.PosDefException(838)
LinearAlgebra.PosDefException(763)
LinearAlgebra.PosDefException(999)
LinearAlgebra.PosDefException(696)
LinearAlgebra.PosDefException(832)
LinearAlgebra.PosDefException(670)
LinearAlgebra.PosDefException(791)
LinearAlgebra.PosDefException(760)
LinearAlgebra.PosDefException(908)
LinearAlgebra.PosDefException(852)
LinearAlgebra.PosDefException(726)
LinearAlgebra.PosDefException(761)
LinearAlgebra.PosDefException(643)
LinearAlgebra.PosDefException(778)
LinearAlgebra.PosDefException(718)
LinearAlgebra.PosDefException(728)
LinearAlgebra.PosDefException(792)
LinearAlgebra.PosDefException(762)
Noise level is too low, using  AAA
DEBUG [determine_optimal_points_count]: Large num points: 1
DEBUG [determine_optimal_points_count]: Good num points: 1
DEBUG [multipoint_parameter_estimation]: Parameter estimation using this many points: 1

DEBUG [pick_points]: Starting point selection...
DEBUG [pick_points]: Number of points to pick: 1
DEBUG [pick_points]: Total points available: 1001
DEBUG [pick_points]: Number of interpolants: 1

DEBUG [pick_points]: Computing interestingness scores...
DEBUG [pick_points]: Processed 100 points
DEBUG [pick_points]: Processed 200 points
DEBUG [pick_points]: Processed 300 points
DEBUG [pick_points]: Processed 400 points
DEBUG [pick_points]: Processed 500 points
DEBUG [pick_points]: Processed 600 points
DEBUG [pick_points]: Processed 700 points
DEBUG [pick_points]: Processed 800 points
DEBUG [pick_points]: Processed 900 points
DEBUG [pick_points]: Processed 1000 points

DEBUG [pick_points]: Score statistics:
DEBUG [pick_points]: Min score: 0.7759398387844764
DEBUG [pick_points]: Max score: 136511.83265770512
DEBUG [pick_points]: Mean score: 219.4615852249393
DEBUG [pick_points]: Normalized scores

DEBUG [pick_points]: Selected 1 points
DEBUG [pick_points]: Selected time points: [0.07]
aa_system
Any[_t536_V_t_ - 2858231524139971//1125899906842624, _t536_Vˍt_t_ - 103019065855//68719476736, _t536_Vˍtt_t_ - 5125431057//67108864, _t536_Vˍttt_t_ - 8945135557//8192, _t536_Vˍtttt_t_ - 20583828727, 1//3*_tpg_*_t536_V_t_^3 - _tpg_*_t536_V_t_ - _tpg_*_t536_R_t_ + _t536_Vˍt_t_, _tpg_*_t536_V_t_^2*_t536_Vˍt_t_ - _tpg_*_t536_Vˍt_t_ - _tpg_*_t536_Rˍt_t_ + _t536_Vˍtt_t_, _tpg_*_t536_V_t_^2*_t536_Vˍtt_t_ + 2*_tpg_*_t536_V_t_*_t536_Vˍt_t_^2 - _tpg_*_t536_Vˍtt_t_ - _tpg_*_t536_Rˍtt_t_ + _t536_Vˍttt_t_, _tpg_*_t536_V_t_^2*_t536_Vˍttt_t_ + 6*_tpg_*_t536_V_t_*_t536_Vˍt_t_*_t536_Vˍtt_t_ + 2*_tpg_*_t536_Vˍt_t_^3 - _tpg_*_t536_Vˍttt_t_ - _tpg_*_t536_Rˍttt_t_ + _t536_Vˍtttt_t_, _tpa_ + _tpg_*_t536_Rˍt_t_ - _tpb_*_t536_R_t_ - _t536_V_t_, _tpg_*_t536_Rˍtt_t_ - _tpb_*_t536_Rˍt_t_ - _t536_Vˍt_t_, _tpg_*_t536_Rˍttt_t_ - _tpb_*_t536_Rˍtt_t_ - _t536_Vˍtt_t_]
R
Multivariate polynomial ring in 12 variables over rationals
primes of bitsize 28
G-Q-Pt-FG-LT-LP(C)
Dimension of the quotient :2
Degree of the radical :2
Use last variable as separating element
Run Groebner learn
Test cyclic optimization
Apply cyclic optimization 
Multi-modular computation (1 threads): G-Q-Pt-FG-LT-LP(C)
5-9-13-17-21-25-29-33-37-
check-G-Q-Pt-FG-LT-LP(C)
Nb Primes used :37
┌ Warning: At t=-0.9972306757260675, dt was forced below floating point epsilon 1.1102230246251565e-16, and step error estimate = 1.0460997329920274. Aborting. There is either an error in your model specification or the true solution is unstable (or the true solution can not be represented in the precision of Float64).
└ @ SciMLBase ~/.julia/packages/SciMLBase/Pma4a/src/integrator_interface.jl:623
┌ Warning: At t=-0.9971585366700194, dt was forced below floating point epsilon 1.1102230246251565e-16, and step error estimate = 2.4962895941882217. Aborting. There is either an error in your model specification or the true solution is unstable (or the true solution can not be represented in the precision of Float64).
└ @ SciMLBase ~/.julia/packages/SciMLBase/Pma4a/src/integrator_interface.jl:623
2-element Vector{Vector{Vector{BigFloat}}}:
 [[-96457.125, -96457.0], [-2.2683563, -2.2683525], [-42770.188, -42770.125], [2.5386162, 2.53862], [2.2539444, 2.2539482], [1.4991245, 1.4991264], [76.374756, 76.374878], [1.091934e+06, 1.091936e+06], [2.0583809e+10, 2.0583842e+10], [-25.507629, -25.507599], [-480951.0, -480950.5], [-9.0684129e+09, -9.0683965e+09]]
 [[-110461.25, -110461.12], [-3462.1719, -3462.168], [-47572.75, -47572.688], [2.5386162, 2.53862], [2.9143982, 2.914402], [1.4991245, 1.4991264], [76.374756, 76.374878], [1.091934e+06, 1.091936e+06], [2.0583809e+10, 2.0583842e+10], [8.1400452, 8.1400604], [111.84973, 111.84985], [1536.873, 1536.875]]




