LinearAlgebra.PosDefException(3)
LinearAlgebra.PosDefException(3)
LinearAlgebra.PosDefException(6)
LinearAlgebra.PosDefException(3)
LinearAlgebra.PosDefException(5)
LinearAlgebra.PosDefException(7)
LinearAlgebra.PosDefException(46)
LinearAlgebra.PosDefException(3)
LinearAlgebra.PosDefException(2)
LinearAlgebra.PosDefException(2)
LinearAlgebra.PosDefException(2)
LinearAlgebra.PosDefException(5)
LinearAlgebra.PosDefException(3)
LinearAlgebra.PosDefException(4)
LinearAlgebra.PosDefException(44)
LinearAlgebra.PosDefException(2)
LinearAlgebra.PosDefException(3)
LinearAlgebra.PosDefException(3)
LinearAlgebra.PosDefException(4)
LinearAlgebra.PosDefException(7)
LinearAlgebra.PosDefException(4)
LinearAlgebra.PosDefException(4)
LinearAlgebra.PosDefException(6)
LinearAlgebra.PosDefException(5)
LinearAlgebra.PosDefException(6)
LinearAlgebra.PosDefException(6)
LinearAlgebra.PosDefException(5)
LinearAlgebra.PosDefException(12)
LinearAlgebra.PosDefException(8)
LinearAlgebra.PosDefException(6)
LinearAlgebra.PosDefException(6)
LinearAlgebra.PosDefException(6)
LinearAlgebra.PosDefException(68)
LinearAlgebra.PosDefException(158)
LinearAlgebra.PosDefException(4)
LinearAlgebra.PosDefException(4)
LinearAlgebra.PosDefException(5)
LinearAlgebra.PosDefException(5)
LinearAlgebra.PosDefException(6)
LinearAlgebra.PosDefException(9)
LinearAlgebra.PosDefException(8)
LinearAlgebra.PosDefException(7)
LinearAlgebra.PosDefException(29)
LinearAlgebra.PosDefException(71)
LinearAlgebra.PosDefException(157)
LinearAlgebra.PosDefException(8)
LinearAlgebra.PosDefException(9)
LinearAlgebra.PosDefException(9)
LinearAlgebra.PosDefException(6)
LinearAlgebra.PosDefException(6)
LinearAlgebra.PosDefException(8)
LinearAlgebra.PosDefException(7)
LinearAlgebra.PosDefException(8)
LinearAlgebra.PosDefException(27)
LinearAlgebra.PosDefException(60)
LinearAlgebra.PosDefException(78)
LinearAlgebra.PosDefException(187)
LinearAlgebra.PosDefException(10)
LinearAlgebra.PosDefException(7)
LinearAlgebra.PosDefException(8)
LinearAlgebra.PosDefException(6)
LinearAlgebra.PosDefException(6)
LinearAlgebra.PosDefException(8)
LinearAlgebra.PosDefException(6)
LinearAlgebra.PosDefException(7)
LinearAlgebra.PosDefException(32)
LinearAlgebra.PosDefException(74)
LinearAlgebra.PosDefException(80)
LinearAlgebra.PosDefException(137)
LinearAlgebra.PosDefException(243)
LinearAlgebra.PosDefException(57)
LinearAlgebra.PosDefException(9)
LinearAlgebra.PosDefException(9)
LinearAlgebra.PosDefException(7)
LinearAlgebra.PosDefException(11)
LinearAlgebra.PosDefException(7)
LinearAlgebra.PosDefException(9)
LinearAlgebra.PosDefException(6)
LinearAlgebra.PosDefException(25)
LinearAlgebra.PosDefException(51)
LinearAlgebra.PosDefException(79)
LinearAlgebra.PosDefException(101)
LinearAlgebra.PosDefException(190)
LinearAlgebra.PosDefException(287)
LinearAlgebra.PosDefException(189)
LinearAlgebra.PosDefException(872)
LinearAlgebra.PosDefException(212)
LinearAlgebra.PosDefException(179)
LinearAlgebra.PosDefException(587)
LinearAlgebra.PosDefException(863)
LinearAlgebra.PosDefException(579)
LinearAlgebra.PosDefException(704)
LinearAlgebra.PosDefException(558)
LinearAlgebra.PosDefException(364)
LinearAlgebra.PosDefException(619)
LinearAlgebra.PosDefException(178)
LinearAlgebra.PosDefException(294)
LinearAlgebra.PosDefException(312)
LinearAlgebra.PosDefException(346)
LinearAlgebra.PosDefException(334)
LinearAlgebra.PosDefException(585)
LinearAlgebra.PosDefException(315)
LinearAlgebra.PosDefException(323)
LinearAlgebra.PosDefException(655)
LinearAlgebra.PosDefException(445)
LinearAlgebra.PosDefException(544)
LinearAlgebra.PosDefException(814)
LinearAlgebra.PosDefException(351)
LinearAlgebra.PosDefException(304)
LinearAlgebra.PosDefException(575)
LinearAlgebra.PosDefException(206)
LinearAlgebra.PosDefException(841)
LinearAlgebra.PosDefException(571)
LinearAlgebra.PosDefException(325)
LinearAlgebra.PosDefException(792)
LinearAlgebra.PosDefException(338)
LinearAlgebra.PosDefException(598)
LinearAlgebra.PosDefException(595)
LinearAlgebra.PosDefException(495)
LinearAlgebra.PosDefException(203)
LinearAlgebra.PosDefException(203)
Noise level is too low, using  AAA
DEBUG [determine_optimal_points_count]: Large num points: 1
DEBUG [determine_optimal_points_count]: Good num points: 1
DEBUG [multipoint_parameter_estimation]: Parameter estimation using this many points: 1

DEBUG [pick_points]: Starting point selection...
DEBUG [pick_points]: Number of points to pick: 1
DEBUG [pick_points]: Total points available: 1001
DEBUG [pick_points]: Number of interpolants: 1

DEBUG [pick_points]: Computing interestingness scores...
DEBUG [pick_points]: Processed 100 points
DEBUG [pick_points]: Processed 200 points
DEBUG [pick_points]: Processed 300 points
DEBUG [pick_points]: Processed 400 points
DEBUG [pick_points]: Processed 500 points
DEBUG [pick_points]: Processed 600 points
DEBUG [pick_points]: Processed 700 points
DEBUG [pick_points]: Processed 800 points
DEBUG [pick_points]: Processed 900 points
DEBUG [pick_points]: Processed 1000 points

DEBUG [pick_points]: Score statistics:
DEBUG [pick_points]: Min score: 0.2104208311127136
DEBUG [pick_points]: Max score: 1.0781495959168906e9
DEBUG [pick_points]: Mean score: 2.047317160252477e6
DEBUG [pick_points]: Normalized scores

DEBUG [pick_points]: Selected 1 points
DEBUG [pick_points]: Selected time points: [0.746]
aa_system
Any[_t874_V_t_ - 5800600550300843//140737488355328, _t874_Vˍt_t_ - 202245821491//2147483648, _t874_Vˍtt_t_ - 3786085229//65536, _t874_Vˍttt_t_ - 8625080748, _t874_Vˍtttt_t_ - 1722954672766976, 1//3*_tpg_*_t874_V_t_^3 - _tpg_*_t874_V_t_ - _tpg_*_t874_R_t_ + _t874_Vˍt_t_, _tpg_*_t874_V_t_^2*_t874_Vˍt_t_ - _tpg_*_t874_Vˍt_t_ - _tpg_*_t874_Rˍt_t_ + _t874_Vˍtt_t_, _tpg_*_t874_V_t_^2*_t874_Vˍtt_t_ + 2*_tpg_*_t874_V_t_*_t874_Vˍt_t_^2 - _tpg_*_t874_Vˍtt_t_ - _tpg_*_t874_Rˍtt_t_ + _t874_Vˍttt_t_, _tpg_*_t874_V_t_^2*_t874_Vˍttt_t_ + 6*_tpg_*_t874_V_t_*_t874_Vˍt_t_*_t874_Vˍtt_t_ + 2*_tpg_*_t874_Vˍt_t_^3 - _tpg_*_t874_Vˍttt_t_ - _tpg_*_t874_Rˍttt_t_ + _t874_Vˍtttt_t_, _tpa_ + _tpg_*_t874_Rˍt_t_ - _tpb_*_t874_R_t_ - _t874_V_t_, _tpg_*_t874_Rˍtt_t_ - _tpb_*_t874_Rˍt_t_ - _t874_Vˍt_t_, _tpg_*_t874_Rˍttt_t_ - _tpb_*_t874_Rˍtt_t_ - _t874_Vˍtt_t_]
R
Multivariate polynomial ring in 12 variables over rationals
primes of bitsize 28
G-Q-Pt-FG-LT-LP(C)
Dimension of the quotient :2
Degree of the radical :2
Use last variable as separating element
Run Groebner learn
Test cyclic optimization
Apply cyclic optimization 
Multi-modular computation (1 threads): G-Q-Pt-FG-LT-LP(C)
5-9-13-17-21-25-29-33-37-41-
check-G-Q-Pt-FG-LT-LP(C)
Nb Primes used :41
┌ Warning: At t=-0.8973498560283264, dt was forced below floating point epsilon 1.1102230246251565e-16, and step error estimate = 2.548088601238342. Aborting. There is either an error in your model specification or the true solution is unstable (or the true solution can not be represented in the precision of Float64).
└ @ SciMLBase ~/.julia/packages/SciMLBase/Pma4a/src/integrator_interface.jl:623
┌ Warning: At t=-0.9998123501791059, dt was forced below floating point epsilon 1.1102230246251565e-16, and step error estimate = 3.078060828302461. Aborting. There is either an error in your model specification or the true solution is unstable (or the true solution can not be represented in the precision of Float64).
└ @ SciMLBase ~/.julia/packages/SciMLBase/Pma4a/src/integrator_interface.jl:623
2-element Vector{Vector{Vector{BigFloat}}}:
 [[-4.0778394e+08, -4.0778342e+08], [-0.091632605, -0.091632485], [-18309.594, -18309.562], [41.215698, 41.215759], [22269.25, 22269.281], [94.177979, 94.178101], [57771.062, 57771.125], [8.6250783e+09, 8.6250947e+09], [1.722954e+15, 1.7229562e+15], [-470575.0, -470574.5], [-9.4028038e+10, -9.4027907e+10], [-1.8788249e+16, -1.8788214e+16]]
 [[-4.2020915e+08, -4.2020864e+08], [-117.68518, -117.68506], [-18842.875, -18842.844], [41.215698, 41.215759], [23296.219, 23296.25], [94.177979, 94.178101], [57771.062, 57771.125], [8.6250783e+09, 8.6250947e+09], [1.722954e+15, 1.7229562e+15], [159398.5, 159398.75], [2.5521728e+07, 2.552176e+07], [4.0863498e+09, 4.0863539e+09]]




