LinearAlgebra.PosDefException(2)
LinearAlgebra.PosDefException(2)
LinearAlgebra.PosDefException(3)
LinearAlgebra.PosDefException(3)
LinearAlgebra.PosDefException(5)
LinearAlgebra.PosDefException(4)
LinearAlgebra.PosDefException(90)
LinearAlgebra.PosDefException(2)
LinearAlgebra.PosDefException(3)
LinearAlgebra.PosDefException(6)
LinearAlgebra.PosDefException(2)
LinearAlgebra.PosDefException(2)
LinearAlgebra.PosDefException(3)
LinearAlgebra.PosDefException(6)
LinearAlgebra.PosDefException(47)
LinearAlgebra.PosDefException(3)
LinearAlgebra.PosDefException(2)
LinearAlgebra.PosDefException(2)
LinearAlgebra.PosDefException(2)
LinearAlgebra.PosDefException(3)
LinearAlgebra.PosDefException(5)
LinearAlgebra.PosDefException(3)
LinearAlgebra.PosDefException(5)
LinearAlgebra.PosDefException(7)
LinearAlgebra.PosDefException(382)
LinearAlgebra.PosDefException(2)
LinearAlgebra.PosDefException(2)
LinearAlgebra.PosDefException(3)
LinearAlgebra.PosDefException(2)
LinearAlgebra.PosDefException(6)
LinearAlgebra.PosDefException(4)
LinearAlgebra.PosDefException(4)
LinearAlgebra.PosDefException(5)
LinearAlgebra.PosDefException(5)
LinearAlgebra.PosDefException(6)
LinearAlgebra.PosDefException(85)
LinearAlgebra.PosDefException(1)
LinearAlgebra.PosDefException(1)
LinearAlgebra.PosDefException(5)
LinearAlgebra.PosDefException(5)
LinearAlgebra.PosDefException(5)
LinearAlgebra.PosDefException(7)
LinearAlgebra.PosDefException(6)
LinearAlgebra.PosDefException(5)
LinearAlgebra.PosDefException(5)
LinearAlgebra.PosDefException(29)
LinearAlgebra.PosDefException(145)
LinearAlgebra.PosDefException(302)
LinearAlgebra.PosDefException(5)
LinearAlgebra.PosDefException(5)
LinearAlgebra.PosDefException(5)
LinearAlgebra.PosDefException(5)
LinearAlgebra.PosDefException(5)
LinearAlgebra.PosDefException(5)
LinearAlgebra.PosDefException(5)
LinearAlgebra.PosDefException(35)
LinearAlgebra.PosDefException(83)
LinearAlgebra.PosDefException(308)
LinearAlgebra.PosDefException(323)
LinearAlgebra.PosDefException(362)
Noise level is too low, using  AAA
DEBUG [determine_optimal_points_count]: Large num points: 1
DEBUG [determine_optimal_points_count]: Good num points: 1
DEBUG [multipoint_parameter_estimation]: Parameter estimation using this many points: 1

DEBUG [pick_points]: Starting point selection...
DEBUG [pick_points]: Number of points to pick: 1
DEBUG [pick_points]: Total points available: 1001
DEBUG [pick_points]: Number of interpolants: 1

DEBUG [pick_points]: Computing interestingness scores...
DEBUG [pick_points]: Processed 100 points
DEBUG [pick_points]: Processed 200 points
DEBUG [pick_points]: Processed 300 points
DEBUG [pick_points]: Processed 400 points
DEBUG [pick_points]: Processed 500 points
DEBUG [pick_points]: Processed 600 points
DEBUG [pick_points]: Processed 700 points
DEBUG [pick_points]: Processed 800 points
DEBUG [pick_points]: Processed 900 points
DEBUG [pick_points]: Processed 1000 points

DEBUG [pick_points]: Score statistics:
DEBUG [pick_points]: Min score: 0.6556113482497746
DEBUG [pick_points]: Max score: 3.092408248353881e8
DEBUG [pick_points]: Mean score: 327240.02188759873
DEBUG [pick_points]: Normalized scores

DEBUG [pick_points]: Selected 1 points
DEBUG [pick_points]: Selected time points: [0.356]
aa_system
Any[_t679_V_t_ - 1412989768526529//562949953421312, _t679_Vˍt_t_ - 211959127//134217728, _t679_Vˍtt_t_ + 16518952023//1048576, _t679_Vˍttt_t_ - 19791160675//8, _t679_Vˍtttt_t_ + 518022344589312, 1//3*_tpg_*_t679_V_t_^3 - _tpg_*_t679_V_t_ - _tpg_*_t679_R_t_ + _t679_Vˍt_t_, _tpg_*_t679_V_t_^2*_t679_Vˍt_t_ - _tpg_*_t679_Vˍt_t_ - _tpg_*_t679_Rˍt_t_ + _t679_Vˍtt_t_, _tpg_*_t679_V_t_^2*_t679_Vˍtt_t_ + 2*_tpg_*_t679_V_t_*_t679_Vˍt_t_^2 - _tpg_*_t679_Vˍtt_t_ - _tpg_*_t679_Rˍtt_t_ + _t679_Vˍttt_t_, _tpg_*_t679_V_t_^2*_t679_Vˍttt_t_ + 6*_tpg_*_t679_V_t_*_t679_Vˍt_t_*_t679_Vˍtt_t_ + 2*_tpg_*_t679_Vˍt_t_^3 - _tpg_*_t679_Vˍttt_t_ - _tpg_*_t679_Rˍttt_t_ + _t679_Vˍtttt_t_, _tpa_ + _tpg_*_t679_Rˍt_t_ - _tpb_*_t679_R_t_ - _t679_V_t_, _tpg_*_t679_Rˍtt_t_ - _tpb_*_t679_Rˍt_t_ - _t679_Vˍt_t_, _tpg_*_t679_Rˍttt_t_ - _tpb_*_t679_Rˍtt_t_ - _t679_Vˍtt_t_]
R
Multivariate polynomial ring in 12 variables over rationals
primes of bitsize 28
G-Q-Pt-FG-LT-LP(C)
Dimension of the quotient :2
Degree of the radical :2
Use last variable as separating element
Run Groebner learn
Test cyclic optimization
Apply cyclic optimization 
Multi-modular computation (1 threads): G-Q-Pt-FG-LT-LP(C)
5-9-13-17-21-25-29-33-37-41-
check-G-Q-Pt-FG-LT-LP(C)
Nb Primes used :41
┌ Warning: At t=0.35590984373832224, dt was forced below floating point epsilon -5.014545922246019e-17, and step error estimate = 3.1487589792480466. Aborting. There is either an error in your model specification or the true solution is unstable (or the true solution can not be represented in the precision of Float64).
└ @ SciMLBase ~/.julia/packages/SciMLBase/Pma4a/src/integrator_interface.jl:623
┌ Warning: At t=0.3558928656922887, dt was forced below floating point epsilon -4.8878158940503595e-17, and step error estimate = 1.0143378768445561. Aborting. There is either an error in your model specification or the true solution is unstable (or the true solution can not be represented in the precision of Float64).
└ @ SciMLBase ~/.julia/packages/SciMLBase/Pma4a/src/integrator_interface.jl:623
┌ Warning: At t=-0.9999999999999966, dt was forced below floating point epsilon 1.1102230246251565e-16, and step error estimate = 150.18177494860905. Aborting. There is either an error in your model specification or the true solution is unstable (or the true solution can not be represented in the precision of Float64).
└ @ SciMLBase ~/.julia/packages/SciMLBase/Pma4a/src/integrator_interface.jl:623
2-element Vector{Vector{Vector{BigFloat}}}:
 [[-2.9086874e+08, -2.9086822e+08], [500.41699, 500.41748], [-1.0523507e+08, -1.0523494e+08], [2.5099716, 2.5099754], [2.7640991, 2.7641029], [1.5792179, 1.5792198], [-15753.703, -15753.688], [2.4738939e+09, 2.473898e+09], [-5.1802245e+14, -5.1802191e+14], [-23.111328, -23.111298], [4.860184e+06, 4.860192e+06], [-1.0220701e+12, -1.022069e+12]]
 [[-2.9072896e+08, -2.9072845e+08], [39679.438, 39679.5], [-1.0518438e+08, -1.0518426e+08], [2.5099716, 2.5099754], [2.7609825, 2.7609863], [1.5792179, 1.5792198], [-15753.703, -15753.688], [2.4738939e+09, 2.473898e+09], [-5.1802245e+14, -5.1802191e+14], [7.9727859, 7.9727936], [-21134.656, -21134.625], [5.6024704e+07, 5.6024768e+07]]




