LinearAlgebra.PosDefException(2)
LinearAlgebra.PosDefException(3)
LinearAlgebra.PosDefException(6)
LinearAlgebra.PosDefException(4)
LinearAlgebra.PosDefException(3)
LinearAlgebra.PosDefException(6)
LinearAlgebra.PosDefException(90)
LinearAlgebra.PosDefException(2)
LinearAlgebra.PosDefException(3)
LinearAlgebra.PosDefException(3)
LinearAlgebra.PosDefException(2)
LinearAlgebra.PosDefException(5)
LinearAlgebra.PosDefException(4)
LinearAlgebra.PosDefException(6)
LinearAlgebra.PosDefException(44)
LinearAlgebra.PosDefException(3)
LinearAlgebra.PosDefException(2)
LinearAlgebra.PosDefException(3)
LinearAlgebra.PosDefException(2)
LinearAlgebra.PosDefException(2)
LinearAlgebra.PosDefException(4)
LinearAlgebra.PosDefException(4)
LinearAlgebra.PosDefException(5)
LinearAlgebra.PosDefException(13)
LinearAlgebra.PosDefException(2)
LinearAlgebra.PosDefException(3)
LinearAlgebra.PosDefException(3)
LinearAlgebra.PosDefException(4)
LinearAlgebra.PosDefException(6)
LinearAlgebra.PosDefException(7)
LinearAlgebra.PosDefException(10)
LinearAlgebra.PosDefException(87)
LinearAlgebra.PosDefException(261)
LinearAlgebra.PosDefException(787)
LinearAlgebra.PosDefException(5)
LinearAlgebra.PosDefException(37)
LinearAlgebra.PosDefException(131)
LinearAlgebra.PosDefException(286)
LinearAlgebra.PosDefException(488)
LinearAlgebra.PosDefException(3)
LinearAlgebra.PosDefException(2)
LinearAlgebra.PosDefException(3)
LinearAlgebra.PosDefException(3)
LinearAlgebra.PosDefException(7)
LinearAlgebra.PosDefException(6)
LinearAlgebra.PosDefException(6)
LinearAlgebra.PosDefException(5)
LinearAlgebra.PosDefException(33)
LinearAlgebra.PosDefException(108)
LinearAlgebra.PosDefException(235)
LinearAlgebra.PosDefException(347)
LinearAlgebra.PosDefException(502)
LinearAlgebra.PosDefException(668)
LinearAlgebra.PosDefException(4)
LinearAlgebra.PosDefException(6)
LinearAlgebra.PosDefException(4)
LinearAlgebra.PosDefException(13)
LinearAlgebra.PosDefException(63)
LinearAlgebra.PosDefException(161)
LinearAlgebra.PosDefException(293)
LinearAlgebra.PosDefException(401)
LinearAlgebra.PosDefException(517)
LinearAlgebra.PosDefException(686)
LinearAlgebra.PosDefException(666)
LinearAlgebra.PosDefException(1)
LinearAlgebra.PosDefException(1)
LinearAlgebra.PosDefException(8)
LinearAlgebra.PosDefException(6)
LinearAlgebra.PosDefException(5)
LinearAlgebra.PosDefException(66)
LinearAlgebra.PosDefException(262)
LinearAlgebra.PosDefException(4)
LinearAlgebra.PosDefException(4)
LinearAlgebra.PosDefException(8)
LinearAlgebra.PosDefException(5)
LinearAlgebra.PosDefException(5)
LinearAlgebra.PosDefException(7)
LinearAlgebra.PosDefException(7)
LinearAlgebra.PosDefException(25)
LinearAlgebra.PosDefException(93)
LinearAlgebra.PosDefException(188)
LinearAlgebra.PosDefException(388)
LinearAlgebra.PosDefException(416)
LinearAlgebra.PosDefException(572)
LinearAlgebra.PosDefException(517)
LinearAlgebra.PosDefException(766)
LinearAlgebra.PosDefException(619)
LinearAlgebra.PosDefException(516)
LinearAlgebra.PosDefException(539)
LinearAlgebra.PosDefException(495)
LinearAlgebra.PosDefException(541)
LinearAlgebra.PosDefException(549)
LinearAlgebra.PosDefException(849)
LinearAlgebra.PosDefException(592)
LinearAlgebra.PosDefException(737)
LinearAlgebra.PosDefException(534)
LinearAlgebra.PosDefException(718)
LinearAlgebra.PosDefException(590)
LinearAlgebra.PosDefException(646)
LinearAlgebra.PosDefException(513)
LinearAlgebra.PosDefException(569)
Noise level is too low, using  AAA
DEBUG [determine_optimal_points_count]: Large num points: 1
DEBUG [determine_optimal_points_count]: Good num points: 1
DEBUG [multipoint_parameter_estimation]: Parameter estimation using this many points: 1

DEBUG [pick_points]: Starting point selection...
DEBUG [pick_points]: Number of points to pick: 1
DEBUG [pick_points]: Total points available: 1001
DEBUG [pick_points]: Number of interpolants: 1

DEBUG [pick_points]: Computing interestingness scores...
DEBUG [pick_points]: Processed 100 points
DEBUG [pick_points]: Processed 200 points
DEBUG [pick_points]: Processed 300 points
DEBUG [pick_points]: Processed 400 points
DEBUG [pick_points]: Processed 500 points
DEBUG [pick_points]: Processed 600 points
DEBUG [pick_points]: Processed 700 points
DEBUG [pick_points]: Processed 800 points
DEBUG [pick_points]: Processed 900 points
DEBUG [pick_points]: Processed 1000 points

DEBUG [pick_points]: Score statistics:
DEBUG [pick_points]: Min score: 0.9621156286640841
DEBUG [pick_points]: Max score: 861959.6229202785
DEBUG [pick_points]: Mean score: 1058.1153733653366
DEBUG [pick_points]: Normalized scores

DEBUG [pick_points]: Selected 1 points
DEBUG [pick_points]: Selected time points: [0.95]
aa_system
Any[_t976_V_t_ - 5380089575960475//1125899906842624, _t976_Vˍt_t_ - 379273073455//137438953472, _t976_Vˍtt_t_ + 10795469387//33554432, _t976_Vˍttt_t_ - 441281407//64, _t976_Vˍtttt_t_ + 196407350096, 1//3*_tpg_*_t976_V_t_^3 - _tpg_*_t976_V_t_ - _tpg_*_t976_R_t_ + _t976_Vˍt_t_, _tpg_*_t976_V_t_^2*_t976_Vˍt_t_ - _tpg_*_t976_Vˍt_t_ - _tpg_*_t976_Rˍt_t_ + _t976_Vˍtt_t_, _tpg_*_t976_V_t_^2*_t976_Vˍtt_t_ + 2*_tpg_*_t976_V_t_*_t976_Vˍt_t_^2 - _tpg_*_t976_Vˍtt_t_ - _tpg_*_t976_Rˍtt_t_ + _t976_Vˍttt_t_, _tpg_*_t976_V_t_^2*_t976_Vˍttt_t_ + 6*_tpg_*_t976_V_t_*_t976_Vˍt_t_*_t976_Vˍtt_t_ + 2*_tpg_*_t976_Vˍt_t_^3 - _tpg_*_t976_Vˍttt_t_ - _tpg_*_t976_Rˍttt_t_ + _t976_Vˍtttt_t_, _tpa_ + _tpg_*_t976_Rˍt_t_ - _tpb_*_t976_R_t_ - _t976_V_t_, _tpg_*_t976_Rˍtt_t_ - _tpb_*_t976_Rˍt_t_ - _t976_Vˍt_t_, _tpg_*_t976_Rˍttt_t_ - _tpb_*_t976_Rˍtt_t_ - _t976_Vˍtt_t_]
R
Multivariate polynomial ring in 12 variables over rationals
primes of bitsize 28
G-Q-Pt-FG-LT-LP(C)
Dimension of the quotient :2
Degree of the radical :2
Use last variable as separating element
Run Groebner learn
Test cyclic optimization
Apply cyclic optimization 
Multi-modular computation (1 threads): G-Q-Pt-FG-LT-LP(C)
5-9-13-17-21-25-29-33-37-41-
check-G-Q-Pt-FG-LT-LP(C)
Nb Primes used :41
┌ Warning: At t=0.9492731845015667, dt was forced below floating point epsilon -9.787685044071269e-17, and step error estimate = 3.219225501544915. Aborting. There is either an error in your model specification or the true solution is unstable (or the true solution can not be represented in the precision of Float64).
└ @ SciMLBase ~/.julia/packages/SciMLBase/Pma4a/src/integrator_interface.jl:623
┌ Warning: At t=0.9493242275876196, dt was forced below floating point epsilon -9.838151416967405e-17, and step error estimate = 2.823528411562085. Aborting. There is either an error in your model specification or the true solution is unstable (or the true solution can not be represented in the precision of Float64).
└ @ SciMLBase ~/.julia/packages/SciMLBase/Pma4a/src/integrator_interface.jl:623
2-element Vector{Vector{Vector{BigFloat}}}:
 [[-1.274786e+06, -1.274784e+06], [1.3290386, 1.3290405], [-37870.438, -37870.375], [4.7784729, 4.7784805], [33.668274, 33.668335], [2.7595711, 2.7595749], [-321.73047, -321.72998], [6.895016e+06, 6.895024e+06], [-1.9640746e+11, -1.964072e+11], [-181.82495, -181.82471], [5.181016e+06, 5.181024e+06], [-1.4763111e+11, -1.4763085e+11]]
 [[-1.225582e+06, -1.22558e+06], [1305.2637, 1305.2656], [-36312.688, -36312.625], [4.7784729, 4.7784805], [31.593994, 31.594025], [2.7595711, 2.7595749], [-321.73047, -321.72998], [6.895016e+06, 6.895024e+06], [-1.9640746e+11, -1.964072e+11], [60.005676, 60.005737], [-1669.3652, -1669.3633], [46441.625, 46441.688]]




