LinearAlgebra.PosDefException(2)
LinearAlgebra.PosDefException(3)
LinearAlgebra.PosDefException(2)
LinearAlgebra.PosDefException(3)
LinearAlgebra.PosDefException(3)
LinearAlgebra.PosDefException(6)
LinearAlgebra.PosDefException(55)
LinearAlgebra.PosDefException(2)
LinearAlgebra.PosDefException(2)
LinearAlgebra.PosDefException(3)
LinearAlgebra.PosDefException(2)
LinearAlgebra.PosDefException(4)
LinearAlgebra.PosDefException(3)
LinearAlgebra.PosDefException(4)
LinearAlgebra.PosDefException(49)
LinearAlgebra.PosDefException(2)
LinearAlgebra.PosDefException(2)
LinearAlgebra.PosDefException(2)
LinearAlgebra.PosDefException(3)
LinearAlgebra.PosDefException(2)
LinearAlgebra.PosDefException(3)
LinearAlgebra.PosDefException(5)
LinearAlgebra.PosDefException(5)
LinearAlgebra.PosDefException(3)
LinearAlgebra.PosDefException(2)
LinearAlgebra.PosDefException(2)
LinearAlgebra.PosDefException(3)
LinearAlgebra.PosDefException(5)
LinearAlgebra.PosDefException(5)
LinearAlgebra.PosDefException(10)
LinearAlgebra.PosDefException(2)
LinearAlgebra.PosDefException(3)
LinearAlgebra.PosDefException(3)
LinearAlgebra.PosDefException(4)
LinearAlgebra.PosDefException(8)
LinearAlgebra.PosDefException(4)
LinearAlgebra.PosDefException(4)
LinearAlgebra.PosDefException(7)
LinearAlgebra.PosDefException(66)
LinearAlgebra.PosDefException(6)
LinearAlgebra.PosDefException(6)
LinearAlgebra.PosDefException(8)
LinearAlgebra.PosDefException(17)
LinearAlgebra.PosDefException(10)
LinearAlgebra.PosDefException(7)
LinearAlgebra.PosDefException(6)
LinearAlgebra.PosDefException(7)
LinearAlgebra.PosDefException(34)
LinearAlgebra.PosDefException(143)
LinearAlgebra.PosDefException(7)
LinearAlgebra.PosDefException(6)
LinearAlgebra.PosDefException(8)
LinearAlgebra.PosDefException(6)
LinearAlgebra.PosDefException(26)
LinearAlgebra.PosDefException(69)
LinearAlgebra.PosDefException(160)
LinearAlgebra.PosDefException(269)
LinearAlgebra.PosDefException(353)
LinearAlgebra.PosDefException(7)
LinearAlgebra.PosDefException(7)
LinearAlgebra.PosDefException(20)
LinearAlgebra.PosDefException(69)
LinearAlgebra.PosDefException(141)
LinearAlgebra.PosDefException(206)
LinearAlgebra.PosDefException(304)
LinearAlgebra.PosDefException(355)
LinearAlgebra.PosDefException(370)
LinearAlgebra.PosDefException(436)
LinearAlgebra.PosDefException(22)
LinearAlgebra.PosDefException(11)
LinearAlgebra.PosDefException(8)
LinearAlgebra.PosDefException(6)
LinearAlgebra.PosDefException(6)
LinearAlgebra.PosDefException(5)
LinearAlgebra.PosDefException(19)
LinearAlgebra.PosDefException(78)
LinearAlgebra.PosDefException(148)
LinearAlgebra.PosDefException(209)
LinearAlgebra.PosDefException(352)
LinearAlgebra.PosDefException(370)
LinearAlgebra.PosDefException(391)
LinearAlgebra.PosDefException(389)
LinearAlgebra.PosDefException(407)
LinearAlgebra.PosDefException(388)
LinearAlgebra.PosDefException(436)
LinearAlgebra.PosDefException(667)
LinearAlgebra.PosDefException(427)
LinearAlgebra.PosDefException(416)
LinearAlgebra.PosDefException(415)
LinearAlgebra.PosDefException(431)
LinearAlgebra.PosDefException(450)
LinearAlgebra.PosDefException(474)
Noise level is too low, using  AAA
DEBUG [determine_optimal_points_count]: Large num points: 1
DEBUG [determine_optimal_points_count]: Good num points: 1
DEBUG [multipoint_parameter_estimation]: Parameter estimation using this many points: 1

DEBUG [pick_points]: Starting point selection...
DEBUG [pick_points]: Number of points to pick: 1
DEBUG [pick_points]: Total points available: 1001
DEBUG [pick_points]: Number of interpolants: 1

DEBUG [pick_points]: Computing interestingness scores...
DEBUG [pick_points]: Processed 100 points
DEBUG [pick_points]: Processed 200 points
DEBUG [pick_points]: Processed 300 points
DEBUG [pick_points]: Processed 400 points
DEBUG [pick_points]: Processed 500 points
DEBUG [pick_points]: Processed 600 points
DEBUG [pick_points]: Processed 700 points
DEBUG [pick_points]: Processed 800 points
DEBUG [pick_points]: Processed 900 points
DEBUG [pick_points]: Processed 1000 points

DEBUG [pick_points]: Score statistics:
DEBUG [pick_points]: Min score: 0.15092270594869334
DEBUG [pick_points]: Max score: 1.0015891417262423e8
DEBUG [pick_points]: Mean score: 226524.37691122672
DEBUG [pick_points]: Normalized scores

DEBUG [pick_points]: Selected 1 points
DEBUG [pick_points]: Selected time points: [0.662]
aa_system
Any[_t832_V_t_ - 3865149984627043//281474976710656, _t832_Vˍt_t_ - 2262662363701//68719476736, _t832_Vˍtt_t_ - 1399116457//32768, _t832_Vˍttt_t_ - 820414236503//1024, _t832_Vˍtttt_t_ - 20049846443888, 1//3*_tpg_*_t832_V_t_^3 - _tpg_*_t832_V_t_ - _tpg_*_t832_R_t_ + _t832_Vˍt_t_, _tpg_*_t832_V_t_^2*_t832_Vˍt_t_ - _tpg_*_t832_Vˍt_t_ - _tpg_*_t832_Rˍt_t_ + _t832_Vˍtt_t_, _tpg_*_t832_V_t_^2*_t832_Vˍtt_t_ + 2*_tpg_*_t832_V_t_*_t832_Vˍt_t_^2 - _tpg_*_t832_Vˍtt_t_ - _tpg_*_t832_Rˍtt_t_ + _t832_Vˍttt_t_, _tpg_*_t832_V_t_^2*_t832_Vˍttt_t_ + 6*_tpg_*_t832_V_t_*_t832_Vˍt_t_*_t832_Vˍtt_t_ + 2*_tpg_*_t832_Vˍt_t_^3 - _tpg_*_t832_Vˍttt_t_ - _tpg_*_t832_Rˍttt_t_ + _t832_Vˍtttt_t_, _tpa_ + _tpg_*_t832_Rˍt_t_ - _tpb_*_t832_R_t_ - _t832_V_t_, _tpg_*_t832_Rˍtt_t_ - _tpb_*_t832_Rˍt_t_ - _t832_Vˍt_t_, _tpg_*_t832_Rˍttt_t_ - _tpb_*_t832_Rˍtt_t_ - _t832_Vˍtt_t_]
R
Multivariate polynomial ring in 12 variables over rationals
primes of bitsize 28
G-Q-Pt-FG-LT-LP(C)
Dimension of the quotient :2
Degree of the radical :2
Use last variable as separating element
Run Groebner learn
Test cyclic optimization
Apply cyclic optimization 
Multi-modular computation (1 threads): G-Q-Pt-FG-LT-LP(C)
5-9-13-17-21-25-29-33-37-41-
check-G-Q-Pt-FG-LT-LP(C)
Nb Primes used :41
┌ Warning: At t=-0.9575040118795847, dt was forced below floating point epsilon 1.1102230246251565e-16, and step error estimate = 2.274821045151641. Aborting. There is either an error in your model specification or the true solution is unstable (or the true solution can not be represented in the precision of Float64).
└ @ SciMLBase ~/.julia/packages/SciMLBase/Pma4a/src/integrator_interface.jl:623
┌ Warning: At t=-0.9983917265774972, dt was forced below floating point epsilon 1.1102230246251565e-16, and step error estimate = 2.35892676302082. Aborting. There is either an error in your model specification or the true solution is unstable (or the true solution can not be represented in the precision of Float64).
└ @ SciMLBase ~/.julia/packages/SciMLBase/Pma4a/src/integrator_interface.jl:623
2-element Vector{Vector{Vector{BigFloat}}}:
 [[-3.8717504e+07, -3.871744e+07], [-1.8501778, -1.8501759], [-46522.125, -46522.062], [13.731766, 13.731781], [831.56641, 831.56738], [32.926025, 32.926086], [42697.625, 42697.688], [8.0118477e+08, 8.0118579e+08], [2.0049813e+13, 2.0049847e+13], [-16901.969, -16901.938], [-4.249943e+08, -4.2499379e+08], [-1.0686348e+13, -1.0686332e+13]]
 [[-3.9178688e+07, -3.9178624e+07], [-133.96533, -133.96509], [-47064.562, -47064.5], [13.731766, 13.731781], [849.11621, 849.11719], [32.926025, 32.926086], [42697.625, 42697.688], [8.0118477e+08, 8.0118579e+08], [2.0049813e+13, 2.0049847e+13], [5856.9375, 5856.9453], [2.057656e+06, 2.057658e+06], [7.2289382e+08, 7.2289485e+08]]




