LinearAlgebra.PosDefException(3)
LinearAlgebra.PosDefException(3)
LinearAlgebra.PosDefException(2)
LinearAlgebra.PosDefException(4)
LinearAlgebra.PosDefException(3)
LinearAlgebra.PosDefException(6)
LinearAlgebra.PosDefException(88)
LinearAlgebra.PosDefException(2)
LinearAlgebra.PosDefException(2)
LinearAlgebra.PosDefException(2)
LinearAlgebra.PosDefException(2)
LinearAlgebra.PosDefException(4)
LinearAlgebra.PosDefException(3)
LinearAlgebra.PosDefException(6)
LinearAlgebra.PosDefException(41)
LinearAlgebra.PosDefException(3)
LinearAlgebra.PosDefException(3)
LinearAlgebra.PosDefException(2)
LinearAlgebra.PosDefException(2)
LinearAlgebra.PosDefException(5)
LinearAlgebra.PosDefException(4)
LinearAlgebra.PosDefException(5)
LinearAlgebra.PosDefException(9)
LinearAlgebra.PosDefException(360)
LinearAlgebra.PosDefException(3)
LinearAlgebra.PosDefException(3)
LinearAlgebra.PosDefException(5)
LinearAlgebra.PosDefException(4)
LinearAlgebra.PosDefException(35)
LinearAlgebra.PosDefException(329)
LinearAlgebra.PosDefException(5)
LinearAlgebra.PosDefException(8)
LinearAlgebra.PosDefException(36)
LinearAlgebra.PosDefException(165)
LinearAlgebra.PosDefException(519)
LinearAlgebra.PosDefException(5)
LinearAlgebra.PosDefException(5)
LinearAlgebra.PosDefException(5)
LinearAlgebra.PosDefException(40)
LinearAlgebra.PosDefException(152)
LinearAlgebra.PosDefException(319)
LinearAlgebra.PosDefException(564)
Noise level is too low, using  AAA
LinearAlgebra.PosDefException(2)
LinearAlgebra.PosDefException(3)
LinearAlgebra.PosDefException(3)
LinearAlgebra.PosDefException(4)
LinearAlgebra.PosDefException(5)
LinearAlgebra.PosDefException(4)
LinearAlgebra.PosDefException(86)
LinearAlgebra.PosDefException(2)
LinearAlgebra.PosDefException(3)
LinearAlgebra.PosDefException(2)
LinearAlgebra.PosDefException(3)
LinearAlgebra.PosDefException(4)
LinearAlgebra.PosDefException(3)
LinearAlgebra.PosDefException(4)
LinearAlgebra.PosDefException(51)
LinearAlgebra.PosDefException(2)
LinearAlgebra.PosDefException(2)
LinearAlgebra.PosDefException(2)
LinearAlgebra.PosDefException(3)
LinearAlgebra.PosDefException(3)
LinearAlgebra.PosDefException(4)
LinearAlgebra.PosDefException(5)
LinearAlgebra.PosDefException(6)
LinearAlgebra.PosDefException(44)
LinearAlgebra.PosDefException(3)
LinearAlgebra.PosDefException(3)
LinearAlgebra.PosDefException(5)
LinearAlgebra.PosDefException(4)
LinearAlgebra.PosDefException(6)
LinearAlgebra.PosDefException(43)
LinearAlgebra.PosDefException(257)
LinearAlgebra.PosDefException(4)
LinearAlgebra.PosDefException(4)
LinearAlgebra.PosDefException(4)
LinearAlgebra.PosDefException(7)
LinearAlgebra.PosDefException(8)
LinearAlgebra.PosDefException(68)
LinearAlgebra.PosDefException(215)
LinearAlgebra.PosDefException(350)
LinearAlgebra.PosDefException(550)
LinearAlgebra.PosDefException(1)
LinearAlgebra.PosDefException(1)
Noise level is too low, using  AAA
LinearAlgebra.PosDefException(2)
LinearAlgebra.PosDefException(3)
LinearAlgebra.PosDefException(2)
LinearAlgebra.PosDefException(4)
LinearAlgebra.PosDefException(5)
LinearAlgebra.PosDefException(4)
LinearAlgebra.PosDefException(88)
LinearAlgebra.PosDefException(3)
LinearAlgebra.PosDefException(2)
LinearAlgebra.PosDefException(2)
LinearAlgebra.PosDefException(2)
LinearAlgebra.PosDefException(4)
LinearAlgebra.PosDefException(4)
LinearAlgebra.PosDefException(5)
LinearAlgebra.PosDefException(50)
LinearAlgebra.PosDefException(2)
LinearAlgebra.PosDefException(2)
LinearAlgebra.PosDefException(6)
LinearAlgebra.PosDefException(2)
LinearAlgebra.PosDefException(5)
LinearAlgebra.PosDefException(3)
LinearAlgebra.PosDefException(5)
LinearAlgebra.PosDefException(4)
LinearAlgebra.PosDefException(35)
LinearAlgebra.PosDefException(2)
LinearAlgebra.PosDefException(2)
LinearAlgebra.PosDefException(6)
LinearAlgebra.PosDefException(2)
LinearAlgebra.PosDefException(6)
LinearAlgebra.PosDefException(2)
LinearAlgebra.PosDefException(3)
LinearAlgebra.PosDefException(8)
LinearAlgebra.PosDefException(5)
LinearAlgebra.PosDefException(4)
LinearAlgebra.PosDefException(10)
LinearAlgebra.PosDefException(68)
LinearAlgebra.PosDefException(281)
LinearAlgebra.PosDefException(2)
LinearAlgebra.PosDefException(2)
LinearAlgebra.PosDefException(4)
LinearAlgebra.PosDefException(4)
LinearAlgebra.PosDefException(5)
LinearAlgebra.PosDefException(5)
LinearAlgebra.PosDefException(7)
LinearAlgebra.PosDefException(27)
LinearAlgebra.PosDefException(96)
LinearAlgebra.PosDefException(242)
LinearAlgebra.PosDefException(375)
LinearAlgebra.PosDefException(562)
LinearAlgebra.PosDefException(1)
LinearAlgebra.PosDefException(1)
LinearAlgebra.PosDefException(6)
LinearAlgebra.PosDefException(5)
LinearAlgebra.PosDefException(7)
LinearAlgebra.PosDefException(5)
LinearAlgebra.PosDefException(7)
LinearAlgebra.PosDefException(5)
LinearAlgebra.PosDefException(5)
LinearAlgebra.PosDefException(23)
LinearAlgebra.PosDefException(138)
LinearAlgebra.PosDefException(264)
LinearAlgebra.PosDefException(569)
LinearAlgebra.PosDefException(604)
LinearAlgebra.PosDefException(785)
Noise level is too low, using  AAA
LinearAlgebra.PosDefException(6)
LinearAlgebra.PosDefException(2)
LinearAlgebra.PosDefException(6)
LinearAlgebra.PosDefException(3)
LinearAlgebra.PosDefException(3)
LinearAlgebra.PosDefException(9)
LinearAlgebra.PosDefException(93)
LinearAlgebra.PosDefException(2)
LinearAlgebra.PosDefException(3)
LinearAlgebra.PosDefException(2)
LinearAlgebra.PosDefException(6)
LinearAlgebra.PosDefException(4)
LinearAlgebra.PosDefException(4)
LinearAlgebra.PosDefException(4)
LinearAlgebra.PosDefException(48)
LinearAlgebra.PosDefException(3)
LinearAlgebra.PosDefException(6)
LinearAlgebra.PosDefException(3)
LinearAlgebra.PosDefException(3)
LinearAlgebra.PosDefException(6)
LinearAlgebra.PosDefException(5)
LinearAlgebra.PosDefException(5)
LinearAlgebra.PosDefException(285)
LinearAlgebra.PosDefException(4)
LinearAlgebra.PosDefException(8)
LinearAlgebra.PosDefException(143)
LinearAlgebra.PosDefException(65)
LinearAlgebra.PosDefException(308)
LinearAlgebra.PosDefException(12)
LinearAlgebra.PosDefException(7)
LinearAlgebra.PosDefException(5)
LinearAlgebra.PosDefException(6)
LinearAlgebra.PosDefException(25)
LinearAlgebra.PosDefException(187)
Noise level is too low, using  AAA
DEBUG [determine_optimal_points_count]: Large num points: 1
DEBUG [determine_optimal_points_count]: Good num points: 1
DEBUG [multipoint_parameter_estimation]: Parameter estimation using this many points: 1

DEBUG [pick_points]: Starting point selection...
DEBUG [pick_points]: Number of points to pick: 1
DEBUG [pick_points]: Total points available: 1001
DEBUG [pick_points]: Number of interpolants: 4

DEBUG [pick_points]: Computing interestingness scores...
DEBUG [pick_points]: Processed 100 points
DEBUG [pick_points]: Processed 200 points
DEBUG [pick_points]: Processed 300 points
DEBUG [pick_points]: Processed 400 points
DEBUG [pick_points]: Processed 500 points
DEBUG [pick_points]: Processed 600 points
DEBUG [pick_points]: Processed 700 points
DEBUG [pick_points]: Processed 800 points
DEBUG [pick_points]: Processed 900 points
DEBUG [pick_points]: Processed 1000 points

DEBUG [pick_points]: Score statistics:
DEBUG [pick_points]: Min score: 0.19368460985619745
DEBUG [pick_points]: Max score: 714295.3864231308
DEBUG [pick_points]: Mean score: 889.2995417357299
DEBUG [pick_points]: Normalized scores

DEBUG [pick_points]: Selected 1 points
DEBUG [pick_points]: Selected time points: [-0.266]
aa_system
Any[_t368_yy_t_ + _t368_vv_t_ - 8277851840671373//18014398509481984, _t368_yyˍt_t_ + _t368_vvˍt_t_ + 278139483408951//9007199254740992, _t368_yyˍtt_t_ + _t368_vvˍtt_t_ + 1670655111543//35184372088832, _t368_z_t_ - 5784138875152213//9007199254740992, _t368_zˍt_t_ + 95432186489//549755813888, _t368_zˍtt_t_ - 802045857//8388608, _t368_zˍttt_t_ - 2925654969//512, _t368_x_t_ - 5975045346212637//18014398509481984, _t368_xˍt_t_ - 104254035118149//562949953421312, _t368_xˍtt_t_ + 15358721756225//281474976710656, _t368_xˍttt_t_ - 1149655497275//70368744177664, _t368_w_t_ - 2436972809799679//18014398509481984, _t368_wˍt_t_ + 23408755110643//1125899906842624, _t368_wˍtt_t_ - 155462030475//35184372088832, _t368_wˍttt_t_ + 13918033495//4398046511104, _tpa_*_t368_yy_t_ - _tpbeta_*_t368_x_t_*_t368_vv_t_ + _t368_yyˍt_t_, _tpuu_*_t368_vv_t_ - _tpk_*_t368_yy_t_ + _t368_vvˍt_t_, _tpa_*_t368_yyˍt_t_ - _tpbeta_*_t368_x_t_*_t368_vvˍt_t_ - _tpbeta_*_t368_vv_t_*_t368_xˍt_t_ + _t368_yyˍtt_t_, _tpuu_*_t368_vvˍt_t_ - _tpk_*_t368_yyˍt_t_ + _t368_vvˍtt_t_, -_tpc_*_tpq_*_t368_yy_t_*_t368_w_t_ + _tph_*_t368_z_t_ + _t368_zˍt_t_, -_tpc_*_tpq_*_t368_yy_t_*_t368_wˍt_t_ - _tpc_*_tpq_*_t368_w_t_*_t368_yyˍt_t_ + _tph_*_t368_zˍt_t_ + _t368_zˍtt_t_, -_tpc_*_tpq_*_t368_yy_t_*_t368_wˍtt_t_ - _tpc_*_tpq_*_t368_w_t_*_t368_yyˍtt_t_ - 2*_tpc_*_tpq_*_t368_yyˍt_t_*_t368_wˍt_t_ + _tph_*_t368_zˍtt_t_ + _t368_zˍttt_t_, _tpd_*_t368_x_t_ + _tpbeta_*_t368_x_t_*_t368_vv_t_ - _tplm_ + _t368_xˍt_t_, _tpd_*_t368_xˍt_t_ + _tpbeta_*_t368_x_t_*_t368_vvˍt_t_ + _tpbeta_*_t368_vv_t_*_t368_xˍt_t_ + _t368_xˍtt_t_, _tpd_*_t368_xˍtt_t_ + _tpbeta_*_t368_x_t_*_t368_vvˍtt_t_ + _tpbeta_*_t368_vv_t_*_t368_xˍtt_t_ + 2*_tpbeta_*_t368_vvˍt_t_*_t368_xˍt_t_ + _t368_xˍttt_t_, _tpc_*_tpq_*_t368_yy_t_*_t368_w_t_ - _tpc_*_t368_x_t_*_t368_yy_t_*_t368_w_t_ + _tpb_*_t368_w_t_ + _t368_wˍt_t_, _tpc_*_tpq_*_t368_yy_t_*_t368_wˍt_t_ + _tpc_*_tpq_*_t368_w_t_*_t368_yyˍt_t_ - _tpc_*_t368_x_t_*_t368_yy_t_*_t368_wˍt_t_ - _tpc_*_t368_x_t_*_t368_w_t_*_t368_yyˍt_t_ - _tpc_*_t368_yy_t_*_t368_w_t_*_t368_xˍt_t_ + _tpb_*_t368_wˍt_t_ + _t368_wˍtt_t_, _tpc_*_tpq_*_t368_yy_t_*_t368_wˍtt_t_ + _tpc_*_tpq_*_t368_w_t_*_t368_yyˍtt_t_ + 2*_tpc_*_tpq_*_t368_yyˍt_t_*_t368_wˍt_t_ - _tpc_*_t368_x_t_*_t368_yy_t_*_t368_wˍtt_t_ - _tpc_*_t368_x_t_*_t368_w_t_*_t368_yyˍtt_t_ - 2*_tpc_*_t368_x_t_*_t368_yyˍt_t_*_t368_wˍt_t_ - _tpc_*_t368_yy_t_*_t368_w_t_*_t368_xˍtt_t_ - 2*_tpc_*_t368_yy_t_*_t368_xˍt_t_*_t368_wˍt_t_ - 2*_tpc_*_t368_w_t_*_t368_yyˍt_t_*_t368_xˍt_t_ + _tpb_*_t368_wˍtt_t_ + _t368_wˍttt_t_]
R
Multivariate polynomial ring in 28 variables over rationals
primes of bitsize 28
G-Q-Pt-FG-LT-LP(U)
G-Q-Pt-FG-LT-LP(U)
G-Q-Pt-FG-LT-LP(U)
G-Q-Pt-FG-LT-LP(U)
G-Q-Pt-FG-LT-LP(U)
G-Q-Pt-FG-LT-LP(U)
G-Q-Pt-FG-LT-LP(U)
G-Q-Pt-FG-LT-LP(U)
G-Q-Pt-FG-LT-LP(U)
G-Q-Pt-FG-LT-LP(C)
Dimension of the quotient :4
Degree of the radical :4
Use variable 19 as separating element
Run Groebner learn
Test cyclic optimization
Apply cyclic optimization 
Multi-modular computation (1 threads): G-Q-Pt-FG-LT-LP(C)
5-9-13-17-21-25-29-33-37-41-45-49-53-61-69-77-85-93-105-117-129-141-157-173-193-213-
check-G-Q-Pt-FG-LT-LP(C)
Nb Primes used :213
┌ Warning: At t=-0.2679212869878274, dt was forced below floating point epsilon -1.636314049191712e-17, and step error estimate = NaN. Aborting. There is either an error in your model specification or the true solution is unstable (or the true solution can not be represented in the precision of Float64).
└ @ SciMLBase ~/.julia/packages/SciMLBase/Pma4a/src/integrator_interface.jl:623
┌ Warning: At t=-0.9903095535616482, dt was forced below floating point epsilon 1.1102230246251565e-16, and step error estimate = Inf. Aborting. There is either an error in your model specification or the true solution is unstable (or the true solution can not be represented in the precision of Float64).
└ @ SciMLBase ~/.julia/packages/SciMLBase/Pma4a/src/integrator_interface.jl:623
┌ Warning: At t=-0.9991088096844754, dt was forced below floating point epsilon 1.1102230246251565e-16, and step error estimate = Inf. Aborting. There is either an error in your model specification or the true solution is unstable (or the true solution can not be represented in the precision of Float64).
└ @ SciMLBase ~/.julia/packages/SciMLBase/Pma4a/src/integrator_interface.jl:623
2-element Vector{Vector{Vector{BigFloat}}}:
 [[0.21730518, 0.21730542], [263104.5, 263105.0], [0.11553133, 0.11553144], [3.9676895, 3.9676933], [-1.8174515, -1.8174496], [-1.2230453, -1.2230434], [-59817.938, -59817.875], [360963.0, 360963.5], [-0.61768723, -0.61768627], [0.3101573, 0.31015778], [0.33168125, 0.33168173], [0.88243008, 0.88243103], [-0.42291737, -0.42291689], [0.13527894, 0.13527918], [0.64216805, 0.642169], [-0.10511136, -0.10511124], [0.074231625, 0.074231744], [0.056010842, 0.056010902], [-0.10349381, -0.10349369], [-0.0031645969, -0.0031645931], [-0.17359018, -0.17358994], [95.611206, 95.611328], [5.714168e+06, 5.714176e+06], [0.18519235, 0.18519258], [-0.054565191, -0.054565132], [0.016337574, 0.016337603], [-0.020791173, -0.020791143], [0.0044184923, 0.0044184998]]
 [[0.19962835, 0.19962859], [1.4463696e+07, 1.4463712e+07], [0.29119968, 0.29120016], [2.1777802, 2.177784], [58.359863, 58.359924], [-1.2230453, -1.2230434], [-59817.938, -59817.875], [360963.0, 360963.5], [0.0087865144, 0.0087865293], [0.28307009, 0.28307056], [0.33168125, 0.33168173], [0.016052008, 0.016052037], [0.44346094, 0.44346142], [0.13527894, 0.13527918], [0.64216805, 0.642169], [-0.0019120499, -0.0019120481], [-0.028967649, -0.028967619], [0.0010188762, 0.0010188781], [-0.04850179, -0.04850173], [-0.0031645969, -0.0031645931], [-0.17359018, -0.17358994], [95.611206, 95.611328], [5.714168e+06, 5.714176e+06], [0.18519235, 0.18519258], [-0.054565191, -0.054565132], [0.016337574, 0.016337603], [-0.020791173, -0.020791143], [0.0044184923, 0.0044184998]]




