LinearAlgebra.PosDefException(2)
LinearAlgebra.PosDefException(3)
LinearAlgebra.PosDefException(2)
LinearAlgebra.PosDefException(4)
LinearAlgebra.PosDefException(6)
LinearAlgebra.PosDefException(4)
LinearAlgebra.PosDefException(80)
LinearAlgebra.PosDefException(6)
LinearAlgebra.PosDefException(6)
LinearAlgebra.PosDefException(3)
LinearAlgebra.PosDefException(3)
LinearAlgebra.PosDefException(4)
LinearAlgebra.PosDefException(3)
LinearAlgebra.PosDefException(5)
LinearAlgebra.PosDefException(40)
LinearAlgebra.PosDefException(3)
LinearAlgebra.PosDefException(2)
LinearAlgebra.PosDefException(2)
LinearAlgebra.PosDefException(3)
LinearAlgebra.PosDefException(3)
LinearAlgebra.PosDefException(5)
LinearAlgebra.PosDefException(6)
LinearAlgebra.PosDefException(6)
LinearAlgebra.PosDefException(248)
LinearAlgebra.PosDefException(3)
LinearAlgebra.PosDefException(4)
LinearAlgebra.PosDefException(4)
LinearAlgebra.PosDefException(8)
LinearAlgebra.PosDefException(29)
LinearAlgebra.PosDefException(349)
LinearAlgebra.PosDefException(8)
LinearAlgebra.PosDefException(106)
LinearAlgebra.PosDefException(351)
LinearAlgebra.PosDefException(2)
LinearAlgebra.PosDefException(4)
LinearAlgebra.PosDefException(5)
LinearAlgebra.PosDefException(5)
LinearAlgebra.PosDefException(4)
LinearAlgebra.PosDefException(11)
LinearAlgebra.PosDefException(66)
LinearAlgebra.PosDefException(182)
LinearAlgebra.PosDefException(342)
LinearAlgebra.PosDefException(510)
Noise level is too low, using  AAA
LinearAlgebra.PosDefException(2)
LinearAlgebra.PosDefException(2)
LinearAlgebra.PosDefException(2)
LinearAlgebra.PosDefException(3)
LinearAlgebra.PosDefException(3)
LinearAlgebra.PosDefException(5)
LinearAlgebra.PosDefException(90)
LinearAlgebra.PosDefException(3)
LinearAlgebra.PosDefException(3)
LinearAlgebra.PosDefException(3)
LinearAlgebra.PosDefException(2)
LinearAlgebra.PosDefException(6)
LinearAlgebra.PosDefException(4)
LinearAlgebra.PosDefException(8)
LinearAlgebra.PosDefException(44)
LinearAlgebra.PosDefException(2)
LinearAlgebra.PosDefException(2)
LinearAlgebra.PosDefException(2)
LinearAlgebra.PosDefException(2)
LinearAlgebra.PosDefException(4)
LinearAlgebra.PosDefException(3)
LinearAlgebra.PosDefException(5)
LinearAlgebra.PosDefException(6)
LinearAlgebra.PosDefException(81)
LinearAlgebra.PosDefException(2)
LinearAlgebra.PosDefException(2)
LinearAlgebra.PosDefException(2)
LinearAlgebra.PosDefException(3)
LinearAlgebra.PosDefException(6)
LinearAlgebra.PosDefException(5)
LinearAlgebra.PosDefException(4)
LinearAlgebra.PosDefException(19)
LinearAlgebra.PosDefException(155)
LinearAlgebra.PosDefException(5)
LinearAlgebra.PosDefException(6)
LinearAlgebra.PosDefException(5)
LinearAlgebra.PosDefException(12)
LinearAlgebra.PosDefException(104)
LinearAlgebra.PosDefException(259)
LinearAlgebra.PosDefException(402)
LinearAlgebra.PosDefException(674)
LinearAlgebra.PosDefException(1)
LinearAlgebra.PosDefException(1)
LinearAlgebra.PosDefException(1)
LinearAlgebra.PosDefException(1)
Noise level is too low, using  AAA
LinearAlgebra.PosDefException(2)
LinearAlgebra.PosDefException(6)
LinearAlgebra.PosDefException(2)
LinearAlgebra.PosDefException(5)
LinearAlgebra.PosDefException(6)
LinearAlgebra.PosDefException(4)
LinearAlgebra.PosDefException(82)
LinearAlgebra.PosDefException(3)
LinearAlgebra.PosDefException(3)
LinearAlgebra.PosDefException(2)
LinearAlgebra.PosDefException(3)
LinearAlgebra.PosDefException(5)
LinearAlgebra.PosDefException(3)
LinearAlgebra.PosDefException(6)
LinearAlgebra.PosDefException(48)
LinearAlgebra.PosDefException(2)
LinearAlgebra.PosDefException(3)
LinearAlgebra.PosDefException(5)
LinearAlgebra.PosDefException(5)
LinearAlgebra.PosDefException(5)
LinearAlgebra.PosDefException(7)
LinearAlgebra.PosDefException(8)
LinearAlgebra.PosDefException(38)
LinearAlgebra.PosDefException(147)
LinearAlgebra.PosDefException(284)
LinearAlgebra.PosDefException(315)
LinearAlgebra.PosDefException(139)
LinearAlgebra.PosDefException(481)
Noise level is too low, using  AAA
LinearAlgebra.PosDefException(2)
LinearAlgebra.PosDefException(2)
LinearAlgebra.PosDefException(2)
LinearAlgebra.PosDefException(3)
LinearAlgebra.PosDefException(3)
LinearAlgebra.PosDefException(7)
LinearAlgebra.PosDefException(93)
LinearAlgebra.PosDefException(3)
LinearAlgebra.PosDefException(2)
LinearAlgebra.PosDefException(2)
LinearAlgebra.PosDefException(2)
LinearAlgebra.PosDefException(4)
LinearAlgebra.PosDefException(3)
LinearAlgebra.PosDefException(5)
LinearAlgebra.PosDefException(48)
LinearAlgebra.PosDefException(3)
LinearAlgebra.PosDefException(2)
LinearAlgebra.PosDefException(2)
LinearAlgebra.PosDefException(3)
LinearAlgebra.PosDefException(6)
LinearAlgebra.PosDefException(3)
LinearAlgebra.PosDefException(4)
LinearAlgebra.PosDefException(7)
LinearAlgebra.PosDefException(294)
LinearAlgebra.PosDefException(3)
LinearAlgebra.PosDefException(4)
LinearAlgebra.PosDefException(4)
LinearAlgebra.PosDefException(19)
LinearAlgebra.PosDefException(294)
LinearAlgebra.PosDefException(6)
LinearAlgebra.PosDefException(15)
LinearAlgebra.PosDefException(133)
LinearAlgebra.PosDefException(637)
LinearAlgebra.PosDefException(5)
LinearAlgebra.PosDefException(6)
LinearAlgebra.PosDefException(5)
LinearAlgebra.PosDefException(6)
LinearAlgebra.PosDefException(6)
LinearAlgebra.PosDefException(5)
LinearAlgebra.PosDefException(7)
LinearAlgebra.PosDefException(35)
LinearAlgebra.PosDefException(204)
LinearAlgebra.PosDefException(409)
LinearAlgebra.PosDefException(427)
Noise level is too low, using  AAA
DEBUG [determine_optimal_points_count]: Large num points: 1
DEBUG [determine_optimal_points_count]: Good num points: 1
DEBUG [multipoint_parameter_estimation]: Parameter estimation using this many points: 1

DEBUG [pick_points]: Starting point selection...
DEBUG [pick_points]: Number of points to pick: 1
DEBUG [pick_points]: Total points available: 1001
DEBUG [pick_points]: Number of interpolants: 4

DEBUG [pick_points]: Computing interestingness scores...
DEBUG [pick_points]: Processed 100 points
DEBUG [pick_points]: Processed 200 points
DEBUG [pick_points]: Processed 300 points
DEBUG [pick_points]: Processed 400 points
DEBUG [pick_points]: Processed 500 points
DEBUG [pick_points]: Processed 600 points
DEBUG [pick_points]: Processed 700 points
DEBUG [pick_points]: Processed 800 points
DEBUG [pick_points]: Processed 900 points
DEBUG [pick_points]: Processed 1000 points

DEBUG [pick_points]: Score statistics:
DEBUG [pick_points]: Min score: 0.16443463079420348
DEBUG [pick_points]: Max score: 0.37273349647935133
DEBUG [pick_points]: Mean score: 0.2515301394824992
DEBUG [pick_points]: Normalized scores

DEBUG [pick_points]: Selected 1 points
DEBUG [pick_points]: Selected time points: [-0.998]
aa_system
Any[_t2_yy_t_ + _t2_vv_t_ - 5452608837307151//4503599627370496, _t2_yyˍt_t_ + _t2_vvˍt_t_ + 610629216825//4398046511104, _t2_yyˍtt_t_ + _t2_vvˍtt_t_ + 531688383//17179869184, _t2_z_t_ - 7627679627907129//18014398509481984, _t2_zˍt_t_ + 2543485956287//8796093022208, _t2_zˍtt_t_ - 6836790455//34359738368, _t2_zˍttt_t_ + 9031083//67108864, _t2_x_t_ - 2805058197905809//4503599627370496, _t2_xˍt_t_ + 1336409134901//17592186044416, _t2_xˍtt_t_ - 78299747//4294967296, _t2_xˍttt_t_ - 1047165//16777216, _t2_w_t_ - 6771420519758253//36028797018963968, _t2_wˍt_t_ + 1946589991369//70368744177664, _t2_wˍtt_t_ + 112227649//137438953472, _t2_wˍttt_t_ - 239007//33554432, _tpa_*_t2_yy_t_ - _tpbeta_*_t2_x_t_*_t2_vv_t_ + _t2_yyˍt_t_, _tpuu_*_t2_vv_t_ - _tpk_*_t2_yy_t_ + _t2_vvˍt_t_, _tpa_*_t2_yyˍt_t_ - _tpbeta_*_t2_x_t_*_t2_vvˍt_t_ - _tpbeta_*_t2_vv_t_*_t2_xˍt_t_ + _t2_yyˍtt_t_, _tpuu_*_t2_vvˍt_t_ - _tpk_*_t2_yyˍt_t_ + _t2_vvˍtt_t_, -_tpc_*_tpq_*_t2_yy_t_*_t2_w_t_ + _tph_*_t2_z_t_ + _t2_zˍt_t_, -_tpc_*_tpq_*_t2_yy_t_*_t2_wˍt_t_ - _tpc_*_tpq_*_t2_w_t_*_t2_yyˍt_t_ + _tph_*_t2_zˍt_t_ + _t2_zˍtt_t_, -_tpc_*_tpq_*_t2_yy_t_*_t2_wˍtt_t_ - _tpc_*_tpq_*_t2_w_t_*_t2_yyˍtt_t_ - 2*_tpc_*_tpq_*_t2_yyˍt_t_*_t2_wˍt_t_ + _tph_*_t2_zˍtt_t_ + _t2_zˍttt_t_, _tpd_*_t2_x_t_ + _tpbeta_*_t2_x_t_*_t2_vv_t_ - _tplm_ + _t2_xˍt_t_, _tpd_*_t2_xˍt_t_ + _tpbeta_*_t2_x_t_*_t2_vvˍt_t_ + _tpbeta_*_t2_vv_t_*_t2_xˍt_t_ + _t2_xˍtt_t_, _tpd_*_t2_xˍtt_t_ + _tpbeta_*_t2_x_t_*_t2_vvˍtt_t_ + _tpbeta_*_t2_vv_t_*_t2_xˍtt_t_ + 2*_tpbeta_*_t2_vvˍt_t_*_t2_xˍt_t_ + _t2_xˍttt_t_, _tpc_*_tpq_*_t2_yy_t_*_t2_w_t_ - _tpc_*_t2_x_t_*_t2_yy_t_*_t2_w_t_ + _tpb_*_t2_w_t_ + _t2_wˍt_t_, _tpc_*_tpq_*_t2_yy_t_*_t2_wˍt_t_ + _tpc_*_tpq_*_t2_w_t_*_t2_yyˍt_t_ - _tpc_*_t2_x_t_*_t2_yy_t_*_t2_wˍt_t_ - _tpc_*_t2_x_t_*_t2_w_t_*_t2_yyˍt_t_ - _tpc_*_t2_yy_t_*_t2_w_t_*_t2_xˍt_t_ + _tpb_*_t2_wˍt_t_ + _t2_wˍtt_t_, _tpc_*_tpq_*_t2_yy_t_*_t2_wˍtt_t_ + _tpc_*_tpq_*_t2_w_t_*_t2_yyˍtt_t_ + 2*_tpc_*_tpq_*_t2_yyˍt_t_*_t2_wˍt_t_ - _tpc_*_t2_x_t_*_t2_yy_t_*_t2_wˍtt_t_ - _tpc_*_t2_x_t_*_t2_w_t_*_t2_yyˍtt_t_ - 2*_tpc_*_t2_x_t_*_t2_yyˍt_t_*_t2_wˍt_t_ - _tpc_*_t2_yy_t_*_t2_w_t_*_t2_xˍtt_t_ - 2*_tpc_*_t2_yy_t_*_t2_xˍt_t_*_t2_wˍt_t_ - 2*_tpc_*_t2_w_t_*_t2_yyˍt_t_*_t2_xˍt_t_ + _tpb_*_t2_wˍtt_t_ + _t2_wˍttt_t_]
R
Multivariate polynomial ring in 28 variables over rationals
primes of bitsize 28
G-Q-Pt-FG-LT-LP(U)
G-Q-Pt-FG-LT-LP(U)
G-Q-Pt-FG-LT-LP(U)
G-Q-Pt-FG-LT-LP(U)
G-Q-Pt-FG-LT-LP(U)
G-Q-Pt-FG-LT-LP(U)
G-Q-Pt-FG-LT-LP(U)
G-Q-Pt-FG-LT-LP(U)
G-Q-Pt-FG-LT-LP(U)
G-Q-Pt-FG-LT-LP(C)
Dimension of the quotient :4
Degree of the radical :4
Use variable 19 as separating element
Run Groebner learn
Test cyclic optimization
Apply cyclic optimization 
Multi-modular computation (1 threads): G-Q-Pt-FG-LT-LP(C)
5-9-13-17-21-25-29-33-37-41-45-49-53-61-69-77-85-93-105-117-129-141-157-173-193-
check-G-Q-Pt-FG-LT-LP(C)
Nb Primes used :193
4-element Vector{Vector{Vector{BigFloat}}}:
 [[0.67259312, 0.67259407], [0.41834354, 0.41834402], [0.63323116, 0.63323212], [0.41966629, 0.41966677], [0.61283588, 0.61283684], [0.59064102, 0.59064198], [0.75728703, 0.75728798], [0.15632153, 0.15632176], [0.37741184, 0.37741232], [0.44364357, 0.44364405], [0.62284756, 0.62284851], [0.67810345, 0.6781044], [0.53261852, 0.53261948], [0.18794465, 0.18794489], [0.42342091, 0.42342138], [-0.33088589, -0.33088541], [0.1920445, 0.19204473], [0.25242472, 0.25242519], [-0.28337383, -0.28337336], [0.0071229562, 0.0071229711], [-0.28916121, -0.28916073], [0.19897676, 0.19897699], [-0.1345737, -0.13457346], [-0.07596612, -0.075966001], [0.018230557, 0.018230587], [0.062415838, 0.062415957], [-0.027662724, -0.027662694], [-0.00081656408, -0.00081656314]]
 [[1.7567635, 1.7567654], [0.54047108, 0.54047203], [-0.52535343, -0.52535248], [0.52235031, 0.52235126], [1.6492043, 1.6492062], [0.37551022, 0.37551069], [0.70792389, 0.70792484], [0.18429756, 0.1842978], [0.65113354, 0.65113449], [-0.024755061, -0.024755031], [0.62284756, 0.62284851], [0.27762127, 0.27762175], [0.93309975, 0.9331007], [0.18794465, 0.18794489], [0.42342091, 0.42342138], [-0.10929012, -0.10929], [-0.02955091, -0.02955088], [0.13385725, 0.13385749], [-0.16480589, -0.16480565], [0.0071229562, 0.0071229711], [-0.28916121, -0.28916073], [0.19897676, 0.19897699], [-0.1345737, -0.13457346], [-0.07596612, -0.075966001], [0.018230557, 0.018230587], [0.062415838, 0.062415957], [-0.027662724, -0.027662694], [-0.00081656408, -0.00081656314]]
 [[3.5621529, 3.5621567], [-0.51919842, -0.51919746], [3.7404594, 3.7404633], [-0.026497513, -0.026497483], [1.0115948, 1.0115967], [0.37551022, 0.37551069], [0.70792389, 0.70792484], [0.18429756, 0.1842978], [-0.98028755, -0.9802866], [1.3380871, 1.338089], [0.62284756, 0.62284851], [-0.28899717, -0.2889967], [1.4997177, 1.4997196], [0.18794465, 0.18794489], [0.42342091, 0.42342138], [0.1137681, 0.11376822], [-0.25260925, -0.25260878], [-0.13934231, -0.13934207], [0.10839379, 0.10839391], [0.0071229562, 0.0071229711], [-0.28916121, -0.28916073], [0.19897676, 0.19897699], [-0.1345737, -0.13457346], [-0.07596612, -0.075966001], [0.018230557, 0.018230587], [0.062415838, 0.062415957], [-0.027662724, -0.027662694], [-0.00081656408, -0.00081656314]]
 [[1.5357437, 1.5357456], [-0.47512865, -0.47512817], [3.2040291, 3.2040329], [0.041159391, 0.041159451], [0.59587479, 0.59587574], [0.59064102, 0.59064198], [0.75728703, 0.75728798], [0.15632153, 0.15632176], [-0.55560112, -0.55560017], [1.2940655, 1.2940674], [0.62284756, 0.62284851], [-0.59706116, -0.5970602], [1.8077812, 1.8077831], [0.18794465, 0.18794489], [0.42342091, 0.42342138], [0.2913394, 0.29133987], [-0.43018103, -0.43018055], [-0.22225666, -0.22225642], [0.19130826, 0.1913085], [0.0071229562, 0.0071229711], [-0.28916121, -0.28916073], [0.19897676, 0.19897699], [-0.1345737, -0.13457346], [-0.07596612, -0.075966001], [0.018230557, 0.018230587], [0.062415838, 0.062415957], [-0.027662724, -0.027662694], [-0.00081656408, -0.00081656314]]








