LinearAlgebra.PosDefException(3)
LinearAlgebra.PosDefException(2)
LinearAlgebra.PosDefException(2)
LinearAlgebra.PosDefException(3)
LinearAlgebra.PosDefException(3)
LinearAlgebra.PosDefException(5)
LinearAlgebra.PosDefException(85)
LinearAlgebra.PosDefException(2)
LinearAlgebra.PosDefException(3)
LinearAlgebra.PosDefException(2)
LinearAlgebra.PosDefException(6)
LinearAlgebra.PosDefException(4)
LinearAlgebra.PosDefException(4)
LinearAlgebra.PosDefException(4)
LinearAlgebra.PosDefException(42)
LinearAlgebra.PosDefException(2)
LinearAlgebra.PosDefException(3)
LinearAlgebra.PosDefException(2)
LinearAlgebra.PosDefException(2)
LinearAlgebra.PosDefException(3)
LinearAlgebra.PosDefException(3)
LinearAlgebra.PosDefException(6)
LinearAlgebra.PosDefException(4)
LinearAlgebra.PosDefException(72)
LinearAlgebra.PosDefException(2)
LinearAlgebra.PosDefException(3)
LinearAlgebra.PosDefException(2)
LinearAlgebra.PosDefException(2)
LinearAlgebra.PosDefException(2)
LinearAlgebra.PosDefException(5)
LinearAlgebra.PosDefException(3)
LinearAlgebra.PosDefException(6)
LinearAlgebra.PosDefException(4)
LinearAlgebra.PosDefException(10)
LinearAlgebra.PosDefException(107)
LinearAlgebra.PosDefException(538)
LinearAlgebra.PosDefException(2)
LinearAlgebra.PosDefException(2)
LinearAlgebra.PosDefException(3)
LinearAlgebra.PosDefException(2)
LinearAlgebra.PosDefException(3)
LinearAlgebra.PosDefException(3)
LinearAlgebra.PosDefException(3)
LinearAlgebra.PosDefException(4)
LinearAlgebra.PosDefException(4)
LinearAlgebra.PosDefException(9)
LinearAlgebra.PosDefException(67)
LinearAlgebra.PosDefException(263)
LinearAlgebra.PosDefException(715)
LinearAlgebra.PosDefException(5)
LinearAlgebra.PosDefException(37)
LinearAlgebra.PosDefException(145)
LinearAlgebra.PosDefException(310)
LinearAlgebra.PosDefException(602)
LinearAlgebra.PosDefException(5)
LinearAlgebra.PosDefException(4)
LinearAlgebra.PosDefException(5)
LinearAlgebra.PosDefException(5)
LinearAlgebra.PosDefException(6)
LinearAlgebra.PosDefException(5)
LinearAlgebra.PosDefException(8)
LinearAlgebra.PosDefException(6)
LinearAlgebra.PosDefException(64)
LinearAlgebra.PosDefException(135)
LinearAlgebra.PosDefException(282)
LinearAlgebra.PosDefException(722)
LinearAlgebra.PosDefException(4)
LinearAlgebra.PosDefException(7)
LinearAlgebra.PosDefException(6)
LinearAlgebra.PosDefException(7)
LinearAlgebra.PosDefException(7)
LinearAlgebra.PosDefException(5)
LinearAlgebra.PosDefException(7)
LinearAlgebra.PosDefException(17)
LinearAlgebra.PosDefException(76)
LinearAlgebra.PosDefException(142)
LinearAlgebra.PosDefException(287)
LinearAlgebra.PosDefException(690)
LinearAlgebra.PosDefException(758)
LinearAlgebra.PosDefException(5)
LinearAlgebra.PosDefException(8)
LinearAlgebra.PosDefException(7)
LinearAlgebra.PosDefException(5)
LinearAlgebra.PosDefException(5)
LinearAlgebra.PosDefException(5)
LinearAlgebra.PosDefException(6)
LinearAlgebra.PosDefException(32)
LinearAlgebra.PosDefException(145)
LinearAlgebra.PosDefException(297)
LinearAlgebra.PosDefException(294)
LinearAlgebra.PosDefException(732)
LinearAlgebra.PosDefException(762)
LinearAlgebra.PosDefException(868)
LinearAlgebra.PosDefException(7)
LinearAlgebra.PosDefException(5)
LinearAlgebra.PosDefException(5)
LinearAlgebra.PosDefException(7)
LinearAlgebra.PosDefException(8)
LinearAlgebra.PosDefException(7)
LinearAlgebra.PosDefException(5)
LinearAlgebra.PosDefException(30)
LinearAlgebra.PosDefException(81)
LinearAlgebra.PosDefException(294)
LinearAlgebra.PosDefException(297)
LinearAlgebra.PosDefException(692)
LinearAlgebra.PosDefException(757)
LinearAlgebra.PosDefException(847)
LinearAlgebra.PosDefException(5)
LinearAlgebra.PosDefException(5)
LinearAlgebra.PosDefException(5)
LinearAlgebra.PosDefException(5)
LinearAlgebra.PosDefException(8)
LinearAlgebra.PosDefException(6)
LinearAlgebra.PosDefException(5)
LinearAlgebra.PosDefException(25)
LinearAlgebra.PosDefException(150)
LinearAlgebra.PosDefException(290)
LinearAlgebra.PosDefException(299)
LinearAlgebra.PosDefException(700)
LinearAlgebra.PosDefException(849)
LinearAlgebra.PosDefException(892)
LinearAlgebra.PosDefException(858)
LinearAlgebra.PosDefException(935)
LinearAlgebra.PosDefException(872)
LinearAlgebra.PosDefException(947)
LinearAlgebra.PosDefException(863)
LinearAlgebra.PosDefException(1)
LinearAlgebra.PosDefException(1)
LinearAlgebra.PosDefException(863)
LinearAlgebra.PosDefException(859)
LinearAlgebra.PosDefException(809)
LinearAlgebra.PosDefException(910)
Noise level is too low, using  AAA
DEBUG [determine_optimal_points_count]: Large num points: 1
DEBUG [determine_optimal_points_count]: Good num points: 1
DEBUG [multipoint_parameter_estimation]: Parameter estimation using this many points: 1

DEBUG [pick_points]: Starting point selection...
DEBUG [pick_points]: Number of points to pick: 1
DEBUG [pick_points]: Total points available: 1001
DEBUG [pick_points]: Number of interpolants: 1

DEBUG [pick_points]: Computing interestingness scores...
DEBUG [pick_points]: Processed 100 points
DEBUG [pick_points]: Processed 200 points
DEBUG [pick_points]: Processed 300 points
DEBUG [pick_points]: Processed 400 points
DEBUG [pick_points]: Processed 500 points
DEBUG [pick_points]: Processed 600 points
DEBUG [pick_points]: Processed 700 points
DEBUG [pick_points]: Processed 800 points
DEBUG [pick_points]: Processed 900 points
DEBUG [pick_points]: Processed 1000 points

DEBUG [pick_points]: Score statistics:
DEBUG [pick_points]: Min score: 0.15079370180843132
DEBUG [pick_points]: Max score: 0.5353322250658458
DEBUG [pick_points]: Mean score: 0.3128312909094355
DEBUG [pick_points]: Normalized scores

DEBUG [pick_points]: Selected 1 points
DEBUG [pick_points]: Selected time points: [0.998]
aa_system
Any[_t1000_r_t_ - 1268825545713403//1125899906842624, _t1000_rˍt_t_ - 3266343377679//4398046511104, _t1000_rˍtt_t_ - 3893992885//8589934592, _t1000_rˍttt_t_ - 3025521//16777216, _t1000_rˍtttt_t_ + 1129//8192, _tpk2_*_t1000_r_t_*_t1000_w_t_ - _tpk1_*_t1000_r_t_ + _t1000_rˍt_t_, _tpk2_*_t1000_r_t_*_t1000_wˍt_t_ + _tpk2_*_t1000_w_t_*_t1000_rˍt_t_ - _tpk1_*_t1000_rˍt_t_ + _t1000_rˍtt_t_, _tpk2_*_t1000_r_t_*_t1000_wˍtt_t_ + _tpk2_*_t1000_w_t_*_t1000_rˍtt_t_ + 2*_tpk2_*_t1000_rˍt_t_*_t1000_wˍt_t_ - _tpk1_*_t1000_rˍtt_t_ + _t1000_rˍttt_t_, _tpk2_*_t1000_r_t_*_t1000_wˍttt_t_ + _tpk2_*_t1000_w_t_*_t1000_rˍttt_t_ + 3*_tpk2_*_t1000_rˍt_t_*_t1000_wˍtt_t_ + 3*_tpk2_*_t1000_rˍtt_t_*_t1000_wˍt_t_ - _tpk1_*_t1000_rˍttt_t_ + _t1000_rˍtttt_t_, -_tpk2_*_t1000_r_t_*_t1000_w_t_ + _tpk3_*_t1000_w_t_ + _t1000_wˍt_t_, -_tpk2_*_t1000_r_t_*_t1000_wˍt_t_ - _tpk2_*_t1000_w_t_*_t1000_rˍt_t_ + _tpk3_*_t1000_wˍt_t_ + _t1000_wˍtt_t_, -_tpk2_*_t1000_r_t_*_t1000_wˍtt_t_ - _tpk2_*_t1000_w_t_*_t1000_rˍtt_t_ - 2*_tpk2_*_t1000_rˍt_t_*_t1000_wˍt_t_ + _tpk3_*_t1000_wˍtt_t_ + _t1000_wˍttt_t_]
R
Multivariate polynomial ring in 12 variables over rationals
primes of bitsize 28
G-Q-Pt-FG-LT-LP(C)
Dimension of the quotient :2
Degree of the radical :2
Use last variable as separating element
Run Groebner learn
Test cyclic optimization
Apply cyclic optimization 
Multi-modular computation (1 threads): G-Q-Pt-FG-LT-LP(C)
5-9-13-17-21-25-29-33-37-41-45-49-53-
check-G-Q-Pt-FG-LT-LP(C)
Nb Primes used :53
2-element Vector{Vector{Vector{BigFloat}}}:
 [[-1.6851673, -1.6851654], [0.67201233, 0.67201328], [-4.3664093, -4.3664017], [1.1269417, 1.1269436], [-0.0077091455, -0.0077091381], [0.7426796, 0.74268055], [0.45332003, 0.4533205], [0.18033504, 0.18033528], [-0.13781762, -0.13781714], [-0.019020885, -0.019020855], [-0.037282228, -0.037282169], [-0.038487077, -0.038487017]]
 [[0.40449095, 0.40449142], [0.8502779, 0.85027885], [0.28824472, 0.2882452], [1.1269417, 1.1269436], [0.47283125, 0.47283173], [0.7426796, 0.74268055], [0.45332003, 0.4533205], [0.18033504, 0.18033528], [-0.13781762, -0.13781714], [0.07924366, 0.079243779], [0.15532279, 0.15532303], [0.16034222, 0.16034245]]




