LinearAlgebra.PosDefException(2)
LinearAlgebra.PosDefException(3)
LinearAlgebra.PosDefException(3)
LinearAlgebra.PosDefException(3)
LinearAlgebra.PosDefException(5)
LinearAlgebra.PosDefException(4)
LinearAlgebra.PosDefException(81)
LinearAlgebra.PosDefException(2)
LinearAlgebra.PosDefException(2)
LinearAlgebra.PosDefException(3)
LinearAlgebra.PosDefException(2)
LinearAlgebra.PosDefException(4)
LinearAlgebra.PosDefException(3)
LinearAlgebra.PosDefException(6)
LinearAlgebra.PosDefException(46)
LinearAlgebra.PosDefException(2)
LinearAlgebra.PosDefException(2)
LinearAlgebra.PosDefException(2)
LinearAlgebra.PosDefException(2)
LinearAlgebra.PosDefException(3)
LinearAlgebra.PosDefException(3)
LinearAlgebra.PosDefException(5)
LinearAlgebra.PosDefException(8)
LinearAlgebra.PosDefException(235)
LinearAlgebra.PosDefException(3)
LinearAlgebra.PosDefException(4)
LinearAlgebra.PosDefException(4)
LinearAlgebra.PosDefException(4)
LinearAlgebra.PosDefException(6)
LinearAlgebra.PosDefException(51)
LinearAlgebra.PosDefException(510)
LinearAlgebra.PosDefException(6)
LinearAlgebra.PosDefException(7)
LinearAlgebra.PosDefException(77)
LinearAlgebra.PosDefException(307)
LinearAlgebra.PosDefException(74)
LinearAlgebra.PosDefException(220)
LinearAlgebra.PosDefException(376)
LinearAlgebra.PosDefException(775)
LinearAlgebra.PosDefException(211)
LinearAlgebra.PosDefException(346)
LinearAlgebra.PosDefException(499)
LinearAlgebra.PosDefException(699)
LinearAlgebra.PosDefException(319)
LinearAlgebra.PosDefException(456)
LinearAlgebra.PosDefException(695)
LinearAlgebra.PosDefException(2)
LinearAlgebra.PosDefException(4)
LinearAlgebra.PosDefException(4)
LinearAlgebra.PosDefException(4)
LinearAlgebra.PosDefException(4)
LinearAlgebra.PosDefException(7)
LinearAlgebra.PosDefException(5)
LinearAlgebra.PosDefException(7)
LinearAlgebra.PosDefException(61)
LinearAlgebra.PosDefException(135)
LinearAlgebra.PosDefException(269)
LinearAlgebra.PosDefException(581)
LinearAlgebra.PosDefException(919)
LinearAlgebra.PosDefException(2)
LinearAlgebra.PosDefException(4)
LinearAlgebra.PosDefException(4)
LinearAlgebra.PosDefException(4)
LinearAlgebra.PosDefException(4)
LinearAlgebra.PosDefException(7)
LinearAlgebra.PosDefException(5)
LinearAlgebra.PosDefException(7)
LinearAlgebra.PosDefException(61)
LinearAlgebra.PosDefException(135)
LinearAlgebra.PosDefException(277)
LinearAlgebra.PosDefException(617)
LinearAlgebra.PosDefException(919)
Noise level is too low, using  AAA
DEBUG [determine_optimal_points_count]: Large num points: 1
DEBUG [determine_optimal_points_count]: Good num points: 1
DEBUG [multipoint_parameter_estimation]: Parameter estimation using this many points: 1

DEBUG [pick_points]: Starting point selection...
DEBUG [pick_points]: Number of points to pick: 1
DEBUG [pick_points]: Total points available: 1001
DEBUG [pick_points]: Number of interpolants: 1

DEBUG [pick_points]: Computing interestingness scores...
DEBUG [pick_points]: Processed 100 points
DEBUG [pick_points]: Processed 200 points
DEBUG [pick_points]: Processed 300 points
DEBUG [pick_points]: Processed 400 points
DEBUG [pick_points]: Processed 500 points
DEBUG [pick_points]: Processed 600 points
DEBUG [pick_points]: Processed 700 points
DEBUG [pick_points]: Processed 800 points
DEBUG [pick_points]: Processed 900 points
DEBUG [pick_points]: Processed 1000 points

DEBUG [pick_points]: Score statistics:
DEBUG [pick_points]: Min score: 0.039285632427186155
DEBUG [pick_points]: Max score: 0.05237094929981357
DEBUG [pick_points]: Mean score: 0.04575925047757157
DEBUG [pick_points]: Normalized scores

DEBUG [pick_points]: Selected 1 points
DEBUG [pick_points]: Selected time points: [0.998]
aa_system
Any[_t1000_r_t_ - 2731584231146361//4503599627370496, _t1000_rˍt_t_ - 1695110773461//17592186044416, _t1000_rˍtt_t_ - 459915505//34359738368, _t1000_rˍttt_t_ - 17//131072, _t1000_rˍtttt_t_ + 59//32768, _tpk2_*_t1000_r_t_*_t1000_w_t_ - _tpk1_*_t1000_r_t_ + _t1000_rˍt_t_, _tpk2_*_t1000_r_t_*_t1000_wˍt_t_ + _tpk2_*_t1000_w_t_*_t1000_rˍt_t_ - _tpk1_*_t1000_rˍt_t_ + _t1000_rˍtt_t_, _tpk2_*_t1000_r_t_*_t1000_wˍtt_t_ + _tpk2_*_t1000_w_t_*_t1000_rˍtt_t_ + 2*_tpk2_*_t1000_rˍt_t_*_t1000_wˍt_t_ - _tpk1_*_t1000_rˍtt_t_ + _t1000_rˍttt_t_, _tpk2_*_t1000_r_t_*_t1000_wˍttt_t_ + _tpk2_*_t1000_w_t_*_t1000_rˍttt_t_ + 3*_tpk2_*_t1000_rˍt_t_*_t1000_wˍtt_t_ + 3*_tpk2_*_t1000_rˍtt_t_*_t1000_wˍt_t_ - _tpk1_*_t1000_rˍttt_t_ + _t1000_rˍtttt_t_, -_tpk2_*_t1000_r_t_*_t1000_w_t_ + _tpk3_*_t1000_w_t_ + _t1000_wˍt_t_, -_tpk2_*_t1000_r_t_*_t1000_wˍt_t_ - _tpk2_*_t1000_w_t_*_t1000_rˍt_t_ + _tpk3_*_t1000_wˍt_t_ + _t1000_wˍtt_t_, -_tpk2_*_t1000_r_t_*_t1000_wˍtt_t_ - _tpk2_*_t1000_w_t_*_t1000_rˍtt_t_ - 2*_tpk2_*_t1000_rˍt_t_*_t1000_wˍt_t_ + _tpk3_*_t1000_wˍtt_t_ + _t1000_wˍttt_t_]
R
Multivariate polynomial ring in 12 variables over rationals
primes of bitsize 28
G-Q-Pt-FG-LT-LP(C)
Dimension of the quotient :2
Degree of the radical :2
Use last variable as separating element
Run Groebner learn
Test cyclic optimization
Apply cyclic optimization 
Multi-modular computation (1 threads): G-Q-Pt-FG-LT-LP(C)
5-9-13-17-21-25-29-33-37-41-45-49-
check-G-Q-Pt-FG-LT-LP(C)
Nb Primes used :49
2-element Vector{Vector{Vector{BigFloat}}}:
 [[1.3253136, 1.3253155], [0.16899896, 0.1689992], [0.49119234, 0.49119282], [0.60653305, 0.606534], [0.0076478347, 0.0076478422], [0.096355796, 0.096355915], [0.013385296, 0.013385311], [0.00012969947, 0.00012969994], [-0.001800539, -0.0018005352], [0.0023911335, 0.0023911372], [0.0017242413, 0.0017242432], [0.0012854673, 0.0012854692]]
 [[0.15654755, 0.15654778], [0.16339326, 0.1633935], [-0.60458374, -0.60458279], [0.60653305, 0.606534], [0.028937876, 0.028937906], [0.096355796, 0.096355915], [0.013385296, 0.013385311], [0.00012969947, 0.00012969994], [-0.001800539, -0.0018005352], [0.020243049, 0.020243078], [0.014597237, 0.014597252], [0.010882616, 0.010882631]]




