LinearAlgebra.PosDefException(3)
LinearAlgebra.PosDefException(2)
LinearAlgebra.PosDefException(2)
LinearAlgebra.PosDefException(3)
LinearAlgebra.PosDefException(5)
LinearAlgebra.PosDefException(9)
LinearAlgebra.PosDefException(90)
LinearAlgebra.PosDefException(2)
LinearAlgebra.PosDefException(3)
LinearAlgebra.PosDefException(2)
LinearAlgebra.PosDefException(2)
LinearAlgebra.PosDefException(4)
LinearAlgebra.PosDefException(4)
LinearAlgebra.PosDefException(4)
LinearAlgebra.PosDefException(44)
LinearAlgebra.PosDefException(2)
LinearAlgebra.PosDefException(2)
LinearAlgebra.PosDefException(2)
LinearAlgebra.PosDefException(2)
LinearAlgebra.PosDefException(5)
LinearAlgebra.PosDefException(5)
LinearAlgebra.PosDefException(4)
LinearAlgebra.PosDefException(4)
LinearAlgebra.PosDefException(129)
LinearAlgebra.PosDefException(6)
LinearAlgebra.PosDefException(5)
LinearAlgebra.PosDefException(4)
LinearAlgebra.PosDefException(4)
LinearAlgebra.PosDefException(6)
LinearAlgebra.PosDefException(41)
LinearAlgebra.PosDefException(425)
LinearAlgebra.PosDefException(4)
LinearAlgebra.PosDefException(5)
LinearAlgebra.PosDefException(4)
LinearAlgebra.PosDefException(6)
LinearAlgebra.PosDefException(20)
LinearAlgebra.PosDefException(141)
LinearAlgebra.PosDefException(366)
LinearAlgebra.PosDefException(3)
LinearAlgebra.PosDefException(6)
LinearAlgebra.PosDefException(4)
LinearAlgebra.PosDefException(4)
LinearAlgebra.PosDefException(10)
LinearAlgebra.PosDefException(57)
LinearAlgebra.PosDefException(182)
LinearAlgebra.PosDefException(351)
LinearAlgebra.PosDefException(535)
Noise level is too low, using  AAA
DEBUG [determine_optimal_points_count]: Large num points: 1
DEBUG [determine_optimal_points_count]: Good num points: 1
DEBUG [multipoint_parameter_estimation]: Parameter estimation using this many points: 1

DEBUG [pick_points]: Starting point selection...
DEBUG [pick_points]: Number of points to pick: 1
DEBUG [pick_points]: Total points available: 1001
DEBUG [pick_points]: Number of interpolants: 1

DEBUG [pick_points]: Computing interestingness scores...
DEBUG [pick_points]: Processed 100 points
DEBUG [pick_points]: Processed 200 points
DEBUG [pick_points]: Processed 300 points
DEBUG [pick_points]: Processed 400 points
DEBUG [pick_points]: Processed 500 points
DEBUG [pick_points]: Processed 600 points
DEBUG [pick_points]: Processed 700 points
DEBUG [pick_points]: Processed 800 points
DEBUG [pick_points]: Processed 900 points
DEBUG [pick_points]: Processed 1000 points

DEBUG [pick_points]: Score statistics:
DEBUG [pick_points]: Min score: 0.028701844219378294
DEBUG [pick_points]: Max score: 0.09358822689405695
DEBUG [pick_points]: Mean score: 0.055622545234117395
DEBUG [pick_points]: Normalized scores

DEBUG [pick_points]: Selected 1 points
DEBUG [pick_points]: Selected time points: [-0.998]
aa_system
Any[_t2_r_t_ - 7237081375931641//18014398509481984, _t2_rˍt_t_ + 4593821090145//35184372088832, _t2_rˍtt_t_ - 5200945101//68719476736, _t2_rˍttt_t_ + 1258493//33554432, _t2_rˍtttt_t_ - 53//8192, _tpk2_*_t2_r_t_*_t2_w_t_ - _tpk1_*_t2_r_t_ + _t2_rˍt_t_, _tpk2_*_t2_r_t_*_t2_wˍt_t_ + _tpk2_*_t2_w_t_*_t2_rˍt_t_ - _tpk1_*_t2_rˍt_t_ + _t2_rˍtt_t_, _tpk2_*_t2_r_t_*_t2_wˍtt_t_ + _tpk2_*_t2_w_t_*_t2_rˍtt_t_ + 2*_tpk2_*_t2_rˍt_t_*_t2_wˍt_t_ - _tpk1_*_t2_rˍtt_t_ + _t2_rˍttt_t_, _tpk2_*_t2_r_t_*_t2_wˍttt_t_ + _tpk2_*_t2_w_t_*_t2_rˍttt_t_ + 3*_tpk2_*_t2_rˍt_t_*_t2_wˍtt_t_ + 3*_tpk2_*_t2_rˍtt_t_*_t2_wˍt_t_ - _tpk1_*_t2_rˍttt_t_ + _t2_rˍtttt_t_, -_tpk2_*_t2_r_t_*_t2_w_t_ + _tpk3_*_t2_w_t_ + _t2_wˍt_t_, -_tpk2_*_t2_r_t_*_t2_wˍt_t_ - _tpk2_*_t2_w_t_*_t2_rˍt_t_ + _tpk3_*_t2_wˍt_t_ + _t2_wˍtt_t_, -_tpk2_*_t2_r_t_*_t2_wˍtt_t_ - _tpk2_*_t2_w_t_*_t2_rˍtt_t_ - 2*_tpk2_*_t2_rˍt_t_*_t2_wˍt_t_ + _tpk3_*_t2_wˍtt_t_ + _t2_wˍttt_t_]
R
Multivariate polynomial ring in 12 variables over rationals
primes of bitsize 28
G-Q-Pt-FG-LT-LP(C)
Dimension of the quotient :2
Degree of the radical :2
Use last variable as separating element
Run Groebner learn
Test cyclic optimization
Apply cyclic optimization 
Multi-modular computation (1 threads): G-Q-Pt-FG-LT-LP(C)
5-9-13-17-21-25-29-33-37-41-45-49-
check-G-Q-Pt-FG-LT-LP(C)
Nb Primes used :49
2-element Vector{Vector{Vector{BigFloat}}}:
 [[4.074028, 4.0740356], [-0.41992903, -0.41992855], [0.76483345, 0.7648344], [0.40173864, 0.40173912], [-0.023301482, -0.023301452], [-0.13056445, -0.13056421], [0.075683594, 0.075683713], [-0.037506044, -0.037505984], [0.0064697191, 0.006469734], [-0.020315707, -0.020315677], [-0.0053179041, -0.0053178966], [0.0097915381, 0.009791553]]
 [[0.6543932, 0.65439415], [0.11203218, 0.11203229], [0.45227957, 0.45228004], [0.40173864, 0.40173912], [0.66783905, 0.66784], [-0.13056445, -0.13056421], [0.075683594, 0.075683713], [-0.037506044, -0.037505984], [0.0064697191, 0.006469734], [-0.12647867, -0.12647843], [-0.03310746, -0.0331074], [0.060958803, 0.060958862]]




