LinearAlgebra.PosDefException(2)
LinearAlgebra.PosDefException(2)
LinearAlgebra.PosDefException(3)
LinearAlgebra.PosDefException(3)
LinearAlgebra.PosDefException(3)
LinearAlgebra.PosDefException(5)
LinearAlgebra.PosDefException(80)
LinearAlgebra.PosDefException(3)
LinearAlgebra.PosDefException(2)
LinearAlgebra.PosDefException(2)
LinearAlgebra.PosDefException(2)
LinearAlgebra.PosDefException(3)
LinearAlgebra.PosDefException(5)
LinearAlgebra.PosDefException(6)
LinearAlgebra.PosDefException(45)
LinearAlgebra.PosDefException(3)
LinearAlgebra.PosDefException(2)
LinearAlgebra.PosDefException(2)
LinearAlgebra.PosDefException(2)
LinearAlgebra.PosDefException(4)
LinearAlgebra.PosDefException(6)
LinearAlgebra.PosDefException(4)
LinearAlgebra.PosDefException(8)
LinearAlgebra.PosDefException(368)
LinearAlgebra.PosDefException(3)
LinearAlgebra.PosDefException(5)
LinearAlgebra.PosDefException(3)
LinearAlgebra.PosDefException(5)
LinearAlgebra.PosDefException(6)
LinearAlgebra.PosDefException(4)
LinearAlgebra.PosDefException(16)
LinearAlgebra.PosDefException(349)
LinearAlgebra.PosDefException(2)
LinearAlgebra.PosDefException(3)
LinearAlgebra.PosDefException(3)
LinearAlgebra.PosDefException(6)
LinearAlgebra.PosDefException(6)
LinearAlgebra.PosDefException(7)
LinearAlgebra.PosDefException(14)
LinearAlgebra.PosDefException(96)
LinearAlgebra.PosDefException(298)
LinearAlgebra.PosDefException(1)
LinearAlgebra.PosDefException(1)
LinearAlgebra.PosDefException(1)
LinearAlgebra.PosDefException(1)
Noise level is too low, using  AAA
LinearAlgebra.PosDefException(1)
LinearAlgebra.PosDefException(1)
LinearAlgebra.PosDefException(1)
LinearAlgebra.PosDefException(1)
LinearAlgebra.PosDefException(1)
LinearAlgebra.PosDefException(1)
LinearAlgebra.PosDefException(1)
LinearAlgebra.PosDefException(1)
LinearAlgebra.PosDefException(1)
LinearAlgebra.PosDefException(1)
LinearAlgebra.PosDefException(1)
LinearAlgebra.PosDefException(1)
LinearAlgebra.PosDefException(1)
LinearAlgebra.PosDefException(1)
LinearAlgebra.PosDefException(1)
LinearAlgebra.PosDefException(1)
LinearAlgebra.PosDefException(1)
LinearAlgebra.PosDefException(1)
LinearAlgebra.PosDefException(1)
LinearAlgebra.PosDefException(1)
LinearAlgebra.PosDefException(1)
LinearAlgebra.PosDefException(1)
LinearAlgebra.PosDefException(1)
LinearAlgebra.PosDefException(1)
LinearAlgebra.PosDefException(1)
LinearAlgebra.PosDefException(1)
LinearAlgebra.PosDefException(1)
LinearAlgebra.PosDefException(1)
LinearAlgebra.PosDefException(1)
LinearAlgebra.PosDefException(1)
LinearAlgebra.PosDefException(1)
LinearAlgebra.PosDefException(1)
LinearAlgebra.PosDefException(1)
LinearAlgebra.PosDefException(1)
LinearAlgebra.PosDefException(6)
LinearAlgebra.PosDefException(8)
LinearAlgebra.PosDefException(8)
LinearAlgebra.PosDefException(7)
LinearAlgebra.PosDefException(1)
LinearAlgebra.PosDefException(1)
LinearAlgebra.PosDefException(1)
LinearAlgebra.PosDefException(1)
LinearAlgebra.PosDefException(1)
LinearAlgebra.PosDefException(1)
LinearAlgebra.PosDefException(1)
LinearAlgebra.PosDefException(1)
LinearAlgebra.PosDefException(1)
LinearAlgebra.PosDefException(1)
LinearAlgebra.PosDefException(1)
LinearAlgebra.PosDefException(1)
LinearAlgebra.PosDefException(1)
LinearAlgebra.PosDefException(1)
LinearAlgebra.PosDefException(1)
LinearAlgebra.PosDefException(1)
LinearAlgebra.PosDefException(1)
LinearAlgebra.PosDefException(1)
LinearAlgebra.PosDefException(1)
LinearAlgebra.PosDefException(1)
LinearAlgebra.PosDefException(1)
LinearAlgebra.PosDefException(1)
LinearAlgebra.PosDefException(1)
LinearAlgebra.PosDefException(1)
LinearAlgebra.PosDefException(1)
LinearAlgebra.PosDefException(1)
LinearAlgebra.PosDefException(1)
LinearAlgebra.PosDefException(1)
LinearAlgebra.PosDefException(1)
DEBUG [determine_optimal_points_count]: Large num points: 1
DEBUG [determine_optimal_points_count]: Good num points: 1
DEBUG [multipoint_parameter_estimation]: Parameter estimation using this many points: 1

DEBUG [pick_points]: Starting point selection...
DEBUG [pick_points]: Number of points to pick: 1
DEBUG [pick_points]: Total points available: 1001
DEBUG [pick_points]: Number of interpolants: 2

DEBUG [pick_points]: Computing interestingness scores...
DEBUG [pick_points]: Processed 100 points
DEBUG [pick_points]: Processed 200 points
DEBUG [pick_points]: Processed 300 points
DEBUG [pick_points]: Processed 400 points
DEBUG [pick_points]: Processed 500 points
DEBUG [pick_points]: Processed 600 points
DEBUG [pick_points]: Processed 700 points
DEBUG [pick_points]: Processed 800 points
DEBUG [pick_points]: Processed 900 points
DEBUG [pick_points]: Processed 1000 points

DEBUG [pick_points]: Score statistics:
DEBUG [pick_points]: Min score: 0.0728446658488326
DEBUG [pick_points]: Max score: 1.464841841342614e6
DEBUG [pick_points]: Mean score: 1491.237727975442
DEBUG [pick_points]: Normalized scores

DEBUG [pick_points]: Selected 1 points
DEBUG [pick_points]: Selected time points: [-0.852]
aa_system
Any[_t75_NN_t_ - 343399471501245//562949953421312, _t75_In_t_ - 2765649336054425//4503599627370496, _t75_Inˍt_t_ + 58365735305//137438953472, _t75_Inˍtt_t_ - 64264033//524288, _t75_Inˍttt_t_ - 1499966423//128, _t75_Inˍtttt_t_ - 1498797500416, _t75_Inˍttttt_t_ - 239620709993676800, _tpa_*_t75_In_t_ - _tpnu_*_t75_E_t_ + _t75_Inˍt_t_, _tpa_*_t75_Inˍt_t_ - _tpnu_*_t75_Eˍt_t_ + _t75_Inˍtt_t_, _tpa_*_t75_Inˍtt_t_ - _tpnu_*_t75_Eˍtt_t_ + _t75_Inˍttt_t_, _tpa_*_t75_Inˍttt_t_ - _tpnu_*_t75_Eˍttt_t_ + _t75_Inˍtttt_t_, _tpa_*_t75_Inˍtttt_t_ - _tpnu_*_t75_Eˍtttt_t_ + _t75_Inˍttttt_t_, _tpnu_*_t75_E_t_*_t75_NN_t_ - _tpb_*_t75_S_t_*_t75_In_t_ + _t75_NN_t_*_t75_Eˍt_t_, _tpnu_*_t75_E_t_*_t75_NNˍt_t_ + _tpnu_*_t75_NN_t_*_t75_Eˍt_t_ - _tpb_*_t75_S_t_*_t75_Inˍt_t_ - _tpb_*_t75_In_t_*_t75_Sˍt_t_ + _t75_NN_t_*_t75_Eˍtt_t_ + _t75_Eˍt_t_*_t75_NNˍt_t_, _tpnu_*_t75_E_t_*_t75_NNˍtt_t_ + _tpnu_*_t75_NN_t_*_t75_Eˍtt_t_ + 2*_tpnu_*_t75_Eˍt_t_*_t75_NNˍt_t_ - _tpb_*_t75_S_t_*_t75_Inˍtt_t_ - _tpb_*_t75_In_t_*_t75_Sˍtt_t_ - 2*_tpb_*_t75_Inˍt_t_*_t75_Sˍt_t_ + _t75_NN_t_*_t75_Eˍttt_t_ + _t75_Eˍt_t_*_t75_NNˍtt_t_ + 2*_t75_Eˍtt_t_*_t75_NNˍt_t_, _tpnu_*_t75_E_t_*_t75_NNˍttt_t_ + _tpnu_*_t75_NN_t_*_t75_Eˍttt_t_ + 3*_tpnu_*_t75_Eˍt_t_*_t75_NNˍtt_t_ + 3*_tpnu_*_t75_Eˍtt_t_*_t75_NNˍt_t_ - _tpb_*_t75_S_t_*_t75_Inˍttt_t_ - _tpb_*_t75_In_t_*_t75_Sˍttt_t_ - 3*_tpb_*_t75_Inˍt_t_*_t75_Sˍtt_t_ - 3*_tpb_*_t75_Inˍtt_t_*_t75_Sˍt_t_ + _t75_NN_t_*_t75_Eˍtttt_t_ + _t75_Eˍt_t_*_t75_NNˍttt_t_ + 3*_t75_Eˍtt_t_*_t75_NNˍtt_t_ + 3*_t75_Eˍttt_t_*_t75_NNˍt_t_, _tpb_*_t75_S_t_*_t75_In_t_ + _t75_NN_t_*_t75_Sˍt_t_, _t75_NNˍt_t_, _t75_NNˍtt_t_, _tpb_*_t75_S_t_*_t75_Inˍt_t_ + _tpb_*_t75_In_t_*_t75_Sˍt_t_ + _t75_NN_t_*_t75_Sˍtt_t_ + _t75_Sˍt_t_*_t75_NNˍt_t_, _t75_NNˍttt_t_, _tpb_*_t75_S_t_*_t75_Inˍtt_t_ + _tpb_*_t75_In_t_*_t75_Sˍtt_t_ + 2*_tpb_*_t75_Inˍt_t_*_t75_Sˍt_t_ + _t75_NN_t_*_t75_Sˍttt_t_ + _t75_Sˍt_t_*_t75_NNˍtt_t_ + 2*_t75_NNˍt_t_*_t75_Sˍtt_t_]
R
Multivariate polynomial ring in 22 variables over rationals
primes of bitsize 28
G-Q-Pt-FG-LT-LP(C)
Dimension of the quotient :4
Degree of the radical :4
Use last variable as separating element
Run Groebner learn
Test cyclic optimization
Apply cyclic optimization 
Multi-modular computation (1 threads): G-Q-Pt-FG-LT-LP(C)
5-9-13-17-21-25-29-33-37-41-45-49-53-61-69-77-85-93-
check-G-Q-Pt-FG-LT-LP(C)
Nb Primes used :93
┌ Warning: Interrupted. Larger maxiters is needed. If you are using an integrator for non-stiff ODEs or an automatic switching algorithm (the default), you may want to consider using a method for stiff equations. See the solver pages for more details (e.g. https://docs.sciml.ai/DiffEqDocs/stable/solvers/ode_solve/#Stiff-Problems).
└ @ SciMLBase ~/.julia/packages/SciMLBase/Pma4a/src/integrator_interface.jl:589
┌ Warning: At t=-0.9961959997472317, dt was forced below floating point epsilon 1.1102230246251565e-16, and step error estimate = NaN. Aborting. There is either an error in your model specification or the true solution is unstable (or the true solution can not be represented in the precision of Float64).
└ @ SciMLBase ~/.julia/packages/SciMLBase/Pma4a/src/integrator_interface.jl:623
┌ Warning: At t=-0.9998151619334552, dt was forced below floating point epsilon 1.1102230246251565e-16, and step error estimate = 1.0128955012622292. Aborting. There is either an error in your model specification or the true solution is unstable (or the true solution can not be represented in the precision of Float64).
└ @ SciMLBase ~/.julia/packages/SciMLBase/Pma4a/src/integrator_interface.jl:623
┌ Warning: At t=-0.9961918056140134, dt was forced below floating point epsilon 1.1102230246251565e-16, and step error estimate = NaN. Aborting. There is either an error in your model specification or the true solution is unstable (or the true solution can not be represented in the precision of Float64).
└ @ SciMLBase ~/.julia/packages/SciMLBase/Pma4a/src/integrator_interface.jl:623
4-element Vector{Vector{Vector{BigFloat}}}:
 [[-63769.938, -63769.875], [0.69412899, 0.69412994], [-190394.0, -190393.75], [-0.00015375181, -0.00015375158], [-56417.938, -56417.875], [0.61409664, 0.6140976], [0.60999966, 0.61000061], [-0.42466688, -0.4246664], [122.57385, 122.57397], [1.171848e+07, 1.1718496e+07], [1.4987968e+12, 1.4987989e+12], [2.3962069e+17, 2.3962097e+17], [39190.812, 39190.875], [5.621368e+06, 5.621376e+06], [1.0826652e+12, 1.0826663e+12], [2.0751523e+17, 2.075155e+17], [-29.470032, -29.470001], [0.0, 0.0], [0.0, 0.0], [-5.648576e+06, -5.648568e+06], [0.0, 0.0], [-1.0826704e+12, -1.0826694e+12]]
 [[0.69412899, 0.69412994], [-191669.5, -191669.25], [-63345.125, -63345.062], [-1.5034431e-08, -1.5034402e-08], [-8.3306162e-09, -8.330602e-09], [0.61409664, 0.6140976], [0.60999966, 0.61000061], [-0.42466688, -0.4246664], [122.57385, 122.57397], [1.171848e+07, 1.1718496e+07], [1.4987968e+12, 1.4987989e+12], [2.3962069e+17, 2.3962097e+17], [-0.00063796993, -0.000637969], [-61.139587, -61.139526], [-7.819752e+06, -7.819744e+06], [-1.2501836e+12, -1.2501815e+12], [-0.00095875375, -0.00095875282], [0.0, 0.0], [0.0, 0.0], [-61.139648, -61.139587], [0.0, 0.0], [-3.898828e+06, -3.898824e+06]]
 [[0.69412899, 0.69412994], [-63769.938, -63769.875], [-190394.0, -190393.75], [1.6735733e-09, 1.6735751e-09], [-2.5038901e-08, -2.5038872e-08], [0.61409664, 0.6140976], [0.60999966, 0.61000061], [-0.42466688, -0.4246664], [122.57385, 122.57397], [1.171848e+07, 1.1718496e+07], [1.4987968e+12, 1.4987989e+12], [2.3962069e+17, 2.3962097e+17], [-0.0019175056, -0.0019175038], [-183.76343, -183.76318], [-2.350336e+07, -2.3503328e+07], [-3.7576015e+12, -3.7575973e+12], [0.00032077823, 0.00032077869], [0.0, 0.0], [0.0, 0.0], [61.484192, 61.484253], [0.0, 0.0], [1.1784752e+07, 1.1784768e+07]]
 [[-191669.5, -191669.25], [0.69412899, 0.69412994], [-63345.125, -63345.062], [0.0041514337, 0.0041514412], [-169570.75, -169570.5], [0.61409664, 0.6140976], [0.60999966, 0.61000061], [-0.42466688, -0.4246664], [122.57385, 122.57397], [1.171848e+07, 1.1718496e+07], [1.4987968e+12, 1.4987989e+12], [2.3962069e+17, 2.3962097e+17], [117439.25, 117439.38], [-1.6963936e+07, -1.6963904e+07], [-1.0765667e+12, -1.0765656e+12], [-6.8651101e+16, -6.8651032e+16], [264.73926, 264.73975], [0.0, 0.0], [0.0, 0.0], [1.68824e+07, 1.6882432e+07], [0.0, 0.0], [1.0765772e+12, 1.0765782e+12]]








