LinearAlgebra.PosDefException(2)
LinearAlgebra.PosDefException(3)
LinearAlgebra.PosDefException(2)
LinearAlgebra.PosDefException(3)
LinearAlgebra.PosDefException(7)
LinearAlgebra.PosDefException(6)
LinearAlgebra.PosDefException(81)
LinearAlgebra.PosDefException(2)
LinearAlgebra.PosDefException(2)
LinearAlgebra.PosDefException(2)
LinearAlgebra.PosDefException(2)
LinearAlgebra.PosDefException(4)
LinearAlgebra.PosDefException(3)
LinearAlgebra.PosDefException(4)
LinearAlgebra.PosDefException(40)
LinearAlgebra.PosDefException(6)
LinearAlgebra.PosDefException(3)
LinearAlgebra.PosDefException(3)
LinearAlgebra.PosDefException(3)
LinearAlgebra.PosDefException(4)
LinearAlgebra.PosDefException(4)
LinearAlgebra.PosDefException(10)
LinearAlgebra.PosDefException(348)
LinearAlgebra.PosDefException(6)
LinearAlgebra.PosDefException(6)
LinearAlgebra.PosDefException(7)
LinearAlgebra.PosDefException(24)
LinearAlgebra.PosDefException(286)
LinearAlgebra.PosDefException(5)
LinearAlgebra.PosDefException(6)
LinearAlgebra.PosDefException(9)
LinearAlgebra.PosDefException(49)
LinearAlgebra.PosDefException(338)
LinearAlgebra.PosDefException(11)
LinearAlgebra.PosDefException(6)
LinearAlgebra.PosDefException(5)
LinearAlgebra.PosDefException(14)
LinearAlgebra.PosDefException(84)
LinearAlgebra.PosDefException(207)
LinearAlgebra.PosDefException(403)
Noise level is too low, using  AAA
LinearAlgebra.PosDefException(1)
LinearAlgebra.PosDefException(1)
LinearAlgebra.PosDefException(1)
LinearAlgebra.PosDefException(1)
LinearAlgebra.PosDefException(1)
LinearAlgebra.PosDefException(1)
LinearAlgebra.PosDefException(1)
LinearAlgebra.PosDefException(1)
LinearAlgebra.PosDefException(1)
LinearAlgebra.PosDefException(1)
LinearAlgebra.PosDefException(1)
LinearAlgebra.PosDefException(1)
LinearAlgebra.PosDefException(1)
LinearAlgebra.PosDefException(1)
LinearAlgebra.PosDefException(1)
LinearAlgebra.PosDefException(1)
LinearAlgebra.PosDefException(1)
LinearAlgebra.PosDefException(1)
LinearAlgebra.PosDefException(1)
LinearAlgebra.PosDefException(1)
LinearAlgebra.PosDefException(1)
LinearAlgebra.PosDefException(1)
LinearAlgebra.PosDefException(1)
LinearAlgebra.PosDefException(1)
LinearAlgebra.PosDefException(1)
LinearAlgebra.PosDefException(1)
LinearAlgebra.PosDefException(1)
LinearAlgebra.PosDefException(1)
LinearAlgebra.PosDefException(1)
LinearAlgebra.PosDefException(1)
LinearAlgebra.PosDefException(1)
LinearAlgebra.PosDefException(1)
LinearAlgebra.PosDefException(1)
LinearAlgebra.PosDefException(1)
LinearAlgebra.PosDefException(7)
LinearAlgebra.PosDefException(8)
LinearAlgebra.PosDefException(7)
LinearAlgebra.PosDefException(8)
LinearAlgebra.PosDefException(1)
LinearAlgebra.PosDefException(1)
LinearAlgebra.PosDefException(1)
LinearAlgebra.PosDefException(1)
LinearAlgebra.PosDefException(1)
LinearAlgebra.PosDefException(1)
LinearAlgebra.PosDefException(1)
LinearAlgebra.PosDefException(1)
LinearAlgebra.PosDefException(1)
LinearAlgebra.PosDefException(1)
LinearAlgebra.PosDefException(1)
LinearAlgebra.PosDefException(1)
LinearAlgebra.PosDefException(1)
LinearAlgebra.PosDefException(1)
LinearAlgebra.PosDefException(1)
LinearAlgebra.PosDefException(1)
LinearAlgebra.PosDefException(1)
LinearAlgebra.PosDefException(1)
LinearAlgebra.PosDefException(1)
LinearAlgebra.PosDefException(1)
LinearAlgebra.PosDefException(1)
LinearAlgebra.PosDefException(1)
LinearAlgebra.PosDefException(1)
LinearAlgebra.PosDefException(1)
LinearAlgebra.PosDefException(1)
LinearAlgebra.PosDefException(1)
LinearAlgebra.PosDefException(1)
LinearAlgebra.PosDefException(1)
LinearAlgebra.PosDefException(1)
LinearAlgebra.PosDefException(1)
LinearAlgebra.PosDefException(1)
LinearAlgebra.PosDefException(1)
DEBUG [determine_optimal_points_count]: Large num points: 1
DEBUG [determine_optimal_points_count]: Good num points: 1
DEBUG [multipoint_parameter_estimation]: Parameter estimation using this many points: 1

DEBUG [pick_points]: Starting point selection...
DEBUG [pick_points]: Number of points to pick: 1
DEBUG [pick_points]: Total points available: 1001
DEBUG [pick_points]: Number of interpolants: 2

DEBUG [pick_points]: Computing interestingness scores...
DEBUG [pick_points]: Processed 100 points
DEBUG [pick_points]: Processed 200 points
DEBUG [pick_points]: Processed 300 points
DEBUG [pick_points]: Processed 400 points
DEBUG [pick_points]: Processed 500 points
DEBUG [pick_points]: Processed 600 points
DEBUG [pick_points]: Processed 700 points
DEBUG [pick_points]: Processed 800 points
DEBUG [pick_points]: Processed 900 points
DEBUG [pick_points]: Processed 1000 points

DEBUG [pick_points]: Score statistics:
DEBUG [pick_points]: Min score: 0.011301441108702761
DEBUG [pick_points]: Max score: 0.09122422010585099
DEBUG [pick_points]: Mean score: 0.03486058266846046
DEBUG [pick_points]: Normalized scores

DEBUG [pick_points]: Selected 1 points
DEBUG [pick_points]: Selected time points: [-0.998]
aa_system
Any[_t2_NN_t_ - 1031324314548789//2251799813685248, _t2_In_t_ - 1589007300058599//4503599627370496, _t2_Inˍt_t_ + 2978389645233//35184372088832, _t2_Inˍtt_t_ - 3497852647//34359738368, _t2_Inˍttt_t_ + 143573//1048576, _t2_Inˍtttt_t_ - 12077//65536, _t2_Inˍttttt_t_ + 2, _tpa_*_t2_In_t_ - _tpnu_*_t2_E_t_ + _t2_Inˍt_t_, _tpa_*_t2_Inˍt_t_ - _tpnu_*_t2_Eˍt_t_ + _t2_Inˍtt_t_, _tpa_*_t2_Inˍtt_t_ - _tpnu_*_t2_Eˍtt_t_ + _t2_Inˍttt_t_, _tpa_*_t2_Inˍttt_t_ - _tpnu_*_t2_Eˍttt_t_ + _t2_Inˍtttt_t_, _tpa_*_t2_Inˍtttt_t_ - _tpnu_*_t2_Eˍtttt_t_ + _t2_Inˍttttt_t_, _tpnu_*_t2_E_t_*_t2_NN_t_ - _tpb_*_t2_S_t_*_t2_In_t_ + _t2_NN_t_*_t2_Eˍt_t_, _tpnu_*_t2_E_t_*_t2_NNˍt_t_ + _tpnu_*_t2_NN_t_*_t2_Eˍt_t_ - _tpb_*_t2_S_t_*_t2_Inˍt_t_ - _tpb_*_t2_In_t_*_t2_Sˍt_t_ + _t2_NN_t_*_t2_Eˍtt_t_ + _t2_Eˍt_t_*_t2_NNˍt_t_, _tpnu_*_t2_E_t_*_t2_NNˍtt_t_ + _tpnu_*_t2_NN_t_*_t2_Eˍtt_t_ + 2*_tpnu_*_t2_Eˍt_t_*_t2_NNˍt_t_ - _tpb_*_t2_S_t_*_t2_Inˍtt_t_ - _tpb_*_t2_In_t_*_t2_Sˍtt_t_ - 2*_tpb_*_t2_Inˍt_t_*_t2_Sˍt_t_ + _t2_NN_t_*_t2_Eˍttt_t_ + _t2_Eˍt_t_*_t2_NNˍtt_t_ + 2*_t2_Eˍtt_t_*_t2_NNˍt_t_, _tpnu_*_t2_E_t_*_t2_NNˍttt_t_ + _tpnu_*_t2_NN_t_*_t2_Eˍttt_t_ + 3*_tpnu_*_t2_Eˍt_t_*_t2_NNˍtt_t_ + 3*_tpnu_*_t2_Eˍtt_t_*_t2_NNˍt_t_ - _tpb_*_t2_S_t_*_t2_Inˍttt_t_ - _tpb_*_t2_In_t_*_t2_Sˍttt_t_ - 3*_tpb_*_t2_Inˍt_t_*_t2_Sˍtt_t_ - 3*_tpb_*_t2_Inˍtt_t_*_t2_Sˍt_t_ + _t2_NN_t_*_t2_Eˍtttt_t_ + _t2_Eˍt_t_*_t2_NNˍttt_t_ + 3*_t2_Eˍtt_t_*_t2_NNˍtt_t_ + 3*_t2_Eˍttt_t_*_t2_NNˍt_t_, _tpb_*_t2_S_t_*_t2_In_t_ + _t2_NN_t_*_t2_Sˍt_t_, _t2_NNˍt_t_, _t2_NNˍtt_t_, _tpb_*_t2_S_t_*_t2_Inˍt_t_ + _tpb_*_t2_In_t_*_t2_Sˍt_t_ + _t2_NN_t_*_t2_Sˍtt_t_ + _t2_Sˍt_t_*_t2_NNˍt_t_, _t2_NNˍttt_t_, _tpb_*_t2_S_t_*_t2_Inˍtt_t_ + _tpb_*_t2_In_t_*_t2_Sˍtt_t_ + 2*_tpb_*_t2_Inˍt_t_*_t2_Sˍt_t_ + _t2_NN_t_*_t2_Sˍttt_t_ + _t2_Sˍt_t_*_t2_NNˍtt_t_ + 2*_t2_NNˍt_t_*_t2_Sˍtt_t_]
R
Multivariate polynomial ring in 22 variables over rationals
primes of bitsize 28
G-Q-Pt-FG-LT-LP(C)
Dimension of the quotient :4
Degree of the radical :4
Use last variable as separating element
Run Groebner learn
Test cyclic optimization
Apply cyclic optimization 
Multi-modular computation (1 threads): G-Q-Pt-FG-LT-LP(C)
5-9-13-17-21-25-29-33-37-41-45-49-53-61-69-77-85-
check-G-Q-Pt-FG-LT-LP(C)
Nb Primes used :85
┌ Warning: At t=-0.9896038479097412, dt was forced below floating point epsilon 1.1102230246251565e-16, and step error estimate = 1.1078355113726392. Aborting. There is either an error in your model specification or the true solution is unstable (or the true solution can not be represented in the precision of Float64).
└ @ SciMLBase ~/.julia/packages/SciMLBase/Pma4a/src/integrator_interface.jl:623
┌ Warning: At t=-0.9886267770125727, dt was forced below floating point epsilon 1.1102230246251565e-16, and step error estimate = 1.0715744968796626. Aborting. There is either an error in your model specification or the true solution is unstable (or the true solution can not be represented in the precision of Float64).
└ @ SciMLBase ~/.julia/packages/SciMLBase/Pma4a/src/integrator_interface.jl:623
┌ Warning: At t=-0.14841809278263557, dt was forced below floating point epsilon 2.7755575615628914e-17, and step error estimate = 1.0786602525678626. Aborting. There is either an error in your model specification or the true solution is unstable (or the true solution can not be represented in the precision of Float64).
└ @ SciMLBase ~/.julia/packages/SciMLBase/Pma4a/src/integrator_interface.jl:623
┌ Warning: At t=-0.16173306991557448, dt was forced below floating point epsilon 2.7755575615628914e-17, and step error estimate = 1.0374624169440558. Aborting. There is either an error in your model specification or the true solution is unstable (or the true solution can not be represented in the precision of Float64).
└ @ SciMLBase ~/.julia/packages/SciMLBase/Pma4a/src/integrator_interface.jl:623
4-element Vector{Vector{Vector{BigFloat}}}:
 [[0.031641006, 0.031641066], [1.3488426, 1.3488445], [-5779.75, -5779.7422], [3.3047499e-15, 3.3047533e-15], [-0.054481506, -0.054481447], [0.35283041, 0.35283089], [0.45799971, 0.45800018], [-0.084650993, -0.084650874], [0.1018008, 0.10180092], [-0.13692212, -0.13692164], [0.18428016, 0.18428063], [-2.0000038, -1.9999981], [0.073486924, 0.073487043], [-0.099122643, -0.099122524], [0.13340902, 0.13340926], [-1.4784298, -1.4784279], [1.4714563e-11, 1.4714591e-11], [0.0, 0.0], [0.0, 0.0], [6.5513973e-08, 6.5514087e-08], [0.0, 0.0], [0.000291673, 0.00029167347]]
 [[1.3488426, 1.3488445], [0.031641006, 0.031641066], [-5779.75, -5779.7422], [1.4087993e-13, 1.4088015e-13], [12.365646, 12.365662], [0.35283041, 0.35283089], [0.45799971, 0.45800018], [-0.084650993, -0.084650874], [0.1018008, 0.10180092], [-0.13692212, -0.13692164], [0.18428016, 0.18428063], [-2.0000038, -1.9999981], [-0.39126253, -0.39126205], [0.012377143, 0.012377158], [-0.012825519, -0.012825504], [-55.353271, -55.35321], [6.2727601e-10, 6.272769e-10], [0.0, 0.0], [0.0, 0.0], [2.792829e-06, 2.7928327e-06], [0.0, 0.0], [0.012433887, 0.012433901]]
 [[-0.1185168, -0.11851668], [-23.61731, -23.617279], [0.85742283, 0.85742378], [-0.19863081, -0.19863057], [0.0053548515, 0.0053548589], [0.35283041, 0.35283089], [0.45799971, 0.45800018], [-0.084650993, -0.084650874], [0.1018008, 0.10180092], [-0.13692212, -0.13692164], [0.18428016, 0.18428063], [-2.0000038, -1.9999981], [-0.0047352389, -0.0047352314], [0.0063083768, 0.0063083842], [-0.008489877, -0.0084898621], [0.085608363, 0.085608482], [0.13120246, 0.1312027], [0.0, 0.0], [0.0, 0.0], [-0.11814189, -0.11814177], [0.0, 0.0], [0.15747666, 0.1574769]]
 [[-23.61731, -23.617279], [-0.1185168, -0.11851668], [0.85742283, 0.85742378], [-39.58197, -39.581909], [71.02417, 71.024292], [0.35283041, 0.35283089], [0.45799971, 0.45800018], [-0.084650993, -0.084650874], [0.1018008, 0.10180092], [-0.13692212, -0.13692164], [0.18428016, 0.18428063], [-2.0000038, -1.9999981], [-17.727692, -17.727661], [21.441559, 21.441589], [-28.839874, -28.839844], [53.597534, 53.597595], [26.145233, 26.145264], [0.0, 0.0], [0.0, 0.0], [-23.542603, -23.542572], [0.0, 0.0], [31.381042, 31.381073]]








