┌ Warning: Independent variable t should be defined with @independent_variables t.
└ @ ModelingToolkit ~/.julia/packages/ModelingToolkit/klLLV/src/utils.jl:119
[ Info: Preproccessing `ModelingToolkit.ODESystem` object
┌ Warning: Independent variable t should be defined with @independent_variables t.
└ @ ModelingToolkit ~/.julia/packages/ModelingToolkit/klLLV/src/utils.jl:119
[ Info: Solving the problem
[ Info: Constructing the maximal system
[ Info: Truncating
[ Info: Assessing local identifiability
[ Info: Found Pivots: []
[ Info: Locally identifiable parameters: [k1, k2, k3, w, r]
[ Info: Not identifiable parameters:     []
[ Info: Randomizing
[ Info: Gröbner basis computation
[ Info: Remainder computation
[ Info: === Summary ===
[ Info: Globally identifiable parameters:                 [k3, w, r, k1, k2]
[ Info: Locally but not globally identifiable parameters: []
[ Info: Not identifiable parameters:                      []
[ Info: ===============
[ Info: Estimating via the interpolators: ["AAA"]
Final Results:
 32.360385 seconds (43.70 M allocations: 2.200 GiB, 2.16% gc time, 98.76% compilation time: 7% of which was recompilation)
