LinearAlgebra.PosDefException(2)
LinearAlgebra.PosDefException(3)
LinearAlgebra.PosDefException(3)
LinearAlgebra.PosDefException(5)
LinearAlgebra.PosDefException(7)
LinearAlgebra.PosDefException(4)
LinearAlgebra.PosDefException(90)
LinearAlgebra.PosDefException(2)
LinearAlgebra.PosDefException(2)
LinearAlgebra.PosDefException(6)
LinearAlgebra.PosDefException(3)
LinearAlgebra.PosDefException(3)
LinearAlgebra.PosDefException(5)
LinearAlgebra.PosDefException(28)
LinearAlgebra.PosDefException(3)
LinearAlgebra.PosDefException(6)
LinearAlgebra.PosDefException(6)
LinearAlgebra.PosDefException(2)
LinearAlgebra.PosDefException(4)
LinearAlgebra.PosDefException(6)
LinearAlgebra.PosDefException(9)
LinearAlgebra.PosDefException(2)
LinearAlgebra.PosDefException(2)
LinearAlgebra.PosDefException(2)
LinearAlgebra.PosDefException(2)
LinearAlgebra.PosDefException(3)
LinearAlgebra.PosDefException(5)
LinearAlgebra.PosDefException(4)
LinearAlgebra.PosDefException(2)
LinearAlgebra.PosDefException(3)
LinearAlgebra.PosDefException(2)
LinearAlgebra.PosDefException(3)
LinearAlgebra.PosDefException(9)
LinearAlgebra.PosDefException(2)
LinearAlgebra.PosDefException(6)
LinearAlgebra.PosDefException(3)
LinearAlgebra.PosDefException(3)
LinearAlgebra.PosDefException(4)
LinearAlgebra.PosDefException(4)
LinearAlgebra.PosDefException(88)
LinearAlgebra.PosDefException(2)
LinearAlgebra.PosDefException(2)
LinearAlgebra.PosDefException(3)
LinearAlgebra.PosDefException(2)
LinearAlgebra.PosDefException(4)
LinearAlgebra.PosDefException(4)
LinearAlgebra.PosDefException(9)
LinearAlgebra.PosDefException(3)
LinearAlgebra.PosDefException(2)
LinearAlgebra.PosDefException(2)
LinearAlgebra.PosDefException(2)
LinearAlgebra.PosDefException(6)
LinearAlgebra.PosDefException(5)
LinearAlgebra.PosDefException(8)
LinearAlgebra.PosDefException(2)
LinearAlgebra.PosDefException(3)
LinearAlgebra.PosDefException(2)
LinearAlgebra.PosDefException(2)
LinearAlgebra.PosDefException(6)
LinearAlgebra.PosDefException(3)
LinearAlgebra.PosDefException(4)
LinearAlgebra.PosDefException(5)
LinearAlgebra.PosDefException(2)
LinearAlgebra.PosDefException(3)
LinearAlgebra.PosDefException(4)
LinearAlgebra.PosDefException(9)
LinearAlgebra.PosDefException(3)
LinearAlgebra.PosDefException(2)
LinearAlgebra.PosDefException(3)
LinearAlgebra.PosDefException(4)
LinearAlgebra.PosDefException(3)
LinearAlgebra.PosDefException(4)
LinearAlgebra.PosDefException(80)
LinearAlgebra.PosDefException(2)
LinearAlgebra.PosDefException(2)
LinearAlgebra.PosDefException(3)
LinearAlgebra.PosDefException(3)
LinearAlgebra.PosDefException(3)
LinearAlgebra.PosDefException(4)
LinearAlgebra.PosDefException(5)
LinearAlgebra.PosDefException(2)
LinearAlgebra.PosDefException(6)
LinearAlgebra.PosDefException(3)
LinearAlgebra.PosDefException(3)
LinearAlgebra.PosDefException(972)
LinearAlgebra.PosDefException(5)
LinearAlgebra.PosDefException(8)
LinearAlgebra.PosDefException(241)
LinearAlgebra.PosDefException(10)
LinearAlgebra.PosDefException(2)
LinearAlgebra.PosDefException(3)
LinearAlgebra.PosDefException(3)
LinearAlgebra.PosDefException(3)
LinearAlgebra.PosDefException(5)
LinearAlgebra.PosDefException(4)
LinearAlgebra.PosDefException(81)
LinearAlgebra.PosDefException(4)
LinearAlgebra.PosDefException(152)
DEBUG [determine_optimal_points_count]: Large num points: 1
DEBUG [determine_optimal_points_count]: Good num points: 1
DEBUG [multipoint_parameter_estimation]: Parameter estimation using this many points: 1

DEBUG [pick_points]: Starting point selection...
DEBUG [pick_points]: Number of points to pick: 1
DEBUG [pick_points]: Total points available: 1001
DEBUG [pick_points]: Number of interpolants: 4

DEBUG [pick_points]: Computing interestingness scores...
DEBUG [pick_points]: Processed 100 points
DEBUG [pick_points]: Processed 200 points
DEBUG [pick_points]: Processed 300 points
DEBUG [pick_points]: Processed 400 points
DEBUG [pick_points]: Processed 500 points
DEBUG [pick_points]: Processed 600 points
DEBUG [pick_points]: Processed 700 points
DEBUG [pick_points]: Processed 800 points
DEBUG [pick_points]: Processed 900 points
DEBUG [pick_points]: Processed 1000 points

DEBUG [pick_points]: Score statistics:
DEBUG [pick_points]: Min score: 0.21924257958840532
DEBUG [pick_points]: Max score: 0.9031823147653569
DEBUG [pick_points]: Mean score: 0.44997341224674925
DEBUG [pick_points]: Normalized scores

DEBUG [pick_points]: Selected 1 points
DEBUG [pick_points]: Selected time points: [-0.998]
aa_system
Any[_t2_p_t_ - 1968398063065681//9007199254740992, _t2_e_t_ - 5347433836591313//9007199254740992, _t2_eˍt_t_ + 2589611062347867//18014398509481984, _t2_eˍtt_t_ + 7124961157916975//36028797018963968, _t2_eˍttt_t_ - 2550288797671563//4503599627370496, _t2_eˍtttt_t_ + 2839827511407455//4503599627370496, _t2_s_t_ + _t2_m_t_ - 1099761869720871//2251799813685248, _t2_sˍt_t_ + _t2_mˍt_t_ + 5509662066090361//18014398509481984, _t2_mˍtt_t_ + _t2_sˍtt_t_ - 7277919801169037//36028797018963968, _t2_mˍttt_t_ + _t2_sˍttt_t_ + 2256991696360519//18014398509481984, _t2_sˍtttt_t_ + _t2_mˍtttt_t_ - 1325368893604939//72057594037927936, _t2_mˍttttt_t_ + _t2_sˍttttt_t_ - 3560963492178465//18014398509481984, _t2_n_t_ - 7011653203989133//9007199254740992, _t2_nˍt_t_ + 4718742050574693//18014398509481984, _t2_nˍtt_t_ - 2102709603003719//9007199254740992, _t2_nˍttt_t_ + 5115260031823895//18014398509481984, _t2_nˍtttt_t_ - 8551178217582303//36028797018963968, _t2_nˍttttt_t_ - 7587824602875161//36028797018963968, -_tprhoE_*_t2_e_t_*_t2_p_t_ + _tpdeltaEL_*_t2_e_t_ + _tpmuEE_*_t2_e_t_^2 - _tpdeltaNE_*_t2_n_t_*_t2_p_t_ + _t2_eˍt_t_, -_tprhoE_*_t2_e_t_*_t2_pˍt_t_ - _tprhoE_*_t2_p_t_*_t2_eˍt_t_ + _tpdeltaEL_*_t2_eˍt_t_ + 2*_tpmuEE_*_t2_e_t_*_t2_eˍt_t_ - _tpdeltaNE_*_t2_n_t_*_t2_pˍt_t_ - _tpdeltaNE_*_t2_p_t_*_t2_nˍt_t_ + _t2_eˍtt_t_, -_tprhoE_*_t2_e_t_*_t2_pˍtt_t_ - _tprhoE_*_t2_p_t_*_t2_eˍtt_t_ - 2*_tprhoE_*_t2_eˍt_t_*_t2_pˍt_t_ + _tpdeltaEL_*_t2_eˍtt_t_ + 2*_tpmuEE_*_t2_e_t_*_t2_eˍtt_t_ + 2*_tpmuEE_*_t2_eˍt_t_^2 - _tpdeltaNE_*_t2_n_t_*_t2_pˍtt_t_ - _tpdeltaNE_*_t2_p_t_*_t2_nˍtt_t_ - 2*_tpdeltaNE_*_t2_nˍt_t_*_t2_pˍt_t_ + _t2_eˍttt_t_, -_tprhoE_*_t2_e_t_*_t2_pˍttt_t_ - _tprhoE_*_t2_p_t_*_t2_eˍttt_t_ - 3*_tprhoE_*_t2_eˍt_t_*_t2_pˍtt_t_ - 3*_tprhoE_*_t2_eˍtt_t_*_t2_pˍt_t_ + _tpdeltaEL_*_t2_eˍttt_t_ + 2*_tpmuEE_*_t2_e_t_*_t2_eˍttt_t_ + 6*_tpmuEE_*_t2_eˍt_t_*_t2_eˍtt_t_ - _tpdeltaNE_*_t2_n_t_*_t2_pˍttt_t_ - _tpdeltaNE_*_t2_p_t_*_t2_nˍttt_t_ - 3*_tpdeltaNE_*_t2_nˍt_t_*_t2_pˍtt_t_ - 3*_tpdeltaNE_*_t2_nˍtt_t_*_t2_pˍt_t_ + _t2_eˍtttt_t_, _tpmuLL_*_t2_s_t_^2 - _tpdeltaEL_*_t2_s_t_ + _tpmuLE_*_t2_e_t_*_t2_s_t_ + _tpdeltaLM_*_t2_s_t_ + _t2_sˍt_t_, _tpmuM_*_t2_m_t_ - _tpdeltaLM_*_t2_s_t_ + _t2_mˍt_t_, _tpmuM_*_t2_mˍt_t_ - _tpdeltaLM_*_t2_sˍt_t_ + _t2_mˍtt_t_, 2*_tpmuLL_*_t2_s_t_*_t2_sˍt_t_ - _tpdeltaEL_*_t2_sˍt_t_ + _tpmuLE_*_t2_e_t_*_t2_sˍt_t_ + _tpmuLE_*_t2_s_t_*_t2_eˍt_t_ + _tpdeltaLM_*_t2_sˍt_t_ + _t2_sˍtt_t_, _tpmuM_*_t2_mˍtt_t_ - _tpdeltaLM_*_t2_sˍtt_t_ + _t2_mˍttt_t_, 2*_tpmuLL_*_t2_s_t_*_t2_sˍtt_t_ + 2*_tpmuLL_*_t2_sˍt_t_^2 - _tpdeltaEL_*_t2_sˍtt_t_ + _tpmuLE_*_t2_e_t_*_t2_sˍtt_t_ + _tpmuLE_*_t2_s_t_*_t2_eˍtt_t_ + 2*_tpmuLE_*_t2_eˍt_t_*_t2_sˍt_t_ + _tpdeltaLM_*_t2_sˍtt_t_ + _t2_sˍttt_t_, 2*_tpmuLL_*_t2_s_t_*_t2_sˍttt_t_ + 6*_tpmuLL_*_t2_sˍt_t_*_t2_sˍtt_t_ - _tpdeltaEL_*_t2_sˍttt_t_ + _tpmuLE_*_t2_e_t_*_t2_sˍttt_t_ + _tpmuLE_*_t2_s_t_*_t2_eˍttt_t_ + 3*_tpmuLE_*_t2_eˍt_t_*_t2_sˍtt_t_ + 3*_tpmuLE_*_t2_eˍtt_t_*_t2_sˍt_t_ + _tpdeltaLM_*_t2_sˍttt_t_ + _t2_sˍtttt_t_, _tpmuM_*_t2_mˍttt_t_ - _tpdeltaLM_*_t2_sˍttt_t_ + _t2_mˍtttt_t_, _tpmuM_*_t2_mˍtttt_t_ - _tpdeltaLM_*_t2_sˍtttt_t_ + _t2_mˍttttt_t_, 2*_tpmuLL_*_t2_s_t_*_t2_sˍtttt_t_ + 8*_tpmuLL_*_t2_sˍt_t_*_t2_sˍttt_t_ + 6*_tpmuLL_*_t2_sˍtt_t_^2 - _tpdeltaEL_*_t2_sˍtttt_t_ + _tpmuLE_*_t2_e_t_*_t2_sˍtttt_t_ + _tpmuLE_*_t2_s_t_*_t2_eˍtttt_t_ + 4*_tpmuLE_*_t2_eˍt_t_*_t2_sˍttt_t_ + 6*_tpmuLE_*_t2_eˍtt_t_*_t2_sˍtt_t_ + 4*_tpmuLE_*_t2_eˍttt_t_*_t2_sˍt_t_ + _tpdeltaLM_*_t2_sˍtttt_t_ + _t2_sˍttttt_t_, _tpmuN_*_t2_n_t_ + _tpdeltaNE_*_t2_n_t_*_t2_p_t_ + _t2_nˍt_t_, _tpmuN_*_t2_nˍt_t_ + _tpdeltaNE_*_t2_n_t_*_t2_pˍt_t_ + _tpdeltaNE_*_t2_p_t_*_t2_nˍt_t_ + _t2_nˍtt_t_, _tpmuN_*_t2_nˍtt_t_ + _tpdeltaNE_*_t2_n_t_*_t2_pˍtt_t_ + _tpdeltaNE_*_t2_p_t_*_t2_nˍtt_t_ + 2*_tpdeltaNE_*_t2_nˍt_t_*_t2_pˍt_t_ + _t2_nˍttt_t_, _tpmuN_*_t2_nˍttt_t_ + _tpdeltaNE_*_t2_n_t_*_t2_pˍttt_t_ + _tpdeltaNE_*_t2_p_t_*_t2_nˍttt_t_ + 3*_tpdeltaNE_*_t2_nˍt_t_*_t2_pˍtt_t_ + 3*_tpdeltaNE_*_t2_nˍtt_t_*_t2_pˍt_t_ + _t2_nˍtttt_t_, _tpmuN_*_t2_nˍtttt_t_ + _tpdeltaNE_*_t2_n_t_*_t2_pˍtttt_t_ + _tpdeltaNE_*_t2_p_t_*_t2_nˍtttt_t_ + 4*_tpdeltaNE_*_t2_nˍt_t_*_t2_pˍttt_t_ + 6*_tpdeltaNE_*_t2_nˍtt_t_*_t2_pˍtt_t_ + 4*_tpdeltaNE_*_t2_nˍttt_t_*_t2_pˍt_t_ + _t2_nˍttttt_t_, _tpmuPE_*_t2_e_t_*_t2_p_t_ + _tpmuPL_*_t2_s_t_*_t2_p_t_ - _tprhoP_*_t2_p_t_^2 + _tpmuP_*_t2_p_t_ + _t2_pˍt_t_, _tpmuPE_*_t2_e_t_*_t2_pˍt_t_ + _tpmuPE_*_t2_p_t_*_t2_eˍt_t_ + _tpmuPL_*_t2_s_t_*_t2_pˍt_t_ + _tpmuPL_*_t2_p_t_*_t2_sˍt_t_ - 2*_tprhoP_*_t2_p_t_*_t2_pˍt_t_ + _tpmuP_*_t2_pˍt_t_ + _t2_pˍtt_t_, _tpmuPE_*_t2_e_t_*_t2_pˍtt_t_ + _tpmuPE_*_t2_p_t_*_t2_eˍtt_t_ + 2*_tpmuPE_*_t2_eˍt_t_*_t2_pˍt_t_ + _tpmuPL_*_t2_s_t_*_t2_pˍtt_t_ + _tpmuPL_*_t2_p_t_*_t2_sˍtt_t_ + 2*_tpmuPL_*_t2_sˍt_t_*_t2_pˍt_t_ - 2*_tprhoP_*_t2_p_t_*_t2_pˍtt_t_ - 2*_tprhoP_*_t2_pˍt_t_^2 + _tpmuP_*_t2_pˍtt_t_ + _t2_pˍttt_t_, _tpmuPE_*_t2_e_t_*_t2_pˍttt_t_ + _tpmuPE_*_t2_p_t_*_t2_eˍttt_t_ + 3*_tpmuPE_*_t2_eˍt_t_*_t2_pˍtt_t_ + 3*_tpmuPE_*_t2_eˍtt_t_*_t2_pˍt_t_ + _tpmuPL_*_t2_s_t_*_t2_pˍttt_t_ + _tpmuPL_*_t2_p_t_*_t2_sˍttt_t_ + 3*_tpmuPL_*_t2_sˍt_t_*_t2_pˍtt_t_ + 3*_tpmuPL_*_t2_sˍtt_t_*_t2_pˍt_t_ - 2*_tprhoP_*_t2_p_t_*_t2_pˍttt_t_ - 6*_tprhoP_*_t2_pˍt_t_*_t2_pˍtt_t_ + _tpmuP_*_t2_pˍttt_t_ + _t2_pˍtttt_t_]
R
Multivariate polynomial ring in 41 variables over rationals
primes of bitsize 28
G-Q-Pt-FG-LT-LP(U)
G-Q-Pt-FG-LT-LP(U)
G-Q-Pt-FG-LT-LP(U)
G-Q-Pt-FG-LT-LP(U)
G-Q-Pt-FG-LT-LP(U)
G-Q-Pt-FG-LT-LP(U)
G-Q-Pt-FG-LT-LP(U)
G-Q-Pt-FG-LT-LP(U)
G-Q-Pt-FG-LT-LP(U)
G-Q-Pt-FG-LT-LP(C)
Dimension of the quotient :41
Degree of the radical :41
Use variable 32 as separating element
Run Groebner learn
Test cyclic optimization
Apply cyclic optimization 
Multi-modular computation (1 threads): G-Q-Pt-FG-LT-LP(C)
5-9-13-17-21-25-29-33-37-41-45-49-53-61-69-77-85-93-105-117-129-141-157-173-193-213-237-261-289-317-349-385-425-469-517-569-625-689-757-833-917-1009-1109-1221-1345-1481-1629-1793-1973-2173-2393-2633-2897-3189-3509-3861-
check-G-Q-Pt-FG-LT-LP(C)
Nb Primes used :3861
┌ Warning: At t=-0.4239184596431794, dt was forced below floating point epsilon 5.551115123125783e-17, and step error estimate = 1.0915507471910864. Aborting. There is either an error in your model specification or the true solution is unstable (or the true solution can not be represented in the precision of Float64).
└ @ SciMLBase ~/.julia/packages/SciMLBase/Pma4a/src/integrator_interface.jl:623
┌ Warning: At t=-0.947513078155151, dt was forced below floating point epsilon 1.1102230246251565e-16, and step error estimate = 1.0379895766889276. Aborting. There is either an error in your model specification or the true solution is unstable (or the true solution can not be represented in the precision of Float64).
└ @ SciMLBase ~/.julia/packages/SciMLBase/Pma4a/src/integrator_interface.jl:623
┌ Warning: At t=-0.9524245982464314, dt was forced below floating point epsilon 1.1102230246251565e-16, and step error estimate = 1.1501912225364097. Aborting. There is either an error in your model specification or the true solution is unstable (or the true solution can not be represented in the precision of Float64).
└ @ SciMLBase ~/.julia/packages/SciMLBase/Pma4a/src/integrator_interface.jl:623
┌ Warning: At t=-0.9616484990277785, dt was forced below floating point epsilon 1.1102230246251565e-16, and step error estimate = 1.1565260895315406. Aborting. There is either an error in your model specification or the true solution is unstable (or the true solution can not be represented in the precision of Float64).
└ @ SciMLBase ~/.julia/packages/SciMLBase/Pma4a/src/integrator_interface.jl:623
┌ Warning: At t=-0.6440029564742763, dt was forced below floating point epsilon 1.1102230246251565e-16, and step error estimate = 192013.29229742454. Aborting. There is either an error in your model specification or the true solution is unstable (or the true solution can not be represented in the precision of Float64).
└ @ SciMLBase ~/.julia/packages/SciMLBase/Pma4a/src/integrator_interface.jl:623
┌ Warning: At t=-0.9503450918900579, dt was forced below floating point epsilon 1.1102230246251565e-16, and step error estimate = 1.044794550488388. Aborting. There is either an error in your model specification or the true solution is unstable (or the true solution can not be represented in the precision of Float64).
└ @ SciMLBase ~/.julia/packages/SciMLBase/Pma4a/src/integrator_interface.jl:623
┌ Warning: At t=-0.9216370426440615, dt was forced below floating point epsilon 1.1102230246251565e-16, and step error estimate = 1.1997885711352212. Aborting. There is either an error in your model specification or the true solution is unstable (or the true solution can not be represented in the precision of Float64).
└ @ SciMLBase ~/.julia/packages/SciMLBase/Pma4a/src/integrator_interface.jl:623
┌ Warning: At t=0.33357791287415095, dt was forced below floating point epsilon 5.551115123125783e-17, and step error estimate = 1.2456674761337525. Aborting. There is either an error in your model specification or the true solution is unstable (or the true solution can not be represented in the precision of Float64).
└ @ SciMLBase ~/.julia/packages/SciMLBase/Pma4a/src/integrator_interface.jl:623
13-element Vector{Vector{Vector{BigFloat}}}:
 [[171.22168, 171.22192], [-0.18865156, -0.18865132], [-0.7707653, -0.77076435], [-0.83997345, -0.8399725], [1.3410568, 1.3410587], [26.944763, 26.944794], [0.42610741, 0.42610788], [46.525024, 46.525085], [-0.68378639, -0.68378544], [-55.508057, -55.507996], [-119.39478, -119.39465], [-0.41006947, -0.41006899], [-30.916138, -30.916107], [0.77844906, 0.77845001], [0.5936842, 0.59368515], [-5.1617737, -5.1617661], [5.6501541, 5.6501617], [0.2185359, 0.21853614], [-0.14375234, -0.1437521], [-0.19775748, -0.19775724], [0.5662775, 0.56627846], [-0.6305685, -0.63056755], [-7.6453934, -7.6453857], [7.3395386, 7.3395462], [38.603455, 38.603516], [-38.401489, -38.401428], [147.0625, 147.06274], [-147.18799, -147.18774], [-587.89258, -587.8916], [587.90918, 587.91016], [2334.2227, 2334.2266], [-2334.0312, -2334.0273], [1.7692947, 1.7692966], [-0.26194286, -0.26194239], [0.23344755, 0.23344779], [-0.28395414, -0.28395367], [0.23734283, 0.23734307], [0.21060443, 0.21060467], [0.45519257, 0.45519304], [-0.33711052, -0.33711004], [-0.30563354, -0.30563307]]
 [[-119.64441, -119.64429], [0.10972023, 0.10972035], [-0.7707653, -0.77076435], [-0.83997345, -0.8399725], [1.3410568, 1.3410587], [2.63731, 2.6373138], [0.42610741, 0.42610788], [1.6154175, 1.6154194], [-37.958191, -37.95813], [175.28003, 175.28027], [162.09985, 162.1001], [-0.41006947, -0.41006899], [-0.7092104, -0.70920944], [0.77844906, 0.77845001], [0.5936842, 0.59368515], [1.444931, 1.4449329], [-0.95654011, -0.95653915], [0.2185359, 0.21853614], [-0.14375234, -0.1437521], [-0.19775748, -0.19775724], [0.5662775, 0.56627846], [-0.6305685, -0.63056755], [-1.8037815, -1.8037796], [1.4979324, 1.4979343], [-2.6712608, -2.671257], [2.8732567, 2.8732605], [5.0071869, 5.0071945], [-5.1324844, -5.1324768], [9.5839081, 9.5839233], [-9.5655365, -9.5655212], [18.430237, 18.430267], [-18.232605, -18.232574], [1.7692947, 1.7692966], [-0.26194286, -0.26194239], [0.23344755, 0.23344779], [-0.28395414, -0.28395367], [0.23734283, 0.23734307], [0.21060443, 0.21060467], [0.45519257, 0.45519304], [-0.33711052, -0.33711004], [-0.30563354, -0.30563307]]
 [[-164.54517, -164.54492], [-0.058380842, -0.058380783], [-0.7707653, -0.77076435], [-0.83997345, -0.8399725], [1.3410568, 1.3410587], [0.58231163, 0.58231258], [0.42610741, 0.42610788], [-0.2717824, -0.27178192], [-114.26184, -114.26172], [170.7688, 170.76904], [163.25415, 163.25439], [-0.41006947, -0.41006899], [1.3137951, 1.313797], [0.77844906, 0.77845001], [0.5936842, 0.59368515], [0.2654438, 0.26544428], [0.22294807, 0.22294831], [0.2185359, 0.21853614], [-0.14375234, -0.1437521], [-0.19775748, -0.19775724], [0.5662775, 0.56627846], [-0.6305685, -0.63056755], [-0.52476215, -0.5247612], [0.21891403, 0.21891427], [-0.81690693, -0.81690598], [1.0189075, 1.0189095], [1.8143311, 1.814333], [-1.939621, -1.9396191], [3.6231651, 3.6231689], [-3.6047745, -3.6047707], [6.8591995, 6.8592072], [-6.6615372, -6.6615295], [1.7692947, 1.7692966], [-0.26194286, -0.26194239], [0.23344755, 0.23344779], [-0.28395414, -0.28395367], [0.23734283, 0.23734307], [0.21060443, 0.21060467], [0.45519257, 0.45519304], [-0.33711052, -0.33711004], [-0.30563354, -0.30563307]]
 [[17.051483, 17.051514], [0.55675888, 0.55675983], [-0.7707653, -0.77076435], [-0.83997345, -0.8399725], [1.3410568, 1.3410587], [3.0844307, 3.0844345], [0.42610741, 0.42610788], [-0.35122204, -0.35122156], [-221.24023, -221.23999], [171.23242, 171.23267], [149.29004, 149.29028], [-0.41006947, -0.41006899], [-0.24835157, -0.24835134], [0.77844906, 0.77845001], [0.5936842, 0.59368515], [0.56081963, 0.56082058], [-0.07242775, -0.07242763], [0.2185359, 0.21853614], [-0.14375234, -0.1437521], [-0.19775748, -0.19775724], [0.5662775, 0.56627846], [-0.6305685, -0.63056755], [-0.38996601, -0.38996553], [0.084117889, 0.084118009], [-0.16260791, -0.16260767], [0.36461067, 0.36461115], [0.41100121, 0.41100168], [-0.53629017, -0.53628922], [1.1529102, 1.1529121], [-1.1345196, -1.1345177], [3.2130165, 3.2130203], [-3.0153503, -3.0153465], [1.7692947, 1.7692966], [-0.26194286, -0.26194239], [0.23344755, 0.23344779], [-0.28395414, -0.28395367], [0.23734283, 0.23734307], [0.21060443, 0.21060467], [0.45519257, 0.45519304], [-0.33711052, -0.33711004], [-0.30563354, -0.30563307]]
 [[-957.00586, -957.00488], [-43.293579, -43.293518], [-0.7707653, -0.77076435], [-0.83997345, -0.8399725], [1.3410568, 1.3410587], [0.15577888, 0.15577912], [0.42610741, 0.42610788], [-14.533325, -14.53331], [-2577.9492, -2577.9453], [108.89197, 108.89209], [209.58838, 209.58862], [-0.41006947, -0.41006899], [1.6177597, 1.6177616], [0.77844906, 0.77845001], [0.5936842, 0.59368515], [-0.14751458, -0.14751434], [0.63590622, 0.63590717], [0.2185359, 0.21853614], [-0.14375234, -0.1437521], [-0.19775748, -0.19775724], [0.5662775, 0.56627846], [-0.6305685, -0.63056755], [0.031856179, 0.031856239], [-0.33770418, -0.3377037], [0.1041429, 0.10414302], [0.097859859, 0.097859979], [0.14209056, 0.1420908], [-0.26737928, -0.26737881], [0.47308254, 0.47308302], [-0.45468998, -0.4546895], [0.83616543, 0.83616638], [-0.63849354, -0.63849258], [1.7692947, 1.7692966], [-0.26194286, -0.26194239], [0.23344755, 0.23344779], [-0.28395414, -0.28395367], [0.23734283, 0.23734307], [0.21060443, 0.21060467], [0.45519257, 0.45519304], [-0.33711052, -0.33711004], [-0.30563354, -0.30563307]]
 [[45.701782, 45.701843], [0.12175, 0.12175012], [-0.7707653, -0.77076435], [-0.83997345, -0.8399725], [1.3410568, 1.3410587], [1.8747292, 1.8747311], [0.42610741, 0.42610788], [0.13107157, 0.13107181], [-233.81909, -233.81885], [223.76392, 223.76416], [183.22583, 183.22607], [-0.41006947, -0.41006899], [-0.30399752, -0.30399704], [0.77844906, 0.77845001], [0.5936842, 0.59368515], [0.69943333, 0.69943428], [-0.21104145, -0.21104121], [0.2185359, 0.21853614], [-0.14375234, -0.1437521], [-0.19775748, -0.19775724], [0.5662775, 0.56627846], [-0.6305685, -0.63056755], [-0.48886776, -0.48886728], [0.18301988, 0.18302011], [-0.19449878, -0.19449854], [0.39650106, 0.39650154], [0.24409723, 0.24409747], [-0.36938572, -0.36938524], [0.36371756, 0.36371803], [-0.34532499, -0.34532452], [0.53682041, 0.53682137], [-0.33914852, -0.33914804], [1.7692947, 1.7692966], [-0.26194286, -0.26194239], [0.23344755, 0.23344779], [-0.28395414, -0.28395367], [0.23734283, 0.23734307], [0.21060443, 0.21060467], [0.45519257, 0.45519304], [-0.33711052, -0.33711004], [-0.30563354, -0.30563307]]
 [[-27.561035, -27.561005], [-63496.062, -63496.0], [-0.7707653, -0.77076435], [-0.83997345, -0.8399725], [1.3410568, 1.3410587], [0.63306713, 0.63306808], [0.42610741, 0.42610788], [54.749207, 54.749268], [164700.75, 164701.0], [-79.13501, -79.134888], [11.35701, 11.357025], [-0.41006947, -0.41006899], [-41.257202, -41.257141], [0.77844906, 0.77845001], [0.5936842, 0.59368515], [-8.725666e-05, -8.7256543e-05], [0.48847961, 0.48848009], [0.2185359, 0.21853614], [-0.14375234, -0.1437521], [-0.19775748, -0.19775724], [0.5662775, 0.56627846], [-0.6305685, -0.63056755], [-0.00020705722, -0.00020705699], [-0.3056407, -0.30564022], [0.20203352, 0.20203376], [-3.0889409e-05, -3.088935e-05], [-0.12662673, -0.12662649], [0.0013383813, 0.0013383832], [-0.0065521747, -0.0065521672], [0.024945349, 0.024945378], [0.25453186, 0.25453234], [-0.056858778, -0.056858718], [1.7692947, 1.7692966], [-0.26194286, -0.26194239], [0.23344755, 0.23344779], [-0.28395414, -0.28395367], [0.23734283, 0.23734307], [0.21060443, 0.21060467], [0.45519257, 0.45519304], [-0.33711052, -0.33711004], [-0.30563354, -0.30563307]]
 [[105.10291, 105.10303], [0.0018731598, 0.0018731616], [-0.7707653, -0.77076435], [-0.83997345, -0.8399725], [1.3410568, 1.3410587], [3.4060364, 3.4060402], [0.42610741, 0.42610788], [0.141114, 0.14111423], [-363.80176, -363.80127], [228.05542, 228.05566], [184.41309, 184.41333], [-0.41006947, -0.41006899], [-0.29782009, -0.29781961], [0.77844906, 0.77845001], [0.5936842, 0.59368515], [0.54715443, 0.54715538], [-0.058762729, -0.05876267], [0.2185359, 0.21853614], [-0.14375234, -0.1437521], [-0.19775748, -0.19775724], [0.5662775, 0.56627846], [-0.6305685, -0.63056755], [-0.3430419, -0.34304142], [0.037194133, 0.037194192], [-0.02452001, -0.02451998], [0.22652268, 0.22652292], [0.016052961, 0.016052991], [-0.14134121, -0.14134097], [0.030975997, 0.030976027], [-0.012582824, -0.012582809], [0.033632219, 0.033632278], [0.1640408, 0.16404104], [1.7692947, 1.7692966], [-0.26194286, -0.26194239], [0.23344755, 0.23344779], [-0.28395414, -0.28395367], [0.23734283, 0.23734307], [0.21060443, 0.21060467], [0.45519257, 0.45519304], [-0.33711052, -0.33711004], [-0.30563354, -0.30563307]]
 [[201.54907, 201.54932], [-63.482605, -63.482544], [-0.7707653, -0.77076435], [-0.83997345, -0.8399725], [1.3410568, 1.3410587], [0.65929317, 0.65929413], [0.42610741, 0.42610788], [-2.3978233, -2.3978195], [7855.9297, 7855.9375], [-7.8162231, -7.8162155], [100.46106, 100.46118], [-0.41006947, -0.41006899], [-1.0860233, -1.0860214], [0.77844906, 0.77845001], [0.5936842, 0.59368515], [-0.028501868, -0.028501838], [0.51689339, 0.51689434], [0.2185359, 0.21853614], [-0.14375234, -0.1437521], [-0.19775748, -0.19775724], [0.5662775, 0.56627846], [-0.6305685, -0.63056755], [0.0039837882, 0.0039837956], [-0.30983162, -0.30983114], [0.1999433, 0.19994354], [0.0020593889, 0.0020593926], [-0.13405824, -0.134058], [0.0087697953, 0.0087698102], [-0.06046623, -0.06046617], [0.078859329, 0.078859448], [0.013676152, 0.013676167], [0.18399692, 0.18399715], [1.7692947, 1.7692966], [-0.26194286, -0.26194239], [0.23344755, 0.23344779], [-0.28395414, -0.28395367], [0.23734283, 0.23734307], [0.21060443, 0.21060467], [0.45519257, 0.45519304], [-0.33711052, -0.33711004], [-0.30563354, -0.30563307]]
 [[34.660461, 34.660522], [-0.77540207, -0.77540112], [-0.7707653, -0.77076435], [-0.83997345, -0.8399725], [1.3410568, 1.3410587], [0.51551151, 0.51551247], [0.42610741, 0.42610788], [0.46311426, 0.46311474], [-1690.3105, -1690.3086], [293.37842, 293.37891], [217.72534, 217.72559], [-0.41006947, -0.41006899], [-0.21482539, -0.21482515], [0.77844906, 0.77845001], [0.5936842, 0.59368515], [0.10428381, 0.10428393], [0.38410807, 0.38410854], [0.2185359, 0.21853614], [-0.14375234, -0.1437521], [-0.19775748, -0.19775724], [0.5662775, 0.56627846], [-0.6305685, -0.63056755], [-0.085432529, -0.08543241], [-0.22041535, -0.22041512], [0.13197947, 0.1319797], [0.070023179, 0.070023298], [-0.083079815, -0.083079696], [-0.042208433, -0.042208374], [-0.033502877, -0.033502817], [0.051895976, 0.051896036], [-0.019555777, -0.019555748], [0.21722889, 0.21722913], [1.7692947, 1.7692966], [-0.26194286, -0.26194239], [0.23344755, 0.23344779], [-0.28395414, -0.28395367], [0.23734283, 0.23734307], [0.21060443, 0.21060467], [0.45519257, 0.45519304], [-0.33711052, -0.33711004], [-0.30563354, -0.30563307]]
 [[17.98642, 17.98645], [-11.918503, -11.918488], [-0.7707653, -0.77076435], [-0.83997345, -0.8399725], [1.3410568, 1.3410587], [0.5821991, 0.58220005], [0.42610741, 0.42610788], [-2.4913712, -2.4913673], [3422.6914, 3422.6953], [155.91187, 155.91211], [98.623169, 98.623291], [-0.41006947, -0.41006899], [1.3973789, 1.3973808], [0.77844906, 0.77845001], [0.5936842, 0.59368515], [-0.022588074, -0.022588044], [0.51097965, 0.51098061], [0.2185359, 0.21853614], [-0.14375234, -0.1437521], [-0.19775748, -0.19775724], [0.5662775, 0.56627846], [-0.6305685, -0.63056755], [0.023208827, 0.023208857], [-0.32905674, -0.32905626], [0.22400784, 0.22400808], [-0.0220052, -0.022005171], [-0.16116714, -0.16116691], [0.035878658, 0.035878718], [-0.12557435, -0.12557411], [0.14396739, 0.14396763], [-0.25929308, -0.2592926], [0.45696592, 0.4569664], [1.7692947, 1.7692966], [-0.26194286, -0.26194239], [0.23344755, 0.23344779], [-0.28395414, -0.28395367], [0.23734283, 0.23734307], [0.21060443, 0.21060467], [0.45519257, 0.45519304], [-0.33711052, -0.33711004], [-0.30563354, -0.30563307]]
 [[-558.71484, -558.71387], [30.343445, 30.343475], [-0.7707653, -0.77076435], [-0.83997345, -0.8399725], [1.3410568, 1.3410587], [1.2841549, 1.2841568], [0.42610741, 0.42610788], [-11.717545, -11.717529], [1239.5391, 1239.541], [77.889526, 77.889648], [114.36682, 114.36694], [-0.41006947, -0.41006899], [0.59844398, 0.59844494], [0.77844906, 0.77845001], [0.5936842, 0.59368515], [0.18738532, 0.18738556], [0.30100679, 0.30100727], [0.2185359, 0.21853614], [-0.14375234, -0.1437521], [-0.19775748, -0.19775724], [0.5662775, 0.56627846], [-0.6305685, -0.63056755], [-0.031447589, -0.03144753], [-0.27440023, -0.27439976], [0.33355284, 0.33355331], [-0.13155031, -0.13155007], [-0.50706005, -0.5070591], [0.38177109, 0.38177156], [-0.86122036, -0.86121941], [0.87961197, 0.87961292], [-1.6449528, -1.6449509], [1.8426247, 1.8426266], [1.7692947, 1.7692966], [-0.26194286, -0.26194239], [0.23344755, 0.23344779], [-0.28395414, -0.28395367], [0.23734283, 0.23734307], [0.21060443, 0.21060467], [0.45519257, 0.45519304], [-0.33711052, -0.33711004], [-0.30563354, -0.30563307]]
 [[165.29102, 165.29126], [-0.018591166, -0.018591136], [-0.7707653, -0.77076435], [-0.83997345, -0.8399725], [1.3410568, 1.3410587], [0.63348866, 0.63348961], [0.42610741, 0.42610788], [-0.37721968, -0.3772192], [7.6602325, 7.6602402], [-52.730103, -52.730042], [-113.05127, -113.05115], [-0.41006947, -0.41006899], [-4.9042206, -4.904213], [0.77844906, 0.77845001], [0.5936842, 0.59368515], [0.17156172, 0.17156196], [0.31683016, 0.31683064], [0.2185359, 0.21853614], [-0.14375234, -0.1437521], [-0.19775748, -0.19775724], [0.5662775, 0.56627846], [-0.6305685, -0.63056755], [0.73623657, 0.73623753], [-1.0420856, -1.0420837], [-2.9505157, -2.9505119], [3.1525154, 3.1525192], [-13.591507, -13.591492], [13.466202, 13.466217], [57.449524, 57.449585], [-57.431152, -57.431091], [-245.36304, -245.36279], [245.5603, 245.56055], [1.7692947, 1.7692966], [-0.26194286, -0.26194239], [0.23344755, 0.23344779], [-0.28395414, -0.28395367], [0.23734283, 0.23734307], [0.21060443, 0.21060467], [0.45519257, 0.45519304], [-0.33711052, -0.33711004], [-0.30563354, -0.30563307]]








