LinearAlgebra.PosDefException(2)
LinearAlgebra.PosDefException(2)
LinearAlgebra.PosDefException(2)
LinearAlgebra.PosDefException(3)
LinearAlgebra.PosDefException(3)
LinearAlgebra.PosDefException(6)
LinearAlgebra.PosDefException(84)
LinearAlgebra.PosDefException(2)
LinearAlgebra.PosDefException(3)
LinearAlgebra.PosDefException(2)
LinearAlgebra.PosDefException(2)
LinearAlgebra.PosDefException(3)
LinearAlgebra.PosDefException(6)
LinearAlgebra.PosDefException(10)
LinearAlgebra.PosDefException(6)
LinearAlgebra.PosDefException(2)
LinearAlgebra.PosDefException(2)
LinearAlgebra.PosDefException(2)
LinearAlgebra.PosDefException(4)
LinearAlgebra.PosDefException(5)
LinearAlgebra.PosDefException(7)
LinearAlgebra.PosDefException(2)
LinearAlgebra.PosDefException(3)
LinearAlgebra.PosDefException(2)
LinearAlgebra.PosDefException(2)
LinearAlgebra.PosDefException(4)
LinearAlgebra.PosDefException(69)
LinearAlgebra.PosDefException(4)
LinearAlgebra.PosDefException(5)
LinearAlgebra.PosDefException(10)
LinearAlgebra.PosDefException(4)
LinearAlgebra.PosDefException(2)
LinearAlgebra.PosDefException(2)
LinearAlgebra.PosDefException(2)
LinearAlgebra.PosDefException(3)
LinearAlgebra.PosDefException(3)
LinearAlgebra.PosDefException(5)
LinearAlgebra.PosDefException(84)
LinearAlgebra.PosDefException(4)
LinearAlgebra.PosDefException(7)
LinearAlgebra.PosDefException(288)
LinearAlgebra.PosDefException(5)
LinearAlgebra.PosDefException(2)
LinearAlgebra.PosDefException(2)
LinearAlgebra.PosDefException(6)
LinearAlgebra.PosDefException(3)
LinearAlgebra.PosDefException(4)
LinearAlgebra.PosDefException(3)
LinearAlgebra.PosDefException(2)
LinearAlgebra.PosDefException(3)
LinearAlgebra.PosDefException(3)
LinearAlgebra.PosDefException(4)
LinearAlgebra.PosDefException(3)
LinearAlgebra.PosDefException(5)
LinearAlgebra.PosDefException(85)
LinearAlgebra.PosDefException(3)
LinearAlgebra.PosDefException(2)
LinearAlgebra.PosDefException(3)
LinearAlgebra.PosDefException(4)
LinearAlgebra.PosDefException(4)
LinearAlgebra.PosDefException(4)
LinearAlgebra.PosDefException(29)
LinearAlgebra.PosDefException(2)
LinearAlgebra.PosDefException(2)
LinearAlgebra.PosDefException(3)
LinearAlgebra.PosDefException(3)
LinearAlgebra.PosDefException(3)
LinearAlgebra.PosDefException(5)
LinearAlgebra.PosDefException(7)
LinearAlgebra.PosDefException(2)
LinearAlgebra.PosDefException(2)
LinearAlgebra.PosDefException(2)
LinearAlgebra.PosDefException(3)
LinearAlgebra.PosDefException(3)
LinearAlgebra.PosDefException(4)
LinearAlgebra.PosDefException(61)
LinearAlgebra.PosDefException(2)
LinearAlgebra.PosDefException(3)
LinearAlgebra.PosDefException(4)
LinearAlgebra.PosDefException(35)
LinearAlgebra.PosDefException(3)
LinearAlgebra.PosDefException(3)
LinearAlgebra.PosDefException(6)
LinearAlgebra.PosDefException(5)
LinearAlgebra.PosDefException(5)
LinearAlgebra.PosDefException(5)
LinearAlgebra.PosDefException(92)
LinearAlgebra.PosDefException(2)
LinearAlgebra.PosDefException(2)
LinearAlgebra.PosDefException(2)
LinearAlgebra.PosDefException(2)
LinearAlgebra.PosDefException(3)
LinearAlgebra.PosDefException(4)
LinearAlgebra.PosDefException(5)
LinearAlgebra.PosDefException(2)
LinearAlgebra.PosDefException(2)
LinearAlgebra.PosDefException(3)
LinearAlgebra.PosDefException(2)
LinearAlgebra.PosDefException(4)
LinearAlgebra.PosDefException(4)
LinearAlgebra.PosDefException(4)
LinearAlgebra.PosDefException(2)
LinearAlgebra.PosDefException(2)
LinearAlgebra.PosDefException(2)
LinearAlgebra.PosDefException(5)
LinearAlgebra.PosDefException(12)
LinearAlgebra.PosDefException(6)
LinearAlgebra.PosDefException(6)
DEBUG [determine_optimal_points_count]: Large num points: 1
DEBUG [determine_optimal_points_count]: Good num points: 1
DEBUG [multipoint_parameter_estimation]: Parameter estimation using this many points: 1

DEBUG [pick_points]: Starting point selection...
DEBUG [pick_points]: Number of points to pick: 1
DEBUG [pick_points]: Total points available: 1001
DEBUG [pick_points]: Number of interpolants: 4

DEBUG [pick_points]: Computing interestingness scores...
DEBUG [pick_points]: Processed 100 points
DEBUG [pick_points]: Processed 200 points
DEBUG [pick_points]: Processed 300 points
DEBUG [pick_points]: Processed 400 points
DEBUG [pick_points]: Processed 500 points
DEBUG [pick_points]: Processed 600 points
DEBUG [pick_points]: Processed 700 points
DEBUG [pick_points]: Processed 800 points
DEBUG [pick_points]: Processed 900 points
DEBUG [pick_points]: Processed 1000 points

DEBUG [pick_points]: Score statistics:
DEBUG [pick_points]: Min score: 0.27593439216087884
DEBUG [pick_points]: Max score: 1.090931423623316
DEBUG [pick_points]: Mean score: 0.5500096323879125
DEBUG [pick_points]: Normalized scores

DEBUG [pick_points]: Selected 1 points
DEBUG [pick_points]: Selected time points: [-0.998]
aa_system
Any[_t2_p_t_ - 3687428621979977//18014398509481984, _t2_e_t_ - 1771508408970309//2251799813685248, _t2_eˍt_t_ + 5818476203332567//9007199254740992, _t2_eˍtt_t_ - 5694622590589555//9007199254740992, _t2_eˍttt_t_ + 6700674341886155//9007199254740992, _t2_eˍtttt_t_ - 7629393505410853//9007199254740992, _t2_s_t_ + _t2_m_t_ - 4496555963628341//4503599627370496, _t2_sˍt_t_ + _t2_mˍt_t_ - 2095240909317861//9007199254740992, _t2_mˍtt_t_ + _t2_sˍtt_t_ + 7862215815761683//288230376151711744, _t2_mˍttt_t_ + _t2_sˍttt_t_ + 4944566431453205//144115188075855872, _t2_sˍtttt_t_ + _t2_mˍtttt_t_ - 5877003290660943//144115188075855872, _t2_mˍttttt_t_ + _t2_sˍttttt_t_ - 2840832900803539//18446744073709551616, _t2_n_t_ - 4913245417111031//9007199254740992, _t2_nˍt_t_ + 2254915007392027//9007199254740992, _t2_nˍtt_t_ - 564328460949021//4503599627370496, _t2_nˍttt_t_ + 4970737309172207//72057594037927936, _t2_nˍtttt_t_ - 6079777716536697//288230376151711744, _t2_nˍttttt_t_ - 29084730253747//562949953421312, -_tprhoE_*_t2_e_t_*_t2_p_t_ + _tpdeltaEL_*_t2_e_t_ + _tpmuEE_*_t2_e_t_^2 - _tpdeltaNE_*_t2_n_t_*_t2_p_t_ + _t2_eˍt_t_, -_tprhoE_*_t2_e_t_*_t2_pˍt_t_ - _tprhoE_*_t2_p_t_*_t2_eˍt_t_ + _tpdeltaEL_*_t2_eˍt_t_ + 2*_tpmuEE_*_t2_e_t_*_t2_eˍt_t_ - _tpdeltaNE_*_t2_n_t_*_t2_pˍt_t_ - _tpdeltaNE_*_t2_p_t_*_t2_nˍt_t_ + _t2_eˍtt_t_, -_tprhoE_*_t2_e_t_*_t2_pˍtt_t_ - _tprhoE_*_t2_p_t_*_t2_eˍtt_t_ - 2*_tprhoE_*_t2_eˍt_t_*_t2_pˍt_t_ + _tpdeltaEL_*_t2_eˍtt_t_ + 2*_tpmuEE_*_t2_e_t_*_t2_eˍtt_t_ + 2*_tpmuEE_*_t2_eˍt_t_^2 - _tpdeltaNE_*_t2_n_t_*_t2_pˍtt_t_ - _tpdeltaNE_*_t2_p_t_*_t2_nˍtt_t_ - 2*_tpdeltaNE_*_t2_nˍt_t_*_t2_pˍt_t_ + _t2_eˍttt_t_, -_tprhoE_*_t2_e_t_*_t2_pˍttt_t_ - _tprhoE_*_t2_p_t_*_t2_eˍttt_t_ - 3*_tprhoE_*_t2_eˍt_t_*_t2_pˍtt_t_ - 3*_tprhoE_*_t2_eˍtt_t_*_t2_pˍt_t_ + _tpdeltaEL_*_t2_eˍttt_t_ + 2*_tpmuEE_*_t2_e_t_*_t2_eˍttt_t_ + 6*_tpmuEE_*_t2_eˍt_t_*_t2_eˍtt_t_ - _tpdeltaNE_*_t2_n_t_*_t2_pˍttt_t_ - _tpdeltaNE_*_t2_p_t_*_t2_nˍttt_t_ - 3*_tpdeltaNE_*_t2_nˍt_t_*_t2_pˍtt_t_ - 3*_tpdeltaNE_*_t2_nˍtt_t_*_t2_pˍt_t_ + _t2_eˍtttt_t_, _tpmuLL_*_t2_s_t_^2 - _tpdeltaEL_*_t2_s_t_ + _tpmuLE_*_t2_e_t_*_t2_s_t_ + _tpdeltaLM_*_t2_s_t_ + _t2_sˍt_t_, _tpmuM_*_t2_m_t_ - _tpdeltaLM_*_t2_s_t_ + _t2_mˍt_t_, _tpmuM_*_t2_mˍt_t_ - _tpdeltaLM_*_t2_sˍt_t_ + _t2_mˍtt_t_, 2*_tpmuLL_*_t2_s_t_*_t2_sˍt_t_ - _tpdeltaEL_*_t2_sˍt_t_ + _tpmuLE_*_t2_e_t_*_t2_sˍt_t_ + _tpmuLE_*_t2_s_t_*_t2_eˍt_t_ + _tpdeltaLM_*_t2_sˍt_t_ + _t2_sˍtt_t_, _tpmuM_*_t2_mˍtt_t_ - _tpdeltaLM_*_t2_sˍtt_t_ + _t2_mˍttt_t_, 2*_tpmuLL_*_t2_s_t_*_t2_sˍtt_t_ + 2*_tpmuLL_*_t2_sˍt_t_^2 - _tpdeltaEL_*_t2_sˍtt_t_ + _tpmuLE_*_t2_e_t_*_t2_sˍtt_t_ + _tpmuLE_*_t2_s_t_*_t2_eˍtt_t_ + 2*_tpmuLE_*_t2_eˍt_t_*_t2_sˍt_t_ + _tpdeltaLM_*_t2_sˍtt_t_ + _t2_sˍttt_t_, 2*_tpmuLL_*_t2_s_t_*_t2_sˍttt_t_ + 6*_tpmuLL_*_t2_sˍt_t_*_t2_sˍtt_t_ - _tpdeltaEL_*_t2_sˍttt_t_ + _tpmuLE_*_t2_e_t_*_t2_sˍttt_t_ + _tpmuLE_*_t2_s_t_*_t2_eˍttt_t_ + 3*_tpmuLE_*_t2_eˍt_t_*_t2_sˍtt_t_ + 3*_tpmuLE_*_t2_eˍtt_t_*_t2_sˍt_t_ + _tpdeltaLM_*_t2_sˍttt_t_ + _t2_sˍtttt_t_, _tpmuM_*_t2_mˍttt_t_ - _tpdeltaLM_*_t2_sˍttt_t_ + _t2_mˍtttt_t_, _tpmuM_*_t2_mˍtttt_t_ - _tpdeltaLM_*_t2_sˍtttt_t_ + _t2_mˍttttt_t_, 2*_tpmuLL_*_t2_s_t_*_t2_sˍtttt_t_ + 8*_tpmuLL_*_t2_sˍt_t_*_t2_sˍttt_t_ + 6*_tpmuLL_*_t2_sˍtt_t_^2 - _tpdeltaEL_*_t2_sˍtttt_t_ + _tpmuLE_*_t2_e_t_*_t2_sˍtttt_t_ + _tpmuLE_*_t2_s_t_*_t2_eˍtttt_t_ + 4*_tpmuLE_*_t2_eˍt_t_*_t2_sˍttt_t_ + 6*_tpmuLE_*_t2_eˍtt_t_*_t2_sˍtt_t_ + 4*_tpmuLE_*_t2_eˍttt_t_*_t2_sˍt_t_ + _tpdeltaLM_*_t2_sˍtttt_t_ + _t2_sˍttttt_t_, _tpmuN_*_t2_n_t_ + _tpdeltaNE_*_t2_n_t_*_t2_p_t_ + _t2_nˍt_t_, _tpmuN_*_t2_nˍt_t_ + _tpdeltaNE_*_t2_n_t_*_t2_pˍt_t_ + _tpdeltaNE_*_t2_p_t_*_t2_nˍt_t_ + _t2_nˍtt_t_, _tpmuN_*_t2_nˍtt_t_ + _tpdeltaNE_*_t2_n_t_*_t2_pˍtt_t_ + _tpdeltaNE_*_t2_p_t_*_t2_nˍtt_t_ + 2*_tpdeltaNE_*_t2_nˍt_t_*_t2_pˍt_t_ + _t2_nˍttt_t_, _tpmuN_*_t2_nˍttt_t_ + _tpdeltaNE_*_t2_n_t_*_t2_pˍttt_t_ + _tpdeltaNE_*_t2_p_t_*_t2_nˍttt_t_ + 3*_tpdeltaNE_*_t2_nˍt_t_*_t2_pˍtt_t_ + 3*_tpdeltaNE_*_t2_nˍtt_t_*_t2_pˍt_t_ + _t2_nˍtttt_t_, _tpmuN_*_t2_nˍtttt_t_ + _tpdeltaNE_*_t2_n_t_*_t2_pˍtttt_t_ + _tpdeltaNE_*_t2_p_t_*_t2_nˍtttt_t_ + 4*_tpdeltaNE_*_t2_nˍt_t_*_t2_pˍttt_t_ + 6*_tpdeltaNE_*_t2_nˍtt_t_*_t2_pˍtt_t_ + 4*_tpdeltaNE_*_t2_nˍttt_t_*_t2_pˍt_t_ + _t2_nˍttttt_t_, _tpmuPE_*_t2_e_t_*_t2_p_t_ + _tpmuPL_*_t2_s_t_*_t2_p_t_ - _tprhoP_*_t2_p_t_^2 + _tpmuP_*_t2_p_t_ + _t2_pˍt_t_, _tpmuPE_*_t2_e_t_*_t2_pˍt_t_ + _tpmuPE_*_t2_p_t_*_t2_eˍt_t_ + _tpmuPL_*_t2_s_t_*_t2_pˍt_t_ + _tpmuPL_*_t2_p_t_*_t2_sˍt_t_ - 2*_tprhoP_*_t2_p_t_*_t2_pˍt_t_ + _tpmuP_*_t2_pˍt_t_ + _t2_pˍtt_t_, _tpmuPE_*_t2_e_t_*_t2_pˍtt_t_ + _tpmuPE_*_t2_p_t_*_t2_eˍtt_t_ + 2*_tpmuPE_*_t2_eˍt_t_*_t2_pˍt_t_ + _tpmuPL_*_t2_s_t_*_t2_pˍtt_t_ + _tpmuPL_*_t2_p_t_*_t2_sˍtt_t_ + 2*_tpmuPL_*_t2_sˍt_t_*_t2_pˍt_t_ - 2*_tprhoP_*_t2_p_t_*_t2_pˍtt_t_ - 2*_tprhoP_*_t2_pˍt_t_^2 + _tpmuP_*_t2_pˍtt_t_ + _t2_pˍttt_t_, _tpmuPE_*_t2_e_t_*_t2_pˍttt_t_ + _tpmuPE_*_t2_p_t_*_t2_eˍttt_t_ + 3*_tpmuPE_*_t2_eˍt_t_*_t2_pˍtt_t_ + 3*_tpmuPE_*_t2_eˍtt_t_*_t2_pˍt_t_ + _tpmuPL_*_t2_s_t_*_t2_pˍttt_t_ + _tpmuPL_*_t2_p_t_*_t2_sˍttt_t_ + 3*_tpmuPL_*_t2_sˍt_t_*_t2_pˍtt_t_ + 3*_tpmuPL_*_t2_sˍtt_t_*_t2_pˍt_t_ - 2*_tprhoP_*_t2_p_t_*_t2_pˍttt_t_ - 6*_tprhoP_*_t2_pˍt_t_*_t2_pˍtt_t_ + _tpmuP_*_t2_pˍttt_t_ + _t2_pˍtttt_t_]
R
Multivariate polynomial ring in 41 variables over rationals
primes of bitsize 28
G-Q-Pt-FG-LT-LP(U)
G-Q-Pt-FG-LT-LP(U)
G-Q-Pt-FG-LT-LP(U)
G-Q-Pt-FG-LT-LP(U)
G-Q-Pt-FG-LT-LP(U)
G-Q-Pt-FG-LT-LP(U)
G-Q-Pt-FG-LT-LP(U)
G-Q-Pt-FG-LT-LP(U)
G-Q-Pt-FG-LT-LP(U)
G-Q-Pt-FG-LT-LP(C)
Dimension of the quotient :41
Degree of the radical :41
Use variable 32 as separating element
Run Groebner learn
Test cyclic optimization
Apply cyclic optimization 
Multi-modular computation (1 threads): G-Q-Pt-FG-LT-LP(C)
5-9-13-17-21-25-29-33-37-41-45-49-53-61-69-77-85-93-105-117-129-141-157-173-193-213-237-261-289-317-349-385-425-469-517-569-625-689-757-833-917-1009-1109-1221-1345-1481-1629-1793-1973-2173-2393-2633-2897-3189-3509-3861-
check-G-Q-Pt-FG-LT-LP(C)
Nb Primes used :3861
┌ Warning: Interrupted. Larger maxiters is needed. If you are using an integrator for non-stiff ODEs or an automatic switching algorithm (the default), you may want to consider using a method for stiff equations. See the solver pages for more details (e.g. https://docs.sciml.ai/DiffEqDocs/stable/solvers/ode_solve/#Stiff-Problems).
└ @ SciMLBase ~/.julia/packages/SciMLBase/Pma4a/src/integrator_interface.jl:589
┌ Warning: Interrupted. Larger maxiters is needed. If you are using an integrator for non-stiff ODEs or an automatic switching algorithm (the default), you may want to consider using a method for stiff equations. See the solver pages for more details (e.g. https://docs.sciml.ai/DiffEqDocs/stable/solvers/ode_solve/#Stiff-Problems).
└ @ SciMLBase ~/.julia/packages/SciMLBase/Pma4a/src/integrator_interface.jl:589
┌ Warning: At t=0.09571783163385048, dt was forced below floating point epsilon 1.3877787807814457e-17, and step error estimate = 1.0627007016307648. Aborting. There is either an error in your model specification or the true solution is unstable (or the true solution can not be represented in the precision of Float64).
└ @ SciMLBase ~/.julia/packages/SciMLBase/Pma4a/src/integrator_interface.jl:623
11-element Vector{Vector{Vector{BigFloat}}}:
 [[-967.60059, -967.59961], [0.81190872, 0.81191063], [4.609314, 4.6093216], [1.6240978, 1.6240997], [0.061864734, 0.061864793], [-6.7877028e+09, -6.7876946e+09], [0.59141159, 0.59141254], [-8.8650056e+09, -8.8649892e+09], [8.8666297e-08, 8.8666411e-08], [-13.007782, -13.007767], [738.04883, 738.0498], [-0.64714241, -0.64714146], [6.7876946e+09, 6.7877028e+09], [0.54547977, 0.54548073], [0.78670692, 0.78670788], [2.2965709e+08, 2.2965734e+08], [-2.2965734e+08, -2.2965709e+08], [0.20469332, 0.20469356], [-0.64598083, -0.64597988], [0.6322298, 0.63223076], [-0.74392509, -0.74392414], [0.84703255, 0.8470335], [-7.053271e+09, -7.0532628e+09], [7.0532628e+09, 7.053271e+09], [-6.9032018e+09, -6.9031936e+09], [6.9031936e+09, 6.9032018e+09], [8.1165107e+09, 8.1165189e+09], [-8.1165189e+09, -8.1165107e+09], [9.9936666e+09, 9.9936829e+09], [-9.9936829e+09, -9.9936666e+09], [1.2295029e+10, 1.2295045e+10], [-1.2295045e+10, -1.2295029e+10], [0.090196609, 0.090196729], [-0.25034618, -0.25034571], [0.12530589, 0.12530613], [-0.06898284, -0.06898272], [0.021093458, 0.021093488], [0.051664829, 0.051664889], [0.02949217, 0.029492199], [-0.0054335967, -0.0054335892], [-0.05773741, -0.05773735]]
 [[0.35803318, 0.35803366], [4.0274346e-05, 4.0274404e-05], [4.609314, 4.6093216], [1.6240978, 1.6240997], [0.061864734, 0.061864793], [-1.6428185, -1.6428165], [0.59141159, 0.59141254], [-0.08207655, -0.08207643], [-0.0014165994, -0.0014165975], [-7.460022, -7.4600067], [-1.9951401, -1.9951382], [-0.64714241, -0.64714146], [0.30764246, 0.30764294], [0.54547977, 0.54548073], [0.78670692, 0.78670788], [-29.914459, -29.914429], [30.912872, 30.912903], [0.20469332, 0.20469356], [-0.64598083, -0.64597988], [0.6322298, 0.63223076], [-0.74392509, -0.74392414], [0.84703255, 0.8470335], [-41.348694, -41.348633], [41.581238, 41.581299], [55.589844, 55.589905], [-55.617188, -55.617126], [74.213745, 74.213867], [-74.248169, -74.248047], [-99.037231, -99.037109], [99.077881, 99.078003], [132.29883, 132.29907], [-132.29883, -132.29858], [0.090196609, 0.090196729], [-0.25034618, -0.25034571], [0.12530589, 0.12530613], [-0.068982959, -0.06898272], [0.021093458, 0.021093488], [0.051664829, 0.051664889], [0.02949217, 0.029492199], [-0.0054335967, -0.0054335892], [-0.05773741, -0.05773735]]
 [[13.176697, 13.176712], [8.7984314, 8.7984467], [4.609314, 4.6093216], [1.6240978, 1.6240997], [0.061864734, 0.061864793], [-0.024152279, -0.024152249], [0.59141159, 0.59141254], [-4.6918869, -4.6918793], [-23.587402, -23.587372], [2.1107407, 2.1107445], [3.1064148, 3.1064186], [-0.64714241, -0.64714146], [1.0510654, 1.0510674], [0.54547977, 0.54548073], [0.78670692, 0.78670788], [0.5589695, 0.55897045], [0.43946552, 0.439466], [0.20469332, 0.20469356], [-0.64598083, -0.64597988], [0.6322298, 0.63223076], [-0.74392509, -0.74392414], [0.84703255, 0.8470335], [-0.36551094, -0.36551046], [0.59812927, 0.59813023], [-0.36973047, -0.36973], [0.34245253, 0.342453], [0.35101032, 0.3510108], [-0.38532066, -0.38532019], [0.43729973, 0.43730021], [-0.39652014, -0.39651966], [0.45005417, 0.45005465], [-0.44990063, -0.44990015], [0.090196609, 0.090196729], [-0.25034618, -0.25034571], [0.12530589, 0.12530613], [-0.06898284, -0.06898272], [0.021093458, 0.021093488], [0.051664829, 0.051664889], [0.02949217, 0.029492199], [-0.0054335967, -0.0054335892], [-0.05773741, -0.05773735]]
 [[3.3657227, 3.3657265], [2.0914497, 2.0914536], [4.609314, 4.6093216], [1.6240978, 1.6240997], [0.061864734, 0.061864793], [0.17233086, 0.17233109], [0.59141159, 0.59141254], [-0.62326431, -0.62326336], [-8.5457001, -8.5456848], [2.2688828, 2.2688866], [5.1184692, 5.1184769], [-0.64714241, -0.64714146], [0.59945297, 0.59945393], [0.54547977, 0.54548073], [0.78670692, 0.78670788], [0.87131214, 0.8713131], [0.12712336, 0.12712359], [0.20469332, 0.20469356], [-0.64598083, -0.64597988], [0.6322298, 0.63223076], [-0.74392509, -0.74392414], [0.84703255, 0.8470335], [-0.26778555, -0.26778507], [0.5004034, 0.50040436], [-0.24675989, -0.24675965], [0.21948218, 0.21948242], [0.17409372, 0.17409396], [-0.20840359, -0.20840335], [0.19570971, 0.19570994], [-0.15493011, -0.15492988], [0.14401793, 0.14401817], [-0.14386415, -0.14386392], [0.090196609, 0.090196729], [-0.25034618, -0.25034571], [0.12530589, 0.12530613], [-0.06898284, -0.06898272], [0.021093458, 0.021093488], [0.051664829, 0.051664889], [0.02949217, 0.029492199], [-0.0054335967, -0.0054335892], [-0.05773741, -0.05773735]]
 [[0.4347291, 0.43472958], [-0.0044800639, -0.0044800565], [4.609314, 4.6093216], [1.6240978, 1.6240997], [0.061864734, 0.061864793], [-1.8434086, -1.8434067], [0.59141159, 0.59141254], [0.0020036139, 0.0020036176], [-0.053319335, -0.053319275], [-4.6226883, -4.6226807], [0.72317123, 0.72317219], [-0.64714241, -0.64714146], [1.8926144, 1.8926163], [0.54547977, 0.54548073], [0.78670692, 0.78670788], [40.426025, 40.426086], [-39.427612, -39.427551], [0.20469332, 0.20469356], [-0.64598083, -0.64597988], [0.6322298, 0.63223076], [-0.74392509, -0.74392414], [0.84703255, 0.8470335], [-3.5971565, -3.5971527], [3.8297691, 3.8297729], [0.25180483, 0.25180531], [-0.27908278, -0.2790823], [-0.064016581, -0.064016461], [0.029706627, 0.029706657], [0.10256505, 0.10256517], [-0.061785221, -0.061785161], [0.080220819, 0.080220938], [-0.080066919, -0.0800668], [0.090196609, 0.090196729], [-0.25034618, -0.25034571], [0.12530589, 0.12530613], [-0.06898284, -0.06898272], [0.021093458, 0.021093488], [0.051664829, 0.051664889], [0.02949217, 0.029492199], [-0.0054335967, -0.0054335892], [-0.05773741, -0.05773735]]
 [[0.34067631, 0.34067678], [-0.51878643, -0.51878548], [4.609314, 4.6093216], [1.6240978, 1.6240997], [0.061864734, 0.061864793], [-0.34143877, -0.34143829], [0.59141159, 0.59141254], [-1.4173508, -1.4173489], [-1.7632065, -1.7632046], [-5.2895279, -5.2895203], [-1.5752487, -1.5752468], [-0.64714241, -0.64714146], [1.3306293, 1.3306313], [0.54547977, 0.54548073], [0.78670692, 0.78670788], [-0.045612574, -0.045612514], [1.0440483, 1.0440502], [0.20469332, 0.20469356], [-0.64598083, -0.64597988], [0.6322298, 0.63223076], [-0.74392509, -0.74392414], [0.84703255, 0.8470335], [-0.063166261, -0.063166142], [0.29578447, 0.29578495], [0.016941249, 0.016941279], [-0.044218838, -0.044218779], [-0.053054512, -0.053054452], [0.018744677, 0.018744707], [0.033952475, 0.033952534], [0.006827414, 0.0068274215], [0.047509313, 0.047509372], [-0.047355413, -0.047355354], [0.090196609, 0.090196729], [-0.25034618, -0.25034571], [0.12530589, 0.12530613], [-0.06898284, -0.06898272], [0.021093458, 0.021093488], [0.051664829, 0.051664889], [0.02949217, 0.029492199], [-0.0054335967, -0.0054335892], [-0.05773741, -0.05773735]]
 [[0.55785751, 0.55785847], [0.073589921, 0.07359004], [4.609314, 4.6093216], [1.6240978, 1.6240997], [0.061864734, 0.061864793], [-1.452158, -1.4521561], [0.59141159, 0.59141254], [0.0091576278, 0.0091576427], [0.51494694, 0.51494789], [-2.6677246, -2.6677208], [-3.877594, -3.8775902], [-0.64714241, -0.64714146], [1.1044044, 1.1044064], [0.54547977, 0.54548073], [0.78670692, 0.78670788], [5.3375854, 5.3375931], [-4.3391571, -4.3391495], [0.20469332, 0.20469356], [-0.64598083, -0.64597988], [0.6322298, 0.63223076], [-0.74392509, -0.74392414], [0.84703255, 0.8470335], [0.6388855, 0.63888645], [-0.40626717, -0.40626669], [0.11562514, 0.11562526], [-0.14290285, -0.14290261], [0.010083333, 0.010083348], [-0.044393182, -0.044393122], [0.075165272, 0.075165391], [-0.034385502, -0.034385443], [0.033079922, 0.033079982], [-0.032925963, -0.032925904], [0.090196609, 0.090196729], [-0.25034618, -0.25034571], [0.12530589, 0.12530613], [-0.06898284, -0.06898272], [0.021093458, 0.021093488], [0.051664829, 0.051664889], [0.02949217, 0.029492199], [-0.0054335967, -0.0054335892], [-0.05773741, -0.05773735]]
 [[0.0051557422, 0.0051557496], [60.686768, 60.686829], [4.609314, 4.6093216], [1.6240978, 1.6240997], [0.061864734, 0.061864793], [-0.20285916, -0.20285892], [0.59141159, 0.59141254], [8.0013733, 8.0013885], [-2.529274, -2.5292702], [-8.1828613, -8.1828461], [-2.0091934, -2.0091896], [-0.64714241, -0.64714146], [0.81886101, 0.81886196], [0.54547977, 0.54548073], [0.78670692, 0.78670788], [-0.073569417, -0.073569298], [1.0720043, 1.0720062], [0.20469332, 0.20469356], [-0.64598083, -0.64597988], [0.6322298, 0.63223076], [-0.74392509, -0.74392414], [0.84703255, 0.8470335], [0.075395465, 0.075395584], [0.15722275, 0.15722299], [0.093632579, 0.093632698], [-0.12091017, -0.12091005], [-0.080014467, -0.080014348], [0.045704544, 0.045704603], [0.019585818, 0.019585848], [0.021194041, 0.021194071], [0.020337462, 0.020337492], [-0.020183504, -0.020183474], [0.090196609, 0.090196729], [-0.25034618, -0.25034571], [0.12530589, 0.12530613], [-0.06898284, -0.06898272], [0.021093458, 0.021093488], [0.051664829, 0.051664889], [0.02949217, 0.029492199], [-0.0054335967, -0.0054335892], [-0.05773741, -0.05773735]]
 [[0.25668955, 0.25669003], [-6.5487518, -6.5487442], [4.609314, 4.6093216], [1.6240978, 1.6240997], [0.061864734, 0.061864793], [-0.075931072, -0.075930953], [0.59141159, 0.59141254], [-0.39049625, -0.39049578], [-6.4194641, -6.4194565], [-5.0277252, -5.0277176], [-0.93779755, -0.93779659], [-0.64714241, -0.64714146], [2.5257301, 2.5257339], [0.54547977, 0.54548073], [0.78670692, 0.78670788], [0.068130732, 0.068130851], [0.93030453, 0.93030548], [0.20469332, 0.20469356], [-0.64598083, -0.64597988], [0.6322298, 0.63223076], [-0.74392509, -0.74392414], [0.84703255, 0.8470335], [-0.010100871, -0.010100856], [0.24271917, 0.24271941], [-0.0070821568, -0.0070821494], [-0.020195395, -0.020195365], [-0.051545918, -0.051545858], [0.017236084, 0.017236114], [0.001160061, 0.0011600628], [0.039619803, 0.039619863], [0.0059383735, 0.005938381], [-0.0057843849, -0.0057843775], [0.090196609, 0.090196729], [-0.25034618, -0.25034571], [0.12530589, 0.12530613], [-0.06898284, -0.06898272], [0.021093458, 0.021093488], [0.051664829, 0.051664889], [0.02949217, 0.029492199], [-0.0054335967, -0.0054335892], [-0.05773741, -0.05773735]]
 [[-3.0711441, -3.0711403], [-1.6459255, -1.6459236], [4.609314, 4.6093216], [1.6240978, 1.6240997], [0.061864734, 0.061864793], [0.30513334, 0.30513382], [0.59141159, 0.59141254], [0.043978155, 0.043978214], [73.368164, 73.368286], [-11.765823, -11.765808], [101.59119, 101.59131], [-0.64714241, -0.64714146], [-0.7150774, -0.71507645], [0.54547977, 0.54548073], [0.78670692, 0.78670788], [-1.3865337, -1.3865318], [2.3849678, 2.3849716], [0.20469332, 0.20469356], [-0.64598083, -0.64597988], [0.6322298, 0.63223076], [-0.74392509, -0.74392414], [0.84703255, 0.8470335], [-0.031125098, -0.031125069], [0.2637434, 0.26374388], [-0.058220267, -0.058220208], [0.030942649, 0.030942678], [-0.0043614432, -0.0043614358], [-0.029948384, -0.029948354], [0.018033683, 0.018033713], [0.022746205, 0.022746235], [-0.019836128, -0.019836098], [0.019990087, 0.019990116], [0.090196609, 0.090196729], [-0.25034618, -0.25034571], [0.12530589, 0.12530613], [-0.06898284, -0.06898272], [0.021093458, 0.021093488], [0.051664829, 0.051664889], [0.02949217, 0.029492199], [-0.0054335967, -0.0054335892], [-0.05773741, -0.05773735]]
 [[-1.2697296, -1.2697277], [0.86711311, 0.86711407], [4.609314, 4.6093216], [1.6240978, 1.6240997], [0.061864734, 0.061864793], [-0.92695522, -0.92695427], [0.59141159, 0.59141254], [4.5111847, 4.5111923], [-0.31001282, -0.31001234], [-6.1882935, -6.1882858], [-1.5019283, -1.5019264], [-0.64714241, -0.64714146], [2.0005035, 2.0005074], [0.54547977, 0.54548073], [0.78670692, 0.78670788], [-3.5161514, -3.5161476], [4.5145798, 4.5145874], [0.20469332, 0.20469356], [-0.64598083, -0.64597988], [0.6322298, 0.63223076], [-0.74392509, -0.74392414], [0.84703255, 0.8470335], [3.0818787, 3.0818825], [-2.8492622, -2.8492584], [3.5241776, 3.5241814], [-3.5514565, -3.5514526], [-3.8379555, -3.8379517], [3.8036385, 3.8036423], [-4.0108185, -4.0108109], [4.05159, 4.0515976], [-4.2680206, -4.268013], [4.2681656, 4.2681732], [0.090196609, 0.090196729], [-0.25034618, -0.25034571], [0.12530589, 0.12530613], [-0.06898284, -0.06898272], [0.021093458, 0.021093488], [0.051664829, 0.051664889], [0.02949217, 0.029492199], [-0.0054335967, -0.0054335892], [-0.05773741, -0.05773735]]


















