LinearAlgebra.PosDefException(2)
LinearAlgebra.PosDefException(3)
LinearAlgebra.PosDefException(2)
LinearAlgebra.PosDefException(4)
LinearAlgebra.PosDefException(3)
LinearAlgebra.PosDefException(4)
LinearAlgebra.PosDefException(88)
LinearAlgebra.PosDefException(6)
LinearAlgebra.PosDefException(5)
LinearAlgebra.PosDefException(910)
LinearAlgebra.PosDefException(2)
LinearAlgebra.PosDefException(3)
LinearAlgebra.PosDefException(6)
LinearAlgebra.PosDefException(6)
LinearAlgebra.PosDefException(4)
LinearAlgebra.PosDefException(4)
LinearAlgebra.PosDefException(90)
LinearAlgebra.PosDefException(2)
LinearAlgebra.PosDefException(3)
LinearAlgebra.PosDefException(2)
LinearAlgebra.PosDefException(2)
LinearAlgebra.PosDefException(3)
LinearAlgebra.PosDefException(4)
LinearAlgebra.PosDefException(13)
LinearAlgebra.PosDefException(3)
LinearAlgebra.PosDefException(2)
LinearAlgebra.PosDefException(2)
LinearAlgebra.PosDefException(3)
LinearAlgebra.PosDefException(4)
LinearAlgebra.PosDefException(6)
LinearAlgebra.PosDefException(6)
LinearAlgebra.PosDefException(2)
LinearAlgebra.PosDefException(3)
LinearAlgebra.PosDefException(2)
LinearAlgebra.PosDefException(2)
LinearAlgebra.PosDefException(2)
LinearAlgebra.PosDefException(2)
LinearAlgebra.PosDefException(5)
LinearAlgebra.PosDefException(4)
LinearAlgebra.PosDefException(10)
LinearAlgebra.PosDefException(2)
LinearAlgebra.PosDefException(3)
LinearAlgebra.PosDefException(5)
LinearAlgebra.PosDefException(44)
LinearAlgebra.PosDefException(3)
LinearAlgebra.PosDefException(2)
LinearAlgebra.PosDefException(2)
LinearAlgebra.PosDefException(4)
LinearAlgebra.PosDefException(8)
LinearAlgebra.PosDefException(4)
LinearAlgebra.PosDefException(82)
LinearAlgebra.PosDefException(2)
LinearAlgebra.PosDefException(2)
LinearAlgebra.PosDefException(2)
LinearAlgebra.PosDefException(3)
LinearAlgebra.PosDefException(3)
LinearAlgebra.PosDefException(5)
LinearAlgebra.PosDefException(30)
LinearAlgebra.PosDefException(2)
LinearAlgebra.PosDefException(2)
LinearAlgebra.PosDefException(2)
LinearAlgebra.PosDefException(3)
LinearAlgebra.PosDefException(4)
LinearAlgebra.PosDefException(5)
LinearAlgebra.PosDefException(7)
LinearAlgebra.PosDefException(2)
LinearAlgebra.PosDefException(2)
LinearAlgebra.PosDefException(2)
LinearAlgebra.PosDefException(2)
LinearAlgebra.PosDefException(4)
LinearAlgebra.PosDefException(4)
LinearAlgebra.PosDefException(5)
LinearAlgebra.PosDefException(2)
LinearAlgebra.PosDefException(2)
LinearAlgebra.PosDefException(2)
LinearAlgebra.PosDefException(3)
LinearAlgebra.PosDefException(5)
LinearAlgebra.PosDefException(6)
LinearAlgebra.PosDefException(6)
LinearAlgebra.PosDefException(2)
LinearAlgebra.PosDefException(2)
LinearAlgebra.PosDefException(2)
LinearAlgebra.PosDefException(3)
LinearAlgebra.PosDefException(3)
LinearAlgebra.PosDefException(6)
LinearAlgebra.PosDefException(86)
LinearAlgebra.PosDefException(3)
LinearAlgebra.PosDefException(2)
LinearAlgebra.PosDefException(3)
LinearAlgebra.PosDefException(2)
LinearAlgebra.PosDefException(5)
LinearAlgebra.PosDefException(3)
LinearAlgebra.PosDefException(7)
LinearAlgebra.PosDefException(2)
LinearAlgebra.PosDefException(3)
LinearAlgebra.PosDefException(12)
LinearAlgebra.PosDefException(5)
DEBUG [determine_optimal_points_count]: Large num points: 1
DEBUG [determine_optimal_points_count]: Good num points: 1
DEBUG [multipoint_parameter_estimation]: Parameter estimation using this many points: 1

DEBUG [pick_points]: Starting point selection...
DEBUG [pick_points]: Number of points to pick: 1
DEBUG [pick_points]: Total points available: 1001
DEBUG [pick_points]: Number of interpolants: 4

DEBUG [pick_points]: Computing interestingness scores...
DEBUG [pick_points]: Processed 100 points
DEBUG [pick_points]: Processed 200 points
DEBUG [pick_points]: Processed 300 points
DEBUG [pick_points]: Processed 400 points
DEBUG [pick_points]: Processed 500 points
DEBUG [pick_points]: Processed 600 points
DEBUG [pick_points]: Processed 700 points
DEBUG [pick_points]: Processed 800 points
DEBUG [pick_points]: Processed 900 points
DEBUG [pick_points]: Processed 1000 points

DEBUG [pick_points]: Score statistics:
DEBUG [pick_points]: Min score: 0.2734295205325253
DEBUG [pick_points]: Max score: 1.0274778426814093
DEBUG [pick_points]: Mean score: 0.5018981828551158
DEBUG [pick_points]: Normalized scores

DEBUG [pick_points]: Selected 1 points
DEBUG [pick_points]: Selected time points: [-0.998]
aa_system
Any[_t2_p_t_ - 8848509904298999//18014398509481984, _t2_e_t_ - 8968632674962277//36028797018963968, _t2_eˍt_t_ + 5104774487730585//144115188075855872, _t2_eˍtt_t_ + 4855100957318307//36028797018963968, _t2_eˍttt_t_ - 5272997553353297//18014398509481984, _t2_eˍtttt_t_ + 978459763494909//4503599627370496, _t2_s_t_ + _t2_m_t_ - 6962963995727379//4503599627370496, _t2_sˍt_t_ + _t2_mˍt_t_ + 3589991436151997//9007199254740992, _t2_mˍtt_t_ + _t2_sˍtt_t_ - 6398786027266589//36028797018963968, _t2_mˍttt_t_ + _t2_sˍttt_t_ + 4733759320847349//18014398509481984, _t2_sˍtttt_t_ + _t2_mˍtttt_t_ - 2702368578677399//9007199254740992, _t2_mˍttttt_t_ + _t2_sˍttttt_t_ - 4899643419640661//9007199254740992, _t2_n_t_ - 4818993737607603//18014398509481984, _t2_nˍt_t_ + 4447404693793629//18014398509481984, _t2_nˍtt_t_ - 5015992250306447//18014398509481984, _t2_nˍttt_t_ + 408819300160193//1125899906842624, _t2_nˍtttt_t_ - 3209973894633741//9007199254740992, _t2_nˍttttt_t_ - 270524095001235//562949953421312, -_tprhoE_*_t2_e_t_*_t2_p_t_ + _tpdeltaEL_*_t2_e_t_ + _tpmuEE_*_t2_e_t_^2 - _tpdeltaNE_*_t2_n_t_*_t2_p_t_ + _t2_eˍt_t_, -_tprhoE_*_t2_e_t_*_t2_pˍt_t_ - _tprhoE_*_t2_p_t_*_t2_eˍt_t_ + _tpdeltaEL_*_t2_eˍt_t_ + 2*_tpmuEE_*_t2_e_t_*_t2_eˍt_t_ - _tpdeltaNE_*_t2_n_t_*_t2_pˍt_t_ - _tpdeltaNE_*_t2_p_t_*_t2_nˍt_t_ + _t2_eˍtt_t_, -_tprhoE_*_t2_e_t_*_t2_pˍtt_t_ - _tprhoE_*_t2_p_t_*_t2_eˍtt_t_ - 2*_tprhoE_*_t2_eˍt_t_*_t2_pˍt_t_ + _tpdeltaEL_*_t2_eˍtt_t_ + 2*_tpmuEE_*_t2_e_t_*_t2_eˍtt_t_ + 2*_tpmuEE_*_t2_eˍt_t_^2 - _tpdeltaNE_*_t2_n_t_*_t2_pˍtt_t_ - _tpdeltaNE_*_t2_p_t_*_t2_nˍtt_t_ - 2*_tpdeltaNE_*_t2_nˍt_t_*_t2_pˍt_t_ + _t2_eˍttt_t_, -_tprhoE_*_t2_e_t_*_t2_pˍttt_t_ - _tprhoE_*_t2_p_t_*_t2_eˍttt_t_ - 3*_tprhoE_*_t2_eˍt_t_*_t2_pˍtt_t_ - 3*_tprhoE_*_t2_eˍtt_t_*_t2_pˍt_t_ + _tpdeltaEL_*_t2_eˍttt_t_ + 2*_tpmuEE_*_t2_e_t_*_t2_eˍttt_t_ + 6*_tpmuEE_*_t2_eˍt_t_*_t2_eˍtt_t_ - _tpdeltaNE_*_t2_n_t_*_t2_pˍttt_t_ - _tpdeltaNE_*_t2_p_t_*_t2_nˍttt_t_ - 3*_tpdeltaNE_*_t2_nˍt_t_*_t2_pˍtt_t_ - 3*_tpdeltaNE_*_t2_nˍtt_t_*_t2_pˍt_t_ + _t2_eˍtttt_t_, _tpmuLL_*_t2_s_t_^2 - _tpdeltaEL_*_t2_s_t_ + _tpmuLE_*_t2_e_t_*_t2_s_t_ + _tpdeltaLM_*_t2_s_t_ + _t2_sˍt_t_, _tpmuM_*_t2_m_t_ - _tpdeltaLM_*_t2_s_t_ + _t2_mˍt_t_, _tpmuM_*_t2_mˍt_t_ - _tpdeltaLM_*_t2_sˍt_t_ + _t2_mˍtt_t_, 2*_tpmuLL_*_t2_s_t_*_t2_sˍt_t_ - _tpdeltaEL_*_t2_sˍt_t_ + _tpmuLE_*_t2_e_t_*_t2_sˍt_t_ + _tpmuLE_*_t2_s_t_*_t2_eˍt_t_ + _tpdeltaLM_*_t2_sˍt_t_ + _t2_sˍtt_t_, _tpmuM_*_t2_mˍtt_t_ - _tpdeltaLM_*_t2_sˍtt_t_ + _t2_mˍttt_t_, 2*_tpmuLL_*_t2_s_t_*_t2_sˍtt_t_ + 2*_tpmuLL_*_t2_sˍt_t_^2 - _tpdeltaEL_*_t2_sˍtt_t_ + _tpmuLE_*_t2_e_t_*_t2_sˍtt_t_ + _tpmuLE_*_t2_s_t_*_t2_eˍtt_t_ + 2*_tpmuLE_*_t2_eˍt_t_*_t2_sˍt_t_ + _tpdeltaLM_*_t2_sˍtt_t_ + _t2_sˍttt_t_, 2*_tpmuLL_*_t2_s_t_*_t2_sˍttt_t_ + 6*_tpmuLL_*_t2_sˍt_t_*_t2_sˍtt_t_ - _tpdeltaEL_*_t2_sˍttt_t_ + _tpmuLE_*_t2_e_t_*_t2_sˍttt_t_ + _tpmuLE_*_t2_s_t_*_t2_eˍttt_t_ + 3*_tpmuLE_*_t2_eˍt_t_*_t2_sˍtt_t_ + 3*_tpmuLE_*_t2_eˍtt_t_*_t2_sˍt_t_ + _tpdeltaLM_*_t2_sˍttt_t_ + _t2_sˍtttt_t_, _tpmuM_*_t2_mˍttt_t_ - _tpdeltaLM_*_t2_sˍttt_t_ + _t2_mˍtttt_t_, _tpmuM_*_t2_mˍtttt_t_ - _tpdeltaLM_*_t2_sˍtttt_t_ + _t2_mˍttttt_t_, 2*_tpmuLL_*_t2_s_t_*_t2_sˍtttt_t_ + 8*_tpmuLL_*_t2_sˍt_t_*_t2_sˍttt_t_ + 6*_tpmuLL_*_t2_sˍtt_t_^2 - _tpdeltaEL_*_t2_sˍtttt_t_ + _tpmuLE_*_t2_e_t_*_t2_sˍtttt_t_ + _tpmuLE_*_t2_s_t_*_t2_eˍtttt_t_ + 4*_tpmuLE_*_t2_eˍt_t_*_t2_sˍttt_t_ + 6*_tpmuLE_*_t2_eˍtt_t_*_t2_sˍtt_t_ + 4*_tpmuLE_*_t2_eˍttt_t_*_t2_sˍt_t_ + _tpdeltaLM_*_t2_sˍtttt_t_ + _t2_sˍttttt_t_, _tpmuN_*_t2_n_t_ + _tpdeltaNE_*_t2_n_t_*_t2_p_t_ + _t2_nˍt_t_, _tpmuN_*_t2_nˍt_t_ + _tpdeltaNE_*_t2_n_t_*_t2_pˍt_t_ + _tpdeltaNE_*_t2_p_t_*_t2_nˍt_t_ + _t2_nˍtt_t_, _tpmuN_*_t2_nˍtt_t_ + _tpdeltaNE_*_t2_n_t_*_t2_pˍtt_t_ + _tpdeltaNE_*_t2_p_t_*_t2_nˍtt_t_ + 2*_tpdeltaNE_*_t2_nˍt_t_*_t2_pˍt_t_ + _t2_nˍttt_t_, _tpmuN_*_t2_nˍttt_t_ + _tpdeltaNE_*_t2_n_t_*_t2_pˍttt_t_ + _tpdeltaNE_*_t2_p_t_*_t2_nˍttt_t_ + 3*_tpdeltaNE_*_t2_nˍt_t_*_t2_pˍtt_t_ + 3*_tpdeltaNE_*_t2_nˍtt_t_*_t2_pˍt_t_ + _t2_nˍtttt_t_, _tpmuN_*_t2_nˍtttt_t_ + _tpdeltaNE_*_t2_n_t_*_t2_pˍtttt_t_ + _tpdeltaNE_*_t2_p_t_*_t2_nˍtttt_t_ + 4*_tpdeltaNE_*_t2_nˍt_t_*_t2_pˍttt_t_ + 6*_tpdeltaNE_*_t2_nˍtt_t_*_t2_pˍtt_t_ + 4*_tpdeltaNE_*_t2_nˍttt_t_*_t2_pˍt_t_ + _t2_nˍttttt_t_, _tpmuPE_*_t2_e_t_*_t2_p_t_ + _tpmuPL_*_t2_s_t_*_t2_p_t_ - _tprhoP_*_t2_p_t_^2 + _tpmuP_*_t2_p_t_ + _t2_pˍt_t_, _tpmuPE_*_t2_e_t_*_t2_pˍt_t_ + _tpmuPE_*_t2_p_t_*_t2_eˍt_t_ + _tpmuPL_*_t2_s_t_*_t2_pˍt_t_ + _tpmuPL_*_t2_p_t_*_t2_sˍt_t_ - 2*_tprhoP_*_t2_p_t_*_t2_pˍt_t_ + _tpmuP_*_t2_pˍt_t_ + _t2_pˍtt_t_, _tpmuPE_*_t2_e_t_*_t2_pˍtt_t_ + _tpmuPE_*_t2_p_t_*_t2_eˍtt_t_ + 2*_tpmuPE_*_t2_eˍt_t_*_t2_pˍt_t_ + _tpmuPL_*_t2_s_t_*_t2_pˍtt_t_ + _tpmuPL_*_t2_p_t_*_t2_sˍtt_t_ + 2*_tpmuPL_*_t2_sˍt_t_*_t2_pˍt_t_ - 2*_tprhoP_*_t2_p_t_*_t2_pˍtt_t_ - 2*_tprhoP_*_t2_pˍt_t_^2 + _tpmuP_*_t2_pˍtt_t_ + _t2_pˍttt_t_, _tpmuPE_*_t2_e_t_*_t2_pˍttt_t_ + _tpmuPE_*_t2_p_t_*_t2_eˍttt_t_ + 3*_tpmuPE_*_t2_eˍt_t_*_t2_pˍtt_t_ + 3*_tpmuPE_*_t2_eˍtt_t_*_t2_pˍt_t_ + _tpmuPL_*_t2_s_t_*_t2_pˍttt_t_ + _tpmuPL_*_t2_p_t_*_t2_sˍttt_t_ + 3*_tpmuPL_*_t2_sˍt_t_*_t2_pˍtt_t_ + 3*_tpmuPL_*_t2_sˍtt_t_*_t2_pˍt_t_ - 2*_tprhoP_*_t2_p_t_*_t2_pˍttt_t_ - 6*_tprhoP_*_t2_pˍt_t_*_t2_pˍtt_t_ + _tpmuP_*_t2_pˍttt_t_ + _t2_pˍtttt_t_]
R
Multivariate polynomial ring in 41 variables over rationals
primes of bitsize 28
G-Q-Pt-FG-LT-LP(U)
G-Q-Pt-FG-LT-LP(U)
G-Q-Pt-FG-LT-LP(U)
G-Q-Pt-FG-LT-LP(U)
G-Q-Pt-FG-LT-LP(U)
G-Q-Pt-FG-LT-LP(U)
G-Q-Pt-FG-LT-LP(U)
G-Q-Pt-FG-LT-LP(U)
G-Q-Pt-FG-LT-LP(U)
G-Q-Pt-FG-LT-LP(C)
Dimension of the quotient :41
Degree of the radical :41
Use variable 32 as separating element
Run Groebner learn
Test cyclic optimization
Apply cyclic optimization 
Multi-modular computation (1 threads): G-Q-Pt-FG-LT-LP(C)
5-9-13-17-21-25-29-33-37-41-45-49-53-61-69-77-85-93-105-117-129-141-157-173-193-213-237-261-289-317-349-385-425-469-517-569-625-689-757-833-917-1009-1109-1221-1345-1481-1629-1793-1973-2173-2393-2633-2897-3189-3509-3861-
check-G-Q-Pt-FG-LT-LP(C)
Nb Primes used :3861
┌ Warning: At t=-0.39472865508015353, dt was forced below floating point epsilon 5.551115123125783e-17, and step error estimate = 1.1359595675902234. Aborting. There is either an error in your model specification or the true solution is unstable (or the true solution can not be represented in the precision of Float64).
└ @ SciMLBase ~/.julia/packages/SciMLBase/Pma4a/src/integrator_interface.jl:623
┌ Warning: At t=0.5038108906585397, dt was forced below floating point epsilon 1.1102230246251565e-16, and step error estimate = 1.099967775494833. Aborting. There is either an error in your model specification or the true solution is unstable (or the true solution can not be represented in the precision of Float64).
└ @ SciMLBase ~/.julia/packages/SciMLBase/Pma4a/src/integrator_interface.jl:623
┌ Warning: At t=0.010600513428906107, dt was forced below floating point epsilon 1.734723475976807e-18, and step error estimate = 1.137454998296544. Aborting. There is either an error in your model specification or the true solution is unstable (or the true solution can not be represented in the precision of Float64).
└ @ SciMLBase ~/.julia/packages/SciMLBase/Pma4a/src/integrator_interface.jl:623
┌ Warning: At t=-0.019993850205542247, dt was forced below floating point epsilon 3.469446951953614e-18, and step error estimate = 1.1828742602563735. Aborting. There is either an error in your model specification or the true solution is unstable (or the true solution can not be represented in the precision of Float64).
└ @ SciMLBase ~/.julia/packages/SciMLBase/Pma4a/src/integrator_interface.jl:623
11-element Vector{Vector{Vector{BigFloat}}}:
 [[12.3927, 12.392715], [-0.036337674, -0.036337614], [0.34101391, 0.34101439], [0.55536938, 0.55537033], [0.44904804, 0.44904852], [218.90039, 218.90063], [0.59035492, 0.59035587], [896.20215, 896.20312], [-7.0441965e-06, -7.0441893e-06], [2.2110825, 2.2110863], [-1.4304428, -1.4304409], [0.67699623, 0.67699718], [-228.49878, -228.49854], [0.26750755, 0.26750803], [0.2489295, 0.24892974], [-58.629211, -58.62915], [60.175232, 60.175293], [0.49119091, 0.49119139], [-0.035421491, -0.035421431], [-0.13475633, -0.13475609], [0.29270983, 0.2927103], [-0.21726179, -0.21726155], [-224.67822, -224.67798], [224.27954, 224.27979], [2243.6914, 2243.6953], [-2243.5195, -2243.5156], [21494.25, 21494.281], [-21494.562, -21494.531], [-206360.75, -206360.5], [206360.75, 206361.0], [1.98057e+06, 1.980572e+06], [-1.980572e+06, -1.98057e+06], [-2.9198532, -2.9198494], [-0.24688077, -0.24688053], [0.27844334, 0.27844381], [-0.36310482, -0.36310434], [0.35637856, 0.35637903], [0.48054695, 0.48054743], [-0.27939939, -0.27939892], [0.070322275, 0.070322394], [0.94969749, 0.94969845]]
 [[11.922958, 11.922974], [0.09283638, 0.092836499], [0.34101391, 0.34101439], [0.55536938, 0.55537033], [0.44904804, 0.44904852], [1.4187469, 1.4187489], [0.59035492, 0.59035587], [4.4886703, 4.488678], [-0.011659816, -0.011659801], [2.0127602, 2.012764], [-1.3730202, -1.3730183], [0.67699623, 0.67699718], [0.21594405, 0.21594429], [0.26750755, 0.26750803], [0.2489295, 0.24892974], [3.21521, 3.2152138], [-1.6691246, -1.6691227], [0.49119091, 0.49119139], [-0.035421491, -0.035421431], [-0.13475633, -0.13475609], [0.29270983, 0.2927103], [-0.21726179, -0.21726155], [-3.4609413, -3.4609375], [3.0623665, 3.0623703], [-5.0921021, -5.0920944], [5.2696991, 5.2697067], [8.3623657, 8.362381], [-8.6251526, -8.6251373], [14.026657, 14.026672], [-13.726654, -13.726639], [22.503601, 22.503632], [-21.959656, -21.959625], [-2.9198532, -2.9198494], [-0.24688077, -0.24688053], [0.27844334, 0.27844381], [-0.36310482, -0.36310434], [0.35637856, 0.35637903], [0.48054695, 0.48054743], [-0.27939939, -0.27939892], [0.070322275, 0.070322394], [0.94969749, 0.94969845]]
 [[12.088806, 12.088821], [0.84216309, 0.84216404], [0.34101391, 0.34101439], [0.55536938, 0.55537033], [0.44904804, 0.44904852], [3.0995293, 3.0995331], [0.59035492, 0.59035587], [-2.9078178, -2.907814], [-0.069773197, -0.069773078], [2.0686035, 2.0686073], [-1.3296013, -1.3295994], [0.67699623, 0.67699718], [0.45860243, 0.45860291], [0.26750755, 0.26750803], [0.2489295, 0.24892974], [1.35816, 1.3581619], [0.18792772, 0.18792796], [0.49119091, 0.49119139], [-0.035421491, -0.035421431], [-0.13475633, -0.13475609], [0.29270983, 0.2927103], [-0.21726179, -0.21726155], [-0.43893766, -0.43893719], [0.04036808, 0.04036814], [-0.32642031, -0.32641983], [0.50402164, 0.5040226], [1.2428932, 1.2428951], [-1.5056725, -1.5056705], [4.8429184, 4.842926], [-4.5429001, -4.5428925], [16.301819, 16.301849], [-15.757858, -15.757843], [-2.9198532, -2.9198494], [-0.24688077, -0.24688053], [0.27844334, 0.27844381], [-0.36310482, -0.36310434], [0.35637856, 0.35637903], [0.48054695, 0.48054743], [-0.27939939, -0.27939892], [0.070322275, 0.070322394], [0.94969749, 0.94969845]]
 [[11.895935, 11.89595], [0.14248371, 0.14248395], [0.34101391, 0.34101439], [0.55536938, 0.55537033], [0.44904804, 0.44904852], [0.28282022, 0.2828207], [0.59035492, 0.59035587], [2.7689629, 2.7689667], [-0.041386068, -0.041386008], [2.0209923, 2.0209961], [-1.3765182, -1.3765163], [0.67699623, 0.67699718], [1.383646, 1.3836479], [0.26750755, 0.26750803], [0.2489295, 0.24892974], [0.56110382, 0.56110477], [0.98498344, 0.9849844], [0.49119091, 0.49119139], [-0.035421491, -0.035421431], [-0.13475633, -0.13475609], [0.29270983, 0.2927103], [-0.21726179, -0.21726155], [-0.89636612, -0.89636517], [0.49779606, 0.49779654], [-1.3810425, -1.3810406], [1.5586414, 1.5586433], [2.5471954, 2.5471992], [-2.8099747, -2.8099709], [4.908432, 4.9084396], [-4.6084137, -4.6084061], [8.0948944, 8.0949097], [-7.5509338, -7.5509262], [-2.9198532, -2.9198494], [-0.24688077, -0.24688053], [0.27844334, 0.27844381], [-0.36310482, -0.36310434], [0.35637856, 0.35637903], [0.48054695, 0.48054743], [-0.27939939, -0.27939892], [0.070322275, 0.070322394], [0.94969749, 0.94969845]]
 [[12.586609, 12.586624], [0.98965645, 0.9896574], [0.34101391, 0.34101439], [0.55536938, 0.55537033], [0.44904804, 0.44904852], [-0.2034781, -0.20347786], [0.59035492, 0.59035587], [2.7069397, 2.7069435], [0.35582161, 0.35582209], [1.9754448, 1.9754467], [-1.2286148, -1.2286129], [0.67699623, 0.67699718], [1.1011887, 1.1011906], [0.26750755, 0.26750803], [0.2489295, 0.24892974], [-1.0269909, -1.026989], [2.5730782, 2.573082], [0.49119091, 0.49119139], [-0.035421491, -0.035421431], [-0.13475633, -0.13475609], [0.29270983, 0.2927103], [-0.21726179, -0.21726155], [0.20877719, 0.20877743], [-0.60734653, -0.60734558], [0.10632169, 0.10632181], [0.071280241, 0.07128036], [0.10012722, 0.10012734], [-0.36290407, -0.36290359], [0.67927456, 0.67927551], [-0.37925243, -0.37925196], [0.67084122, 0.67084217], [-0.1268723, -0.12687206], [-2.9198532, -2.9198494], [-0.24688077, -0.24688053], [0.27844334, 0.27844381], [-0.36310482, -0.36310434], [0.35637856, 0.35637903], [0.48054695, 0.48054743], [-0.27939939, -0.27939892], [0.070322275, 0.070322394], [0.94969749, 0.94969845]]
 [[12.873749, 12.873764], [6.2152252, 6.2152328], [0.34101391, 0.34101439], [0.55536938, 0.55537033], [0.44904804, 0.44904852], [0.20442462, 0.20442486], [0.59035492, 0.59035587], [7.4933167, 7.4933243], [1.5601559, 1.5601578], [1.7889709, 1.7889729], [-1.3912735, -1.3912716], [0.67699623, 0.67699718], [0.52072906, 0.52073002], [0.26750755, 0.26750803], [0.2489295, 0.24892974], [-0.2344873, -0.23448706], [1.7805748, 1.7805767], [0.49119091, 0.49119139], [-0.035421491, -0.035421431], [-0.13475633, -0.13475609], [0.29270983, 0.2927103], [-0.21726179, -0.21726155], [0.087528944, 0.087529063], [-0.48609829, -0.48609781], [0.1449492, 0.14494944], [0.032652557, 0.032652617], [-0.012628064, -0.012628049], [-0.25014877, -0.2501483], [0.427701, 0.42770147], [-0.12767816, -0.12767792], [0.24881697, 0.24881721], [0.29515219, 0.29515266], [-2.9198532, -2.9198494], [-0.24688077, -0.24688053], [0.27844334, 0.27844381], [-0.36310482, -0.36310434], [0.35637856, 0.35637903], [0.48054695, 0.48054743], [-0.27939939, -0.27939892], [0.070322275, 0.070322394], [0.94969749, 0.94969845]]
 [[11.392242, 11.392258], [395.75342, 395.75391], [0.34101391, 0.34101439], [0.55536938, 0.55537033], [0.44904804, 0.44904852], [0.24437737, 0.24437761], [0.59035492, 0.59035587], [-67.881104, -67.880981], [13.434677, 13.434692], [1.8896999, 1.8897018], [-1.3234921, -1.3234901], [0.67699623, 0.67699718], [21.54895, 21.548981], [0.26750755, 0.26750803], [0.2489295, 0.24892974], [-0.0011427086, -0.0011427067], [1.5472298, 1.5472317], [0.49119091, 0.49119139], [-0.035421491, -0.035421431], [-0.13475633, -0.13475609], [0.29270983, 0.2927103], [-0.21726179, -0.21726155], [0.0041637272, 0.0041637346], [-0.40273285, -0.40273237], [0.18814278, 0.18814301], [-0.010541022, -0.010541007], [-0.27312613, -0.27312565], [0.010349497, 0.010349512], [0.010256305, 0.01025632], [0.28976679, 0.28976727], [0.15020013, 0.15020037], [0.39376926, 0.39376974], [-2.9198532, -2.9198494], [-0.24688077, -0.24688053], [0.27844334, 0.27844381], [-0.36310482, -0.36310434], [0.35637856, 0.35637903], [0.48054695, 0.48054743], [-0.27939939, -0.27939892], [0.070322275, 0.070322394], [0.94969749, 0.94969845]]
 [[12.491501, 12.491516], [-0.2538805, -0.25388002], [0.34101391, 0.34101439], [0.55536938, 0.55537033], [0.44904804, 0.44904852], [0.32152462, 0.3215251], [0.59035492, 0.59035587], [3.711853, 3.7118568], [-0.080766678, -0.080766559], [2.1207428, 2.1207466], [-1.5423756, -1.5423737], [0.67699623, 0.67699718], [-1.2039738, -1.2039719], [0.26750755, 0.26750803], [0.2489295, 0.24892974], [-0.53710938, -0.53710842], [2.0831947, 2.0831985], [0.49119091, 0.49119139], [-0.035421491, -0.035421431], [-0.13475633, -0.13475609], [0.29270983, 0.2927103], [-0.21726179, -0.21726155], [-0.3754344, -0.37543392], [-0.023135036, -0.023135006], [0.45945072, 0.4594512], [-0.28184938, -0.28184891], [0.19161391, 0.19161415], [-0.45439053, -0.45439005], [-0.18544221, -0.18544197], [0.48546505, 0.48546553], [0.06717813, 0.067178249], [0.47679138, 0.47679186], [-2.9198532, -2.9198494], [-0.24688077, -0.24688053], [0.27844334, 0.27844381], [-0.36310482, -0.36310434], [0.35637856, 0.35637903], [0.48054695, 0.48054743], [-0.27939939, -0.27939892], [0.070322275, 0.070322394], [0.94969749, 0.94969845]]
 [[11.445923, 11.445938], [62.815308, 62.815369], [0.34101391, 0.34101439], [0.55536938, 0.55537033], [0.44904804, 0.44904852], [0.20963216, 0.2096324], [0.59035492, 0.59035587], [36.910645, 36.910706], [-5.3178558, -5.3178482], [1.9295425, 1.9295444], [-1.2883759, -1.2883739], [0.67699623, 0.67699718], [-8.1003418, -8.1003265], [0.26750755, 0.26750803], [0.2489295, 0.24892974], [0.0083231777, 0.0083231926], [1.5377636, 1.5377655], [0.49119091, 0.49119139], [-0.035421491, -0.035421431], [-0.13475633, -0.13475609], [0.29270983, 0.2927103], [-0.21726179, -0.21726155], [-0.0087832808, -0.0087832659], [-0.38978624, -0.38978577], [0.15285897, 0.15285921], [0.024742872, 0.024742901], [-0.2324698, -0.23246956], [-0.030306667, -0.030306637], [0.0057960525, 0.00579606], [0.29422665, 0.29422712], [-0.10862958, -0.10862947], [0.65259838, 0.65259933], [-2.9198532, -2.9198494], [-0.24688077, -0.24688053], [0.27844334, 0.27844381], [-0.36310482, -0.36310434], [0.35637856, 0.35637903], [0.48054695, 0.48054743], [-0.27939939, -0.27939892], [0.070322275, 0.070322394], [0.94969749, 0.94969845]]
 [[11.523254, 11.52327], [2.4369583, 2.4369621], [0.34101391, 0.34101439], [0.55536938, 0.55537033], [0.44904804, 0.44904852], [4.0583954, 4.058403], [0.59035492, 0.59035587], [-14.937592, -14.937576], [0.070730448, 0.070730567], [2.0951118, 2.0951157], [-1.4420547, -1.4420528], [0.67699623, 0.67699718], [-1.6534634, -1.6534615], [0.26750755, 0.26750803], [0.2489295, 0.24892974], [2.4245987, 2.4246025], [-0.87851143, -0.87851048], [0.49119091, 0.49119139], [-0.035421491, -0.035421431], [-0.13475633, -0.13475609], [0.29270983, 0.2927103], [-0.21726179, -0.21726155], [0.045067728, 0.045067787], [-0.44363737, -0.44363689], [1.7259369, 1.7259388], [-1.548336, -1.5483341], [-4.4444275, -4.4444199], [4.1816483, 4.1816559], [-10.823029, -10.823013], [11.123047, 11.123062], [-27.246307, -27.246277], [27.790253, 27.790283], [-2.9198532, -2.9198494], [-0.24688077, -0.24688053], [0.27844334, 0.27844381], [-0.36310482, -0.36310434], [0.35637856, 0.35637903], [0.48054695, 0.48054743], [-0.27939939, -0.27939892], [0.070322275, 0.070322394], [0.94969749, 0.94969845]]
 [[12.107437, 12.107452], [-0.0029573217, -0.002957318], [0.34101391, 0.34101439], [0.55536938, 0.55537033], [0.44904804, 0.44904852], [0.24433184, 0.24433208], [0.59035492, 0.59035587], [3.0718765, 3.0718803], [0.00071349088, 0.00071349181], [2.1684685, 2.1684723], [-1.3795033, -1.3795013], [0.67699623, 0.67699718], [7.3473892, 7.3473969], [0.26750755, 0.26750803], [0.2489295, 0.24892974], [-0.62747955, -0.6274786], [2.1735649, 2.1735687], [0.49119091, 0.49119139], [-0.035421491, -0.035421431], [-0.13475633, -0.13475609], [0.29270983, 0.2927103], [-0.21726179, -0.21726155], [4.7428284, 4.742836], [-5.1414108, -5.1414032], [36.103638, 36.103699], [-35.926086, -35.926025], [-272.78467, -272.78418], [272.521, 272.52148], [-2068.6719, -2068.668], [2068.9688, 2068.9727], [-15704.859, -15704.844], [15705.391, 15705.406], [-2.9198532, -2.9198494], [-0.24688077, -0.24688053], [0.27844334, 0.27844381], [-0.36310482, -0.36310434], [0.35637856, 0.35637903], [0.48054695, 0.48054743], [-0.27939939, -0.27939892], [0.070322275, 0.070322394], [0.94969749, 0.94969845]]














