LinearAlgebra.PosDefException(6)
LinearAlgebra.PosDefException(3)
LinearAlgebra.PosDefException(2)
LinearAlgebra.PosDefException(4)
LinearAlgebra.PosDefException(6)
LinearAlgebra.PosDefException(6)
LinearAlgebra.PosDefException(84)
LinearAlgebra.PosDefException(2)
LinearAlgebra.PosDefException(2)
LinearAlgebra.PosDefException(2)
LinearAlgebra.PosDefException(2)
LinearAlgebra.PosDefException(4)
LinearAlgebra.PosDefException(5)
LinearAlgebra.PosDefException(13)
LinearAlgebra.PosDefException(2)
LinearAlgebra.PosDefException(3)
LinearAlgebra.PosDefException(6)
LinearAlgebra.PosDefException(3)
LinearAlgebra.PosDefException(3)
LinearAlgebra.PosDefException(4)
LinearAlgebra.PosDefException(9)
LinearAlgebra.PosDefException(2)
LinearAlgebra.PosDefException(3)
LinearAlgebra.PosDefException(2)
LinearAlgebra.PosDefException(2)
LinearAlgebra.PosDefException(4)
LinearAlgebra.PosDefException(4)
LinearAlgebra.PosDefException(7)
LinearAlgebra.PosDefException(3)
LinearAlgebra.PosDefException(2)
LinearAlgebra.PosDefException(2)
LinearAlgebra.PosDefException(5)
LinearAlgebra.PosDefException(3)
LinearAlgebra.PosDefException(5)
LinearAlgebra.PosDefException(5)
LinearAlgebra.PosDefException(2)
LinearAlgebra.PosDefException(3)
LinearAlgebra.PosDefException(2)
LinearAlgebra.PosDefException(3)
LinearAlgebra.PosDefException(5)
LinearAlgebra.PosDefException(4)
LinearAlgebra.PosDefException(84)
LinearAlgebra.PosDefException(2)
LinearAlgebra.PosDefException(2)
LinearAlgebra.PosDefException(2)
LinearAlgebra.PosDefException(2)
LinearAlgebra.PosDefException(3)
LinearAlgebra.PosDefException(4)
LinearAlgebra.PosDefException(9)
LinearAlgebra.PosDefException(2)
LinearAlgebra.PosDefException(2)
LinearAlgebra.PosDefException(6)
LinearAlgebra.PosDefException(2)
LinearAlgebra.PosDefException(5)
LinearAlgebra.PosDefException(6)
LinearAlgebra.PosDefException(4)
LinearAlgebra.PosDefException(2)
LinearAlgebra.PosDefException(2)
LinearAlgebra.PosDefException(2)
LinearAlgebra.PosDefException(2)
LinearAlgebra.PosDefException(4)
LinearAlgebra.PosDefException(7)
LinearAlgebra.PosDefException(10)
LinearAlgebra.PosDefException(2)
LinearAlgebra.PosDefException(3)
LinearAlgebra.PosDefException(2)
LinearAlgebra.PosDefException(4)
LinearAlgebra.PosDefException(3)
LinearAlgebra.PosDefException(4)
LinearAlgebra.PosDefException(87)
LinearAlgebra.PosDefException(2)
LinearAlgebra.PosDefException(2)
LinearAlgebra.PosDefException(2)
LinearAlgebra.PosDefException(3)
LinearAlgebra.PosDefException(3)
LinearAlgebra.PosDefException(6)
LinearAlgebra.PosDefException(32)
LinearAlgebra.PosDefException(2)
LinearAlgebra.PosDefException(3)
LinearAlgebra.PosDefException(2)
LinearAlgebra.PosDefException(2)
LinearAlgebra.PosDefException(4)
LinearAlgebra.PosDefException(5)
LinearAlgebra.PosDefException(4)
LinearAlgebra.PosDefException(3)
LinearAlgebra.PosDefException(5)
LinearAlgebra.PosDefException(4)
LinearAlgebra.PosDefException(6)
LinearAlgebra.PosDefException(2)
LinearAlgebra.PosDefException(2)
LinearAlgebra.PosDefException(3)
LinearAlgebra.PosDefException(5)
LinearAlgebra.PosDefException(4)
LinearAlgebra.PosDefException(86)
LinearAlgebra.PosDefException(4)
LinearAlgebra.PosDefException(6)
LinearAlgebra.PosDefException(5)
LinearAlgebra.PosDefException(799)
DEBUG [determine_optimal_points_count]: Large num points: 1
DEBUG [determine_optimal_points_count]: Good num points: 1
DEBUG [multipoint_parameter_estimation]: Parameter estimation using this many points: 1

DEBUG [pick_points]: Starting point selection...
DEBUG [pick_points]: Number of points to pick: 1
DEBUG [pick_points]: Total points available: 1001
DEBUG [pick_points]: Number of interpolants: 4

DEBUG [pick_points]: Computing interestingness scores...
DEBUG [pick_points]: Processed 100 points
DEBUG [pick_points]: Processed 200 points
DEBUG [pick_points]: Processed 300 points
DEBUG [pick_points]: Processed 400 points
DEBUG [pick_points]: Processed 500 points
DEBUG [pick_points]: Processed 600 points
DEBUG [pick_points]: Processed 700 points
DEBUG [pick_points]: Processed 800 points
DEBUG [pick_points]: Processed 900 points
DEBUG [pick_points]: Processed 1000 points

DEBUG [pick_points]: Score statistics:
DEBUG [pick_points]: Min score: 0.2619982311107681
DEBUG [pick_points]: Max score: 0.7154364780415636
DEBUG [pick_points]: Mean score: 0.44238935295671855
DEBUG [pick_points]: Normalized scores

DEBUG [pick_points]: Selected 1 points
DEBUG [pick_points]: Selected time points: [-0.998]
aa_system
Any[_t2_p_t_ - 2796184212787657//9007199254740992, _t2_e_t_ - 2006891734890165//2251799813685248, _t2_eˍt_t_ + 7090817397469093//18014398509481984, _t2_eˍtt_t_ - 1281289793024595//9007199254740992, _t2_eˍttt_t_ - 2753861276895355//72057594037927936, _t2_eˍtttt_t_ + 3054180281609373//18014398509481984, _t2_s_t_ + _t2_m_t_ - 8140978771762923//9007199254740992, _t2_sˍt_t_ + _t2_mˍt_t_ + 1265718401397235//18014398509481984, _t2_mˍtt_t_ + _t2_sˍtt_t_ - 2469891323035019//576460752303423488, _t2_mˍttt_t_ + _t2_sˍttt_t_ + 2027114866984013//144115188075855872, _t2_sˍtttt_t_ + _t2_mˍtttt_t_ - 6078698391303329//576460752303423488, _t2_mˍttttt_t_ + _t2_sˍttttt_t_ - 2445496550783711//144115188075855872, _t2_n_t_ - 3676917742692177//4503599627370496, _t2_nˍt_t_ + 4687289114470659//18014398509481984, _t2_nˍtt_t_ - 7764459721017245//72057594037927936, _t2_nˍttt_t_ + 2281630560057827//36028797018963968, _t2_nˍtttt_t_ - 8280019116637571//288230376151711744, _t2_nˍttttt_t_ - 4275207090294887//144115188075855872, -_tprhoE_*_t2_e_t_*_t2_p_t_ + _tpdeltaEL_*_t2_e_t_ + _tpmuEE_*_t2_e_t_^2 - _tpdeltaNE_*_t2_n_t_*_t2_p_t_ + _t2_eˍt_t_, -_tprhoE_*_t2_e_t_*_t2_pˍt_t_ - _tprhoE_*_t2_p_t_*_t2_eˍt_t_ + _tpdeltaEL_*_t2_eˍt_t_ + 2*_tpmuEE_*_t2_e_t_*_t2_eˍt_t_ - _tpdeltaNE_*_t2_n_t_*_t2_pˍt_t_ - _tpdeltaNE_*_t2_p_t_*_t2_nˍt_t_ + _t2_eˍtt_t_, -_tprhoE_*_t2_e_t_*_t2_pˍtt_t_ - _tprhoE_*_t2_p_t_*_t2_eˍtt_t_ - 2*_tprhoE_*_t2_eˍt_t_*_t2_pˍt_t_ + _tpdeltaEL_*_t2_eˍtt_t_ + 2*_tpmuEE_*_t2_e_t_*_t2_eˍtt_t_ + 2*_tpmuEE_*_t2_eˍt_t_^2 - _tpdeltaNE_*_t2_n_t_*_t2_pˍtt_t_ - _tpdeltaNE_*_t2_p_t_*_t2_nˍtt_t_ - 2*_tpdeltaNE_*_t2_nˍt_t_*_t2_pˍt_t_ + _t2_eˍttt_t_, -_tprhoE_*_t2_e_t_*_t2_pˍttt_t_ - _tprhoE_*_t2_p_t_*_t2_eˍttt_t_ - 3*_tprhoE_*_t2_eˍt_t_*_t2_pˍtt_t_ - 3*_tprhoE_*_t2_eˍtt_t_*_t2_pˍt_t_ + _tpdeltaEL_*_t2_eˍttt_t_ + 2*_tpmuEE_*_t2_e_t_*_t2_eˍttt_t_ + 6*_tpmuEE_*_t2_eˍt_t_*_t2_eˍtt_t_ - _tpdeltaNE_*_t2_n_t_*_t2_pˍttt_t_ - _tpdeltaNE_*_t2_p_t_*_t2_nˍttt_t_ - 3*_tpdeltaNE_*_t2_nˍt_t_*_t2_pˍtt_t_ - 3*_tpdeltaNE_*_t2_nˍtt_t_*_t2_pˍt_t_ + _t2_eˍtttt_t_, _tpmuLL_*_t2_s_t_^2 - _tpdeltaEL_*_t2_s_t_ + _tpmuLE_*_t2_e_t_*_t2_s_t_ + _tpdeltaLM_*_t2_s_t_ + _t2_sˍt_t_, _tpmuM_*_t2_m_t_ - _tpdeltaLM_*_t2_s_t_ + _t2_mˍt_t_, _tpmuM_*_t2_mˍt_t_ - _tpdeltaLM_*_t2_sˍt_t_ + _t2_mˍtt_t_, 2*_tpmuLL_*_t2_s_t_*_t2_sˍt_t_ - _tpdeltaEL_*_t2_sˍt_t_ + _tpmuLE_*_t2_e_t_*_t2_sˍt_t_ + _tpmuLE_*_t2_s_t_*_t2_eˍt_t_ + _tpdeltaLM_*_t2_sˍt_t_ + _t2_sˍtt_t_, _tpmuM_*_t2_mˍtt_t_ - _tpdeltaLM_*_t2_sˍtt_t_ + _t2_mˍttt_t_, 2*_tpmuLL_*_t2_s_t_*_t2_sˍtt_t_ + 2*_tpmuLL_*_t2_sˍt_t_^2 - _tpdeltaEL_*_t2_sˍtt_t_ + _tpmuLE_*_t2_e_t_*_t2_sˍtt_t_ + _tpmuLE_*_t2_s_t_*_t2_eˍtt_t_ + 2*_tpmuLE_*_t2_eˍt_t_*_t2_sˍt_t_ + _tpdeltaLM_*_t2_sˍtt_t_ + _t2_sˍttt_t_, 2*_tpmuLL_*_t2_s_t_*_t2_sˍttt_t_ + 6*_tpmuLL_*_t2_sˍt_t_*_t2_sˍtt_t_ - _tpdeltaEL_*_t2_sˍttt_t_ + _tpmuLE_*_t2_e_t_*_t2_sˍttt_t_ + _tpmuLE_*_t2_s_t_*_t2_eˍttt_t_ + 3*_tpmuLE_*_t2_eˍt_t_*_t2_sˍtt_t_ + 3*_tpmuLE_*_t2_eˍtt_t_*_t2_sˍt_t_ + _tpdeltaLM_*_t2_sˍttt_t_ + _t2_sˍtttt_t_, _tpmuM_*_t2_mˍttt_t_ - _tpdeltaLM_*_t2_sˍttt_t_ + _t2_mˍtttt_t_, _tpmuM_*_t2_mˍtttt_t_ - _tpdeltaLM_*_t2_sˍtttt_t_ + _t2_mˍttttt_t_, 2*_tpmuLL_*_t2_s_t_*_t2_sˍtttt_t_ + 8*_tpmuLL_*_t2_sˍt_t_*_t2_sˍttt_t_ + 6*_tpmuLL_*_t2_sˍtt_t_^2 - _tpdeltaEL_*_t2_sˍtttt_t_ + _tpmuLE_*_t2_e_t_*_t2_sˍtttt_t_ + _tpmuLE_*_t2_s_t_*_t2_eˍtttt_t_ + 4*_tpmuLE_*_t2_eˍt_t_*_t2_sˍttt_t_ + 6*_tpmuLE_*_t2_eˍtt_t_*_t2_sˍtt_t_ + 4*_tpmuLE_*_t2_eˍttt_t_*_t2_sˍt_t_ + _tpdeltaLM_*_t2_sˍtttt_t_ + _t2_sˍttttt_t_, _tpmuN_*_t2_n_t_ + _tpdeltaNE_*_t2_n_t_*_t2_p_t_ + _t2_nˍt_t_, _tpmuN_*_t2_nˍt_t_ + _tpdeltaNE_*_t2_n_t_*_t2_pˍt_t_ + _tpdeltaNE_*_t2_p_t_*_t2_nˍt_t_ + _t2_nˍtt_t_, _tpmuN_*_t2_nˍtt_t_ + _tpdeltaNE_*_t2_n_t_*_t2_pˍtt_t_ + _tpdeltaNE_*_t2_p_t_*_t2_nˍtt_t_ + 2*_tpdeltaNE_*_t2_nˍt_t_*_t2_pˍt_t_ + _t2_nˍttt_t_, _tpmuN_*_t2_nˍttt_t_ + _tpdeltaNE_*_t2_n_t_*_t2_pˍttt_t_ + _tpdeltaNE_*_t2_p_t_*_t2_nˍttt_t_ + 3*_tpdeltaNE_*_t2_nˍt_t_*_t2_pˍtt_t_ + 3*_tpdeltaNE_*_t2_nˍtt_t_*_t2_pˍt_t_ + _t2_nˍtttt_t_, _tpmuN_*_t2_nˍtttt_t_ + _tpdeltaNE_*_t2_n_t_*_t2_pˍtttt_t_ + _tpdeltaNE_*_t2_p_t_*_t2_nˍtttt_t_ + 4*_tpdeltaNE_*_t2_nˍt_t_*_t2_pˍttt_t_ + 6*_tpdeltaNE_*_t2_nˍtt_t_*_t2_pˍtt_t_ + 4*_tpdeltaNE_*_t2_nˍttt_t_*_t2_pˍt_t_ + _t2_nˍttttt_t_, _tpmuPE_*_t2_e_t_*_t2_p_t_ + _tpmuPL_*_t2_s_t_*_t2_p_t_ - _tprhoP_*_t2_p_t_^2 + _tpmuP_*_t2_p_t_ + _t2_pˍt_t_, _tpmuPE_*_t2_e_t_*_t2_pˍt_t_ + _tpmuPE_*_t2_p_t_*_t2_eˍt_t_ + _tpmuPL_*_t2_s_t_*_t2_pˍt_t_ + _tpmuPL_*_t2_p_t_*_t2_sˍt_t_ - 2*_tprhoP_*_t2_p_t_*_t2_pˍt_t_ + _tpmuP_*_t2_pˍt_t_ + _t2_pˍtt_t_, _tpmuPE_*_t2_e_t_*_t2_pˍtt_t_ + _tpmuPE_*_t2_p_t_*_t2_eˍtt_t_ + 2*_tpmuPE_*_t2_eˍt_t_*_t2_pˍt_t_ + _tpmuPL_*_t2_s_t_*_t2_pˍtt_t_ + _tpmuPL_*_t2_p_t_*_t2_sˍtt_t_ + 2*_tpmuPL_*_t2_sˍt_t_*_t2_pˍt_t_ - 2*_tprhoP_*_t2_p_t_*_t2_pˍtt_t_ - 2*_tprhoP_*_t2_pˍt_t_^2 + _tpmuP_*_t2_pˍtt_t_ + _t2_pˍttt_t_, _tpmuPE_*_t2_e_t_*_t2_pˍttt_t_ + _tpmuPE_*_t2_p_t_*_t2_eˍttt_t_ + 3*_tpmuPE_*_t2_eˍt_t_*_t2_pˍtt_t_ + 3*_tpmuPE_*_t2_eˍtt_t_*_t2_pˍt_t_ + _tpmuPL_*_t2_s_t_*_t2_pˍttt_t_ + _tpmuPL_*_t2_p_t_*_t2_sˍttt_t_ + 3*_tpmuPL_*_t2_sˍt_t_*_t2_pˍtt_t_ + 3*_tpmuPL_*_t2_sˍtt_t_*_t2_pˍt_t_ - 2*_tprhoP_*_t2_p_t_*_t2_pˍttt_t_ - 6*_tprhoP_*_t2_pˍt_t_*_t2_pˍtt_t_ + _tpmuP_*_t2_pˍttt_t_ + _t2_pˍtttt_t_]
R
Multivariate polynomial ring in 41 variables over rationals
primes of bitsize 28
G-Q-Pt-FG-LT-LP(U)
G-Q-Pt-FG-LT-LP(U)
G-Q-Pt-FG-LT-LP(U)
G-Q-Pt-FG-LT-LP(U)
G-Q-Pt-FG-LT-LP(U)
G-Q-Pt-FG-LT-LP(U)
G-Q-Pt-FG-LT-LP(U)
G-Q-Pt-FG-LT-LP(U)
G-Q-Pt-FG-LT-LP(U)
G-Q-Pt-FG-LT-LP(C)
Dimension of the quotient :41
Degree of the radical :41
Use variable 32 as separating element
Run Groebner learn
Test cyclic optimization
Apply cyclic optimization 
Multi-modular computation (1 threads): G-Q-Pt-FG-LT-LP(C)
5-9-13-17-21-25-29-33-37-41-45-49-53-61-69-77-85-93-105-117-129-141-157-173-193-213-237-261-289-317-349-385-425-469-517-569-625-689-757-833-917-1009-1109-1221-1345-1481-1629-1793-1973-2173-2393-2633-2897-3189-3509-
check-G-Q-Pt-FG-LT-LP(C)
Nb Primes used :3509
┌ Warning: At t=-0.907997146815227, dt was forced below floating point epsilon 1.1102230246251565e-16, and step error estimate = 2.4659788960702995. Aborting. There is either an error in your model specification or the true solution is unstable (or the true solution can not be represented in the precision of Float64).
└ @ SciMLBase ~/.julia/packages/SciMLBase/Pma4a/src/integrator_interface.jl:623
┌ Warning: At t=-0.712813076084084, dt was forced below floating point epsilon 1.1102230246251565e-16, and step error estimate = 1.014185335450206. Aborting. There is either an error in your model specification or the true solution is unstable (or the true solution can not be represented in the precision of Float64).
└ @ SciMLBase ~/.julia/packages/SciMLBase/Pma4a/src/integrator_interface.jl:623
┌ Warning: At t=0.19597742547339536, dt was forced below floating point epsilon 2.7755575615628914e-17, and step error estimate = 2.2966671670112864. Aborting. There is either an error in your model specification or the true solution is unstable (or the true solution can not be represented in the precision of Float64).
└ @ SciMLBase ~/.julia/packages/SciMLBase/Pma4a/src/integrator_interface.jl:623
13-element Vector{Vector{Vector{BigFloat}}}:
 [[-0.14197683, -0.14197659], [1.1218752e+08, 1.1218765e+08], [-3.5659561, -3.5659523], [0.27325058, 0.27325106], [-0.34098959, -0.34098911], [0.077673554, 0.077673674], [-0.37415695, -0.37415648], [-878.89355, -878.89258], [2586.6016, 2586.6055], [-5.382988, -5.3829803], [-1.5004692, -1.5004673], [2.2318497, 2.2318535], [771.19434, 771.19531], [0.81643963, 0.81644058], [0.89123821, 0.89123917], [-7.2855528e-08, -7.2855414e-08], [0.90382957, 0.90383053], [0.31043863, 0.31043911], [-0.39361954, -0.39361906], [0.14225173, 0.14225197], [0.038217485, 0.038217545], [-0.16954112, -0.16954088], [-1.4976122e-06, -1.4976104e-06], [-0.070260048, -0.070259929], [0.0043023974, 0.0043024048], [-1.7821207e-05, -1.7821178e-05], [-0.014077798, -0.014077783], [1.1857424e-05, 1.1857439e-05], [0.00030699745, 0.00030699791], [0.010237858, 0.010237873], [0.23595953, 0.23596001], [-0.2189908, -0.21899056], [-0.021548718, -0.021548688], [-0.26019716, -0.26019669], [0.10775352, 0.10775363], [-0.063328028, -0.063327909], [0.028727084, 0.028727114], [0.029665202, 0.029665232], [-0.013626382, -0.013626367], [0.0072227046, 0.007222712], [0.0076115057, 0.0076115131]]
 [[-0.11543858, -0.11543846], [3.549588e+06, 3.549592e+06], [-3.5659561, -3.5659523], [0.27325058, 0.27325106], [-0.34098959, -0.34098911], [0.077362299, 0.077362418], [-0.37415695, -0.37415648], [146.17944, 146.17969], [-460.69043, -460.68994], [-4.6041718, -4.6041641], [-1.2814083, -1.2814064], [2.2318497, 2.2318535], [-142.27588, -142.27563], [0.81643963, 0.81644058], [0.89123821, 0.89123917], [2.4461442e-06, 2.4461478e-06], [0.90382767, 0.90382862], [0.31043863, 0.31043911], [-0.39361954, -0.39361906], [0.14225173, 0.14225197], [0.038217485, 0.038217545], [-0.16954112, -0.16954088], [8.7698427e-06, 8.7698572e-06], [-0.0702703, -0.070270181], [0.0041885301, 0.0041885376], [9.6043455e-05, 9.6043572e-05], [-0.013988703, -0.013988689], [-7.72411e-05, -7.7240984e-05], [-0.0015268661, -0.0015268642], [0.012071714, 0.012071729], [0.21630168, 0.21630192], [-0.19933295, -0.19933271], [-0.021548718, -0.021548688], [-0.26019716, -0.26019669], [0.10775352, 0.10775363], [-0.063328028, -0.063327909], [0.028727084, 0.028727114], [0.029665202, 0.029665232], [-0.013626382, -0.013626367], [0.0072227046, 0.007222712], [0.0076115057, 0.0076115131]]
 [[1.4893513, 1.4893532], [8.1792145, 8.1792297], [-3.5659561, -3.5659523], [0.27325058, 0.27325106], [-0.34098959, -0.34098911], [-0.43487978, -0.4348793], [-0.37415695, -0.37415648], [0.62969685, 0.6296978], [18.41214, 18.41217], [5.357399, 5.3574066], [5.6503067, 5.6503143], [2.2318497, 2.2318535], [2.14674, 2.1467438], [0.81643963, 0.81644058], [0.89123821, 0.89123917], [-0.2862587, -0.28625822], [1.1900883, 1.1900902], [0.31043863, 0.31043911], [-0.39361954, -0.39361906], [0.14225173, 0.14225197], [0.038217485, 0.038217545], [-0.16954112, -0.16954088], [0.026715845, 0.026715875], [-0.096977353, -0.096977234], [0.015178517, 0.015178531], [-0.010893956, -0.010893941], [-0.016785651, -0.016785622], [0.0027197078, 0.0027197115], [0.012006074, 0.012006089], [-0.0014612265, -0.0014612246], [0.025138468, 0.025138497], [-0.0081694573, -0.0081694424], [-0.021548718, -0.021548688], [-0.26019716, -0.26019669], [0.10775352, 0.10775363], [-0.063328028, -0.063327909], [0.028727084, 0.028727114], [0.029665202, 0.029665232], [-0.013626382, -0.013626367], [0.0072227046, 0.007222712], [0.0076115057, 0.0076115131]]
 [[-0.32793522, -0.32793474], [-9.3898621, -9.3898468], [-3.5659561, -3.5659523], [0.27325058, 0.27325106], [-0.34098959, -0.34098911], [0.10838974, 0.10838985], [-0.37415695, -0.37415648], [-1.311264, -1.3112621], [9.9584961, 9.9585114], [-13.033737, -13.033722], [-3.8720131, -3.8720093], [2.2318497, 2.2318535], [1.4268646, 1.4268665], [0.81643963, 0.81644058], [0.89123821, 0.89123917], [0.016267627, 0.016267657], [0.8875618, 0.88756275], [0.31043863, 0.31043911], [-0.39361954, -0.39361906], [0.14225173, 0.14225197], [0.038217485, 0.038217545], [-0.16954112, -0.16954088], [0.0027294606, 0.0027294643], [-0.072991014, -0.072990894], [0.011806041, 0.011806056], [-0.0075214729, -0.0075214654], [-0.012011781, -0.012011766], [-0.0020541586, -0.0020541549], [0.012173906, 0.012173921], [-0.0016290527, -0.0016290508], [0.017547101, 0.017547131], [-0.00057807192, -0.00057807099], [-0.021548718, -0.021548688], [-0.26019716, -0.26019669], [0.10775352, 0.10775363], [-0.063328028, -0.063327909], [0.028727084, 0.028727114], [0.029665202, 0.029665232], [-0.013626382, -0.013626367], [0.0072227046, 0.007222712], [0.0076115057, 0.0076115131]]
 [[-6.4386368, -6.4386292], [38.704285, 38.704346], [-3.5659561, -3.5659523], [0.27325058, 0.27325106], [-0.34098959, -0.34098911], [0.098966002, 0.098966122], [-0.37415695, -0.37415648], [3.4022713, 3.4022751], [-86.780396, -86.780273], [58.882324, 58.882385], [18.808105, 18.808136], [2.2318497, 2.2318535], [0.22329473, 0.22329497], [0.81643963, 0.81644058], [0.89123821, 0.89123917], [-0.060537994, -0.060537934], [0.96436787, 0.96436882], [0.31043863, 0.31043911], [-0.39361954, -0.39361906], [0.14225173, 0.14225197], [0.038217485, 0.038217545], [-0.16954112, -0.16954088], [0.038696051, 0.03869611], [-0.10895765, -0.10895753], [0.019423723, 0.019423753], [-0.015139177, -0.015139163], [-0.0053027943, -0.0053027868], [-0.0087631494, -0.0087631345], [0.011976823, 0.011976838], [-0.0014319681, -0.0014319662], [0.0028160773, 0.002816081], [0.014152959, 0.014152974], [-0.021548718, -0.021548688], [-0.26019716, -0.26019669], [0.10775352, 0.10775363], [-0.063328028, -0.063327909], [0.028727084, 0.028727114], [0.029665202, 0.029665232], [-0.013626382, -0.013626367], [0.0072227046, 0.007222712], [0.0076115057, 0.0076115131]]
 [[-0.9545269, -0.95452595], [-1.1769657, -1.1769638], [-3.5659561, -3.5659523], [0.27325058, 0.27325106], [-0.34098959, -0.34098911], [0.10527456, 0.10527468], [-0.37415695, -0.37415648], [-0.2929945, -0.29299402], [-2.8266792, -2.8266754], [-9.1248627, -9.1248474], [-3.5774117, -3.5774078], [2.2318497, 2.2318535], [0.018172771, 0.018172801], [0.81643963, 0.81644058], [0.89123821, 0.89123917], [-0.57994175, -0.5799408], [1.4837704, 1.4837723], [0.31043863, 0.31043911], [-0.39361954, -0.39361906], [0.14225173, 0.14225197], [0.038217485, 0.038217545], [-0.16954112, -0.16954088], [0.096481085, 0.096481204], [-0.1667428, -0.16674256], [0.019307077, 0.019307107], [-0.015022531, -0.015022516], [-0.0023055524, -0.0023055486], [-0.011760399, -0.011760384], [0.010515854, 0.010515869], [2.8996961e-05, 2.899699e-05], [0.00018804963, 0.00018804986], [0.016780972, 0.016781002], [-0.021548718, -0.021548688], [-0.26019716, -0.26019669], [0.10775352, 0.10775363], [-0.063328028, -0.063327909], [0.028727084, 0.028727114], [0.029665202, 0.029665232], [-0.013626382, -0.013626367], [0.0072227046, 0.007222712], [0.0076115057, 0.0076115131]]
 [[-0.40117359, -0.40117311], [3.9651337, 3.9651375], [-3.5659561, -3.5659523], [0.27325058, 0.27325106], [-0.34098959, -0.34098911], [0.11340201, 0.11340213], [-0.37415695, -0.37415648], [-0.41071129, -0.41071081], [-6.2583847, -6.2583771], [0.25979757, 0.25979805], [0.89053249, 0.89053345], [2.2318497, 2.2318535], [-0.067010641, -0.067010522], [0.81643963, 0.81644058], [0.89123821, 0.89123917], [0.065263867, 0.065263987], [0.83856583, 0.83856678], [0.31043863, 0.31043911], [-0.39361954, -0.39361906], [0.14225173, 0.14225197], [0.038217485, 0.038217545], [-0.16954112, -0.16954088], [0.029207081, 0.02920711], [-0.099468589, -0.09946847], [0.0093227625, 0.0093227774], [-0.0050381869, -0.0050381795], [-0.0007196106, -0.00071960967], [-0.013346329, -0.013346314], [0.0095688999, 0.0095689148], [0.00097594876, 0.00097594969], [-0.00075189304, -0.0007518921], [0.017720908, 0.017720938], [-0.021548718, -0.021548688], [-0.26019716, -0.26019669], [0.10775352, 0.10775363], [-0.063328028, -0.063327909], [0.028727084, 0.028727114], [0.029665202, 0.029665232], [-0.013626382, -0.013626367], [0.0072227046, 0.007222712], [0.0076115057, 0.0076115131]]
 [[-0.80535603, -0.80535507], [-0.3757081, -0.37570763], [-3.5659561, -3.5659523], [0.27325058, 0.27325106], [-0.34098959, -0.34098911], [0.26565361, 0.26565409], [-0.37415695, -0.37415648], [-0.082306981, -0.082306862], [-2.3334656, -2.3334618], [-8.6494904, -8.6494751], [-6.2898788, -6.2898712], [2.2318497, 2.2318535], [-0.30592632, -0.30592585], [0.81643963, 0.81644058], [0.89123821, 0.89123917], [-1.8712082, -1.8712063], [2.7750359, 2.7750397], [0.31043863, 0.31043911], [-0.39361954, -0.39361906], [0.14225173, 0.14225197], [0.038217485, 0.038217545], [-0.16954112, -0.16954088], [0.094486952, 0.094487071], [-0.16474867, -0.16474843], [0.014860034, 0.014860049], [-0.010575473, -0.010575458], [-0.00071231835, -0.00071231741], [-0.013353631, -0.013353616], [0.0062704086, 0.0062704161], [0.0042744428, 0.0042744502], [-0.0030538104, -0.0030538067], [0.020022839, 0.020022869], [-0.021548718, -0.021548688], [-0.26019716, -0.26019669], [0.10775352, 0.10775363], [-0.063328028, -0.063327909], [0.028727084, 0.028727114], [0.029665202, 0.029665232], [-0.013626382, -0.013626367], [0.0072227046, 0.007222712], [0.0076115057, 0.0076115131]]
 [[-1.693327, -1.693325], [0.23196554, 0.23196578], [-3.5659561, -3.5659523], [0.27325058, 0.27325106], [-0.34098959, -0.34098911], [0.50669956, 0.50670052], [-0.37415695, -0.37415648], [0.057458162, 0.057458222], [-2.3261948, -2.3261909], [-14.589767, -14.589752], [2.7531891, 2.7531929], [2.2318497, 2.2318535], [-0.43464565, -0.43464518], [0.81643963, 0.81644058], [0.89123821, 0.89123917], [2.4629822, 2.462986], [-1.5591526, -1.5591507], [0.31043863, 0.31043911], [-0.39361954, -0.39361906], [0.14225173, 0.14225197], [0.038217485, 0.038217545], [-0.16954112, -0.16954088], [0.2102406, 0.21024084], [-0.28050232, -0.28050184], [0.050750136, 0.050750196], [-0.046465635, -0.046465576], [-0.0055190399, -0.0055190325], [-0.0085469037, -0.0085468888], [0.004033491, 0.0040334985], [0.0065113604, 0.0065113679], [-0.0050524473, -0.0050524399], [0.022021472, 0.022021502], [-0.021548718, -0.021548688], [-0.26019716, -0.26019669], [0.10775352, 0.10775363], [-0.063328028, -0.063327909], [0.028727084, 0.028727114], [0.029665202, 0.029665232], [-0.013626382, -0.013626367], [0.0072227046, 0.007222712], [0.0076115057, 0.0076115131]]
 [[0.93668652, 0.93668747], [0.40872097, 0.40872145], [-3.5659561, -3.5659523], [0.27325058, 0.27325106], [-0.34098959, -0.34098911], [7.8394775, 7.8394852], [-0.37415695, -0.37415648], [3.0573425, 3.0573463], [0.091551065, 0.091551185], [2.0067482, 2.006752], [-1.2407017, -1.2406979], [2.2318497, 2.2318535], [-7.539093, -7.5390854], [0.81643963, 0.81644058], [0.89123821, 0.89123917], [11.717529, 11.717545], [-10.813721, -10.813705], [0.31043863, 0.31043911], [-0.39361954, -0.39361906], [0.14225173, 0.14225197], [0.038217485, 0.038217545], [-0.16954112, -0.16954088], [3.4954643, 3.495472], [-3.565731, -3.5657272], [1.6008148, 1.6008186], [-1.5965328, -1.5965309], [-0.5131712, -0.51317024], [0.4991045, 0.49910545], [-0.24965096, -0.24965072], [0.26019526, 0.26019573], [-0.15765882, -0.15765858], [0.17462778, 0.17462802], [-0.021548718, -0.021548688], [-0.26019716, -0.26019669], [0.10775352, 0.10775363], [-0.063328028, -0.063327909], [0.028727084, 0.028727114], [0.029665202, 0.029665232], [-0.013626382, -0.013626367], [0.0072227046, 0.007222712], [0.0076115057, 0.0076115131]]
 [[-0.73192596, -0.73192501], [0.0024790242, 0.002479028], [-3.5659561, -3.5659523], [0.27325058, 0.27325106], [-0.34098959, -0.34098911], [-0.1520648, -0.15206456], [-0.37415695, -0.37415648], [0.51475811, 0.51475906], [-0.18938422, -0.18938375], [-18.25589, -18.255859], [-4.8551178, -4.8551102], [2.2318497, 2.2318535], [-0.71014118, -0.71014023], [0.81643963, 0.81644058], [0.89123821, 0.89123917], [0.61250019, 0.61250114], [0.29132891, 0.29132938], [0.31043863, 0.31043911], [-0.39361954, -0.39361906], [0.14225173, 0.14225197], [0.038217485, 0.038217545], [-0.16954112, -0.16954088], [0.32039881, 0.32039928], [-0.39066076, -0.39066029], [-0.28693438, -0.2869339], [0.29121828, 0.29121876], [-0.25043869, -0.25043821], [0.23637247, 0.23637271], [0.21648526, 0.2164855], [-0.20594072, -0.20594049], [-0.18505144, -0.1850512], [0.20202017, 0.20202041], [-0.021548718, -0.021548688], [-0.26019716, -0.26019669], [0.10775352, 0.10775363], [-0.063328028, -0.063327909], [0.028727084, 0.028727114], [0.029665202, 0.029665232], [-0.013626382, -0.013626367], [0.0072227046, 0.007222712], [0.0076115057, 0.0076115131]]
 [[-4.8199387, -4.819931], [-291.84229, -291.8418], [-3.5659561, -3.5659523], [0.27325058, 0.27325106], [-0.34098959, -0.34098911], [0.068683028, 0.068683147], [-0.37415695, -0.37415648], [5.177475, 5.1774826], [-44.543091, -44.54303], [-135.07935, -135.0791], [-37.493347, -37.493286], [2.2318497, 2.2318535], [-4.4515991, -4.4515915], [0.81643963, 0.81644058], [0.89123821, 0.89123917], [0.0022662915, 0.0022662953], [0.90156364, 0.9015646], [0.31043863, 0.31043911], [-0.39361954, -0.39361906], [0.14225173, 0.14225197], [0.038217485, 0.038217545], [-0.16954112, -0.16954088], [0.0017493013, 0.0017493032], [-0.072010875, -0.072010756], [-0.002841264, -0.0028412603], [0.0071258396, 0.007125847], [-0.031526268, -0.031526208], [0.017460257, 0.017460287], [0.086105585, 0.086105704], [-0.075560808, -0.075560689], [-0.37811804, -0.37811756], [0.39508629, 0.39508677], [-0.021548718, -0.021548688], [-0.26019716, -0.26019669], [0.10775352, 0.10775363], [-0.063328028, -0.063327909], [0.028727084, 0.028727114], [0.029665202, 0.029665232], [-0.013626382, -0.013626367], [0.0072227046, 0.007222712], [0.0076115057, 0.0076115131]]
 [[0.67358112, 0.67358208], [0.10788381, 0.10788393], [-3.5659561, -3.5659523], [0.27325058, 0.27325106], [-0.34098959, -0.34098911], [0.077663064, 0.077663183], [-0.37415695, -0.37415648], [0.40556145, 0.40556192], [0.0010909028, 0.0010909047], [17.877014, 17.877045], [4.9932785, 4.9932938], [2.2318497, 2.2318535], [-30.05835, -30.058319], [0.81643963, 0.81644058], [0.89123821, 0.89123917], [0.0060095042, 0.0060095116], [0.89782047, 0.89782143], [0.31043863, 0.31043911], [-0.39361954, -0.39361906], [0.14225173, 0.14225197], [0.038217485, 0.038217545], [-0.16954112, -0.16954088], [0.18010187, 0.18010211], [-0.25036383, -0.25036335], [-5.3941269, -5.3941193], [5.3983994, 5.398407], [-161.84839, -161.84814], [161.83398, 161.83423], [4851.9062, 4851.9141], [-4851.8984, -4851.8906], [-145463.5, -145463.25], [145463.25, 145463.5], [-0.021548718, -0.021548688], [-0.26019716, -0.26019669], [0.10775352, 0.10775363], [-0.063328028, -0.063327909], [0.028727084, 0.028727114], [0.029665202, 0.029665232], [-0.013626382, -0.013626367], [0.0072227046, 0.007222712], [0.0076115057, 0.0076115131]]
















