LinearAlgebra.PosDefException(3)
LinearAlgebra.PosDefException(6)
LinearAlgebra.PosDefException(2)
LinearAlgebra.PosDefException(3)
LinearAlgebra.PosDefException(5)
LinearAlgebra.PosDefException(4)
LinearAlgebra.PosDefException(86)
LinearAlgebra.PosDefException(4)
LinearAlgebra.PosDefException(5)
LinearAlgebra.PosDefException(661)
LinearAlgebra.PosDefException(3)
LinearAlgebra.PosDefException(2)
LinearAlgebra.PosDefException(2)
LinearAlgebra.PosDefException(4)
LinearAlgebra.PosDefException(3)
LinearAlgebra.PosDefException(8)
LinearAlgebra.PosDefException(91)
LinearAlgebra.PosDefException(2)
LinearAlgebra.PosDefException(3)
LinearAlgebra.PosDefException(6)
LinearAlgebra.PosDefException(3)
LinearAlgebra.PosDefException(4)
LinearAlgebra.PosDefException(6)
LinearAlgebra.PosDefException(6)
LinearAlgebra.PosDefException(2)
LinearAlgebra.PosDefException(6)
LinearAlgebra.PosDefException(3)
LinearAlgebra.PosDefException(6)
LinearAlgebra.PosDefException(4)
LinearAlgebra.PosDefException(5)
LinearAlgebra.PosDefException(4)
LinearAlgebra.PosDefException(2)
LinearAlgebra.PosDefException(2)
LinearAlgebra.PosDefException(4)
LinearAlgebra.PosDefException(11)
LinearAlgebra.PosDefException(9)
LinearAlgebra.PosDefException(22)
LinearAlgebra.PosDefException(3)
LinearAlgebra.PosDefException(2)
LinearAlgebra.PosDefException(3)
LinearAlgebra.PosDefException(3)
LinearAlgebra.PosDefException(3)
LinearAlgebra.PosDefException(4)
LinearAlgebra.PosDefException(85)
LinearAlgebra.PosDefException(2)
LinearAlgebra.PosDefException(2)
LinearAlgebra.PosDefException(3)
LinearAlgebra.PosDefException(3)
LinearAlgebra.PosDefException(3)
LinearAlgebra.PosDefException(4)
LinearAlgebra.PosDefException(27)
LinearAlgebra.PosDefException(3)
LinearAlgebra.PosDefException(3)
LinearAlgebra.PosDefException(3)
LinearAlgebra.PosDefException(2)
LinearAlgebra.PosDefException(4)
LinearAlgebra.PosDefException(4)
LinearAlgebra.PosDefException(6)
LinearAlgebra.PosDefException(1)
LinearAlgebra.PosDefException(1)
LinearAlgebra.PosDefException(1)
LinearAlgebra.PosDefException(2)
LinearAlgebra.PosDefException(3)
LinearAlgebra.PosDefException(2)
LinearAlgebra.PosDefException(2)
LinearAlgebra.PosDefException(6)
LinearAlgebra.PosDefException(6)
LinearAlgebra.PosDefException(3)
LinearAlgebra.PosDefException(4)
LinearAlgebra.PosDefException(5)
LinearAlgebra.PosDefException(4)
LinearAlgebra.PosDefException(6)
LinearAlgebra.PosDefException(5)
LinearAlgebra.PosDefException(4)
LinearAlgebra.PosDefException(2)
LinearAlgebra.PosDefException(3)
LinearAlgebra.PosDefException(2)
LinearAlgebra.PosDefException(5)
LinearAlgebra.PosDefException(3)
LinearAlgebra.PosDefException(4)
LinearAlgebra.PosDefException(83)
LinearAlgebra.PosDefException(3)
LinearAlgebra.PosDefException(2)
LinearAlgebra.PosDefException(2)
LinearAlgebra.PosDefException(2)
LinearAlgebra.PosDefException(5)
LinearAlgebra.PosDefException(6)
LinearAlgebra.PosDefException(4)
LinearAlgebra.PosDefException(3)
LinearAlgebra.PosDefException(2)
LinearAlgebra.PosDefException(3)
LinearAlgebra.PosDefException(15)
LinearAlgebra.PosDefException(6)
LinearAlgebra.PosDefException(6)
DEBUG [determine_optimal_points_count]: Large num points: 1
DEBUG [determine_optimal_points_count]: Good num points: 1
DEBUG [multipoint_parameter_estimation]: Parameter estimation using this many points: 1

DEBUG [pick_points]: Starting point selection...
DEBUG [pick_points]: Number of points to pick: 1
DEBUG [pick_points]: Total points available: 1001
DEBUG [pick_points]: Number of interpolants: 4

DEBUG [pick_points]: Computing interestingness scores...
DEBUG [pick_points]: Processed 100 points
DEBUG [pick_points]: Processed 200 points
DEBUG [pick_points]: Processed 300 points
DEBUG [pick_points]: Processed 400 points
DEBUG [pick_points]: Processed 500 points
DEBUG [pick_points]: Processed 600 points
DEBUG [pick_points]: Processed 700 points
DEBUG [pick_points]: Processed 800 points
DEBUG [pick_points]: Processed 900 points
DEBUG [pick_points]: Processed 1000 points

DEBUG [pick_points]: Score statistics:
DEBUG [pick_points]: Min score: 0.29888012246547957
DEBUG [pick_points]: Max score: 1.795060752532589
DEBUG [pick_points]: Mean score: 0.7809917428515187
DEBUG [pick_points]: Normalized scores

DEBUG [pick_points]: Selected 1 points
DEBUG [pick_points]: Selected time points: [-0.998]
aa_system
Any[_t2_p_t_ - 370886907261519//2251799813685248, _t2_e_t_ - 3711300586460999//4503599627370496, _t2_eˍt_t_ + 4270682792913297//9007199254740992, _t2_eˍtt_t_ - 9965272088221//35184372088832, _t2_eˍttt_t_ + 1483298270156827//18014398509481984, _t2_eˍtttt_t_ + 7708010525432509//36028797018963968, _t2_eˍttttt_t_ - 3863465985414631//9007199254740992, _t2_s_t_ + _t2_m_t_ - 4886678604760497//4503599627370496, _t2_sˍt_t_ + _t2_mˍt_t_ + 3845053055699991//9007199254740992, _t2_mˍtt_t_ + _t2_sˍtt_t_ - 4842698765829991//9007199254740992, _t2_mˍttt_t_ + _t2_sˍttt_t_ + 1855615776906337//2251799813685248, _t2_sˍtttt_t_ + _t2_mˍtttt_t_ - 6251280805603391//9007199254740992, _t2_mˍttttt_t_ + _t2_sˍttttt_t_ - 5727844387237727//2251799813685248, _t2_n_t_ - 488259763020907//562949953421312, _t2_nˍt_t_ + 3783176181349989//4503599627370496, _t2_nˍtt_t_ - 7853105857485801//9007199254740992, _t2_nˍttt_t_ + 4437953053401667//4503599627370496, _t2_nˍtttt_t_ - 1146746327919987//1125899906842624, _t2_nˍttttt_t_ - 4847328480895889//36028797018963968, -_tprhoE_*_t2_e_t_*_t2_p_t_ + _tpdeltaEL_*_t2_e_t_ + _tpmuEE_*_t2_e_t_^2 - _tpdeltaNE_*_t2_n_t_*_t2_p_t_ + _t2_eˍt_t_, -_tprhoE_*_t2_e_t_*_t2_pˍt_t_ - _tprhoE_*_t2_p_t_*_t2_eˍt_t_ + _tpdeltaEL_*_t2_eˍt_t_ + 2*_tpmuEE_*_t2_e_t_*_t2_eˍt_t_ - _tpdeltaNE_*_t2_n_t_*_t2_pˍt_t_ - _tpdeltaNE_*_t2_p_t_*_t2_nˍt_t_ + _t2_eˍtt_t_, -_tprhoE_*_t2_e_t_*_t2_pˍtt_t_ - _tprhoE_*_t2_p_t_*_t2_eˍtt_t_ - 2*_tprhoE_*_t2_eˍt_t_*_t2_pˍt_t_ + _tpdeltaEL_*_t2_eˍtt_t_ + 2*_tpmuEE_*_t2_e_t_*_t2_eˍtt_t_ + 2*_tpmuEE_*_t2_eˍt_t_^2 - _tpdeltaNE_*_t2_n_t_*_t2_pˍtt_t_ - _tpdeltaNE_*_t2_p_t_*_t2_nˍtt_t_ - 2*_tpdeltaNE_*_t2_nˍt_t_*_t2_pˍt_t_ + _t2_eˍttt_t_, -_tprhoE_*_t2_e_t_*_t2_pˍttt_t_ - _tprhoE_*_t2_p_t_*_t2_eˍttt_t_ - 3*_tprhoE_*_t2_eˍt_t_*_t2_pˍtt_t_ - 3*_tprhoE_*_t2_eˍtt_t_*_t2_pˍt_t_ + _tpdeltaEL_*_t2_eˍttt_t_ + 2*_tpmuEE_*_t2_e_t_*_t2_eˍttt_t_ + 6*_tpmuEE_*_t2_eˍt_t_*_t2_eˍtt_t_ - _tpdeltaNE_*_t2_n_t_*_t2_pˍttt_t_ - _tpdeltaNE_*_t2_p_t_*_t2_nˍttt_t_ - 3*_tpdeltaNE_*_t2_nˍt_t_*_t2_pˍtt_t_ - 3*_tpdeltaNE_*_t2_nˍtt_t_*_t2_pˍt_t_ + _t2_eˍtttt_t_, -_tprhoE_*_t2_e_t_*_t2_pˍtttt_t_ - _tprhoE_*_t2_p_t_*_t2_eˍtttt_t_ - 4*_tprhoE_*_t2_eˍt_t_*_t2_pˍttt_t_ - 6*_tprhoE_*_t2_eˍtt_t_*_t2_pˍtt_t_ - 4*_tprhoE_*_t2_eˍttt_t_*_t2_pˍt_t_ + _tpdeltaEL_*_t2_eˍtttt_t_ + 2*_tpmuEE_*_t2_e_t_*_t2_eˍtttt_t_ + 8*_tpmuEE_*_t2_eˍt_t_*_t2_eˍttt_t_ + 6*_tpmuEE_*_t2_eˍtt_t_^2 - _tpdeltaNE_*_t2_n_t_*_t2_pˍtttt_t_ - _tpdeltaNE_*_t2_p_t_*_t2_nˍtttt_t_ - 4*_tpdeltaNE_*_t2_nˍt_t_*_t2_pˍttt_t_ - 6*_tpdeltaNE_*_t2_nˍtt_t_*_t2_pˍtt_t_ - 4*_tpdeltaNE_*_t2_nˍttt_t_*_t2_pˍt_t_ + _t2_eˍttttt_t_, _tpmuLL_*_t2_s_t_^2 - _tpdeltaEL_*_t2_s_t_ + _tpmuLE_*_t2_e_t_*_t2_s_t_ + _tpdeltaLM_*_t2_s_t_ + _t2_sˍt_t_, _tpmuM_*_t2_m_t_ - _tpdeltaLM_*_t2_s_t_ + _t2_mˍt_t_, _tpmuM_*_t2_mˍt_t_ - _tpdeltaLM_*_t2_sˍt_t_ + _t2_mˍtt_t_, 2*_tpmuLL_*_t2_s_t_*_t2_sˍt_t_ - _tpdeltaEL_*_t2_sˍt_t_ + _tpmuLE_*_t2_e_t_*_t2_sˍt_t_ + _tpmuLE_*_t2_s_t_*_t2_eˍt_t_ + _tpdeltaLM_*_t2_sˍt_t_ + _t2_sˍtt_t_, _tpmuM_*_t2_mˍtt_t_ - _tpdeltaLM_*_t2_sˍtt_t_ + _t2_mˍttt_t_, 2*_tpmuLL_*_t2_s_t_*_t2_sˍtt_t_ + 2*_tpmuLL_*_t2_sˍt_t_^2 - _tpdeltaEL_*_t2_sˍtt_t_ + _tpmuLE_*_t2_e_t_*_t2_sˍtt_t_ + _tpmuLE_*_t2_s_t_*_t2_eˍtt_t_ + 2*_tpmuLE_*_t2_eˍt_t_*_t2_sˍt_t_ + _tpdeltaLM_*_t2_sˍtt_t_ + _t2_sˍttt_t_, 2*_tpmuLL_*_t2_s_t_*_t2_sˍttt_t_ + 6*_tpmuLL_*_t2_sˍt_t_*_t2_sˍtt_t_ - _tpdeltaEL_*_t2_sˍttt_t_ + _tpmuLE_*_t2_e_t_*_t2_sˍttt_t_ + _tpmuLE_*_t2_s_t_*_t2_eˍttt_t_ + 3*_tpmuLE_*_t2_eˍt_t_*_t2_sˍtt_t_ + 3*_tpmuLE_*_t2_eˍtt_t_*_t2_sˍt_t_ + _tpdeltaLM_*_t2_sˍttt_t_ + _t2_sˍtttt_t_, _tpmuM_*_t2_mˍttt_t_ - _tpdeltaLM_*_t2_sˍttt_t_ + _t2_mˍtttt_t_, _tpmuM_*_t2_mˍtttt_t_ - _tpdeltaLM_*_t2_sˍtttt_t_ + _t2_mˍttttt_t_, 2*_tpmuLL_*_t2_s_t_*_t2_sˍtttt_t_ + 8*_tpmuLL_*_t2_sˍt_t_*_t2_sˍttt_t_ + 6*_tpmuLL_*_t2_sˍtt_t_^2 - _tpdeltaEL_*_t2_sˍtttt_t_ + _tpmuLE_*_t2_e_t_*_t2_sˍtttt_t_ + _tpmuLE_*_t2_s_t_*_t2_eˍtttt_t_ + 4*_tpmuLE_*_t2_eˍt_t_*_t2_sˍttt_t_ + 6*_tpmuLE_*_t2_eˍtt_t_*_t2_sˍtt_t_ + 4*_tpmuLE_*_t2_eˍttt_t_*_t2_sˍt_t_ + _tpdeltaLM_*_t2_sˍtttt_t_ + _t2_sˍttttt_t_, _tpmuN_*_t2_n_t_ + _tpdeltaNE_*_t2_n_t_*_t2_p_t_ + _t2_nˍt_t_, _tpmuN_*_t2_nˍt_t_ + _tpdeltaNE_*_t2_n_t_*_t2_pˍt_t_ + _tpdeltaNE_*_t2_p_t_*_t2_nˍt_t_ + _t2_nˍtt_t_, _tpmuN_*_t2_nˍtt_t_ + _tpdeltaNE_*_t2_n_t_*_t2_pˍtt_t_ + _tpdeltaNE_*_t2_p_t_*_t2_nˍtt_t_ + 2*_tpdeltaNE_*_t2_nˍt_t_*_t2_pˍt_t_ + _t2_nˍttt_t_, _tpmuN_*_t2_nˍttt_t_ + _tpdeltaNE_*_t2_n_t_*_t2_pˍttt_t_ + _tpdeltaNE_*_t2_p_t_*_t2_nˍttt_t_ + 3*_tpdeltaNE_*_t2_nˍt_t_*_t2_pˍtt_t_ + 3*_tpdeltaNE_*_t2_nˍtt_t_*_t2_pˍt_t_ + _t2_nˍtttt_t_, _tpmuN_*_t2_nˍtttt_t_ + _tpdeltaNE_*_t2_n_t_*_t2_pˍtttt_t_ + _tpdeltaNE_*_t2_p_t_*_t2_nˍtttt_t_ + 4*_tpdeltaNE_*_t2_nˍt_t_*_t2_pˍttt_t_ + 6*_tpdeltaNE_*_t2_nˍtt_t_*_t2_pˍtt_t_ + 4*_tpdeltaNE_*_t2_nˍttt_t_*_t2_pˍt_t_ + _t2_nˍttttt_t_, _tpmuPE_*_t2_e_t_*_t2_p_t_ + _tpmuPL_*_t2_s_t_*_t2_p_t_ - _tprhoP_*_t2_p_t_^2 + _tpmuP_*_t2_p_t_ + _t2_pˍt_t_, _tpmuPE_*_t2_e_t_*_t2_pˍt_t_ + _tpmuPE_*_t2_p_t_*_t2_eˍt_t_ + _tpmuPL_*_t2_s_t_*_t2_pˍt_t_ + _tpmuPL_*_t2_p_t_*_t2_sˍt_t_ - 2*_tprhoP_*_t2_p_t_*_t2_pˍt_t_ + _tpmuP_*_t2_pˍt_t_ + _t2_pˍtt_t_, _tpmuPE_*_t2_e_t_*_t2_pˍtt_t_ + _tpmuPE_*_t2_p_t_*_t2_eˍtt_t_ + 2*_tpmuPE_*_t2_eˍt_t_*_t2_pˍt_t_ + _tpmuPL_*_t2_s_t_*_t2_pˍtt_t_ + _tpmuPL_*_t2_p_t_*_t2_sˍtt_t_ + 2*_tpmuPL_*_t2_sˍt_t_*_t2_pˍt_t_ - 2*_tprhoP_*_t2_p_t_*_t2_pˍtt_t_ - 2*_tprhoP_*_t2_pˍt_t_^2 + _tpmuP_*_t2_pˍtt_t_ + _t2_pˍttt_t_, _tpmuPE_*_t2_e_t_*_t2_pˍttt_t_ + _tpmuPE_*_t2_p_t_*_t2_eˍttt_t_ + 3*_tpmuPE_*_t2_eˍt_t_*_t2_pˍtt_t_ + 3*_tpmuPE_*_t2_eˍtt_t_*_t2_pˍt_t_ + _tpmuPL_*_t2_s_t_*_t2_pˍttt_t_ + _tpmuPL_*_t2_p_t_*_t2_sˍttt_t_ + 3*_tpmuPL_*_t2_sˍt_t_*_t2_pˍtt_t_ + 3*_tpmuPL_*_t2_sˍtt_t_*_t2_pˍt_t_ - 2*_tprhoP_*_t2_p_t_*_t2_pˍttt_t_ - 6*_tprhoP_*_t2_pˍt_t_*_t2_pˍtt_t_ + _tpmuP_*_t2_pˍttt_t_ + _t2_pˍtttt_t_]
R
Multivariate polynomial ring in 42 variables over rationals
primes of bitsize 28
G-Q-ERROR: LoadError: DomainError with Input does not define zerodimensional ideal:

Stacktrace:
  [1] compute_quotient_basis(ltg::Vector{Vector{UInt32}})
    @ RationalUnivariateRepresentation ~/code/Julia/RationalUnivariateRepresentation.jl/src/RationalUnivariateRepresentation.jl:187
  [2] _zdim_modular_RUR_LV(de::Vector{Vector{Vector{UInt32}}}, cco::Vector{Vector{UInt32}}, arithm::Groebner.ArithmeticZp{UInt64, UInt32})
    @ RationalUnivariateRepresentation ~/code/Julia/RationalUnivariateRepresentation.jl/src/RationalUnivariateRepresentation.jl:837
  [3] _zdim_modular_RUR(de::Vector{Vector{Vector{UInt32}}}, co::Vector{Vector{UInt32}}, arithm::Groebner.ArithmeticZp{UInt64, UInt32}, learn::Bool)
    @ RationalUnivariateRepresentation ~/code/Julia/RationalUnivariateRepresentation.jl/src/RationalUnivariateRepresentation.jl:906
  [4] macro expansion
    @ ~/code/Julia/RationalUnivariateRepresentation.jl/src/RationalUnivariateRepresentation.jl:1145 [inlined]
  [5] _zdim_multi_modular_RUR!(de::Vector{Vector{Vector{UInt32}}}, cco::Vector{Vector{Rational{BigInt}}}, bit_pr::Int32, parallelism::Symbol, composite::Int64, threads::Int64)
    @ RationalUnivariateRepresentation ~/.julia/packages/TimerOutputs/6KVfH/src/TimerOutput.jl:237
  [6] zdim_parameterization(sys_ori::Vector{Any}; nn::Int32, verbose::Bool, parallelism::Symbol, threads::Int64, get_separating_element::Bool, composite::Int64)
    @ RationalUnivariateRepresentation ~/code/Julia/RationalUnivariateRepresentation.jl/src/RationalUnivariateRepresentation.jl:1356
  [7] zdim_parameterization
    @ ~/code/Julia/RationalUnivariateRepresentation.jl/src/RationalUnivariateRepresentation.jl:1336 [inlined]
  [8] solve_with_rs(poly_system::Vector{Num}, varlist::Vector{Num}; start_point::Nothing, options::Dict{Any, Any})
    @ Main ~/julia/no-matlab-no-worry/2025-02-06-01-56/copy_1em4/estimation/crauste_7.jl:68
  [9] solve_with_rs(poly_system::Vector{Num}, varlist::Vector{Num})
    @ Main ~/julia/no-matlab-no-worry/2025-02-06-01-56/copy_1em4/estimation/crauste_7.jl:55
 [10] multipoint_parameter_estimation(PEP::ParameterEstimationProblem; system_solver::typeof(solve_with_rs), max_num_points::Int64, interpolator::Function, nooutput::Bool, diagnostics::Bool, diagnostic_data::Nothing)
    @ ODEParameterEstimation ~/.julia/dev/ODEParameterEstimation/src/core/parameter_estimation.jl:349
 [11] analyze_parameter_estimation_problem(PEP::ParameterEstimationProblem; interpolator::Function, max_num_points::Int64, nooutput::Bool, system_solver::Function, abstol::Float64, reltol::Float64, trap_debug::Bool, diagnostics::Bool, diagnostic_data::Nothing)
    @ ODEParameterEstimation ~/.julia/dev/ODEParameterEstimation/src/core/analysis_utils.jl:326
 [12] top-level scope
    @ ~/julia/no-matlab-no-worry/2025-02-06-01-56/copy_1em4/estimation/crauste_7.jl:140
in expression starting at /home/orebas/julia/no-matlab-no-worry/2025-02-06-01-56/copy_1em4/estimation/crauste_7.jl:140
