LinearAlgebra.PosDefException(2)
LinearAlgebra.PosDefException(2)
LinearAlgebra.PosDefException(2)
LinearAlgebra.PosDefException(4)
LinearAlgebra.PosDefException(4)
LinearAlgebra.PosDefException(4)
LinearAlgebra.PosDefException(82)
LinearAlgebra.PosDefException(2)
LinearAlgebra.PosDefException(2)
LinearAlgebra.PosDefException(6)
LinearAlgebra.PosDefException(4)
LinearAlgebra.PosDefException(3)
LinearAlgebra.PosDefException(6)
LinearAlgebra.PosDefException(33)
LinearAlgebra.PosDefException(2)
LinearAlgebra.PosDefException(2)
LinearAlgebra.PosDefException(3)
LinearAlgebra.PosDefException(2)
LinearAlgebra.PosDefException(3)
LinearAlgebra.PosDefException(4)
LinearAlgebra.PosDefException(7)
LinearAlgebra.PosDefException(2)
LinearAlgebra.PosDefException(2)
LinearAlgebra.PosDefException(2)
LinearAlgebra.PosDefException(4)
LinearAlgebra.PosDefException(4)
LinearAlgebra.PosDefException(7)
LinearAlgebra.PosDefException(4)
LinearAlgebra.PosDefException(4)
LinearAlgebra.PosDefException(2)
LinearAlgebra.PosDefException(2)
LinearAlgebra.PosDefException(2)
LinearAlgebra.PosDefException(2)
LinearAlgebra.PosDefException(3)
LinearAlgebra.PosDefException(80)
LinearAlgebra.PosDefException(3)
LinearAlgebra.PosDefException(3)
LinearAlgebra.PosDefException(3)
LinearAlgebra.PosDefException(4)
LinearAlgebra.PosDefException(3)
LinearAlgebra.PosDefException(4)
LinearAlgebra.PosDefException(81)
LinearAlgebra.PosDefException(10)
LinearAlgebra.PosDefException(6)
LinearAlgebra.PosDefException(2)
LinearAlgebra.PosDefException(2)
LinearAlgebra.PosDefException(3)
LinearAlgebra.PosDefException(3)
LinearAlgebra.PosDefException(7)
LinearAlgebra.PosDefException(9)
LinearAlgebra.PosDefException(89)
LinearAlgebra.PosDefException(2)
LinearAlgebra.PosDefException(2)
LinearAlgebra.PosDefException(3)
LinearAlgebra.PosDefException(3)
LinearAlgebra.PosDefException(3)
LinearAlgebra.PosDefException(4)
LinearAlgebra.PosDefException(33)
LinearAlgebra.PosDefException(2)
LinearAlgebra.PosDefException(3)
LinearAlgebra.PosDefException(3)
LinearAlgebra.PosDefException(2)
LinearAlgebra.PosDefException(2)
LinearAlgebra.PosDefException(5)
LinearAlgebra.PosDefException(3)
LinearAlgebra.PosDefException(5)
LinearAlgebra.PosDefException(33)
LinearAlgebra.PosDefException(2)
LinearAlgebra.PosDefException(5)
LinearAlgebra.PosDefException(4)
LinearAlgebra.PosDefException(11)
LinearAlgebra.PosDefException(6)
LinearAlgebra.PosDefException(2)
LinearAlgebra.PosDefException(2)
LinearAlgebra.PosDefException(6)
LinearAlgebra.PosDefException(4)
LinearAlgebra.PosDefException(5)
LinearAlgebra.PosDefException(4)
LinearAlgebra.PosDefException(55)
DEBUG [determine_optimal_points_count]: Large num points: 1
DEBUG [determine_optimal_points_count]: Good num points: 1
DEBUG [multipoint_parameter_estimation]: Parameter estimation using this many points: 1

DEBUG [pick_points]: Starting point selection...
DEBUG [pick_points]: Number of points to pick: 1
DEBUG [pick_points]: Total points available: 1001
DEBUG [pick_points]: Number of interpolants: 4

DEBUG [pick_points]: Computing interestingness scores...
DEBUG [pick_points]: Processed 100 points
DEBUG [pick_points]: Processed 200 points
DEBUG [pick_points]: Processed 300 points
DEBUG [pick_points]: Processed 400 points
DEBUG [pick_points]: Processed 500 points
DEBUG [pick_points]: Processed 600 points
DEBUG [pick_points]: Processed 700 points
DEBUG [pick_points]: Processed 800 points
DEBUG [pick_points]: Processed 900 points
DEBUG [pick_points]: Processed 1000 points

DEBUG [pick_points]: Score statistics:
DEBUG [pick_points]: Min score: 0.16190162969120614
DEBUG [pick_points]: Max score: 1.7438740561993142
DEBUG [pick_points]: Mean score: 0.6166784737151753
DEBUG [pick_points]: Normalized scores

DEBUG [pick_points]: Selected 1 points
DEBUG [pick_points]: Selected time points: [-0.998]
aa_system
Any[_t2_p_t_ - 2432890157253553//9007199254740992, _t2_e_t_ - 1928490634730229//2251799813685248, _t2_eˍt_t_ + 7067649276586345//9007199254740992, _t2_eˍtt_t_ - 7605184752634759//9007199254740992, _t2_eˍttt_t_ + 8269761774683021//9007199254740992, _t2_eˍtttt_t_ - 5692612036948663//9007199254740992, _t2_s_t_ + _t2_m_t_ - 4447326141002791//4503599627370496, _t2_sˍt_t_ + _t2_mˍt_t_ + 8332498522093751//36028797018963968, _t2_mˍtt_t_ + _t2_sˍtt_t_ - 304874838484187//1125899906842624, _t2_mˍttt_t_ + _t2_sˍttt_t_ + 2736844736402881//9007199254740992, _t2_sˍtttt_t_ + _t2_mˍtttt_t_ - 687205491542053//4503599627370496, _t2_mˍttttt_t_ + _t2_sˍttttt_t_ - 8264697645468649//9007199254740992, _t2_n_t_ - 612206456829527//2251799813685248, _t2_nˍt_t_ + 123664210614027//2251799813685248, _t2_nˍtt_t_ - 828713464954087//18014398509481984, _t2_nˍttt_t_ + 4680276269804321//72057594037927936, _t2_nˍtttt_t_ - 3131108516860613//72057594037927936, _t2_nˍttttt_t_ - 2778962423016519//18014398509481984, -_tprhoE_*_t2_e_t_*_t2_p_t_ + _tpdeltaEL_*_t2_e_t_ + _tpmuEE_*_t2_e_t_^2 - _tpdeltaNE_*_t2_n_t_*_t2_p_t_ + _t2_eˍt_t_, -_tprhoE_*_t2_e_t_*_t2_pˍt_t_ - _tprhoE_*_t2_p_t_*_t2_eˍt_t_ + _tpdeltaEL_*_t2_eˍt_t_ + 2*_tpmuEE_*_t2_e_t_*_t2_eˍt_t_ - _tpdeltaNE_*_t2_n_t_*_t2_pˍt_t_ - _tpdeltaNE_*_t2_p_t_*_t2_nˍt_t_ + _t2_eˍtt_t_, -_tprhoE_*_t2_e_t_*_t2_pˍtt_t_ - _tprhoE_*_t2_p_t_*_t2_eˍtt_t_ - 2*_tprhoE_*_t2_eˍt_t_*_t2_pˍt_t_ + _tpdeltaEL_*_t2_eˍtt_t_ + 2*_tpmuEE_*_t2_e_t_*_t2_eˍtt_t_ + 2*_tpmuEE_*_t2_eˍt_t_^2 - _tpdeltaNE_*_t2_n_t_*_t2_pˍtt_t_ - _tpdeltaNE_*_t2_p_t_*_t2_nˍtt_t_ - 2*_tpdeltaNE_*_t2_nˍt_t_*_t2_pˍt_t_ + _t2_eˍttt_t_, -_tprhoE_*_t2_e_t_*_t2_pˍttt_t_ - _tprhoE_*_t2_p_t_*_t2_eˍttt_t_ - 3*_tprhoE_*_t2_eˍt_t_*_t2_pˍtt_t_ - 3*_tprhoE_*_t2_eˍtt_t_*_t2_pˍt_t_ + _tpdeltaEL_*_t2_eˍttt_t_ + 2*_tpmuEE_*_t2_e_t_*_t2_eˍttt_t_ + 6*_tpmuEE_*_t2_eˍt_t_*_t2_eˍtt_t_ - _tpdeltaNE_*_t2_n_t_*_t2_pˍttt_t_ - _tpdeltaNE_*_t2_p_t_*_t2_nˍttt_t_ - 3*_tpdeltaNE_*_t2_nˍt_t_*_t2_pˍtt_t_ - 3*_tpdeltaNE_*_t2_nˍtt_t_*_t2_pˍt_t_ + _t2_eˍtttt_t_, _tpmuLL_*_t2_s_t_^2 - _tpdeltaEL_*_t2_s_t_ + _tpmuLE_*_t2_e_t_*_t2_s_t_ + _tpdeltaLM_*_t2_s_t_ + _t2_sˍt_t_, _tpmuM_*_t2_m_t_ - _tpdeltaLM_*_t2_s_t_ + _t2_mˍt_t_, _tpmuM_*_t2_mˍt_t_ - _tpdeltaLM_*_t2_sˍt_t_ + _t2_mˍtt_t_, 2*_tpmuLL_*_t2_s_t_*_t2_sˍt_t_ - _tpdeltaEL_*_t2_sˍt_t_ + _tpmuLE_*_t2_e_t_*_t2_sˍt_t_ + _tpmuLE_*_t2_s_t_*_t2_eˍt_t_ + _tpdeltaLM_*_t2_sˍt_t_ + _t2_sˍtt_t_, _tpmuM_*_t2_mˍtt_t_ - _tpdeltaLM_*_t2_sˍtt_t_ + _t2_mˍttt_t_, 2*_tpmuLL_*_t2_s_t_*_t2_sˍtt_t_ + 2*_tpmuLL_*_t2_sˍt_t_^2 - _tpdeltaEL_*_t2_sˍtt_t_ + _tpmuLE_*_t2_e_t_*_t2_sˍtt_t_ + _tpmuLE_*_t2_s_t_*_t2_eˍtt_t_ + 2*_tpmuLE_*_t2_eˍt_t_*_t2_sˍt_t_ + _tpdeltaLM_*_t2_sˍtt_t_ + _t2_sˍttt_t_, 2*_tpmuLL_*_t2_s_t_*_t2_sˍttt_t_ + 6*_tpmuLL_*_t2_sˍt_t_*_t2_sˍtt_t_ - _tpdeltaEL_*_t2_sˍttt_t_ + _tpmuLE_*_t2_e_t_*_t2_sˍttt_t_ + _tpmuLE_*_t2_s_t_*_t2_eˍttt_t_ + 3*_tpmuLE_*_t2_eˍt_t_*_t2_sˍtt_t_ + 3*_tpmuLE_*_t2_eˍtt_t_*_t2_sˍt_t_ + _tpdeltaLM_*_t2_sˍttt_t_ + _t2_sˍtttt_t_, _tpmuM_*_t2_mˍttt_t_ - _tpdeltaLM_*_t2_sˍttt_t_ + _t2_mˍtttt_t_, _tpmuM_*_t2_mˍtttt_t_ - _tpdeltaLM_*_t2_sˍtttt_t_ + _t2_mˍttttt_t_, 2*_tpmuLL_*_t2_s_t_*_t2_sˍtttt_t_ + 8*_tpmuLL_*_t2_sˍt_t_*_t2_sˍttt_t_ + 6*_tpmuLL_*_t2_sˍtt_t_^2 - _tpdeltaEL_*_t2_sˍtttt_t_ + _tpmuLE_*_t2_e_t_*_t2_sˍtttt_t_ + _tpmuLE_*_t2_s_t_*_t2_eˍtttt_t_ + 4*_tpmuLE_*_t2_eˍt_t_*_t2_sˍttt_t_ + 6*_tpmuLE_*_t2_eˍtt_t_*_t2_sˍtt_t_ + 4*_tpmuLE_*_t2_eˍttt_t_*_t2_sˍt_t_ + _tpdeltaLM_*_t2_sˍtttt_t_ + _t2_sˍttttt_t_, _tpmuN_*_t2_n_t_ + _tpdeltaNE_*_t2_n_t_*_t2_p_t_ + _t2_nˍt_t_, _tpmuN_*_t2_nˍt_t_ + _tpdeltaNE_*_t2_n_t_*_t2_pˍt_t_ + _tpdeltaNE_*_t2_p_t_*_t2_nˍt_t_ + _t2_nˍtt_t_, _tpmuN_*_t2_nˍtt_t_ + _tpdeltaNE_*_t2_n_t_*_t2_pˍtt_t_ + _tpdeltaNE_*_t2_p_t_*_t2_nˍtt_t_ + 2*_tpdeltaNE_*_t2_nˍt_t_*_t2_pˍt_t_ + _t2_nˍttt_t_, _tpmuN_*_t2_nˍttt_t_ + _tpdeltaNE_*_t2_n_t_*_t2_pˍttt_t_ + _tpdeltaNE_*_t2_p_t_*_t2_nˍttt_t_ + 3*_tpdeltaNE_*_t2_nˍt_t_*_t2_pˍtt_t_ + 3*_tpdeltaNE_*_t2_nˍtt_t_*_t2_pˍt_t_ + _t2_nˍtttt_t_, _tpmuN_*_t2_nˍtttt_t_ + _tpdeltaNE_*_t2_n_t_*_t2_pˍtttt_t_ + _tpdeltaNE_*_t2_p_t_*_t2_nˍtttt_t_ + 4*_tpdeltaNE_*_t2_nˍt_t_*_t2_pˍttt_t_ + 6*_tpdeltaNE_*_t2_nˍtt_t_*_t2_pˍtt_t_ + 4*_tpdeltaNE_*_t2_nˍttt_t_*_t2_pˍt_t_ + _t2_nˍttttt_t_, _tpmuPE_*_t2_e_t_*_t2_p_t_ + _tpmuPL_*_t2_s_t_*_t2_p_t_ - _tprhoP_*_t2_p_t_^2 + _tpmuP_*_t2_p_t_ + _t2_pˍt_t_, _tpmuPE_*_t2_e_t_*_t2_pˍt_t_ + _tpmuPE_*_t2_p_t_*_t2_eˍt_t_ + _tpmuPL_*_t2_s_t_*_t2_pˍt_t_ + _tpmuPL_*_t2_p_t_*_t2_sˍt_t_ - 2*_tprhoP_*_t2_p_t_*_t2_pˍt_t_ + _tpmuP_*_t2_pˍt_t_ + _t2_pˍtt_t_, _tpmuPE_*_t2_e_t_*_t2_pˍtt_t_ + _tpmuPE_*_t2_p_t_*_t2_eˍtt_t_ + 2*_tpmuPE_*_t2_eˍt_t_*_t2_pˍt_t_ + _tpmuPL_*_t2_s_t_*_t2_pˍtt_t_ + _tpmuPL_*_t2_p_t_*_t2_sˍtt_t_ + 2*_tpmuPL_*_t2_sˍt_t_*_t2_pˍt_t_ - 2*_tprhoP_*_t2_p_t_*_t2_pˍtt_t_ - 2*_tprhoP_*_t2_pˍt_t_^2 + _tpmuP_*_t2_pˍtt_t_ + _t2_pˍttt_t_, _tpmuPE_*_t2_e_t_*_t2_pˍttt_t_ + _tpmuPE_*_t2_p_t_*_t2_eˍttt_t_ + 3*_tpmuPE_*_t2_eˍt_t_*_t2_pˍtt_t_ + 3*_tpmuPE_*_t2_eˍtt_t_*_t2_pˍt_t_ + _tpmuPL_*_t2_s_t_*_t2_pˍttt_t_ + _tpmuPL_*_t2_p_t_*_t2_sˍttt_t_ + 3*_tpmuPL_*_t2_sˍt_t_*_t2_pˍtt_t_ + 3*_tpmuPL_*_t2_sˍtt_t_*_t2_pˍt_t_ - 2*_tprhoP_*_t2_p_t_*_t2_pˍttt_t_ - 6*_tprhoP_*_t2_pˍt_t_*_t2_pˍtt_t_ + _tpmuP_*_t2_pˍttt_t_ + _t2_pˍtttt_t_]
R
Multivariate polynomial ring in 41 variables over rationals
primes of bitsize 28
G-Q-Pt-FG-LT-LP(U)
G-Q-Pt-FG-LT-LP(U)
G-Q-Pt-FG-LT-LP(U)
G-Q-Pt-FG-LT-LP(U)
G-Q-Pt-FG-LT-LP(U)
G-Q-Pt-FG-LT-LP(U)
G-Q-Pt-FG-LT-LP(U)
G-Q-Pt-FG-LT-LP(U)
G-Q-Pt-FG-LT-LP(U)
G-Q-Pt-FG-LT-LP(C)
Dimension of the quotient :41
Degree of the radical :41
Use variable 32 as separating element
Run Groebner learn
Test cyclic optimization
Apply cyclic optimization 
Multi-modular computation (1 threads): G-Q-Pt-FG-LT-LP(C)
5-9-13-17-21-25-29-33-37-41-45-49-53-61-69-77-85-93-105-117-129-141-157-173-193-213-237-261-289-317-349-385-425-469-517-569-625-689-757-833-917-1009-1109-1221-1345-1481-1629-1793-1973-2173-2393-2633-2897-3189-3509-
check-G-Q-Pt-FG-LT-LP(C)
Nb Primes used :3509
┌ Warning: At t=-0.9981322917897476, dt was forced below floating point epsilon -2.986524267208768e-17, and step error estimate = Inf. Aborting. There is either an error in your model specification or the true solution is unstable (or the true solution can not be represented in the precision of Float64).
└ @ SciMLBase ~/.julia/packages/SciMLBase/Pma4a/src/integrator_interface.jl:623
┌ Warning: At t=-0.4939479680883771, dt was forced below floating point epsilon 5.551115123125783e-17, and step error estimate = 1.0108578686465457. Aborting. There is either an error in your model specification or the true solution is unstable (or the true solution can not be represented in the precision of Float64).
└ @ SciMLBase ~/.julia/packages/SciMLBase/Pma4a/src/integrator_interface.jl:623
┌ Warning: At t=-0.6194265190672227, dt was forced below floating point epsilon 1.1102230246251565e-16, and step error estimate = 1.1584415859698323. Aborting. There is either an error in your model specification or the true solution is unstable (or the true solution can not be represented in the precision of Float64).
└ @ SciMLBase ~/.julia/packages/SciMLBase/Pma4a/src/integrator_interface.jl:623
┌ Warning: At t=-0.8437600957778382, dt was forced below floating point epsilon 1.1102230246251565e-16, and step error estimate = 2.154427039537753. Aborting. There is either an error in your model specification or the true solution is unstable (or the true solution can not be represented in the precision of Float64).
└ @ SciMLBase ~/.julia/packages/SciMLBase/Pma4a/src/integrator_interface.jl:623
┌ Warning: At t=-0.3267629164404242, dt was forced below floating point epsilon 5.551115123125783e-17, and step error estimate = 1.0202833376154363. Aborting. There is either an error in your model specification or the true solution is unstable (or the true solution can not be represented in the precision of Float64).
└ @ SciMLBase ~/.julia/packages/SciMLBase/Pma4a/src/integrator_interface.jl:623
┌ Warning: At t=-0.8797271721423073, dt was forced below floating point epsilon 1.1102230246251565e-16, and step error estimate = 1.1287701217605646. Aborting. There is either an error in your model specification or the true solution is unstable (or the true solution can not be represented in the precision of Float64).
└ @ SciMLBase ~/.julia/packages/SciMLBase/Pma4a/src/integrator_interface.jl:623
┌ Warning: At t=-0.5131628062639646, dt was forced below floating point epsilon 1.1102230246251565e-16, and step error estimate = 1.0809377735929493. Aborting. There is either an error in your model specification or the true solution is unstable (or the true solution can not be represented in the precision of Float64).
└ @ SciMLBase ~/.julia/packages/SciMLBase/Pma4a/src/integrator_interface.jl:623
┌ Warning: At t=-0.3788963348506073, dt was forced below floating point epsilon 5.551115123125783e-17, and step error estimate = 2.1922852849365393. Aborting. There is either an error in your model specification or the true solution is unstable (or the true solution can not be represented in the precision of Float64).
└ @ SciMLBase ~/.julia/packages/SciMLBase/Pma4a/src/integrator_interface.jl:623
┌ Warning: At t=-0.478465851063036, dt was forced below floating point epsilon 5.551115123125783e-17, and step error estimate = 1.1109537220595471. Aborting. There is either an error in your model specification or the true solution is unstable (or the true solution can not be represented in the precision of Float64).
└ @ SciMLBase ~/.julia/packages/SciMLBase/Pma4a/src/integrator_interface.jl:623
┌ Warning: Interrupted. Larger maxiters is needed. If you are using an integrator for non-stiff ODEs or an automatic switching algorithm (the default), you may want to consider using a method for stiff equations. See the solver pages for more details (e.g. https://docs.sciml.ai/DiffEqDocs/stable/solvers/ode_solve/#Stiff-Problems).
└ @ SciMLBase ~/.julia/packages/SciMLBase/Pma4a/src/integrator_interface.jl:589
11-element Vector{Vector{Vector{BigFloat}}}:
 [[1.9535408, 1.9535427], [-3453.2695, -3453.2656], [-7.6881561, -7.6881485], [-0.53968525, -0.5396843], [-0.4042697, -0.40426922], [0.10873473, 0.10873485], [-0.66264248, -0.66264153], [-49.009827, -49.009766], [-4.6639786, -4.6639709], [35.444824, 35.444885], [8.0237732, 8.0237885], [3.2011223, 3.2011261], [24.266632, 24.266663], [0.27187395, 0.27187443], [0.85642147, 0.85642242], [-0.0054664612, -0.0054664537], [0.99297047, 0.99297142], [0.27010489, 0.27010536], [-0.78466702, -0.78466606], [0.84434509, 0.84434605], [-0.91812801, -0.91812706], [0.63200665, 0.6320076], [0.0093498379, 0.0093498528], [-0.24062324, -0.240623], [0.25305319, 0.25305367], [0.01772967, 0.0177297], [0.40272379, 0.40272427], [-0.70657539, -0.70657444], [17.34256, 17.34259], [-17.190002, -17.189972], [422.71484, 422.71533], [-421.79785, -421.79736], [-0.26247597, -0.26247549], [-0.054917991, -0.054917932], [0.046002805, 0.046002865], [-0.064951897, -0.064951777], [0.043452859, 0.043452919], [0.15426326, 0.1542635], [-0.040111959, -0.040111899], [0.047749043, 0.047749102], [0.014444068, 0.014444083]]
 [[2.4817886, 2.4817924], [-23744.875, -23744.844], [-7.6881561, -7.6881485], [-0.53968525, -0.5396843], [-0.4042697, -0.40426922], [0.10721052, 0.10721064], [-0.66264248, -0.66264153], [-128.20386, -128.20361], [-56.52655, -56.526489], [50.535095, 50.535156], [11.551056, 11.551071], [3.2011223, 3.2011261], [60.03009, 60.030151], [0.27187395, 0.27187443], [0.85642147, 0.85642242], [-0.0021542273, -0.0021542236], [0.98965836, 0.98965931], [0.27010489, 0.27010536], [-0.78466702, -0.78466606], [0.84434509, 0.84434605], [-0.91812801, -0.91812706], [0.63200665, 0.6320076], [0.004146874, 0.0041468814], [-0.23542023, -0.23541999], [0.2741766, 0.27417707], [-0.0033936501, -0.0033936463], [-0.23311591, -0.23311567], [-0.070735097, -0.070734978], [4.3738251, 4.3738327], [-4.2212448, -4.2212372], [263.01367, 263.01416], [-262.09668, -262.09619], [-0.26247597, -0.26247549], [-0.054917991, -0.054917932], [0.046002805, 0.046002865], [-0.064951897, -0.064951777], [0.043452859, 0.043452919], [0.15426326, 0.1542635], [-0.040111959, -0.040111899], [0.047749043, 0.047749102], [0.014444068, 0.014444083]]
 [[-5.8046494, -5.8046417], [-4.1769714, -4.1769638], [-7.6881561, -7.6881485], [-0.53968525, -0.5396843], [-0.4042697, -0.40426922], [-11.225388, -11.225372], [-0.66264248, -0.66264153], [2.3460426, 2.3460464], [2.6673622, 2.667366], [-88.949707, -88.949585], [-23.563049, -23.563019], [3.2011223, 3.2011261], [4.988884, 4.9888916], [0.27187395, 0.27187443], [0.85642147, 0.85642242], [1.7459221, 1.745924], [-0.75841999, -0.75841904], [0.27010489, 0.27010536], [-0.78466702, -0.78466606], [0.84434509, 0.84434605], [-0.91812801, -0.91812706], [0.63200665, 0.6320076], [-0.42794895, -0.42794847], [0.19667506, 0.1966753], [0.072767019, 0.072767138], [0.19801593, 0.19801617], [1.804718, 1.8047199], [-2.1085739, -2.1085701], [-9.5866699, -9.5866547], [9.7392426, 9.7392578], [61.5, 61.500061], [-60.582458, -60.582397], [-0.26247597, -0.26247549], [-0.054917991, -0.054917932], [0.046002805, 0.046002865], [-0.064951897, -0.064951777], [0.043452859, 0.043452919], [0.15426326, 0.1542635], [-0.040111959, -0.040111899], [0.047749043, 0.047749102], [0.014444068, 0.014444083]]
 [[-59.761353, -59.761292], [-1566.459, -1566.457], [-7.6881561, -7.6881485], [-0.53968525, -0.5396843], [-0.4042697, -0.40426922], [0.049310148, 0.049310207], [-0.66264248, -0.66264153], [40.126282, 40.126343], [594.4209, 594.42188], [-863.95312, -863.95215], [-190.2395, -190.23926], [3.2011223, 3.2011261], [-11.757874, -11.757858], [0.27187395, 0.27187443], [0.85642147, 0.85642242], [0.013813064, 0.013813078], [0.97369099, 0.97369194], [0.27010489, 0.27010536], [-0.78466702, -0.78466606], [0.84434509, 0.84434605], [-0.91812801, -0.91812706], [0.63200665, 0.6320076], [-0.020848274, -0.020848244], [-0.21042514, -0.2104249], [0.25550652, 0.25550699], [0.015276372, 0.015276387], [-0.19221687, -0.19221663], [-0.11163414, -0.11163402], [-1.1694679, -1.169466], [1.3220558, 1.3220577], [13.685226, 13.685242], [-12.76767, -12.767654], [-0.26247597, -0.26247549], [-0.054917991, -0.054917932], [0.046002805, 0.046002865], [-0.064951897, -0.064951777], [0.043452859, 0.043452919], [0.15426326, 0.1542635], [-0.040111959, -0.040111899], [0.047749043, 0.047749102], [0.014444068, 0.014444083]]
 [[1.142292, 1.1422939], [0.75507927, 0.75508022], [-7.6881561, -7.6881485], [-0.53968525, -0.5396843], [-0.4042697, -0.40426922], [5.0132446, 5.0132523], [-0.66264248, -0.66264153], [0.048266292, 0.048266351], [-1.7910557, -1.7910538], [0.3803153, 0.38031578], [1.7759209, 1.7759228], [3.2011223, 3.2011261], [-1.3460464, -1.3460445], [0.27187395, 0.27187443], [0.85642147, 0.85642242], [1.3974857, 1.3974876], [-0.40998268, -0.4099822], [0.27010489, 0.27010536], [-0.78466702, -0.78466606], [0.84434509, 0.84434605], [-0.91812801, -0.91812706], [0.63200665, 0.6320076], [-0.40553665, -0.40553617], [0.174263, 0.17426324], [-0.3277545, -0.32775402], [0.59853649, 0.59853745], [0.83745384, 0.8374548], [-1.1413059, -1.141304], [2.8147087, 2.8147125], [-2.6621208, -2.662117], [9.5571289, 9.5571442], [-8.6395721, -8.6395569], [-0.26247597, -0.26247549], [-0.054917991, -0.054917932], [0.046002805, 0.046002865], [-0.064951897, -0.064951777], [0.043452859, 0.043452919], [0.15426326, 0.1542635], [-0.040111959, -0.040111899], [0.047749043, 0.047749102], [0.014444068, 0.014444083]]
 [[-11.823303, -11.823288], [-3.3045914e+09, -3.3045873e+09], [-7.6881561, -7.6881485], [-0.53968525, -0.5396843], [-0.4042697, -0.40426922], [0.20698452, 0.20698476], [-0.66264248, -0.66264153], [-35133.5, -35133.438], [-2.090314e+06, -2.090312e+06], [198.65381, 198.65405], [61.833252, 61.833313], [3.2011223, 3.2011261], [26779.406, 26779.438], [0.27187395, 0.27187443], [0.85642147, 0.85642242], [-1.0038748e-06, -1.003873e-06], [0.98750496, 0.98750687], [0.27010489, 0.27010536], [-0.78466702, -0.78466606], [0.84434509, 0.84434605], [-0.91812801, -0.91812706], [0.63200665, 0.6320076], [8.3243212e-06, 8.3243358e-06], [-0.23128176, -0.23128152], [0.27079248, 0.27079296], [-9.2535483e-06, -9.2535338e-06], [-0.30385447, -0.30385399], [3.3468896e-06, 3.3468932e-06], [6.9381436e-05, 6.9381553e-05], [0.15252066, 0.1525209], [1.8264275, 1.8264294], [-0.90886211, -0.90886116], [-0.26247597, -0.26247549], [-0.054917991, -0.054917932], [0.046002805, 0.046002865], [-0.064951897, -0.064951777], [0.043452859, 0.043452919], [0.15426326, 0.1542635], [-0.040111959, -0.040111899], [0.047749043, 0.047749102], [0.014444068, 0.014444083]]
 [[3.0793457, 3.0793495], [-54.938965, -54.938904], [-7.6881561, -7.6881485], [-0.53968525, -0.5396843], [-0.4042697, -0.40426922], [0.5582819, 0.55828285], [-0.66264248, -0.66264153], [0.96516514, 0.96516609], [-190.35767, -190.35742], [-52.990051, -52.98999], [-29.997803, -29.997772], [3.2011223, 3.2011261], [-5.5072708, -5.5072632], [0.27187395, 0.27187443], [0.85642147, 0.85642242], [-0.069323301, -0.069323182], [1.0568275, 1.0568295], [0.27010489, 0.27010536], [-0.78466702, -0.78466606], [0.84434509, 0.84434605], [-0.91812801, -0.91812706], [0.63200665, 0.6320076], [-0.023046464, -0.023046434], [-0.20822692, -0.20822668], [0.24317217, 0.24317241], [0.027610838, 0.027610868], [-0.28781939, -0.28781891], [-0.016031504, -0.016031474], [-0.096384048, -0.096383929], [0.24897408, 0.24897432], [0.39181471, 0.39181519], [0.52575016, 0.52575111], [-0.26247597, -0.26247549], [-0.054917991, -0.054917932], [0.046002805, 0.046002865], [-0.064951897, -0.064951777], [0.043452859, 0.043452919], [0.15426326, 0.1542635], [-0.040111959, -0.040111899], [0.047749043, 0.047749102], [0.014444068, 0.014444083]]
 [[2.654171, 2.6541748], [-10.287033, -10.287018], [-7.6881561, -7.6881485], [-0.53968525, -0.5396843], [-0.4042697, -0.40426922], [0.11769176, 0.11769187], [-0.66264248, -0.66264153], [5.2285843, 5.2285919], [-6.308754, -6.3087463], [-9.5777588, -9.5777435], [-1.8628922, -1.8628902], [3.2011223, 3.2011261], [0.43914652, 0.439147], [0.27187395, 0.27187443], [0.85642147, 0.85642242], [0.45154667, 0.45154715], [0.53595734, 0.53595829], [0.27010489, 0.27010536], [-0.78466702, -0.78466606], [0.84434509, 0.84434605], [-0.91812801, -0.91812706], [0.63200665, 0.6320076], [-0.36649132, -0.36649084], [0.13521743, 0.13521767], [-0.17685747, -0.17685723], [0.44764042, 0.4476409], [0.21739435, 0.21739459], [-0.52124596, -0.521245], [0.40707874, 0.40707922], [-0.25448895, -0.25448847], [0.20871854, 0.20871878], [0.70884705, 0.708848], [-0.26247597, -0.26247549], [-0.054917991, -0.054917932], [0.046002805, 0.046002865], [-0.064951897, -0.064951777], [0.043452859, 0.043452919], [0.15426326, 0.1542635], [-0.040111959, -0.040111899], [0.047749043, 0.047749102], [0.014444068, 0.014444083]]
 [[0.37747622, 0.37747669], [-24.266357, -24.266296], [-7.6881561, -7.6881485], [-0.53968525, -0.5396843], [-0.4042697, -0.40426922], [0.049789608, 0.049789667], [-0.66264248, -0.66264153], [4.9730225, 4.9730301], [-5.1410828, -5.1410751], [-13.891937, -13.891922], [-3.190094, -3.1900902], [3.2011223, 3.2011261], [-0.37208605, -0.37208557], [0.27187395, 0.27187443], [0.85642147, 0.85642242], [0.14334774, 0.14334798], [0.84415627, 0.84415722], [0.27010489, 0.27010536], [-0.78466702, -0.78466606], [0.84434509, 0.84434605], [-0.91812801, -0.91812706], [0.63200665, 0.6320076], [-0.1359055, -0.13590527], [-0.095368028, -0.095367908], [0.055316746, 0.055316806], [0.21546626, 0.2154665], [-0.082926273, -0.082926154], [-0.22092462, -0.22092438], [0.06625843, 0.06625855], [0.086331725, 0.086331844], [-0.028952301, -0.028952271], [0.94651794, 0.9465189], [-0.26247597, -0.26247549], [-0.054917991, -0.054917932], [0.046002805, 0.046002865], [-0.064951897, -0.064951777], [0.043452859, 0.043452919], [0.15426326, 0.1542635], [-0.040111959, -0.040111899], [0.047749043, 0.047749102], [0.014444068, 0.014444083]]
 [[-2.3623314, -2.3623276], [-3.6548729, -3.6548691], [-7.6881561, -7.6881485], [-0.53968525, -0.5396843], [-0.4042697, -0.40426922], [-9.8201752, -9.8201599], [-0.66264248, -0.66264153], [1.9715405, 1.9715424], [-1.0888863, -1.0888844], [-58.080444, -58.080383], [-11.70726, -11.707245], [3.2011223, 3.2011261], [4.0211411, 4.0211487], [0.27187395, 0.27187443], [0.85642147, 0.85642242], [1.6612473, 1.6612492], [-0.6737442, -0.67374325], [0.27010489, 0.27010536], [-0.78466702, -0.78466606], [0.84434509, 0.84434605], [-0.91812897, -0.91812706], [0.63200665, 0.6320076], [-0.29511929, -0.29511881], [0.063845634, 0.063845754], [-0.55974102, -0.55974007], [0.83052349, 0.83052444], [-2.157093, -2.1570892], [1.8532391, 1.853241], [13.883423, 13.883438], [-13.73085, -13.730835], [-79.011841, -79.011719], [79.929321, 79.929443], [-0.26247597, -0.26247549], [-0.054917991, -0.054917932], [0.046002805, 0.046002865], [-0.064951897, -0.064951777], [0.043452799, 0.043452919], [0.15426326, 0.1542635], [-0.040111959, -0.040111899], [0.047748983, 0.047749102], [0.014444068, 0.014444083]]
 [[357.10498, 357.10547], [0.91920757, 0.91920853], [-7.6881561, -7.6881485], [-0.53968525, -0.5396843], [-0.4042697, -0.40426922], [5.209976e+06, 5.209984e+06], [-0.66264248, -0.66264153], [5.53668e+06, 5.536688e+06], [5.8923964e-05, 5.8924023e-05], [38.780762, 38.780823], [-325.22461, -325.22412], [3.2011223, 3.2011261], [-5.209976e+06, -5.209968e+06], [0.27187395, 0.27187443], [0.85642147, 0.85642242], [509382.0, 509382.5], [-509381.5, -509381.0], [0.27010489, 0.27010536], [-0.78466702, -0.78466606], [0.84434509, 0.84434605], [-0.91812801, -0.91812706], [0.63200665, 0.6320076], [4.7264e+06, 4.726408e+06], [-4.726408e+06, -4.7264e+06], [5.087808e+06, 5.087816e+06], [-5.087816e+06, -5.087808e+06], [-5.590576e+06, -5.590568e+06], [5.590568e+06, 5.590576e+06], [-6.17588e+06, -6.175872e+06], [6.175872e+06, 6.17588e+06], [-5.868672e+06, -5.868664e+06], [5.868664e+06, 5.868672e+06], [-0.26247597, -0.26247549], [-0.054917991, -0.054917932], [0.046002805, 0.046002865], [-0.064951897, -0.064951777], [0.043452859, 0.043452919], [0.15426326, 0.1542635], [-0.040111959, -0.040111899], [0.047749043, 0.047749102], [0.014444068, 0.014444083]]


