LinearAlgebra.PosDefException(2)
LinearAlgebra.PosDefException(2)
LinearAlgebra.PosDefException(2)
LinearAlgebra.PosDefException(3)
LinearAlgebra.PosDefException(3)
LinearAlgebra.PosDefException(7)
LinearAlgebra.PosDefException(87)
LinearAlgebra.PosDefException(3)
LinearAlgebra.PosDefException(2)
LinearAlgebra.PosDefException(2)
LinearAlgebra.PosDefException(3)
LinearAlgebra.PosDefException(4)
LinearAlgebra.PosDefException(4)
LinearAlgebra.PosDefException(22)
LinearAlgebra.PosDefException(3)
LinearAlgebra.PosDefException(3)
LinearAlgebra.PosDefException(2)
LinearAlgebra.PosDefException(3)
LinearAlgebra.PosDefException(5)
LinearAlgebra.PosDefException(5)
LinearAlgebra.PosDefException(13)
LinearAlgebra.PosDefException(2)
LinearAlgebra.PosDefException(6)
LinearAlgebra.PosDefException(2)
LinearAlgebra.PosDefException(2)
LinearAlgebra.PosDefException(3)
LinearAlgebra.PosDefException(6)
LinearAlgebra.PosDefException(6)
LinearAlgebra.PosDefException(2)
LinearAlgebra.PosDefException(3)
LinearAlgebra.PosDefException(3)
LinearAlgebra.PosDefException(2)
LinearAlgebra.PosDefException(3)
LinearAlgebra.PosDefException(5)
LinearAlgebra.PosDefException(6)
LinearAlgebra.PosDefException(3)
LinearAlgebra.PosDefException(2)
LinearAlgebra.PosDefException(2)
LinearAlgebra.PosDefException(4)
LinearAlgebra.PosDefException(6)
LinearAlgebra.PosDefException(77)
LinearAlgebra.PosDefException(2)
LinearAlgebra.PosDefException(6)
LinearAlgebra.PosDefException(3)
LinearAlgebra.PosDefException(5)
LinearAlgebra.PosDefException(3)
LinearAlgebra.PosDefException(4)
LinearAlgebra.PosDefException(90)
LinearAlgebra.PosDefException(5)
LinearAlgebra.PosDefException(9)
LinearAlgebra.PosDefException(143)
LinearAlgebra.PosDefException(5)
LinearAlgebra.PosDefException(2)
LinearAlgebra.PosDefException(2)
LinearAlgebra.PosDefException(2)
LinearAlgebra.PosDefException(3)
LinearAlgebra.PosDefException(4)
LinearAlgebra.PosDefException(7)
LinearAlgebra.PosDefException(48)
LinearAlgebra.PosDefException(3)
LinearAlgebra.PosDefException(2)
LinearAlgebra.PosDefException(2)
LinearAlgebra.PosDefException(3)
LinearAlgebra.PosDefException(3)
LinearAlgebra.PosDefException(7)
LinearAlgebra.PosDefException(4)
LinearAlgebra.PosDefException(5)
LinearAlgebra.PosDefException(415)
LinearAlgebra.PosDefException(367)
LinearAlgebra.PosDefException(2)
LinearAlgebra.PosDefException(2)
LinearAlgebra.PosDefException(3)
LinearAlgebra.PosDefException(5)
LinearAlgebra.PosDefException(3)
LinearAlgebra.PosDefException(7)
LinearAlgebra.PosDefException(85)
LinearAlgebra.PosDefException(7)
LinearAlgebra.PosDefException(5)
LinearAlgebra.PosDefException(66)
LinearAlgebra.PosDefException(3)
LinearAlgebra.PosDefException(3)
LinearAlgebra.PosDefException(5)
DEBUG [determine_optimal_points_count]: Large num points: 1
DEBUG [determine_optimal_points_count]: Good num points: 1
DEBUG [multipoint_parameter_estimation]: Parameter estimation using this many points: 1

DEBUG [pick_points]: Starting point selection...
DEBUG [pick_points]: Number of points to pick: 1
DEBUG [pick_points]: Total points available: 1001
DEBUG [pick_points]: Number of interpolants: 4

DEBUG [pick_points]: Computing interestingness scores...
DEBUG [pick_points]: Processed 100 points
DEBUG [pick_points]: Processed 200 points
DEBUG [pick_points]: Processed 300 points
DEBUG [pick_points]: Processed 400 points
DEBUG [pick_points]: Processed 500 points
DEBUG [pick_points]: Processed 600 points
DEBUG [pick_points]: Processed 700 points
DEBUG [pick_points]: Processed 800 points
DEBUG [pick_points]: Processed 900 points
DEBUG [pick_points]: Processed 1000 points

DEBUG [pick_points]: Score statistics:
DEBUG [pick_points]: Min score: 0.27263183764125687
DEBUG [pick_points]: Max score: 2.0714489594230194
DEBUG [pick_points]: Mean score: 0.7842768880890297
DEBUG [pick_points]: Normalized scores

DEBUG [pick_points]: Selected 1 points
DEBUG [pick_points]: Selected time points: [-0.998]
aa_system
Any[_t2_p_t_ - 1278978051049049//2251799813685248, _t2_e_t_ - 1430406195018811//2251799813685248, _t2_eˍt_t_ + 868964777587715//2251799813685248, _t2_eˍtt_t_ + 4689022267654789//72057594037927936, _t2_eˍttt_t_ - 5707101146905155//4503599627370496, _t2_eˍtttt_t_ + 3900699713317439//1125899906842624, _t2_s_t_ + _t2_m_t_ - 4740404750518831//4503599627370496, _t2_sˍt_t_ + _t2_mˍt_t_ + 7508780884375367//36028797018963968, _t2_mˍtt_t_ + _t2_sˍtt_t_ - 6480198298624311//18014398509481984, _t2_mˍttt_t_ + _t2_sˍttt_t_ + 8476772944333805//18014398509481984, _t2_sˍtttt_t_ + _t2_mˍtttt_t_ - 1875105374044193//9007199254740992, _t2_mˍttttt_t_ + _t2_sˍttttt_t_ - 4365558965943973//2251799813685248, _t2_n_t_ - 3794227319060071//4503599627370496, _t2_nˍt_t_ + 6653621905063805//9007199254740992, _t2_nˍtt_t_ - 8857907049295577//9007199254740992, _t2_nˍttt_t_ + 922601952140069//562949953421312, _t2_nˍtttt_t_ - 8785645449914331//4503599627370496, _t2_nˍttttt_t_ - 1278143966100787//281474976710656, -_tprhoE_*_t2_e_t_*_t2_p_t_ + _tpdeltaEL_*_t2_e_t_ + _tpmuEE_*_t2_e_t_^2 - _tpdeltaNE_*_t2_n_t_*_t2_p_t_ + _t2_eˍt_t_, -_tprhoE_*_t2_e_t_*_t2_pˍt_t_ - _tprhoE_*_t2_p_t_*_t2_eˍt_t_ + _tpdeltaEL_*_t2_eˍt_t_ + 2*_tpmuEE_*_t2_e_t_*_t2_eˍt_t_ - _tpdeltaNE_*_t2_n_t_*_t2_pˍt_t_ - _tpdeltaNE_*_t2_p_t_*_t2_nˍt_t_ + _t2_eˍtt_t_, -_tprhoE_*_t2_e_t_*_t2_pˍtt_t_ - _tprhoE_*_t2_p_t_*_t2_eˍtt_t_ - 2*_tprhoE_*_t2_eˍt_t_*_t2_pˍt_t_ + _tpdeltaEL_*_t2_eˍtt_t_ + 2*_tpmuEE_*_t2_e_t_*_t2_eˍtt_t_ + 2*_tpmuEE_*_t2_eˍt_t_^2 - _tpdeltaNE_*_t2_n_t_*_t2_pˍtt_t_ - _tpdeltaNE_*_t2_p_t_*_t2_nˍtt_t_ - 2*_tpdeltaNE_*_t2_nˍt_t_*_t2_pˍt_t_ + _t2_eˍttt_t_, -_tprhoE_*_t2_e_t_*_t2_pˍttt_t_ - _tprhoE_*_t2_p_t_*_t2_eˍttt_t_ - 3*_tprhoE_*_t2_eˍt_t_*_t2_pˍtt_t_ - 3*_tprhoE_*_t2_eˍtt_t_*_t2_pˍt_t_ + _tpdeltaEL_*_t2_eˍttt_t_ + 2*_tpmuEE_*_t2_e_t_*_t2_eˍttt_t_ + 6*_tpmuEE_*_t2_eˍt_t_*_t2_eˍtt_t_ - _tpdeltaNE_*_t2_n_t_*_t2_pˍttt_t_ - _tpdeltaNE_*_t2_p_t_*_t2_nˍttt_t_ - 3*_tpdeltaNE_*_t2_nˍt_t_*_t2_pˍtt_t_ - 3*_tpdeltaNE_*_t2_nˍtt_t_*_t2_pˍt_t_ + _t2_eˍtttt_t_, _tpmuLL_*_t2_s_t_^2 - _tpdeltaEL_*_t2_s_t_ + _tpmuLE_*_t2_e_t_*_t2_s_t_ + _tpdeltaLM_*_t2_s_t_ + _t2_sˍt_t_, _tpmuM_*_t2_m_t_ - _tpdeltaLM_*_t2_s_t_ + _t2_mˍt_t_, _tpmuM_*_t2_mˍt_t_ - _tpdeltaLM_*_t2_sˍt_t_ + _t2_mˍtt_t_, 2*_tpmuLL_*_t2_s_t_*_t2_sˍt_t_ - _tpdeltaEL_*_t2_sˍt_t_ + _tpmuLE_*_t2_e_t_*_t2_sˍt_t_ + _tpmuLE_*_t2_s_t_*_t2_eˍt_t_ + _tpdeltaLM_*_t2_sˍt_t_ + _t2_sˍtt_t_, _tpmuM_*_t2_mˍtt_t_ - _tpdeltaLM_*_t2_sˍtt_t_ + _t2_mˍttt_t_, 2*_tpmuLL_*_t2_s_t_*_t2_sˍtt_t_ + 2*_tpmuLL_*_t2_sˍt_t_^2 - _tpdeltaEL_*_t2_sˍtt_t_ + _tpmuLE_*_t2_e_t_*_t2_sˍtt_t_ + _tpmuLE_*_t2_s_t_*_t2_eˍtt_t_ + 2*_tpmuLE_*_t2_eˍt_t_*_t2_sˍt_t_ + _tpdeltaLM_*_t2_sˍtt_t_ + _t2_sˍttt_t_, 2*_tpmuLL_*_t2_s_t_*_t2_sˍttt_t_ + 6*_tpmuLL_*_t2_sˍt_t_*_t2_sˍtt_t_ - _tpdeltaEL_*_t2_sˍttt_t_ + _tpmuLE_*_t2_e_t_*_t2_sˍttt_t_ + _tpmuLE_*_t2_s_t_*_t2_eˍttt_t_ + 3*_tpmuLE_*_t2_eˍt_t_*_t2_sˍtt_t_ + 3*_tpmuLE_*_t2_eˍtt_t_*_t2_sˍt_t_ + _tpdeltaLM_*_t2_sˍttt_t_ + _t2_sˍtttt_t_, _tpmuM_*_t2_mˍttt_t_ - _tpdeltaLM_*_t2_sˍttt_t_ + _t2_mˍtttt_t_, _tpmuM_*_t2_mˍtttt_t_ - _tpdeltaLM_*_t2_sˍtttt_t_ + _t2_mˍttttt_t_, 2*_tpmuLL_*_t2_s_t_*_t2_sˍtttt_t_ + 8*_tpmuLL_*_t2_sˍt_t_*_t2_sˍttt_t_ + 6*_tpmuLL_*_t2_sˍtt_t_^2 - _tpdeltaEL_*_t2_sˍtttt_t_ + _tpmuLE_*_t2_e_t_*_t2_sˍtttt_t_ + _tpmuLE_*_t2_s_t_*_t2_eˍtttt_t_ + 4*_tpmuLE_*_t2_eˍt_t_*_t2_sˍttt_t_ + 6*_tpmuLE_*_t2_eˍtt_t_*_t2_sˍtt_t_ + 4*_tpmuLE_*_t2_eˍttt_t_*_t2_sˍt_t_ + _tpdeltaLM_*_t2_sˍtttt_t_ + _t2_sˍttttt_t_, _tpmuN_*_t2_n_t_ + _tpdeltaNE_*_t2_n_t_*_t2_p_t_ + _t2_nˍt_t_, _tpmuN_*_t2_nˍt_t_ + _tpdeltaNE_*_t2_n_t_*_t2_pˍt_t_ + _tpdeltaNE_*_t2_p_t_*_t2_nˍt_t_ + _t2_nˍtt_t_, _tpmuN_*_t2_nˍtt_t_ + _tpdeltaNE_*_t2_n_t_*_t2_pˍtt_t_ + _tpdeltaNE_*_t2_p_t_*_t2_nˍtt_t_ + 2*_tpdeltaNE_*_t2_nˍt_t_*_t2_pˍt_t_ + _t2_nˍttt_t_, _tpmuN_*_t2_nˍttt_t_ + _tpdeltaNE_*_t2_n_t_*_t2_pˍttt_t_ + _tpdeltaNE_*_t2_p_t_*_t2_nˍttt_t_ + 3*_tpdeltaNE_*_t2_nˍt_t_*_t2_pˍtt_t_ + 3*_tpdeltaNE_*_t2_nˍtt_t_*_t2_pˍt_t_ + _t2_nˍtttt_t_, _tpmuN_*_t2_nˍtttt_t_ + _tpdeltaNE_*_t2_n_t_*_t2_pˍtttt_t_ + _tpdeltaNE_*_t2_p_t_*_t2_nˍtttt_t_ + 4*_tpdeltaNE_*_t2_nˍt_t_*_t2_pˍttt_t_ + 6*_tpdeltaNE_*_t2_nˍtt_t_*_t2_pˍtt_t_ + 4*_tpdeltaNE_*_t2_nˍttt_t_*_t2_pˍt_t_ + _t2_nˍttttt_t_, _tpmuPE_*_t2_e_t_*_t2_p_t_ + _tpmuPL_*_t2_s_t_*_t2_p_t_ - _tprhoP_*_t2_p_t_^2 + _tpmuP_*_t2_p_t_ + _t2_pˍt_t_, _tpmuPE_*_t2_e_t_*_t2_pˍt_t_ + _tpmuPE_*_t2_p_t_*_t2_eˍt_t_ + _tpmuPL_*_t2_s_t_*_t2_pˍt_t_ + _tpmuPL_*_t2_p_t_*_t2_sˍt_t_ - 2*_tprhoP_*_t2_p_t_*_t2_pˍt_t_ + _tpmuP_*_t2_pˍt_t_ + _t2_pˍtt_t_, _tpmuPE_*_t2_e_t_*_t2_pˍtt_t_ + _tpmuPE_*_t2_p_t_*_t2_eˍtt_t_ + 2*_tpmuPE_*_t2_eˍt_t_*_t2_pˍt_t_ + _tpmuPL_*_t2_s_t_*_t2_pˍtt_t_ + _tpmuPL_*_t2_p_t_*_t2_sˍtt_t_ + 2*_tpmuPL_*_t2_sˍt_t_*_t2_pˍt_t_ - 2*_tprhoP_*_t2_p_t_*_t2_pˍtt_t_ - 2*_tprhoP_*_t2_pˍt_t_^2 + _tpmuP_*_t2_pˍtt_t_ + _t2_pˍttt_t_, _tpmuPE_*_t2_e_t_*_t2_pˍttt_t_ + _tpmuPE_*_t2_p_t_*_t2_eˍttt_t_ + 3*_tpmuPE_*_t2_eˍt_t_*_t2_pˍtt_t_ + 3*_tpmuPE_*_t2_eˍtt_t_*_t2_pˍt_t_ + _tpmuPL_*_t2_s_t_*_t2_pˍttt_t_ + _tpmuPL_*_t2_p_t_*_t2_sˍttt_t_ + 3*_tpmuPL_*_t2_sˍt_t_*_t2_pˍtt_t_ + 3*_tpmuPL_*_t2_sˍtt_t_*_t2_pˍt_t_ - 2*_tprhoP_*_t2_p_t_*_t2_pˍttt_t_ - 6*_tprhoP_*_t2_pˍt_t_*_t2_pˍtt_t_ + _tpmuP_*_t2_pˍttt_t_ + _t2_pˍtttt_t_]
R
Multivariate polynomial ring in 41 variables over rationals
primes of bitsize 28
G-Q-Pt-FG-LT-LP(U)
G-Q-Pt-FG-LT-LP(U)
G-Q-Pt-FG-LT-LP(U)
G-Q-Pt-FG-LT-LP(U)
G-Q-Pt-FG-LT-LP(U)
G-Q-Pt-FG-LT-LP(U)
G-Q-Pt-FG-LT-LP(U)
G-Q-Pt-FG-LT-LP(U)
G-Q-Pt-FG-LT-LP(U)
G-Q-Pt-FG-LT-LP(C)
Dimension of the quotient :41
Degree of the radical :41
Use variable 32 as separating element
Run Groebner learn
Test cyclic optimization
Apply cyclic optimization 
Multi-modular computation (1 threads): G-Q-Pt-FG-LT-LP(C)
5-9-13-17-21-25-29-33-37-41-45-49-53-61-69-77-85-93-105-117-129-141-157-173-193-213-237-261-289-317-349-385-425-469-517-569-625-689-757-833-917-1009-1109-1221-1345-1481-1629-1793-1973-2173-2393-2633-2897-3189-3509-
check-G-Q-Pt-FG-LT-LP(C)
Nb Primes used :3509
┌ Warning: At t=-0.7033189907408831, dt was forced below floating point epsilon 1.1102230246251565e-16, and step error estimate = 1.0203622642012335. Aborting. There is either an error in your model specification or the true solution is unstable (or the true solution can not be represented in the precision of Float64).
└ @ SciMLBase ~/.julia/packages/SciMLBase/Pma4a/src/integrator_interface.jl:623
┌ Warning: At t=-0.585494731343768, dt was forced below floating point epsilon 1.1102230246251565e-16, and step error estimate = 1.0885672141881986. Aborting. There is either an error in your model specification or the true solution is unstable (or the true solution can not be represented in the precision of Float64).
└ @ SciMLBase ~/.julia/packages/SciMLBase/Pma4a/src/integrator_interface.jl:623
┌ Warning: At t=-0.6418445714327738, dt was forced below floating point epsilon 1.1102230246251565e-16, and step error estimate = 1.0319240510146517. Aborting. There is either an error in your model specification or the true solution is unstable (or the true solution can not be represented in the precision of Float64).
└ @ SciMLBase ~/.julia/packages/SciMLBase/Pma4a/src/integrator_interface.jl:623
11-element Vector{Vector{Vector{BigFloat}}}:
 [[17.001831, 17.001862], [-0.11458969, -0.11458945], [0.52170849, 0.52170944], [0.68874073, 0.68874168], [1.2520981, 1.2521], [3.5576935, 3.5576973], [0.43927193, 0.4392724], [8.8960571, 8.8960724], [-0.13075995, -0.13075972], [12.371429, 12.371445], [-3.1427689, -3.142765], [0.7703371, 0.77033806], [-6.9247971, -6.9247894], [0.84248734, 0.84248829], [0.6352272, 0.63522816], [-2.1430283, -2.1430244], [3.1956062, 3.19561], [0.56797981, 0.56798077], [-0.38589811, -0.38589764], [-0.065073371, -0.065073252], [1.267231, 1.2672329], [-3.4645195, -3.4645157], [-3.6794281, -3.6794243], [3.4710159, 3.4710197], [13.130447, 13.130463], [-12.770737, -12.770721], [41.720459, 41.72052], [-42.19104, -42.190979], [-143.52734, -143.5271], [143.73535, 143.7356], [482.5293, 482.52979], [-480.59082, -480.59033], [-9.4377289, -9.4377136], [-0.73870087, -0.73869991], [0.98342514, 0.98342609], [-1.6388721, -1.6388702], [1.9508038, 1.9508057], [4.5408783, 4.5408859], [-0.5172987, -0.51729774], [0.28945923, 0.28945971], [1.7811813, 1.7811832]]
 [[17.60318, 17.60321], [-0.11038804, -0.11038792], [0.52170849, 0.52170944], [0.68874073, 0.68874168], [1.2520981, 1.2521], [0.59603596, 0.59603691], [0.43927193, 0.4392724], [3.0240784, 3.0240822], [-0.56020069, -0.56019974], [12.435974, 12.435989], [-3.5421944, -3.5421906], [0.7703371, 0.77033806], [-3.3316116, -3.3316078], [0.84248734, 0.84248829], [0.6352272, 0.63522816], [-0.59675217, -0.59675121], [1.649332, 1.649334], [0.56797981, 0.56798077], [-0.38589811, -0.38589764], [-0.065073371, -0.065073252], [1.267231, 1.2672329], [-3.4645195, -3.4645157], [-1.2134953, -1.2134933], [1.0050831, 1.005085], [3.443821, 3.4438248], [-3.0841026, -3.0840988], [8.2223816, 8.2223969], [-8.6929474, -8.6929321], [-23.852478, -23.852448], [24.060638, 24.060669], [65.126099, 65.126221], [-63.1875, -63.187439], [-9.4377289, -9.4377136], [-0.73870087, -0.73869991], [0.98342514, 0.98342609], [-1.6388721, -1.6388702], [1.9508038, 1.9508057], [4.5408783, 4.5408859], [-0.5172987, -0.51729774], [0.28945923, 0.28945971], [1.7811813, 1.7811832]]
 [[26.094116, 26.094147], [2.8509636, 2.8509674], [0.52170849, 0.52170944], [0.68874073, 0.68874168], [1.2520981, 1.2521], [-5.0736771, -5.0736694], [0.43927193, 0.4392724], [5.8751297, 5.8751373], [12.192841, 12.192856], [1.0796623, 1.0796642], [26.608032, 26.608063], [0.7703371, 0.77033806], [6.9336777, 6.9336853], [0.84248734, 0.84248829], [0.6352272, 0.63522816], [-3.4167404, -3.4167366], [4.4693146, 4.4693222], [0.56797981, 0.56798077], [-0.38589811, -0.38589764], [-0.065073371, -0.065073252], [1.267231, 1.2672329], [-3.4645195, -3.4645157], [0.80629444, 0.80629539], [-1.0147057, -1.0147038], [0.44230795, 0.44230843], [-0.082585096, -0.082584977], [1.6715088, 1.6715107], [-2.142067, -2.1420631], [6.5798721, 6.5798798], [-6.3717041, -6.3716965], [13.294846, 13.294861], [-11.356155, -11.35614], [-9.4377289, -9.4377136], [-0.73870087, -0.73869991], [0.98342514, 0.98342609], [-1.6388721, -1.6388702], [1.9508038, 1.9508057], [4.5408783, 4.5408859], [-0.5172987, -0.51729774], [0.28945923, 0.28945971], [1.7811813, 1.7811832]]
 [[5.6721039, 5.6721115], [1.1152515, 1.1152534], [0.52170849, 0.52170944], [0.68874073, 0.68874168], [1.2520981, 1.2521], [4.8169479, 4.8169556], [0.43927193, 0.4392724], [0.22690821, 0.22690845], [-3.1434898, -3.143486], [3.1332703, 3.1332741], [2.8994331, 2.899437], [0.7703371, 0.77033806], [-0.57495403, -0.57495308], [0.84248734, 0.84248829], [0.6352272, 0.63522816], [1.2126999, 1.2127018], [-0.16011977, -0.16011953], [0.56797981, 0.56798077], [-0.38589811, -0.38589764], [-0.065073371, -0.065073252], [1.267231, 1.2672329], [-3.4645195, -3.4645157], [-0.28245258, -0.28245211], [0.074041963, 0.074042082], [-0.19425988, -0.19425964], [0.55398273, 0.55398369], [0.61722565, 0.6172266], [-1.0877819, -1.08778], [2.5559006, 2.5559044], [-2.3477287, -2.3477249], [9.8393555, 9.8393707], [-7.9006653, -7.9006577], [-9.4377289, -9.4377136], [-0.73870087, -0.73869991], [0.98342514, 0.98342609], [-1.6388721, -1.6388702], [1.9508038, 1.9508057], [4.5408783, 4.5408859], [-0.5172987, -0.51729774], [0.28945923, 0.28945971], [1.7811813, 1.7811832]]
 [[2.8697319, 2.8697357], [-12.552658, -12.552643], [0.52170849, 0.52170944], [0.68874073, 0.68874168], [1.2520981, 1.2521], [1.698349, 1.6983509], [0.43927193, 0.4392724], [0.29799461, 0.29799509], [102.41699, 102.41711], [4.0078354, 4.007843], [47.747131, 47.747192], [0.7703371, 0.77033806], [-5.1993637, -5.1993561], [0.84248734, 0.84248829], [0.6352272, 0.63522816], [-0.45288324, -0.45288277], [1.5054626, 1.5054646], [0.56797981, 0.56798077], [-0.38589811, -0.38589764], [-0.065073371, -0.065073252], [1.267231, 1.2672329], [-3.4645195, -3.4645157], [-0.0063071176, -0.0063071102], [-0.20210361, -0.20210338], [0.37603521, 0.37603569], [-0.016312212, -0.016312182], [-0.55382729, -0.55382633], [0.083271623, 0.083271742], [-0.29945469, -0.29945421], [0.50763226, 0.50763321], [0.6948328, 0.69483376], [1.2438641, 1.243866], [-9.4377289, -9.4377136], [-0.73870087, -0.73869991], [0.98342514, 0.98342609], [-1.6388721, -1.6388702], [1.9508038, 1.9508057], [4.5408783, 4.5408859], [-0.5172987, -0.51729774], [0.28945923, 0.28945971], [1.7811813, 1.7811832]]
 [[6.3033829, 6.3033905], [-11.924347, -11.924332], [0.52170849, 0.52170944], [0.68874073, 0.68874168], [1.2520981, 1.2521], [0.48043442, 0.48043489], [0.43927193, 0.4392724], [0.61995888, 0.61995983], [-17.710724, -17.710693], [2.5961189, 2.5961227], [-5.0496902, -5.0496826], [0.7703371, 0.77033806], [-2.4258385, -2.4258347], [0.84248734, 0.84248829], [0.6352272, 0.63522816], [-0.19371986, -0.19371963], [1.2462997, 1.2463017], [0.56797981, 0.56798077], [-0.38589811, -0.38589764], [-0.065073371, -0.065073252], [1.267231, 1.2672329], [-3.4645195, -3.4645157], [-0.079576969, -0.07957685], [-0.12883377, -0.12883353], [0.2549367, 0.25493717], [0.1047864, 0.10478652], [-0.37667561, -0.37667513], [-0.093880057, -0.093879938], [-0.20052719, -0.20052695], [0.40870523, 0.40870571], [0.29008961, 0.29009008], [1.6486073, 1.6486092], [-9.4377289, -9.4377136], [-0.73870087, -0.73869991], [0.98342514, 0.98342609], [-1.6388721, -1.6388702], [1.9508038, 1.9508057], [4.5408783, 4.5408859], [-0.5172987, -0.51729774], [0.28945923, 0.28945971], [1.7811813, 1.7811832]]
 [[-0.21069908, -0.21069884], [0.88633633, 0.88633728], [0.52170849, 0.52170944], [0.68874073, 0.68874168], [1.2520981, 1.2521], [-0.16981554, -0.1698153], [0.43927193, 0.4392724], [1.8416576, 1.8416595], [-10.441879, -10.441864], [-1.3273392, -1.3273373], [4.3511581, 4.3511658], [0.7703371, 0.77033806], [-0.59794044, -0.59793949], [0.84248734, 0.84248829], [0.6352272, 0.63522816], [0.38886213, 0.38886261], [0.66371822, 0.66371918], [0.56797981, 0.56798077], [-0.38589811, -0.38589764], [-0.065073371, -0.065073252], [1.267231, 1.2672329], [-3.4645195, -3.4645157], [-0.088603854, -0.088603735], [-0.11980677, -0.11980665], [0.032634735, 0.032634795], [0.32708836, 0.32708883], [-0.19003749, -0.19003725], [-0.28051805, -0.28051758], [0.072716832, 0.072716951], [0.13546157, 0.13546181], [-0.020476848, -0.020476818], [1.9591732, 1.9591751], [-9.4377289, -9.4377136], [-0.73870087, -0.73869991], [0.98342514, 0.98342609], [-1.6388721, -1.6388702], [1.9508038, 1.9508057], [4.5408783, 4.5408859], [-0.5172987, -0.51729774], [0.28945923, 0.28945971], [1.7811813, 1.7811832]]
 [[6.3559723, 6.3559799], [-0.53618622, -0.53618526], [0.52170849, 0.52170944], [0.68874073, 0.68874168], [1.2520981, 1.2521], [-0.021444738, -0.021444708], [0.43927193, 0.4392724], [-0.61850452, -0.61850357], [2.8504028, 2.8504066], [3.2422638, 3.2422676], [-0.57457066, -0.5745697], [0.7703371, 0.77033806], [2.4894562, 2.48946], [0.84248734, 0.84248829], [0.6352272, 0.63522816], [-0.24930286, -0.24930263], [1.3018837, 1.3018856], [0.56797981, 0.56798077], [-0.38589811, -0.38589764], [-0.065073371, -0.065073252], [1.267231, 1.2672329], [-3.4645195, -3.4645157], [0.38429928, 0.38429976], [-0.59271049, -0.59270954], [0.94398689, 0.94398785], [-0.5842638, -0.58426285], [-1.4342575, -1.4342556], [0.96370029, 0.96370125], [-2.1601562, -2.1601524], [2.3683319, 2.3683357], [-5.3268356, -5.326828], [7.2655258, 7.2655334], [-9.4377289, -9.4377136], [-0.73870087, -0.73869991], [0.98342514, 0.98342609], [-1.6388721, -1.6388702], [1.9508038, 1.9508057], [4.5408783, 4.5408859], [-0.5172987, -0.51729774], [0.28945923, 0.28945971], [1.7811813, 1.7811832]]
 [[-5.2712402, -5.2712326], [1.3283596, 1.3283615], [0.52170849, 0.52170944], [0.68874073, 0.68874168], [1.2520981, 1.2521], [6.6190186, 6.6190262], [0.43927193, 0.4392724], [-1.7805538, -1.7805519], [6.4614487, 6.4614563], [2.3610802, 2.361084], [-29.374481, -29.374451], [0.7703371, 0.77033806], [-5.2864532, -5.2864456], [0.84248734, 0.84248829], [0.6352272, 0.63522816], [5.4128265, 5.4128342], [-4.3602524, -4.3602448], [0.56797981, 0.56798077], [-0.38589811, -0.38589764], [-0.065073371, -0.065073252], [1.267231, 1.2672329], [-3.4645195, -3.4645157], [-0.45433664, -0.45433617], [0.2459259, 0.24592614], [0.77403736, 0.77403831], [-0.41431475, -0.41431427], [-2.9331245, -2.9331207], [2.4625664, 2.4625702], [-6.1879959, -6.1879883], [6.3961639, 6.3961716], [-9.6239014, -9.6238861], [11.562576, 11.562592], [-9.4377289, -9.4377136], [-0.73870087, -0.73869991], [0.98342514, 0.98342609], [-1.6388721, -1.6388702], [1.9508038, 1.9508057], [4.5408783, 4.5408859], [-0.5172987, -0.51729774], [0.28945923, 0.28945971], [1.7811813, 1.7811832]]
 [[5.6809692, 5.6809769], [-0.079839468, -0.079839349], [0.52170849, 0.52170944], [0.68874073, 0.68874168], [1.2520981, 1.2521], [-0.016437799, -0.016437769], [0.43927193, 0.4392724], [0.32754183, 0.3275423], [0.65501308, 0.65501404], [3.4158401, 3.415844], [-0.40704346, -0.40704298], [0.7703371, 0.77033806], [2.5621948, 2.5621986], [0.84248734, 0.84248829], [0.6352272, 0.63522816], [-0.53551865, -0.53551769], [1.5880985, 1.5881004], [0.56797981, 0.56798077], [-0.38589811, -0.38589764], [-0.065073371, -0.065073252], [1.267231, 1.2672329], [-3.4645195, -3.4645157], [1.1375866, 1.1375885], [-1.3460007, -1.3459988], [2.8925972, 2.892601], [-2.5328789, -2.5328751], [-6.4421844, -6.4421768], [5.9716187, 5.9716263], [-14.986404, -14.986389], [15.194565, 15.19458], [-38.148376, -38.148315], [40.086975, 40.087036], [-9.4377289, -9.4377136], [-0.73870087, -0.73869991], [0.98342514, 0.98342609], [-1.6388721, -1.6388702], [1.9508038, 1.9508057], [4.5408783, 4.5408859], [-0.5172987, -0.51729774], [0.28945923, 0.28945971], [1.7811813, 1.7811832]]
 [[7.6046219, 7.6046295], [-141.4895, -141.48926], [0.52170849, 0.52170944], [0.68874073, 0.68874168], [1.2520981, 1.2521], [0.040339708, 0.040339768], [0.43927193, 0.4392724], [-15.977142, -15.977127], [9.3500366, 9.3500519], [5.4793701, 5.4793777], [-0.61155987, -0.61155891], [0.7703371, 0.77033806], [10.010391, 10.010406], [0.84248734, 0.84248829], [0.6352272, 0.63522816], [-0.020980597, -0.020980567], [1.0735607, 1.0735626], [0.56797981, 0.56798077], [-0.38589811, -0.38589764], [-0.065073371, -0.065073252], [1.267231, 1.2672329], [-3.4645195, -3.4645157], [0.044920564, 0.044920623], [-0.25333118, -0.25333071], [0.4598918, 0.45989227], [-0.10016882, -0.1001687], [-1.0212822, -1.0212803], [0.55072498, 0.55072594], [-5.3460007, -5.345993], [5.5541687, 5.5541763], [-53.739563, -53.739502], [55.678223, 55.678284], [-9.4377289, -9.4377136], [-0.73870087, -0.73869991], [0.98342514, 0.98342609], [-1.6388721, -1.6388702], [1.9508038, 1.9508057], [4.5408783, 4.5408859], [-0.5172987, -0.51729774], [0.28945923, 0.28945971], [1.7811813, 1.7811832]]
















