LinearAlgebra.PosDefException(2)
LinearAlgebra.PosDefException(2)
LinearAlgebra.PosDefException(2)
LinearAlgebra.PosDefException(7)
LinearAlgebra.PosDefException(3)
LinearAlgebra.PosDefException(7)
LinearAlgebra.PosDefException(53)
LinearAlgebra.PosDefException(2)
LinearAlgebra.PosDefException(2)
LinearAlgebra.PosDefException(2)
LinearAlgebra.PosDefException(3)
LinearAlgebra.PosDefException(3)
LinearAlgebra.PosDefException(7)
LinearAlgebra.PosDefException(17)
LinearAlgebra.PosDefException(6)
LinearAlgebra.PosDefException(3)
LinearAlgebra.PosDefException(2)
LinearAlgebra.PosDefException(2)
LinearAlgebra.PosDefException(3)
LinearAlgebra.PosDefException(5)
LinearAlgebra.PosDefException(38)
LinearAlgebra.PosDefException(3)
LinearAlgebra.PosDefException(4)
LinearAlgebra.PosDefException(5)
LinearAlgebra.PosDefException(2)
LinearAlgebra.PosDefException(3)
LinearAlgebra.PosDefException(2)
LinearAlgebra.PosDefException(3)
LinearAlgebra.PosDefException(3)
LinearAlgebra.PosDefException(6)
LinearAlgebra.PosDefException(86)
LinearAlgebra.PosDefException(2)
LinearAlgebra.PosDefException(3)
LinearAlgebra.PosDefException(2)
LinearAlgebra.PosDefException(2)
LinearAlgebra.PosDefException(6)
LinearAlgebra.PosDefException(3)
LinearAlgebra.PosDefException(5)
LinearAlgebra.PosDefException(2)
LinearAlgebra.PosDefException(2)
LinearAlgebra.PosDefException(3)
LinearAlgebra.PosDefException(5)
LinearAlgebra.PosDefException(10)
LinearAlgebra.PosDefException(6)
LinearAlgebra.PosDefException(3)
LinearAlgebra.PosDefException(2)
LinearAlgebra.PosDefException(2)
LinearAlgebra.PosDefException(5)
LinearAlgebra.PosDefException(3)
LinearAlgebra.PosDefException(5)
LinearAlgebra.PosDefException(87)
LinearAlgebra.PosDefException(2)
LinearAlgebra.PosDefException(2)
LinearAlgebra.PosDefException(6)
LinearAlgebra.PosDefException(2)
LinearAlgebra.PosDefException(3)
LinearAlgebra.PosDefException(7)
LinearAlgebra.PosDefException(271)
LinearAlgebra.PosDefException(3)
LinearAlgebra.PosDefException(4)
LinearAlgebra.PosDefException(3)
LinearAlgebra.PosDefException(131)
LinearAlgebra.PosDefException(4)
DEBUG [determine_optimal_points_count]: Large num points: 1
DEBUG [determine_optimal_points_count]: Good num points: 1
DEBUG [multipoint_parameter_estimation]: Parameter estimation using this many points: 1

DEBUG [pick_points]: Starting point selection...
DEBUG [pick_points]: Number of points to pick: 1
DEBUG [pick_points]: Total points available: 1001
DEBUG [pick_points]: Number of interpolants: 3

DEBUG [pick_points]: Computing interestingness scores...
DEBUG [pick_points]: Processed 100 points
DEBUG [pick_points]: Processed 200 points
DEBUG [pick_points]: Processed 300 points
DEBUG [pick_points]: Processed 400 points
DEBUG [pick_points]: Processed 500 points
DEBUG [pick_points]: Processed 600 points
DEBUG [pick_points]: Processed 700 points
DEBUG [pick_points]: Processed 800 points
DEBUG [pick_points]: Processed 900 points
DEBUG [pick_points]: Processed 1000 points

DEBUG [pick_points]: Score statistics:
DEBUG [pick_points]: Min score: 0.10387912679574393
DEBUG [pick_points]: Max score: 1.4062717735831156
DEBUG [pick_points]: Mean score: 0.37154249246497895
DEBUG [pick_points]: Normalized scores

DEBUG [pick_points]: Selected 1 points
DEBUG [pick_points]: Selected time points: [-0.998]
aa_system
Any[_t2_x3_t_ + _t2_x4_t_ - 2472075369976779//2251799813685248, _t2_x4ˍt_t_ + _t2_x3ˍt_t_ + 3402360634181175//36028797018963968, _t2_x3ˍtt_t_ + _t2_x4ˍtt_t_ - 643849644367861//1125899906842624, _t2_x4ˍttt_t_ + _t2_x3ˍttt_t_ + 5979872050034729//4503599627370496, _t2_x4ˍtttt_t_ + _t2_x3ˍtttt_t_ - 1569482343713365//4503599627370496, _t2_x1_t_ - 358801139894723//1125899906842624, _t2_x1ˍt_t_ - 3020771103275597//9007199254740992, _t2_x1ˍtt_t_ + 268711980233189//281474976710656, _t2_x1ˍttt_t_ - 2315486760383443//1125899906842624, _t2_x1ˍtttt_t_ + 3428441752877455//2251799813685248, _t2_x1ˍttttt_t_ + 6859868686736425//281474976710656, _tpk14_*_t2_x4_t_ - _tpk41_*_t2_x1_t_ + _t2_x4ˍt_t_, _tpk13_*_t2_x3_t_ - _tpk31_*_t2_x1_t_ + _t2_x3ˍt_t_, _tpk13_*_t2_x3ˍt_t_ - _tpk31_*_t2_x1ˍt_t_ + _t2_x3ˍtt_t_, _tpk14_*_t2_x4ˍt_t_ - _tpk41_*_t2_x1ˍt_t_ + _t2_x4ˍtt_t_, _tpk14_*_t2_x4ˍtt_t_ - _tpk41_*_t2_x1ˍtt_t_ + _t2_x4ˍttt_t_, _tpk13_*_t2_x3ˍtt_t_ - _tpk31_*_t2_x1ˍtt_t_ + _t2_x3ˍttt_t_, _tpk14_*_t2_x4ˍttt_t_ - _tpk41_*_t2_x1ˍttt_t_ + _t2_x4ˍtttt_t_, _tpk13_*_t2_x3ˍttt_t_ - _tpk31_*_t2_x1ˍttt_t_ + _t2_x3ˍtttt_t_, -_tpk12_*_t2_x2_t_ + _tpk21_*_t2_x1_t_ + _tpk01_*_t2_x1_t_ - _tpk14_*_t2_x4_t_ - _tpk13_*_t2_x3_t_ + _tpk31_*_t2_x1_t_ + _tpk41_*_t2_x1_t_ + _t2_x1ˍt_t_, -_tpk12_*_t2_x2ˍt_t_ + _tpk21_*_t2_x1ˍt_t_ + _tpk01_*_t2_x1ˍt_t_ - _tpk14_*_t2_x4ˍt_t_ - _tpk13_*_t2_x3ˍt_t_ + _tpk31_*_t2_x1ˍt_t_ + _tpk41_*_t2_x1ˍt_t_ + _t2_x1ˍtt_t_, -_tpk12_*_t2_x2ˍtt_t_ + _tpk21_*_t2_x1ˍtt_t_ + _tpk01_*_t2_x1ˍtt_t_ - _tpk14_*_t2_x4ˍtt_t_ - _tpk13_*_t2_x3ˍtt_t_ + _tpk31_*_t2_x1ˍtt_t_ + _tpk41_*_t2_x1ˍtt_t_ + _t2_x1ˍttt_t_, -_tpk12_*_t2_x2ˍttt_t_ + _tpk21_*_t2_x1ˍttt_t_ + _tpk01_*_t2_x1ˍttt_t_ - _tpk14_*_t2_x4ˍttt_t_ - _tpk13_*_t2_x3ˍttt_t_ + _tpk31_*_t2_x1ˍttt_t_ + _tpk41_*_t2_x1ˍttt_t_ + _t2_x1ˍtttt_t_, -_tpk12_*_t2_x2ˍtttt_t_ + _tpk21_*_t2_x1ˍtttt_t_ + _tpk01_*_t2_x1ˍtttt_t_ - _tpk14_*_t2_x4ˍtttt_t_ - _tpk13_*_t2_x3ˍtttt_t_ + _tpk31_*_t2_x1ˍtttt_t_ + _tpk41_*_t2_x1ˍtttt_t_ + _t2_x1ˍttttt_t_, _tpk12_*_t2_x2_t_ - _tpk21_*_t2_x1_t_ + _t2_x2ˍt_t_, _tpk12_*_t2_x2ˍt_t_ - _tpk21_*_t2_x1ˍt_t_ + _t2_x2ˍtt_t_, _tpk12_*_t2_x2ˍtt_t_ - _tpk21_*_t2_x1ˍtt_t_ + _t2_x2ˍttt_t_, _tpk12_*_t2_x2ˍttt_t_ - _tpk21_*_t2_x1ˍttt_t_ + _t2_x2ˍtttt_t_]
R
Multivariate polynomial ring in 28 variables over rationals
primes of bitsize 28
G-Q-Pt-FG-LT-LP(U)
G-Q-Pt-FG-LT-LP(U)
G-Q-Pt-FG-LT-LP(U)
G-Q-Pt-FG-LT-LP(U)
G-Q-Pt-FG-LT-LP(U)
G-Q-Pt-FG-LT-LP(U)
G-Q-Pt-FG-LT-LP(U)
G-Q-Pt-FG-LT-LP(U)
G-Q-Pt-FG-LT-LP(U)
G-Q-Pt-FG-LT-LP(C)
Dimension of the quotient :2
Degree of the radical :2
Use variable 19 as separating element
Run Groebner learn
Test cyclic optimization
Apply cyclic optimization 
Multi-modular computation (1 threads): G-Q-Pt-FG-LT-LP(C)
5-9-13-17-21-25-29-33-37-41-45-49-53-61-
check-G-Q-Pt-FG-LT-LP(C)
Nb Primes used :61
2-element Vector{Vector{Vector{BigFloat}}}:
 [[8.366806, 8.3668213], [-2.997242, -2.9972382], [-0.20917797, -0.20917773], [0.18099308, 0.18099332], [18.957336, 18.957367], [-5.825325, -5.8253174], [0.75603104, 0.75603199], [0.31867933, 0.31867981], [-0.09333086, -0.093330741], [-0.091590762, -0.091590643], [1.1894112, 1.1894131], [0.025655985, 0.025656015], [-0.12009048, -0.12009037], [0.32294416, 0.32294464], [0.24890876, 0.248909], [-0.76680183, -0.76680088], [-0.56099796, -0.56099701], [1.6936131, 1.693615], [-1.3451195, -1.3451176], [1.6042252, 1.6042271], [0.33537292, 0.3353734], [-0.95465755, -0.9546566], [2.0565643, 2.0565681], [-1.5225353, -1.5225334], [-24.371155, -24.371124], [-0.17427802, -0.17427778], [0.45295572, 0.4529562], [-0.92846012, -0.92845917]]
 [[8.366806, 8.3668213], [-2.997242, -2.9972382], [-0.20917797, -0.20917773], [18.957336, 18.957367], [0.18099308, 0.18099332], [0.75603104, 0.75603199], [-5.825325, -5.8253174], [0.31867933, 0.31867981], [-0.09333086, -0.093330741], [1.1894112, 1.1894131], [-0.091590762, -0.091590643], [-0.12009048, -0.12009037], [0.025655985, 0.025656015], [0.24890876, 0.248909], [0.32294416, 0.32294464], [-0.56099796, -0.56099701], [-0.76680183, -0.76680088], [-1.3451195, -1.3451176], [1.6936131, 1.693615], [1.6042252, 1.6042271], [0.33537292, 0.3353734], [-0.95465755, -0.9546566], [2.0565643, 2.0565681], [-1.5225353, -1.5225334], [-24.371155, -24.371124], [-0.17427802, -0.17427778], [0.45295572, 0.4529562], [-0.92846012, -0.92845917]]




