LinearAlgebra.PosDefException(3)
LinearAlgebra.PosDefException(2)
LinearAlgebra.PosDefException(2)
LinearAlgebra.PosDefException(3)
LinearAlgebra.PosDefException(4)
LinearAlgebra.PosDefException(7)
LinearAlgebra.PosDefException(87)
LinearAlgebra.PosDefException(2)
LinearAlgebra.PosDefException(2)
LinearAlgebra.PosDefException(3)
LinearAlgebra.PosDefException(4)
LinearAlgebra.PosDefException(3)
LinearAlgebra.PosDefException(4)
LinearAlgebra.PosDefException(31)
LinearAlgebra.PosDefException(3)
LinearAlgebra.PosDefException(2)
LinearAlgebra.PosDefException(3)
LinearAlgebra.PosDefException(6)
LinearAlgebra.PosDefException(2)
LinearAlgebra.PosDefException(4)
LinearAlgebra.PosDefException(7)
LinearAlgebra.PosDefException(6)
LinearAlgebra.PosDefException(2)
LinearAlgebra.PosDefException(3)
LinearAlgebra.PosDefException(4)
LinearAlgebra.PosDefException(2)
LinearAlgebra.PosDefException(3)
LinearAlgebra.PosDefException(2)
LinearAlgebra.PosDefException(3)
LinearAlgebra.PosDefException(5)
LinearAlgebra.PosDefException(8)
LinearAlgebra.PosDefException(83)
LinearAlgebra.PosDefException(2)
LinearAlgebra.PosDefException(2)
LinearAlgebra.PosDefException(2)
LinearAlgebra.PosDefException(2)
LinearAlgebra.PosDefException(3)
LinearAlgebra.PosDefException(4)
LinearAlgebra.PosDefException(8)
LinearAlgebra.PosDefException(2)
LinearAlgebra.PosDefException(2)
LinearAlgebra.PosDefException(2)
LinearAlgebra.PosDefException(3)
LinearAlgebra.PosDefException(3)
LinearAlgebra.PosDefException(5)
LinearAlgebra.PosDefException(6)
LinearAlgebra.PosDefException(6)
LinearAlgebra.PosDefException(2)
LinearAlgebra.PosDefException(6)
LinearAlgebra.PosDefException(2)
LinearAlgebra.PosDefException(4)
LinearAlgebra.PosDefException(7)
LinearAlgebra.PosDefException(4)
LinearAlgebra.PosDefException(4)
LinearAlgebra.PosDefException(2)
LinearAlgebra.PosDefException(2)
LinearAlgebra.PosDefException(3)
LinearAlgebra.PosDefException(3)
LinearAlgebra.PosDefException(5)
LinearAlgebra.PosDefException(4)
LinearAlgebra.PosDefException(92)
LinearAlgebra.PosDefException(2)
LinearAlgebra.PosDefException(2)
LinearAlgebra.PosDefException(2)
LinearAlgebra.PosDefException(3)
LinearAlgebra.PosDefException(4)
LinearAlgebra.PosDefException(4)
DEBUG [determine_optimal_points_count]: Large num points: 1
DEBUG [determine_optimal_points_count]: Good num points: 1
DEBUG [multipoint_parameter_estimation]: Parameter estimation using this many points: 1

DEBUG [pick_points]: Starting point selection...
DEBUG [pick_points]: Number of points to pick: 1
DEBUG [pick_points]: Total points available: 1001
DEBUG [pick_points]: Number of interpolants: 3

DEBUG [pick_points]: Computing interestingness scores...
DEBUG [pick_points]: Processed 100 points
DEBUG [pick_points]: Processed 200 points
DEBUG [pick_points]: Processed 300 points
DEBUG [pick_points]: Processed 400 points
DEBUG [pick_points]: Processed 500 points
DEBUG [pick_points]: Processed 600 points
DEBUG [pick_points]: Processed 700 points
DEBUG [pick_points]: Processed 800 points
DEBUG [pick_points]: Processed 900 points
DEBUG [pick_points]: Processed 1000 points

DEBUG [pick_points]: Score statistics:
DEBUG [pick_points]: Min score: 0.1167965610975201
DEBUG [pick_points]: Max score: 0.5891408524034081
DEBUG [pick_points]: Mean score: 0.23239737090240936
DEBUG [pick_points]: Normalized scores

DEBUG [pick_points]: Selected 1 points
DEBUG [pick_points]: Selected time points: [-0.998]
aa_system
Any[_t2_x3_t_ + _t2_x4_t_ - 7035504092395923//9007199254740992, _t2_x4ˍt_t_ + _t2_x3ˍt_t_ - 4762600355840087//72057594037927936, _t2_x3ˍtt_t_ + _t2_x4ˍtt_t_ - 6859417812664145//144115188075855872, _t2_x4ˍttt_t_ + _t2_x3ˍttt_t_ + 3004964058918163//9007199254740992, _t2_x4ˍtttt_t_ + _t2_x3ˍtttt_t_ - 7308444768099533//36028797018963968, _t2_x1_t_ - 7659016535646263//18014398509481984, _t2_x1ˍt_t_ - 2433186989912337//36028797018963968, _t2_x1ˍtt_t_ + 6251306737375771//18014398509481984, _t2_x1ˍttt_t_ - 3203230689663491//4503599627370496, _t2_x1ˍtttt_t_ - 5353256645393027//9007199254740992, _t2_x1ˍttttt_t_ + 4047510178664493//281474976710656, _tpk14_*_t2_x4_t_ - _tpk41_*_t2_x1_t_ + _t2_x4ˍt_t_, _tpk13_*_t2_x3_t_ - _tpk31_*_t2_x1_t_ + _t2_x3ˍt_t_, _tpk13_*_t2_x3ˍt_t_ - _tpk31_*_t2_x1ˍt_t_ + _t2_x3ˍtt_t_, _tpk14_*_t2_x4ˍt_t_ - _tpk41_*_t2_x1ˍt_t_ + _t2_x4ˍtt_t_, _tpk14_*_t2_x4ˍtt_t_ - _tpk41_*_t2_x1ˍtt_t_ + _t2_x4ˍttt_t_, _tpk13_*_t2_x3ˍtt_t_ - _tpk31_*_t2_x1ˍtt_t_ + _t2_x3ˍttt_t_, _tpk14_*_t2_x4ˍttt_t_ - _tpk41_*_t2_x1ˍttt_t_ + _t2_x4ˍtttt_t_, _tpk13_*_t2_x3ˍttt_t_ - _tpk31_*_t2_x1ˍttt_t_ + _t2_x3ˍtttt_t_, -_tpk12_*_t2_x2_t_ + _tpk21_*_t2_x1_t_ + _tpk01_*_t2_x1_t_ - _tpk14_*_t2_x4_t_ - _tpk13_*_t2_x3_t_ + _tpk31_*_t2_x1_t_ + _tpk41_*_t2_x1_t_ + _t2_x1ˍt_t_, -_tpk12_*_t2_x2ˍt_t_ + _tpk21_*_t2_x1ˍt_t_ + _tpk01_*_t2_x1ˍt_t_ - _tpk14_*_t2_x4ˍt_t_ - _tpk13_*_t2_x3ˍt_t_ + _tpk31_*_t2_x1ˍt_t_ + _tpk41_*_t2_x1ˍt_t_ + _t2_x1ˍtt_t_, -_tpk12_*_t2_x2ˍtt_t_ + _tpk21_*_t2_x1ˍtt_t_ + _tpk01_*_t2_x1ˍtt_t_ - _tpk14_*_t2_x4ˍtt_t_ - _tpk13_*_t2_x3ˍtt_t_ + _tpk31_*_t2_x1ˍtt_t_ + _tpk41_*_t2_x1ˍtt_t_ + _t2_x1ˍttt_t_, -_tpk12_*_t2_x2ˍttt_t_ + _tpk21_*_t2_x1ˍttt_t_ + _tpk01_*_t2_x1ˍttt_t_ - _tpk14_*_t2_x4ˍttt_t_ - _tpk13_*_t2_x3ˍttt_t_ + _tpk31_*_t2_x1ˍttt_t_ + _tpk41_*_t2_x1ˍttt_t_ + _t2_x1ˍtttt_t_, -_tpk12_*_t2_x2ˍtttt_t_ + _tpk21_*_t2_x1ˍtttt_t_ + _tpk01_*_t2_x1ˍtttt_t_ - _tpk14_*_t2_x4ˍtttt_t_ - _tpk13_*_t2_x3ˍtttt_t_ + _tpk31_*_t2_x1ˍtttt_t_ + _tpk41_*_t2_x1ˍtttt_t_ + _t2_x1ˍttttt_t_, _tpk12_*_t2_x2_t_ - _tpk21_*_t2_x1_t_ + _t2_x2ˍt_t_, _tpk12_*_t2_x2ˍt_t_ - _tpk21_*_t2_x1ˍt_t_ + _t2_x2ˍtt_t_, _tpk12_*_t2_x2ˍtt_t_ - _tpk21_*_t2_x1ˍtt_t_ + _t2_x2ˍttt_t_, _tpk12_*_t2_x2ˍttt_t_ - _tpk21_*_t2_x1ˍttt_t_ + _t2_x2ˍtttt_t_]
R
Multivariate polynomial ring in 28 variables over rationals
primes of bitsize 28
G-Q-Pt-FG-LT-LP(U)
G-Q-Pt-FG-LT-LP(U)
G-Q-Pt-FG-LT-LP(U)
G-Q-Pt-FG-LT-LP(U)
G-Q-Pt-FG-LT-LP(U)
G-Q-Pt-FG-LT-LP(U)
G-Q-Pt-FG-LT-LP(U)
G-Q-Pt-FG-LT-LP(U)
G-Q-Pt-FG-LT-LP(U)
G-Q-Pt-FG-LT-LP(C)
Dimension of the quotient :2
Degree of the radical :2
Use variable 19 as separating element
Run Groebner learn
Test cyclic optimization
Apply cyclic optimization 
Multi-modular computation (1 threads): G-Q-Pt-FG-LT-LP(C)
5-9-13-17-21-25-29-33-37-41-45-49-53-61-69-
check-G-Q-Pt-FG-LT-LP(C)
Nb Primes used :69
2-element Vector{Vector{Vector{BigFloat}}}:
 [[7.311203, 7.3112106], [-5.2630463, -5.2630386], [-0.10142744, -0.10142732], [0.40460825, 0.40460873], [21.310211, 21.310242], [-0.82261562, -0.82261467], [0.92187977, 0.92188072], [0.42516041, 0.42516088], [-0.29367733, -0.29367685], [-0.016260237, -0.016260207], [0.79735756, 0.79735851], [0.069329619, 0.069329739], [-0.0032352731, -0.0032352693], [0.013389379, 0.013389394], [0.034207344, 0.034207404], [-0.33374929, -0.33374882], [0.00013096654, 0.00013096677], [0.79073429, 0.79073524], [-0.5878849, -0.58788395], [-0.72504044, -0.72503948], [0.067534447, 0.067534566], [-0.34701729, -0.34701681], [0.71125984, 0.7112608], [0.59433079, 0.59433174], [-14.379654, -14.379639], [-0.090505958, -0.090505838], [0.30627012, 0.3062706], [-0.41283941, -0.41283894]]
 [[7.311203, 7.3112106], [-5.2630463, -5.2630386], [-0.10142744, -0.10142732], [21.310211, 21.310242], [0.40460825, 0.40460873], [0.92187977, 0.92188072], [-0.82261562, -0.82261467], [0.42516041, 0.42516088], [-0.29367733, -0.29367685], [0.79735756, 0.79735851], [-0.016260237, -0.016260207], [-0.0032352731, -0.0032352693], [0.069329619, 0.069329739], [0.034207344, 0.034207404], [0.013389379, 0.013389394], [0.00013096654, 0.00013096677], [-0.33374929, -0.33374882], [-0.5878849, -0.58788395], [0.79073429, 0.79073524], [-0.72504044, -0.72503948], [0.067534447, 0.067534566], [-0.34701729, -0.34701681], [0.71125984, 0.7112608], [0.59433079, 0.59433174], [-14.379654, -14.379639], [-0.090505958, -0.090505838], [0.30627012, 0.3062706], [-0.41283941, -0.41283894]]




