LinearAlgebra.PosDefException(6)
LinearAlgebra.PosDefException(2)
LinearAlgebra.PosDefException(3)
LinearAlgebra.PosDefException(6)
LinearAlgebra.PosDefException(3)
LinearAlgebra.PosDefException(6)
LinearAlgebra.PosDefException(49)
LinearAlgebra.PosDefException(2)
LinearAlgebra.PosDefException(2)
LinearAlgebra.PosDefException(2)
LinearAlgebra.PosDefException(6)
LinearAlgebra.PosDefException(3)
LinearAlgebra.PosDefException(4)
LinearAlgebra.PosDefException(8)
LinearAlgebra.PosDefException(3)
LinearAlgebra.PosDefException(2)
LinearAlgebra.PosDefException(3)
LinearAlgebra.PosDefException(3)
LinearAlgebra.PosDefException(3)
LinearAlgebra.PosDefException(6)
LinearAlgebra.PosDefException(5)
LinearAlgebra.PosDefException(2)
LinearAlgebra.PosDefException(2)
LinearAlgebra.PosDefException(2)
LinearAlgebra.PosDefException(2)
LinearAlgebra.PosDefException(3)
LinearAlgebra.PosDefException(3)
LinearAlgebra.PosDefException(4)
LinearAlgebra.PosDefException(6)
LinearAlgebra.PosDefException(2)
LinearAlgebra.PosDefException(2)
LinearAlgebra.PosDefException(3)
LinearAlgebra.PosDefException(4)
LinearAlgebra.PosDefException(7)
LinearAlgebra.PosDefException(4)
LinearAlgebra.PosDefException(91)
LinearAlgebra.PosDefException(2)
LinearAlgebra.PosDefException(2)
LinearAlgebra.PosDefException(6)
LinearAlgebra.PosDefException(5)
LinearAlgebra.PosDefException(3)
LinearAlgebra.PosDefException(4)
LinearAlgebra.PosDefException(29)
LinearAlgebra.PosDefException(2)
LinearAlgebra.PosDefException(2)
LinearAlgebra.PosDefException(2)
LinearAlgebra.PosDefException(3)
LinearAlgebra.PosDefException(3)
LinearAlgebra.PosDefException(4)
LinearAlgebra.PosDefException(5)
LinearAlgebra.PosDefException(2)
LinearAlgebra.PosDefException(2)
LinearAlgebra.PosDefException(3)
LinearAlgebra.PosDefException(2)
LinearAlgebra.PosDefException(4)
LinearAlgebra.PosDefException(4)
LinearAlgebra.PosDefException(4)
LinearAlgebra.PosDefException(3)
LinearAlgebra.PosDefException(6)
LinearAlgebra.PosDefException(6)
LinearAlgebra.PosDefException(5)
LinearAlgebra.PosDefException(743)
LinearAlgebra.PosDefException(6)
LinearAlgebra.PosDefException(5)
LinearAlgebra.PosDefException(2)
LinearAlgebra.PosDefException(2)
LinearAlgebra.PosDefException(2)
LinearAlgebra.PosDefException(3)
LinearAlgebra.PosDefException(6)
LinearAlgebra.PosDefException(5)
LinearAlgebra.PosDefException(52)
LinearAlgebra.PosDefException(2)
LinearAlgebra.PosDefException(2)
LinearAlgebra.PosDefException(2)
LinearAlgebra.PosDefException(2)
LinearAlgebra.PosDefException(2)
LinearAlgebra.PosDefException(4)
LinearAlgebra.PosDefException(3)
LinearAlgebra.PosDefException(5)
LinearAlgebra.PosDefException(6)
LinearAlgebra.PosDefException(2)
LinearAlgebra.PosDefException(5)
LinearAlgebra.PosDefException(3)
LinearAlgebra.PosDefException(6)
LinearAlgebra.PosDefException(5)
DEBUG [determine_optimal_points_count]: Large num points: 1
DEBUG [determine_optimal_points_count]: Good num points: 1
DEBUG [multipoint_parameter_estimation]: Parameter estimation using this many points: 1

DEBUG [pick_points]: Starting point selection...
DEBUG [pick_points]: Number of points to pick: 1
DEBUG [pick_points]: Total points available: 1001
DEBUG [pick_points]: Number of interpolants: 3

DEBUG [pick_points]: Computing interestingness scores...
DEBUG [pick_points]: Processed 100 points
DEBUG [pick_points]: Processed 200 points
DEBUG [pick_points]: Processed 300 points
DEBUG [pick_points]: Processed 400 points
DEBUG [pick_points]: Processed 500 points
DEBUG [pick_points]: Processed 600 points
DEBUG [pick_points]: Processed 700 points
DEBUG [pick_points]: Processed 800 points
DEBUG [pick_points]: Processed 900 points
DEBUG [pick_points]: Processed 1000 points

DEBUG [pick_points]: Score statistics:
DEBUG [pick_points]: Min score: 0.12798584583463363
DEBUG [pick_points]: Max score: 1.1503674776328832
DEBUG [pick_points]: Mean score: 0.3692342166136087
DEBUG [pick_points]: Normalized scores

DEBUG [pick_points]: Selected 1 points
DEBUG [pick_points]: Selected time points: [-0.998]
aa_system
Any[_t2_x3_t_ + _t2_x4_t_ - 5380424398930301//9007199254740992, _t2_x4ˍt_t_ + _t2_x3ˍt_t_ - 86654462383501//562949953421312, _t2_x3ˍtt_t_ + _t2_x4ˍtt_t_ + 4441184368731151//18014398509481984, _t2_x4ˍttt_t_ + _t2_x3ˍttt_t_ - 1707071954510137//4503599627370496, _t2_x4ˍtttt_t_ + _t2_x3ˍtttt_t_ + 4581979296808377//18014398509481984, _t2_x1_t_ - 2355448623376517//4503599627370496, _t2_x1ˍt_t_ + 8563985871067425//18014398509481984, _t2_x1ˍtt_t_ - 8076496933822317//9007199254740992, _t2_x1ˍttt_t_ + 520115238730395//281474976710656, _t2_x1ˍtttt_t_ - 7088358309030033//2251799813685248, _t2_x1ˍttttt_t_ + 2306060773308707//2251799813685248, _tpk14_*_t2_x4_t_ - _tpk41_*_t2_x1_t_ + _t2_x4ˍt_t_, _tpk13_*_t2_x3_t_ - _tpk31_*_t2_x1_t_ + _t2_x3ˍt_t_, _tpk13_*_t2_x3ˍt_t_ - _tpk31_*_t2_x1ˍt_t_ + _t2_x3ˍtt_t_, _tpk14_*_t2_x4ˍt_t_ - _tpk41_*_t2_x1ˍt_t_ + _t2_x4ˍtt_t_, _tpk14_*_t2_x4ˍtt_t_ - _tpk41_*_t2_x1ˍtt_t_ + _t2_x4ˍttt_t_, _tpk13_*_t2_x3ˍtt_t_ - _tpk31_*_t2_x1ˍtt_t_ + _t2_x3ˍttt_t_, _tpk14_*_t2_x4ˍttt_t_ - _tpk41_*_t2_x1ˍttt_t_ + _t2_x4ˍtttt_t_, _tpk13_*_t2_x3ˍttt_t_ - _tpk31_*_t2_x1ˍttt_t_ + _t2_x3ˍtttt_t_, -_tpk12_*_t2_x2_t_ + _tpk21_*_t2_x1_t_ + _tpk01_*_t2_x1_t_ - _tpk14_*_t2_x4_t_ - _tpk13_*_t2_x3_t_ + _tpk31_*_t2_x1_t_ + _tpk41_*_t2_x1_t_ + _t2_x1ˍt_t_, -_tpk12_*_t2_x2ˍt_t_ + _tpk21_*_t2_x1ˍt_t_ + _tpk01_*_t2_x1ˍt_t_ - _tpk14_*_t2_x4ˍt_t_ - _tpk13_*_t2_x3ˍt_t_ + _tpk31_*_t2_x1ˍt_t_ + _tpk41_*_t2_x1ˍt_t_ + _t2_x1ˍtt_t_, -_tpk12_*_t2_x2ˍtt_t_ + _tpk21_*_t2_x1ˍtt_t_ + _tpk01_*_t2_x1ˍtt_t_ - _tpk14_*_t2_x4ˍtt_t_ - _tpk13_*_t2_x3ˍtt_t_ + _tpk31_*_t2_x1ˍtt_t_ + _tpk41_*_t2_x1ˍtt_t_ + _t2_x1ˍttt_t_, -_tpk12_*_t2_x2ˍttt_t_ + _tpk21_*_t2_x1ˍttt_t_ + _tpk01_*_t2_x1ˍttt_t_ - _tpk14_*_t2_x4ˍttt_t_ - _tpk13_*_t2_x3ˍttt_t_ + _tpk31_*_t2_x1ˍttt_t_ + _tpk41_*_t2_x1ˍttt_t_ + _t2_x1ˍtttt_t_, -_tpk12_*_t2_x2ˍtttt_t_ + _tpk21_*_t2_x1ˍtttt_t_ + _tpk01_*_t2_x1ˍtttt_t_ - _tpk14_*_t2_x4ˍtttt_t_ - _tpk13_*_t2_x3ˍtttt_t_ + _tpk31_*_t2_x1ˍtttt_t_ + _tpk41_*_t2_x1ˍtttt_t_ + _t2_x1ˍttttt_t_, _tpk12_*_t2_x2_t_ - _tpk21_*_t2_x1_t_ + _t2_x2ˍt_t_, _tpk12_*_t2_x2ˍt_t_ - _tpk21_*_t2_x1ˍt_t_ + _t2_x2ˍtt_t_, _tpk12_*_t2_x2ˍtt_t_ - _tpk21_*_t2_x1ˍtt_t_ + _t2_x2ˍttt_t_, _tpk12_*_t2_x2ˍttt_t_ - _tpk21_*_t2_x1ˍttt_t_ + _t2_x2ˍtttt_t_]
R
Multivariate polynomial ring in 28 variables over rationals
primes of bitsize 28
G-Q-Pt-FG-LT-LP(U)
G-Q-Pt-FG-LT-LP(U)
G-Q-Pt-FG-LT-LP(U)
G-Q-Pt-FG-LT-LP(U)
G-Q-Pt-FG-LT-LP(U)
G-Q-Pt-FG-LT-LP(U)
G-Q-Pt-FG-LT-LP(U)
G-Q-Pt-FG-LT-LP(U)
G-Q-Pt-FG-LT-LP(U)
G-Q-Pt-FG-LT-LP(C)
Dimension of the quotient :2
Degree of the radical :2
Use variable 19 as separating element
Run Groebner learn
Test cyclic optimization
Apply cyclic optimization 
Multi-modular computation (1 threads): G-Q-Pt-FG-LT-LP(C)
5-9-13-17-21-25-29-33-37-41-45-49-53-61-
check-G-Q-Pt-FG-LT-LP(C)
Nb Primes used :61
2-element Vector{Vector{Vector{BigFloat}}}:
 [[-1.4165287, -1.4165268], [3.4017029, 3.4017067], [-0.42068005, -0.42067957], [6.5464706, 6.5464783], [0.16749644, 0.16749668], [0.48305321, 0.48305368], [-0.045521736, -0.045521677], [0.52301407, 0.52301502], [-0.87372398, -0.87372303], [0.6012888, 0.60128975], [-0.0039421991, -0.0039421916], [0.0019989684, 0.0019989721], [0.15193009, 0.15193033], [-0.25509024, -0.25508976], [0.0085546523, 0.0085546672], [-0.096820951, -0.096820831], [0.47586679, 0.47586727], [0.71795082, 0.71795177], [-0.97230339, -0.97230244], [-3.6708565, -3.6708527], [-0.47539711, -0.47539663], [0.89667034, 0.8966713], [-1.8478222, -1.8478203], [3.1478615, 3.1478653], [-1.0240974, -1.0240955], [0.54148865, 0.5414896], [-0.85012627, -0.85012531], [1.8459854, 1.8459873]]
 [[-1.4165287, -1.4165268], [3.4017029, 3.4017067], [-0.42068005, -0.42067957], [0.16749644, 0.16749668], [6.5464706, 6.5464783], [-0.045521736, -0.045521677], [0.48305321, 0.48305368], [0.52301407, 0.52301502], [-0.87372398, -0.87372303], [-0.0039421991, -0.0039421916], [0.6012888, 0.60128975], [0.15193009, 0.15193033], [0.0019989684, 0.0019989721], [0.0085546523, 0.0085546672], [-0.25509024, -0.25508976], [0.47586679, 0.47586727], [-0.096820951, -0.096820831], [-0.97230339, -0.97230244], [0.71795082, 0.71795177], [-3.6708565, -3.6708527], [-0.47539711, -0.47539663], [0.89667034, 0.8966713], [-1.8478222, -1.8478203], [3.1478615, 3.1478653], [-1.0240974, -1.0240955], [0.54148865, 0.5414896], [-0.85012627, -0.85012531], [1.8459854, 1.8459873]]




