LinearAlgebra.PosDefException(3)
LinearAlgebra.PosDefException(2)
LinearAlgebra.PosDefException(6)
LinearAlgebra.PosDefException(3)
LinearAlgebra.PosDefException(3)
LinearAlgebra.PosDefException(4)
LinearAlgebra.PosDefException(50)
LinearAlgebra.PosDefException(2)
LinearAlgebra.PosDefException(2)
LinearAlgebra.PosDefException(2)
LinearAlgebra.PosDefException(3)
LinearAlgebra.PosDefException(4)
LinearAlgebra.PosDefException(4)
LinearAlgebra.PosDefException(9)
LinearAlgebra.PosDefException(3)
LinearAlgebra.PosDefException(2)
LinearAlgebra.PosDefException(2)
LinearAlgebra.PosDefException(2)
LinearAlgebra.PosDefException(4)
LinearAlgebra.PosDefException(4)
LinearAlgebra.PosDefException(7)
LinearAlgebra.PosDefException(2)
LinearAlgebra.PosDefException(3)
LinearAlgebra.PosDefException(3)
LinearAlgebra.PosDefException(2)
LinearAlgebra.PosDefException(3)
LinearAlgebra.PosDefException(7)
LinearAlgebra.PosDefException(8)
LinearAlgebra.PosDefException(2)
LinearAlgebra.PosDefException(2)
LinearAlgebra.PosDefException(6)
LinearAlgebra.PosDefException(2)
LinearAlgebra.PosDefException(3)
LinearAlgebra.PosDefException(4)
LinearAlgebra.PosDefException(4)
LinearAlgebra.PosDefException(2)
LinearAlgebra.PosDefException(3)
LinearAlgebra.PosDefException(3)
LinearAlgebra.PosDefException(4)
LinearAlgebra.PosDefException(7)
LinearAlgebra.PosDefException(16)
LinearAlgebra.PosDefException(3)
LinearAlgebra.PosDefException(6)
LinearAlgebra.PosDefException(6)
LinearAlgebra.PosDefException(4)
LinearAlgebra.PosDefException(3)
LinearAlgebra.PosDefException(5)
LinearAlgebra.PosDefException(89)
LinearAlgebra.PosDefException(6)
LinearAlgebra.PosDefException(2)
LinearAlgebra.PosDefException(2)
LinearAlgebra.PosDefException(3)
LinearAlgebra.PosDefException(3)
LinearAlgebra.PosDefException(3)
LinearAlgebra.PosDefException(5)
LinearAlgebra.PosDefException(4)
LinearAlgebra.PosDefException(2)
LinearAlgebra.PosDefException(3)
LinearAlgebra.PosDefException(4)
LinearAlgebra.PosDefException(96)
LinearAlgebra.PosDefException(7)
LinearAlgebra.PosDefException(2)
LinearAlgebra.PosDefException(2)
LinearAlgebra.PosDefException(4)
LinearAlgebra.PosDefException(139)
DEBUG [determine_optimal_points_count]: Large num points: 1
DEBUG [determine_optimal_points_count]: Good num points: 1
DEBUG [multipoint_parameter_estimation]: Parameter estimation using this many points: 1

DEBUG [pick_points]: Starting point selection...
DEBUG [pick_points]: Number of points to pick: 1
DEBUG [pick_points]: Total points available: 1001
DEBUG [pick_points]: Number of interpolants: 2

DEBUG [pick_points]: Computing interestingness scores...
DEBUG [pick_points]: Processed 100 points
DEBUG [pick_points]: Processed 200 points
DEBUG [pick_points]: Processed 300 points
DEBUG [pick_points]: Processed 400 points
DEBUG [pick_points]: Processed 500 points
DEBUG [pick_points]: Processed 600 points
DEBUG [pick_points]: Processed 700 points
DEBUG [pick_points]: Processed 800 points
DEBUG [pick_points]: Processed 900 points
DEBUG [pick_points]: Processed 1000 points

DEBUG [pick_points]: Score statistics:
DEBUG [pick_points]: Min score: 0.08101761526903675
DEBUG [pick_points]: Max score: 1.659699930049025
DEBUG [pick_points]: Mean score: 0.4823143629683814
DEBUG [pick_points]: Normalized scores

DEBUG [pick_points]: Selected 1 points
DEBUG [pick_points]: Selected time points: [-0.998]
aa_system
Any[_t2_x2_t_ - 4821853513866641//9007199254740992, _t2_x2ˍt_t_ - 753339127455123//4503599627370496, _t2_x2ˍtt_t_ + 8214469590864133//18014398509481984, _t2_x1_t_ - 3697340389307677//4503599627370496, _t2_x1ˍt_t_ + 1110712007062281//1125899906842624, _t2_x1ˍtt_t_ - 3743504079951379//2251799813685248, _t2_x1ˍttt_t_ + 738363256833095//281474976710656, _t2_x1ˍtttt_t_ - 5894709844299969//2251799813685248, -_tpa21_*_t2_x1_t_ + _tpa12_*_t2_x2_t_ + _t2_x2ˍt_t_, -_tpa21_*_t2_x1ˍt_t_ + _tpa12_*_t2_x2ˍt_t_ + _t2_x2ˍtt_t_, -_tpa13_*_t2_x3_t_ + _tpa31_*_t2_x1_t_ + _tpa21_*_t2_x1_t_ - _tpa12_*_t2_x2_t_ + _tpa01_*_t2_x1_t_ + _t2_x1ˍt_t_, -_tpa13_*_t2_x3ˍt_t_ + _tpa31_*_t2_x1ˍt_t_ + _tpa21_*_t2_x1ˍt_t_ - _tpa12_*_t2_x2ˍt_t_ + _tpa01_*_t2_x1ˍt_t_ + _t2_x1ˍtt_t_, -_tpa13_*_t2_x3ˍtt_t_ + _tpa31_*_t2_x1ˍtt_t_ + _tpa21_*_t2_x1ˍtt_t_ - _tpa12_*_t2_x2ˍtt_t_ + _tpa01_*_t2_x1ˍtt_t_ + _t2_x1ˍttt_t_, -_tpa13_*_t2_x3ˍttt_t_ + _tpa31_*_t2_x1ˍttt_t_ + _tpa21_*_t2_x1ˍttt_t_ - _tpa12_*_t2_x2ˍttt_t_ + _tpa01_*_t2_x1ˍttt_t_ + _t2_x1ˍtttt_t_, _tpa13_*_t2_x3_t_ - _tpa31_*_t2_x1_t_ + _t2_x3ˍt_t_, _tpa13_*_t2_x3ˍt_t_ - _tpa31_*_t2_x1ˍt_t_ + _t2_x3ˍtt_t_, _tpa13_*_t2_x3ˍtt_t_ - _tpa31_*_t2_x1ˍtt_t_ + _t2_x3ˍttt_t_, -_tpa21_*_t2_x1ˍtt_t_ + _tpa12_*_t2_x2ˍtt_t_ + _t2_x2ˍttt_t_]
R
Multivariate polynomial ring in 18 variables over rationals
primes of bitsize 28
G-Q-Pt-FG-LT-LP(C)
Dimension of the quotient :1
Degree of the radical :1
Use last variable as separating element
Run Groebner learn
Test cyclic optimization
Apply cyclic optimization 
Multi-modular computation (1 threads): G-Q-Pt-FG-LT-LP(C)
5-9-13-17-21-25-29-33-
check-G-Q-Pt-FG-LT-LP(C)
Nb Primes used :33
1-element Vector{Vector{Vector{BigFloat}}}:
 [[10.766998, 10.767014], [-4.6613235, -4.6613159], [0.40888691, 0.40888739], [0.31459093, 0.31459141], [0.38403749, 0.38403797], [0.82097435, 0.8209753], [0.53533268, 0.53533363], [-0.40222692, -0.40222645], [0.16727471, 0.16727495], [-0.45599508, -0.45599461], [-0.98651123, -0.98651028], [1.6624489, 1.6624508], [-2.6231956, -2.6231918], [2.617775, 2.6177788], [0.50395012, 0.50395107], [-0.82759857, -0.82759762], [1.1615429, 1.1615448], [0.82320595, 0.8232069]]


