LinearAlgebra.PosDefException(2)
LinearAlgebra.PosDefException(2)
LinearAlgebra.PosDefException(2)
LinearAlgebra.PosDefException(4)
LinearAlgebra.PosDefException(3)
LinearAlgebra.PosDefException(4)
LinearAlgebra.PosDefException(91)
DEBUG [determine_optimal_points_count]: Large num points: 1
DEBUG [determine_optimal_points_count]: Good num points: 1
DEBUG [multipoint_parameter_estimation]: Parameter estimation using this many points: 1

DEBUG [pick_points]: Starting point selection...
DEBUG [pick_points]: Number of points to pick: 1
DEBUG [pick_points]: Total points available: 1001
DEBUG [pick_points]: Number of interpolants: 1

DEBUG [pick_points]: Computing interestingness scores...
DEBUG [pick_points]: Processed 100 points
DEBUG [pick_points]: Processed 200 points
DEBUG [pick_points]: Processed 300 points
DEBUG [pick_points]: Processed 400 points
DEBUG [pick_points]: Processed 500 points
DEBUG [pick_points]: Processed 600 points
DEBUG [pick_points]: Processed 700 points
DEBUG [pick_points]: Processed 800 points
DEBUG [pick_points]: Processed 900 points
DEBUG [pick_points]: Processed 1000 points

DEBUG [pick_points]: Score statistics:
DEBUG [pick_points]: Min score: 0.9077039970142934
DEBUG [pick_points]: Max score: 7.969399223314966
DEBUG [pick_points]: Mean score: 4.459027911314208
DEBUG [pick_points]: Normalized scores

DEBUG [pick_points]: Selected 1 points
DEBUG [pick_points]: Selected time points: [0.998]
aa_system
Any[_t1000_V_t_ - 1184258107675485//140737488355328, _t1000_Vˍt_t_ - 8230855120121681//1125899906842624, _t1000_Vˍtt_t_ - 502767893339559//140737488355328, _t1000_Vˍttt_t_ + 3630841157235261//140737488355328, _t1000_Vˍtttt_t_ + 4124161874016941//8796093022208, 1//3*_tpg_*_t1000_V_t_^3 - _tpg_*_t1000_V_t_ - _tpg_*_t1000_R_t_ + _t1000_Vˍt_t_, _tpg_*_t1000_V_t_^2*_t1000_Vˍt_t_ - _tpg_*_t1000_Vˍt_t_ - _tpg_*_t1000_Rˍt_t_ + _t1000_Vˍtt_t_, _tpg_*_t1000_V_t_^2*_t1000_Vˍtt_t_ + 2*_tpg_*_t1000_V_t_*_t1000_Vˍt_t_^2 - _tpg_*_t1000_Vˍtt_t_ - _tpg_*_t1000_Rˍtt_t_ + _t1000_Vˍttt_t_, _tpg_*_t1000_V_t_^2*_t1000_Vˍttt_t_ + 6*_tpg_*_t1000_V_t_*_t1000_Vˍt_t_*_t1000_Vˍtt_t_ + 2*_tpg_*_t1000_Vˍt_t_^3 - _tpg_*_t1000_Vˍttt_t_ - _tpg_*_t1000_Rˍttt_t_ + _t1000_Vˍtttt_t_, _tpa_ + _tpg_*_t1000_Rˍt_t_ - _tpb_*_t1000_R_t_ - _t1000_V_t_, _tpg_*_t1000_Rˍtt_t_ - _tpb_*_t1000_Rˍt_t_ - _t1000_Vˍt_t_, _tpg_*_t1000_Rˍttt_t_ - _tpb_*_t1000_Rˍtt_t_ - _t1000_Vˍtt_t_]
R
Multivariate polynomial ring in 12 variables over rationals
primes of bitsize 28
G-Q-Pt-FG-LT-LP(C)
Dimension of the quotient :2
Degree of the radical :2
Use last variable as separating element
Run Groebner learn
Test cyclic optimization
Apply cyclic optimization 
Multi-modular computation (1 threads): G-Q-Pt-FG-LT-LP(C)
5-9-13-17-21-25-29-33-37-41-
check-G-Q-Pt-FG-LT-LP(C)
Nb Primes used :41
2-element Vector{Vector{Vector{BigFloat}}}:
 [[20.61908, 20.61911], [-0.13105464, -0.1310544], [-0.38020706, -0.38020658], [8.4146576, 8.4146729], [134.40747, 134.40771], [7.310463, 7.3104706], [3.5723801, 3.5723839], [-25.798706, -25.798676], [-468.86328, -468.86279], [483.05908, 483.05957], [1345.6367, 1345.6387], [3876.6133, 3876.6172]]
 [[57.456482, 57.456543], [-0.016618431, -0.016618401], [-0.17673802, -0.17673779], [8.4146576, 8.4146729], [-249.71191, -249.71167], [7.310463, 7.3104706], [3.5723801, 3.5723839], [-25.798706, -25.798676], [-468.86328, -468.86279], [295.35303, 295.35352], [2701.1953, 2701.1992], [28512.406, 28512.438]]




