LinearAlgebra.PosDefException(6)
LinearAlgebra.PosDefException(2)
LinearAlgebra.PosDefException(2)
LinearAlgebra.PosDefException(7)
LinearAlgebra.PosDefException(4)
LinearAlgebra.PosDefException(4)
LinearAlgebra.PosDefException(87)
LinearAlgebra.PosDefException(2)
LinearAlgebra.PosDefException(3)
LinearAlgebra.PosDefException(3)
LinearAlgebra.PosDefException(2)
LinearAlgebra.PosDefException(3)
LinearAlgebra.PosDefException(4)
LinearAlgebra.PosDefException(13)
LinearAlgebra.PosDefException(2)
LinearAlgebra.PosDefException(3)
LinearAlgebra.PosDefException(3)
LinearAlgebra.PosDefException(2)
LinearAlgebra.PosDefException(4)
LinearAlgebra.PosDefException(4)
LinearAlgebra.PosDefException(4)
LinearAlgebra.PosDefException(2)
LinearAlgebra.PosDefException(2)
LinearAlgebra.PosDefException(2)
LinearAlgebra.PosDefException(3)
LinearAlgebra.PosDefException(6)
LinearAlgebra.PosDefException(6)
LinearAlgebra.PosDefException(4)
LinearAlgebra.PosDefException(3)
LinearAlgebra.PosDefException(2)
LinearAlgebra.PosDefException(2)
LinearAlgebra.PosDefException(3)
LinearAlgebra.PosDefException(5)
LinearAlgebra.PosDefException(220)
LinearAlgebra.PosDefException(2)
LinearAlgebra.PosDefException(6)
LinearAlgebra.PosDefException(2)
LinearAlgebra.PosDefException(3)
LinearAlgebra.PosDefException(3)
LinearAlgebra.PosDefException(4)
LinearAlgebra.PosDefException(84)
LinearAlgebra.PosDefException(2)
LinearAlgebra.PosDefException(3)
LinearAlgebra.PosDefException(2)
LinearAlgebra.PosDefException(2)
LinearAlgebra.PosDefException(3)
LinearAlgebra.PosDefException(4)
LinearAlgebra.PosDefException(4)
LinearAlgebra.PosDefException(3)
LinearAlgebra.PosDefException(6)
LinearAlgebra.PosDefException(3)
LinearAlgebra.PosDefException(2)
LinearAlgebra.PosDefException(6)
LinearAlgebra.PosDefException(4)
LinearAlgebra.PosDefException(4)
LinearAlgebra.PosDefException(5)
LinearAlgebra.PosDefException(2)
LinearAlgebra.PosDefException(3)
LinearAlgebra.PosDefException(2)
LinearAlgebra.PosDefException(3)
LinearAlgebra.PosDefException(6)
LinearAlgebra.PosDefException(4)
LinearAlgebra.PosDefException(87)
LinearAlgebra.PosDefException(2)
LinearAlgebra.PosDefException(2)
LinearAlgebra.PosDefException(2)
LinearAlgebra.PosDefException(2)
LinearAlgebra.PosDefException(3)
LinearAlgebra.PosDefException(4)
LinearAlgebra.PosDefException(5)
LinearAlgebra.PosDefException(2)
LinearAlgebra.PosDefException(3)
LinearAlgebra.PosDefException(5)
LinearAlgebra.PosDefException(2)
LinearAlgebra.PosDefException(2)
LinearAlgebra.PosDefException(3)
LinearAlgebra.PosDefException(3)
LinearAlgebra.PosDefException(7)
LinearAlgebra.PosDefException(8)
LinearAlgebra.PosDefException(88)
LinearAlgebra.PosDefException(2)
LinearAlgebra.PosDefException(3)
LinearAlgebra.PosDefException(2)
LinearAlgebra.PosDefException(3)
LinearAlgebra.PosDefException(4)
LinearAlgebra.PosDefException(6)
LinearAlgebra.PosDefException(32)
LinearAlgebra.PosDefException(2)
LinearAlgebra.PosDefException(2)
LinearAlgebra.PosDefException(2)
LinearAlgebra.PosDefException(2)
LinearAlgebra.PosDefException(3)
LinearAlgebra.PosDefException(4)
LinearAlgebra.PosDefException(7)
LinearAlgebra.PosDefException(2)
LinearAlgebra.PosDefException(2)
LinearAlgebra.PosDefException(2)
LinearAlgebra.PosDefException(3)
LinearAlgebra.PosDefException(8)
LinearAlgebra.PosDefException(4)
LinearAlgebra.PosDefException(23)
DEBUG [determine_optimal_points_count]: Large num points: 1
DEBUG [determine_optimal_points_count]: Good num points: 1
DEBUG [multipoint_parameter_estimation]: Parameter estimation using this many points: 1

DEBUG [pick_points]: Starting point selection...
DEBUG [pick_points]: Number of points to pick: 1
DEBUG [pick_points]: Total points available: 1001
DEBUG [pick_points]: Number of interpolants: 4

DEBUG [pick_points]: Computing interestingness scores...
DEBUG [pick_points]: Processed 100 points
DEBUG [pick_points]: Processed 200 points
DEBUG [pick_points]: Processed 300 points
DEBUG [pick_points]: Processed 400 points
DEBUG [pick_points]: Processed 500 points
DEBUG [pick_points]: Processed 600 points
DEBUG [pick_points]: Processed 700 points
DEBUG [pick_points]: Processed 800 points
DEBUG [pick_points]: Processed 900 points
DEBUG [pick_points]: Processed 1000 points

DEBUG [pick_points]: Score statistics:
DEBUG [pick_points]: Min score: 0.2066425912415947
DEBUG [pick_points]: Max score: 0.47328677882590336
DEBUG [pick_points]: Mean score: 0.3235023672478545
DEBUG [pick_points]: Normalized scores

DEBUG [pick_points]: Selected 1 points
DEBUG [pick_points]: Selected time points: [-0.998]
aa_system
Any[_t2_yy_t_ + _t2_vv_t_ - 4344120534320757//4503599627370496, _t2_yyˍt_t_ + _t2_vvˍt_t_ + 3111944972279245//18014398509481984, _t2_yyˍtt_t_ + _t2_vvˍtt_t_ - 8068103522555221//72057594037927936, _t2_z_t_ - 3725023984051103//9007199254740992, _t2_zˍt_t_ + 7823092474336935//36028797018963968, _t2_zˍtt_t_ - 864178537700125//9007199254740992, _t2_zˍttt_t_ + 907347749046461//72057594037927936, _t2_x_t_ - 3157047775638901//4503599627370496, _t2_xˍt_t_ + 3923899978419253//9223372036854775808, _t2_xˍtt_t_ + 5475630393685321//72057594037927936, _t2_xˍttt_t_ - 1518467940448229//18014398509481984, _t2_w_t_ - 459614384702851//562949953421312, _t2_wˍt_t_ + 5079392015452035//18014398509481984, _t2_wˍtt_t_ - 1526186726126321//18014398509481984, _t2_wˍttt_t_ + 2423006421847673//144115188075855872, _tpa_*_t2_yy_t_ - _tpbeta_*_t2_x_t_*_t2_vv_t_ + _t2_yyˍt_t_, _tpuu_*_t2_vv_t_ - _tpk_*_t2_yy_t_ + _t2_vvˍt_t_, _tpa_*_t2_yyˍt_t_ - _tpbeta_*_t2_x_t_*_t2_vvˍt_t_ - _tpbeta_*_t2_vv_t_*_t2_xˍt_t_ + _t2_yyˍtt_t_, _tpuu_*_t2_vvˍt_t_ - _tpk_*_t2_yyˍt_t_ + _t2_vvˍtt_t_, -_tpc_*_tpq_*_t2_yy_t_*_t2_w_t_ + _tph_*_t2_z_t_ + _t2_zˍt_t_, -_tpc_*_tpq_*_t2_yy_t_*_t2_wˍt_t_ - _tpc_*_tpq_*_t2_w_t_*_t2_yyˍt_t_ + _tph_*_t2_zˍt_t_ + _t2_zˍtt_t_, -_tpc_*_tpq_*_t2_yy_t_*_t2_wˍtt_t_ - _tpc_*_tpq_*_t2_w_t_*_t2_yyˍtt_t_ - 2*_tpc_*_tpq_*_t2_yyˍt_t_*_t2_wˍt_t_ + _tph_*_t2_zˍtt_t_ + _t2_zˍttt_t_, _tpd_*_t2_x_t_ + _tpbeta_*_t2_x_t_*_t2_vv_t_ - _tplm_ + _t2_xˍt_t_, _tpd_*_t2_xˍt_t_ + _tpbeta_*_t2_x_t_*_t2_vvˍt_t_ + _tpbeta_*_t2_vv_t_*_t2_xˍt_t_ + _t2_xˍtt_t_, _tpd_*_t2_xˍtt_t_ + _tpbeta_*_t2_x_t_*_t2_vvˍtt_t_ + _tpbeta_*_t2_vv_t_*_t2_xˍtt_t_ + 2*_tpbeta_*_t2_vvˍt_t_*_t2_xˍt_t_ + _t2_xˍttt_t_, _tpc_*_tpq_*_t2_yy_t_*_t2_w_t_ - _tpc_*_t2_x_t_*_t2_yy_t_*_t2_w_t_ + _tpb_*_t2_w_t_ + _t2_wˍt_t_, _tpc_*_tpq_*_t2_yy_t_*_t2_wˍt_t_ + _tpc_*_tpq_*_t2_w_t_*_t2_yyˍt_t_ - _tpc_*_t2_x_t_*_t2_yy_t_*_t2_wˍt_t_ - _tpc_*_t2_x_t_*_t2_w_t_*_t2_yyˍt_t_ - _tpc_*_t2_yy_t_*_t2_w_t_*_t2_xˍt_t_ + _tpb_*_t2_wˍt_t_ + _t2_wˍtt_t_, _tpc_*_tpq_*_t2_yy_t_*_t2_wˍtt_t_ + _tpc_*_tpq_*_t2_w_t_*_t2_yyˍtt_t_ + 2*_tpc_*_tpq_*_t2_yyˍt_t_*_t2_wˍt_t_ - _tpc_*_t2_x_t_*_t2_yy_t_*_t2_wˍtt_t_ - _tpc_*_t2_x_t_*_t2_w_t_*_t2_yyˍtt_t_ - 2*_tpc_*_t2_x_t_*_t2_yyˍt_t_*_t2_wˍt_t_ - _tpc_*_t2_yy_t_*_t2_w_t_*_t2_xˍtt_t_ - 2*_tpc_*_t2_yy_t_*_t2_xˍt_t_*_t2_wˍt_t_ - 2*_tpc_*_t2_w_t_*_t2_yyˍt_t_*_t2_xˍt_t_ + _tpb_*_t2_wˍtt_t_ + _t2_wˍttt_t_]
R
Multivariate polynomial ring in 28 variables over rationals
primes of bitsize 28
G-Q-Pt-FG-LT-LP(U)
G-Q-Pt-FG-LT-LP(U)
G-Q-Pt-FG-LT-LP(U)
G-Q-Pt-FG-LT-LP(U)
G-Q-Pt-FG-LT-LP(U)
G-Q-Pt-FG-LT-LP(U)
G-Q-Pt-FG-LT-LP(U)
G-Q-Pt-FG-LT-LP(U)
G-Q-Pt-FG-LT-LP(U)
G-Q-Pt-FG-LT-LP(C)
Dimension of the quotient :4
Degree of the radical :4
Use variable 19 as separating element
Run Groebner learn
Test cyclic optimization
Apply cyclic optimization 
Multi-modular computation (1 threads): G-Q-Pt-FG-LT-LP(C)
5-9-13-17-21-25-29-33-37-41-45-49-53-61-69-77-85-93-105-117-129-141-157-173-193-213-
check-G-Q-Pt-FG-LT-LP(C)
Nb Primes used :213
4-element Vector{Vector{Vector{BigFloat}}}:
 [[0.72052288, 0.72052383], [0.19723225, 0.19723248], [-0.28030109, -0.28030062], [0.36066151, 0.36066198], [0.43400335, 0.43400383], [0.47942305, 0.47942352], [0.64920902, 0.64920998], [0.3744278, 0.37442827], [0.59950733, 0.59950829], [-0.071094036, -0.071093917], [0.70100498, 0.70100594], [0.66519165, 0.6651926], [0.29939651, 0.29939699], [0.81643867, 0.81643963], [0.41356039, 0.41356087], [-0.3534627, -0.35346222], [0.18071437, 0.18071461], [0.33054781, 0.33054829], [-0.21858072, -0.21858048], [-0.01681301, -0.01681298], [-0.21713448, -0.21713424], [0.095942974, 0.095943093], [-0.012591988, -0.012591973], [-0.00042543048, -0.00042543001], [-0.075989723, -0.075989604], [0.084291816, 0.084291935], [-0.28196335, -0.28196287], [0.084720373, 0.084720492]]
 [[1.9974537, 1.9974556], [0.97964191, 0.97964287], [1.3219795, 1.3219814], [0.98628616, 0.98628712], [-4.0558167, -4.055809], [1.299057, 1.2990589], [-0.090443373, -0.090443254], [0.48888588, 0.48888636], [-0.54569626, -0.5456953], [0.46358633, 0.46358681], [0.70100498, 0.70100594], [-0.24498153, -0.24498129], [1.209568, 1.2095699], [0.81643867, 0.81643963], [0.41356039, 0.41356087], [0.026635826, 0.026635855], [-0.1993835, -0.19938326], [0.023348182, 0.023348212], [0.088619232, 0.088619351], [-0.01681301, -0.01681298], [-0.21713448, -0.21713424], [0.095942974, 0.095943093], [-0.012591988, -0.012591973], [-0.00042543048, -0.00042543001], [-0.075989723, -0.075989604], [0.084291816, 0.084291935], [-0.28196335, -0.28196287], [0.084720373, 0.084720492]]
 [[1.3572006, 1.3572025], [-0.38563967, -0.38563919], [0.71251678, 0.71251774], [-0.27419472, -0.27419424], [2.0907555, 2.0907593], [0.47942305, 0.47942352], [0.64920902, 0.64920998], [0.3744278, 0.37442827], [-0.30716562, -0.30716515], [0.21809816, 0.2180984], [0.70100498, 0.70100594], [-0.34020758, -0.3402071], [1.3047943, 1.3047962], [0.81643867, 0.81643963], [0.41356039, 0.41356087], [0.1807754, 0.18077564], [-0.35352325, -0.35352278], [-0.16905642, -0.16905618], [0.2810235, 0.28102398], [-0.01681301, -0.01681298], [-0.21713448, -0.21713424], [0.095942974, 0.095943093], [-0.012591988, -0.012591973], [-0.00042543048, -0.00042543001], [-0.075989723, -0.075989604], [0.084291816, 0.084291935], [-0.28196335, -0.28196287], [0.084720373, 0.084720492]]
 [[-1.2894249, -1.289423], [-0.13018823, -0.13018799], [15.886383, 15.886398], [4.2826004, 4.282608], [-2.0266991, -2.0266953], [1.299057, 1.2990589], [-0.090443373, -0.090443254], [0.48888588, 0.48888636], [4.183548, 4.1835556], [8.558609, 8.5586243], [0.70100498, 0.70100594], [1.843441, 1.8434429], [-0.87885475, -0.8788538], [0.81643867, 0.81643963], [0.41356039, 0.41356087], [-0.20043015, -0.20042992], [0.027682394, 0.027682424], [-0.17569113, -0.17569089], [0.28765821, 0.28765869], [-0.01681301, -0.01681298], [-0.21713448, -0.21713424], [0.095942974, 0.095943093], [-0.012591988, -0.012591973], [-0.00042543048, -0.00042543001], [-0.075989723, -0.075989604], [0.084291816, 0.084291935], [-0.28196335, -0.28196287], [0.084720373, 0.084720492]]








