LinearAlgebra.PosDefException(3)
LinearAlgebra.PosDefException(2)
LinearAlgebra.PosDefException(2)
LinearAlgebra.PosDefException(4)
LinearAlgebra.PosDefException(3)
LinearAlgebra.PosDefException(5)
LinearAlgebra.PosDefException(87)
LinearAlgebra.PosDefException(3)
LinearAlgebra.PosDefException(2)
LinearAlgebra.PosDefException(2)
LinearAlgebra.PosDefException(5)
LinearAlgebra.PosDefException(5)
LinearAlgebra.PosDefException(4)
LinearAlgebra.PosDefException(30)
LinearAlgebra.PosDefException(2)
LinearAlgebra.PosDefException(3)
LinearAlgebra.PosDefException(2)
LinearAlgebra.PosDefException(2)
LinearAlgebra.PosDefException(5)
LinearAlgebra.PosDefException(5)
LinearAlgebra.PosDefException(8)
LinearAlgebra.PosDefException(2)
LinearAlgebra.PosDefException(2)
LinearAlgebra.PosDefException(2)
LinearAlgebra.PosDefException(2)
LinearAlgebra.PosDefException(2)
LinearAlgebra.PosDefException(3)
LinearAlgebra.PosDefException(3)
LinearAlgebra.PosDefException(4)
LinearAlgebra.PosDefException(5)
LinearAlgebra.PosDefException(3)
LinearAlgebra.PosDefException(40)
DEBUG [determine_optimal_points_count]: Large num points: 1
DEBUG [determine_optimal_points_count]: Good num points: 1
DEBUG [multipoint_parameter_estimation]: Parameter estimation using this many points: 1

DEBUG [pick_points]: Starting point selection...
DEBUG [pick_points]: Number of points to pick: 1
DEBUG [pick_points]: Total points available: 1001
DEBUG [pick_points]: Number of interpolants: 1

DEBUG [pick_points]: Computing interestingness scores...
DEBUG [pick_points]: Processed 100 points
DEBUG [pick_points]: Processed 200 points
DEBUG [pick_points]: Processed 300 points
DEBUG [pick_points]: Processed 400 points
DEBUG [pick_points]: Processed 500 points
DEBUG [pick_points]: Processed 600 points
DEBUG [pick_points]: Processed 700 points
DEBUG [pick_points]: Processed 800 points
DEBUG [pick_points]: Processed 900 points
DEBUG [pick_points]: Processed 1000 points

DEBUG [pick_points]: Score statistics:
DEBUG [pick_points]: Min score: 0.06443659261299761
DEBUG [pick_points]: Max score: 0.14762910685861255
DEBUG [pick_points]: Mean score: 0.11699418258033259
DEBUG [pick_points]: Normalized scores

DEBUG [pick_points]: Selected 1 points
DEBUG [pick_points]: Selected time points: [0.412]
aa_system
Any[_t707_r_t_ - 1575703180610505//2251799813685248, _t707_rˍt_t_ + 6895165284871149//36028797018963968, _t707_rˍtt_t_ + 1692562575812927//18014398509481984, _t707_rˍttt_t_ - 3259584857083449//18014398509481984, _t707_rˍtttt_t_ - 2725501974019747//36028797018963968, _tpk2_*_t707_r_t_*_t707_w_t_ - _tpk1_*_t707_r_t_ + _t707_rˍt_t_, _tpk2_*_t707_r_t_*_t707_wˍt_t_ + _tpk2_*_t707_w_t_*_t707_rˍt_t_ - _tpk1_*_t707_rˍt_t_ + _t707_rˍtt_t_, _tpk2_*_t707_r_t_*_t707_wˍtt_t_ + _tpk2_*_t707_w_t_*_t707_rˍtt_t_ + 2*_tpk2_*_t707_rˍt_t_*_t707_wˍt_t_ - _tpk1_*_t707_rˍtt_t_ + _t707_rˍttt_t_, _tpk2_*_t707_r_t_*_t707_wˍttt_t_ + _tpk2_*_t707_w_t_*_t707_rˍttt_t_ + 3*_tpk2_*_t707_rˍt_t_*_t707_wˍtt_t_ + 3*_tpk2_*_t707_rˍtt_t_*_t707_wˍt_t_ - _tpk1_*_t707_rˍttt_t_ + _t707_rˍtttt_t_, -_tpk2_*_t707_r_t_*_t707_w_t_ + _tpk3_*_t707_w_t_ + _t707_wˍt_t_, -_tpk2_*_t707_r_t_*_t707_wˍt_t_ - _tpk2_*_t707_w_t_*_t707_rˍt_t_ + _tpk3_*_t707_wˍt_t_ + _t707_wˍtt_t_, -_tpk2_*_t707_r_t_*_t707_wˍtt_t_ - _tpk2_*_t707_w_t_*_t707_rˍtt_t_ - 2*_tpk2_*_t707_rˍt_t_*_t707_wˍt_t_ + _tpk3_*_t707_wˍtt_t_ + _t707_wˍttt_t_]
R
Multivariate polynomial ring in 12 variables over rationals
primes of bitsize 28
G-Q-Pt-FG-LT-LP(C)
Dimension of the quotient :2
Degree of the radical :2
Use last variable as separating element
Run Groebner learn
Test cyclic optimization
Apply cyclic optimization 
Multi-modular computation (1 threads): G-Q-Pt-FG-LT-LP(C)
5-9-13-17-21-25-29-33-37-41-45-49-53-61-69-
check-G-Q-Pt-FG-LT-LP(C)
Nb Primes used :69
2-element Vector{Vector{Vector{BigFloat}}}:
 [[0.9783802, 0.97838116], [0.5755682, 0.57556915], [0.43838882, 0.4383893], [0.69975185, 0.69975281], [0.86782551, 0.86782646], [-0.19137931, -0.19137907], [-0.093956113, -0.093955994], [0.18094325, 0.18094349], [0.075647831, 0.07564795], [0.2136898, 0.21369004], [-0.10987532, -0.1098752], [-0.18685365, -0.18685341]]
 [[4.9415665, 4.9415741], [-0.43903351, -0.43903303], [4.7208481, 4.7208557], [0.69975185, 0.69975281], [-0.033499002, -0.033498943], [-0.19137931, -0.19137907], [-0.093956113, -0.093955994], [0.18094325, 0.18094349], [0.075647831, 0.07564795], [0.04230845, 0.042308509], [-0.021754205, -0.021754175], [-0.036995113, -0.036995053]]




