LinearAlgebra.PosDefException(2)
LinearAlgebra.PosDefException(2)
LinearAlgebra.PosDefException(3)
LinearAlgebra.PosDefException(4)
LinearAlgebra.PosDefException(3)
LinearAlgebra.PosDefException(5)
LinearAlgebra.PosDefException(82)
LinearAlgebra.PosDefException(2)
LinearAlgebra.PosDefException(2)
LinearAlgebra.PosDefException(2)
LinearAlgebra.PosDefException(3)
LinearAlgebra.PosDefException(5)
LinearAlgebra.PosDefException(4)
LinearAlgebra.PosDefException(33)
LinearAlgebra.PosDefException(3)
LinearAlgebra.PosDefException(3)
LinearAlgebra.PosDefException(3)
LinearAlgebra.PosDefException(3)
LinearAlgebra.PosDefException(3)
LinearAlgebra.PosDefException(4)
LinearAlgebra.PosDefException(11)
LinearAlgebra.PosDefException(3)
LinearAlgebra.PosDefException(2)
LinearAlgebra.PosDefException(3)
LinearAlgebra.PosDefException(5)
LinearAlgebra.PosDefException(4)
LinearAlgebra.PosDefException(3)
LinearAlgebra.PosDefException(46)
LinearAlgebra.PosDefException(2)
LinearAlgebra.PosDefException(2)
LinearAlgebra.PosDefException(2)
LinearAlgebra.PosDefException(3)
LinearAlgebra.PosDefException(4)
LinearAlgebra.PosDefException(407)
LinearAlgebra.PosDefException(1)
LinearAlgebra.PosDefException(1)
LinearAlgebra.PosDefException(1)
LinearAlgebra.PosDefException(1)
LinearAlgebra.PosDefException(1)
LinearAlgebra.PosDefException(1)
LinearAlgebra.PosDefException(1)
LinearAlgebra.PosDefException(1)
LinearAlgebra.PosDefException(1)
LinearAlgebra.PosDefException(1)
LinearAlgebra.PosDefException(1)
LinearAlgebra.PosDefException(1)
LinearAlgebra.PosDefException(1)
LinearAlgebra.PosDefException(1)
LinearAlgebra.PosDefException(1)
LinearAlgebra.PosDefException(1)
LinearAlgebra.PosDefException(1)
LinearAlgebra.PosDefException(1)
LinearAlgebra.PosDefException(1)
LinearAlgebra.PosDefException(1)
LinearAlgebra.PosDefException(1)
LinearAlgebra.PosDefException(1)
LinearAlgebra.PosDefException(1)
LinearAlgebra.PosDefException(1)
LinearAlgebra.PosDefException(1)
LinearAlgebra.PosDefException(1)
LinearAlgebra.PosDefException(1)
LinearAlgebra.PosDefException(1)
LinearAlgebra.PosDefException(1)
LinearAlgebra.PosDefException(1)
LinearAlgebra.PosDefException(1)
LinearAlgebra.PosDefException(1)
LinearAlgebra.PosDefException(1)
LinearAlgebra.PosDefException(1)
LinearAlgebra.PosDefException(7)
LinearAlgebra.PosDefException(9)
LinearAlgebra.PosDefException(8)
LinearAlgebra.PosDefException(7)
LinearAlgebra.PosDefException(1)
LinearAlgebra.PosDefException(1)
LinearAlgebra.PosDefException(1)
LinearAlgebra.PosDefException(1)
LinearAlgebra.PosDefException(1)
LinearAlgebra.PosDefException(1)
LinearAlgebra.PosDefException(1)
LinearAlgebra.PosDefException(1)
LinearAlgebra.PosDefException(1)
LinearAlgebra.PosDefException(1)
LinearAlgebra.PosDefException(1)
LinearAlgebra.PosDefException(1)
LinearAlgebra.PosDefException(1)
LinearAlgebra.PosDefException(1)
LinearAlgebra.PosDefException(1)
LinearAlgebra.PosDefException(1)
LinearAlgebra.PosDefException(1)
LinearAlgebra.PosDefException(1)
LinearAlgebra.PosDefException(1)
LinearAlgebra.PosDefException(1)
LinearAlgebra.PosDefException(1)
LinearAlgebra.PosDefException(1)
LinearAlgebra.PosDefException(1)
LinearAlgebra.PosDefException(1)
LinearAlgebra.PosDefException(1)
LinearAlgebra.PosDefException(1)
LinearAlgebra.PosDefException(1)
LinearAlgebra.PosDefException(1)
LinearAlgebra.PosDefException(1)
LinearAlgebra.PosDefException(1)
LinearAlgebra.PosDefException(1)
LinearAlgebra.PosDefException(1)
LinearAlgebra.PosDefException(1)
DEBUG [determine_optimal_points_count]: Large num points: 1
DEBUG [determine_optimal_points_count]: Good num points: 1
DEBUG [multipoint_parameter_estimation]: Parameter estimation using this many points: 1

DEBUG [pick_points]: Starting point selection...
DEBUG [pick_points]: Number of points to pick: 1
DEBUG [pick_points]: Total points available: 1001
DEBUG [pick_points]: Number of interpolants: 2

DEBUG [pick_points]: Computing interestingness scores...
DEBUG [pick_points]: Processed 100 points
DEBUG [pick_points]: Processed 200 points
DEBUG [pick_points]: Processed 300 points
DEBUG [pick_points]: Processed 400 points
DEBUG [pick_points]: Processed 500 points
DEBUG [pick_points]: Processed 600 points
DEBUG [pick_points]: Processed 700 points
DEBUG [pick_points]: Processed 800 points
DEBUG [pick_points]: Processed 900 points
DEBUG [pick_points]: Processed 1000 points

DEBUG [pick_points]: Score statistics:
DEBUG [pick_points]: Min score: 0.010640249386086353
DEBUG [pick_points]: Max score: 0.08641749804217645
DEBUG [pick_points]: Mean score: 0.03451150307880583
DEBUG [pick_points]: Normalized scores

DEBUG [pick_points]: Selected 1 points
DEBUG [pick_points]: Selected time points: [-0.998]
aa_system
Any[_t2_NN_t_ - 8250602557183563//18014398509481984, _t2_In_t_ - 6355739617141433//18014398509481984, _t2_Inˍt_t_ + 6074863855889693//72057594037927936, _t2_Inˍtt_t_ - 3532381085319925//36028797018963968, _t2_Inˍttt_t_ + 7877238634546949//72057594037927936, _t2_Inˍtttt_t_ - 3026830223555337//72057594037927936, _t2_Inˍttttt_t_ - 463370787548279//2251799813685248, _tpa_*_t2_In_t_ - _tpnu_*_t2_E_t_ + _t2_Inˍt_t_, _tpa_*_t2_Inˍt_t_ - _tpnu_*_t2_Eˍt_t_ + _t2_Inˍtt_t_, _tpa_*_t2_Inˍtt_t_ - _tpnu_*_t2_Eˍtt_t_ + _t2_Inˍttt_t_, _tpa_*_t2_Inˍttt_t_ - _tpnu_*_t2_Eˍttt_t_ + _t2_Inˍtttt_t_, _tpa_*_t2_Inˍtttt_t_ - _tpnu_*_t2_Eˍtttt_t_ + _t2_Inˍttttt_t_, _tpnu_*_t2_E_t_*_t2_NN_t_ - _tpb_*_t2_S_t_*_t2_In_t_ + _t2_NN_t_*_t2_Eˍt_t_, _tpnu_*_t2_E_t_*_t2_NNˍt_t_ + _tpnu_*_t2_NN_t_*_t2_Eˍt_t_ - _tpb_*_t2_S_t_*_t2_Inˍt_t_ - _tpb_*_t2_In_t_*_t2_Sˍt_t_ + _t2_NN_t_*_t2_Eˍtt_t_ + _t2_Eˍt_t_*_t2_NNˍt_t_, _tpnu_*_t2_E_t_*_t2_NNˍtt_t_ + _tpnu_*_t2_NN_t_*_t2_Eˍtt_t_ + 2*_tpnu_*_t2_Eˍt_t_*_t2_NNˍt_t_ - _tpb_*_t2_S_t_*_t2_Inˍtt_t_ - _tpb_*_t2_In_t_*_t2_Sˍtt_t_ - 2*_tpb_*_t2_Inˍt_t_*_t2_Sˍt_t_ + _t2_NN_t_*_t2_Eˍttt_t_ + _t2_Eˍt_t_*_t2_NNˍtt_t_ + 2*_t2_Eˍtt_t_*_t2_NNˍt_t_, _tpnu_*_t2_E_t_*_t2_NNˍttt_t_ + _tpnu_*_t2_NN_t_*_t2_Eˍttt_t_ + 3*_tpnu_*_t2_Eˍt_t_*_t2_NNˍtt_t_ + 3*_tpnu_*_t2_Eˍtt_t_*_t2_NNˍt_t_ - _tpb_*_t2_S_t_*_t2_Inˍttt_t_ - _tpb_*_t2_In_t_*_t2_Sˍttt_t_ - 3*_tpb_*_t2_Inˍt_t_*_t2_Sˍtt_t_ - 3*_tpb_*_t2_Inˍtt_t_*_t2_Sˍt_t_ + _t2_NN_t_*_t2_Eˍtttt_t_ + _t2_Eˍt_t_*_t2_NNˍttt_t_ + 3*_t2_Eˍtt_t_*_t2_NNˍtt_t_ + 3*_t2_Eˍttt_t_*_t2_NNˍt_t_, _tpb_*_t2_S_t_*_t2_In_t_ + _t2_NN_t_*_t2_Sˍt_t_, _t2_NNˍt_t_, _t2_NNˍtt_t_, _tpb_*_t2_S_t_*_t2_Inˍt_t_ + _tpb_*_t2_In_t_*_t2_Sˍt_t_ + _t2_NN_t_*_t2_Sˍtt_t_ + _t2_Sˍt_t_*_t2_NNˍt_t_, _t2_NNˍttt_t_, _tpb_*_t2_S_t_*_t2_Inˍtt_t_ + _tpb_*_t2_In_t_*_t2_Sˍtt_t_ + 2*_tpb_*_t2_Inˍt_t_*_t2_Sˍt_t_ + _t2_NN_t_*_t2_Sˍttt_t_ + _t2_Sˍt_t_*_t2_NNˍtt_t_ + 2*_t2_NNˍt_t_*_t2_Sˍtt_t_]
R
Multivariate polynomial ring in 22 variables over rationals
primes of bitsize 28
G-Q-Pt-FG-LT-LP(C)
Dimension of the quotient :4
Degree of the radical :4
Use last variable as separating element
Run Groebner learn
Test cyclic optimization
Apply cyclic optimization 
Multi-modular computation (1 threads): G-Q-Pt-FG-LT-LP(C)
5-9-13-17-21-25-29-33-37-41-45-49-53-61-69-77-85-93-105-117-
check-G-Q-Pt-FG-LT-LP(C)
Nb Primes used :117
Vector{Vector{BigFloat}}[]
DEBUG [determine_optimal_points_count]: Large num points: 1
DEBUG [determine_optimal_points_count]: Good num points: 1
DEBUG [multipoint_parameter_estimation]: Parameter estimation using this many points: 1

DEBUG [pick_points]: Starting point selection...
DEBUG [pick_points]: Number of points to pick: 1
DEBUG [pick_points]: Total points available: 1001
DEBUG [pick_points]: Number of interpolants: 2

DEBUG [pick_points]: Computing interestingness scores...
DEBUG [pick_points]: Processed 100 points
DEBUG [pick_points]: Processed 200 points
DEBUG [pick_points]: Processed 300 points
DEBUG [pick_points]: Processed 400 points
DEBUG [pick_points]: Processed 500 points
DEBUG [pick_points]: Processed 600 points
DEBUG [pick_points]: Processed 700 points
DEBUG [pick_points]: Processed 800 points
DEBUG [pick_points]: Processed 900 points
DEBUG [pick_points]: Processed 1000 points

DEBUG [pick_points]: Score statistics:
DEBUG [pick_points]: Min score: 0.010640249386086353
DEBUG [pick_points]: Max score: 0.08641749804217645
DEBUG [pick_points]: Mean score: 0.03451150307880583
DEBUG [pick_points]: Normalized scores

DEBUG [pick_points]: Selected 1 points
DEBUG [pick_points]: Selected time points: [-0.998]
aa_system
Any[_t2_NN_t_ - 8250602557183563//18014398509481984, _t2_In_t_ - 6355739617141433//18014398509481984, _t2_Inˍt_t_ + 6074863855889693//72057594037927936, _t2_Inˍtt_t_ - 3532381085319925//36028797018963968, _t2_Inˍttt_t_ + 7877238634546949//72057594037927936, _t2_Inˍtttt_t_ - 3026830223555337//72057594037927936, _t2_Inˍttttt_t_ - 463370787548279//2251799813685248, _tpa_*_t2_In_t_ - _tpnu_*_t2_E_t_ + _t2_Inˍt_t_, _tpa_*_t2_Inˍt_t_ - _tpnu_*_t2_Eˍt_t_ + _t2_Inˍtt_t_, _tpa_*_t2_Inˍtt_t_ - _tpnu_*_t2_Eˍtt_t_ + _t2_Inˍttt_t_, _tpa_*_t2_Inˍttt_t_ - _tpnu_*_t2_Eˍttt_t_ + _t2_Inˍtttt_t_, _tpa_*_t2_Inˍtttt_t_ - _tpnu_*_t2_Eˍtttt_t_ + _t2_Inˍttttt_t_, _tpnu_*_t2_E_t_*_t2_NN_t_ - _tpb_*_t2_S_t_*_t2_In_t_ + _t2_NN_t_*_t2_Eˍt_t_, _tpnu_*_t2_E_t_*_t2_NNˍt_t_ + _tpnu_*_t2_NN_t_*_t2_Eˍt_t_ - _tpb_*_t2_S_t_*_t2_Inˍt_t_ - _tpb_*_t2_In_t_*_t2_Sˍt_t_ + _t2_NN_t_*_t2_Eˍtt_t_ + _t2_Eˍt_t_*_t2_NNˍt_t_, _tpnu_*_t2_E_t_*_t2_NNˍtt_t_ + _tpnu_*_t2_NN_t_*_t2_Eˍtt_t_ + 2*_tpnu_*_t2_Eˍt_t_*_t2_NNˍt_t_ - _tpb_*_t2_S_t_*_t2_Inˍtt_t_ - _tpb_*_t2_In_t_*_t2_Sˍtt_t_ - 2*_tpb_*_t2_Inˍt_t_*_t2_Sˍt_t_ + _t2_NN_t_*_t2_Eˍttt_t_ + _t2_Eˍt_t_*_t2_NNˍtt_t_ + 2*_t2_Eˍtt_t_*_t2_NNˍt_t_, _tpnu_*_t2_E_t_*_t2_NNˍttt_t_ + _tpnu_*_t2_NN_t_*_t2_Eˍttt_t_ + 3*_tpnu_*_t2_Eˍt_t_*_t2_NNˍtt_t_ + 3*_tpnu_*_t2_Eˍtt_t_*_t2_NNˍt_t_ - _tpb_*_t2_S_t_*_t2_Inˍttt_t_ - _tpb_*_t2_In_t_*_t2_Sˍttt_t_ - 3*_tpb_*_t2_Inˍt_t_*_t2_Sˍtt_t_ - 3*_tpb_*_t2_Inˍtt_t_*_t2_Sˍt_t_ + _t2_NN_t_*_t2_Eˍtttt_t_ + _t2_Eˍt_t_*_t2_NNˍttt_t_ + 3*_t2_Eˍtt_t_*_t2_NNˍtt_t_ + 3*_t2_Eˍttt_t_*_t2_NNˍt_t_, _tpb_*_t2_S_t_*_t2_In_t_ + _t2_NN_t_*_t2_Sˍt_t_, _t2_NNˍt_t_, _t2_NNˍtt_t_, _tpb_*_t2_S_t_*_t2_Inˍt_t_ + _tpb_*_t2_In_t_*_t2_Sˍt_t_ + _t2_NN_t_*_t2_Sˍtt_t_ + _t2_Sˍt_t_*_t2_NNˍt_t_, _t2_NNˍttt_t_, _tpb_*_t2_S_t_*_t2_Inˍtt_t_ + _tpb_*_t2_In_t_*_t2_Sˍtt_t_ + 2*_tpb_*_t2_Inˍt_t_*_t2_Sˍt_t_ + _t2_NN_t_*_t2_Sˍttt_t_ + _t2_Sˍt_t_*_t2_NNˍtt_t_ + 2*_t2_NNˍt_t_*_t2_Sˍtt_t_]
R
Multivariate polynomial ring in 22 variables over rationals
primes of bitsize 28
G-Q-Pt-FG-LT-LP(C)
Dimension of the quotient :4
Degree of the radical :4
Use last variable as separating element
Run Groebner learn
Test cyclic optimization
Apply cyclic optimization 
Multi-modular computation (1 threads): G-Q-Pt-FG-LT-LP(C)
5-9-13-17-21-25-29-33-37-41-45-49-53-61-69-77-85-93-105-117-
check-G-Q-Pt-FG-LT-LP(C)
Nb Primes used :117
Vector{Vector{BigFloat}}[]
DEBUG [determine_optimal_points_count]: Large num points: 1
DEBUG [determine_optimal_points_count]: Good num points: 1
DEBUG [multipoint_parameter_estimation]: Parameter estimation using this many points: 1

DEBUG [pick_points]: Starting point selection...
DEBUG [pick_points]: Number of points to pick: 1
DEBUG [pick_points]: Total points available: 1001
DEBUG [pick_points]: Number of interpolants: 2

DEBUG [pick_points]: Computing interestingness scores...
DEBUG [pick_points]: Processed 100 points
DEBUG [pick_points]: Processed 200 points
DEBUG [pick_points]: Processed 300 points
DEBUG [pick_points]: Processed 400 points
DEBUG [pick_points]: Processed 500 points
DEBUG [pick_points]: Processed 600 points
DEBUG [pick_points]: Processed 700 points
DEBUG [pick_points]: Processed 800 points
DEBUG [pick_points]: Processed 900 points
DEBUG [pick_points]: Processed 1000 points

DEBUG [pick_points]: Score statistics:
DEBUG [pick_points]: Min score: 0.010640249386086353
DEBUG [pick_points]: Max score: 0.08641749804217645
DEBUG [pick_points]: Mean score: 0.03451150307880583
DEBUG [pick_points]: Normalized scores

DEBUG [pick_points]: Selected 1 points
DEBUG [pick_points]: Selected time points: [-0.998]
aa_system
Any[_t2_NN_t_ - 8250602557183563//18014398509481984, _t2_In_t_ - 6355739617141433//18014398509481984, _t2_Inˍt_t_ + 6074863855889693//72057594037927936, _t2_Inˍtt_t_ - 3532381085319925//36028797018963968, _t2_Inˍttt_t_ + 7877238634546949//72057594037927936, _t2_Inˍtttt_t_ - 3026830223555337//72057594037927936, _t2_Inˍttttt_t_ - 463370787548279//2251799813685248, _tpa_*_t2_In_t_ - _tpnu_*_t2_E_t_ + _t2_Inˍt_t_, _tpa_*_t2_Inˍt_t_ - _tpnu_*_t2_Eˍt_t_ + _t2_Inˍtt_t_, _tpa_*_t2_Inˍtt_t_ - _tpnu_*_t2_Eˍtt_t_ + _t2_Inˍttt_t_, _tpa_*_t2_Inˍttt_t_ - _tpnu_*_t2_Eˍttt_t_ + _t2_Inˍtttt_t_, _tpa_*_t2_Inˍtttt_t_ - _tpnu_*_t2_Eˍtttt_t_ + _t2_Inˍttttt_t_, _tpnu_*_t2_E_t_*_t2_NN_t_ - _tpb_*_t2_S_t_*_t2_In_t_ + _t2_NN_t_*_t2_Eˍt_t_, _tpnu_*_t2_E_t_*_t2_NNˍt_t_ + _tpnu_*_t2_NN_t_*_t2_Eˍt_t_ - _tpb_*_t2_S_t_*_t2_Inˍt_t_ - _tpb_*_t2_In_t_*_t2_Sˍt_t_ + _t2_NN_t_*_t2_Eˍtt_t_ + _t2_Eˍt_t_*_t2_NNˍt_t_, _tpnu_*_t2_E_t_*_t2_NNˍtt_t_ + _tpnu_*_t2_NN_t_*_t2_Eˍtt_t_ + 2*_tpnu_*_t2_Eˍt_t_*_t2_NNˍt_t_ - _tpb_*_t2_S_t_*_t2_Inˍtt_t_ - _tpb_*_t2_In_t_*_t2_Sˍtt_t_ - 2*_tpb_*_t2_Inˍt_t_*_t2_Sˍt_t_ + _t2_NN_t_*_t2_Eˍttt_t_ + _t2_Eˍt_t_*_t2_NNˍtt_t_ + 2*_t2_Eˍtt_t_*_t2_NNˍt_t_, _tpnu_*_t2_E_t_*_t2_NNˍttt_t_ + _tpnu_*_t2_NN_t_*_t2_Eˍttt_t_ + 3*_tpnu_*_t2_Eˍt_t_*_t2_NNˍtt_t_ + 3*_tpnu_*_t2_Eˍtt_t_*_t2_NNˍt_t_ - _tpb_*_t2_S_t_*_t2_Inˍttt_t_ - _tpb_*_t2_In_t_*_t2_Sˍttt_t_ - 3*_tpb_*_t2_Inˍt_t_*_t2_Sˍtt_t_ - 3*_tpb_*_t2_Inˍtt_t_*_t2_Sˍt_t_ + _t2_NN_t_*_t2_Eˍtttt_t_ + _t2_Eˍt_t_*_t2_NNˍttt_t_ + 3*_t2_Eˍtt_t_*_t2_NNˍtt_t_ + 3*_t2_Eˍttt_t_*_t2_NNˍt_t_, _tpb_*_t2_S_t_*_t2_In_t_ + _t2_NN_t_*_t2_Sˍt_t_, _t2_NNˍt_t_, _t2_NNˍtt_t_, _tpb_*_t2_S_t_*_t2_Inˍt_t_ + _tpb_*_t2_In_t_*_t2_Sˍt_t_ + _t2_NN_t_*_t2_Sˍtt_t_ + _t2_Sˍt_t_*_t2_NNˍt_t_, _t2_NNˍttt_t_, _tpb_*_t2_S_t_*_t2_Inˍtt_t_ + _tpb_*_t2_In_t_*_t2_Sˍtt_t_ + 2*_tpb_*_t2_Inˍt_t_*_t2_Sˍt_t_ + _t2_NN_t_*_t2_Sˍttt_t_ + _t2_Sˍt_t_*_t2_NNˍtt_t_ + 2*_t2_NNˍt_t_*_t2_Sˍtt_t_]
R
Multivariate polynomial ring in 22 variables over rationals
primes of bitsize 28
G-Q-Pt-FG-LT-LP(C)
Dimension of the quotient :4
Degree of the radical :4
Use last variable as separating element
Run Groebner learn
Test cyclic optimization
Apply cyclic optimization 
Multi-modular computation (1 threads): G-Q-Pt-FG-LT-LP(C)
5-9-13-17-21-25-29-33-37-41-45-49-53-61-69-77-85-93-105-117-
check-G-Q-Pt-FG-LT-LP(C)
Nb Primes used :117
Vector{Vector{BigFloat}}[]
DEBUG [determine_optimal_points_count]: Large num points: 1
DEBUG [determine_optimal_points_count]: Good num points: 1
DEBUG [multipoint_parameter_estimation]: Parameter estimation using this many points: 1

DEBUG [pick_points]: Starting point selection...
DEBUG [pick_points]: Number of points to pick: 1
DEBUG [pick_points]: Total points available: 1001
DEBUG [pick_points]: Number of interpolants: 2

DEBUG [pick_points]: Computing interestingness scores...
DEBUG [pick_points]: Processed 100 points
DEBUG [pick_points]: Processed 200 points
DEBUG [pick_points]: Processed 300 points
DEBUG [pick_points]: Processed 400 points
DEBUG [pick_points]: Processed 500 points
DEBUG [pick_points]: Processed 600 points
DEBUG [pick_points]: Processed 700 points
DEBUG [pick_points]: Processed 800 points
DEBUG [pick_points]: Processed 900 points
DEBUG [pick_points]: Processed 1000 points

DEBUG [pick_points]: Score statistics:
DEBUG [pick_points]: Min score: 0.010640249386086353
DEBUG [pick_points]: Max score: 0.08641749804217645
DEBUG [pick_points]: Mean score: 0.03451150307880583
DEBUG [pick_points]: Normalized scores

DEBUG [pick_points]: Selected 1 points
DEBUG [pick_points]: Selected time points: [-0.998]
aa_system
Any[_t2_NN_t_ - 8250602557183563//18014398509481984, _t2_In_t_ - 6355739617141433//18014398509481984, _t2_Inˍt_t_ + 6074863855889693//72057594037927936, _t2_Inˍtt_t_ - 3532381085319925//36028797018963968, _t2_Inˍttt_t_ + 7877238634546949//72057594037927936, _t2_Inˍtttt_t_ - 3026830223555337//72057594037927936, _t2_Inˍttttt_t_ - 463370787548279//2251799813685248, _tpa_*_t2_In_t_ - _tpnu_*_t2_E_t_ + _t2_Inˍt_t_, _tpa_*_t2_Inˍt_t_ - _tpnu_*_t2_Eˍt_t_ + _t2_Inˍtt_t_, _tpa_*_t2_Inˍtt_t_ - _tpnu_*_t2_Eˍtt_t_ + _t2_Inˍttt_t_, _tpa_*_t2_Inˍttt_t_ - _tpnu_*_t2_Eˍttt_t_ + _t2_Inˍtttt_t_, _tpa_*_t2_Inˍtttt_t_ - _tpnu_*_t2_Eˍtttt_t_ + _t2_Inˍttttt_t_, _tpnu_*_t2_E_t_*_t2_NN_t_ - _tpb_*_t2_S_t_*_t2_In_t_ + _t2_NN_t_*_t2_Eˍt_t_, _tpnu_*_t2_E_t_*_t2_NNˍt_t_ + _tpnu_*_t2_NN_t_*_t2_Eˍt_t_ - _tpb_*_t2_S_t_*_t2_Inˍt_t_ - _tpb_*_t2_In_t_*_t2_Sˍt_t_ + _t2_NN_t_*_t2_Eˍtt_t_ + _t2_Eˍt_t_*_t2_NNˍt_t_, _tpnu_*_t2_E_t_*_t2_NNˍtt_t_ + _tpnu_*_t2_NN_t_*_t2_Eˍtt_t_ + 2*_tpnu_*_t2_Eˍt_t_*_t2_NNˍt_t_ - _tpb_*_t2_S_t_*_t2_Inˍtt_t_ - _tpb_*_t2_In_t_*_t2_Sˍtt_t_ - 2*_tpb_*_t2_Inˍt_t_*_t2_Sˍt_t_ + _t2_NN_t_*_t2_Eˍttt_t_ + _t2_Eˍt_t_*_t2_NNˍtt_t_ + 2*_t2_Eˍtt_t_*_t2_NNˍt_t_, _tpnu_*_t2_E_t_*_t2_NNˍttt_t_ + _tpnu_*_t2_NN_t_*_t2_Eˍttt_t_ + 3*_tpnu_*_t2_Eˍt_t_*_t2_NNˍtt_t_ + 3*_tpnu_*_t2_Eˍtt_t_*_t2_NNˍt_t_ - _tpb_*_t2_S_t_*_t2_Inˍttt_t_ - _tpb_*_t2_In_t_*_t2_Sˍttt_t_ - 3*_tpb_*_t2_Inˍt_t_*_t2_Sˍtt_t_ - 3*_tpb_*_t2_Inˍtt_t_*_t2_Sˍt_t_ + _t2_NN_t_*_t2_Eˍtttt_t_ + _t2_Eˍt_t_*_t2_NNˍttt_t_ + 3*_t2_Eˍtt_t_*_t2_NNˍtt_t_ + 3*_t2_Eˍttt_t_*_t2_NNˍt_t_, _tpb_*_t2_S_t_*_t2_In_t_ + _t2_NN_t_*_t2_Sˍt_t_, _t2_NNˍt_t_, _t2_NNˍtt_t_, _tpb_*_t2_S_t_*_t2_Inˍt_t_ + _tpb_*_t2_In_t_*_t2_Sˍt_t_ + _t2_NN_t_*_t2_Sˍtt_t_ + _t2_Sˍt_t_*_t2_NNˍt_t_, _t2_NNˍttt_t_, _tpb_*_t2_S_t_*_t2_Inˍtt_t_ + _tpb_*_t2_In_t_*_t2_Sˍtt_t_ + 2*_tpb_*_t2_Inˍt_t_*_t2_Sˍt_t_ + _t2_NN_t_*_t2_Sˍttt_t_ + _t2_Sˍt_t_*_t2_NNˍtt_t_ + 2*_t2_NNˍt_t_*_t2_Sˍtt_t_]
R
Multivariate polynomial ring in 22 variables over rationals
primes of bitsize 28
G-Q-Pt-FG-LT-LP(C)
Dimension of the quotient :4
Degree of the radical :4
Use last variable as separating element
Run Groebner learn
Test cyclic optimization
Apply cyclic optimization 
Multi-modular computation (1 threads): G-Q-Pt-FG-LT-LP(C)
5-9-13-17-21-25-29-33-37-41-45-49-53-61-69-77-85-93-105-117-
check-G-Q-Pt-FG-LT-LP(C)
Nb Primes used :117
Vector{Vector{BigFloat}}[]
DEBUG [determine_optimal_points_count]: Large num points: 1
DEBUG [determine_optimal_points_count]: Good num points: 1
DEBUG [multipoint_parameter_estimation]: Parameter estimation using this many points: 1

DEBUG [pick_points]: Starting point selection...
DEBUG [pick_points]: Number of points to pick: 1
DEBUG [pick_points]: Total points available: 1001
DEBUG [pick_points]: Number of interpolants: 2

DEBUG [pick_points]: Computing interestingness scores...
DEBUG [pick_points]: Processed 100 points
DEBUG [pick_points]: Processed 200 points
DEBUG [pick_points]: Processed 300 points
DEBUG [pick_points]: Processed 400 points
DEBUG [pick_points]: Processed 500 points
DEBUG [pick_points]: Processed 600 points
DEBUG [pick_points]: Processed 700 points
DEBUG [pick_points]: Processed 800 points
DEBUG [pick_points]: Processed 900 points
DEBUG [pick_points]: Processed 1000 points

DEBUG [pick_points]: Score statistics:
DEBUG [pick_points]: Min score: 0.010640249386086353
DEBUG [pick_points]: Max score: 0.08641749804217645
DEBUG [pick_points]: Mean score: 0.03451150307880583
DEBUG [pick_points]: Normalized scores

DEBUG [pick_points]: Selected 1 points
DEBUG [pick_points]: Selected time points: [-0.998]
aa_system
Any[_t2_NN_t_ - 8250602557183563//18014398509481984, _t2_In_t_ - 6355739617141433//18014398509481984, _t2_Inˍt_t_ + 6074863855889693//72057594037927936, _t2_Inˍtt_t_ - 3532381085319925//36028797018963968, _t2_Inˍttt_t_ + 7877238634546949//72057594037927936, _t2_Inˍtttt_t_ - 3026830223555337//72057594037927936, _t2_Inˍttttt_t_ - 463370787548279//2251799813685248, _tpa_*_t2_In_t_ - _tpnu_*_t2_E_t_ + _t2_Inˍt_t_, _tpa_*_t2_Inˍt_t_ - _tpnu_*_t2_Eˍt_t_ + _t2_Inˍtt_t_, _tpa_*_t2_Inˍtt_t_ - _tpnu_*_t2_Eˍtt_t_ + _t2_Inˍttt_t_, _tpa_*_t2_Inˍttt_t_ - _tpnu_*_t2_Eˍttt_t_ + _t2_Inˍtttt_t_, _tpa_*_t2_Inˍtttt_t_ - _tpnu_*_t2_Eˍtttt_t_ + _t2_Inˍttttt_t_, _tpnu_*_t2_E_t_*_t2_NN_t_ - _tpb_*_t2_S_t_*_t2_In_t_ + _t2_NN_t_*_t2_Eˍt_t_, _tpnu_*_t2_E_t_*_t2_NNˍt_t_ + _tpnu_*_t2_NN_t_*_t2_Eˍt_t_ - _tpb_*_t2_S_t_*_t2_Inˍt_t_ - _tpb_*_t2_In_t_*_t2_Sˍt_t_ + _t2_NN_t_*_t2_Eˍtt_t_ + _t2_Eˍt_t_*_t2_NNˍt_t_, _tpnu_*_t2_E_t_*_t2_NNˍtt_t_ + _tpnu_*_t2_NN_t_*_t2_Eˍtt_t_ + 2*_tpnu_*_t2_Eˍt_t_*_t2_NNˍt_t_ - _tpb_*_t2_S_t_*_t2_Inˍtt_t_ - _tpb_*_t2_In_t_*_t2_Sˍtt_t_ - 2*_tpb_*_t2_Inˍt_t_*_t2_Sˍt_t_ + _t2_NN_t_*_t2_Eˍttt_t_ + _t2_Eˍt_t_*_t2_NNˍtt_t_ + 2*_t2_Eˍtt_t_*_t2_NNˍt_t_, _tpnu_*_t2_E_t_*_t2_NNˍttt_t_ + _tpnu_*_t2_NN_t_*_t2_Eˍttt_t_ + 3*_tpnu_*_t2_Eˍt_t_*_t2_NNˍtt_t_ + 3*_tpnu_*_t2_Eˍtt_t_*_t2_NNˍt_t_ - _tpb_*_t2_S_t_*_t2_Inˍttt_t_ - _tpb_*_t2_In_t_*_t2_Sˍttt_t_ - 3*_tpb_*_t2_Inˍt_t_*_t2_Sˍtt_t_ - 3*_tpb_*_t2_Inˍtt_t_*_t2_Sˍt_t_ + _t2_NN_t_*_t2_Eˍtttt_t_ + _t2_Eˍt_t_*_t2_NNˍttt_t_ + 3*_t2_Eˍtt_t_*_t2_NNˍtt_t_ + 3*_t2_Eˍttt_t_*_t2_NNˍt_t_, _tpb_*_t2_S_t_*_t2_In_t_ + _t2_NN_t_*_t2_Sˍt_t_, _t2_NNˍt_t_, _t2_NNˍtt_t_, _tpb_*_t2_S_t_*_t2_Inˍt_t_ + _tpb_*_t2_In_t_*_t2_Sˍt_t_ + _t2_NN_t_*_t2_Sˍtt_t_ + _t2_Sˍt_t_*_t2_NNˍt_t_, _t2_NNˍttt_t_, _tpb_*_t2_S_t_*_t2_Inˍtt_t_ + _tpb_*_t2_In_t_*_t2_Sˍtt_t_ + 2*_tpb_*_t2_Inˍt_t_*_t2_Sˍt_t_ + _t2_NN_t_*_t2_Sˍttt_t_ + _t2_Sˍt_t_*_t2_NNˍtt_t_ + 2*_t2_NNˍt_t_*_t2_Sˍtt_t_]
R
Multivariate polynomial ring in 22 variables over rationals
primes of bitsize 28
G-Q-Pt-FG-LT-LP(C)
Dimension of the quotient :4
Degree of the radical :4
Use last variable as separating element
Run Groebner learn
Test cyclic optimization
Apply cyclic optimization 
Multi-modular computation (1 threads): G-Q-Pt-FG-LT-LP(C)
5-9-13-17-21-25-29-33-37-41-45-49-53-61-69-77-85-93-105-117-
check-G-Q-Pt-FG-LT-LP(C)
Nb Primes used :117
Vector{Vector{BigFloat}}[]
DEBUG [determine_optimal_points_count]: Large num points: 1
DEBUG [determine_optimal_points_count]: Good num points: 1
DEBUG [multipoint_parameter_estimation]: Parameter estimation using this many points: 1

DEBUG [pick_points]: Starting point selection...
DEBUG [pick_points]: Number of points to pick: 1
DEBUG [pick_points]: Total points available: 1001
DEBUG [pick_points]: Number of interpolants: 2

DEBUG [pick_points]: Computing interestingness scores...
DEBUG [pick_points]: Processed 100 points
DEBUG [pick_points]: Processed 200 points
DEBUG [pick_points]: Processed 300 points
DEBUG [pick_points]: Processed 400 points
DEBUG [pick_points]: Processed 500 points
DEBUG [pick_points]: Processed 600 points
DEBUG [pick_points]: Processed 700 points
DEBUG [pick_points]: Processed 800 points
DEBUG [pick_points]: Processed 900 points
DEBUG [pick_points]: Processed 1000 points

DEBUG [pick_points]: Score statistics:
DEBUG [pick_points]: Min score: 0.010640249386086353
DEBUG [pick_points]: Max score: 0.08641749804217645
DEBUG [pick_points]: Mean score: 0.03451150307880583
DEBUG [pick_points]: Normalized scores

DEBUG [pick_points]: Selected 1 points
DEBUG [pick_points]: Selected time points: [-0.998]
aa_system
Any[_t2_NN_t_ - 8250602557183563//18014398509481984, _t2_In_t_ - 6355739617141433//18014398509481984, _t2_Inˍt_t_ + 6074863855889693//72057594037927936, _t2_Inˍtt_t_ - 3532381085319925//36028797018963968, _t2_Inˍttt_t_ + 7877238634546949//72057594037927936, _t2_Inˍtttt_t_ - 3026830223555337//72057594037927936, _t2_Inˍttttt_t_ - 463370787548279//2251799813685248, _tpa_*_t2_In_t_ - _tpnu_*_t2_E_t_ + _t2_Inˍt_t_, _tpa_*_t2_Inˍt_t_ - _tpnu_*_t2_Eˍt_t_ + _t2_Inˍtt_t_, _tpa_*_t2_Inˍtt_t_ - _tpnu_*_t2_Eˍtt_t_ + _t2_Inˍttt_t_, _tpa_*_t2_Inˍttt_t_ - _tpnu_*_t2_Eˍttt_t_ + _t2_Inˍtttt_t_, _tpa_*_t2_Inˍtttt_t_ - _tpnu_*_t2_Eˍtttt_t_ + _t2_Inˍttttt_t_, _tpnu_*_t2_E_t_*_t2_NN_t_ - _tpb_*_t2_S_t_*_t2_In_t_ + _t2_NN_t_*_t2_Eˍt_t_, _tpnu_*_t2_E_t_*_t2_NNˍt_t_ + _tpnu_*_t2_NN_t_*_t2_Eˍt_t_ - _tpb_*_t2_S_t_*_t2_Inˍt_t_ - _tpb_*_t2_In_t_*_t2_Sˍt_t_ + _t2_NN_t_*_t2_Eˍtt_t_ + _t2_Eˍt_t_*_t2_NNˍt_t_, _tpnu_*_t2_E_t_*_t2_NNˍtt_t_ + _tpnu_*_t2_NN_t_*_t2_Eˍtt_t_ + 2*_tpnu_*_t2_Eˍt_t_*_t2_NNˍt_t_ - _tpb_*_t2_S_t_*_t2_Inˍtt_t_ - _tpb_*_t2_In_t_*_t2_Sˍtt_t_ - 2*_tpb_*_t2_Inˍt_t_*_t2_Sˍt_t_ + _t2_NN_t_*_t2_Eˍttt_t_ + _t2_Eˍt_t_*_t2_NNˍtt_t_ + 2*_t2_Eˍtt_t_*_t2_NNˍt_t_, _tpnu_*_t2_E_t_*_t2_NNˍttt_t_ + _tpnu_*_t2_NN_t_*_t2_Eˍttt_t_ + 3*_tpnu_*_t2_Eˍt_t_*_t2_NNˍtt_t_ + 3*_tpnu_*_t2_Eˍtt_t_*_t2_NNˍt_t_ - _tpb_*_t2_S_t_*_t2_Inˍttt_t_ - _tpb_*_t2_In_t_*_t2_Sˍttt_t_ - 3*_tpb_*_t2_Inˍt_t_*_t2_Sˍtt_t_ - 3*_tpb_*_t2_Inˍtt_t_*_t2_Sˍt_t_ + _t2_NN_t_*_t2_Eˍtttt_t_ + _t2_Eˍt_t_*_t2_NNˍttt_t_ + 3*_t2_Eˍtt_t_*_t2_NNˍtt_t_ + 3*_t2_Eˍttt_t_*_t2_NNˍt_t_, _tpb_*_t2_S_t_*_t2_In_t_ + _t2_NN_t_*_t2_Sˍt_t_, _t2_NNˍt_t_, _t2_NNˍtt_t_, _tpb_*_t2_S_t_*_t2_Inˍt_t_ + _tpb_*_t2_In_t_*_t2_Sˍt_t_ + _t2_NN_t_*_t2_Sˍtt_t_ + _t2_Sˍt_t_*_t2_NNˍt_t_, _t2_NNˍttt_t_, _tpb_*_t2_S_t_*_t2_Inˍtt_t_ + _tpb_*_t2_In_t_*_t2_Sˍtt_t_ + 2*_tpb_*_t2_Inˍt_t_*_t2_Sˍt_t_ + _t2_NN_t_*_t2_Sˍttt_t_ + _t2_Sˍt_t_*_t2_NNˍtt_t_ + 2*_t2_NNˍt_t_*_t2_Sˍtt_t_]
R
Multivariate polynomial ring in 22 variables over rationals
primes of bitsize 28
G-Q-Pt-FG-LT-LP(C)
Dimension of the quotient :4
Degree of the radical :4
Use last variable as separating element
Run Groebner learn
Test cyclic optimization
Apply cyclic optimization 
Multi-modular computation (1 threads): G-Q-Pt-FG-LT-LP(C)
5-9-13-17-21-25-29-33-37-41-45-49-53-61-69-77-85-93-105-117-
check-G-Q-Pt-FG-LT-LP(C)
Nb Primes used :117
Vector{Vector{BigFloat}}[]
DEBUG [determine_optimal_points_count]: Large num points: 1
DEBUG [determine_optimal_points_count]: Good num points: 1
DEBUG [multipoint_parameter_estimation]: Parameter estimation using this many points: 1

DEBUG [pick_points]: Starting point selection...
DEBUG [pick_points]: Number of points to pick: 1
DEBUG [pick_points]: Total points available: 1001
DEBUG [pick_points]: Number of interpolants: 2

DEBUG [pick_points]: Computing interestingness scores...
DEBUG [pick_points]: Processed 100 points
DEBUG [pick_points]: Processed 200 points
DEBUG [pick_points]: Processed 300 points
DEBUG [pick_points]: Processed 400 points
DEBUG [pick_points]: Processed 500 points
DEBUG [pick_points]: Processed 600 points
DEBUG [pick_points]: Processed 700 points
DEBUG [pick_points]: Processed 800 points
DEBUG [pick_points]: Processed 900 points
DEBUG [pick_points]: Processed 1000 points

DEBUG [pick_points]: Score statistics:
DEBUG [pick_points]: Min score: 0.010640249386086353
DEBUG [pick_points]: Max score: 0.08641749804217645
DEBUG [pick_points]: Mean score: 0.03451150307880583
DEBUG [pick_points]: Normalized scores

DEBUG [pick_points]: Selected 1 points
DEBUG [pick_points]: Selected time points: [-0.998]
aa_system
Any[_t2_NN_t_ - 8250602557183563//18014398509481984, _t2_In_t_ - 6355739617141433//18014398509481984, _t2_Inˍt_t_ + 6074863855889693//72057594037927936, _t2_Inˍtt_t_ - 3532381085319925//36028797018963968, _t2_Inˍttt_t_ + 7877238634546949//72057594037927936, _t2_Inˍtttt_t_ - 3026830223555337//72057594037927936, _t2_Inˍttttt_t_ - 463370787548279//2251799813685248, _tpa_*_t2_In_t_ - _tpnu_*_t2_E_t_ + _t2_Inˍt_t_, _tpa_*_t2_Inˍt_t_ - _tpnu_*_t2_Eˍt_t_ + _t2_Inˍtt_t_, _tpa_*_t2_Inˍtt_t_ - _tpnu_*_t2_Eˍtt_t_ + _t2_Inˍttt_t_, _tpa_*_t2_Inˍttt_t_ - _tpnu_*_t2_Eˍttt_t_ + _t2_Inˍtttt_t_, _tpa_*_t2_Inˍtttt_t_ - _tpnu_*_t2_Eˍtttt_t_ + _t2_Inˍttttt_t_, _tpnu_*_t2_E_t_*_t2_NN_t_ - _tpb_*_t2_S_t_*_t2_In_t_ + _t2_NN_t_*_t2_Eˍt_t_, _tpnu_*_t2_E_t_*_t2_NNˍt_t_ + _tpnu_*_t2_NN_t_*_t2_Eˍt_t_ - _tpb_*_t2_S_t_*_t2_Inˍt_t_ - _tpb_*_t2_In_t_*_t2_Sˍt_t_ + _t2_NN_t_*_t2_Eˍtt_t_ + _t2_Eˍt_t_*_t2_NNˍt_t_, _tpnu_*_t2_E_t_*_t2_NNˍtt_t_ + _tpnu_*_t2_NN_t_*_t2_Eˍtt_t_ + 2*_tpnu_*_t2_Eˍt_t_*_t2_NNˍt_t_ - _tpb_*_t2_S_t_*_t2_Inˍtt_t_ - _tpb_*_t2_In_t_*_t2_Sˍtt_t_ - 2*_tpb_*_t2_Inˍt_t_*_t2_Sˍt_t_ + _t2_NN_t_*_t2_Eˍttt_t_ + _t2_Eˍt_t_*_t2_NNˍtt_t_ + 2*_t2_Eˍtt_t_*_t2_NNˍt_t_, _tpnu_*_t2_E_t_*_t2_NNˍttt_t_ + _tpnu_*_t2_NN_t_*_t2_Eˍttt_t_ + 3*_tpnu_*_t2_Eˍt_t_*_t2_NNˍtt_t_ + 3*_tpnu_*_t2_Eˍtt_t_*_t2_NNˍt_t_ - _tpb_*_t2_S_t_*_t2_Inˍttt_t_ - _tpb_*_t2_In_t_*_t2_Sˍttt_t_ - 3*_tpb_*_t2_Inˍt_t_*_t2_Sˍtt_t_ - 3*_tpb_*_t2_Inˍtt_t_*_t2_Sˍt_t_ + _t2_NN_t_*_t2_Eˍtttt_t_ + _t2_Eˍt_t_*_t2_NNˍttt_t_ + 3*_t2_Eˍtt_t_*_t2_NNˍtt_t_ + 3*_t2_Eˍttt_t_*_t2_NNˍt_t_, _tpb_*_t2_S_t_*_t2_In_t_ + _t2_NN_t_*_t2_Sˍt_t_, _t2_NNˍt_t_, _t2_NNˍtt_t_, _tpb_*_t2_S_t_*_t2_Inˍt_t_ + _tpb_*_t2_In_t_*_t2_Sˍt_t_ + _t2_NN_t_*_t2_Sˍtt_t_ + _t2_Sˍt_t_*_t2_NNˍt_t_, _t2_NNˍttt_t_, _tpb_*_t2_S_t_*_t2_Inˍtt_t_ + _tpb_*_t2_In_t_*_t2_Sˍtt_t_ + 2*_tpb_*_t2_Inˍt_t_*_t2_Sˍt_t_ + _t2_NN_t_*_t2_Sˍttt_t_ + _t2_Sˍt_t_*_t2_NNˍtt_t_ + 2*_t2_NNˍt_t_*_t2_Sˍtt_t_]
R
Multivariate polynomial ring in 22 variables over rationals
primes of bitsize 28
G-Q-Pt-FG-LT-LP(C)
Dimension of the quotient :4
Degree of the radical :4
Use last variable as separating element
Run Groebner learn
Test cyclic optimization
Apply cyclic optimization 
Multi-modular computation (1 threads): G-Q-Pt-FG-LT-LP(C)
5-9-13-17-21-25-29-33-37-41-45-49-53-61-69-77-85-93-105-117-
check-G-Q-Pt-FG-LT-LP(C)
Nb Primes used :117
Vector{Vector{BigFloat}}[]
DEBUG [determine_optimal_points_count]: Large num points: 1
DEBUG [determine_optimal_points_count]: Good num points: 1
DEBUG [multipoint_parameter_estimation]: Parameter estimation using this many points: 1

DEBUG [pick_points]: Starting point selection...
DEBUG [pick_points]: Number of points to pick: 1
DEBUG [pick_points]: Total points available: 1001
DEBUG [pick_points]: Number of interpolants: 2

DEBUG [pick_points]: Computing interestingness scores...
DEBUG [pick_points]: Processed 100 points
DEBUG [pick_points]: Processed 200 points
DEBUG [pick_points]: Processed 300 points
DEBUG [pick_points]: Processed 400 points
DEBUG [pick_points]: Processed 500 points
DEBUG [pick_points]: Processed 600 points
DEBUG [pick_points]: Processed 700 points
DEBUG [pick_points]: Processed 800 points
DEBUG [pick_points]: Processed 900 points
DEBUG [pick_points]: Processed 1000 points

DEBUG [pick_points]: Score statistics:
DEBUG [pick_points]: Min score: 0.010640249386086353
DEBUG [pick_points]: Max score: 0.08641749804217645
DEBUG [pick_points]: Mean score: 0.03451150307880583
DEBUG [pick_points]: Normalized scores

DEBUG [pick_points]: Selected 1 points
DEBUG [pick_points]: Selected time points: [-0.998]
aa_system
Any[_t2_NN_t_ - 8250602557183563//18014398509481984, _t2_In_t_ - 6355739617141433//18014398509481984, _t2_Inˍt_t_ + 6074863855889693//72057594037927936, _t2_Inˍtt_t_ - 3532381085319925//36028797018963968, _t2_Inˍttt_t_ + 7877238634546949//72057594037927936, _t2_Inˍtttt_t_ - 3026830223555337//72057594037927936, _t2_Inˍttttt_t_ - 463370787548279//2251799813685248, _tpa_*_t2_In_t_ - _tpnu_*_t2_E_t_ + _t2_Inˍt_t_, _tpa_*_t2_Inˍt_t_ - _tpnu_*_t2_Eˍt_t_ + _t2_Inˍtt_t_, _tpa_*_t2_Inˍtt_t_ - _tpnu_*_t2_Eˍtt_t_ + _t2_Inˍttt_t_, _tpa_*_t2_Inˍttt_t_ - _tpnu_*_t2_Eˍttt_t_ + _t2_Inˍtttt_t_, _tpa_*_t2_Inˍtttt_t_ - _tpnu_*_t2_Eˍtttt_t_ + _t2_Inˍttttt_t_, _tpnu_*_t2_E_t_*_t2_NN_t_ - _tpb_*_t2_S_t_*_t2_In_t_ + _t2_NN_t_*_t2_Eˍt_t_, _tpnu_*_t2_E_t_*_t2_NNˍt_t_ + _tpnu_*_t2_NN_t_*_t2_Eˍt_t_ - _tpb_*_t2_S_t_*_t2_Inˍt_t_ - _tpb_*_t2_In_t_*_t2_Sˍt_t_ + _t2_NN_t_*_t2_Eˍtt_t_ + _t2_Eˍt_t_*_t2_NNˍt_t_, _tpnu_*_t2_E_t_*_t2_NNˍtt_t_ + _tpnu_*_t2_NN_t_*_t2_Eˍtt_t_ + 2*_tpnu_*_t2_Eˍt_t_*_t2_NNˍt_t_ - _tpb_*_t2_S_t_*_t2_Inˍtt_t_ - _tpb_*_t2_In_t_*_t2_Sˍtt_t_ - 2*_tpb_*_t2_Inˍt_t_*_t2_Sˍt_t_ + _t2_NN_t_*_t2_Eˍttt_t_ + _t2_Eˍt_t_*_t2_NNˍtt_t_ + 2*_t2_Eˍtt_t_*_t2_NNˍt_t_, _tpnu_*_t2_E_t_*_t2_NNˍttt_t_ + _tpnu_*_t2_NN_t_*_t2_Eˍttt_t_ + 3*_tpnu_*_t2_Eˍt_t_*_t2_NNˍtt_t_ + 3*_tpnu_*_t2_Eˍtt_t_*_t2_NNˍt_t_ - _tpb_*_t2_S_t_*_t2_Inˍttt_t_ - _tpb_*_t2_In_t_*_t2_Sˍttt_t_ - 3*_tpb_*_t2_Inˍt_t_*_t2_Sˍtt_t_ - 3*_tpb_*_t2_Inˍtt_t_*_t2_Sˍt_t_ + _t2_NN_t_*_t2_Eˍtttt_t_ + _t2_Eˍt_t_*_t2_NNˍttt_t_ + 3*_t2_Eˍtt_t_*_t2_NNˍtt_t_ + 3*_t2_Eˍttt_t_*_t2_NNˍt_t_, _tpb_*_t2_S_t_*_t2_In_t_ + _t2_NN_t_*_t2_Sˍt_t_, _t2_NNˍt_t_, _t2_NNˍtt_t_, _tpb_*_t2_S_t_*_t2_Inˍt_t_ + _tpb_*_t2_In_t_*_t2_Sˍt_t_ + _t2_NN_t_*_t2_Sˍtt_t_ + _t2_Sˍt_t_*_t2_NNˍt_t_, _t2_NNˍttt_t_, _tpb_*_t2_S_t_*_t2_Inˍtt_t_ + _tpb_*_t2_In_t_*_t2_Sˍtt_t_ + 2*_tpb_*_t2_Inˍt_t_*_t2_Sˍt_t_ + _t2_NN_t_*_t2_Sˍttt_t_ + _t2_Sˍt_t_*_t2_NNˍtt_t_ + 2*_t2_NNˍt_t_*_t2_Sˍtt_t_]
R
Multivariate polynomial ring in 22 variables over rationals
primes of bitsize 28
G-Q-Pt-FG-LT-LP(C)
Dimension of the quotient :4
Degree of the radical :4
Use last variable as separating element
Run Groebner learn
Test cyclic optimization
Apply cyclic optimization 
Multi-modular computation (1 threads): G-Q-Pt-FG-LT-LP(C)
5-9-13-17-21-25-29-33-37-41-45-49-53-61-69-77-85-93-105-117-
check-G-Q-Pt-FG-LT-LP(C)
Nb Primes used :117
Vector{Vector{BigFloat}}[]
DEBUG [determine_optimal_points_count]: Large num points: 1
DEBUG [determine_optimal_points_count]: Good num points: 1
DEBUG [multipoint_parameter_estimation]: Parameter estimation using this many points: 1

DEBUG [pick_points]: Starting point selection...
DEBUG [pick_points]: Number of points to pick: 1
DEBUG [pick_points]: Total points available: 1001
DEBUG [pick_points]: Number of interpolants: 2

DEBUG [pick_points]: Computing interestingness scores...
DEBUG [pick_points]: Processed 100 points
DEBUG [pick_points]: Processed 200 points
DEBUG [pick_points]: Processed 300 points
DEBUG [pick_points]: Processed 400 points
DEBUG [pick_points]: Processed 500 points
DEBUG [pick_points]: Processed 600 points
DEBUG [pick_points]: Processed 700 points
DEBUG [pick_points]: Processed 800 points
DEBUG [pick_points]: Processed 900 points
DEBUG [pick_points]: Processed 1000 points

DEBUG [pick_points]: Score statistics:
DEBUG [pick_points]: Min score: 0.010640249386086353
DEBUG [pick_points]: Max score: 0.08641749804217645
DEBUG [pick_points]: Mean score: 0.03451150307880583
DEBUG [pick_points]: Normalized scores

DEBUG [pick_points]: Selected 1 points
DEBUG [pick_points]: Selected time points: [-0.998]
aa_system
Any[_t2_NN_t_ - 8250602557183563//18014398509481984, _t2_In_t_ - 6355739617141433//18014398509481984, _t2_Inˍt_t_ + 6074863855889693//72057594037927936, _t2_Inˍtt_t_ - 3532381085319925//36028797018963968, _t2_Inˍttt_t_ + 7877238634546949//72057594037927936, _t2_Inˍtttt_t_ - 3026830223555337//72057594037927936, _t2_Inˍttttt_t_ - 463370787548279//2251799813685248, _tpa_*_t2_In_t_ - _tpnu_*_t2_E_t_ + _t2_Inˍt_t_, _tpa_*_t2_Inˍt_t_ - _tpnu_*_t2_Eˍt_t_ + _t2_Inˍtt_t_, _tpa_*_t2_Inˍtt_t_ - _tpnu_*_t2_Eˍtt_t_ + _t2_Inˍttt_t_, _tpa_*_t2_Inˍttt_t_ - _tpnu_*_t2_Eˍttt_t_ + _t2_Inˍtttt_t_, _tpa_*_t2_Inˍtttt_t_ - _tpnu_*_t2_Eˍtttt_t_ + _t2_Inˍttttt_t_, _tpnu_*_t2_E_t_*_t2_NN_t_ - _tpb_*_t2_S_t_*_t2_In_t_ + _t2_NN_t_*_t2_Eˍt_t_, _tpnu_*_t2_E_t_*_t2_NNˍt_t_ + _tpnu_*_t2_NN_t_*_t2_Eˍt_t_ - _tpb_*_t2_S_t_*_t2_Inˍt_t_ - _tpb_*_t2_In_t_*_t2_Sˍt_t_ + _t2_NN_t_*_t2_Eˍtt_t_ + _t2_Eˍt_t_*_t2_NNˍt_t_, _tpnu_*_t2_E_t_*_t2_NNˍtt_t_ + _tpnu_*_t2_NN_t_*_t2_Eˍtt_t_ + 2*_tpnu_*_t2_Eˍt_t_*_t2_NNˍt_t_ - _tpb_*_t2_S_t_*_t2_Inˍtt_t_ - _tpb_*_t2_In_t_*_t2_Sˍtt_t_ - 2*_tpb_*_t2_Inˍt_t_*_t2_Sˍt_t_ + _t2_NN_t_*_t2_Eˍttt_t_ + _t2_Eˍt_t_*_t2_NNˍtt_t_ + 2*_t2_Eˍtt_t_*_t2_NNˍt_t_, _tpnu_*_t2_E_t_*_t2_NNˍttt_t_ + _tpnu_*_t2_NN_t_*_t2_Eˍttt_t_ + 3*_tpnu_*_t2_Eˍt_t_*_t2_NNˍtt_t_ + 3*_tpnu_*_t2_Eˍtt_t_*_t2_NNˍt_t_ - _tpb_*_t2_S_t_*_t2_Inˍttt_t_ - _tpb_*_t2_In_t_*_t2_Sˍttt_t_ - 3*_tpb_*_t2_Inˍt_t_*_t2_Sˍtt_t_ - 3*_tpb_*_t2_Inˍtt_t_*_t2_Sˍt_t_ + _t2_NN_t_*_t2_Eˍtttt_t_ + _t2_Eˍt_t_*_t2_NNˍttt_t_ + 3*_t2_Eˍtt_t_*_t2_NNˍtt_t_ + 3*_t2_Eˍttt_t_*_t2_NNˍt_t_, _tpb_*_t2_S_t_*_t2_In_t_ + _t2_NN_t_*_t2_Sˍt_t_, _t2_NNˍt_t_, _t2_NNˍtt_t_, _tpb_*_t2_S_t_*_t2_Inˍt_t_ + _tpb_*_t2_In_t_*_t2_Sˍt_t_ + _t2_NN_t_*_t2_Sˍtt_t_ + _t2_Sˍt_t_*_t2_NNˍt_t_, _t2_NNˍttt_t_, _tpb_*_t2_S_t_*_t2_Inˍtt_t_ + _tpb_*_t2_In_t_*_t2_Sˍtt_t_ + 2*_tpb_*_t2_Inˍt_t_*_t2_Sˍt_t_ + _t2_NN_t_*_t2_Sˍttt_t_ + _t2_Sˍt_t_*_t2_NNˍtt_t_ + 2*_t2_NNˍt_t_*_t2_Sˍtt_t_]
R
Multivariate polynomial ring in 22 variables over rationals
primes of bitsize 28
G-Q-Pt-FG-LT-LP(C)
Dimension of the quotient :4
Degree of the radical :4
Use last variable as separating element
Run Groebner learn
Test cyclic optimization
Apply cyclic optimization 
Multi-modular computation (1 threads): G-Q-Pt-FG-LT-LP(C)
5-9-13-17-21-25-29-33-37-41-45-49-53-61-69-77-85-93-105-117-
check-G-Q-Pt-FG-LT-LP(C)
Nb Primes used :117
Vector{Vector{BigFloat}}[]
DEBUG [determine_optimal_points_count]: Large num points: 1
DEBUG [determine_optimal_points_count]: Good num points: 1
DEBUG [multipoint_parameter_estimation]: Parameter estimation using this many points: 1

DEBUG [pick_points]: Starting point selection...
DEBUG [pick_points]: Number of points to pick: 1
DEBUG [pick_points]: Total points available: 1001
DEBUG [pick_points]: Number of interpolants: 2

DEBUG [pick_points]: Computing interestingness scores...
DEBUG [pick_points]: Processed 100 points
DEBUG [pick_points]: Processed 200 points
DEBUG [pick_points]: Processed 300 points
DEBUG [pick_points]: Processed 400 points
DEBUG [pick_points]: Processed 500 points
DEBUG [pick_points]: Processed 600 points
DEBUG [pick_points]: Processed 700 points
DEBUG [pick_points]: Processed 800 points
DEBUG [pick_points]: Processed 900 points
DEBUG [pick_points]: Processed 1000 points

DEBUG [pick_points]: Score statistics:
DEBUG [pick_points]: Min score: 0.010640249386086353
DEBUG [pick_points]: Max score: 0.08641749804217645
DEBUG [pick_points]: Mean score: 0.03451150307880583
DEBUG [pick_points]: Normalized scores

DEBUG [pick_points]: Selected 1 points
DEBUG [pick_points]: Selected time points: [-0.998]
aa_system
Any[_t2_NN_t_ - 8250602557183563//18014398509481984, _t2_In_t_ - 6355739617141433//18014398509481984, _t2_Inˍt_t_ + 6074863855889693//72057594037927936, _t2_Inˍtt_t_ - 3532381085319925//36028797018963968, _t2_Inˍttt_t_ + 7877238634546949//72057594037927936, _t2_Inˍtttt_t_ - 3026830223555337//72057594037927936, _t2_Inˍttttt_t_ - 463370787548279//2251799813685248, _tpa_*_t2_In_t_ - _tpnu_*_t2_E_t_ + _t2_Inˍt_t_, _tpa_*_t2_Inˍt_t_ - _tpnu_*_t2_Eˍt_t_ + _t2_Inˍtt_t_, _tpa_*_t2_Inˍtt_t_ - _tpnu_*_t2_Eˍtt_t_ + _t2_Inˍttt_t_, _tpa_*_t2_Inˍttt_t_ - _tpnu_*_t2_Eˍttt_t_ + _t2_Inˍtttt_t_, _tpa_*_t2_Inˍtttt_t_ - _tpnu_*_t2_Eˍtttt_t_ + _t2_Inˍttttt_t_, _tpnu_*_t2_E_t_*_t2_NN_t_ - _tpb_*_t2_S_t_*_t2_In_t_ + _t2_NN_t_*_t2_Eˍt_t_, _tpnu_*_t2_E_t_*_t2_NNˍt_t_ + _tpnu_*_t2_NN_t_*_t2_Eˍt_t_ - _tpb_*_t2_S_t_*_t2_Inˍt_t_ - _tpb_*_t2_In_t_*_t2_Sˍt_t_ + _t2_NN_t_*_t2_Eˍtt_t_ + _t2_Eˍt_t_*_t2_NNˍt_t_, _tpnu_*_t2_E_t_*_t2_NNˍtt_t_ + _tpnu_*_t2_NN_t_*_t2_Eˍtt_t_ + 2*_tpnu_*_t2_Eˍt_t_*_t2_NNˍt_t_ - _tpb_*_t2_S_t_*_t2_Inˍtt_t_ - _tpb_*_t2_In_t_*_t2_Sˍtt_t_ - 2*_tpb_*_t2_Inˍt_t_*_t2_Sˍt_t_ + _t2_NN_t_*_t2_Eˍttt_t_ + _t2_Eˍt_t_*_t2_NNˍtt_t_ + 2*_t2_Eˍtt_t_*_t2_NNˍt_t_, _tpnu_*_t2_E_t_*_t2_NNˍttt_t_ + _tpnu_*_t2_NN_t_*_t2_Eˍttt_t_ + 3*_tpnu_*_t2_Eˍt_t_*_t2_NNˍtt_t_ + 3*_tpnu_*_t2_Eˍtt_t_*_t2_NNˍt_t_ - _tpb_*_t2_S_t_*_t2_Inˍttt_t_ - _tpb_*_t2_In_t_*_t2_Sˍttt_t_ - 3*_tpb_*_t2_Inˍt_t_*_t2_Sˍtt_t_ - 3*_tpb_*_t2_Inˍtt_t_*_t2_Sˍt_t_ + _t2_NN_t_*_t2_Eˍtttt_t_ + _t2_Eˍt_t_*_t2_NNˍttt_t_ + 3*_t2_Eˍtt_t_*_t2_NNˍtt_t_ + 3*_t2_Eˍttt_t_*_t2_NNˍt_t_, _tpb_*_t2_S_t_*_t2_In_t_ + _t2_NN_t_*_t2_Sˍt_t_, _t2_NNˍt_t_, _t2_NNˍtt_t_, _tpb_*_t2_S_t_*_t2_Inˍt_t_ + _tpb_*_t2_In_t_*_t2_Sˍt_t_ + _t2_NN_t_*_t2_Sˍtt_t_ + _t2_Sˍt_t_*_t2_NNˍt_t_, _t2_NNˍttt_t_, _tpb_*_t2_S_t_*_t2_Inˍtt_t_ + _tpb_*_t2_In_t_*_t2_Sˍtt_t_ + 2*_tpb_*_t2_Inˍt_t_*_t2_Sˍt_t_ + _t2_NN_t_*_t2_Sˍttt_t_ + _t2_Sˍt_t_*_t2_NNˍtt_t_ + 2*_t2_NNˍt_t_*_t2_Sˍtt_t_]
R
Multivariate polynomial ring in 22 variables over rationals
primes of bitsize 28
G-Q-Pt-FG-LT-LP(C)
Dimension of the quotient :4
Degree of the radical :4
Use last variable as separating element
Run Groebner learn
Test cyclic optimization
Apply cyclic optimization 
Multi-modular computation (1 threads): G-Q-Pt-FG-LT-LP(C)
5-9-13-17-21-25-29-33-37-41-45-49-53-61-69-77-85-93-105-117-
check-G-Q-Pt-FG-LT-LP(C)
Nb Primes used :117
Vector{Vector{BigFloat}}[]
