LinearAlgebra.PosDefException(2)
LinearAlgebra.PosDefException(2)
LinearAlgebra.PosDefException(6)
LinearAlgebra.PosDefException(4)
LinearAlgebra.PosDefException(3)
LinearAlgebra.PosDefException(6)
LinearAlgebra.PosDefException(88)
LinearAlgebra.PosDefException(3)
LinearAlgebra.PosDefException(2)
LinearAlgebra.PosDefException(2)
LinearAlgebra.PosDefException(3)
LinearAlgebra.PosDefException(3)
LinearAlgebra.PosDefException(7)
LinearAlgebra.PosDefException(28)
LinearAlgebra.PosDefException(3)
LinearAlgebra.PosDefException(3)
LinearAlgebra.PosDefException(2)
LinearAlgebra.PosDefException(2)
LinearAlgebra.PosDefException(3)
LinearAlgebra.PosDefException(4)
LinearAlgebra.PosDefException(9)
LinearAlgebra.PosDefException(2)
LinearAlgebra.PosDefException(2)
LinearAlgebra.PosDefException(2)
LinearAlgebra.PosDefException(3)
LinearAlgebra.PosDefException(5)
LinearAlgebra.PosDefException(3)
LinearAlgebra.PosDefException(5)
LinearAlgebra.PosDefException(4)
LinearAlgebra.PosDefException(3)
LinearAlgebra.PosDefException(149)
LinearAlgebra.PosDefException(1)
LinearAlgebra.PosDefException(1)
LinearAlgebra.PosDefException(1)
LinearAlgebra.PosDefException(1)
LinearAlgebra.PosDefException(1)
LinearAlgebra.PosDefException(1)
LinearAlgebra.PosDefException(1)
LinearAlgebra.PosDefException(1)
LinearAlgebra.PosDefException(1)
LinearAlgebra.PosDefException(1)
LinearAlgebra.PosDefException(1)
LinearAlgebra.PosDefException(1)
LinearAlgebra.PosDefException(1)
LinearAlgebra.PosDefException(1)
LinearAlgebra.PosDefException(1)
LinearAlgebra.PosDefException(1)
LinearAlgebra.PosDefException(1)
LinearAlgebra.PosDefException(1)
LinearAlgebra.PosDefException(1)
LinearAlgebra.PosDefException(1)
LinearAlgebra.PosDefException(1)
LinearAlgebra.PosDefException(1)
LinearAlgebra.PosDefException(1)
LinearAlgebra.PosDefException(1)
LinearAlgebra.PosDefException(1)
LinearAlgebra.PosDefException(1)
LinearAlgebra.PosDefException(1)
LinearAlgebra.PosDefException(1)
LinearAlgebra.PosDefException(1)
LinearAlgebra.PosDefException(1)
LinearAlgebra.PosDefException(1)
LinearAlgebra.PosDefException(1)
LinearAlgebra.PosDefException(1)
LinearAlgebra.PosDefException(1)
LinearAlgebra.PosDefException(2)
LinearAlgebra.PosDefException(7)
LinearAlgebra.PosDefException(7)
LinearAlgebra.PosDefException(7)
LinearAlgebra.PosDefException(10)
LinearAlgebra.PosDefException(1)
LinearAlgebra.PosDefException(1)
LinearAlgebra.PosDefException(1)
LinearAlgebra.PosDefException(1)
LinearAlgebra.PosDefException(1)
LinearAlgebra.PosDefException(1)
LinearAlgebra.PosDefException(1)
LinearAlgebra.PosDefException(1)
LinearAlgebra.PosDefException(1)
LinearAlgebra.PosDefException(1)
LinearAlgebra.PosDefException(1)
LinearAlgebra.PosDefException(1)
LinearAlgebra.PosDefException(1)
LinearAlgebra.PosDefException(1)
LinearAlgebra.PosDefException(1)
LinearAlgebra.PosDefException(1)
LinearAlgebra.PosDefException(1)
LinearAlgebra.PosDefException(1)
LinearAlgebra.PosDefException(1)
LinearAlgebra.PosDefException(1)
LinearAlgebra.PosDefException(1)
LinearAlgebra.PosDefException(1)
LinearAlgebra.PosDefException(1)
LinearAlgebra.PosDefException(1)
LinearAlgebra.PosDefException(1)
LinearAlgebra.PosDefException(1)
LinearAlgebra.PosDefException(1)
LinearAlgebra.PosDefException(1)
LinearAlgebra.PosDefException(1)
LinearAlgebra.PosDefException(1)
LinearAlgebra.PosDefException(1)
LinearAlgebra.PosDefException(1)
LinearAlgebra.PosDefException(1)
LinearAlgebra.PosDefException(1)
LinearAlgebra.PosDefException(1)
LinearAlgebra.PosDefException(1)
LinearAlgebra.PosDefException(1)
DEBUG [determine_optimal_points_count]: Large num points: 1
DEBUG [determine_optimal_points_count]: Good num points: 1
DEBUG [multipoint_parameter_estimation]: Parameter estimation using this many points: 1

DEBUG [pick_points]: Starting point selection...
DEBUG [pick_points]: Number of points to pick: 1
DEBUG [pick_points]: Total points available: 1001
DEBUG [pick_points]: Number of interpolants: 2

DEBUG [pick_points]: Computing interestingness scores...
DEBUG [pick_points]: Processed 100 points
DEBUG [pick_points]: Processed 200 points
DEBUG [pick_points]: Processed 300 points
DEBUG [pick_points]: Processed 400 points
DEBUG [pick_points]: Processed 500 points
DEBUG [pick_points]: Processed 600 points
DEBUG [pick_points]: Processed 700 points
DEBUG [pick_points]: Processed 800 points
DEBUG [pick_points]: Processed 900 points
DEBUG [pick_points]: Processed 1000 points

DEBUG [pick_points]: Score statistics:
DEBUG [pick_points]: Min score: 0.04749454817791104
DEBUG [pick_points]: Max score: 0.4117280341568116
DEBUG [pick_points]: Mean score: 0.1746720175733631
DEBUG [pick_points]: Normalized scores

DEBUG [pick_points]: Selected 1 points
DEBUG [pick_points]: Selected time points: [-0.998]
aa_system
Any[_t2_NN_t_ - 7710135050716981//18014398509481984, _t2_In_t_ - 1548956552726401//2251799813685248, _t2_Inˍt_t_ - 7986536805996003//18014398509481984, _t2_Inˍtt_t_ + 8185821876453247//18014398509481984, _t2_Inˍttt_t_ - 1738106110804153//4503599627370496, _t2_Inˍtttt_t_ + 3076855968638923//18014398509481984, _t2_Inˍttttt_t_ + 1517231078815743//1125899906842624, _tpa_*_t2_In_t_ - _tpnu_*_t2_E_t_ + _t2_Inˍt_t_, _tpa_*_t2_Inˍt_t_ - _tpnu_*_t2_Eˍt_t_ + _t2_Inˍtt_t_, _tpa_*_t2_Inˍtt_t_ - _tpnu_*_t2_Eˍtt_t_ + _t2_Inˍttt_t_, _tpa_*_t2_Inˍttt_t_ - _tpnu_*_t2_Eˍttt_t_ + _t2_Inˍtttt_t_, _tpa_*_t2_Inˍtttt_t_ - _tpnu_*_t2_Eˍtttt_t_ + _t2_Inˍttttt_t_, _tpnu_*_t2_E_t_*_t2_NN_t_ - _tpb_*_t2_S_t_*_t2_In_t_ + _t2_NN_t_*_t2_Eˍt_t_, _tpnu_*_t2_E_t_*_t2_NNˍt_t_ + _tpnu_*_t2_NN_t_*_t2_Eˍt_t_ - _tpb_*_t2_S_t_*_t2_Inˍt_t_ - _tpb_*_t2_In_t_*_t2_Sˍt_t_ + _t2_NN_t_*_t2_Eˍtt_t_ + _t2_Eˍt_t_*_t2_NNˍt_t_, _tpnu_*_t2_E_t_*_t2_NNˍtt_t_ + _tpnu_*_t2_NN_t_*_t2_Eˍtt_t_ + 2*_tpnu_*_t2_Eˍt_t_*_t2_NNˍt_t_ - _tpb_*_t2_S_t_*_t2_Inˍtt_t_ - _tpb_*_t2_In_t_*_t2_Sˍtt_t_ - 2*_tpb_*_t2_Inˍt_t_*_t2_Sˍt_t_ + _t2_NN_t_*_t2_Eˍttt_t_ + _t2_Eˍt_t_*_t2_NNˍtt_t_ + 2*_t2_Eˍtt_t_*_t2_NNˍt_t_, _tpnu_*_t2_E_t_*_t2_NNˍttt_t_ + _tpnu_*_t2_NN_t_*_t2_Eˍttt_t_ + 3*_tpnu_*_t2_Eˍt_t_*_t2_NNˍtt_t_ + 3*_tpnu_*_t2_Eˍtt_t_*_t2_NNˍt_t_ - _tpb_*_t2_S_t_*_t2_Inˍttt_t_ - _tpb_*_t2_In_t_*_t2_Sˍttt_t_ - 3*_tpb_*_t2_Inˍt_t_*_t2_Sˍtt_t_ - 3*_tpb_*_t2_Inˍtt_t_*_t2_Sˍt_t_ + _t2_NN_t_*_t2_Eˍtttt_t_ + _t2_Eˍt_t_*_t2_NNˍttt_t_ + 3*_t2_Eˍtt_t_*_t2_NNˍtt_t_ + 3*_t2_Eˍttt_t_*_t2_NNˍt_t_, _tpb_*_t2_S_t_*_t2_In_t_ + _t2_NN_t_*_t2_Sˍt_t_, _t2_NNˍt_t_, _t2_NNˍtt_t_, _tpb_*_t2_S_t_*_t2_Inˍt_t_ + _tpb_*_t2_In_t_*_t2_Sˍt_t_ + _t2_NN_t_*_t2_Sˍtt_t_ + _t2_Sˍt_t_*_t2_NNˍt_t_, _t2_NNˍttt_t_, _tpb_*_t2_S_t_*_t2_Inˍtt_t_ + _tpb_*_t2_In_t_*_t2_Sˍtt_t_ + 2*_tpb_*_t2_Inˍt_t_*_t2_Sˍt_t_ + _t2_NN_t_*_t2_Sˍttt_t_ + _t2_Sˍt_t_*_t2_NNˍtt_t_ + 2*_t2_NNˍt_t_*_t2_Sˍtt_t_]
R
Multivariate polynomial ring in 22 variables over rationals
primes of bitsize 28
G-Q-Pt-FG-LT-LP(C)
Dimension of the quotient :4
Degree of the radical :4
Use last variable as separating element
Run Groebner learn
Test cyclic optimization
Apply cyclic optimization 
Multi-modular computation (1 threads): G-Q-Pt-FG-LT-LP(C)
5-9-13-17-21-25-29-33-37-41-45-49-53-61-69-77-85-93-105-117-
check-G-Q-Pt-FG-LT-LP(C)
Nb Primes used :117
2-element Vector{Vector{Vector{BigFloat}}}:
 [[0.87715626, 0.87715721], [0.064105034, 0.064105153], [7.0533905, 7.0533981], [0.0021683425, 0.0021683462], [16.328125, 16.328156], [0.68787479, 0.68787575], [0.42799807, 0.42799854], [0.44334173, 0.44334221], [-0.45440483, -0.45440435], [0.38593674, 0.38593721], [-0.17079997, -0.17079973], [-1.3475723, -1.3475704], [-1.0221367, -1.0221348], [-0.19728351, -0.19728327], [2.6164474, 2.6164513], [-23.358398, -23.358368], [-0.024580657, -0.024580628], [0.0, 0.0], [0.0, 0.0], [0.26280737, 0.26280785], [0.0, 0.0], [-2.6038055, -2.6038017]]
 [[0.064105034, 0.064105153], [0.87715626, 0.87715721], [7.0533905, 7.0533981], [0.00015846826, 0.00015846849], [0.55570221, 0.55570316], [0.68787479, 0.68787575], [0.42799807, 0.42799854], [0.44334173, 0.44334221], [-0.45440483, -0.45440435], [0.38593674, 0.38593721], [-0.17079997, -0.17079973], [-1.3475723, -1.3475704], [-0.48564196, -0.48564148], [0.40677691, 0.40677738], [-0.16651464, -0.1665144], [-1.5487785, -1.5487766], [-0.0017964225, -0.0017964207], [0.0, 0.0], [0.0, 0.0], [0.019206673, 0.019206703], [0.0, 0.0], [-0.19029307, -0.19029284]]




