system             estimator                both_in_top2  row0_near_truth  cells
------------------------------------------------------------------------------------------
daisy_mamil4       odepe_v2_polish               15/ 50             15/ 50      50
daisy_mamil4       odepe_v2_nopolish             15/ 50             15/ 50      50
seir               odepe_v2_polish               13/ 50             20/ 50      50
seir               odepe_v2_nopolish             12/ 50             13/ 50      50
slow_fast          odepe_v2_polish               26/ 50             36/ 50      50
slow_fast          odepe_v2_nopolish             21/ 50             21/ 50      50

=== Per-cell detail (3 systems × 2 estimators) ===
cell                           est                     r0~truth  r1~truth     r0~r1       err0       err1  both?
daisy_mamil4_0_0               odepe_v2_polish         1.87e+00  4.83e-09  6.51e-01   1.03e-22   1.03e-22       
daisy_mamil4_0_1em2            odepe_v2_polish         1.62e+00  7.55e-01  8.54e-01   1.13e-01   1.13e-01       
daisy_mamil4_0_1em4            odepe_v2_polish         1.84e+00  2.77e-02  6.38e-01   1.17e-05   1.17e-05       
daisy_mamil4_0_1em6            odepe_v2_polish         1.87e+00  1.48e-03  6.51e-01   1.11e-09   1.11e-09       
daisy_mamil4_0_1em8            odepe_v2_polish         1.87e+00  4.09e-06  6.51e-01   1.13e-13   1.13e-13       
daisy_mamil4_1_0               odepe_v2_polish         4.51e-01  5.53e-09  3.11e-01   3.05e-22   3.05e-22       
daisy_mamil4_1_1em2            odepe_v2_polish         1.85e+01  1.49e+01  9.36e-01   1.16e-01   1.16e-01       
daisy_mamil4_1_1em4            odepe_v2_polish         5.69e-01  2.15e-01  5.00e-01   1.12e-05   1.12e-05       
daisy_mamil4_1_1em6            odepe_v2_polish         4.51e-01  2.19e-03  3.11e-01   1.12e-09   1.12e-09       
daisy_mamil4_1_1em8            odepe_v2_polish         1.24e-05  4.51e-01  3.11e-01   1.19e-13   1.19e-13    YES
daisy_mamil4_2_0               odepe_v2_polish         2.98e+00  3.16e-10  7.49e-01   7.09e-24   1.22e-23       
daisy_mamil4_2_1em2            odepe_v2_polish         4.83e-01  3.41e+00  7.94e-01   1.11e-01   1.11e-01       
daisy_mamil4_2_1em4            odepe_v2_polish         2.48e-02  2.99e+00  7.50e-01   3.81e-06   3.81e-06    YES
daisy_mamil4_2_1em6            odepe_v2_polish         2.98e+00  8.59e-05  7.49e-01   1.24e-09   1.24e-09       
daisy_mamil4_2_1em8            odepe_v2_polish         2.98e+00  5.20e-07  7.49e-01   1.20e-13   1.20e-13       
daisy_mamil4_3_0               odepe_v2_polish         4.24e+00  3.01e-10  8.09e-01   2.48e-25   2.48e-25       
daisy_mamil4_3_1em2            odepe_v2_polish         4.35e+00  3.77e+00  9.49e-01   7.06e-02   7.06e-02       
daisy_mamil4_3_1em4            odepe_v2_polish         9.44e-02  4.15e+00  7.87e-01   7.95e-06   7.95e-06    YES
daisy_mamil4_3_1em6            odepe_v2_polish         5.58e-04  4.24e+00  8.09e-01   7.62e-10   7.62e-10    YES
daisy_mamil4_3_1em8            odepe_v2_polish         4.24e+00  4.25e-06  8.09e-01   7.77e-14   7.77e-14       
daisy_mamil4_4_0               odepe_v2_polish         7.95e-09  3.68e-01  2.69e-01   4.92e-23   4.92e-23    YES
daisy_mamil4_4_1em2            odepe_v2_polish         1.37e+00  1.13e+00  1.00e+00   1.62e-01   1.62e-01       
daisy_mamil4_4_1em4            odepe_v2_polish         7.57e-02  4.45e-01  3.60e-01   1.49e-05   1.49e-05    YES
daisy_mamil4_4_1em6            odepe_v2_polish         3.71e-01  3.19e-03  2.73e-01   1.64e-09   1.64e-09       
daisy_mamil4_4_1em8            odepe_v2_polish         3.68e-01  2.76e-05  2.69e-01   1.47e-13   1.47e-13       
daisy_mamil4_5_0               odepe_v2_polish         3.52e+00  2.71e-09  7.79e-01   1.01e-22   1.04e-22       
daisy_mamil4_5_1em2            odepe_v2_polish         1.00e+00  4.51e+00  1.00e+00   2.48e-01   2.48e-01       
daisy_mamil4_5_1em4            odepe_v2_polish         3.92e-01  3.09e+00  6.91e-01   2.32e-05   2.32e-05       
daisy_mamil4_5_1em6            odepe_v2_polish         3.51e+00  5.16e-03  7.77e-01   2.37e-09   2.37e-09       
daisy_mamil4_5_1em8            odepe_v2_polish         3.52e+00  2.96e-05  7.79e-01   2.33e-13   2.33e-13       
daisy_mamil4_6_0               odepe_v2_polish         7.12e-10  1.52e+00  6.04e-01   1.01e-24   1.01e-24    YES
daisy_mamil4_6_1em2            odepe_v2_polish         8.18e+00  8.19e+00  8.75e-01   3.01e-02   3.01e-02       
daisy_mamil4_6_1em4            odepe_v2_polish         3.59e-02  1.54e+00  6.11e-01   2.82e-06   2.82e-06    YES
daisy_mamil4_6_1em6            odepe_v2_polish         1.47e-03  1.52e+00  6.03e-01   3.12e-10   3.12e-10    YES
daisy_mamil4_6_1em8            odepe_v2_polish         1.52e+00  1.93e-05  6.04e-01   2.64e-14   2.64e-14       
daisy_mamil4_7_0               odepe_v2_polish         6.35e-09  1.71e+00  6.31e-01   2.45e-22   2.45e-22    YES
daisy_mamil4_7_1em2            odepe_v2_polish         1.60e+00  2.76e-01  6.25e-01   1.86e-01   1.86e-01       
daisy_mamil4_7_1em4            odepe_v2_polish         3.55e-02  1.67e+00  6.13e-01   1.83e-05   1.83e-05    YES
daisy_mamil4_7_1em6            odepe_v2_polish         1.71e+00  1.82e-04  6.31e-01   1.77e-09   1.77e-09       
daisy_mamil4_7_1em8            odepe_v2_polish         1.71e+00  1.55e-06  6.31e-01   1.74e-13   1.74e-13       
daisy_mamil4_8_0               odepe_v2_polish         2.00e-06  4.31e+00  8.12e-01   7.90e-23   7.90e-23    YES
daisy_mamil4_8_1em2            odepe_v2_polish         2.59e+00  4.64e+00  1.00e+00   2.04e-01   2.04e-01       
daisy_mamil4_8_1em4            odepe_v2_polish         1.08e+00  5.31e+00  1.00e+00   1.90e-05   1.90e-05       
daisy_mamil4_8_1em6            odepe_v2_polish         3.46e+00  8.49e-01  5.85e-01   2.04e-09   2.04e-09       
daisy_mamil4_8_1em8            odepe_v2_polish         4.38e+00  7.11e-02  8.27e-01   2.10e-13   2.10e-13       
daisy_mamil4_9_0               odepe_v2_polish         4.91e-10  4.20e+00  8.08e-01   7.16e-24   7.16e-24    YES
daisy_mamil4_9_1em2            odepe_v2_polish         1.21e+00  1.05e+01  9.81e-01   1.02e-01   1.02e-01       
daisy_mamil4_9_1em4            odepe_v2_polish         2.54e-03  4.37e+00  8.14e-01   1.04e-05   4.38e-06    YES
daisy_mamil4_9_1em6            odepe_v2_polish         4.20e+00  2.01e-04  8.08e-01   1.07e-09   1.07e-09       
daisy_mamil4_9_1em8            odepe_v2_polish         7.27e-07  4.20e+00  8.08e-01   1.04e-13   1.04e-13    YES
daisy_mamil4_0_0               odepe_v2_nopolish       4.83e-09  1.87e+00  6.51e-01   1.92e-14   1.92e-14    YES
daisy_mamil4_0_1em2            odepe_v2_nopolish       6.33e+00  2.90e+00  1.44e+00   2.98e-04   2.98e-04       
daisy_mamil4_0_1em4            odepe_v2_nopolish       2.07e+00  2.02e-01  7.40e-01   6.28e-06   6.28e-06       
daisy_mamil4_0_1em6            odepe_v2_nopolish       2.37e-03  1.87e+00  6.51e-01   2.76e-07   2.76e-07    YES
daisy_mamil4_0_1em8            odepe_v2_nopolish       1.04e-03  1.87e+00  6.52e-01   2.99e-08   2.99e-08    YES
daisy_mamil4_1_0               odepe_v2_nopolish       4.51e-01  2.81e-09  3.11e-01   2.63e-14   2.63e-14       
daisy_mamil4_1_1em2            odepe_v2_nopolish       1.95e+00  1.69e+00  1.11e+00   1.62e-03   1.62e-03       
daisy_mamil4_1_1em4            odepe_v2_nopolish       3.00e-01  4.79e-01  3.77e-01   4.64e-06   4.64e-06       
daisy_mamil4_1_1em6            odepe_v2_nopolish       5.48e-02  4.55e-01  3.17e-01   1.62e-07   1.62e-07    YES
daisy_mamil4_1_1em8            odepe_v2_nopolish       4.52e-01  2.25e-03  3.11e-01   2.75e-09   2.75e-09       
daisy_mamil4_2_0               odepe_v2_nopolish       2.98e+00  2.50e-10  7.49e-01   2.24e-14   2.24e-14       
daisy_mamil4_2_1em2            odepe_v2_nopolish       3.86e-01  2.67e+00  7.07e-01   2.40e-04   2.40e-04       
daisy_mamil4_2_1em4            odepe_v2_nopolish       2.48e-02  2.99e+00  7.50e-01   3.81e-06   3.81e-06    YES
daisy_mamil4_2_1em6            odepe_v2_nopolish       7.70e-03  2.97e+00  7.47e-01   1.52e-07   1.52e-07    YES
daisy_mamil4_2_1em8            odepe_v2_nopolish       2.98e+00  1.77e-05  7.49e-01   2.02e-09   2.02e-09       
daisy_mamil4_3_0               odepe_v2_nopolish       4.24e+00  3.01e-10  8.09e-01   5.53e-16   5.53e-16       
daisy_mamil4_3_1em2            odepe_v2_nopolish       1.64e+01  4.46e+00  9.56e-01   1.58e-04   1.58e-04       
daisy_mamil4_3_1em4            odepe_v2_nopolish       9.19e+00  4.95e+00  1.39e+00   5.34e-06   5.34e-06       
daisy_mamil4_3_1em6            odepe_v2_nopolish       1.12e-02  4.25e+00  8.12e-01   3.75e-08   3.75e-08    YES
daisy_mamil4_3_1em8            odepe_v2_nopolish       4.24e+00  5.96e-04  8.09e-01   1.53e-09   1.53e-09       
daisy_mamil4_4_0               odepe_v2_nopolish       7.91e-09  3.68e-01  2.69e-01   3.38e-14   3.38e-14    YES
daisy_mamil4_4_1em2            odepe_v2_nopolish       3.76e-01  3.54e-01  3.83e-01   3.98e-04   3.98e-04       
daisy_mamil4_4_1em4            odepe_v2_nopolish       3.32e-01  5.10e-01  5.28e-01   1.08e-05   1.08e-05       
daisy_mamil4_4_1em6            odepe_v2_nopolish       4.25e-02  3.25e-01  2.39e-01   6.13e-08   6.13e-08    YES
daisy_mamil4_4_1em8            odepe_v2_nopolish       3.91e-01  2.32e-02  2.98e-01   5.61e-08   5.61e-08       
daisy_mamil4_5_0               odepe_v2_nopolish       2.70e-09  3.52e+00  7.79e-01   2.76e-14   2.76e-14    YES
daisy_mamil4_5_1em2            odepe_v2_nopolish       6.19e+01  9.23e+00  1.64e+00   2.58e-04   4.56e-04       
daisy_mamil4_5_1em4            odepe_v2_nopolish       2.39e+00  1.08e+00  6.98e-01   3.35e-06   3.35e-06       
daisy_mamil4_5_1em6            odepe_v2_nopolish       5.30e-01  2.95e+00  6.89e-01   2.85e-07   2.85e-07       
daisy_mamil4_5_1em8            odepe_v2_nopolish       3.68e-03  3.52e+00  7.80e-01   7.25e-09   7.25e-09    YES
daisy_mamil4_6_0               odepe_v2_nopolish       6.61e-10  1.52e+00  6.04e-01   1.75e-15   1.75e-15    YES
daisy_mamil4_6_1em2            odepe_v2_nopolish       4.65e+00  3.31e+00  9.80e-01   1.20e-04   1.20e-04       
daisy_mamil4_6_1em4            odepe_v2_nopolish       1.80e+00  3.51e-01  7.68e-01   2.25e-06   2.25e-06       
daisy_mamil4_6_1em6            odepe_v2_nopolish       1.53e+00  8.65e-03  6.09e-01   4.53e-08   4.53e-08       
daisy_mamil4_6_1em8            odepe_v2_nopolish       1.52e+00  4.55e-03  6.02e-01   1.05e-08   1.05e-08       
daisy_mamil4_7_0               odepe_v2_nopolish       6.21e-09  1.71e+00  6.31e-01   6.10e-14   6.10e-14    YES
daisy_mamil4_7_1em2            odepe_v2_nopolish       2.53e+00  1.63e+00  1.18e+00   3.90e-04   3.90e-04       
daisy_mamil4_7_1em4            odepe_v2_nopolish       1.30e+00  1.29e+00  7.31e-01   4.57e-05   4.57e-05       
daisy_mamil4_7_1em6            odepe_v2_nopolish       1.66e-02  1.73e+00  6.39e-01   1.79e-07   1.79e-07    YES
daisy_mamil4_7_1em8            odepe_v2_nopolish       1.69e+00  1.84e-02  6.21e-01   1.27e-07   1.27e-07       
daisy_mamil4_8_0               odepe_v2_nopolish       4.31e+00  2.24e-06  8.12e-01   5.75e-15   5.75e-15       
daisy_mamil4_8_1em2            odepe_v2_nopolish       6.77e+00  4.40e+00  1.31e+00   4.03e-04   4.03e-04       
daisy_mamil4_8_1em4            odepe_v2_nopolish       5.31e+00  4.21e+00  1.00e+00   7.41e-06   7.41e-06       
daisy_mamil4_8_1em6            odepe_v2_nopolish       4.76e+00  4.52e-01  9.05e-01   1.10e-07   1.10e-07       
daisy_mamil4_8_1em8            odepe_v2_nopolish       3.64e+00  6.62e-01  6.42e-01   8.31e-09   8.31e-09       
daisy_mamil4_9_0               odepe_v2_nopolish       4.20e+00  3.76e-10  8.08e-01   3.45e-15   3.45e-15       
daisy_mamil4_9_1em2            odepe_v2_nopolish       1.08e+01  1.32e+00  1.32e+00   2.22e-04   2.22e-04       
daisy_mamil4_9_1em4            odepe_v2_nopolish       4.37e+00  4.10e-02  8.15e-01   4.38e-06   4.38e-06       
daisy_mamil4_9_1em6            odepe_v2_nopolish       4.33e-02  4.05e+00  8.01e-01   2.30e-07   2.30e-07    YES
daisy_mamil4_9_1em8            odepe_v2_nopolish       4.23e+00  6.10e-03  8.09e-01   2.13e-08   2.13e-08       
seir_0_0                       odepe_v2_polish         3.87e-12  7.73e-01  7.51e-01   1.18e-21   7.29e-19    YES
seir_0_1em2                    odepe_v2_polish         2.37e-01  8.32e-01  8.64e-01   1.29e+04   1.29e+04       
seir_0_1em4                    odepe_v2_polish         7.75e-01  1.04e-03  7.52e-01   1.31e+00   1.31e+00       
seir_0_1em6                    odepe_v2_polish         7.75e-01  5.12e-03  7.54e-01   6.60e-05   6.60e-05       
seir_0_1em8                    odepe_v2_polish         3.90e-07  7.73e-01  7.51e-01   1.14e-08   1.14e-08    YES
seir_1_0                       odepe_v2_polish         4.78e-11  2.98e+00  7.48e-01   1.17e-21   1.21e-21    YES
seir_1_1em2                    odepe_v2_polish         1.08e+00  1.03e+00  3.31e-02   2.01e+05   2.01e+05       
seir_1_1em4                    odepe_v2_polish         1.97e-01  4.07e+00  8.21e-01   2.14e+01   2.14e+01       
seir_1_1em6                    odepe_v2_polish         2.97e+00  2.08e+01  9.15e-01   1.86e-03   5.39e+03       
seir_1_1em8                    odepe_v2_polish         2.98e+00  2.32e-06  7.48e-01   2.01e-07   2.01e-07       
seir_2_0                       odepe_v2_polish         2.88e-01  8.50e-09  2.88e-01   6.70e-22   3.11e-19       
seir_2_1em2                    odepe_v2_polish         1.76e-01  3.50e+01  9.92e-01   3.42e+04   3.44e+04       
seir_2_1em4                    odepe_v2_polish         1.13e-01  3.86e-01  4.24e-01   3.17e+00   3.17e+00       
seir_2_1em6                    odepe_v2_polish         2.76e-02  2.67e-01  2.46e-01   1.31e-05   1.31e-05    YES
seir_2_1em8                    odepe_v2_polish         1.04e-06  2.88e-01  2.88e-01   3.08e-08   3.08e-08    YES
seir_3_0                       odepe_v2_polish         6.48e-11  9.19e-02  8.42e-02   9.01e-22   9.61e-22    YES
seir_3_1em2                    odepe_v2_polish         1.19e-01  3.51e-01  2.06e-01   5.05e+04   5.05e+04       
seir_3_1em4                    odepe_v2_polish         4.41e-02  6.76e-01  3.77e-01   4.53e+00   1.81e-03       
seir_3_1em6                    odepe_v2_polish         2.78e-02  1.25e-01  1.35e-01   7.89e-05   7.89e-05    YES
seir_3_1em8                    odepe_v2_polish         1.45e-05  9.19e-02  8.42e-02   5.22e-08   5.22e-08    YES
seir_4_0                       odepe_v2_polish         1.47e-02  4.38e-03  1.90e-02   8.51e-18   8.55e-18       
seir_4_1em2                    odepe_v2_polish         4.90e+01  4.86e+01  9.58e-01   4.20e+04   4.20e+04       
seir_4_1em4                    odepe_v2_polish         1.98e-01  1.98e-01  4.48e-04   4.13e+00   4.13e+00       
seir_4_1em6                    odepe_v2_polish         2.29e-01  2.29e-01  4.50e-04   3.67e-04   3.67e-04       
seir_4_1em8                    odepe_v2_polish         6.51e-02  6.27e-02  1.20e-01   3.87e-08   3.87e-08    YES
seir_5_0                       odepe_v2_polish         3.21e-13  1.38e+01  9.32e-01   1.23e-21   5.21e-20    YES
seir_5_1em2                    odepe_v2_polish         5.64e+00  3.32e-01  8.99e-01   2.11e+04   2.11e+04       
seir_5_1em4                    odepe_v2_polish         1.37e+01  7.36e+01  1.00e+00   2.18e+00   6.83e+03       
seir_5_1em6                    odepe_v2_polish         1.38e+01  1.62e-04  9.32e-01   1.90e-04   1.90e-04       
seir_5_1em8                    odepe_v2_polish         1.38e+01  1.21e-06  9.32e-01   2.14e-08   2.14e-08       
seir_6_0                       odepe_v2_polish         2.02e-07  1.00e+00  1.00e+00   6.97e-22   3.40e-03       
seir_6_1em2                    odepe_v2_polish         1.94e+01  1.29e+01  3.21e-01   6.51e+04   6.51e+04       
seir_6_1em4                    odepe_v2_polish         1.76e+01  1.12e+00  1.00e+00   6.08e+00   6.08e+00       
seir_6_1em6                    odepe_v2_polish         2.09e-01  2.14e-01  3.43e-03   6.62e-04   6.62e-04       
seir_6_1em8                    odepe_v2_polish         4.51e-02  7.95e-02  3.60e-02   6.75e-08   6.75e-08       
seir_7_0                       odepe_v2_polish         1.29e+00  3.18e-08  5.62e-01   1.40e-20   2.60e-20       
seir_7_1em2                    odepe_v2_polish         7.42e-01  7.43e-01  9.02e-04   2.44e+04   2.44e+04       
seir_7_1em4                    odepe_v2_polish         6.15e-01  6.05e-01  8.58e-03   2.80e+00   2.80e+00       
seir_7_1em6                    odepe_v2_polish         3.49e-02  1.00e+00  1.00e+00   2.54e-04   7.81e-02       
seir_7_1em8                    odepe_v2_polish         1.29e+00  1.61e-04  5.63e-01   2.68e-08   2.68e-08       
seir_8_0                       odepe_v2_polish         4.72e-05  1.23e+00  1.00e+00   3.64e-19   1.22e-10    YES
seir_8_1em2                    odepe_v2_polish         1.18e+00  1.18e+00  5.53e-05   1.30e+05   1.30e+05       
seir_8_1em4                    odepe_v2_polish         1.23e+00  1.23e+00  8.93e-01   1.19e+01   1.19e+01       
seir_8_1em6                    odepe_v2_polish         2.34e-01  2.39e-01  4.28e-03   1.33e-03   1.33e-03       
seir_8_1em8                    odepe_v2_polish         7.43e-03  7.76e-03  3.23e-04   1.30e-07   1.30e-07       
seir_9_0                       odepe_v2_polish         1.16e-11  1.01e-01  9.21e-02   4.61e-22   6.08e-22    YES
seir_9_1em2                    odepe_v2_polish         5.77e-02  1.85e-01  1.45e-01   1.73e+05   1.73e+05       
seir_9_1em4                    odepe_v2_polish         1.33e-01  2.52e-02  1.39e-01   1.73e+01   1.73e+01       
seir_9_1em6                    odepe_v2_polish         8.01e-02  1.87e-02  5.69e-02   3.09e-05   3.09e-05    YES
seir_9_1em8                    odepe_v2_polish         1.01e-01  7.31e-07  9.21e-02   1.65e-07   1.65e-07       
seir_0_0                       odepe_v2_nopolish       7.73e-01  1.64e-09  7.51e-01   4.78e-11   4.78e-11       
seir_0_1em2                    odepe_v2_nopolish       1.46e+00  4.46e+00  1.02e+00   6.83e-02   6.83e-02       
seir_0_1em4                    odepe_v2_nopolish       6.55e-01  6.10e-01  1.19e-01   9.31e-04   3.14e-03       
seir_0_1em6                    odepe_v2_nopolish       7.03e-01  6.12e-02  6.84e-01   9.44e-05   9.44e-05       
seir_0_1em8                    odepe_v2_nopolish       4.40e-04  7.73e-01  7.51e-01   2.00e-06   2.00e-06    YES
seir_1_0                       odepe_v2_nopolish       8.76e-07  2.98e+00  7.48e-01   4.02e-11   4.02e-11    YES
seir_1_1em2                    odepe_v2_nopolish       1.27e+01  1.27e+01  1.26e+00   2.08e-01   2.08e-01       
seir_1_1em4                    odepe_v2_nopolish       1.17e-01  2.46e+00  6.90e-01   2.17e-03   2.17e-03       
seir_1_1em6                    odepe_v2_nopolish       3.09e+00  2.56e-02  7.59e-01   2.18e-05   2.18e-05       
seir_1_1em8                    odepe_v2_nopolish       2.93e+00  1.03e-02  7.44e-01   5.31e-07   5.31e-07       
seir_2_0                       odepe_v2_nopolish       2.88e-01  8.30e-09  2.88e-01   1.86e-11   1.86e-11       
seir_2_1em2                    odepe_v2_nopolish       3.76e+00  1.88e+00  9.77e-01   1.33e-01   1.33e-01       
seir_2_1em4                    odepe_v2_nopolish       1.23e+00  1.03e+00  8.15e-01   1.12e-02   1.12e-02       
seir_2_1em6                    odepe_v2_nopolish       7.66e-02  3.41e-01  3.74e-01   5.39e-05   5.39e-05    YES
seir_2_1em8                    odepe_v2_nopolish       2.88e-01  1.05e-04  2.88e-01   8.39e-07   8.39e-07       
seir_3_0                       odepe_v2_nopolish       8.74e-09  9.19e-02  8.42e-02   3.01e-11   3.01e-11    YES
seir_3_1em2                    odepe_v2_nopolish       1.50e+00  1.27e+00  7.80e-01   1.05e-01   1.05e-01       
seir_3_1em4                    odepe_v2_nopolish       7.30e-01  3.77e-01  6.08e-01   1.99e-03   1.99e-03       
seir_3_1em6                    odepe_v2_nopolish       2.78e-02  1.25e-01  1.35e-01   7.89e-05   7.89e-05    YES
seir_3_1em8                    odepe_v2_nopolish       1.54e-04  9.21e-02  8.44e-02   1.55e-06   1.55e-06    YES
seir_4_0                       odepe_v2_nopolish       2.12e-02  3.07e-02  5.08e-02   2.50e-10   2.50e-10    YES
seir_4_1em2                    odepe_v2_nopolish       2.37e+02  2.37e+02  9.54e-01   9.39e-02   9.39e-02       
seir_4_1em4                    odepe_v2_nopolish       3.60e+00  4.42e+00  9.15e-01   1.28e-03   1.28e-03       
seir_4_1em6                    odepe_v2_nopolish       4.86e+00  3.78e+00  9.26e-01   8.91e-06   8.91e-06       
seir_4_1em8                    odepe_v2_nopolish       2.53e+00  1.27e+00  8.62e-01   2.92e-07   2.92e-07       
seir_5_0                       odepe_v2_nopolish       7.23e-08  1.38e+01  9.32e-01   2.76e-10   2.76e-10    YES
seir_5_1em2                    odepe_v2_nopolish       1.83e+01  2.22e+01  4.42e-01   1.68e+00   1.85e+00       
seir_5_1em4                    odepe_v2_nopolish       1.34e+01  7.06e-02  9.26e-01   6.48e-03   6.48e-03       
seir_5_1em6                    odepe_v2_nopolish       1.77e-01  1.25e+01  9.39e-01   1.04e-03   1.04e-03       
seir_5_1em8                    odepe_v2_nopolish       3.00e-04  1.38e+01  9.32e-01   6.55e-05   6.55e-05    YES
seir_6_0                       odepe_v2_nopolish       3.53e+00  7.40e-07  1.47e+00   7.90e-13   2.02e-12       
seir_6_1em2                    odepe_v2_nopolish       5.09e+00  5.09e+00  1.17e+00   1.14e-01   1.14e-01       
seir_6_1em4                    odepe_v2_nopolish       5.40e+00  6.65e+00  5.92e-01   1.39e-03   1.79e-03       
seir_6_1em6                    odepe_v2_nopolish       3.79e+00  6.64e-01  1.30e+00   1.15e-05   1.15e-05       
seir_6_1em8                    odepe_v2_nopolish       3.85e+00  4.15e+00  5.57e-01   2.01e-07   3.20e-07       
seir_7_0                       odepe_v2_nopolish       1.29e+00  3.18e-08  5.62e-01   1.48e-13   1.56e-13       
seir_7_1em2                    odepe_v2_nopolish       1.12e+01  1.12e+01  9.15e-01   7.18e-02   7.18e-02       
seir_7_1em4                    odepe_v2_nopolish       1.34e+01  1.34e+01  9.53e-01   7.68e-04   7.68e-04       
seir_7_1em6                    odepe_v2_nopolish       1.35e+00  4.08e-02  5.84e-01   7.18e-06   7.18e-06       
seir_7_1em8                    odepe_v2_nopolish       1.21e-02  1.31e+00  5.69e-01   1.18e-07   1.18e-07    YES
seir_8_0                       odepe_v2_nopolish       4.59e+00  4.72e-05  1.49e+00   1.24e-12   1.24e-12       
seir_8_1em2                    odepe_v2_nopolish       4.76e+01  4.76e+01  1.04e+00   1.63e-01   1.63e-01       
seir_8_1em4                    odepe_v2_nopolish       1.03e+01  1.03e+01  1.04e+00   1.86e-03   1.86e-03       
seir_8_1em6                    odepe_v2_nopolish       5.12e+00  2.03e+00  1.17e+00   1.63e-05   1.63e-05       
seir_8_1em8                    odepe_v2_nopolish       4.68e+00  1.68e-01  1.42e+00   2.05e-07   2.05e-07       
seir_9_0                       odepe_v2_nopolish       1.72e-08  1.01e-01  9.21e-02   3.18e-11   3.18e-11    YES
seir_9_1em2                    odepe_v2_nopolish       3.85e+00  1.05e+00  8.58e-01   2.03e-01   2.03e-01       
seir_9_1em4                    odepe_v2_nopolish       7.09e-02  5.75e-01  5.80e-01   6.22e-03   8.70e-03       
seir_9_1em6                    odepe_v2_nopolish       8.01e-02  1.87e-02  5.69e-02   3.09e-05   3.09e-05    YES
seir_9_1em8                    odepe_v2_nopolish       1.02e-01  4.69e-04  9.29e-02   1.60e-06   1.60e-06       
slow_fast_0_0                  odepe_v2_polish         1.61e-13  3.29e+01  1.03e+00   8.88e-24   4.05e-16    YES
slow_fast_0_1em2               odepe_v2_polish         5.87e-02  3.89e+01  1.00e+00   3.67e-01   4.87e-01       
slow_fast_0_1em4               odepe_v2_polish         3.89e+01  5.56e-03  1.00e+00   1.13e-01   3.67e-06       
slow_fast_0_1em6               odepe_v2_polish         1.12e-05  3.29e+01  1.03e+00   3.51e-09   3.34e-08    YES
slow_fast_0_1em8               odepe_v2_polish         4.90e-08  3.29e+01  1.03e+00   3.41e-13   6.85e-10    YES
slow_fast_1_0                  odepe_v2_polish         1.23e-11  1.36e+00  1.00e+00   2.10e-24   1.62e-03       
slow_fast_1_1em2               odepe_v2_polish         1.60e-01  1.37e+00  1.00e+00   1.29e-01   1.32e-01       
slow_fast_1_1em4               odepe_v2_polish         1.36e+00  3.55e-03  1.00e+00   1.63e-03   1.94e-06       
slow_fast_1_1em6               odepe_v2_polish         2.92e-06  1.36e+00  1.00e+00   1.26e-09   1.62e-03       
slow_fast_1_1em8               odepe_v2_polish         4.03e-08  1.36e+00  1.00e+00   1.28e-13   1.62e-03       
slow_fast_2_0                  odepe_v2_polish         4.74e-13  4.92e+01  1.02e+00   5.51e-24   5.40e-16    YES
slow_fast_2_1em2               odepe_v2_polish         2.02e-02  3.44e+01  1.00e+00   1.09e-01   2.37e-01       
slow_fast_2_1em4               odepe_v2_polish         3.44e+01  1.00e-02  1.00e+00   1.28e-01   1.73e-06       
slow_fast_2_1em6               odepe_v2_polish         1.82e-06  4.92e+01  1.02e+00   1.14e-09   1.78e-08    YES
slow_fast_2_1em8               odepe_v2_polish         1.11e-08  4.92e+01  1.02e+00   1.10e-13   5.10e-10    YES
slow_fast_3_0                  odepe_v2_polish         4.17e-12  1.26e+00  1.26e+00   6.49e-24   2.94e-15    YES
slow_fast_3_1em2               odepe_v2_polish         1.32e-01  1.07e-01  2.23e-02   1.80e-01   1.80e-01       
slow_fast_3_1em4               odepe_v2_polish         5.27e+00  1.26e+00  1.00e+00   1.50e-03   2.36e-06       
slow_fast_3_1em6               odepe_v2_polish         1.06e-04  1.26e+00  1.26e+00   1.81e-09   2.25e-08    YES
slow_fast_3_1em8               odepe_v2_polish         5.44e-07  1.26e+00  1.26e+00   1.78e-13   2.98e-10    YES
slow_fast_4_0                  odepe_v2_polish         2.24e-13  2.14e+00  1.87e+00   8.82e-24   3.20e-15    YES
slow_fast_4_1em2               odepe_v2_polish         3.59e-02  8.66e+00  1.00e+00   3.79e-01   4.36e-01       
slow_fast_4_1em4               odepe_v2_polish         2.42e-03  2.15e+00  1.87e+00   3.23e-06   3.23e-06    YES
slow_fast_4_1em6               odepe_v2_polish         2.44e-06  2.14e+00  1.87e+00   3.95e-09   3.46e-08    YES
slow_fast_4_1em8               odepe_v2_polish         9.65e-08  2.14e+00  1.87e+00   3.72e-13   5.45e-10    YES
slow_fast_5_0                  odepe_v2_polish         2.20e-11  6.11e-01  3.79e-01   1.05e-24   1.68e-24    YES
slow_fast_5_1em2               odepe_v2_polish         1.25e-01  9.52e-01  9.58e-01   5.47e-02   6.88e-02       
slow_fast_5_1em4               odepe_v2_polish         6.25e-01  7.01e-03  3.89e-01   1.13e-06   1.13e-06       
slow_fast_5_1em6               odepe_v2_polish         4.20e-06  6.11e-01  3.79e-01   5.50e-10   5.50e-10    YES
slow_fast_5_1em8               odepe_v2_polish         9.55e-08  6.11e-01  3.79e-01   5.43e-14   5.43e-14    YES
slow_fast_6_0                  odepe_v2_polish         5.33e-13  2.83e+01  1.00e+00   4.16e-24   8.74e-01       
slow_fast_6_1em2               odepe_v2_polish         2.69e-02  4.74e+01  1.00e+00   1.22e-01   2.17e-01       
slow_fast_6_1em4               odepe_v2_polish         4.74e+01  2.83e+01  1.00e+00   9.89e-02   8.74e-01       
slow_fast_6_1em6               odepe_v2_polish         3.25e-06  4.74e+01  1.00e+00   1.16e-09   9.89e-02       
slow_fast_6_1em8               odepe_v2_polish         2.84e-08  2.83e+01  1.00e+00   1.27e-13   8.74e-01       
slow_fast_7_0                  odepe_v2_polish         1.70e-11  1.90e-01  1.90e-01   9.38e-24   8.77e-06    YES
slow_fast_7_1em2               odepe_v2_polish         8.72e-01  7.35e-02  8.62e-01   2.30e-01   2.30e-01       
slow_fast_7_1em4               odepe_v2_polish         2.19e-01  6.33e+00  1.00e+00   3.20e-05   1.81e-03       
slow_fast_7_1em6               odepe_v2_polish         4.04e-05  1.86e-01  1.86e-01   2.22e-09   8.44e-06    YES
slow_fast_7_1em8               odepe_v2_polish         2.81e-07  2.20e-01  2.20e-01   2.17e-13   1.15e-05    YES
slow_fast_8_0                  odepe_v2_polish         6.45e-13  2.59e+00  1.63e+00   6.86e-24   4.06e-15    YES
slow_fast_8_1em2               odepe_v2_polish         8.42e-01  8.62e-01  1.09e-02   1.96e-01   1.96e-01       
slow_fast_8_1em4               odepe_v2_polish         8.91e-03  2.61e+00  1.62e+00   2.37e-06   2.37e-06    YES
slow_fast_8_1em6               odepe_v2_polish         1.10e-04  2.59e+00  1.63e+00   2.03e-09   2.35e-08    YES
slow_fast_8_1em8               odepe_v2_polish         1.50e-06  2.59e+00  1.63e+00   1.97e-13   3.66e-10    YES
slow_fast_9_0                  odepe_v2_polish         1.78e-12  1.80e+00  1.80e+00   5.00e-24   6.50e-16    YES
slow_fast_9_1em2               odepe_v2_polish         2.25e-01  6.51e+00  8.37e-01   8.02e-02   8.04e-02       
slow_fast_9_1em4               odepe_v2_polish         8.34e+00  6.38e+00  2.10e-01   1.06e-03   1.06e-03       
slow_fast_9_1em6               odepe_v2_polish         8.42e-05  1.80e+00  1.80e+00   8.68e-10   1.55e-08    YES
slow_fast_9_1em8               odepe_v2_polish         4.64e-08  1.80e+00  1.80e+00   8.18e-14   4.04e-09    YES
slow_fast_0_0                  odepe_v2_nopolish       3.29e+01  3.77e-13  1.03e+00   4.05e-16   1.25e-15       
slow_fast_0_1em2               odepe_v2_nopolish       4.22e-01  5.86e+01  1.02e+00   3.09e-04   3.09e-04       
slow_fast_0_1em4               odepe_v2_nopolish       5.56e-03  3.28e+01  1.03e+00   3.67e-06   3.67e-06    YES
slow_fast_0_1em6               odepe_v2_nopolish       5.15e-05  3.29e+01  1.03e+00   3.13e-08   3.34e-08    YES
slow_fast_0_1em8               odepe_v2_nopolish       3.29e+01  4.35e-06  1.03e+00   1.37e-09   1.37e-09       
slow_fast_1_0                  odepe_v2_nopolish       1.10e-11  2.30e+00  1.77e+00   7.14e-16   1.31e-15    YES
slow_fast_1_1em2               odepe_v2_nopolish       3.25e+00  2.70e-01  1.46e+00   1.92e-04   1.92e-04       
slow_fast_1_1em4               odepe_v2_nopolish       2.31e+00  3.58e-03  1.76e+00   1.94e-06   1.94e-06       
slow_fast_1_1em6               odepe_v2_nopolish       3.00e-05  2.30e+00  1.77e+00   2.02e-08   2.02e-08    YES
slow_fast_1_1em8               odepe_v2_nopolish       7.90e-07  2.30e+00  1.77e+00   2.31e-10   2.31e-10    YES
slow_fast_2_0                  odepe_v2_nopolish       4.92e+01  2.54e-11  1.02e+00   1.30e-15   1.52e-15       
slow_fast_2_1em2               odepe_v2_nopolish       2.17e-01  6.33e+01  1.02e+00   1.64e-04   1.64e-04       
slow_fast_2_1em4               odepe_v2_nopolish       1.00e-02  4.86e+01  1.02e+00   1.73e-06   1.73e-06    YES
slow_fast_2_1em6               odepe_v2_nopolish       4.92e+01  7.81e-05  1.02e+00   1.78e-08   1.78e-08       
slow_fast_2_1em8               odepe_v2_nopolish       4.92e+01  1.06e-06  1.02e+00   6.32e-10   6.32e-10       
slow_fast_3_0                  odepe_v2_nopolish       1.26e+00  2.17e-10  1.26e+00   1.83e-15   1.89e-15       
slow_fast_3_1em2               odepe_v2_nopolish       3.52e-01  1.56e+00  1.86e+00   2.20e-04   2.20e-04       
slow_fast_3_1em4               odepe_v2_nopolish       1.26e+00  4.84e-03  1.26e+00   2.36e-06   2.36e-06       
slow_fast_3_1em6               odepe_v2_nopolish       3.37e-04  1.26e+00  1.26e+00   2.25e-08   2.25e-08    YES
slow_fast_3_1em8               odepe_v2_nopolish       1.26e+00  1.68e-05  1.26e+00   2.98e-10   2.98e-10       
slow_fast_4_0                  odepe_v2_nopolish       2.14e+00  2.95e-11  1.87e+00   3.03e-15   3.19e-15       
slow_fast_4_1em2               odepe_v2_nopolish       3.07e-02  2.16e+00  1.85e+00   3.19e-04   3.19e-04    YES
slow_fast_4_1em4               odepe_v2_nopolish       2.14e+00  3.40e-03  1.88e+00   3.22e-06   3.22e-06       
slow_fast_4_1em6               odepe_v2_nopolish       2.73e-05  2.14e+00  1.87e+00   3.46e-08   3.46e-08    YES
slow_fast_4_1em8               odepe_v2_nopolish       9.76e-07  2.14e+00  1.87e+00   5.26e-10   5.26e-10    YES
slow_fast_5_0                  odepe_v2_nopolish       2.19e-11  6.11e-01  3.79e-01   4.91e-16   5.68e-16    YES
slow_fast_5_1em2               odepe_v2_nopolish       1.18e+00  3.87e-01  6.29e-01   1.14e-04   1.14e-04       
slow_fast_5_1em4               odepe_v2_nopolish       7.01e-03  6.25e-01  3.89e-01   1.13e-06   1.13e-06    YES
slow_fast_5_1em6               odepe_v2_nopolish       5.29e-05  6.11e-01  3.79e-01   1.15e-08   1.15e-08    YES
slow_fast_5_1em8               odepe_v2_nopolish       6.11e-01  2.19e-06  3.79e-01   1.95e-10   1.95e-10       
slow_fast_6_0                  odepe_v2_nopolish       2.59e+01  7.34e-13  1.04e+00   2.34e-16   6.99e-16       
slow_fast_6_1em2               odepe_v2_nopolish       3.20e+01  1.26e-01  1.04e+00   1.73e-04   1.73e-04       
slow_fast_6_1em4               odepe_v2_nopolish       2.86e-03  2.58e+01  1.04e+00   1.78e-06   1.78e-06    YES
slow_fast_6_1em6               odepe_v2_nopolish       4.07e-05  2.59e+01  1.04e+00   1.89e-08   1.89e-08    YES
slow_fast_6_1em8               odepe_v2_nopolish       1.59e-06  2.59e+01  1.04e+00   3.27e-10   3.27e-10    YES
slow_fast_7_0                  odepe_v2_nopolish       1.17e+00  7.53e-12  1.17e+00   8.87e-16   1.14e-15       
slow_fast_7_1em2               odepe_v2_nopolish       3.19e+00  2.15e+00  1.73e+00   2.26e-04   2.26e-04       
slow_fast_7_1em4               odepe_v2_nopolish       1.25e-02  1.17e+00  1.16e+00   2.22e-06   2.22e-06    YES
slow_fast_7_1em6               odepe_v2_nopolish       3.25e-04  1.17e+00  1.17e+00   2.31e-08   2.31e-08    YES
slow_fast_7_1em8               odepe_v2_nopolish       1.17e+00  5.98e-06  1.17e+00   3.13e-10   3.13e-10       
slow_fast_8_0                  odepe_v2_nopolish       2.59e+00  9.66e-11  1.63e+00   1.40e-15   1.64e-15       
slow_fast_8_1em2               odepe_v2_nopolish       2.93e+00  1.75e+00  1.34e+00   2.30e-04   2.30e-04       
slow_fast_8_1em4               odepe_v2_nopolish       2.61e+00  8.91e-03  1.62e+00   2.37e-06   2.37e-06       
slow_fast_8_1em6               odepe_v2_nopolish       7.00e-05  2.59e+00  1.63e+00   2.34e-08   2.34e-08    YES
slow_fast_8_1em8               odepe_v2_nopolish       4.49e-06  2.59e+00  1.63e+00   3.37e-10   3.37e-10    YES
slow_fast_9_0                  odepe_v2_nopolish       1.80e+00  9.23e-11  1.80e+00   1.08e-15   1.27e-15       
slow_fast_9_1em2               odepe_v2_nopolish       5.41e-01  2.45e+00  1.34e+00   1.39e-04   1.39e-04       
slow_fast_9_1em4               odepe_v2_nopolish       5.22e-03  1.78e+00  1.78e+00   1.51e-06   1.51e-06    YES
slow_fast_9_1em6               odepe_v2_nopolish       1.80e+00  5.09e-04  1.80e+00   1.66e-08   1.66e-08       
slow_fast_9_1em8               odepe_v2_nopolish       1.80e+00  9.53e-05  1.80e+00   1.91e-09   1.91e-09       
