LinearAlgebra.PosDefException(3)
LinearAlgebra.PosDefException(2)
LinearAlgebra.PosDefException(2)
LinearAlgebra.PosDefException(3)
LinearAlgebra.PosDefException(4)
LinearAlgebra.PosDefException(8)
LinearAlgebra.PosDefException(83)
LinearAlgebra.PosDefException(2)
LinearAlgebra.PosDefException(3)
LinearAlgebra.PosDefException(2)
LinearAlgebra.PosDefException(3)
LinearAlgebra.PosDefException(4)
LinearAlgebra.PosDefException(5)
LinearAlgebra.PosDefException(4)
LinearAlgebra.PosDefException(45)
LinearAlgebra.PosDefException(6)
LinearAlgebra.PosDefException(2)
LinearAlgebra.PosDefException(2)
LinearAlgebra.PosDefException(2)
LinearAlgebra.PosDefException(2)
LinearAlgebra.PosDefException(4)
LinearAlgebra.PosDefException(6)
LinearAlgebra.PosDefException(6)
LinearAlgebra.PosDefException(10)
LinearAlgebra.PosDefException(2)
LinearAlgebra.PosDefException(2)
LinearAlgebra.PosDefException(2)
LinearAlgebra.PosDefException(2)
LinearAlgebra.PosDefException(3)
LinearAlgebra.PosDefException(4)
LinearAlgebra.PosDefException(4)
LinearAlgebra.PosDefException(5)
LinearAlgebra.PosDefException(24)
LinearAlgebra.PosDefException(114)
LinearAlgebra.PosDefException(274)
LinearAlgebra.PosDefException(542)
LinearAlgebra.PosDefException(5)
LinearAlgebra.PosDefException(5)
LinearAlgebra.PosDefException(7)
LinearAlgebra.PosDefException(6)
LinearAlgebra.PosDefException(5)
LinearAlgebra.PosDefException(5)
LinearAlgebra.PosDefException(6)
LinearAlgebra.PosDefException(22)
LinearAlgebra.PosDefException(133)
LinearAlgebra.PosDefException(277)
LinearAlgebra.PosDefException(611)
LinearAlgebra.PosDefException(693)
LinearAlgebra.PosDefException(731)
LinearAlgebra.PosDefException(828)
LinearAlgebra.PosDefException(6)
LinearAlgebra.PosDefException(5)
LinearAlgebra.PosDefException(4)
LinearAlgebra.PosDefException(5)
LinearAlgebra.PosDefException(8)
LinearAlgebra.PosDefException(6)
LinearAlgebra.PosDefException(6)
LinearAlgebra.PosDefException(33)
LinearAlgebra.PosDefException(127)
LinearAlgebra.PosDefException(248)
LinearAlgebra.PosDefException(558)
LinearAlgebra.PosDefException(620)
LinearAlgebra.PosDefException(692)
LinearAlgebra.PosDefException(747)
LinearAlgebra.PosDefException(892)
LinearAlgebra.PosDefException(813)
LinearAlgebra.PosDefException(982)
LinearAlgebra.PosDefException(853)
LinearAlgebra.PosDefException(788)
LinearAlgebra.PosDefException(7)
LinearAlgebra.PosDefException(5)
LinearAlgebra.PosDefException(6)
LinearAlgebra.PosDefException(7)
LinearAlgebra.PosDefException(7)
LinearAlgebra.PosDefException(7)
LinearAlgebra.PosDefException(5)
LinearAlgebra.PosDefException(31)
LinearAlgebra.PosDefException(141)
LinearAlgebra.PosDefException(268)
LinearAlgebra.PosDefException(316)
LinearAlgebra.PosDefException(612)
LinearAlgebra.PosDefException(702)
LinearAlgebra.PosDefException(830)
LinearAlgebra.PosDefException(737)
LinearAlgebra.PosDefException(891)
LinearAlgebra.PosDefException(6)
LinearAlgebra.PosDefException(4)
LinearAlgebra.PosDefException(5)
LinearAlgebra.PosDefException(5)
LinearAlgebra.PosDefException(8)
LinearAlgebra.PosDefException(7)
LinearAlgebra.PosDefException(5)
LinearAlgebra.PosDefException(27)
LinearAlgebra.PosDefException(70)
LinearAlgebra.PosDefException(277)
LinearAlgebra.PosDefException(290)
LinearAlgebra.PosDefException(607)
LinearAlgebra.PosDefException(677)
LinearAlgebra.PosDefException(728)
LinearAlgebra.PosDefException(748)
LinearAlgebra.PosDefException(764)
LinearAlgebra.PosDefException(777)
LinearAlgebra.PosDefException(6)
LinearAlgebra.PosDefException(5)
LinearAlgebra.PosDefException(5)
LinearAlgebra.PosDefException(5)
LinearAlgebra.PosDefException(7)
LinearAlgebra.PosDefException(8)
LinearAlgebra.PosDefException(9)
LinearAlgebra.PosDefException(38)
LinearAlgebra.PosDefException(145)
LinearAlgebra.PosDefException(275)
LinearAlgebra.PosDefException(604)
LinearAlgebra.PosDefException(652)
LinearAlgebra.PosDefException(711)
LinearAlgebra.PosDefException(828)
LinearAlgebra.PosDefException(800)
LinearAlgebra.PosDefException(835)
LinearAlgebra.PosDefException(822)
LinearAlgebra.PosDefException(744)
LinearAlgebra.PosDefException(786)
LinearAlgebra.PosDefException(809)
LinearAlgebra.PosDefException(819)
LinearAlgebra.PosDefException(891)
LinearAlgebra.PosDefException(915)
LinearAlgebra.PosDefException(847)
LinearAlgebra.PosDefException(708)
LinearAlgebra.PosDefException(860)
LinearAlgebra.PosDefException(859)
LinearAlgebra.PosDefException(806)
LinearAlgebra.PosDefException(959)
LinearAlgebra.PosDefException(761)
LinearAlgebra.PosDefException(828)
LinearAlgebra.PosDefException(857)
LinearAlgebra.PosDefException(925)
LinearAlgebra.PosDefException(760)
LinearAlgebra.PosDefException(989)
LinearAlgebra.PosDefException(916)
LinearAlgebra.PosDefException(829)
LinearAlgebra.PosDefException(833)
LinearAlgebra.PosDefException(893)
LinearAlgebra.PosDefException(1)
LinearAlgebra.PosDefException(1)
LinearAlgebra.PosDefException(1)
LinearAlgebra.PosDefException(804)
LinearAlgebra.PosDefException(808)
LinearAlgebra.PosDefException(777)
LinearAlgebra.PosDefException(896)
LinearAlgebra.PosDefException(947)
LinearAlgebra.PosDefException(869)
LinearAlgebra.PosDefException(745)
LinearAlgebra.PosDefException(843)
LinearAlgebra.PosDefException(948)
LinearAlgebra.PosDefException(746)
LinearAlgebra.PosDefException(864)
LinearAlgebra.PosDefException(781)
LinearAlgebra.PosDefException(849)
LinearAlgebra.PosDefException(913)
LinearAlgebra.PosDefException(887)
LinearAlgebra.PosDefException(778)
LinearAlgebra.PosDefException(921)
LinearAlgebra.PosDefException(826)
LinearAlgebra.PosDefException(791)
LinearAlgebra.PosDefException(856)
Noise level is too low, using  AAA
LinearAlgebra.PosDefException(2)
LinearAlgebra.PosDefException(2)
LinearAlgebra.PosDefException(2)
LinearAlgebra.PosDefException(5)
LinearAlgebra.PosDefException(3)
LinearAlgebra.PosDefException(4)
LinearAlgebra.PosDefException(86)
LinearAlgebra.PosDefException(3)
LinearAlgebra.PosDefException(2)
LinearAlgebra.PosDefException(2)
LinearAlgebra.PosDefException(2)
LinearAlgebra.PosDefException(5)
LinearAlgebra.PosDefException(3)
LinearAlgebra.PosDefException(4)
LinearAlgebra.PosDefException(44)
LinearAlgebra.PosDefException(2)
LinearAlgebra.PosDefException(2)
LinearAlgebra.PosDefException(2)
LinearAlgebra.PosDefException(2)
LinearAlgebra.PosDefException(2)
LinearAlgebra.PosDefException(4)
LinearAlgebra.PosDefException(4)
LinearAlgebra.PosDefException(5)
LinearAlgebra.PosDefException(14)
LinearAlgebra.PosDefException(2)
LinearAlgebra.PosDefException(2)
LinearAlgebra.PosDefException(3)
LinearAlgebra.PosDefException(4)
LinearAlgebra.PosDefException(5)
LinearAlgebra.PosDefException(21)
LinearAlgebra.PosDefException(75)
LinearAlgebra.PosDefException(226)
LinearAlgebra.PosDefException(472)
LinearAlgebra.PosDefException(2)
LinearAlgebra.PosDefException(3)
LinearAlgebra.PosDefException(6)
LinearAlgebra.PosDefException(4)
LinearAlgebra.PosDefException(4)
LinearAlgebra.PosDefException(6)
LinearAlgebra.PosDefException(7)
LinearAlgebra.PosDefException(6)
LinearAlgebra.PosDefException(33)
LinearAlgebra.PosDefException(153)
LinearAlgebra.PosDefException(420)
LinearAlgebra.PosDefException(493)
LinearAlgebra.PosDefException(723)
LinearAlgebra.PosDefException(416)
LinearAlgebra.PosDefException(491)
LinearAlgebra.PosDefException(613)
LinearAlgebra.PosDefException(23)
LinearAlgebra.PosDefException(10)
LinearAlgebra.PosDefException(7)
LinearAlgebra.PosDefException(6)
LinearAlgebra.PosDefException(5)
LinearAlgebra.PosDefException(6)
LinearAlgebra.PosDefException(31)
LinearAlgebra.PosDefException(147)
LinearAlgebra.PosDefException(195)
LinearAlgebra.PosDefException(464)
LinearAlgebra.PosDefException(517)
LinearAlgebra.PosDefException(603)
LinearAlgebra.PosDefException(615)
LinearAlgebra.PosDefException(737)
LinearAlgebra.PosDefException(758)
LinearAlgebra.PosDefException(836)
LinearAlgebra.PosDefException(877)
LinearAlgebra.PosDefException(4)
LinearAlgebra.PosDefException(4)
LinearAlgebra.PosDefException(6)
LinearAlgebra.PosDefException(5)
LinearAlgebra.PosDefException(7)
LinearAlgebra.PosDefException(6)
LinearAlgebra.PosDefException(5)
LinearAlgebra.PosDefException(21)
LinearAlgebra.PosDefException(136)
LinearAlgebra.PosDefException(266)
LinearAlgebra.PosDefException(555)
LinearAlgebra.PosDefException(574)
LinearAlgebra.PosDefException(631)
LinearAlgebra.PosDefException(615)
LinearAlgebra.PosDefException(787)
LinearAlgebra.PosDefException(693)
LinearAlgebra.PosDefException(808)
LinearAlgebra.PosDefException(736)
LinearAlgebra.PosDefException(835)
LinearAlgebra.PosDefException(920)
LinearAlgebra.PosDefException(800)
LinearAlgebra.PosDefException(791)
LinearAlgebra.PosDefException(769)
LinearAlgebra.PosDefException(871)
LinearAlgebra.PosDefException(864)
LinearAlgebra.PosDefException(894)
LinearAlgebra.PosDefException(801)
LinearAlgebra.PosDefException(788)
LinearAlgebra.PosDefException(907)
LinearAlgebra.PosDefException(838)
LinearAlgebra.PosDefException(926)
LinearAlgebra.PosDefException(949)
LinearAlgebra.PosDefException(794)
LinearAlgebra.PosDefException(918)
LinearAlgebra.PosDefException(754)
LinearAlgebra.PosDefException(806)
LinearAlgebra.PosDefException(731)
LinearAlgebra.PosDefException(749)
LinearAlgebra.PosDefException(710)
LinearAlgebra.PosDefException(808)
LinearAlgebra.PosDefException(764)
LinearAlgebra.PosDefException(739)
LinearAlgebra.PosDefException(934)
LinearAlgebra.PosDefException(807)
LinearAlgebra.PosDefException(910)
LinearAlgebra.PosDefException(819)
LinearAlgebra.PosDefException(789)
LinearAlgebra.PosDefException(697)
LinearAlgebra.PosDefException(730)
LinearAlgebra.PosDefException(694)
LinearAlgebra.PosDefException(979)
LinearAlgebra.PosDefException(979)
LinearAlgebra.PosDefException(1)
LinearAlgebra.PosDefException(1)
LinearAlgebra.PosDefException(1)
LinearAlgebra.PosDefException(890)
LinearAlgebra.PosDefException(828)
LinearAlgebra.PosDefException(696)
LinearAlgebra.PosDefException(819)
LinearAlgebra.PosDefException(852)
LinearAlgebra.PosDefException(735)
LinearAlgebra.PosDefException(929)
LinearAlgebra.PosDefException(795)
LinearAlgebra.PosDefException(676)
LinearAlgebra.PosDefException(750)
LinearAlgebra.PosDefException(779)
LinearAlgebra.PosDefException(734)
LinearAlgebra.PosDefException(777)
LinearAlgebra.PosDefException(842)
LinearAlgebra.PosDefException(793)
LinearAlgebra.PosDefException(938)
LinearAlgebra.PosDefException(730)
LinearAlgebra.PosDefException(810)
LinearAlgebra.PosDefException(803)
LinearAlgebra.PosDefException(774)
LinearAlgebra.PosDefException(783)
LinearAlgebra.PosDefException(819)
LinearAlgebra.PosDefException(1)
LinearAlgebra.PosDefException(1)
LinearAlgebra.PosDefException(1)
LinearAlgebra.PosDefException(759)
LinearAlgebra.PosDefException(910)
LinearAlgebra.PosDefException(783)
LinearAlgebra.PosDefException(807)
LinearAlgebra.PosDefException(744)
LinearAlgebra.PosDefException(966)
LinearAlgebra.PosDefException(738)
LinearAlgebra.PosDefException(774)
LinearAlgebra.PosDefException(752)
LinearAlgebra.PosDefException(749)
LinearAlgebra.PosDefException(861)
LinearAlgebra.PosDefException(880)
LinearAlgebra.PosDefException(862)
LinearAlgebra.PosDefException(716)
LinearAlgebra.PosDefException(733)
LinearAlgebra.PosDefException(891)
LinearAlgebra.PosDefException(877)
LinearAlgebra.PosDefException(822)
LinearAlgebra.PosDefException(851)
LinearAlgebra.PosDefException(669)
LinearAlgebra.PosDefException(736)
LinearAlgebra.PosDefException(732)
LinearAlgebra.PosDefException(962)
LinearAlgebra.PosDefException(861)
LinearAlgebra.PosDefException(798)
LinearAlgebra.PosDefException(694)
LinearAlgebra.PosDefException(884)
LinearAlgebra.PosDefException(846)
LinearAlgebra.PosDefException(899)
LinearAlgebra.PosDefException(798)
LinearAlgebra.PosDefException(739)
LinearAlgebra.PosDefException(801)
LinearAlgebra.PosDefException(833)
LinearAlgebra.PosDefException(719)
LinearAlgebra.PosDefException(709)
LinearAlgebra.PosDefException(759)
LinearAlgebra.PosDefException(759)
LinearAlgebra.PosDefException(1)
LinearAlgebra.PosDefException(1)
LinearAlgebra.PosDefException(1)
LinearAlgebra.PosDefException(802)
LinearAlgebra.PosDefException(842)
LinearAlgebra.PosDefException(949)
LinearAlgebra.PosDefException(766)
LinearAlgebra.PosDefException(915)
LinearAlgebra.PosDefException(797)
LinearAlgebra.PosDefException(821)
LinearAlgebra.PosDefException(920)
LinearAlgebra.PosDefException(987)
LinearAlgebra.PosDefException(762)
LinearAlgebra.PosDefException(863)
LinearAlgebra.PosDefException(800)
LinearAlgebra.PosDefException(733)
LinearAlgebra.PosDefException(798)
LinearAlgebra.PosDefException(837)
LinearAlgebra.PosDefException(819)
LinearAlgebra.PosDefException(689)
LinearAlgebra.PosDefException(802)
LinearAlgebra.PosDefException(857)
LinearAlgebra.PosDefException(802)
LinearAlgebra.PosDefException(806)
LinearAlgebra.PosDefException(731)
LinearAlgebra.PosDefException(826)
LinearAlgebra.PosDefException(787)
LinearAlgebra.PosDefException(960)
LinearAlgebra.PosDefException(689)
LinearAlgebra.PosDefException(783)
LinearAlgebra.PosDefException(851)
LinearAlgebra.PosDefException(826)
LinearAlgebra.PosDefException(807)
LinearAlgebra.PosDefException(838)
LinearAlgebra.PosDefException(730)
LinearAlgebra.PosDefException(773)
LinearAlgebra.PosDefException(766)
LinearAlgebra.PosDefException(719)
LinearAlgebra.PosDefException(709)
LinearAlgebra.PosDefException(759)
LinearAlgebra.PosDefException(759)
Noise level is too low, using  AAA
DEBUG [determine_optimal_points_count]: Large num points: 1
DEBUG [determine_optimal_points_count]: Good num points: 1
DEBUG [multipoint_parameter_estimation]: Parameter estimation using this many points: 1

DEBUG [pick_points]: Starting point selection...
DEBUG [pick_points]: Number of points to pick: 1
DEBUG [pick_points]: Total points available: 1001
DEBUG [pick_points]: Number of interpolants: 2

DEBUG [pick_points]: Computing interestingness scores...
DEBUG [pick_points]: Processed 100 points
DEBUG [pick_points]: Processed 200 points
DEBUG [pick_points]: Processed 300 points
DEBUG [pick_points]: Processed 400 points
DEBUG [pick_points]: Processed 500 points
DEBUG [pick_points]: Processed 600 points
DEBUG [pick_points]: Processed 700 points
DEBUG [pick_points]: Processed 800 points
DEBUG [pick_points]: Processed 900 points
DEBUG [pick_points]: Processed 1000 points

DEBUG [pick_points]: Score statistics:
DEBUG [pick_points]: Min score: 0.055019559399108506
DEBUG [pick_points]: Max score: 0.07096986421066014
DEBUG [pick_points]: Mean score: 0.06302587472076486
DEBUG [pick_points]: Normalized scores

DEBUG [pick_points]: Selected 1 points
DEBUG [pick_points]: Selected time points: [-0.998]
aa_system
Any[_t2_x5_t_ - 4999452135527213//9007199254740992, _t2_x5ˍt_t_ - 445707424977//17592186044416, _t2_x5ˍtt_t_ + 276067579//34359738368, _t2_x5ˍttt_t_ - 1351//4194304, _t2_x5ˍtttt_t_ + 29//32768, _t2_x5ˍttttt_t_ + 15//8, _t2_x4_t_ - 3358726105496599//4503599627370496, _t2_x4ˍt_t_ + 117083235143//1099511627776, _t2_x4ˍtt_t_ - 67389051//8589934592, _tpk7_*_tpk6_*_t2_x5_t_ + _tpk7_*_t2_x4_t_*_t2_x5_t_ + _tpk6_*_tpk8_*_t2_x5ˍt_t_ + _tpk6_*_t2_x5_t_*_t2_x5ˍt_t_ + _tpk6_*_t2_x6_t_*_t2_x5ˍt_t_ - _tpk5_*_tpk8_*_t2_x4_t_ - _tpk5_*_t2_x4_t_*_t2_x5_t_ - _tpk5_*_t2_x4_t_*_t2_x6_t_ + _tpk8_*_t2_x4_t_*_t2_x5ˍt_t_ + _t2_x4_t_*_t2_x5_t_*_t2_x5ˍt_t_ + _t2_x4_t_*_t2_x6_t_*_t2_x5ˍt_t_, _tpk7_*_tpk6_*_t2_x5ˍt_t_ + _tpk7_*_t2_x4_t_*_t2_x5ˍt_t_ + _tpk7_*_t2_x5_t_*_t2_x4ˍt_t_ + _tpk6_*_tpk8_*_t2_x5ˍtt_t_ + _tpk6_*_t2_x5_t_*_t2_x5ˍtt_t_ + _tpk6_*_t2_x6_t_*_t2_x5ˍtt_t_ + _tpk6_*_t2_x5ˍt_t_^2 + _tpk6_*_t2_x5ˍt_t_*_t2_x6ˍt_t_ - _tpk5_*_tpk8_*_t2_x4ˍt_t_ - _tpk5_*_t2_x4_t_*_t2_x5ˍt_t_ - _tpk5_*_t2_x4_t_*_t2_x6ˍt_t_ - _tpk5_*_t2_x5_t_*_t2_x4ˍt_t_ - _tpk5_*_t2_x6_t_*_t2_x4ˍt_t_ + _tpk8_*_t2_x4_t_*_t2_x5ˍtt_t_ + _tpk8_*_t2_x5ˍt_t_*_t2_x4ˍt_t_ + _t2_x4_t_*_t2_x5_t_*_t2_x5ˍtt_t_ + _t2_x4_t_*_t2_x6_t_*_t2_x5ˍtt_t_ + _t2_x4_t_*_t2_x5ˍt_t_^2 + _t2_x4_t_*_t2_x5ˍt_t_*_t2_x6ˍt_t_ + _t2_x5_t_*_t2_x5ˍt_t_*_t2_x4ˍt_t_ + _t2_x6_t_*_t2_x5ˍt_t_*_t2_x4ˍt_t_, _tpk7_*_tpk6_*_t2_x5ˍtt_t_ + _tpk7_*_t2_x4_t_*_t2_x5ˍtt_t_ + _tpk7_*_t2_x5_t_*_t2_x4ˍtt_t_ + 2*_tpk7_*_t2_x5ˍt_t_*_t2_x4ˍt_t_ + _tpk6_*_tpk8_*_t2_x5ˍttt_t_ + _tpk6_*_t2_x5_t_*_t2_x5ˍttt_t_ + _tpk6_*_t2_x6_t_*_t2_x5ˍttt_t_ + 3*_tpk6_*_t2_x5ˍt_t_*_t2_x5ˍtt_t_ + _tpk6_*_t2_x5ˍt_t_*_t2_x6ˍtt_t_ + 2*_tpk6_*_t2_x5ˍtt_t_*_t2_x6ˍt_t_ - _tpk5_*_tpk8_*_t2_x4ˍtt_t_ - _tpk5_*_t2_x4_t_*_t2_x5ˍtt_t_ - _tpk5_*_t2_x4_t_*_t2_x6ˍtt_t_ - _tpk5_*_t2_x5_t_*_t2_x4ˍtt_t_ - _tpk5_*_t2_x6_t_*_t2_x4ˍtt_t_ - 2*_tpk5_*_t2_x5ˍt_t_*_t2_x4ˍt_t_ - 2*_tpk5_*_t2_x4ˍt_t_*_t2_x6ˍt_t_ + _tpk8_*_t2_x4_t_*_t2_x5ˍttt_t_ + _tpk8_*_t2_x5ˍt_t_*_t2_x4ˍtt_t_ + 2*_tpk8_*_t2_x5ˍtt_t_*_t2_x4ˍt_t_ + _t2_x4_t_*_t2_x5_t_*_t2_x5ˍttt_t_ + _t2_x4_t_*_t2_x6_t_*_t2_x5ˍttt_t_ + 3*_t2_x4_t_*_t2_x5ˍt_t_*_t2_x5ˍtt_t_ + _t2_x4_t_*_t2_x5ˍt_t_*_t2_x6ˍtt_t_ + 2*_t2_x4_t_*_t2_x5ˍtt_t_*_t2_x6ˍt_t_ + _t2_x5_t_*_t2_x5ˍt_t_*_t2_x4ˍtt_t_ + 2*_t2_x5_t_*_t2_x5ˍtt_t_*_t2_x4ˍt_t_ + _t2_x6_t_*_t2_x5ˍt_t_*_t2_x4ˍtt_t_ + 2*_t2_x6_t_*_t2_x5ˍtt_t_*_t2_x4ˍt_t_ + 2*_t2_x5ˍt_t_^2*_t2_x4ˍt_t_ + 2*_t2_x5ˍt_t_*_t2_x4ˍt_t_*_t2_x6ˍt_t_, _tpk7_*_tpk6_*_t2_x5ˍttt_t_ + _tpk7_*_t2_x4_t_*_t2_x5ˍttt_t_ + _tpk7_*_t2_x5_t_*_t2_x4ˍttt_t_ + 3*_tpk7_*_t2_x5ˍt_t_*_t2_x4ˍtt_t_ + 3*_tpk7_*_t2_x5ˍtt_t_*_t2_x4ˍt_t_ + _tpk6_*_tpk8_*_t2_x5ˍtttt_t_ + _tpk6_*_t2_x5_t_*_t2_x5ˍtttt_t_ + _tpk6_*_t2_x6_t_*_t2_x5ˍtttt_t_ + 4*_tpk6_*_t2_x5ˍt_t_*_t2_x5ˍttt_t_ + _tpk6_*_t2_x5ˍt_t_*_t2_x6ˍttt_t_ + 3*_tpk6_*_t2_x5ˍtt_t_^2 + 3*_tpk6_*_t2_x5ˍtt_t_*_t2_x6ˍtt_t_ + 3*_tpk6_*_t2_x5ˍttt_t_*_t2_x6ˍt_t_ - _tpk5_*_tpk8_*_t2_x4ˍttt_t_ - _tpk5_*_t2_x4_t_*_t2_x5ˍttt_t_ - _tpk5_*_t2_x4_t_*_t2_x6ˍttt_t_ - _tpk5_*_t2_x5_t_*_t2_x4ˍttt_t_ - _tpk5_*_t2_x6_t_*_t2_x4ˍttt_t_ - 3*_tpk5_*_t2_x5ˍt_t_*_t2_x4ˍtt_t_ - 3*_tpk5_*_t2_x5ˍtt_t_*_t2_x4ˍt_t_ - 3*_tpk5_*_t2_x4ˍt_t_*_t2_x6ˍtt_t_ - 3*_tpk5_*_t2_x4ˍtt_t_*_t2_x6ˍt_t_ + _tpk8_*_t2_x4_t_*_t2_x5ˍtttt_t_ + _tpk8_*_t2_x5ˍt_t_*_t2_x4ˍttt_t_ + 3*_tpk8_*_t2_x5ˍtt_t_*_t2_x4ˍtt_t_ + 3*_tpk8_*_t2_x5ˍttt_t_*_t2_x4ˍt_t_ + _t2_x4_t_*_t2_x5_t_*_t2_x5ˍtttt_t_ + _t2_x4_t_*_t2_x6_t_*_t2_x5ˍtttt_t_ + 4*_t2_x4_t_*_t2_x5ˍt_t_*_t2_x5ˍttt_t_ + _t2_x4_t_*_t2_x5ˍt_t_*_t2_x6ˍttt_t_ + 3*_t2_x4_t_*_t2_x5ˍtt_t_^2 + 3*_t2_x4_t_*_t2_x5ˍtt_t_*_t2_x6ˍtt_t_ + 3*_t2_x4_t_*_t2_x5ˍttt_t_*_t2_x6ˍt_t_ + _t2_x5_t_*_t2_x5ˍt_t_*_t2_x4ˍttt_t_ + 3*_t2_x5_t_*_t2_x5ˍtt_t_*_t2_x4ˍtt_t_ + 3*_t2_x5_t_*_t2_x5ˍttt_t_*_t2_x4ˍt_t_ + _t2_x6_t_*_t2_x5ˍt_t_*_t2_x4ˍttt_t_ + 3*_t2_x6_t_*_t2_x5ˍtt_t_*_t2_x4ˍtt_t_ + 3*_t2_x6_t_*_t2_x5ˍttt_t_*_t2_x4ˍt_t_ + 3*_t2_x5ˍt_t_^2*_t2_x4ˍtt_t_ + 9*_t2_x5ˍt_t_*_t2_x5ˍtt_t_*_t2_x4ˍt_t_ + 3*_t2_x5ˍt_t_*_t2_x4ˍt_t_*_t2_x6ˍtt_t_ + 3*_t2_x5ˍt_t_*_t2_x4ˍtt_t_*_t2_x6ˍt_t_ + 6*_t2_x5ˍtt_t_*_t2_x4ˍt_t_*_t2_x6ˍt_t_, _tpk7_*_tpk6_*_t2_x5ˍtttt_t_ + _tpk7_*_t2_x4_t_*_t2_x5ˍtttt_t_ + _tpk7_*_t2_x5_t_*_t2_x4ˍtttt_t_ + 4*_tpk7_*_t2_x5ˍt_t_*_t2_x4ˍttt_t_ + 6*_tpk7_*_t2_x5ˍtt_t_*_t2_x4ˍtt_t_ + 4*_tpk7_*_t2_x5ˍttt_t_*_t2_x4ˍt_t_ + _tpk6_*_tpk8_*_t2_x5ˍttttt_t_ + _tpk6_*_t2_x5_t_*_t2_x5ˍttttt_t_ + _tpk6_*_t2_x6_t_*_t2_x5ˍttttt_t_ + 5*_tpk6_*_t2_x5ˍt_t_*_t2_x5ˍtttt_t_ + _tpk6_*_t2_x5ˍt_t_*_t2_x6ˍtttt_t_ + 10*_tpk6_*_t2_x5ˍtt_t_*_t2_x5ˍttt_t_ + 4*_tpk6_*_t2_x5ˍtt_t_*_t2_x6ˍttt_t_ + 6*_tpk6_*_t2_x5ˍttt_t_*_t2_x6ˍtt_t_ + 4*_tpk6_*_t2_x5ˍtttt_t_*_t2_x6ˍt_t_ - _tpk5_*_tpk8_*_t2_x4ˍtttt_t_ - _tpk5_*_t2_x4_t_*_t2_x5ˍtttt_t_ - _tpk5_*_t2_x4_t_*_t2_x6ˍtttt_t_ - _tpk5_*_t2_x5_t_*_t2_x4ˍtttt_t_ - _tpk5_*_t2_x6_t_*_t2_x4ˍtttt_t_ - 4*_tpk5_*_t2_x5ˍt_t_*_t2_x4ˍttt_t_ - 6*_tpk5_*_t2_x5ˍtt_t_*_t2_x4ˍtt_t_ - 4*_tpk5_*_t2_x5ˍttt_t_*_t2_x4ˍt_t_ - 4*_tpk5_*_t2_x4ˍt_t_*_t2_x6ˍttt_t_ - 6*_tpk5_*_t2_x4ˍtt_t_*_t2_x6ˍtt_t_ - 4*_tpk5_*_t2_x6ˍt_t_*_t2_x4ˍttt_t_ + _tpk8_*_t2_x4_t_*_t2_x5ˍttttt_t_ + _tpk8_*_t2_x5ˍt_t_*_t2_x4ˍtttt_t_ + 4*_tpk8_*_t2_x5ˍtt_t_*_t2_x4ˍttt_t_ + 6*_tpk8_*_t2_x5ˍttt_t_*_t2_x4ˍtt_t_ + 4*_tpk8_*_t2_x5ˍtttt_t_*_t2_x4ˍt_t_ + _t2_x4_t_*_t2_x5_t_*_t2_x5ˍttttt_t_ + _t2_x4_t_*_t2_x6_t_*_t2_x5ˍttttt_t_ + 5*_t2_x4_t_*_t2_x5ˍt_t_*_t2_x5ˍtttt_t_ + _t2_x4_t_*_t2_x5ˍt_t_*_t2_x6ˍtttt_t_ + 10*_t2_x4_t_*_t2_x5ˍtt_t_*_t2_x5ˍttt_t_ + 4*_t2_x4_t_*_t2_x5ˍtt_t_*_t2_x6ˍttt_t_ + 6*_t2_x4_t_*_t2_x5ˍttt_t_*_t2_x6ˍtt_t_ + 4*_t2_x4_t_*_t2_x5ˍtttt_t_*_t2_x6ˍt_t_ + _t2_x5_t_*_t2_x5ˍt_t_*_t2_x4ˍtttt_t_ + 4*_t2_x5_t_*_t2_x5ˍtt_t_*_t2_x4ˍttt_t_ + 6*_t2_x5_t_*_t2_x5ˍttt_t_*_t2_x4ˍtt_t_ + 4*_t2_x5_t_*_t2_x5ˍtttt_t_*_t2_x4ˍt_t_ + _t2_x6_t_*_t2_x5ˍt_t_*_t2_x4ˍtttt_t_ + 4*_t2_x6_t_*_t2_x5ˍtt_t_*_t2_x4ˍttt_t_ + 6*_t2_x6_t_*_t2_x5ˍttt_t_*_t2_x4ˍtt_t_ + 4*_t2_x6_t_*_t2_x5ˍtttt_t_*_t2_x4ˍt_t_ + 4*_t2_x5ˍt_t_^2*_t2_x4ˍttt_t_ + 18*_t2_x5ˍt_t_*_t2_x5ˍtt_t_*_t2_x4ˍtt_t_ + 16*_t2_x5ˍt_t_*_t2_x5ˍttt_t_*_t2_x4ˍt_t_ + 4*_t2_x5ˍt_t_*_t2_x4ˍt_t_*_t2_x6ˍttt_t_ + 6*_t2_x5ˍt_t_*_t2_x4ˍtt_t_*_t2_x6ˍtt_t_ + 4*_t2_x5ˍt_t_*_t2_x6ˍt_t_*_t2_x4ˍttt_t_ + 12*_t2_x5ˍtt_t_^2*_t2_x4ˍt_t_ + 12*_t2_x5ˍtt_t_*_t2_x4ˍt_t_*_t2_x6ˍtt_t_ + 12*_t2_x5ˍtt_t_*_t2_x4ˍtt_t_*_t2_x6ˍt_t_ + 12*_t2_x5ˍttt_t_*_t2_x4ˍt_t_*_t2_x6ˍt_t_, _tpk6_*_t2_x4ˍt_t_ + _tpk5_*_t2_x4_t_ + _t2_x4_t_*_t2_x4ˍt_t_, _tpk6_*_t2_x4ˍtt_t_ + _tpk5_*_t2_x4ˍt_t_ + _t2_x4_t_*_t2_x4ˍtt_t_ + _t2_x4ˍt_t_^2, _tpk9_*_tpk10_*_tpk8_*_t2_x6_t_ + _tpk9_*_tpk10_*_t2_x5_t_*_t2_x6_t_ + _tpk9_*_tpk10_*_t2_x6_t_^2 - _tpk9_*_tpk8_*_t2_x6_t_^2 - _tpk9_*_t2_x5_t_*_t2_x6_t_^2 - _tpk9_*_t2_x6_t_^3 - _tpk7_*_tpk10_*_t2_x5_t_ + _tpk10_*_tpk8_*_t2_x6ˍt_t_ + _tpk10_*_t2_x5_t_*_t2_x6ˍt_t_ + _tpk10_*_t2_x6_t_*_t2_x6ˍt_t_, _tpk9_*_tpk10_*_tpk8_*_t2_x6ˍt_t_ + _tpk9_*_tpk10_*_t2_x5_t_*_t2_x6ˍt_t_ + _tpk9_*_tpk10_*_t2_x6_t_*_t2_x5ˍt_t_ + 2*_tpk9_*_tpk10_*_t2_x6_t_*_t2_x6ˍt_t_ - 2*_tpk9_*_tpk8_*_t2_x6_t_*_t2_x6ˍt_t_ - 2*_tpk9_*_t2_x5_t_*_t2_x6_t_*_t2_x6ˍt_t_ - _tpk9_*_t2_x6_t_^2*_t2_x5ˍt_t_ - 3*_tpk9_*_t2_x6_t_^2*_t2_x6ˍt_t_ - _tpk7_*_tpk10_*_t2_x5ˍt_t_ + _tpk10_*_tpk8_*_t2_x6ˍtt_t_ + _tpk10_*_t2_x5_t_*_t2_x6ˍtt_t_ + _tpk10_*_t2_x6_t_*_t2_x6ˍtt_t_ + _tpk10_*_t2_x5ˍt_t_*_t2_x6ˍt_t_ + _tpk10_*_t2_x6ˍt_t_^2, _tpk6_*_t2_x4ˍttt_t_ + _tpk5_*_t2_x4ˍtt_t_ + _t2_x4_t_*_t2_x4ˍttt_t_ + 3*_t2_x4ˍt_t_*_t2_x4ˍtt_t_, _tpk9_*_tpk10_*_tpk8_*_t2_x6ˍtt_t_ + _tpk9_*_tpk10_*_t2_x5_t_*_t2_x6ˍtt_t_ + _tpk9_*_tpk10_*_t2_x6_t_*_t2_x5ˍtt_t_ + 2*_tpk9_*_tpk10_*_t2_x6_t_*_t2_x6ˍtt_t_ + 2*_tpk9_*_tpk10_*_t2_x5ˍt_t_*_t2_x6ˍt_t_ + 2*_tpk9_*_tpk10_*_t2_x6ˍt_t_^2 - 2*_tpk9_*_tpk8_*_t2_x6_t_*_t2_x6ˍtt_t_ - 2*_tpk9_*_tpk8_*_t2_x6ˍt_t_^2 - 2*_tpk9_*_t2_x5_t_*_t2_x6_t_*_t2_x6ˍtt_t_ - 2*_tpk9_*_t2_x5_t_*_t2_x6ˍt_t_^2 - _tpk9_*_t2_x6_t_^2*_t2_x5ˍtt_t_ - 3*_tpk9_*_t2_x6_t_^2*_t2_x6ˍtt_t_ - 4*_tpk9_*_t2_x6_t_*_t2_x5ˍt_t_*_t2_x6ˍt_t_ - 6*_tpk9_*_t2_x6_t_*_t2_x6ˍt_t_^2 - _tpk7_*_tpk10_*_t2_x5ˍtt_t_ + _tpk10_*_tpk8_*_t2_x6ˍttt_t_ + _tpk10_*_t2_x5_t_*_t2_x6ˍttt_t_ + _tpk10_*_t2_x6_t_*_t2_x6ˍttt_t_ + 2*_tpk10_*_t2_x5ˍt_t_*_t2_x6ˍtt_t_ + _tpk10_*_t2_x5ˍtt_t_*_t2_x6ˍt_t_ + 3*_tpk10_*_t2_x6ˍt_t_*_t2_x6ˍtt_t_, _tpk6_*_t2_x4ˍtttt_t_ + _tpk5_*_t2_x4ˍttt_t_ + _t2_x4_t_*_t2_x4ˍtttt_t_ + 4*_t2_x4ˍt_t_*_t2_x4ˍttt_t_ + 3*_t2_x4ˍtt_t_^2, _tpk9_*_tpk10_*_tpk8_*_t2_x6ˍttt_t_ + _tpk9_*_tpk10_*_t2_x5_t_*_t2_x6ˍttt_t_ + _tpk9_*_tpk10_*_t2_x6_t_*_t2_x5ˍttt_t_ + 2*_tpk9_*_tpk10_*_t2_x6_t_*_t2_x6ˍttt_t_ + 3*_tpk9_*_tpk10_*_t2_x5ˍt_t_*_t2_x6ˍtt_t_ + 3*_tpk9_*_tpk10_*_t2_x5ˍtt_t_*_t2_x6ˍt_t_ + 6*_tpk9_*_tpk10_*_t2_x6ˍt_t_*_t2_x6ˍtt_t_ - 2*_tpk9_*_tpk8_*_t2_x6_t_*_t2_x6ˍttt_t_ - 6*_tpk9_*_tpk8_*_t2_x6ˍt_t_*_t2_x6ˍtt_t_ - 2*_tpk9_*_t2_x5_t_*_t2_x6_t_*_t2_x6ˍttt_t_ - 6*_tpk9_*_t2_x5_t_*_t2_x6ˍt_t_*_t2_x6ˍtt_t_ - _tpk9_*_t2_x6_t_^2*_t2_x5ˍttt_t_ - 3*_tpk9_*_t2_x6_t_^2*_t2_x6ˍttt_t_ - 6*_tpk9_*_t2_x6_t_*_t2_x5ˍt_t_*_t2_x6ˍtt_t_ - 6*_tpk9_*_t2_x6_t_*_t2_x5ˍtt_t_*_t2_x6ˍt_t_ - 18*_tpk9_*_t2_x6_t_*_t2_x6ˍt_t_*_t2_x6ˍtt_t_ - 6*_tpk9_*_t2_x5ˍt_t_*_t2_x6ˍt_t_^2 - 6*_tpk9_*_t2_x6ˍt_t_^3 - _tpk7_*_tpk10_*_t2_x5ˍttt_t_ + _tpk10_*_tpk8_*_t2_x6ˍtttt_t_ + _tpk10_*_t2_x5_t_*_t2_x6ˍtttt_t_ + _tpk10_*_t2_x6_t_*_t2_x6ˍtttt_t_ + 3*_tpk10_*_t2_x5ˍt_t_*_t2_x6ˍttt_t_ + 3*_tpk10_*_t2_x5ˍtt_t_*_t2_x6ˍtt_t_ + _tpk10_*_t2_x5ˍttt_t_*_t2_x6ˍt_t_ + 4*_tpk10_*_t2_x6ˍt_t_*_t2_x6ˍttt_t_ + 3*_tpk10_*_t2_x6ˍtt_t_^2]
R
Multivariate polynomial ring in 22 variables over rationals
primes of bitsize 28
G-Q-ERROR: LoadError: DomainError with Input does not define zerodimensional ideal:

Stacktrace:
  [1] compute_quotient_basis(ltg::Vector{Vector{UInt32}})
    @ RationalUnivariateRepresentation ~/code/Julia/RationalUnivariateRepresentation.jl/src/RationalUnivariateRepresentation.jl:187
  [2] _zdim_modular_RUR_LV(de::Vector{Vector{Vector{UInt32}}}, cco::Vector{Vector{UInt32}}, arithm::Groebner.ArithmeticZp{UInt64, UInt32})
    @ RationalUnivariateRepresentation ~/code/Julia/RationalUnivariateRepresentation.jl/src/RationalUnivariateRepresentation.jl:837
  [3] _zdim_modular_RUR(de::Vector{Vector{Vector{UInt32}}}, co::Vector{Vector{UInt32}}, arithm::Groebner.ArithmeticZp{UInt64, UInt32}, learn::Bool)
    @ RationalUnivariateRepresentation ~/code/Julia/RationalUnivariateRepresentation.jl/src/RationalUnivariateRepresentation.jl:906
  [4] macro expansion
    @ ~/code/Julia/RationalUnivariateRepresentation.jl/src/RationalUnivariateRepresentation.jl:1145 [inlined]
  [5] _zdim_multi_modular_RUR!(de::Vector{Vector{Vector{UInt32}}}, cco::Vector{Vector{Rational{BigInt}}}, bit_pr::Int32, parallelism::Symbol, composite::Int64, threads::Int64)
    @ RationalUnivariateRepresentation ~/.julia/packages/TimerOutputs/6KVfH/src/TimerOutput.jl:237
  [6] zdim_parameterization(sys_ori::Vector{Any}; nn::Int32, verbose::Bool, parallelism::Symbol, threads::Int64, get_separating_element::Bool, composite::Int64)
    @ RationalUnivariateRepresentation ~/code/Julia/RationalUnivariateRepresentation.jl/src/RationalUnivariateRepresentation.jl:1356
  [7] zdim_parameterization
    @ ~/code/Julia/RationalUnivariateRepresentation.jl/src/RationalUnivariateRepresentation.jl:1336 [inlined]
  [8] solve_with_rs(poly_system::Vector{Num}, varlist::Vector{Num}; start_point::Nothing, options::Dict{Any, Any})
    @ Main ~/julia/no-matlab-no-worry/2025-02-06-01-56/copy_0/estimation/biohydrogenation_9.jl:68
  [9] solve_with_rs(poly_system::Vector{Num}, varlist::Vector{Num})
    @ Main ~/julia/no-matlab-no-worry/2025-02-06-01-56/copy_0/estimation/biohydrogenation_9.jl:55
 [10] multipoint_parameter_estimation(PEP::ParameterEstimationProblem; system_solver::typeof(solve_with_rs), max_num_points::Int64, interpolator::Function, nooutput::Bool, diagnostics::Bool, diagnostic_data::Nothing)
    @ ODEParameterEstimation ~/.julia/dev/ODEParameterEstimation/src/core/parameter_estimation.jl:349
 [11] analyze_parameter_estimation_problem(PEP::ParameterEstimationProblem; interpolator::Function, max_num_points::Int64, nooutput::Bool, system_solver::Function, abstol::Float64, reltol::Float64, trap_debug::Bool, diagnostics::Bool, diagnostic_data::Nothing)
    @ ODEParameterEstimation ~/.julia/dev/ODEParameterEstimation/src/core/analysis_utils.jl:326
 [12] top-level scope
    @ ~/julia/no-matlab-no-worry/2025-02-06-01-56/copy_0/estimation/biohydrogenation_9.jl:137
in expression starting at /home/orebas/julia/no-matlab-no-worry/2025-02-06-01-56/copy_0/estimation/biohydrogenation_9.jl:137
