LinearAlgebra.PosDefException(2)
LinearAlgebra.PosDefException(3)
LinearAlgebra.PosDefException(2)
LinearAlgebra.PosDefException(5)
LinearAlgebra.PosDefException(3)
LinearAlgebra.PosDefException(6)
LinearAlgebra.PosDefException(80)
LinearAlgebra.PosDefException(2)
LinearAlgebra.PosDefException(6)
LinearAlgebra.PosDefException(2)
LinearAlgebra.PosDefException(2)
LinearAlgebra.PosDefException(4)
LinearAlgebra.PosDefException(6)
LinearAlgebra.PosDefException(4)
LinearAlgebra.PosDefException(47)
LinearAlgebra.PosDefException(3)
LinearAlgebra.PosDefException(2)
LinearAlgebra.PosDefException(2)
LinearAlgebra.PosDefException(3)
LinearAlgebra.PosDefException(2)
LinearAlgebra.PosDefException(3)
LinearAlgebra.PosDefException(4)
LinearAlgebra.PosDefException(4)
LinearAlgebra.PosDefException(11)
LinearAlgebra.PosDefException(5)
LinearAlgebra.PosDefException(7)
LinearAlgebra.PosDefException(4)
LinearAlgebra.PosDefException(5)
LinearAlgebra.PosDefException(11)
LinearAlgebra.PosDefException(42)
LinearAlgebra.PosDefException(160)
LinearAlgebra.PosDefException(357)
LinearAlgebra.PosDefException(5)
LinearAlgebra.PosDefException(5)
LinearAlgebra.PosDefException(6)
LinearAlgebra.PosDefException(5)
LinearAlgebra.PosDefException(5)
LinearAlgebra.PosDefException(5)
LinearAlgebra.PosDefException(6)
LinearAlgebra.PosDefException(6)
LinearAlgebra.PosDefException(52)
LinearAlgebra.PosDefException(213)
LinearAlgebra.PosDefException(279)
LinearAlgebra.PosDefException(488)
LinearAlgebra.PosDefException(570)
LinearAlgebra.PosDefException(738)
LinearAlgebra.PosDefException(821)
LinearAlgebra.PosDefException(1)
LinearAlgebra.PosDefException(1)
LinearAlgebra.PosDefException(931)
LinearAlgebra.PosDefException(1)
LinearAlgebra.PosDefException(1)
Noise level is too low, using  AAA
LinearAlgebra.PosDefException(2)
LinearAlgebra.PosDefException(2)
LinearAlgebra.PosDefException(2)
LinearAlgebra.PosDefException(3)
LinearAlgebra.PosDefException(3)
LinearAlgebra.PosDefException(4)
LinearAlgebra.PosDefException(93)
LinearAlgebra.PosDefException(2)
LinearAlgebra.PosDefException(3)
LinearAlgebra.PosDefException(2)
LinearAlgebra.PosDefException(2)
LinearAlgebra.PosDefException(3)
LinearAlgebra.PosDefException(3)
LinearAlgebra.PosDefException(5)
LinearAlgebra.PosDefException(50)
LinearAlgebra.PosDefException(5)
LinearAlgebra.PosDefException(4)
LinearAlgebra.PosDefException(5)
LinearAlgebra.PosDefException(41)
LinearAlgebra.PosDefException(8)
LinearAlgebra.PosDefException(6)
LinearAlgebra.PosDefException(6)
LinearAlgebra.PosDefException(27)
LinearAlgebra.PosDefException(173)
LinearAlgebra.PosDefException(10)
LinearAlgebra.PosDefException(6)
LinearAlgebra.PosDefException(9)
LinearAlgebra.PosDefException(11)
LinearAlgebra.PosDefException(66)
LinearAlgebra.PosDefException(134)
LinearAlgebra.PosDefException(278)
LinearAlgebra.PosDefException(474)
LinearAlgebra.PosDefException(298)
LinearAlgebra.PosDefException(291)
LinearAlgebra.PosDefException(393)
LinearAlgebra.PosDefException(507)
LinearAlgebra.PosDefException(626)
LinearAlgebra.PosDefException(560)
LinearAlgebra.PosDefException(632)
LinearAlgebra.PosDefException(587)
LinearAlgebra.PosDefException(565)
LinearAlgebra.PosDefException(701)
LinearAlgebra.PosDefException(671)
LinearAlgebra.PosDefException(591)
LinearAlgebra.PosDefException(561)
LinearAlgebra.PosDefException(672)
LinearAlgebra.PosDefException(8)
LinearAlgebra.PosDefException(6)
LinearAlgebra.PosDefException(8)
LinearAlgebra.PosDefException(6)
LinearAlgebra.PosDefException(5)
LinearAlgebra.PosDefException(5)
LinearAlgebra.PosDefException(5)
LinearAlgebra.PosDefException(26)
LinearAlgebra.PosDefException(70)
LinearAlgebra.PosDefException(120)
LinearAlgebra.PosDefException(238)
LinearAlgebra.PosDefException(257)
LinearAlgebra.PosDefException(276)
LinearAlgebra.PosDefException(309)
LinearAlgebra.PosDefException(354)
LinearAlgebra.PosDefException(405)
LinearAlgebra.PosDefException(453)
LinearAlgebra.PosDefException(610)
LinearAlgebra.PosDefException(656)
LinearAlgebra.PosDefException(694)
LinearAlgebra.PosDefException(710)
LinearAlgebra.PosDefException(573)
LinearAlgebra.PosDefException(663)
LinearAlgebra.PosDefException(845)
LinearAlgebra.PosDefException(614)
LinearAlgebra.PosDefException(667)
LinearAlgebra.PosDefException(655)
LinearAlgebra.PosDefException(607)
LinearAlgebra.PosDefException(615)
LinearAlgebra.PosDefException(613)
LinearAlgebra.PosDefException(762)
LinearAlgebra.PosDefException(622)
LinearAlgebra.PosDefException(637)
LinearAlgebra.PosDefException(626)
LinearAlgebra.PosDefException(619)
LinearAlgebra.PosDefException(665)
LinearAlgebra.PosDefException(547)
LinearAlgebra.PosDefException(618)
LinearAlgebra.PosDefException(761)
LinearAlgebra.PosDefException(8)
LinearAlgebra.PosDefException(6)
LinearAlgebra.PosDefException(8)
LinearAlgebra.PosDefException(6)
LinearAlgebra.PosDefException(5)
LinearAlgebra.PosDefException(5)
LinearAlgebra.PosDefException(5)
LinearAlgebra.PosDefException(17)
LinearAlgebra.PosDefException(70)
LinearAlgebra.PosDefException(122)
LinearAlgebra.PosDefException(237)
LinearAlgebra.PosDefException(257)
LinearAlgebra.PosDefException(276)
LinearAlgebra.PosDefException(304)
LinearAlgebra.PosDefException(354)
LinearAlgebra.PosDefException(405)
LinearAlgebra.PosDefException(453)
LinearAlgebra.PosDefException(610)
LinearAlgebra.PosDefException(656)
LinearAlgebra.PosDefException(683)
LinearAlgebra.PosDefException(634)
LinearAlgebra.PosDefException(607)
LinearAlgebra.PosDefException(647)
LinearAlgebra.PosDefException(600)
LinearAlgebra.PosDefException(540)
LinearAlgebra.PosDefException(659)
LinearAlgebra.PosDefException(596)
LinearAlgebra.PosDefException(734)
LinearAlgebra.PosDefException(656)
LinearAlgebra.PosDefException(621)
LinearAlgebra.PosDefException(601)
LinearAlgebra.PosDefException(913)
LinearAlgebra.PosDefException(598)
LinearAlgebra.PosDefException(649)
LinearAlgebra.PosDefException(599)
LinearAlgebra.PosDefException(593)
LinearAlgebra.PosDefException(709)
LinearAlgebra.PosDefException(625)
LinearAlgebra.PosDefException(885)
LinearAlgebra.PosDefException(534)
LinearAlgebra.PosDefException(606)
LinearAlgebra.PosDefException(582)
LinearAlgebra.PosDefException(661)
LinearAlgebra.PosDefException(712)
LinearAlgebra.PosDefException(581)
LinearAlgebra.PosDefException(798)
LinearAlgebra.PosDefException(669)
LinearAlgebra.PosDefException(558)
LinearAlgebra.PosDefException(667)
LinearAlgebra.PosDefException(638)
LinearAlgebra.PosDefException(537)
LinearAlgebra.PosDefException(604)
LinearAlgebra.PosDefException(659)
LinearAlgebra.PosDefException(631)
LinearAlgebra.PosDefException(599)
LinearAlgebra.PosDefException(594)
LinearAlgebra.PosDefException(591)
LinearAlgebra.PosDefException(637)
LinearAlgebra.PosDefException(722)
LinearAlgebra.PosDefException(815)
LinearAlgebra.PosDefException(637)
LinearAlgebra.PosDefException(609)
Noise level is too low, using  AAA
DEBUG [determine_optimal_points_count]: Large num points: 1
DEBUG [determine_optimal_points_count]: Good num points: 1
DEBUG [multipoint_parameter_estimation]: Parameter estimation using this many points: 1

DEBUG [pick_points]: Starting point selection...
DEBUG [pick_points]: Number of points to pick: 1
DEBUG [pick_points]: Total points available: 1001
DEBUG [pick_points]: Number of interpolants: 2

DEBUG [pick_points]: Computing interestingness scores...
DEBUG [pick_points]: Processed 100 points
DEBUG [pick_points]: Processed 200 points
DEBUG [pick_points]: Processed 300 points
DEBUG [pick_points]: Processed 400 points
DEBUG [pick_points]: Processed 500 points
DEBUG [pick_points]: Processed 600 points
DEBUG [pick_points]: Processed 700 points
DEBUG [pick_points]: Processed 800 points
DEBUG [pick_points]: Processed 900 points
DEBUG [pick_points]: Processed 1000 points

DEBUG [pick_points]: Score statistics:
DEBUG [pick_points]: Min score: 0.11103936327282089
DEBUG [pick_points]: Max score: 0.20950944135805263
DEBUG [pick_points]: Mean score: 0.12739126840257062
DEBUG [pick_points]: Normalized scores

DEBUG [pick_points]: Selected 1 points
DEBUG [pick_points]: Selected time points: [0.998]
aa_system
Any[_t1000_x5_t_ - 7298647530339079//9007199254740992, _t1000_x5ˍt_t_ - 863256435419//17592186044416, _t1000_x5ˍtt_t_ - 6275442819//34359738368, _t1000_x5ˍttt_t_ - 261787//524288, _t1000_x5ˍtttt_t_ - 26691//16384, _t1000_x5ˍttttt_t_ - 39//4, _t1000_x4_t_ - 644378944162081//4503599627370496, _t1000_x4ˍt_t_ + 6658086495343//70368744177664, _t1000_x4ˍtt_t_ - 3544917363//68719476736, _tpk7_*_tpk6_*_t1000_x5_t_ + _tpk7_*_t1000_x4_t_*_t1000_x5_t_ + _tpk6_*_tpk8_*_t1000_x5ˍt_t_ + _tpk6_*_t1000_x5_t_*_t1000_x5ˍt_t_ + _tpk6_*_t1000_x6_t_*_t1000_x5ˍt_t_ - _tpk5_*_tpk8_*_t1000_x4_t_ - _tpk5_*_t1000_x4_t_*_t1000_x5_t_ - _tpk5_*_t1000_x4_t_*_t1000_x6_t_ + _tpk8_*_t1000_x4_t_*_t1000_x5ˍt_t_ + _t1000_x4_t_*_t1000_x5_t_*_t1000_x5ˍt_t_ + _t1000_x4_t_*_t1000_x6_t_*_t1000_x5ˍt_t_, _tpk7_*_tpk6_*_t1000_x5ˍt_t_ + _tpk7_*_t1000_x4_t_*_t1000_x5ˍt_t_ + _tpk7_*_t1000_x5_t_*_t1000_x4ˍt_t_ + _tpk6_*_tpk8_*_t1000_x5ˍtt_t_ + _tpk6_*_t1000_x5_t_*_t1000_x5ˍtt_t_ + _tpk6_*_t1000_x6_t_*_t1000_x5ˍtt_t_ + _tpk6_*_t1000_x5ˍt_t_^2 + _tpk6_*_t1000_x5ˍt_t_*_t1000_x6ˍt_t_ - _tpk5_*_tpk8_*_t1000_x4ˍt_t_ - _tpk5_*_t1000_x4_t_*_t1000_x5ˍt_t_ - _tpk5_*_t1000_x4_t_*_t1000_x6ˍt_t_ - _tpk5_*_t1000_x5_t_*_t1000_x4ˍt_t_ - _tpk5_*_t1000_x6_t_*_t1000_x4ˍt_t_ + _tpk8_*_t1000_x4_t_*_t1000_x5ˍtt_t_ + _tpk8_*_t1000_x5ˍt_t_*_t1000_x4ˍt_t_ + _t1000_x4_t_*_t1000_x5_t_*_t1000_x5ˍtt_t_ + _t1000_x4_t_*_t1000_x6_t_*_t1000_x5ˍtt_t_ + _t1000_x4_t_*_t1000_x5ˍt_t_^2 + _t1000_x4_t_*_t1000_x5ˍt_t_*_t1000_x6ˍt_t_ + _t1000_x5_t_*_t1000_x5ˍt_t_*_t1000_x4ˍt_t_ + _t1000_x6_t_*_t1000_x5ˍt_t_*_t1000_x4ˍt_t_, _tpk7_*_tpk6_*_t1000_x5ˍtt_t_ + _tpk7_*_t1000_x4_t_*_t1000_x5ˍtt_t_ + _tpk7_*_t1000_x5_t_*_t1000_x4ˍtt_t_ + 2*_tpk7_*_t1000_x5ˍt_t_*_t1000_x4ˍt_t_ + _tpk6_*_tpk8_*_t1000_x5ˍttt_t_ + _tpk6_*_t1000_x5_t_*_t1000_x5ˍttt_t_ + _tpk6_*_t1000_x6_t_*_t1000_x5ˍttt_t_ + 3*_tpk6_*_t1000_x5ˍt_t_*_t1000_x5ˍtt_t_ + _tpk6_*_t1000_x5ˍt_t_*_t1000_x6ˍtt_t_ + 2*_tpk6_*_t1000_x5ˍtt_t_*_t1000_x6ˍt_t_ - _tpk5_*_tpk8_*_t1000_x4ˍtt_t_ - _tpk5_*_t1000_x4_t_*_t1000_x5ˍtt_t_ - _tpk5_*_t1000_x4_t_*_t1000_x6ˍtt_t_ - _tpk5_*_t1000_x5_t_*_t1000_x4ˍtt_t_ - _tpk5_*_t1000_x6_t_*_t1000_x4ˍtt_t_ - 2*_tpk5_*_t1000_x5ˍt_t_*_t1000_x4ˍt_t_ - 2*_tpk5_*_t1000_x4ˍt_t_*_t1000_x6ˍt_t_ + _tpk8_*_t1000_x4_t_*_t1000_x5ˍttt_t_ + _tpk8_*_t1000_x5ˍt_t_*_t1000_x4ˍtt_t_ + 2*_tpk8_*_t1000_x5ˍtt_t_*_t1000_x4ˍt_t_ + _t1000_x4_t_*_t1000_x5_t_*_t1000_x5ˍttt_t_ + _t1000_x4_t_*_t1000_x6_t_*_t1000_x5ˍttt_t_ + 3*_t1000_x4_t_*_t1000_x5ˍt_t_*_t1000_x5ˍtt_t_ + _t1000_x4_t_*_t1000_x5ˍt_t_*_t1000_x6ˍtt_t_ + 2*_t1000_x4_t_*_t1000_x5ˍtt_t_*_t1000_x6ˍt_t_ + _t1000_x5_t_*_t1000_x5ˍt_t_*_t1000_x4ˍtt_t_ + 2*_t1000_x5_t_*_t1000_x5ˍtt_t_*_t1000_x4ˍt_t_ + _t1000_x6_t_*_t1000_x5ˍt_t_*_t1000_x4ˍtt_t_ + 2*_t1000_x6_t_*_t1000_x5ˍtt_t_*_t1000_x4ˍt_t_ + 2*_t1000_x5ˍt_t_^2*_t1000_x4ˍt_t_ + 2*_t1000_x5ˍt_t_*_t1000_x4ˍt_t_*_t1000_x6ˍt_t_, _tpk7_*_tpk6_*_t1000_x5ˍttt_t_ + _tpk7_*_t1000_x4_t_*_t1000_x5ˍttt_t_ + _tpk7_*_t1000_x5_t_*_t1000_x4ˍttt_t_ + 3*_tpk7_*_t1000_x5ˍt_t_*_t1000_x4ˍtt_t_ + 3*_tpk7_*_t1000_x5ˍtt_t_*_t1000_x4ˍt_t_ + _tpk6_*_tpk8_*_t1000_x5ˍtttt_t_ + _tpk6_*_t1000_x5_t_*_t1000_x5ˍtttt_t_ + _tpk6_*_t1000_x6_t_*_t1000_x5ˍtttt_t_ + 4*_tpk6_*_t1000_x5ˍt_t_*_t1000_x5ˍttt_t_ + _tpk6_*_t1000_x5ˍt_t_*_t1000_x6ˍttt_t_ + 3*_tpk6_*_t1000_x5ˍtt_t_^2 + 3*_tpk6_*_t1000_x5ˍtt_t_*_t1000_x6ˍtt_t_ + 3*_tpk6_*_t1000_x5ˍttt_t_*_t1000_x6ˍt_t_ - _tpk5_*_tpk8_*_t1000_x4ˍttt_t_ - _tpk5_*_t1000_x4_t_*_t1000_x5ˍttt_t_ - _tpk5_*_t1000_x4_t_*_t1000_x6ˍttt_t_ - _tpk5_*_t1000_x5_t_*_t1000_x4ˍttt_t_ - _tpk5_*_t1000_x6_t_*_t1000_x4ˍttt_t_ - 3*_tpk5_*_t1000_x5ˍt_t_*_t1000_x4ˍtt_t_ - 3*_tpk5_*_t1000_x5ˍtt_t_*_t1000_x4ˍt_t_ - 3*_tpk5_*_t1000_x4ˍt_t_*_t1000_x6ˍtt_t_ - 3*_tpk5_*_t1000_x4ˍtt_t_*_t1000_x6ˍt_t_ + _tpk8_*_t1000_x4_t_*_t1000_x5ˍtttt_t_ + _tpk8_*_t1000_x5ˍt_t_*_t1000_x4ˍttt_t_ + 3*_tpk8_*_t1000_x5ˍtt_t_*_t1000_x4ˍtt_t_ + 3*_tpk8_*_t1000_x5ˍttt_t_*_t1000_x4ˍt_t_ + _t1000_x4_t_*_t1000_x5_t_*_t1000_x5ˍtttt_t_ + _t1000_x4_t_*_t1000_x6_t_*_t1000_x5ˍtttt_t_ + 4*_t1000_x4_t_*_t1000_x5ˍt_t_*_t1000_x5ˍttt_t_ + _t1000_x4_t_*_t1000_x5ˍt_t_*_t1000_x6ˍttt_t_ + 3*_t1000_x4_t_*_t1000_x5ˍtt_t_^2 + 3*_t1000_x4_t_*_t1000_x5ˍtt_t_*_t1000_x6ˍtt_t_ + 3*_t1000_x4_t_*_t1000_x5ˍttt_t_*_t1000_x6ˍt_t_ + _t1000_x5_t_*_t1000_x5ˍt_t_*_t1000_x4ˍttt_t_ + 3*_t1000_x5_t_*_t1000_x5ˍtt_t_*_t1000_x4ˍtt_t_ + 3*_t1000_x5_t_*_t1000_x5ˍttt_t_*_t1000_x4ˍt_t_ + _t1000_x6_t_*_t1000_x5ˍt_t_*_t1000_x4ˍttt_t_ + 3*_t1000_x6_t_*_t1000_x5ˍtt_t_*_t1000_x4ˍtt_t_ + 3*_t1000_x6_t_*_t1000_x5ˍttt_t_*_t1000_x4ˍt_t_ + 3*_t1000_x5ˍt_t_^2*_t1000_x4ˍtt_t_ + 9*_t1000_x5ˍt_t_*_t1000_x5ˍtt_t_*_t1000_x4ˍt_t_ + 3*_t1000_x5ˍt_t_*_t1000_x4ˍt_t_*_t1000_x6ˍtt_t_ + 3*_t1000_x5ˍt_t_*_t1000_x4ˍtt_t_*_t1000_x6ˍt_t_ + 6*_t1000_x5ˍtt_t_*_t1000_x4ˍt_t_*_t1000_x6ˍt_t_, _tpk7_*_tpk6_*_t1000_x5ˍtttt_t_ + _tpk7_*_t1000_x4_t_*_t1000_x5ˍtttt_t_ + _tpk7_*_t1000_x5_t_*_t1000_x4ˍtttt_t_ + 4*_tpk7_*_t1000_x5ˍt_t_*_t1000_x4ˍttt_t_ + 6*_tpk7_*_t1000_x5ˍtt_t_*_t1000_x4ˍtt_t_ + 4*_tpk7_*_t1000_x5ˍttt_t_*_t1000_x4ˍt_t_ + _tpk6_*_tpk8_*_t1000_x5ˍttttt_t_ + _tpk6_*_t1000_x5_t_*_t1000_x5ˍttttt_t_ + _tpk6_*_t1000_x6_t_*_t1000_x5ˍttttt_t_ + 5*_tpk6_*_t1000_x5ˍt_t_*_t1000_x5ˍtttt_t_ + _tpk6_*_t1000_x5ˍt_t_*_t1000_x6ˍtttt_t_ + 10*_tpk6_*_t1000_x5ˍtt_t_*_t1000_x5ˍttt_t_ + 4*_tpk6_*_t1000_x5ˍtt_t_*_t1000_x6ˍttt_t_ + 6*_tpk6_*_t1000_x5ˍttt_t_*_t1000_x6ˍtt_t_ + 4*_tpk6_*_t1000_x5ˍtttt_t_*_t1000_x6ˍt_t_ - _tpk5_*_tpk8_*_t1000_x4ˍtttt_t_ - _tpk5_*_t1000_x4_t_*_t1000_x5ˍtttt_t_ - _tpk5_*_t1000_x4_t_*_t1000_x6ˍtttt_t_ - _tpk5_*_t1000_x5_t_*_t1000_x4ˍtttt_t_ - _tpk5_*_t1000_x6_t_*_t1000_x4ˍtttt_t_ - 4*_tpk5_*_t1000_x5ˍt_t_*_t1000_x4ˍttt_t_ - 6*_tpk5_*_t1000_x5ˍtt_t_*_t1000_x4ˍtt_t_ - 4*_tpk5_*_t1000_x5ˍttt_t_*_t1000_x4ˍt_t_ - 4*_tpk5_*_t1000_x4ˍt_t_*_t1000_x6ˍttt_t_ - 6*_tpk5_*_t1000_x4ˍtt_t_*_t1000_x6ˍtt_t_ - 4*_tpk5_*_t1000_x6ˍt_t_*_t1000_x4ˍttt_t_ + _tpk8_*_t1000_x4_t_*_t1000_x5ˍttttt_t_ + _tpk8_*_t1000_x5ˍt_t_*_t1000_x4ˍtttt_t_ + 4*_tpk8_*_t1000_x5ˍtt_t_*_t1000_x4ˍttt_t_ + 6*_tpk8_*_t1000_x5ˍttt_t_*_t1000_x4ˍtt_t_ + 4*_tpk8_*_t1000_x5ˍtttt_t_*_t1000_x4ˍt_t_ + _t1000_x4_t_*_t1000_x5_t_*_t1000_x5ˍttttt_t_ + _t1000_x4_t_*_t1000_x6_t_*_t1000_x5ˍttttt_t_ + 5*_t1000_x4_t_*_t1000_x5ˍt_t_*_t1000_x5ˍtttt_t_ + _t1000_x4_t_*_t1000_x5ˍt_t_*_t1000_x6ˍtttt_t_ + 10*_t1000_x4_t_*_t1000_x5ˍtt_t_*_t1000_x5ˍttt_t_ + 4*_t1000_x4_t_*_t1000_x5ˍtt_t_*_t1000_x6ˍttt_t_ + 6*_t1000_x4_t_*_t1000_x5ˍttt_t_*_t1000_x6ˍtt_t_ + 4*_t1000_x4_t_*_t1000_x5ˍtttt_t_*_t1000_x6ˍt_t_ + _t1000_x5_t_*_t1000_x5ˍt_t_*_t1000_x4ˍtttt_t_ + 4*_t1000_x5_t_*_t1000_x5ˍtt_t_*_t1000_x4ˍttt_t_ + 6*_t1000_x5_t_*_t1000_x5ˍttt_t_*_t1000_x4ˍtt_t_ + 4*_t1000_x5_t_*_t1000_x5ˍtttt_t_*_t1000_x4ˍt_t_ + _t1000_x6_t_*_t1000_x5ˍt_t_*_t1000_x4ˍtttt_t_ + 4*_t1000_x6_t_*_t1000_x5ˍtt_t_*_t1000_x4ˍttt_t_ + 6*_t1000_x6_t_*_t1000_x5ˍttt_t_*_t1000_x4ˍtt_t_ + 4*_t1000_x6_t_*_t1000_x5ˍtttt_t_*_t1000_x4ˍt_t_ + 4*_t1000_x5ˍt_t_^2*_t1000_x4ˍttt_t_ + 18*_t1000_x5ˍt_t_*_t1000_x5ˍtt_t_*_t1000_x4ˍtt_t_ + 16*_t1000_x5ˍt_t_*_t1000_x5ˍttt_t_*_t1000_x4ˍt_t_ + 4*_t1000_x5ˍt_t_*_t1000_x4ˍt_t_*_t1000_x6ˍttt_t_ + 6*_t1000_x5ˍt_t_*_t1000_x4ˍtt_t_*_t1000_x6ˍtt_t_ + 4*_t1000_x5ˍt_t_*_t1000_x6ˍt_t_*_t1000_x4ˍttt_t_ + 12*_t1000_x5ˍtt_t_^2*_t1000_x4ˍt_t_ + 12*_t1000_x5ˍtt_t_*_t1000_x4ˍt_t_*_t1000_x6ˍtt_t_ + 12*_t1000_x5ˍtt_t_*_t1000_x4ˍtt_t_*_t1000_x6ˍt_t_ + 12*_t1000_x5ˍttt_t_*_t1000_x4ˍt_t_*_t1000_x6ˍt_t_, _tpk6_*_t1000_x4ˍt_t_ + _tpk5_*_t1000_x4_t_ + _t1000_x4_t_*_t1000_x4ˍt_t_, _tpk6_*_t1000_x4ˍtt_t_ + _tpk5_*_t1000_x4ˍt_t_ + _t1000_x4_t_*_t1000_x4ˍtt_t_ + _t1000_x4ˍt_t_^2, _tpk9_*_tpk10_*_tpk8_*_t1000_x6_t_ + _tpk9_*_tpk10_*_t1000_x5_t_*_t1000_x6_t_ + _tpk9_*_tpk10_*_t1000_x6_t_^2 - _tpk9_*_tpk8_*_t1000_x6_t_^2 - _tpk9_*_t1000_x5_t_*_t1000_x6_t_^2 - _tpk9_*_t1000_x6_t_^3 - _tpk7_*_tpk10_*_t1000_x5_t_ + _tpk10_*_tpk8_*_t1000_x6ˍt_t_ + _tpk10_*_t1000_x5_t_*_t1000_x6ˍt_t_ + _tpk10_*_t1000_x6_t_*_t1000_x6ˍt_t_, _tpk9_*_tpk10_*_tpk8_*_t1000_x6ˍt_t_ + _tpk9_*_tpk10_*_t1000_x5_t_*_t1000_x6ˍt_t_ + _tpk9_*_tpk10_*_t1000_x6_t_*_t1000_x5ˍt_t_ + 2*_tpk9_*_tpk10_*_t1000_x6_t_*_t1000_x6ˍt_t_ - 2*_tpk9_*_tpk8_*_t1000_x6_t_*_t1000_x6ˍt_t_ - 2*_tpk9_*_t1000_x5_t_*_t1000_x6_t_*_t1000_x6ˍt_t_ - _tpk9_*_t1000_x6_t_^2*_t1000_x5ˍt_t_ - 3*_tpk9_*_t1000_x6_t_^2*_t1000_x6ˍt_t_ - _tpk7_*_tpk10_*_t1000_x5ˍt_t_ + _tpk10_*_tpk8_*_t1000_x6ˍtt_t_ + _tpk10_*_t1000_x5_t_*_t1000_x6ˍtt_t_ + _tpk10_*_t1000_x6_t_*_t1000_x6ˍtt_t_ + _tpk10_*_t1000_x5ˍt_t_*_t1000_x6ˍt_t_ + _tpk10_*_t1000_x6ˍt_t_^2, _tpk6_*_t1000_x4ˍttt_t_ + _tpk5_*_t1000_x4ˍtt_t_ + _t1000_x4_t_*_t1000_x4ˍttt_t_ + 3*_t1000_x4ˍt_t_*_t1000_x4ˍtt_t_, _tpk9_*_tpk10_*_tpk8_*_t1000_x6ˍtt_t_ + _tpk9_*_tpk10_*_t1000_x5_t_*_t1000_x6ˍtt_t_ + _tpk9_*_tpk10_*_t1000_x6_t_*_t1000_x5ˍtt_t_ + 2*_tpk9_*_tpk10_*_t1000_x6_t_*_t1000_x6ˍtt_t_ + 2*_tpk9_*_tpk10_*_t1000_x5ˍt_t_*_t1000_x6ˍt_t_ + 2*_tpk9_*_tpk10_*_t1000_x6ˍt_t_^2 - 2*_tpk9_*_tpk8_*_t1000_x6_t_*_t1000_x6ˍtt_t_ - 2*_tpk9_*_tpk8_*_t1000_x6ˍt_t_^2 - 2*_tpk9_*_t1000_x5_t_*_t1000_x6_t_*_t1000_x6ˍtt_t_ - 2*_tpk9_*_t1000_x5_t_*_t1000_x6ˍt_t_^2 - _tpk9_*_t1000_x6_t_^2*_t1000_x5ˍtt_t_ - 3*_tpk9_*_t1000_x6_t_^2*_t1000_x6ˍtt_t_ - 4*_tpk9_*_t1000_x6_t_*_t1000_x5ˍt_t_*_t1000_x6ˍt_t_ - 6*_tpk9_*_t1000_x6_t_*_t1000_x6ˍt_t_^2 - _tpk7_*_tpk10_*_t1000_x5ˍtt_t_ + _tpk10_*_tpk8_*_t1000_x6ˍttt_t_ + _tpk10_*_t1000_x5_t_*_t1000_x6ˍttt_t_ + _tpk10_*_t1000_x6_t_*_t1000_x6ˍttt_t_ + 2*_tpk10_*_t1000_x5ˍt_t_*_t1000_x6ˍtt_t_ + _tpk10_*_t1000_x5ˍtt_t_*_t1000_x6ˍt_t_ + 3*_tpk10_*_t1000_x6ˍt_t_*_t1000_x6ˍtt_t_, _tpk6_*_t1000_x4ˍtttt_t_ + _tpk5_*_t1000_x4ˍttt_t_ + _t1000_x4_t_*_t1000_x4ˍtttt_t_ + 4*_t1000_x4ˍt_t_*_t1000_x4ˍttt_t_ + 3*_t1000_x4ˍtt_t_^2, _tpk9_*_tpk10_*_tpk8_*_t1000_x6ˍttt_t_ + _tpk9_*_tpk10_*_t1000_x5_t_*_t1000_x6ˍttt_t_ + _tpk9_*_tpk10_*_t1000_x6_t_*_t1000_x5ˍttt_t_ + 2*_tpk9_*_tpk10_*_t1000_x6_t_*_t1000_x6ˍttt_t_ + 3*_tpk9_*_tpk10_*_t1000_x5ˍt_t_*_t1000_x6ˍtt_t_ + 3*_tpk9_*_tpk10_*_t1000_x5ˍtt_t_*_t1000_x6ˍt_t_ + 6*_tpk9_*_tpk10_*_t1000_x6ˍt_t_*_t1000_x6ˍtt_t_ - 2*_tpk9_*_tpk8_*_t1000_x6_t_*_t1000_x6ˍttt_t_ - 6*_tpk9_*_tpk8_*_t1000_x6ˍt_t_*_t1000_x6ˍtt_t_ - 2*_tpk9_*_t1000_x5_t_*_t1000_x6_t_*_t1000_x6ˍttt_t_ - 6*_tpk9_*_t1000_x5_t_*_t1000_x6ˍt_t_*_t1000_x6ˍtt_t_ - _tpk9_*_t1000_x6_t_^2*_t1000_x5ˍttt_t_ - 3*_tpk9_*_t1000_x6_t_^2*_t1000_x6ˍttt_t_ - 6*_tpk9_*_t1000_x6_t_*_t1000_x5ˍt_t_*_t1000_x6ˍtt_t_ - 6*_tpk9_*_t1000_x6_t_*_t1000_x5ˍtt_t_*_t1000_x6ˍt_t_ - 18*_tpk9_*_t1000_x6_t_*_t1000_x6ˍt_t_*_t1000_x6ˍtt_t_ - 6*_tpk9_*_t1000_x5ˍt_t_*_t1000_x6ˍt_t_^2 - 6*_tpk9_*_t1000_x6ˍt_t_^3 - _tpk7_*_tpk10_*_t1000_x5ˍttt_t_ + _tpk10_*_tpk8_*_t1000_x6ˍtttt_t_ + _tpk10_*_t1000_x5_t_*_t1000_x6ˍtttt_t_ + _tpk10_*_t1000_x6_t_*_t1000_x6ˍtttt_t_ + 3*_tpk10_*_t1000_x5ˍt_t_*_t1000_x6ˍttt_t_ + 3*_tpk10_*_t1000_x5ˍtt_t_*_t1000_x6ˍtt_t_ + _tpk10_*_t1000_x5ˍttt_t_*_t1000_x6ˍt_t_ + 4*_tpk10_*_t1000_x6ˍt_t_*_t1000_x6ˍttt_t_ + 3*_tpk10_*_t1000_x6ˍtt_t_^2]
R
Multivariate polynomial ring in 22 variables over rationals
primes of bitsize 28
G-Q-ERROR: LoadError: DomainError with Input does not define zerodimensional ideal:

Stacktrace:
  [1] compute_quotient_basis(ltg::Vector{Vector{UInt32}})
    @ RationalUnivariateRepresentation ~/code/Julia/RationalUnivariateRepresentation.jl/src/RationalUnivariateRepresentation.jl:187
  [2] _zdim_modular_RUR_LV(de::Vector{Vector{Vector{UInt32}}}, cco::Vector{Vector{UInt32}}, arithm::Groebner.ArithmeticZp{UInt64, UInt32})
    @ RationalUnivariateRepresentation ~/code/Julia/RationalUnivariateRepresentation.jl/src/RationalUnivariateRepresentation.jl:837
  [3] _zdim_modular_RUR(de::Vector{Vector{Vector{UInt32}}}, co::Vector{Vector{UInt32}}, arithm::Groebner.ArithmeticZp{UInt64, UInt32}, learn::Bool)
    @ RationalUnivariateRepresentation ~/code/Julia/RationalUnivariateRepresentation.jl/src/RationalUnivariateRepresentation.jl:906
  [4] macro expansion
    @ ~/code/Julia/RationalUnivariateRepresentation.jl/src/RationalUnivariateRepresentation.jl:1145 [inlined]
  [5] _zdim_multi_modular_RUR!(de::Vector{Vector{Vector{UInt32}}}, cco::Vector{Vector{Rational{BigInt}}}, bit_pr::Int32, parallelism::Symbol, composite::Int64, threads::Int64)
    @ RationalUnivariateRepresentation ~/.julia/packages/TimerOutputs/6KVfH/src/TimerOutput.jl:237
  [6] zdim_parameterization(sys_ori::Vector{Any}; nn::Int32, verbose::Bool, parallelism::Symbol, threads::Int64, get_separating_element::Bool, composite::Int64)
    @ RationalUnivariateRepresentation ~/code/Julia/RationalUnivariateRepresentation.jl/src/RationalUnivariateRepresentation.jl:1356
  [7] zdim_parameterization
    @ ~/code/Julia/RationalUnivariateRepresentation.jl/src/RationalUnivariateRepresentation.jl:1336 [inlined]
  [8] solve_with_rs(poly_system::Vector{Num}, varlist::Vector{Num}; start_point::Nothing, options::Dict{Any, Any})
    @ Main ~/julia/no-matlab-no-worry/2025-02-06-01-56/copy_0/estimation/biohydrogenation_0.jl:68
  [9] solve_with_rs(poly_system::Vector{Num}, varlist::Vector{Num})
    @ Main ~/julia/no-matlab-no-worry/2025-02-06-01-56/copy_0/estimation/biohydrogenation_0.jl:55
 [10] multipoint_parameter_estimation(PEP::ParameterEstimationProblem; system_solver::typeof(solve_with_rs), max_num_points::Int64, interpolator::Function, nooutput::Bool, diagnostics::Bool, diagnostic_data::Nothing)
    @ ODEParameterEstimation ~/.julia/dev/ODEParameterEstimation/src/core/parameter_estimation.jl:349
 [11] analyze_parameter_estimation_problem(PEP::ParameterEstimationProblem; interpolator::Function, max_num_points::Int64, nooutput::Bool, system_solver::Function, abstol::Float64, reltol::Float64, trap_debug::Bool, diagnostics::Bool, diagnostic_data::Nothing)
    @ ODEParameterEstimation ~/.julia/dev/ODEParameterEstimation/src/core/analysis_utils.jl:326
 [12] top-level scope
    @ ~/julia/no-matlab-no-worry/2025-02-06-01-56/copy_0/estimation/biohydrogenation_0.jl:137
in expression starting at /home/orebas/julia/no-matlab-no-worry/2025-02-06-01-56/copy_0/estimation/biohydrogenation_0.jl:137
