LinearAlgebra.PosDefException(3)
LinearAlgebra.PosDefException(3)
LinearAlgebra.PosDefException(6)
LinearAlgebra.PosDefException(3)
LinearAlgebra.PosDefException(3)
LinearAlgebra.PosDefException(4)
LinearAlgebra.PosDefException(83)
LinearAlgebra.PosDefException(2)
LinearAlgebra.PosDefException(2)
LinearAlgebra.PosDefException(3)
LinearAlgebra.PosDefException(2)
LinearAlgebra.PosDefException(5)
LinearAlgebra.PosDefException(3)
LinearAlgebra.PosDefException(6)
LinearAlgebra.PosDefException(45)
LinearAlgebra.PosDefException(2)
LinearAlgebra.PosDefException(2)
LinearAlgebra.PosDefException(2)
LinearAlgebra.PosDefException(6)
LinearAlgebra.PosDefException(4)
LinearAlgebra.PosDefException(6)
LinearAlgebra.PosDefException(5)
LinearAlgebra.PosDefException(63)
LinearAlgebra.PosDefException(3)
LinearAlgebra.PosDefException(7)
LinearAlgebra.PosDefException(3)
LinearAlgebra.PosDefException(4)
LinearAlgebra.PosDefException(5)
LinearAlgebra.PosDefException(4)
LinearAlgebra.PosDefException(32)
LinearAlgebra.PosDefException(217)
LinearAlgebra.PosDefException(2)
LinearAlgebra.PosDefException(2)
LinearAlgebra.PosDefException(3)
LinearAlgebra.PosDefException(2)
LinearAlgebra.PosDefException(3)
LinearAlgebra.PosDefException(3)
LinearAlgebra.PosDefException(6)
LinearAlgebra.PosDefException(4)
LinearAlgebra.PosDefException(4)
LinearAlgebra.PosDefException(6)
LinearAlgebra.PosDefException(38)
LinearAlgebra.PosDefException(140)
LinearAlgebra.PosDefException(296)
LinearAlgebra.PosDefException(484)
LinearAlgebra.PosDefException(4)
LinearAlgebra.PosDefException(7)
LinearAlgebra.PosDefException(41)
LinearAlgebra.PosDefException(143)
LinearAlgebra.PosDefException(279)
LinearAlgebra.PosDefException(374)
LinearAlgebra.PosDefException(592)
LinearAlgebra.PosDefException(1)
LinearAlgebra.PosDefException(1)
LinearAlgebra.PosDefException(884)
Noise level is too low, using  AAA
LinearAlgebra.PosDefException(3)
LinearAlgebra.PosDefException(2)
LinearAlgebra.PosDefException(2)
LinearAlgebra.PosDefException(4)
LinearAlgebra.PosDefException(3)
LinearAlgebra.PosDefException(5)
LinearAlgebra.PosDefException(83)
LinearAlgebra.PosDefException(2)
LinearAlgebra.PosDefException(2)
LinearAlgebra.PosDefException(2)
LinearAlgebra.PosDefException(6)
LinearAlgebra.PosDefException(4)
LinearAlgebra.PosDefException(4)
LinearAlgebra.PosDefException(4)
LinearAlgebra.PosDefException(44)
LinearAlgebra.PosDefException(3)
LinearAlgebra.PosDefException(2)
LinearAlgebra.PosDefException(3)
LinearAlgebra.PosDefException(2)
LinearAlgebra.PosDefException(2)
LinearAlgebra.PosDefException(4)
LinearAlgebra.PosDefException(3)
LinearAlgebra.PosDefException(4)
LinearAlgebra.PosDefException(5)
LinearAlgebra.PosDefException(134)
LinearAlgebra.PosDefException(2)
LinearAlgebra.PosDefException(2)
LinearAlgebra.PosDefException(2)
LinearAlgebra.PosDefException(3)
LinearAlgebra.PosDefException(2)
LinearAlgebra.PosDefException(2)
LinearAlgebra.PosDefException(3)
LinearAlgebra.PosDefException(2)
LinearAlgebra.PosDefException(2)
LinearAlgebra.PosDefException(4)
LinearAlgebra.PosDefException(6)
LinearAlgebra.PosDefException(5)
LinearAlgebra.PosDefException(5)
LinearAlgebra.PosDefException(38)
LinearAlgebra.PosDefException(296)
LinearAlgebra.PosDefException(1)
LinearAlgebra.PosDefException(1)
LinearAlgebra.PosDefException(311)
LinearAlgebra.PosDefException(5)
LinearAlgebra.PosDefException(6)
LinearAlgebra.PosDefException(5)
LinearAlgebra.PosDefException(5)
LinearAlgebra.PosDefException(6)
LinearAlgebra.PosDefException(8)
LinearAlgebra.PosDefException(6)
LinearAlgebra.PosDefException(14)
LinearAlgebra.PosDefException(110)
LinearAlgebra.PosDefException(245)
LinearAlgebra.PosDefException(631)
Noise level is too low, using  AAA
LinearAlgebra.PosDefException(2)
LinearAlgebra.PosDefException(6)
LinearAlgebra.PosDefException(2)
LinearAlgebra.PosDefException(3)
LinearAlgebra.PosDefException(5)
LinearAlgebra.PosDefException(4)
LinearAlgebra.PosDefException(42)
LinearAlgebra.PosDefException(3)
LinearAlgebra.PosDefException(3)
LinearAlgebra.PosDefException(2)
LinearAlgebra.PosDefException(2)
LinearAlgebra.PosDefException(4)
LinearAlgebra.PosDefException(4)
LinearAlgebra.PosDefException(4)
LinearAlgebra.PosDefException(49)
LinearAlgebra.PosDefException(2)
LinearAlgebra.PosDefException(3)
LinearAlgebra.PosDefException(3)
LinearAlgebra.PosDefException(4)
LinearAlgebra.PosDefException(6)
LinearAlgebra.PosDefException(4)
LinearAlgebra.PosDefException(234)
LinearAlgebra.PosDefException(4)
LinearAlgebra.PosDefException(3)
LinearAlgebra.PosDefException(4)
LinearAlgebra.PosDefException(8)
LinearAlgebra.PosDefException(12)
LinearAlgebra.PosDefException(150)
LinearAlgebra.PosDefException(3)
LinearAlgebra.PosDefException(2)
LinearAlgebra.PosDefException(2)
LinearAlgebra.PosDefException(3)
LinearAlgebra.PosDefException(4)
LinearAlgebra.PosDefException(5)
LinearAlgebra.PosDefException(4)
LinearAlgebra.PosDefException(16)
LinearAlgebra.PosDefException(90)
LinearAlgebra.PosDefException(282)
LinearAlgebra.PosDefException(512)
LinearAlgebra.PosDefException(11)
LinearAlgebra.PosDefException(6)
LinearAlgebra.PosDefException(5)
LinearAlgebra.PosDefException(8)
LinearAlgebra.PosDefException(5)
LinearAlgebra.PosDefException(19)
LinearAlgebra.PosDefException(69)
LinearAlgebra.PosDefException(278)
LinearAlgebra.PosDefException(296)
LinearAlgebra.PosDefException(542)
LinearAlgebra.PosDefException(28)
LinearAlgebra.PosDefException(7)
LinearAlgebra.PosDefException(6)
LinearAlgebra.PosDefException(5)
LinearAlgebra.PosDefException(6)
LinearAlgebra.PosDefException(5)
LinearAlgebra.PosDefException(6)
LinearAlgebra.PosDefException(13)
LinearAlgebra.PosDefException(75)
LinearAlgebra.PosDefException(138)
LinearAlgebra.PosDefException(292)
LinearAlgebra.PosDefException(317)
LinearAlgebra.PosDefException(401)
LinearAlgebra.PosDefException(5)
LinearAlgebra.PosDefException(8)
LinearAlgebra.PosDefException(5)
LinearAlgebra.PosDefException(5)
LinearAlgebra.PosDefException(6)
LinearAlgebra.PosDefException(8)
LinearAlgebra.PosDefException(7)
LinearAlgebra.PosDefException(31)
LinearAlgebra.PosDefException(81)
LinearAlgebra.PosDefException(300)
LinearAlgebra.PosDefException(309)
LinearAlgebra.PosDefException(306)
LinearAlgebra.PosDefException(340)
LinearAlgebra.PosDefException(495)
LinearAlgebra.PosDefException(12)
LinearAlgebra.PosDefException(5)
LinearAlgebra.PosDefException(5)
LinearAlgebra.PosDefException(6)
LinearAlgebra.PosDefException(5)
LinearAlgebra.PosDefException(5)
LinearAlgebra.PosDefException(6)
LinearAlgebra.PosDefException(23)
LinearAlgebra.PosDefException(80)
LinearAlgebra.PosDefException(159)
LinearAlgebra.PosDefException(296)
LinearAlgebra.PosDefException(307)
LinearAlgebra.PosDefException(312)
LinearAlgebra.PosDefException(362)
LinearAlgebra.PosDefException(485)
LinearAlgebra.PosDefException(683)
LinearAlgebra.PosDefException(7)
LinearAlgebra.PosDefException(5)
LinearAlgebra.PosDefException(5)
LinearAlgebra.PosDefException(6)
LinearAlgebra.PosDefException(8)
LinearAlgebra.PosDefException(6)
LinearAlgebra.PosDefException(6)
LinearAlgebra.PosDefException(18)
LinearAlgebra.PosDefException(76)
LinearAlgebra.PosDefException(155)
LinearAlgebra.PosDefException(290)
LinearAlgebra.PosDefException(304)
LinearAlgebra.PosDefException(322)
LinearAlgebra.PosDefException(350)
LinearAlgebra.PosDefException(454)
LinearAlgebra.PosDefException(534)
LinearAlgebra.PosDefException(755)
LinearAlgebra.PosDefException(11)
LinearAlgebra.PosDefException(8)
LinearAlgebra.PosDefException(9)
LinearAlgebra.PosDefException(5)
LinearAlgebra.PosDefException(7)
LinearAlgebra.PosDefException(6)
LinearAlgebra.PosDefException(7)
LinearAlgebra.PosDefException(10)
LinearAlgebra.PosDefException(46)
LinearAlgebra.PosDefException(153)
LinearAlgebra.PosDefException(292)
LinearAlgebra.PosDefException(305)
LinearAlgebra.PosDefException(307)
LinearAlgebra.PosDefException(340)
LinearAlgebra.PosDefException(394)
LinearAlgebra.PosDefException(434)
LinearAlgebra.PosDefException(581)
LinearAlgebra.PosDefException(613)
LinearAlgebra.PosDefException(758)
LinearAlgebra.PosDefException(995)
LinearAlgebra.PosDefException(892)
LinearAlgebra.PosDefException(7)
LinearAlgebra.PosDefException(7)
LinearAlgebra.PosDefException(7)
LinearAlgebra.PosDefException(5)
LinearAlgebra.PosDefException(5)
LinearAlgebra.PosDefException(7)
LinearAlgebra.PosDefException(7)
LinearAlgebra.PosDefException(15)
LinearAlgebra.PosDefException(78)
LinearAlgebra.PosDefException(154)
LinearAlgebra.PosDefException(288)
LinearAlgebra.PosDefException(305)
LinearAlgebra.PosDefException(316)
LinearAlgebra.PosDefException(344)
LinearAlgebra.PosDefException(402)
LinearAlgebra.PosDefException(479)
LinearAlgebra.PosDefException(618)
LinearAlgebra.PosDefException(659)
LinearAlgebra.PosDefException(740)
LinearAlgebra.PosDefException(801)
LinearAlgebra.PosDefException(694)
LinearAlgebra.PosDefException(862)
LinearAlgebra.PosDefException(879)
LinearAlgebra.PosDefException(989)
LinearAlgebra.PosDefException(975)
LinearAlgebra.PosDefException(5)
LinearAlgebra.PosDefException(7)
LinearAlgebra.PosDefException(7)
LinearAlgebra.PosDefException(5)
LinearAlgebra.PosDefException(6)
LinearAlgebra.PosDefException(5)
LinearAlgebra.PosDefException(5)
LinearAlgebra.PosDefException(15)
LinearAlgebra.PosDefException(79)
LinearAlgebra.PosDefException(154)
LinearAlgebra.PosDefException(294)
LinearAlgebra.PosDefException(309)
LinearAlgebra.PosDefException(331)
LinearAlgebra.PosDefException(359)
LinearAlgebra.PosDefException(410)
LinearAlgebra.PosDefException(497)
LinearAlgebra.PosDefException(540)
LinearAlgebra.PosDefException(695)
LinearAlgebra.PosDefException(645)
LinearAlgebra.PosDefException(812)
LinearAlgebra.PosDefException(691)
LinearAlgebra.PosDefException(752)
LinearAlgebra.PosDefException(772)
LinearAlgebra.PosDefException(855)
LinearAlgebra.PosDefException(951)
LinearAlgebra.PosDefException(905)
LinearAlgebra.PosDefException(942)
LinearAlgebra.PosDefException(815)
LinearAlgebra.PosDefException(6)
LinearAlgebra.PosDefException(7)
LinearAlgebra.PosDefException(6)
LinearAlgebra.PosDefException(5)
LinearAlgebra.PosDefException(5)
LinearAlgebra.PosDefException(6)
LinearAlgebra.PosDefException(5)
LinearAlgebra.PosDefException(30)
LinearAlgebra.PosDefException(85)
LinearAlgebra.PosDefException(152)
LinearAlgebra.PosDefException(295)
LinearAlgebra.PosDefException(318)
LinearAlgebra.PosDefException(323)
LinearAlgebra.PosDefException(367)
LinearAlgebra.PosDefException(454)
LinearAlgebra.PosDefException(513)
LinearAlgebra.PosDefException(593)
LinearAlgebra.PosDefException(704)
LinearAlgebra.PosDefException(707)
LinearAlgebra.PosDefException(901)
LinearAlgebra.PosDefException(925)
LinearAlgebra.PosDefException(784)
LinearAlgebra.PosDefException(863)
LinearAlgebra.PosDefException(705)
LinearAlgebra.PosDefException(939)
LinearAlgebra.PosDefException(918)
LinearAlgebra.PosDefException(949)
LinearAlgebra.PosDefException(997)
LinearAlgebra.PosDefException(748)
LinearAlgebra.PosDefException(852)
LinearAlgebra.PosDefException(768)
LinearAlgebra.PosDefException(775)
LinearAlgebra.PosDefException(761)
LinearAlgebra.PosDefException(945)
LinearAlgebra.PosDefException(716)
LinearAlgebra.PosDefException(716)
LinearAlgebra.PosDefException(716)
LinearAlgebra.PosDefException(1)
LinearAlgebra.PosDefException(1)
LinearAlgebra.PosDefException(1)
LinearAlgebra.PosDefException(839)
LinearAlgebra.PosDefException(795)
LinearAlgebra.PosDefException(794)
LinearAlgebra.PosDefException(828)
LinearAlgebra.PosDefException(822)
LinearAlgebra.PosDefException(746)
LinearAlgebra.PosDefException(748)
LinearAlgebra.PosDefException(745)
LinearAlgebra.PosDefException(819)
LinearAlgebra.PosDefException(988)
LinearAlgebra.PosDefException(746)
LinearAlgebra.PosDefException(877)
LinearAlgebra.PosDefException(878)
LinearAlgebra.PosDefException(771)
LinearAlgebra.PosDefException(942)
LinearAlgebra.PosDefException(771)
LinearAlgebra.PosDefException(714)
LinearAlgebra.PosDefException(897)
LinearAlgebra.PosDefException(718)
LinearAlgebra.PosDefException(823)
LinearAlgebra.PosDefException(713)
LinearAlgebra.PosDefException(713)
LinearAlgebra.PosDefException(1)
LinearAlgebra.PosDefException(887)
LinearAlgebra.PosDefException(756)
LinearAlgebra.PosDefException(910)
LinearAlgebra.PosDefException(821)
LinearAlgebra.PosDefException(823)
LinearAlgebra.PosDefException(824)
LinearAlgebra.PosDefException(748)
LinearAlgebra.PosDefException(890)
LinearAlgebra.PosDefException(744)
LinearAlgebra.PosDefException(886)
LinearAlgebra.PosDefException(927)
LinearAlgebra.PosDefException(736)
LinearAlgebra.PosDefException(782)
LinearAlgebra.PosDefException(725)
LinearAlgebra.PosDefException(955)
LinearAlgebra.PosDefException(777)
LinearAlgebra.PosDefException(772)
LinearAlgebra.PosDefException(780)
LinearAlgebra.PosDefException(817)
LinearAlgebra.PosDefException(708)
LinearAlgebra.PosDefException(4)
LinearAlgebra.PosDefException(6)
LinearAlgebra.PosDefException(6)
LinearAlgebra.PosDefException(5)
LinearAlgebra.PosDefException(5)
LinearAlgebra.PosDefException(7)
LinearAlgebra.PosDefException(8)
LinearAlgebra.PosDefException(16)
LinearAlgebra.PosDefException(76)
LinearAlgebra.PosDefException(153)
LinearAlgebra.PosDefException(306)
LinearAlgebra.PosDefException(306)
LinearAlgebra.PosDefException(317)
LinearAlgebra.PosDefException(352)
LinearAlgebra.PosDefException(418)
LinearAlgebra.PosDefException(509)
LinearAlgebra.PosDefException(570)
LinearAlgebra.PosDefException(705)
LinearAlgebra.PosDefException(709)
LinearAlgebra.PosDefException(697)
LinearAlgebra.PosDefException(712)
LinearAlgebra.PosDefException(766)
LinearAlgebra.PosDefException(868)
LinearAlgebra.PosDefException(828)
LinearAlgebra.PosDefException(719)
LinearAlgebra.PosDefException(739)
LinearAlgebra.PosDefException(750)
LinearAlgebra.PosDefException(760)
LinearAlgebra.PosDefException(833)
LinearAlgebra.PosDefException(845)
LinearAlgebra.PosDefException(889)
LinearAlgebra.PosDefException(729)
LinearAlgebra.PosDefException(829)
LinearAlgebra.PosDefException(979)
LinearAlgebra.PosDefException(833)
LinearAlgebra.PosDefException(869)
Noise level is too low, using  AAA
LinearAlgebra.PosDefException(2)
LinearAlgebra.PosDefException(6)
LinearAlgebra.PosDefException(2)
LinearAlgebra.PosDefException(3)
LinearAlgebra.PosDefException(6)
LinearAlgebra.PosDefException(4)
LinearAlgebra.PosDefException(84)
LinearAlgebra.PosDefException(6)
LinearAlgebra.PosDefException(3)
LinearAlgebra.PosDefException(2)
LinearAlgebra.PosDefException(2)
LinearAlgebra.PosDefException(4)
LinearAlgebra.PosDefException(3)
LinearAlgebra.PosDefException(5)
LinearAlgebra.PosDefException(42)
LinearAlgebra.PosDefException(2)
LinearAlgebra.PosDefException(2)
LinearAlgebra.PosDefException(2)
LinearAlgebra.PosDefException(4)
LinearAlgebra.PosDefException(4)
LinearAlgebra.PosDefException(4)
LinearAlgebra.PosDefException(4)
LinearAlgebra.PosDefException(21)
LinearAlgebra.PosDefException(2)
LinearAlgebra.PosDefException(6)
LinearAlgebra.PosDefException(2)
LinearAlgebra.PosDefException(2)
LinearAlgebra.PosDefException(3)
LinearAlgebra.PosDefException(2)
LinearAlgebra.PosDefException(3)
LinearAlgebra.PosDefException(5)
LinearAlgebra.PosDefException(4)
LinearAlgebra.PosDefException(6)
LinearAlgebra.PosDefException(12)
LinearAlgebra.PosDefException(71)
LinearAlgebra.PosDefException(260)
LinearAlgebra.PosDefException(611)
LinearAlgebra.PosDefException(1)
LinearAlgebra.PosDefException(1)
Noise level is too low, using  AAA
DEBUG [determine_optimal_points_count]: Large num points: 1
DEBUG [determine_optimal_points_count]: Good num points: 1
DEBUG [multipoint_parameter_estimation]: Parameter estimation using this many points: 1

DEBUG [pick_points]: Starting point selection...
DEBUG [pick_points]: Number of points to pick: 1
DEBUG [pick_points]: Total points available: 1001
DEBUG [pick_points]: Number of interpolants: 4

DEBUG [pick_points]: Computing interestingness scores...
DEBUG [pick_points]: Processed 100 points
DEBUG [pick_points]: Processed 200 points
DEBUG [pick_points]: Processed 300 points
DEBUG [pick_points]: Processed 400 points
DEBUG [pick_points]: Processed 500 points
DEBUG [pick_points]: Processed 600 points
DEBUG [pick_points]: Processed 700 points
DEBUG [pick_points]: Processed 800 points
DEBUG [pick_points]: Processed 900 points
DEBUG [pick_points]: Processed 1000 points

DEBUG [pick_points]: Score statistics:
DEBUG [pick_points]: Min score: 0.28071974167631497
DEBUG [pick_points]: Max score: 2.1903920572486997
DEBUG [pick_points]: Mean score: 0.7887142252240371
DEBUG [pick_points]: Normalized scores

DEBUG [pick_points]: Selected 1 points
DEBUG [pick_points]: Selected time points: [-0.998]
aa_system
Any[_t2_p_t_ - 319767673631021//562949953421312, _t2_e_t_ - 1430409889345667//2251799813685248, _t2_eˍt_t_ + 1694511236321//4398046511104, _t2_eˍtt_t_ + 2918244387//34359738368, _t2_eˍttt_t_ - 54053011//33554432, _t2_eˍtttt_t_ + 15165//2048, _t2_s_t_ + _t2_m_t_ - 4740406473330881//4503599627370496, _t2_sˍt_t_ + _t2_mˍt_t_ + 114784228203//549755813888, _t2_mˍtt_t_ + _t2_sˍtt_t_ - 394134519//1073741824, _t2_mˍttt_t_ + _t2_sˍttt_t_ + 9090675//16777216, _t2_sˍtttt_t_ + _t2_mˍtttt_t_ - 9373//16384, _t2_mˍttttt_t_ + _t2_sˍttttt_t_ - 37//4, _t2_n_t_ - 3794364734603531//4503599627370496, _t2_nˍt_t_ + 13016133942825//17592186044416, _t2_nˍtt_t_ - 541122683//536870912, _t2_nˍttt_t_ + 16444817//8388608, _t2_nˍtttt_t_ - 39913//8192, _t2_nˍttttt_t_ + 67//8, -_tprhoE_*_t2_e_t_*_t2_p_t_ + _tpdeltaEL_*_t2_e_t_ + _tpmuEE_*_t2_e_t_^2 - _tpdeltaNE_*_t2_n_t_*_t2_p_t_ + _t2_eˍt_t_, -_tprhoE_*_t2_e_t_*_t2_pˍt_t_ - _tprhoE_*_t2_p_t_*_t2_eˍt_t_ + _tpdeltaEL_*_t2_eˍt_t_ + 2*_tpmuEE_*_t2_e_t_*_t2_eˍt_t_ - _tpdeltaNE_*_t2_n_t_*_t2_pˍt_t_ - _tpdeltaNE_*_t2_p_t_*_t2_nˍt_t_ + _t2_eˍtt_t_, -_tprhoE_*_t2_e_t_*_t2_pˍtt_t_ - _tprhoE_*_t2_p_t_*_t2_eˍtt_t_ - 2*_tprhoE_*_t2_eˍt_t_*_t2_pˍt_t_ + _tpdeltaEL_*_t2_eˍtt_t_ + 2*_tpmuEE_*_t2_e_t_*_t2_eˍtt_t_ + 2*_tpmuEE_*_t2_eˍt_t_^2 - _tpdeltaNE_*_t2_n_t_*_t2_pˍtt_t_ - _tpdeltaNE_*_t2_p_t_*_t2_nˍtt_t_ - 2*_tpdeltaNE_*_t2_nˍt_t_*_t2_pˍt_t_ + _t2_eˍttt_t_, -_tprhoE_*_t2_e_t_*_t2_pˍttt_t_ - _tprhoE_*_t2_p_t_*_t2_eˍttt_t_ - 3*_tprhoE_*_t2_eˍt_t_*_t2_pˍtt_t_ - 3*_tprhoE_*_t2_eˍtt_t_*_t2_pˍt_t_ + _tpdeltaEL_*_t2_eˍttt_t_ + 2*_tpmuEE_*_t2_e_t_*_t2_eˍttt_t_ + 6*_tpmuEE_*_t2_eˍt_t_*_t2_eˍtt_t_ - _tpdeltaNE_*_t2_n_t_*_t2_pˍttt_t_ - _tpdeltaNE_*_t2_p_t_*_t2_nˍttt_t_ - 3*_tpdeltaNE_*_t2_nˍt_t_*_t2_pˍtt_t_ - 3*_tpdeltaNE_*_t2_nˍtt_t_*_t2_pˍt_t_ + _t2_eˍtttt_t_, _tpmuLL_*_t2_s_t_^2 - _tpdeltaEL_*_t2_s_t_ + _tpmuLE_*_t2_e_t_*_t2_s_t_ + _tpdeltaLM_*_t2_s_t_ + _t2_sˍt_t_, _tpmuM_*_t2_m_t_ - _tpdeltaLM_*_t2_s_t_ + _t2_mˍt_t_, _tpmuM_*_t2_mˍt_t_ - _tpdeltaLM_*_t2_sˍt_t_ + _t2_mˍtt_t_, 2*_tpmuLL_*_t2_s_t_*_t2_sˍt_t_ - _tpdeltaEL_*_t2_sˍt_t_ + _tpmuLE_*_t2_e_t_*_t2_sˍt_t_ + _tpmuLE_*_t2_s_t_*_t2_eˍt_t_ + _tpdeltaLM_*_t2_sˍt_t_ + _t2_sˍtt_t_, _tpmuM_*_t2_mˍtt_t_ - _tpdeltaLM_*_t2_sˍtt_t_ + _t2_mˍttt_t_, 2*_tpmuLL_*_t2_s_t_*_t2_sˍtt_t_ + 2*_tpmuLL_*_t2_sˍt_t_^2 - _tpdeltaEL_*_t2_sˍtt_t_ + _tpmuLE_*_t2_e_t_*_t2_sˍtt_t_ + _tpmuLE_*_t2_s_t_*_t2_eˍtt_t_ + 2*_tpmuLE_*_t2_eˍt_t_*_t2_sˍt_t_ + _tpdeltaLM_*_t2_sˍtt_t_ + _t2_sˍttt_t_, 2*_tpmuLL_*_t2_s_t_*_t2_sˍttt_t_ + 6*_tpmuLL_*_t2_sˍt_t_*_t2_sˍtt_t_ - _tpdeltaEL_*_t2_sˍttt_t_ + _tpmuLE_*_t2_e_t_*_t2_sˍttt_t_ + _tpmuLE_*_t2_s_t_*_t2_eˍttt_t_ + 3*_tpmuLE_*_t2_eˍt_t_*_t2_sˍtt_t_ + 3*_tpmuLE_*_t2_eˍtt_t_*_t2_sˍt_t_ + _tpdeltaLM_*_t2_sˍttt_t_ + _t2_sˍtttt_t_, _tpmuM_*_t2_mˍttt_t_ - _tpdeltaLM_*_t2_sˍttt_t_ + _t2_mˍtttt_t_, _tpmuM_*_t2_mˍtttt_t_ - _tpdeltaLM_*_t2_sˍtttt_t_ + _t2_mˍttttt_t_, 2*_tpmuLL_*_t2_s_t_*_t2_sˍtttt_t_ + 8*_tpmuLL_*_t2_sˍt_t_*_t2_sˍttt_t_ + 6*_tpmuLL_*_t2_sˍtt_t_^2 - _tpdeltaEL_*_t2_sˍtttt_t_ + _tpmuLE_*_t2_e_t_*_t2_sˍtttt_t_ + _tpmuLE_*_t2_s_t_*_t2_eˍtttt_t_ + 4*_tpmuLE_*_t2_eˍt_t_*_t2_sˍttt_t_ + 6*_tpmuLE_*_t2_eˍtt_t_*_t2_sˍtt_t_ + 4*_tpmuLE_*_t2_eˍttt_t_*_t2_sˍt_t_ + _tpdeltaLM_*_t2_sˍtttt_t_ + _t2_sˍttttt_t_, _tpmuN_*_t2_n_t_ + _tpdeltaNE_*_t2_n_t_*_t2_p_t_ + _t2_nˍt_t_, _tpmuN_*_t2_nˍt_t_ + _tpdeltaNE_*_t2_n_t_*_t2_pˍt_t_ + _tpdeltaNE_*_t2_p_t_*_t2_nˍt_t_ + _t2_nˍtt_t_, _tpmuN_*_t2_nˍtt_t_ + _tpdeltaNE_*_t2_n_t_*_t2_pˍtt_t_ + _tpdeltaNE_*_t2_p_t_*_t2_nˍtt_t_ + 2*_tpdeltaNE_*_t2_nˍt_t_*_t2_pˍt_t_ + _t2_nˍttt_t_, _tpmuN_*_t2_nˍttt_t_ + _tpdeltaNE_*_t2_n_t_*_t2_pˍttt_t_ + _tpdeltaNE_*_t2_p_t_*_t2_nˍttt_t_ + 3*_tpdeltaNE_*_t2_nˍt_t_*_t2_pˍtt_t_ + 3*_tpdeltaNE_*_t2_nˍtt_t_*_t2_pˍt_t_ + _t2_nˍtttt_t_, _tpmuN_*_t2_nˍtttt_t_ + _tpdeltaNE_*_t2_n_t_*_t2_pˍtttt_t_ + _tpdeltaNE_*_t2_p_t_*_t2_nˍtttt_t_ + 4*_tpdeltaNE_*_t2_nˍt_t_*_t2_pˍttt_t_ + 6*_tpdeltaNE_*_t2_nˍtt_t_*_t2_pˍtt_t_ + 4*_tpdeltaNE_*_t2_nˍttt_t_*_t2_pˍt_t_ + _t2_nˍttttt_t_, _tpmuPE_*_t2_e_t_*_t2_p_t_ + _tpmuPL_*_t2_s_t_*_t2_p_t_ - _tprhoP_*_t2_p_t_^2 + _tpmuP_*_t2_p_t_ + _t2_pˍt_t_, _tpmuPE_*_t2_e_t_*_t2_pˍt_t_ + _tpmuPE_*_t2_p_t_*_t2_eˍt_t_ + _tpmuPL_*_t2_s_t_*_t2_pˍt_t_ + _tpmuPL_*_t2_p_t_*_t2_sˍt_t_ - 2*_tprhoP_*_t2_p_t_*_t2_pˍt_t_ + _tpmuP_*_t2_pˍt_t_ + _t2_pˍtt_t_, _tpmuPE_*_t2_e_t_*_t2_pˍtt_t_ + _tpmuPE_*_t2_p_t_*_t2_eˍtt_t_ + 2*_tpmuPE_*_t2_eˍt_t_*_t2_pˍt_t_ + _tpmuPL_*_t2_s_t_*_t2_pˍtt_t_ + _tpmuPL_*_t2_p_t_*_t2_sˍtt_t_ + 2*_tpmuPL_*_t2_sˍt_t_*_t2_pˍt_t_ - 2*_tprhoP_*_t2_p_t_*_t2_pˍtt_t_ - 2*_tprhoP_*_t2_pˍt_t_^2 + _tpmuP_*_t2_pˍtt_t_ + _t2_pˍttt_t_, _tpmuPE_*_t2_e_t_*_t2_pˍttt_t_ + _tpmuPE_*_t2_p_t_*_t2_eˍttt_t_ + 3*_tpmuPE_*_t2_eˍt_t_*_t2_pˍtt_t_ + 3*_tpmuPE_*_t2_eˍtt_t_*_t2_pˍt_t_ + _tpmuPL_*_t2_s_t_*_t2_pˍttt_t_ + _tpmuPL_*_t2_p_t_*_t2_sˍttt_t_ + 3*_tpmuPL_*_t2_sˍt_t_*_t2_pˍtt_t_ + 3*_tpmuPL_*_t2_sˍtt_t_*_t2_pˍt_t_ - 2*_tprhoP_*_t2_p_t_*_t2_pˍttt_t_ - 6*_tprhoP_*_t2_pˍt_t_*_t2_pˍtt_t_ + _tpmuP_*_t2_pˍttt_t_ + _t2_pˍtttt_t_]
R
Multivariate polynomial ring in 41 variables over rationals
primes of bitsize 28
G-Q-Pt-FG-LT-LP(U)
G-Q-Pt-FG-LT-LP(U)
G-Q-Pt-FG-LT-LP(U)
G-Q-Pt-FG-LT-LP(U)
G-Q-Pt-FG-LT-LP(U)
G-Q-Pt-FG-LT-LP(U)
G-Q-Pt-FG-LT-LP(U)
G-Q-Pt-FG-LT-LP(U)
G-Q-Pt-FG-LT-LP(U)
G-Q-Pt-FG-LT-LP(C)
Dimension of the quotient :41
Degree of the radical :41
Use variable 32 as separating element
Run Groebner learn
Test cyclic optimization
Apply cyclic optimization 
Multi-modular computation (1 threads): G-Q-Pt-FG-LT-LP(C)
5-9-13-17-21-25-29-33-37-41-45-49-53-61-69-77-85-93-105-117-129-141-157-173-193-213-237-261-289-317-349-385-425-469-517-569-625-689-757-833-917-1009-1109-1221-1345-1481-1629-1793-1973-2173-2393-2633-2897-
check-G-Q-Pt-FG-LT-LP(C)
Nb Primes used :2897
9-element Vector{Vector{Vector{BigFloat}}}:
 [[4.224472, 4.2244797], [-0.11130631, -0.11130619], [0.20125604, 0.20125628], [0.80322361, 0.80322456], [0.87339973, 0.87340069], [5.7685928, 5.7686005], [0.39776421, 0.39776468], [12.783768, 12.783783], [-0.062476337, -0.062476277], [1.8025208, 1.8025227], [-0.96819782, -0.96819687], [0.84576702, 0.84576797], [-9.7419281, -9.7419128], [0.84251785, 0.84251881], [0.63522911, 0.63523006], [-3.0964928, -3.096489], [4.1490707, 4.1490784], [0.56802082, 0.56802177], [-0.38528728, -0.38528681], [-0.084932208, -0.084932089], [1.6109047, 1.6109066], [-7.4047928, -7.4047775], [-6.4402695, -6.4402618], [6.2314758, 6.2314835], [26.793762, 26.793793], [-26.426727, -26.426697], [102.88452, 102.88464], [-103.42651, -103.42639], [-413.50146, -413.50098], [414.07324, 414.07373], [1639.6777, 1639.6797], [-1630.4297, -1630.4277], [-6.8240051, -6.8239975], [-0.73988247, -0.73988152], [1.0079193, 1.0079212], [-1.9603767, -1.9603748], [4.8721848, 4.8722], [-8.3750153, -8.3749847], [-0.50264454, -0.50264359], [0.6261301, 0.62613106], [-0.96794987, -0.96794891]]
 [[4.8392563, 4.8392639], [-0.1070745, -0.10707426], [0.20125604, 0.20125628], [0.80322361, 0.80322456], [0.87339973, 0.87340069], [0.51795292, 0.51795387], [0.39776421, 0.39776468], [2.7426643, 2.7426682], [-0.35107851, -0.35107803], [1.8685646, 1.8685665], [-1.3668423, -1.3668404], [0.84576702, 0.84576797], [-3.5466805, -3.5466766], [0.84251785, 0.84251881], [0.63522911, 0.63523006], [-0.68101406, -0.68101311], [1.7335949, 1.7335968], [0.56802082, 0.56802177], [-0.38528728, -0.38528681], [-0.084932208, -0.084932089], [1.6109047, 1.6109066], [-7.4047928, -7.4047775], [-1.7262096, -1.7262077], [1.517416, 1.5174179], [5.3363495, 5.3363571], [-4.9692917, -4.9692841], [14.860489, 14.860504], [-15.402359, -15.402344], [-46.358093, -46.358032], [46.930115, 46.930176], [140.10962, 140.10986], [-130.85986, -130.85962], [-6.8240051, -6.8239975], [-0.73988247, -0.73988152], [1.0079193, 1.0079212], [-1.9603767, -1.9603748], [4.8721848, 4.8722], [-8.3750153, -8.3749847], [-0.50264454, -0.50264359], [0.6261301, 0.62613106], [-0.96794987, -0.96794891]]
 [[16.374725, 16.374756], [0.28528976, 0.28529024], [0.20125604, 0.20125628], [0.80322361, 0.80322456], [0.87339973, 0.87340069], [1.8683701, 1.868372], [0.39776421, 0.39776468], [1.5782871, 1.578289], [12.947571, 12.947586], [37.026367, 37.026428], [-6.321579, -6.3215714], [0.84576702, 0.84576797], [0.11524606, 0.11524618], [0.84251785, 0.84251881], [0.63522911, 0.63523006], [1.3775978, 1.3775997], [-0.32501698, -0.3250165], [0.56802082, 0.56802177], [-0.38528728, -0.38528681], [-0.084932208, -0.084932089], [1.6109047, 1.6109066], [-7.4047928, -7.4047775], [-0.97480583, -0.97480488], [0.7660141, 0.76601505], [-1.5435429, -1.543541], [1.9106064, 1.9106083], [3.1040955, 3.1040993], [-3.6459465, -3.6459427], [6.7918625, 6.7918701], [-6.2197876, -6.21978], [12.40358, 12.403595], [-3.153595, -3.1535912], [-6.8240051, -6.8239975], [-0.73988247, -0.73988152], [1.0079193, 1.0079212], [-1.9603767, -1.9603748], [4.8721848, 4.8722], [-8.3750153, -8.3749847], [-0.50264454, -0.50264359], [0.6261301, 0.62613106], [-0.96794987, -0.96794891]]
 [[-160.5, -160.49976], [-30.242462, -30.242432], [0.20125604, 0.20125628], [0.80322361, 0.80322456], [0.87339973, 0.87340069], [-0.12132442, -0.1213243], [0.39776421, 0.39776468], [-9.747879, -9.7478638], [-316.83398, -316.8335], [-76.038452, -76.03833], [10.237274, 10.237289], [0.84576702, 0.84576797], [2.7634888, 2.7634926], [0.84251785, 0.84251881], [0.63522911, 0.63523006], [-0.15595078, -0.15595055], [1.2085323, 1.2085342], [0.56802082, 0.56802177], [-0.38528728, -0.38528681], [-0.084932208, -0.084932089], [1.6109047, 1.6109066], [-7.4047928, -7.4047775], [0.075552464, 0.075552583], [-0.2843442, -0.28434372], [0.17429042, 0.17429066], [0.19277549, 0.19277573], [0.55387878, 0.55387974], [-1.095726, -1.0957241], [3.5329094, 3.5329132], [-2.9608307, -2.9608269], [9.4039307, 9.4039459], [-0.1539371, -0.15393686], [-6.8240051, -6.8239975], [-0.73988247, -0.73988152], [1.0079193, 1.0079212], [-1.9603767, -1.9603748], [4.8721848, 4.8722], [-8.3750153, -8.3749847], [-0.50264454, -0.50264359], [0.6261301, 0.62613106], [-0.96794987, -0.96794891]]
 [[9.5463715, 9.5463867], [0.94861889, 0.94861984], [0.20125604, 0.20125628], [0.80322361, 0.80322456], [0.87339973, 0.87340069], [67.877808, 67.87793], [0.39776421, 0.39776468], [0.2876091, 0.28760958], [48.074524, 48.074585], [26.707123, 26.707153], [-40.748169, -40.748108], [0.84576702, 0.84576797], [-0.18229651, -0.18229628], [0.84251785, 0.84251881], [0.63522911, 0.63523006], [1.0554237, 1.0554256], [-0.0028430149, -0.0028430112], [0.56802082, 0.56802177], [-0.38528728, -0.38528681], [-0.084932208, -0.084932089], [1.6109047, 1.6109066], [-7.4047928, -7.4047775], [-0.20936894, -0.20936871], [0.00057761837, 0.0005776193], [-0.0010403134, -0.0010403115], [0.36810637, 0.36810684], [0.0035096407, 0.0035096444], [-0.54535675, -0.5453558], [0.71089268, 0.71089363], [-0.13881063, -0.1388104], [9.2925568, 9.292572], [-0.042562366, -0.042562306], [-6.8240051, -6.8239975], [-0.73988247, -0.73988152], [1.0079193, 1.0079212], [-1.9603767, -1.9603748], [4.8721848, 4.8722], [-8.3750153, -8.3749847], [-0.50264454, -0.50264359], [0.6261301, 0.62613106], [-0.96794987, -0.96794891]]
 [[125.02014, 125.02026], [-30.635223, -30.635193], [0.20125604, 0.20125628], [0.80322361, 0.80322456], [0.87339973, 0.87340069], [-0.14919829, -0.14919806], [0.39776421, 0.39776468], [-12.494965, -12.494949], [253.60132, 253.60156], [29.609406, 29.609436], [-3.8721581, -3.8721542], [0.84576702, 0.84576797], [2.323143, 2.3231468], [0.84251785, 0.84251881], [0.63522911, 0.63523006], [-0.22807741, -0.22807717], [1.2806587, 1.2806606], [0.56802082, 0.56802177], [-0.38528728, -0.38528681], [-0.084932208, -0.084932089], [1.6109047, 1.6109066], [-7.4047928, -7.4047775], [0.12999296, 0.1299932], [-0.33878469, -0.33878422], [0.25144672, 0.2514472], [0.1156193, 0.11561942], [0.30611563, 0.3061161], [-0.84796333, -0.84796238], [2.4963493, 2.4963531], [-1.9242687, -1.9242668], [5.5122833, 5.512291], [3.737709, 3.7377129], [-6.8240051, -6.8239975], [-0.73988247, -0.73988152], [1.0079193, 1.0079212], [-1.9603767, -1.9603748], [4.8721848, 4.8722], [-8.3750153, -8.3749847], [-0.50264454, -0.50264359], [0.6261301, 0.62613106], [-0.96794987, -0.96794891]]
 [[-152.47534, -152.4751], [-103633.62, -103633.5], [0.20125604, 0.20125628], [0.80322361, 0.80322456], [0.87339973, 0.87340069], [1.5105686, 1.5105705], [0.39776421, 0.39776468], [35.795227, 35.795288], [439176.0, 439176.5], [-1.296854, -1.2968521], [1657.623, 1657.625], [0.84576702, 0.84576797], [-390.23584, -390.23535], [0.84251785, 0.84251881], [0.63522911, 0.63523006], [-0.0035535134, -0.0035535097], [1.0561352, 1.0561371], [0.56802082, 0.56802177], [-0.38528728, -0.38528681], [-0.084932208, -0.084932089], [1.6109047, 1.6109066], [-7.4047928, -7.4047775], [-0.0001330087, -0.00013300846], [-0.20865846, -0.20865822], [0.3670969, 0.36709738], [-3.0963449e-05, -3.0963391e-05], [-0.54244328, -0.54244232], [0.00059632119, 0.00059632212], [-0.01460889, -0.014608875], [0.5866909, 0.58669186], [4.8146591, 4.8146667], [4.4353333, 4.4353409], [-6.8240051, -6.8239975], [-0.73988247, -0.73988152], [1.0079193, 1.0079212], [-1.9603767, -1.9603748], [4.8721848, 4.8722], [-8.3750153, -8.3749847], [-0.50264454, -0.50264359], [0.6261301, 0.62613106], [-0.96794987, -0.96794891]]
 [[-30.607208, -30.607178], [-448.26465, -448.26416], [0.20125604, 0.20125628], [0.80322361, 0.80322456], [0.87339973, 0.87340069], [0.39254045, 0.39254093], [0.39776421, 0.39776468], [12.779587, 12.779602], [-9036.5625, -9036.5469], [-341.0498, -341.04932], [-308.81006, -308.80957], [0.84576702, 0.84576797], [-15.208557, -15.208542], [0.84251785, 0.84251881], [0.63522911, 0.63523006], [-0.014985144, -0.014985129], [1.0675659, 1.0675678], [0.56802082, 0.56802177], [-0.38528728, -0.38528681], [-0.084932208, -0.084932089], [1.6109047, 1.6109066], [-7.4047928, -7.4047775], [-0.017630041, -0.017630011], [-0.19116139, -0.19116116], [0.34316587, 0.34316635], [0.023900419, 0.023900449], [-0.49819756, -0.49819708], [-0.043648958, -0.043648899], [-0.28731728, -0.2873168], [0.85939884, 0.8593998], [4.0323257, 4.0323334], [5.2176666, 5.2176743], [-6.8240051, -6.8239975], [-0.73988247, -0.73988152], [1.0079193, 1.0079212], [-1.9603767, -1.9603748], [4.8721848, 4.8722], [-8.3750153, -8.3749847], [-0.50264454, -0.50264359], [0.6261301, 0.62613106], [-0.96794987, -0.96794891]]
 [[-2.8699226, -2.8699188], [-243.74951, -243.74927], [0.20125604, 0.20125628], [0.80322361, 0.80322456], [0.87339973, 0.87340069], [0.04167968, 0.04167974], [0.39776421, 0.39776468], [-20.594147, -20.594116], [26.652649, 26.652679], [-4.9105835, -4.9105759], [0.36522055, 0.36522102], [0.84576702, 0.84576797], [12.137283, 12.137299], [0.84251785, 0.84251881], [0.63522911, 0.63523006], [-0.016755432, -0.016755402], [1.0693359, 1.0693378], [0.56802082, 0.56802177], [-0.38528728, -0.38528681], [-0.084932208, -0.084932089], [1.6109047, 1.6109066], [-7.4047928, -7.4047775], [0.039143682, 0.039143741], [-0.24793506, -0.24793482], [0.48543262, 0.4854331], [-0.11836636, -0.11836624], [-1.4568806, -1.4568787], [0.91503239, 0.91503334], [-10.594666, -10.59465], [11.166733, 11.166748], [-129.05591, -129.05566], [138.30566, 138.30591], [-6.8240051, -6.8239975], [-0.73988247, -0.73988152], [1.0079193, 1.0079212], [-1.9603767, -1.9603748], [4.8721848, 4.8722], [-8.3750153, -8.3749847], [-0.50264454, -0.50264359], [0.6261301, 0.62613106], [-0.96794987, -0.96794891]]
















