LinearAlgebra.PosDefException(2)
LinearAlgebra.PosDefException(2)
LinearAlgebra.PosDefException(2)
LinearAlgebra.PosDefException(4)
LinearAlgebra.PosDefException(3)
LinearAlgebra.PosDefException(5)
LinearAlgebra.PosDefException(82)
LinearAlgebra.PosDefException(2)
LinearAlgebra.PosDefException(2)
LinearAlgebra.PosDefException(2)
LinearAlgebra.PosDefException(2)
LinearAlgebra.PosDefException(4)
LinearAlgebra.PosDefException(3)
LinearAlgebra.PosDefException(4)
LinearAlgebra.PosDefException(47)
LinearAlgebra.PosDefException(2)
LinearAlgebra.PosDefException(3)
LinearAlgebra.PosDefException(2)
LinearAlgebra.PosDefException(2)
LinearAlgebra.PosDefException(2)
LinearAlgebra.PosDefException(4)
LinearAlgebra.PosDefException(4)
LinearAlgebra.PosDefException(5)
LinearAlgebra.PosDefException(25)
LinearAlgebra.PosDefException(2)
LinearAlgebra.PosDefException(4)
LinearAlgebra.PosDefException(5)
LinearAlgebra.PosDefException(16)
LinearAlgebra.PosDefException(135)
LinearAlgebra.PosDefException(264)
LinearAlgebra.PosDefException(695)
LinearAlgebra.PosDefException(3)
LinearAlgebra.PosDefException(2)
LinearAlgebra.PosDefException(3)
LinearAlgebra.PosDefException(3)
LinearAlgebra.PosDefException(5)
LinearAlgebra.PosDefException(4)
LinearAlgebra.PosDefException(11)
LinearAlgebra.PosDefException(69)
LinearAlgebra.PosDefException(204)
LinearAlgebra.PosDefException(409)
LinearAlgebra.PosDefException(101)
LinearAlgebra.PosDefException(256)
LinearAlgebra.PosDefException(374)
LinearAlgebra.PosDefException(491)
LinearAlgebra.PosDefException(637)
LinearAlgebra.PosDefException(7)
LinearAlgebra.PosDefException(5)
LinearAlgebra.PosDefException(7)
LinearAlgebra.PosDefException(5)
LinearAlgebra.PosDefException(5)
LinearAlgebra.PosDefException(6)
LinearAlgebra.PosDefException(5)
LinearAlgebra.PosDefException(25)
LinearAlgebra.PosDefException(112)
LinearAlgebra.PosDefException(261)
LinearAlgebra.PosDefException(511)
LinearAlgebra.PosDefException(527)
LinearAlgebra.PosDefException(582)
LinearAlgebra.PosDefException(615)
LinearAlgebra.PosDefException(831)
LinearAlgebra.PosDefException(710)
LinearAlgebra.PosDefException(823)
LinearAlgebra.PosDefException(767)
LinearAlgebra.PosDefException(899)
LinearAlgebra.PosDefException(824)
LinearAlgebra.PosDefException(895)
LinearAlgebra.PosDefException(721)
LinearAlgebra.PosDefException(748)
LinearAlgebra.PosDefException(714)
LinearAlgebra.PosDefException(866)
LinearAlgebra.PosDefException(776)
LinearAlgebra.PosDefException(972)
LinearAlgebra.PosDefException(772)
LinearAlgebra.PosDefException(853)
LinearAlgebra.PosDefException(844)
LinearAlgebra.PosDefException(865)
LinearAlgebra.PosDefException(815)
LinearAlgebra.PosDefException(765)
LinearAlgebra.PosDefException(832)
LinearAlgebra.PosDefException(897)
LinearAlgebra.PosDefException(739)
LinearAlgebra.PosDefException(749)
LinearAlgebra.PosDefException(830)
LinearAlgebra.PosDefException(754)
LinearAlgebra.PosDefException(915)
LinearAlgebra.PosDefException(687)
LinearAlgebra.PosDefException(829)
LinearAlgebra.PosDefException(806)
LinearAlgebra.PosDefException(748)
LinearAlgebra.PosDefException(866)
LinearAlgebra.PosDefException(863)
LinearAlgebra.PosDefException(860)
LinearAlgebra.PosDefException(1)
LinearAlgebra.PosDefException(1)
LinearAlgebra.PosDefException(1)
LinearAlgebra.PosDefException(775)
LinearAlgebra.PosDefException(941)
LinearAlgebra.PosDefException(837)
LinearAlgebra.PosDefException(836)
LinearAlgebra.PosDefException(846)
LinearAlgebra.PosDefException(792)
LinearAlgebra.PosDefException(767)
LinearAlgebra.PosDefException(796)
LinearAlgebra.PosDefException(769)
LinearAlgebra.PosDefException(719)
LinearAlgebra.PosDefException(806)
LinearAlgebra.PosDefException(916)
LinearAlgebra.PosDefException(847)
LinearAlgebra.PosDefException(783)
LinearAlgebra.PosDefException(914)
LinearAlgebra.PosDefException(800)
LinearAlgebra.PosDefException(756)
LinearAlgebra.PosDefException(722)
LinearAlgebra.PosDefException(872)
LinearAlgebra.PosDefException(906)
LinearAlgebra.PosDefException(976)
LinearAlgebra.PosDefException(787)
LinearAlgebra.PosDefException(829)
LinearAlgebra.PosDefException(809)
LinearAlgebra.PosDefException(780)
LinearAlgebra.PosDefException(812)
LinearAlgebra.PosDefException(832)
LinearAlgebra.PosDefException(759)
LinearAlgebra.PosDefException(788)
LinearAlgebra.PosDefException(793)
LinearAlgebra.PosDefException(848)
LinearAlgebra.PosDefException(902)
LinearAlgebra.PosDefException(736)
LinearAlgebra.PosDefException(906)
LinearAlgebra.PosDefException(906)
Noise level is too low, using  AAA
LinearAlgebra.PosDefException(2)
LinearAlgebra.PosDefException(2)
LinearAlgebra.PosDefException(6)
LinearAlgebra.PosDefException(3)
LinearAlgebra.PosDefException(3)
LinearAlgebra.PosDefException(4)
LinearAlgebra.PosDefException(78)
LinearAlgebra.PosDefException(3)
LinearAlgebra.PosDefException(2)
LinearAlgebra.PosDefException(2)
LinearAlgebra.PosDefException(6)
LinearAlgebra.PosDefException(4)
LinearAlgebra.PosDefException(3)
LinearAlgebra.PosDefException(4)
LinearAlgebra.PosDefException(42)
LinearAlgebra.PosDefException(2)
LinearAlgebra.PosDefException(2)
LinearAlgebra.PosDefException(2)
LinearAlgebra.PosDefException(2)
LinearAlgebra.PosDefException(3)
LinearAlgebra.PosDefException(3)
LinearAlgebra.PosDefException(5)
LinearAlgebra.PosDefException(4)
LinearAlgebra.PosDefException(4)
LinearAlgebra.PosDefException(334)
LinearAlgebra.PosDefException(2)
LinearAlgebra.PosDefException(2)
LinearAlgebra.PosDefException(3)
LinearAlgebra.PosDefException(4)
LinearAlgebra.PosDefException(3)
LinearAlgebra.PosDefException(4)
LinearAlgebra.PosDefException(5)
LinearAlgebra.PosDefException(12)
LinearAlgebra.PosDefException(217)
LinearAlgebra.PosDefException(2)
LinearAlgebra.PosDefException(2)
LinearAlgebra.PosDefException(3)
LinearAlgebra.PosDefException(2)
LinearAlgebra.PosDefException(5)
LinearAlgebra.PosDefException(5)
LinearAlgebra.PosDefException(5)
LinearAlgebra.PosDefException(7)
LinearAlgebra.PosDefException(7)
LinearAlgebra.PosDefException(35)
LinearAlgebra.PosDefException(142)
LinearAlgebra.PosDefException(418)
LinearAlgebra.PosDefException(6)
LinearAlgebra.PosDefException(55)
LinearAlgebra.PosDefException(164)
LinearAlgebra.PosDefException(341)
LinearAlgebra.PosDefException(806)
LinearAlgebra.PosDefException(9)
LinearAlgebra.PosDefException(58)
LinearAlgebra.PosDefException(164)
LinearAlgebra.PosDefException(320)
LinearAlgebra.PosDefException(470)
LinearAlgebra.PosDefException(29)
LinearAlgebra.PosDefException(97)
LinearAlgebra.PosDefException(217)
LinearAlgebra.PosDefException(316)
LinearAlgebra.PosDefException(412)
LinearAlgebra.PosDefException(502)
LinearAlgebra.PosDefException(650)
LinearAlgebra.PosDefException(847)
LinearAlgebra.PosDefException(848)
LinearAlgebra.PosDefException(193)
LinearAlgebra.PosDefException(306)
LinearAlgebra.PosDefException(397)
LinearAlgebra.PosDefException(484)
LinearAlgebra.PosDefException(564)
LinearAlgebra.PosDefException(661)
LinearAlgebra.PosDefException(713)
LinearAlgebra.PosDefException(667)
LinearAlgebra.PosDefException(787)
LinearAlgebra.PosDefException(781)
LinearAlgebra.PosDefException(930)
LinearAlgebra.PosDefException(686)
LinearAlgebra.PosDefException(719)
LinearAlgebra.PosDefException(737)
LinearAlgebra.PosDefException(1)
LinearAlgebra.PosDefException(1)
LinearAlgebra.PosDefException(1)
LinearAlgebra.PosDefException(683)
LinearAlgebra.PosDefException(928)
LinearAlgebra.PosDefException(867)
LinearAlgebra.PosDefException(939)
LinearAlgebra.PosDefException(850)
LinearAlgebra.PosDefException(851)
LinearAlgebra.PosDefException(941)
LinearAlgebra.PosDefException(732)
LinearAlgebra.PosDefException(751)
Noise level is too low, using  AAA
LinearAlgebra.PosDefException(6)
LinearAlgebra.PosDefException(2)
LinearAlgebra.PosDefException(2)
LinearAlgebra.PosDefException(3)
LinearAlgebra.PosDefException(3)
LinearAlgebra.PosDefException(6)
LinearAlgebra.PosDefException(82)
LinearAlgebra.PosDefException(2)
LinearAlgebra.PosDefException(2)
LinearAlgebra.PosDefException(6)
LinearAlgebra.PosDefException(2)
LinearAlgebra.PosDefException(3)
LinearAlgebra.PosDefException(6)
LinearAlgebra.PosDefException(4)
LinearAlgebra.PosDefException(43)
LinearAlgebra.PosDefException(2)
LinearAlgebra.PosDefException(2)
LinearAlgebra.PosDefException(3)
LinearAlgebra.PosDefException(3)
LinearAlgebra.PosDefException(4)
LinearAlgebra.PosDefException(6)
LinearAlgebra.PosDefException(8)
LinearAlgebra.PosDefException(80)
LinearAlgebra.PosDefException(2)
LinearAlgebra.PosDefException(3)
LinearAlgebra.PosDefException(2)
LinearAlgebra.PosDefException(2)
LinearAlgebra.PosDefException(2)
LinearAlgebra.PosDefException(2)
LinearAlgebra.PosDefException(3)
LinearAlgebra.PosDefException(3)
LinearAlgebra.PosDefException(4)
LinearAlgebra.PosDefException(4)
LinearAlgebra.PosDefException(6)
LinearAlgebra.PosDefException(30)
LinearAlgebra.PosDefException(211)
LinearAlgebra.PosDefException(6)
LinearAlgebra.PosDefException(5)
LinearAlgebra.PosDefException(11)
LinearAlgebra.PosDefException(6)
LinearAlgebra.PosDefException(8)
LinearAlgebra.PosDefException(7)
LinearAlgebra.PosDefException(5)
LinearAlgebra.PosDefException(25)
LinearAlgebra.PosDefException(106)
LinearAlgebra.PosDefException(263)
LinearAlgebra.PosDefException(5)
LinearAlgebra.PosDefException(5)
LinearAlgebra.PosDefException(7)
LinearAlgebra.PosDefException(5)
LinearAlgebra.PosDefException(6)
LinearAlgebra.PosDefException(9)
LinearAlgebra.PosDefException(6)
LinearAlgebra.PosDefException(17)
LinearAlgebra.PosDefException(80)
LinearAlgebra.PosDefException(152)
LinearAlgebra.PosDefException(300)
LinearAlgebra.PosDefException(297)
LinearAlgebra.PosDefException(311)
LinearAlgebra.PosDefException(351)
LinearAlgebra.PosDefException(444)
LinearAlgebra.PosDefException(550)
LinearAlgebra.PosDefException(717)
LinearAlgebra.PosDefException(809)
LinearAlgebra.PosDefException(6)
LinearAlgebra.PosDefException(5)
LinearAlgebra.PosDefException(5)
LinearAlgebra.PosDefException(5)
LinearAlgebra.PosDefException(7)
LinearAlgebra.PosDefException(6)
LinearAlgebra.PosDefException(7)
LinearAlgebra.PosDefException(12)
LinearAlgebra.PosDefException(45)
LinearAlgebra.PosDefException(150)
LinearAlgebra.PosDefException(295)
LinearAlgebra.PosDefException(295)
LinearAlgebra.PosDefException(309)
LinearAlgebra.PosDefException(328)
LinearAlgebra.PosDefException(389)
LinearAlgebra.PosDefException(530)
LinearAlgebra.PosDefException(681)
LinearAlgebra.PosDefException(893)
LinearAlgebra.PosDefException(7)
LinearAlgebra.PosDefException(8)
LinearAlgebra.PosDefException(5)
LinearAlgebra.PosDefException(5)
LinearAlgebra.PosDefException(8)
LinearAlgebra.PosDefException(5)
LinearAlgebra.PosDefException(5)
LinearAlgebra.PosDefException(16)
LinearAlgebra.PosDefException(77)
LinearAlgebra.PosDefException(149)
LinearAlgebra.PosDefException(299)
LinearAlgebra.PosDefException(303)
LinearAlgebra.PosDefException(319)
LinearAlgebra.PosDefException(335)
LinearAlgebra.PosDefException(420)
LinearAlgebra.PosDefException(507)
LinearAlgebra.PosDefException(674)
LinearAlgebra.PosDefException(818)
LinearAlgebra.PosDefException(850)
LinearAlgebra.PosDefException(7)
LinearAlgebra.PosDefException(8)
LinearAlgebra.PosDefException(5)
LinearAlgebra.PosDefException(5)
LinearAlgebra.PosDefException(8)
LinearAlgebra.PosDefException(5)
LinearAlgebra.PosDefException(5)
LinearAlgebra.PosDefException(16)
LinearAlgebra.PosDefException(77)
LinearAlgebra.PosDefException(149)
LinearAlgebra.PosDefException(299)
LinearAlgebra.PosDefException(303)
LinearAlgebra.PosDefException(319)
LinearAlgebra.PosDefException(335)
LinearAlgebra.PosDefException(420)
LinearAlgebra.PosDefException(507)
LinearAlgebra.PosDefException(674)
LinearAlgebra.PosDefException(818)
LinearAlgebra.PosDefException(850)
LinearAlgebra.PosDefException(946)
LinearAlgebra.PosDefException(877)
LinearAlgebra.PosDefException(948)
Noise level is too low, using  AAA
LinearAlgebra.PosDefException(2)
LinearAlgebra.PosDefException(2)
LinearAlgebra.PosDefException(2)
LinearAlgebra.PosDefException(5)
LinearAlgebra.PosDefException(6)
LinearAlgebra.PosDefException(4)
LinearAlgebra.PosDefException(82)
LinearAlgebra.PosDefException(3)
LinearAlgebra.PosDefException(2)
LinearAlgebra.PosDefException(2)
LinearAlgebra.PosDefException(2)
LinearAlgebra.PosDefException(2)
LinearAlgebra.PosDefException(3)
LinearAlgebra.PosDefException(5)
LinearAlgebra.PosDefException(47)
LinearAlgebra.PosDefException(2)
LinearAlgebra.PosDefException(2)
LinearAlgebra.PosDefException(3)
LinearAlgebra.PosDefException(3)
LinearAlgebra.PosDefException(6)
LinearAlgebra.PosDefException(4)
LinearAlgebra.PosDefException(4)
LinearAlgebra.PosDefException(5)
LinearAlgebra.PosDefException(24)
LinearAlgebra.PosDefException(2)
LinearAlgebra.PosDefException(2)
LinearAlgebra.PosDefException(2)
LinearAlgebra.PosDefException(5)
LinearAlgebra.PosDefException(4)
LinearAlgebra.PosDefException(7)
LinearAlgebra.PosDefException(4)
LinearAlgebra.PosDefException(4)
LinearAlgebra.PosDefException(6)
LinearAlgebra.PosDefException(20)
LinearAlgebra.PosDefException(156)
LinearAlgebra.PosDefException(411)
LinearAlgebra.PosDefException(124)
LinearAlgebra.PosDefException(283)
LinearAlgebra.PosDefException(443)
LinearAlgebra.PosDefException(153)
LinearAlgebra.PosDefException(289)
LinearAlgebra.PosDefException(386)
LinearAlgebra.PosDefException(479)
LinearAlgebra.PosDefException(581)
LinearAlgebra.PosDefException(702)
LinearAlgebra.PosDefException(782)
LinearAlgebra.PosDefException(889)
LinearAlgebra.PosDefException(13)
LinearAlgebra.PosDefException(81)
LinearAlgebra.PosDefException(197)
LinearAlgebra.PosDefException(313)
LinearAlgebra.PosDefException(425)
LinearAlgebra.PosDefException(532)
LinearAlgebra.PosDefException(607)
LinearAlgebra.PosDefException(631)
LinearAlgebra.PosDefException(760)
LinearAlgebra.PosDefException(136)
LinearAlgebra.PosDefException(265)
LinearAlgebra.PosDefException(361)
LinearAlgebra.PosDefException(465)
LinearAlgebra.PosDefException(589)
LinearAlgebra.PosDefException(625)
LinearAlgebra.PosDefException(703)
LinearAlgebra.PosDefException(665)
LinearAlgebra.PosDefException(807)
LinearAlgebra.PosDefException(819)
LinearAlgebra.PosDefException(826)
LinearAlgebra.PosDefException(798)
LinearAlgebra.PosDefException(884)
LinearAlgebra.PosDefException(782)
LinearAlgebra.PosDefException(779)
LinearAlgebra.PosDefException(676)
LinearAlgebra.PosDefException(734)
LinearAlgebra.PosDefException(729)
LinearAlgebra.PosDefException(893)
LinearAlgebra.PosDefException(573)
LinearAlgebra.PosDefException(644)
LinearAlgebra.PosDefException(729)
LinearAlgebra.PosDefException(719)
LinearAlgebra.PosDefException(731)
LinearAlgebra.PosDefException(906)
LinearAlgebra.PosDefException(790)
LinearAlgebra.PosDefException(794)
LinearAlgebra.PosDefException(828)
LinearAlgebra.PosDefException(755)
LinearAlgebra.PosDefException(829)
LinearAlgebra.PosDefException(742)
LinearAlgebra.PosDefException(843)
LinearAlgebra.PosDefException(803)
LinearAlgebra.PosDefException(768)
LinearAlgebra.PosDefException(769)
LinearAlgebra.PosDefException(739)
LinearAlgebra.PosDefException(779)
LinearAlgebra.PosDefException(746)
LinearAlgebra.PosDefException(724)
LinearAlgebra.PosDefException(925)
LinearAlgebra.PosDefException(929)
LinearAlgebra.PosDefException(755)
LinearAlgebra.PosDefException(803)
LinearAlgebra.PosDefException(872)
LinearAlgebra.PosDefException(784)
LinearAlgebra.PosDefException(834)
LinearAlgebra.PosDefException(707)
LinearAlgebra.PosDefException(779)
LinearAlgebra.PosDefException(708)
LinearAlgebra.PosDefException(818)
LinearAlgebra.PosDefException(771)
Noise level is too low, using  AAA
DEBUG [determine_optimal_points_count]: Large num points: 1
DEBUG [determine_optimal_points_count]: Good num points: 1
DEBUG [multipoint_parameter_estimation]: Parameter estimation using this many points: 1

DEBUG [pick_points]: Starting point selection...
DEBUG [pick_points]: Number of points to pick: 1
DEBUG [pick_points]: Total points available: 1001
DEBUG [pick_points]: Number of interpolants: 4

DEBUG [pick_points]: Computing interestingness scores...
DEBUG [pick_points]: Processed 100 points
DEBUG [pick_points]: Processed 200 points
DEBUG [pick_points]: Processed 300 points
DEBUG [pick_points]: Processed 400 points
DEBUG [pick_points]: Processed 500 points
DEBUG [pick_points]: Processed 600 points
DEBUG [pick_points]: Processed 700 points
DEBUG [pick_points]: Processed 800 points
DEBUG [pick_points]: Processed 900 points
DEBUG [pick_points]: Processed 1000 points

DEBUG [pick_points]: Score statistics:
DEBUG [pick_points]: Min score: 0.18971278179342252
DEBUG [pick_points]: Max score: 0.5792840924793523
DEBUG [pick_points]: Mean score: 0.332334377554684
DEBUG [pick_points]: Normalized scores

DEBUG [pick_points]: Selected 1 points
DEBUG [pick_points]: Selected time points: [-0.998]
aa_system
Any[_t2_p_t_ - 5720688399449483//18014398509481984, _t2_e_t_ - 5544437339795893//18014398509481984, _t2_eˍt_t_ + 1952272080347//17592186044416, _t2_eˍtt_t_ + 1620658467//68719476736, _t2_eˍttt_t_ - 3356943//33554432, _t2_eˍtttt_t_ + 6627//65536, _t2_s_t_ + _t2_m_t_ - 4361552940885625//4503599627370496, _t2_sˍt_t_ + _t2_mˍt_t_ + 4750919853381//17592186044416, _t2_mˍtt_t_ + _t2_sˍtt_t_ - 10016991061//34359738368, _t2_mˍttt_t_ + _t2_sˍttt_t_ + 822091//4194304, _t2_sˍtttt_t_ + _t2_mˍtttt_t_ - 2175//16384, _t2_mˍttttt_t_ + _t2_sˍttttt_t_ + 23//8, _t2_n_t_ - 6500312950698105//9007199254740992, _t2_nˍt_t_ + 351998754037//2199023255552, _t2_nˍtt_t_ - 2549769667//34359738368, _t2_nˍttt_t_ + 1726655//33554432, _t2_nˍtttt_t_ - 1029//32768, _t2_nˍttttt_t_ - 11//16, -_tprhoE_*_t2_e_t_*_t2_p_t_ + _tpdeltaEL_*_t2_e_t_ + _tpmuEE_*_t2_e_t_^2 - _tpdeltaNE_*_t2_n_t_*_t2_p_t_ + _t2_eˍt_t_, -_tprhoE_*_t2_e_t_*_t2_pˍt_t_ - _tprhoE_*_t2_p_t_*_t2_eˍt_t_ + _tpdeltaEL_*_t2_eˍt_t_ + 2*_tpmuEE_*_t2_e_t_*_t2_eˍt_t_ - _tpdeltaNE_*_t2_n_t_*_t2_pˍt_t_ - _tpdeltaNE_*_t2_p_t_*_t2_nˍt_t_ + _t2_eˍtt_t_, -_tprhoE_*_t2_e_t_*_t2_pˍtt_t_ - _tprhoE_*_t2_p_t_*_t2_eˍtt_t_ - 2*_tprhoE_*_t2_eˍt_t_*_t2_pˍt_t_ + _tpdeltaEL_*_t2_eˍtt_t_ + 2*_tpmuEE_*_t2_e_t_*_t2_eˍtt_t_ + 2*_tpmuEE_*_t2_eˍt_t_^2 - _tpdeltaNE_*_t2_n_t_*_t2_pˍtt_t_ - _tpdeltaNE_*_t2_p_t_*_t2_nˍtt_t_ - 2*_tpdeltaNE_*_t2_nˍt_t_*_t2_pˍt_t_ + _t2_eˍttt_t_, -_tprhoE_*_t2_e_t_*_t2_pˍttt_t_ - _tprhoE_*_t2_p_t_*_t2_eˍttt_t_ - 3*_tprhoE_*_t2_eˍt_t_*_t2_pˍtt_t_ - 3*_tprhoE_*_t2_eˍtt_t_*_t2_pˍt_t_ + _tpdeltaEL_*_t2_eˍttt_t_ + 2*_tpmuEE_*_t2_e_t_*_t2_eˍttt_t_ + 6*_tpmuEE_*_t2_eˍt_t_*_t2_eˍtt_t_ - _tpdeltaNE_*_t2_n_t_*_t2_pˍttt_t_ - _tpdeltaNE_*_t2_p_t_*_t2_nˍttt_t_ - 3*_tpdeltaNE_*_t2_nˍt_t_*_t2_pˍtt_t_ - 3*_tpdeltaNE_*_t2_nˍtt_t_*_t2_pˍt_t_ + _t2_eˍtttt_t_, _tpmuLL_*_t2_s_t_^2 - _tpdeltaEL_*_t2_s_t_ + _tpmuLE_*_t2_e_t_*_t2_s_t_ + _tpdeltaLM_*_t2_s_t_ + _t2_sˍt_t_, _tpmuM_*_t2_m_t_ - _tpdeltaLM_*_t2_s_t_ + _t2_mˍt_t_, _tpmuM_*_t2_mˍt_t_ - _tpdeltaLM_*_t2_sˍt_t_ + _t2_mˍtt_t_, 2*_tpmuLL_*_t2_s_t_*_t2_sˍt_t_ - _tpdeltaEL_*_t2_sˍt_t_ + _tpmuLE_*_t2_e_t_*_t2_sˍt_t_ + _tpmuLE_*_t2_s_t_*_t2_eˍt_t_ + _tpdeltaLM_*_t2_sˍt_t_ + _t2_sˍtt_t_, _tpmuM_*_t2_mˍtt_t_ - _tpdeltaLM_*_t2_sˍtt_t_ + _t2_mˍttt_t_, 2*_tpmuLL_*_t2_s_t_*_t2_sˍtt_t_ + 2*_tpmuLL_*_t2_sˍt_t_^2 - _tpdeltaEL_*_t2_sˍtt_t_ + _tpmuLE_*_t2_e_t_*_t2_sˍtt_t_ + _tpmuLE_*_t2_s_t_*_t2_eˍtt_t_ + 2*_tpmuLE_*_t2_eˍt_t_*_t2_sˍt_t_ + _tpdeltaLM_*_t2_sˍtt_t_ + _t2_sˍttt_t_, 2*_tpmuLL_*_t2_s_t_*_t2_sˍttt_t_ + 6*_tpmuLL_*_t2_sˍt_t_*_t2_sˍtt_t_ - _tpdeltaEL_*_t2_sˍttt_t_ + _tpmuLE_*_t2_e_t_*_t2_sˍttt_t_ + _tpmuLE_*_t2_s_t_*_t2_eˍttt_t_ + 3*_tpmuLE_*_t2_eˍt_t_*_t2_sˍtt_t_ + 3*_tpmuLE_*_t2_eˍtt_t_*_t2_sˍt_t_ + _tpdeltaLM_*_t2_sˍttt_t_ + _t2_sˍtttt_t_, _tpmuM_*_t2_mˍttt_t_ - _tpdeltaLM_*_t2_sˍttt_t_ + _t2_mˍtttt_t_, _tpmuM_*_t2_mˍtttt_t_ - _tpdeltaLM_*_t2_sˍtttt_t_ + _t2_mˍttttt_t_, 2*_tpmuLL_*_t2_s_t_*_t2_sˍtttt_t_ + 8*_tpmuLL_*_t2_sˍt_t_*_t2_sˍttt_t_ + 6*_tpmuLL_*_t2_sˍtt_t_^2 - _tpdeltaEL_*_t2_sˍtttt_t_ + _tpmuLE_*_t2_e_t_*_t2_sˍtttt_t_ + _tpmuLE_*_t2_s_t_*_t2_eˍtttt_t_ + 4*_tpmuLE_*_t2_eˍt_t_*_t2_sˍttt_t_ + 6*_tpmuLE_*_t2_eˍtt_t_*_t2_sˍtt_t_ + 4*_tpmuLE_*_t2_eˍttt_t_*_t2_sˍt_t_ + _tpdeltaLM_*_t2_sˍtttt_t_ + _t2_sˍttttt_t_, _tpmuN_*_t2_n_t_ + _tpdeltaNE_*_t2_n_t_*_t2_p_t_ + _t2_nˍt_t_, _tpmuN_*_t2_nˍt_t_ + _tpdeltaNE_*_t2_n_t_*_t2_pˍt_t_ + _tpdeltaNE_*_t2_p_t_*_t2_nˍt_t_ + _t2_nˍtt_t_, _tpmuN_*_t2_nˍtt_t_ + _tpdeltaNE_*_t2_n_t_*_t2_pˍtt_t_ + _tpdeltaNE_*_t2_p_t_*_t2_nˍtt_t_ + 2*_tpdeltaNE_*_t2_nˍt_t_*_t2_pˍt_t_ + _t2_nˍttt_t_, _tpmuN_*_t2_nˍttt_t_ + _tpdeltaNE_*_t2_n_t_*_t2_pˍttt_t_ + _tpdeltaNE_*_t2_p_t_*_t2_nˍttt_t_ + 3*_tpdeltaNE_*_t2_nˍt_t_*_t2_pˍtt_t_ + 3*_tpdeltaNE_*_t2_nˍtt_t_*_t2_pˍt_t_ + _t2_nˍtttt_t_, _tpmuN_*_t2_nˍtttt_t_ + _tpdeltaNE_*_t2_n_t_*_t2_pˍtttt_t_ + _tpdeltaNE_*_t2_p_t_*_t2_nˍtttt_t_ + 4*_tpdeltaNE_*_t2_nˍt_t_*_t2_pˍttt_t_ + 6*_tpdeltaNE_*_t2_nˍtt_t_*_t2_pˍtt_t_ + 4*_tpdeltaNE_*_t2_nˍttt_t_*_t2_pˍt_t_ + _t2_nˍttttt_t_, _tpmuPE_*_t2_e_t_*_t2_p_t_ + _tpmuPL_*_t2_s_t_*_t2_p_t_ - _tprhoP_*_t2_p_t_^2 + _tpmuP_*_t2_p_t_ + _t2_pˍt_t_, _tpmuPE_*_t2_e_t_*_t2_pˍt_t_ + _tpmuPE_*_t2_p_t_*_t2_eˍt_t_ + _tpmuPL_*_t2_s_t_*_t2_pˍt_t_ + _tpmuPL_*_t2_p_t_*_t2_sˍt_t_ - 2*_tprhoP_*_t2_p_t_*_t2_pˍt_t_ + _tpmuP_*_t2_pˍt_t_ + _t2_pˍtt_t_, _tpmuPE_*_t2_e_t_*_t2_pˍtt_t_ + _tpmuPE_*_t2_p_t_*_t2_eˍtt_t_ + 2*_tpmuPE_*_t2_eˍt_t_*_t2_pˍt_t_ + _tpmuPL_*_t2_s_t_*_t2_pˍtt_t_ + _tpmuPL_*_t2_p_t_*_t2_sˍtt_t_ + 2*_tpmuPL_*_t2_sˍt_t_*_t2_pˍt_t_ - 2*_tprhoP_*_t2_p_t_*_t2_pˍtt_t_ - 2*_tprhoP_*_t2_pˍt_t_^2 + _tpmuP_*_t2_pˍtt_t_ + _t2_pˍttt_t_, _tpmuPE_*_t2_e_t_*_t2_pˍttt_t_ + _tpmuPE_*_t2_p_t_*_t2_eˍttt_t_ + 3*_tpmuPE_*_t2_eˍt_t_*_t2_pˍtt_t_ + 3*_tpmuPE_*_t2_eˍtt_t_*_t2_pˍt_t_ + _tpmuPL_*_t2_s_t_*_t2_pˍttt_t_ + _tpmuPL_*_t2_p_t_*_t2_sˍttt_t_ + 3*_tpmuPL_*_t2_sˍt_t_*_t2_pˍtt_t_ + 3*_tpmuPL_*_t2_sˍtt_t_*_t2_pˍt_t_ - 2*_tprhoP_*_t2_p_t_*_t2_pˍttt_t_ - 6*_tprhoP_*_t2_pˍt_t_*_t2_pˍtt_t_ + _tpmuP_*_t2_pˍttt_t_ + _t2_pˍtttt_t_]
R
Multivariate polynomial ring in 41 variables over rationals
primes of bitsize 28
G-Q-Pt-FG-LT-LP(U)
G-Q-Pt-FG-LT-LP(U)
G-Q-Pt-FG-LT-LP(U)
G-Q-Pt-FG-LT-LP(U)
G-Q-Pt-FG-LT-LP(U)
G-Q-Pt-FG-LT-LP(U)
G-Q-Pt-FG-LT-LP(U)
G-Q-Pt-FG-LT-LP(U)
G-Q-Pt-FG-LT-LP(U)
G-Q-Pt-FG-LT-LP(C)
Dimension of the quotient :41
Degree of the radical :41
Use variable 32 as separating element
Run Groebner learn
Test cyclic optimization
Apply cyclic optimization 
Multi-modular computation (1 threads): G-Q-Pt-FG-LT-LP(C)
5-9-13-17-21-25-29-33-37-41-45-49-53-61-69-77-85-93-105-117-129-141-157-173-193-213-237-261-289-317-349-385-425-469-517-569-625-689-757-833-917-1009-1109-1221-1345-1481-1629-1793-1973-2173-2393-2633-
check-G-Q-Pt-FG-LT-LP(C)
Nb Primes used :2633
┌ Warning: At t=0.7660558361327235, dt was forced below floating point epsilon 1.1102230246251565e-16, and step error estimate = 1.1814995318339812. Aborting. There is either an error in your model specification or the true solution is unstable (or the true solution can not be represented in the precision of Float64).
└ @ SciMLBase ~/.julia/packages/SciMLBase/Pma4a/src/integrator_interface.jl:623
9-element Vector{Vector{Vector{BigFloat}}}:
 [[-84.877075, -84.876953], [1.089386, 1.0893879], [0.66774464, 0.66774559], [0.66273212, 0.66273308], [0.31694365, 0.31694412], [3.6284256, 3.6284294], [0.14176774, 0.14176798], [0.55470848, 0.55470943], [-10.798569, -10.798553], [-66.394043, -66.393921], [17.775085, 17.775116], [0.25202847, 0.25202894], [-0.32332277, -0.3233223], [0.72167969, 0.72168064], [0.30777788, 0.30777836], [1.1173668, 1.1173687], [-0.14890766, -0.14890742], [0.31756163, 0.3175621], [-0.11097383, -0.11097372], [-0.02358371, -0.02358368], [0.10004461, 0.10004473], [-0.10112011, -0.10111988], [-0.44908905, -0.44908857], [0.17902994, 0.17903018], [-0.50439835, -0.50439739], [0.79592991, 0.79593086], [1.5728264, 1.5728283], [-1.7688293, -1.7688274], [5.2677307, 5.2677383], [-5.1349869, -5.1349792], [16.928741, 16.928772], [-19.803772, -19.803741], [-3.920742, -3.9207382], [-0.16007066, -0.16007042], [0.074208021, 0.07420814], [-0.051458359, -0.051458299], [0.031402528, 0.031402647], [0.68749905, 0.68750095], [-0.21279502, -0.21279478], [0.098026514, 0.098026633], [0.020971149, 0.020971179]]
 [[-6958.2188, -6958.2109], [-31.855469, -31.855438], [0.66774464, 0.66774559], [0.66273212, 0.66273308], [0.31694365, 0.31694412], [-0.14741707, -0.14741683], [0.14176774, 0.14176798], [-92.996704, -92.996582], [-2362.3555, -2362.3516], [-103.43787, -103.43774], [-17.389343, -17.389313], [0.25202847, 0.25202894], [0.95862103, 0.95862198], [0.72167969, 0.72168064], [0.30777788, 0.30777836], [-0.90028858, -0.90028763], [1.8687458, 1.8687477], [0.31756163, 0.3175621], [-0.11097383, -0.11097372], [-0.02358371, -0.02358368], [0.10004461, 0.10004473], [-0.10112011, -0.10111988], [0.31749201, 0.31749249], [-0.58755112, -0.58755016], [0.21773982, 0.21774006], [0.073792815, 0.073792934], [0.10283792, 0.10283804], [-0.29884005, -0.29883957], [0.40406561, 0.40406609], [-0.27131462, -0.27131414], [0.34734964, 0.34735012], [-3.2223511, -3.2223473], [-3.920742, -3.9207382], [-0.16007066, -0.16007042], [0.074208021, 0.07420814], [-0.051458359, -0.051458299], [0.031402528, 0.031402647], [0.68749905, 0.68750095], [-0.21279502, -0.21279478], [0.098026514, 0.098026633], [0.020971149, 0.020971179]]
 [[158.27319, 158.27344], [10.289078, 10.289093], [0.66774464, 0.66774559], [0.66273212, 0.66273308], [0.31694365, 0.31694412], [0.49036694, 0.49036741], [0.14176774, 0.14176798], [21.862457, 21.862488], [48.43689, 48.436951], [17.31958, 17.319611], [-18.214722, -18.214691], [0.25202847, 0.25202894], [-0.32195902, -0.32195854], [0.72167969, 0.72168064], [0.30777788, 0.30777836], [-0.50226593, -0.50226498], [1.4707241, 1.470726], [0.31756163, 0.3175621], [-0.11097383, -0.11097372], [-0.02358371, -0.02358368], [0.10004461, 0.10004473], [-0.10112011, -0.10111988], [0.28942776, 0.28942823], [-0.55948734, -0.55948639], [0.18116975, 0.18116999], [0.11036277, 0.11036289], [-0.12437224, -0.12437212], [-0.071629643, -0.071629524], [0.048701584, 0.048701644], [0.084049821, 0.08404994], [-0.056895256, -0.056895196], [-2.8181076, -2.8181038], [-3.920742, -3.9207382], [-0.16007066, -0.16007042], [0.074208021, 0.07420814], [-0.051458359, -0.051458299], [0.031402528, 0.031402647], [0.68749905, 0.68750095], [-0.21279502, -0.21279478], [0.098026514, 0.098026633], [0.020971149, 0.020971179]]
 [[-13.957825, -13.957809], [0.4282589, 0.42825937], [0.66774464, 0.66774559], [0.66273212, 0.66273308], [0.31694365, 0.31694412], [2.4113312, 2.411335], [0.14176774, 0.14176798], [2.5563965, 2.5564003], [17.647644, 17.647675], [-105.2832, -105.28308], [-102.40967, -102.40955], [0.25202847, 0.25202894], [-2.2023697, -2.2023659], [0.72167969, 0.72168064], [0.30777788, 0.30777836], [4.1898804, 4.189888], [-3.2214241, -3.2214203], [0.31756163, 0.3175621], [-0.11097383, -0.11097372], [-0.02358371, -0.02358368], [0.10004461, 0.10004473], [-0.10112011, -0.10111988], [1.1896801, 1.189682], [-1.4597397, -1.4597378], [0.89980221, 0.89980316], [-0.60826969, -0.60826874], [-0.83008957, -0.83008862], [0.63408756, 0.63408852], [-0.47237635, -0.47237587], [0.60512733, 0.60512829], [-0.418818, -0.41881752], [-2.4561844, -2.4561806], [-3.920742, -3.9207382], [-0.16007066, -0.16007042], [0.074208021, 0.07420814], [-0.051458359, -0.051458299], [0.031402528, 0.031402647], [0.68749905, 0.68750095], [-0.21279502, -0.21279478], [0.098026514, 0.098026633], [0.020971149, 0.020971179]]
 [[235.70337, 235.70361], [-5270.2812, -5270.2734], [0.66774464, 0.66774559], [0.66273212, 0.66273308], [0.31694365, 0.31694412], [0.74478531, 0.74478626], [0.14176774, 0.14176798], [71.465576, 71.465698], [-17046.875, -17046.844], [3.1065063, 3.1065102], [-198.80298, -198.80273], [0.25202847, 0.25202894], [-61.080078, -61.080017], [0.72167969, 0.72168064], [0.30777788, 0.30777836], [-0.0075037405, -0.007503733], [0.97596264, 0.97596359], [0.31756163, 0.3175621], [-0.11097383, -0.11097372], [-0.02358371, -0.02358368], [0.10004461, 0.10004473], [-0.10112011, -0.10111988], [-0.001503868, -0.0015038662], [-0.26855469, -0.26855421], [0.29187155, 0.29187202], [-0.00033897581, -0.00033897534], [-0.19667721, -0.19667697], [0.00067543518, 0.00067543611], [0.027524799, 0.027524829], [0.10522664, 0.10522676], [-1.7595882, -1.7595863], [-1.1154137, -1.1154118], [-3.920742, -3.9207382], [-0.16007066, -0.16007042], [0.074208021, 0.07420814], [-0.051458359, -0.051458299], [0.031402528, 0.031402647], [0.68749905, 0.68750095], [-0.21279502, -0.21279478], [0.098026514, 0.098026633], [0.020971149, 0.020971179]]
 [[-140.85645, -140.8562], [1.1809616, 1.1809635], [0.66774464, 0.66774559], [0.66273212, 0.66273308], [0.31694365, 0.31694412], [2.4847488, 2.4847527], [0.14176774, 0.14176798], [-0.81536674, -0.81536579], [22.347778, 22.347809], [-90.460205, -90.460083], [-28.282562, -28.282532], [0.25202847, 0.25202894], [-1.4754543, -1.4754524], [0.72167969, 0.72168064], [0.30777788, 0.30777836], [1.9500122, 1.9500141], [-0.98155403, -0.98155308], [0.31756163, 0.3175621], [-0.11097383, -0.11097372], [-0.02358371, -0.02358368], [0.10004461, 0.10004473], [-0.10112011, -0.10111988], [0.1681776, 0.16817784], [-0.43823671, -0.43823624], [0.84076881, 0.84076977], [-0.54923725, -0.5492363], [-1.2787304, -1.2787285], [1.0827255, 1.0827274], [-1.4470577, -1.4470558], [1.5798073, 1.5798092], [-1.7903652, -1.7903633], [-1.0846367, -1.0846348], [-3.920742, -3.9207382], [-0.16007066, -0.16007042], [0.074208021, 0.07420814], [-0.051458359, -0.051458299], [0.031402528, 0.031402647], [0.68749905, 0.68750095], [-0.21279502, -0.21279478], [0.098026514, 0.098026633], [0.020971149, 0.020971179]]
 [[-1170.8887, -1170.8867], [0.11790192, 0.11790216], [0.66774464, 0.66774559], [0.66273212, 0.66273308], [0.31694365, 0.31694412], [90.675049, 90.675171], [0.14176774, 0.14176798], [1.7258892, 1.7258911], [-525.23535, -525.23438], [-1274.3438, -1274.3418], [463.36572, 463.36621], [0.25202847, 0.25202894], [0.2965765, 0.29657698], [0.72167969, 0.72168064], [0.30777788, 0.30777836], [0.96529198, 0.96529293], [0.0031670667, 0.0031670704], [0.31756163, 0.3175621], [-0.11097383, -0.11097372], [-0.02358371, -0.02358368], [0.10004461, 0.10004473], [-0.10112011, -0.10111988], [-0.2691679, -0.26916742], [-0.00089098699, -0.00089098606], [0.00096148998, 0.00096149091], [0.29057121, 0.29057169], [-0.0010065716, -0.0010065697], [-0.1949954, -0.19499516], [0.099311471, 0.09931159], [0.033439875, 0.033439934], [-3.0027161, -3.0027122], [0.12771392, 0.12771416], [-3.920742, -3.9207382], [-0.16007066, -0.16007042], [0.074208021, 0.07420814], [-0.051458359, -0.051458299], [0.031402528, 0.031402647], [0.68749905, 0.68750095], [-0.21279502, -0.21279478], [0.098026514, 0.098026633], [0.020971149, 0.020971179]]
 [[-25.305237, -25.305206], [-190.17505, -190.1748], [0.66774464, 0.66774559], [0.66273212, 0.66273308], [0.31694365, 0.31694412], [0.095788717, 0.095788836], [0.14176774, 0.14176798], [-45.085266, -45.085205], [302.35791, 302.3584], [-42.899719, -42.899658], [-0.61050797, -0.61050701], [0.25202847, 0.25202894], [13.093079, 13.093094], [0.72167969, 0.72168064], [0.30777788, 0.30777836], [-0.015062675, -0.01506266], [0.98352146, 0.98352242], [0.31756163, 0.3175621], [-0.11097383, -0.11097372], [-0.02358371, -0.02358368], [0.10004461, 0.10004473], [-0.10112011, -0.10111988], [0.021368533, 0.021368563], [-0.29142714, -0.29142666], [0.30769539, 0.30769587], [-0.016162694, -0.016162664], [-0.24109316, -0.24109292], [0.045091152, 0.045091212], [-0.48072481, -0.48072433], [0.6134758, 0.61347675], [-6.3529358, -6.3529282], [3.4779282, 3.477932], [-3.920742, -3.9207382], [-0.16007066, -0.16007042], [0.074208021, 0.07420814], [-0.051458359, -0.051458299], [0.031402528, 0.031402647], [0.68749905, 0.68750095], [-0.21279502, -0.21279478], [0.098026514, 0.098026633], [0.020971149, 0.020971179]]
 [[-87.178223, -87.178101], [0.0053576007, 0.0053576082], [0.66774464, 0.66774559], [0.66273212, 0.66273308], [0.31694365, 0.31694412], [0.016603291, 0.016603321], [0.14176774, 0.14176798], [1.7376442, 1.7376461], [0.93360138, 0.93360233], [-61.197937, -61.197876], [9.6132202, 9.6132355], [0.25202847, 0.25202894], [2.3935776, 2.3935814], [0.72167969, 0.72168064], [0.30777788, 0.30777836], [-1.655695, -1.6556931], [2.6241531, 2.624157], [0.31756163, 0.3175621], [-0.11097383, -0.11097372], [-0.02358371, -0.02358368], [0.10004461, 0.10004473], [-0.10112011, -0.10111988], [3.7365494, 3.7365532], [-4.0066147, -4.0066071], [9.0102539, 9.0102692], [-8.7187347, -8.7187195], [-21.018585, -21.018555], [20.822571, 20.822601], [-50.056763, -50.056702], [50.189453, 50.189514], [-120.64819, -120.64807], [117.77307, 117.77319], [-3.920742, -3.9207382], [-0.16007066, -0.16007042], [0.074208021, 0.07420814], [-0.051458359, -0.051458299], [0.031402528, 0.031402647], [0.68749905, 0.68750095], [-0.21279502, -0.21279478], [0.098026514, 0.098026633], [0.020971149, 0.020971179]]














