LinearAlgebra.PosDefException(2)
LinearAlgebra.PosDefException(2)
LinearAlgebra.PosDefException(2)
LinearAlgebra.PosDefException(4)
LinearAlgebra.PosDefException(6)
LinearAlgebra.PosDefException(4)
LinearAlgebra.PosDefException(79)
LinearAlgebra.PosDefException(2)
LinearAlgebra.PosDefException(2)
LinearAlgebra.PosDefException(2)
LinearAlgebra.PosDefException(3)
LinearAlgebra.PosDefException(4)
LinearAlgebra.PosDefException(3)
LinearAlgebra.PosDefException(6)
LinearAlgebra.PosDefException(46)
LinearAlgebra.PosDefException(3)
LinearAlgebra.PosDefException(2)
LinearAlgebra.PosDefException(2)
LinearAlgebra.PosDefException(2)
LinearAlgebra.PosDefException(3)
LinearAlgebra.PosDefException(3)
LinearAlgebra.PosDefException(5)
LinearAlgebra.PosDefException(8)
LinearAlgebra.PosDefException(130)
LinearAlgebra.PosDefException(2)
LinearAlgebra.PosDefException(3)
LinearAlgebra.PosDefException(2)
LinearAlgebra.PosDefException(6)
LinearAlgebra.PosDefException(2)
LinearAlgebra.PosDefException(3)
LinearAlgebra.PosDefException(4)
LinearAlgebra.PosDefException(5)
LinearAlgebra.PosDefException(5)
LinearAlgebra.PosDefException(28)
LinearAlgebra.PosDefException(233)
LinearAlgebra.PosDefException(6)
LinearAlgebra.PosDefException(5)
LinearAlgebra.PosDefException(9)
LinearAlgebra.PosDefException(74)
LinearAlgebra.PosDefException(245)
LinearAlgebra.PosDefException(500)
LinearAlgebra.PosDefException(7)
LinearAlgebra.PosDefException(7)
LinearAlgebra.PosDefException(6)
LinearAlgebra.PosDefException(5)
LinearAlgebra.PosDefException(5)
LinearAlgebra.PosDefException(6)
LinearAlgebra.PosDefException(5)
LinearAlgebra.PosDefException(11)
LinearAlgebra.PosDefException(61)
LinearAlgebra.PosDefException(266)
LinearAlgebra.PosDefException(309)
LinearAlgebra.PosDefException(1)
LinearAlgebra.PosDefException(1)
Noise level is too low, using  AAA
LinearAlgebra.PosDefException(2)
LinearAlgebra.PosDefException(3)
LinearAlgebra.PosDefException(6)
LinearAlgebra.PosDefException(4)
LinearAlgebra.PosDefException(4)
LinearAlgebra.PosDefException(5)
LinearAlgebra.PosDefException(78)
LinearAlgebra.PosDefException(2)
LinearAlgebra.PosDefException(2)
LinearAlgebra.PosDefException(2)
LinearAlgebra.PosDefException(2)
LinearAlgebra.PosDefException(6)
LinearAlgebra.PosDefException(5)
LinearAlgebra.PosDefException(7)
LinearAlgebra.PosDefException(48)
LinearAlgebra.PosDefException(2)
LinearAlgebra.PosDefException(3)
LinearAlgebra.PosDefException(2)
LinearAlgebra.PosDefException(2)
LinearAlgebra.PosDefException(3)
LinearAlgebra.PosDefException(6)
LinearAlgebra.PosDefException(6)
LinearAlgebra.PosDefException(9)
LinearAlgebra.PosDefException(425)
LinearAlgebra.PosDefException(2)
LinearAlgebra.PosDefException(3)
LinearAlgebra.PosDefException(2)
LinearAlgebra.PosDefException(3)
LinearAlgebra.PosDefException(5)
LinearAlgebra.PosDefException(4)
LinearAlgebra.PosDefException(4)
LinearAlgebra.PosDefException(9)
LinearAlgebra.PosDefException(144)
LinearAlgebra.PosDefException(1)
LinearAlgebra.PosDefException(2)
LinearAlgebra.PosDefException(3)
LinearAlgebra.PosDefException(5)
LinearAlgebra.PosDefException(4)
LinearAlgebra.PosDefException(9)
LinearAlgebra.PosDefException(7)
LinearAlgebra.PosDefException(7)
LinearAlgebra.PosDefException(44)
LinearAlgebra.PosDefException(259)
LinearAlgebra.PosDefException(494)
LinearAlgebra.PosDefException(1)
LinearAlgebra.PosDefException(1)
LinearAlgebra.PosDefException(1)
LinearAlgebra.PosDefException(1)
LinearAlgebra.PosDefException(41)
LinearAlgebra.PosDefException(8)
LinearAlgebra.PosDefException(6)
LinearAlgebra.PosDefException(5)
LinearAlgebra.PosDefException(26)
LinearAlgebra.PosDefException(98)
LinearAlgebra.PosDefException(318)
LinearAlgebra.PosDefException(9)
LinearAlgebra.PosDefException(8)
LinearAlgebra.PosDefException(5)
LinearAlgebra.PosDefException(5)
LinearAlgebra.PosDefException(5)
LinearAlgebra.PosDefException(5)
LinearAlgebra.PosDefException(7)
LinearAlgebra.PosDefException(27)
LinearAlgebra.PosDefException(80)
LinearAlgebra.PosDefException(321)
LinearAlgebra.PosDefException(331)
LinearAlgebra.PosDefException(1)
LinearAlgebra.PosDefException(1)
LinearAlgebra.PosDefException(6)
LinearAlgebra.PosDefException(7)
LinearAlgebra.PosDefException(6)
LinearAlgebra.PosDefException(5)
LinearAlgebra.PosDefException(6)
LinearAlgebra.PosDefException(5)
LinearAlgebra.PosDefException(5)
LinearAlgebra.PosDefException(15)
LinearAlgebra.PosDefException(86)
LinearAlgebra.PosDefException(165)
LinearAlgebra.PosDefException(316)
LinearAlgebra.PosDefException(336)
LinearAlgebra.PosDefException(373)
LinearAlgebra.PosDefException(663)
LinearAlgebra.PosDefException(1)
LinearAlgebra.PosDefException(1)
LinearAlgebra.PosDefException(1)
LinearAlgebra.PosDefException(1)
Noise level is too low, using  AAA
LinearAlgebra.PosDefException(2)
LinearAlgebra.PosDefException(2)
LinearAlgebra.PosDefException(2)
LinearAlgebra.PosDefException(3)
LinearAlgebra.PosDefException(4)
LinearAlgebra.PosDefException(4)
LinearAlgebra.PosDefException(83)
LinearAlgebra.PosDefException(2)
LinearAlgebra.PosDefException(3)
LinearAlgebra.PosDefException(2)
LinearAlgebra.PosDefException(3)
LinearAlgebra.PosDefException(5)
LinearAlgebra.PosDefException(3)
LinearAlgebra.PosDefException(4)
LinearAlgebra.PosDefException(47)
LinearAlgebra.PosDefException(2)
LinearAlgebra.PosDefException(2)
LinearAlgebra.PosDefException(3)
LinearAlgebra.PosDefException(4)
LinearAlgebra.PosDefException(3)
LinearAlgebra.PosDefException(4)
LinearAlgebra.PosDefException(5)
LinearAlgebra.PosDefException(49)
LinearAlgebra.PosDefException(2)
LinearAlgebra.PosDefException(2)
LinearAlgebra.PosDefException(2)
LinearAlgebra.PosDefException(2)
LinearAlgebra.PosDefException(2)
LinearAlgebra.PosDefException(2)
LinearAlgebra.PosDefException(6)
LinearAlgebra.PosDefException(2)
LinearAlgebra.PosDefException(2)
LinearAlgebra.PosDefException(3)
LinearAlgebra.PosDefException(3)
LinearAlgebra.PosDefException(5)
LinearAlgebra.PosDefException(7)
LinearAlgebra.PosDefException(15)
LinearAlgebra.PosDefException(137)
LinearAlgebra.PosDefException(526)
LinearAlgebra.PosDefException(8)
LinearAlgebra.PosDefException(5)
LinearAlgebra.PosDefException(7)
LinearAlgebra.PosDefException(41)
LinearAlgebra.PosDefException(133)
LinearAlgebra.PosDefException(539)
Noise level is too low, using  AAA
LinearAlgebra.PosDefException(2)
LinearAlgebra.PosDefException(3)
LinearAlgebra.PosDefException(2)
LinearAlgebra.PosDefException(3)
LinearAlgebra.PosDefException(5)
LinearAlgebra.PosDefException(4)
LinearAlgebra.PosDefException(52)
LinearAlgebra.PosDefException(2)
LinearAlgebra.PosDefException(2)
LinearAlgebra.PosDefException(2)
LinearAlgebra.PosDefException(6)
LinearAlgebra.PosDefException(4)
LinearAlgebra.PosDefException(5)
LinearAlgebra.PosDefException(5)
LinearAlgebra.PosDefException(48)
LinearAlgebra.PosDefException(2)
LinearAlgebra.PosDefException(2)
LinearAlgebra.PosDefException(5)
LinearAlgebra.PosDefException(5)
LinearAlgebra.PosDefException(4)
LinearAlgebra.PosDefException(7)
LinearAlgebra.PosDefException(77)
LinearAlgebra.PosDefException(3)
LinearAlgebra.PosDefException(4)
LinearAlgebra.PosDefException(4)
LinearAlgebra.PosDefException(6)
LinearAlgebra.PosDefException(5)
LinearAlgebra.PosDefException(41)
LinearAlgebra.PosDefException(285)
LinearAlgebra.PosDefException(2)
LinearAlgebra.PosDefException(3)
LinearAlgebra.PosDefException(2)
LinearAlgebra.PosDefException(2)
LinearAlgebra.PosDefException(3)
LinearAlgebra.PosDefException(4)
LinearAlgebra.PosDefException(6)
LinearAlgebra.PosDefException(5)
LinearAlgebra.PosDefException(7)
LinearAlgebra.PosDefException(8)
LinearAlgebra.PosDefException(5)
LinearAlgebra.PosDefException(49)
LinearAlgebra.PosDefException(186)
LinearAlgebra.PosDefException(380)
LinearAlgebra.PosDefException(15)
LinearAlgebra.PosDefException(8)
LinearAlgebra.PosDefException(6)
LinearAlgebra.PosDefException(5)
LinearAlgebra.PosDefException(5)
LinearAlgebra.PosDefException(6)
LinearAlgebra.PosDefException(5)
LinearAlgebra.PosDefException(23)
LinearAlgebra.PosDefException(130)
LinearAlgebra.PosDefException(278)
LinearAlgebra.PosDefException(292)
LinearAlgebra.PosDefException(951)
LinearAlgebra.PosDefException(750)
LinearAlgebra.PosDefException(1)
LinearAlgebra.PosDefException(1)
LinearAlgebra.PosDefException(895)
LinearAlgebra.PosDefException(8)
LinearAlgebra.PosDefException(5)
LinearAlgebra.PosDefException(6)
LinearAlgebra.PosDefException(5)
LinearAlgebra.PosDefException(5)
LinearAlgebra.PosDefException(5)
LinearAlgebra.PosDefException(5)
LinearAlgebra.PosDefException(7)
LinearAlgebra.PosDefException(39)
LinearAlgebra.PosDefException(148)
LinearAlgebra.PosDefException(277)
LinearAlgebra.PosDefException(288)
LinearAlgebra.PosDefException(330)
LinearAlgebra.PosDefException(799)
LinearAlgebra.PosDefException(810)
LinearAlgebra.PosDefException(906)
Noise level is too low, using  AAA
DEBUG [determine_optimal_points_count]: Large num points: 1
DEBUG [determine_optimal_points_count]: Good num points: 1
DEBUG [multipoint_parameter_estimation]: Parameter estimation using this many points: 1

DEBUG [pick_points]: Starting point selection...
DEBUG [pick_points]: Number of points to pick: 1
DEBUG [pick_points]: Total points available: 1001
DEBUG [pick_points]: Number of interpolants: 4

DEBUG [pick_points]: Computing interestingness scores...
DEBUG [pick_points]: Processed 100 points
DEBUG [pick_points]: Processed 200 points
DEBUG [pick_points]: Processed 300 points
DEBUG [pick_points]: Processed 400 points
DEBUG [pick_points]: Processed 500 points
DEBUG [pick_points]: Processed 600 points
DEBUG [pick_points]: Processed 700 points
DEBUG [pick_points]: Processed 800 points
DEBUG [pick_points]: Processed 900 points
DEBUG [pick_points]: Processed 1000 points

DEBUG [pick_points]: Score statistics:
DEBUG [pick_points]: Min score: 0.1608971655354365
DEBUG [pick_points]: Max score: 1.7967832242598791
DEBUG [pick_points]: Mean score: 0.6187670878150233
DEBUG [pick_points]: Normalized scores

DEBUG [pick_points]: Selected 1 points
DEBUG [pick_points]: Selected time points: [-0.826]
aa_system
Any[_t88_p_t_ - 3679207859648955//18014398509481984, _t88_e_t_ - 6603949704205063//9007199254740992, _t88_eˍt_t_ + 2938542539602363//4503599627370496, _t88_eˍtt_t_ - 766571510169//1099511627776, _t88_eˍttt_t_ + 884112133439//1099511627776, _t88_eˍtttt_t_ - 2731122943//4294967296, _t88_s_t_ + _t88_m_t_ - 2142518511344065//2251799813685248, _t88_sˍt_t_ + _t88_mˍt_t_ + 425517047078351//2251799813685248, _t88_mˍtt_t_ + _t88_sˍtt_t_ - 3915081502557//17592186044416, _t88_mˍttt_t_ + _t88_sˍttt_t_ + 323606319869//1099511627776, _t88_sˍtttt_t_ + _t88_mˍtttt_t_ - 2377957637//4294967296, _t88_mˍttttt_t_ + _t88_sˍttttt_t_ + 10719673//8388608, _t88_n_t_ - 148085183142475//562949953421312, _t88_nˍt_t_ + 13486978254467//281474976710656, _t88_nˍtt_t_ - 317853340575//8796093022208, _t88_nˍttt_t_ + 2245825991//34359738368, _t88_nˍtttt_t_ - 633401519//4294967296, _t88_nˍttttt_t_ + 12809425//33554432, -_tprhoE_*_t88_e_t_*_t88_p_t_ + _tpdeltaEL_*_t88_e_t_ + _tpmuEE_*_t88_e_t_^2 - _tpdeltaNE_*_t88_n_t_*_t88_p_t_ + _t88_eˍt_t_, -_tprhoE_*_t88_e_t_*_t88_pˍt_t_ - _tprhoE_*_t88_p_t_*_t88_eˍt_t_ + _tpdeltaEL_*_t88_eˍt_t_ + 2*_tpmuEE_*_t88_e_t_*_t88_eˍt_t_ - _tpdeltaNE_*_t88_n_t_*_t88_pˍt_t_ - _tpdeltaNE_*_t88_p_t_*_t88_nˍt_t_ + _t88_eˍtt_t_, -_tprhoE_*_t88_e_t_*_t88_pˍtt_t_ - _tprhoE_*_t88_p_t_*_t88_eˍtt_t_ - 2*_tprhoE_*_t88_eˍt_t_*_t88_pˍt_t_ + _tpdeltaEL_*_t88_eˍtt_t_ + 2*_tpmuEE_*_t88_e_t_*_t88_eˍtt_t_ + 2*_tpmuEE_*_t88_eˍt_t_^2 - _tpdeltaNE_*_t88_n_t_*_t88_pˍtt_t_ - _tpdeltaNE_*_t88_p_t_*_t88_nˍtt_t_ - 2*_tpdeltaNE_*_t88_nˍt_t_*_t88_pˍt_t_ + _t88_eˍttt_t_, -_tprhoE_*_t88_e_t_*_t88_pˍttt_t_ - _tprhoE_*_t88_p_t_*_t88_eˍttt_t_ - 3*_tprhoE_*_t88_eˍt_t_*_t88_pˍtt_t_ - 3*_tprhoE_*_t88_eˍtt_t_*_t88_pˍt_t_ + _tpdeltaEL_*_t88_eˍttt_t_ + 2*_tpmuEE_*_t88_e_t_*_t88_eˍttt_t_ + 6*_tpmuEE_*_t88_eˍt_t_*_t88_eˍtt_t_ - _tpdeltaNE_*_t88_n_t_*_t88_pˍttt_t_ - _tpdeltaNE_*_t88_p_t_*_t88_nˍttt_t_ - 3*_tpdeltaNE_*_t88_nˍt_t_*_t88_pˍtt_t_ - 3*_tpdeltaNE_*_t88_nˍtt_t_*_t88_pˍt_t_ + _t88_eˍtttt_t_, _tpmuLL_*_t88_s_t_^2 - _tpdeltaEL_*_t88_s_t_ + _tpmuLE_*_t88_e_t_*_t88_s_t_ + _tpdeltaLM_*_t88_s_t_ + _t88_sˍt_t_, _tpmuM_*_t88_m_t_ - _tpdeltaLM_*_t88_s_t_ + _t88_mˍt_t_, _tpmuM_*_t88_mˍt_t_ - _tpdeltaLM_*_t88_sˍt_t_ + _t88_mˍtt_t_, 2*_tpmuLL_*_t88_s_t_*_t88_sˍt_t_ - _tpdeltaEL_*_t88_sˍt_t_ + _tpmuLE_*_t88_e_t_*_t88_sˍt_t_ + _tpmuLE_*_t88_s_t_*_t88_eˍt_t_ + _tpdeltaLM_*_t88_sˍt_t_ + _t88_sˍtt_t_, _tpmuM_*_t88_mˍtt_t_ - _tpdeltaLM_*_t88_sˍtt_t_ + _t88_mˍttt_t_, 2*_tpmuLL_*_t88_s_t_*_t88_sˍtt_t_ + 2*_tpmuLL_*_t88_sˍt_t_^2 - _tpdeltaEL_*_t88_sˍtt_t_ + _tpmuLE_*_t88_e_t_*_t88_sˍtt_t_ + _tpmuLE_*_t88_s_t_*_t88_eˍtt_t_ + 2*_tpmuLE_*_t88_eˍt_t_*_t88_sˍt_t_ + _tpdeltaLM_*_t88_sˍtt_t_ + _t88_sˍttt_t_, 2*_tpmuLL_*_t88_s_t_*_t88_sˍttt_t_ + 6*_tpmuLL_*_t88_sˍt_t_*_t88_sˍtt_t_ - _tpdeltaEL_*_t88_sˍttt_t_ + _tpmuLE_*_t88_e_t_*_t88_sˍttt_t_ + _tpmuLE_*_t88_s_t_*_t88_eˍttt_t_ + 3*_tpmuLE_*_t88_eˍt_t_*_t88_sˍtt_t_ + 3*_tpmuLE_*_t88_eˍtt_t_*_t88_sˍt_t_ + _tpdeltaLM_*_t88_sˍttt_t_ + _t88_sˍtttt_t_, _tpmuM_*_t88_mˍttt_t_ - _tpdeltaLM_*_t88_sˍttt_t_ + _t88_mˍtttt_t_, _tpmuM_*_t88_mˍtttt_t_ - _tpdeltaLM_*_t88_sˍtttt_t_ + _t88_mˍttttt_t_, 2*_tpmuLL_*_t88_s_t_*_t88_sˍtttt_t_ + 8*_tpmuLL_*_t88_sˍt_t_*_t88_sˍttt_t_ + 6*_tpmuLL_*_t88_sˍtt_t_^2 - _tpdeltaEL_*_t88_sˍtttt_t_ + _tpmuLE_*_t88_e_t_*_t88_sˍtttt_t_ + _tpmuLE_*_t88_s_t_*_t88_eˍtttt_t_ + 4*_tpmuLE_*_t88_eˍt_t_*_t88_sˍttt_t_ + 6*_tpmuLE_*_t88_eˍtt_t_*_t88_sˍtt_t_ + 4*_tpmuLE_*_t88_eˍttt_t_*_t88_sˍt_t_ + _tpdeltaLM_*_t88_sˍtttt_t_ + _t88_sˍttttt_t_, _tpmuN_*_t88_n_t_ + _tpdeltaNE_*_t88_n_t_*_t88_p_t_ + _t88_nˍt_t_, _tpmuN_*_t88_nˍt_t_ + _tpdeltaNE_*_t88_n_t_*_t88_pˍt_t_ + _tpdeltaNE_*_t88_p_t_*_t88_nˍt_t_ + _t88_nˍtt_t_, _tpmuN_*_t88_nˍtt_t_ + _tpdeltaNE_*_t88_n_t_*_t88_pˍtt_t_ + _tpdeltaNE_*_t88_p_t_*_t88_nˍtt_t_ + 2*_tpdeltaNE_*_t88_nˍt_t_*_t88_pˍt_t_ + _t88_nˍttt_t_, _tpmuN_*_t88_nˍttt_t_ + _tpdeltaNE_*_t88_n_t_*_t88_pˍttt_t_ + _tpdeltaNE_*_t88_p_t_*_t88_nˍttt_t_ + 3*_tpdeltaNE_*_t88_nˍt_t_*_t88_pˍtt_t_ + 3*_tpdeltaNE_*_t88_nˍtt_t_*_t88_pˍt_t_ + _t88_nˍtttt_t_, _tpmuN_*_t88_nˍtttt_t_ + _tpdeltaNE_*_t88_n_t_*_t88_pˍtttt_t_ + _tpdeltaNE_*_t88_p_t_*_t88_nˍtttt_t_ + 4*_tpdeltaNE_*_t88_nˍt_t_*_t88_pˍttt_t_ + 6*_tpdeltaNE_*_t88_nˍtt_t_*_t88_pˍtt_t_ + 4*_tpdeltaNE_*_t88_nˍttt_t_*_t88_pˍt_t_ + _t88_nˍttttt_t_, _tpmuPE_*_t88_e_t_*_t88_p_t_ + _tpmuPL_*_t88_s_t_*_t88_p_t_ - _tprhoP_*_t88_p_t_^2 + _tpmuP_*_t88_p_t_ + _t88_pˍt_t_, _tpmuPE_*_t88_e_t_*_t88_pˍt_t_ + _tpmuPE_*_t88_p_t_*_t88_eˍt_t_ + _tpmuPL_*_t88_s_t_*_t88_pˍt_t_ + _tpmuPL_*_t88_p_t_*_t88_sˍt_t_ - 2*_tprhoP_*_t88_p_t_*_t88_pˍt_t_ + _tpmuP_*_t88_pˍt_t_ + _t88_pˍtt_t_, _tpmuPE_*_t88_e_t_*_t88_pˍtt_t_ + _tpmuPE_*_t88_p_t_*_t88_eˍtt_t_ + 2*_tpmuPE_*_t88_eˍt_t_*_t88_pˍt_t_ + _tpmuPL_*_t88_s_t_*_t88_pˍtt_t_ + _tpmuPL_*_t88_p_t_*_t88_sˍtt_t_ + 2*_tpmuPL_*_t88_sˍt_t_*_t88_pˍt_t_ - 2*_tprhoP_*_t88_p_t_*_t88_pˍtt_t_ - 2*_tprhoP_*_t88_pˍt_t_^2 + _tpmuP_*_t88_pˍtt_t_ + _t88_pˍttt_t_, _tpmuPE_*_t88_e_t_*_t88_pˍttt_t_ + _tpmuPE_*_t88_p_t_*_t88_eˍttt_t_ + 3*_tpmuPE_*_t88_eˍt_t_*_t88_pˍtt_t_ + 3*_tpmuPE_*_t88_eˍtt_t_*_t88_pˍt_t_ + _tpmuPL_*_t88_s_t_*_t88_pˍttt_t_ + _tpmuPL_*_t88_p_t_*_t88_sˍttt_t_ + 3*_tpmuPL_*_t88_sˍt_t_*_t88_pˍtt_t_ + 3*_tpmuPL_*_t88_sˍtt_t_*_t88_pˍt_t_ - 2*_tprhoP_*_t88_p_t_*_t88_pˍttt_t_ - 6*_tprhoP_*_t88_pˍt_t_*_t88_pˍtt_t_ + _tpmuP_*_t88_pˍttt_t_ + _t88_pˍtttt_t_]
R
Multivariate polynomial ring in 41 variables over rationals
primes of bitsize 28
G-Q-Pt-FG-LT-LP(U)
G-Q-Pt-FG-LT-LP(U)
G-Q-Pt-FG-LT-LP(U)
G-Q-Pt-FG-LT-LP(U)
G-Q-Pt-FG-LT-LP(U)
G-Q-Pt-FG-LT-LP(U)
G-Q-Pt-FG-LT-LP(U)
G-Q-Pt-FG-LT-LP(U)
G-Q-Pt-FG-LT-LP(U)
G-Q-Pt-FG-LT-LP(C)
Dimension of the quotient :41
Degree of the radical :41
Use variable 32 as separating element
Run Groebner learn
Test cyclic optimization
Apply cyclic optimization 
Multi-modular computation (1 threads): G-Q-Pt-FG-LT-LP(C)
5-9-13-17-21-25-29-33-37-41-45-49-53-61-69-77-85-93-105-117-129-141-157-173-193-213-237-261-289-317-349-385-425-469-517-569-625-689-757-833-917-1009-1109-1221-1345-1481-1629-1793-1973-2173-2393-2633-2897-3189-
check-G-Q-Pt-FG-LT-LP(C)
Nb Primes used :3189
┌ Warning: At t=-0.9935437627812587, dt was forced below floating point epsilon 1.1102230246251565e-16, and step error estimate = 2.594930926045837e6. Aborting. There is either an error in your model specification or the true solution is unstable (or the true solution can not be represented in the precision of Float64).
└ @ SciMLBase ~/.julia/packages/SciMLBase/Pma4a/src/integrator_interface.jl:623
┌ Warning: At t=-0.7436587334470689, dt was forced below floating point epsilon 1.1102230246251565e-16, and step error estimate = 1.107450374065167. Aborting. There is either an error in your model specification or the true solution is unstable (or the true solution can not be represented in the precision of Float64).
└ @ SciMLBase ~/.julia/packages/SciMLBase/Pma4a/src/integrator_interface.jl:623
┌ Warning: At t=-0.5501298936405902, dt was forced below floating point epsilon 1.1102230246251565e-16, and step error estimate = 2.3520486845704927. Aborting. There is either an error in your model specification or the true solution is unstable (or the true solution can not be represented in the precision of Float64).
└ @ SciMLBase ~/.julia/packages/SciMLBase/Pma4a/src/integrator_interface.jl:623
11-element Vector{Vector{Vector{BigFloat}}}:
 [[-0.085352063, -0.085351944], [0.87093735, 0.8709383], [0.86199951, 0.86200047], [0.57099915, 0.5710001], [0.70699978, 0.70700073], [-538.75098, -538.75], [0.11699998, 0.1170001], [-1217.1328, -1217.1309], [0.00053547043, 0.00053547136], [0.4328289, 0.43282938], [1.5316544, 1.5316563], [0.31899977, 0.31900024], [539.7207, 539.72168], [0.26305199, 0.26305246], [0.73318481, 0.73318577], [408.13477, 408.13525], [-407.18359, -407.18311], [0.20423698, 0.20423722], [-0.65248775, -0.6524868], [0.69719219, 0.69719315], [-0.80409622, -0.80409527], [0.63588905, 0.63589001], [-908.92285, -908.92188], [908.7334, 908.73438], [-983.99219, -983.99121], [984.21387, 984.21484], [1075.1582, 1075.1602], [-1075.4551, -1075.4531], [1202.9336, 1202.9355], [-1202.3828, -1202.3809], [1465.834, 1465.8359], [-1467.1133, -1467.1113], [2.5777626, 2.5777664], [-0.047915399, -0.047915339], [0.036135733, 0.036135793], [-0.065362215, -0.065362096], [0.14747524, 0.14747548], [-0.38175106, -0.38175058], [-0.32662058, -0.3266201], [0.58149242, 0.58149338], [-1.1632195, -1.1632175]]
 [[0.63304424, 0.6330452], [-684.89941, -684.89844], [0.86199951, 0.86200047], [0.57099915, 0.5710001], [0.70699978, 0.70700073], [0.079170108, 0.079170227], [0.11699998, 0.1170001], [-23.317383, -23.317352], [-0.11637223, -0.11637211], [0.38377619, 0.38377666], [1.2121143, 1.2121162], [0.31899977, 0.31900024], [11.179871, 11.179886], [0.26305199, 0.26305246], [0.73318481, 0.73318577], [-0.01157032, -0.011570305], [0.9630394, 0.96304035], [0.20423698, 0.20423722], [-0.65248775, -0.6524868], [0.69719219, 0.69719315], [-0.80409622, -0.80409527], [0.63588905, 0.63589001], [0.016631126, 0.016631156], [-0.20559883, -0.20559859], [0.20221114, 0.20221138], [0.020335346, 0.020335376], [0.21133757, 0.2113378], [-0.50565624, -0.50565529], [6.2235641, 6.2235718], [-5.6699066, -5.669899], [70.027466, 70.027588], [-71.305542, -71.30542], [2.5777626, 2.5777664], [-0.047915399, -0.047915339], [0.036135733, 0.036135793], [-0.065362215, -0.065362096], [0.14747524, 0.14747548], [-0.38175106, -0.38175058], [-0.32662058, -0.3266201], [0.58149242, 0.58149338], [-1.1632195, -1.1632175]]
 [[-0.81794357, -0.81794262], [-1.6955433, -1.6955414], [0.86199951, 0.86200047], [0.57099915, 0.5710001], [0.70699978, 0.70700073], [-0.028581679, -0.028581649], [0.11699998, 0.1170001], [-0.91967869, -0.91967773], [-2.3010597, -2.3010559], [-0.53048134, -0.53048038], [1.3462315, 1.3462334], [0.31899977, 0.31900024], [1.5701599, 1.5701618], [0.26305199, 0.26305246], [0.73318481, 0.73318577], [-0.32348156, -0.32348108], [1.27495, 1.2749519], [0.20423698, 0.20423722], [-0.65248775, -0.6524868], [0.69719219, 0.69719315], [-0.80409622, -0.80409527], [0.63588905, 0.63589001], [0.28251028, 0.28251076], [-0.47147799, -0.47147751], [0.43011093, 0.43011141], [-0.20756459, -0.20756435], [-0.31361675, -0.31361628], [0.019298255, 0.019298285], [0.53232288, 0.53232384], [0.021337718, 0.021337748], [0.8364439, 0.83644485], [-2.1143303, -2.1143265], [2.5777626, 2.5777664], [-0.047915399, -0.047915339], [0.036135733, 0.036135793], [-0.065362215, -0.065362096], [0.14747524, 0.14747548], [-0.38175106, -0.38175058], [-0.32662058, -0.3266201], [0.58149242, 0.58149338], [-1.1632195, -1.1632175]]
 [[0.60304832, 0.60304928], [0.40699959, 0.40700006], [0.86199951, 0.86200047], [0.57099915, 0.5710001], [0.70699978, 0.70700073], [0.73799992, 0.73800087], [0.11699998, 0.1170001], [0.35599995, 0.35600042], [0.79707623, 0.79707718], [0.64971256, 0.64971352], [0.76551247, 0.76551342], [0.31899977, 0.31900024], [0.24900007, 0.24900031], [0.26305199, 0.26305246], [0.73318481, 0.73318577], [0.65772343, 0.65772438], [0.29374504, 0.29374552], [0.20423698, 0.20423722], [-0.65248775, -0.6524868], [0.69719219, 0.69719315], [-0.80409622, -0.80409527], [0.63588905, 0.63589001], [-0.13595676, -0.13595653], [-0.053010881, -0.053010821], [0.0052687824, 0.0052687898], [0.21727777, 0.217278], [0.050213814, 0.050213873], [-0.34453249, -0.34453201], [0.676507, 0.67650795], [-0.12284648, -0.12284636], [0.2591114, 0.25911188], [-1.5369968, -1.5369949], [2.5777626, 2.5777664], [-0.047915399, -0.047915339], [0.036135733, 0.036135793], [-0.065362215, -0.065362096], [0.14747524, 0.14747548], [-0.38175106, -0.38175058], [-0.32662058, -0.3266201], [0.58149242, 0.58149338], [-1.1632195, -1.1632175]]
 [[0.64446068, 0.64446163], [0.50423717, 0.50423813], [0.86199951, 0.86200047], [0.57099915, 0.5710001], [0.70699978, 0.70700073], [0.56733418, 0.56733513], [0.11699998, 0.1170001], [0.35479307, 0.35479355], [0.57921314, 0.5792141], [0.59997177, 0.59997272], [0.88973141, 0.88973236], [0.31899977, 0.31900024], [0.17896986, 0.1789701], [0.26305199, 0.26305246], [0.73318481, 0.73318577], [0.62069511, 0.62069607], [0.33077335, 0.33077383], [0.20423698, 0.20423722], [-0.65248775, -0.6524868], [0.69719219, 0.69719315], [-0.80409622, -0.80409527], [0.63588905, 0.63589001], [-0.11239421, -0.11239409], [-0.076573491, -0.076573372], [0.023327589, 0.023327619], [0.19921899, 0.19921923], [0.022419631, 0.022419661], [-0.31673813, -0.31673765], [0.6230669, 0.62306786], [-0.069406033, -0.069405913], [0.15088677, 0.15088701], [-1.428772, -1.4287701], [2.5777626, 2.5777664], [-0.047915399, -0.047915339], [0.036135733, 0.036135793], [-0.065362215, -0.065362096], [0.14747524, 0.14747548], [-0.38175106, -0.38175058], [-0.32662058, -0.3266201], [0.58149242, 0.58149338], [-1.1632195, -1.1632175]]
 [[0.88375568, 0.88375664], [0.96249866, 0.96249962], [0.86199951, 0.86200047], [0.57099915, 0.5710001], [0.70699978, 0.70700073], [-0.52727127, -0.52727032], [0.11699998, 0.1170001], [-0.0090228021, -0.0090227872], [-0.74976063, -0.74975967], [0.41812611, 0.41812658], [1.6916828, 1.6916847], [0.31899977, 0.31900024], [-0.033609629, -0.033609569], [0.26305199, 0.26305246], [0.73318481, 0.73318577], [0.87364483, 0.87364578], [0.077824473, 0.077824593], [0.20423698, 0.20423722], [-0.65248775, -0.6524868], [0.69719219, 0.69719315], [-0.80409622, -0.80409527], [0.63588905, 0.63589001], [-0.20063949, -0.20063925], [0.011671722, 0.011671737], [0.012897566, 0.012897581], [0.20964885, 0.20964909], [-0.00024570897, -0.00024570851], [-0.29407263, -0.29407215], [0.54390717, 0.54390812], [0.0097541064, 0.0097541213], [-0.01313746, -0.013137445], [-1.2647476, -1.2647457], [2.5777626, 2.5777664], [-0.047915399, -0.047915339], [0.036135733, 0.036135793], [-0.065362215, -0.065362096], [0.14747524, 0.14747548], [-0.38175106, -0.38175058], [-0.32662058, -0.3266201], [0.58149242, 0.58149338], [-1.1632195, -1.1632175]]
 [[0.03639406, 0.036394119], [-3.4292831, -3.4292793], [0.86199951, 0.86200047], [0.57099915, 0.5710001], [0.70699978, 0.70700073], [6.3369675, 6.3369751], [0.11699998, 0.1170001], [0.9544878, 0.95448875], [3.5190277, 3.5190315], [0.57098103, 0.57098198], [-0.71453094, -0.71452999], [0.31899977, 0.31900024], [2.4017677, 2.4017715], [0.26305199, 0.26305246], [0.73318481, 0.73318577], [0.68305206, 0.68305302], [0.2684164, 0.26841688], [0.20423698, 0.20423722], [-0.65248775, -0.6524868], [0.69719219, 0.69719315], [-0.80409622, -0.80409527], [0.63588905, 0.63589001], [-0.12855482, -0.12855458], [-0.060412884, -0.060412824], [0.074075937, 0.074076056], [0.14847064, 0.14847088], [-0.11282492, -0.1128248], [-0.18149352, -0.18149328], [0.2745986, 0.27459908], [0.27906227, 0.27906275], [-1.1088886, -1.1088867], [-0.1689961, -0.16899586], [2.5777626, 2.5777664], [-0.047915399, -0.047915339], [0.036135733, 0.036135793], [-0.065362215, -0.065362096], [0.14747524, 0.14747548], [-0.38175106, -0.38175058], [-0.32662058, -0.3266201], [0.58149242, 0.58149338], [-1.1632195, -1.1632175]]
 [[0.70895863, 0.70895958], [-810.10742, -810.10645], [0.86199951, 0.86200047], [0.57099915, 0.5710001], [0.70699978, 0.70700073], [0.45327902, 0.4532795], [0.11699998, 0.1170001], [7.7795715, 7.7795792], [-9.3887634, -9.3887482], [0.31577063, 0.3157711], [1.0064049, 1.0064068], [0.31899977, 0.31900024], [-17.505524, -17.505493], [0.26305199, 0.26305246], [0.73318481, 0.73318577], [-0.014646158, -0.014646143], [0.966115, 0.96611595], [0.20423698, 0.20423722], [-0.65248775, -0.6524868], [0.69719219, 0.69719315], [-0.80409622, -0.80409527], [0.63588905, 0.63589001], [-0.0074354187, -0.0074354112], [-0.18153214, -0.18153191], [0.21244526, 0.2124455], [0.010101184, 0.010101199], [-0.27312374, -0.27312326], [-0.021194667, -0.021194637], [0.058837175, 0.058837235], [0.49482393, 0.49482441], [-1.2542686, -1.2542667], [-0.023616642, -0.023616612], [2.5777626, 2.5777664], [-0.047915399, -0.047915339], [0.036135733, 0.036135793], [-0.065362215, -0.065362096], [0.14747524, 0.14747548], [-0.38175106, -0.38175058], [-0.32662058, -0.3266201], [0.58149242, 0.58149338], [-1.1632195, -1.1632175]]
 [[0.68666172, 0.68666267], [0.017093271, 0.017093301], [0.86199951, 0.86200047], [0.57099915, 0.5710001], [0.70699978, 0.70700073], [-0.3984642, -0.39846373], [0.11699998, 0.1170001], [0.6950779, 0.69507885], [0.0058581457, 0.0058581531], [0.46611118, 0.46611166], [1.181818, 1.1818199], [0.31899977, 0.31900024], [-0.63836098, -0.63836002], [0.26305199, 0.26305246], [0.73318481, 0.73318577], [1.5616455, 1.5616474], [-0.61017704, -0.61017609], [0.20423698, 0.20423722], [-0.65248775, -0.6524868], [0.69719219, 0.69719315], [-0.80409622, -0.80409527], [0.63588905, 0.63589001], [1.0510578, 1.0510597], [-1.2400265, -1.2400246], [-1.16506, -1.1650581], [1.3876057, 1.3876076], [-1.350029, -1.3500271], [1.0557079, 1.0557098], [1.7655201, 1.765522], [-1.2118607, -1.2118587], [-1.6099224, -1.6099205], [0.3320365, 0.33203697], [2.5777626, 2.5777664], [-0.047915399, -0.047915339], [0.036135733, 0.036135793], [-0.065362215, -0.065362096], [0.14747524, 0.14747548], [-0.38175106, -0.38175058], [-0.32662058, -0.3266201], [0.58149242, 0.58149338], [-1.1632195, -1.1632175]]
 [[-0.1334691, -0.13346887], [0.065173626, 0.065173745], [0.86199951, 0.86200047], [0.57099915, 0.5710001], [0.70699978, 0.70700073], [3.1025696, 3.1025734], [0.11699998, 0.1170001], [0.024547607, 0.024547637], [-1.4663982, -1.4663963], [0.42472792, 0.42472839], [82.909912, 82.910034], [0.31899977, 0.31900024], [-3.0589867, -3.0589828], [0.26305199, 0.26305246], [0.73318481, 0.73318577], [55.323425, 55.323486], [-54.372009, -54.371948], [0.20423698, 0.20423722], [-0.65248775, -0.6524868], [0.69719219, 0.69719315], [-0.80409622, -0.80409527], [0.63588905, 0.63589001], [0.35150862, 0.35150909], [-0.5404768, -0.54047585], [0.60160732, 0.60160828], [-0.37906122, -0.37906075], [-0.7069912, -0.70699024], [0.41267157, 0.41267204], [-0.37747097, -0.37747049], [0.93113136, 0.93113232], [-1.73423, -1.7342281], [0.45634413, 0.4563446], [2.5777626, 2.5777664], [-0.047915399, -0.047915339], [0.036135733, 0.036135793], [-0.065362215, -0.065362096], [0.14747524, 0.14747548], [-0.38175106, -0.38175058], [-0.32662058, -0.3266201], [0.58149242, 0.58149338], [-1.1632195, -1.1632175]]
 [[0.64410496, 0.64410591], [-5005.875, -5005.8672], [0.86199951, 0.86200047], [0.57099915, 0.5710001], [0.70699978, 0.70700073], [0.094998121, 0.09499824], [0.11699998, 0.1170001], [-60.434326, -60.434265], [0.3271122, 0.32711267], [0.39206886, 0.39206934], [1.2082863, 1.2082882], [0.31899977, 0.31900024], [27.961945, 27.961975], [0.26305199, 0.26305246], [0.73318481, 0.73318577], [-0.0037938729, -0.0037938692], [0.95526314, 0.95526409], [0.20423698, 0.20423722], [-0.65248775, -0.6524868], [0.69719219, 0.69719315], [-0.80409622, -0.80409527], [0.63588905, 0.63589001], [0.0078647584, 0.0078647733], [-0.19683242, -0.19683218], [0.23861265, 0.23861289], [-0.016066104, -0.016066074], [-0.47190714, -0.47190666], [0.1775887, 0.17758894], [-4.4569016, -4.4568939], [5.0105591, 5.0105667], [-125.09973, -125.09961], [123.82166, 123.82178], [2.5777626, 2.5777664], [-0.047915399, -0.047915339], [0.036135733, 0.036135793], [-0.065362215, -0.065362096], [0.14747524, 0.14747548], [-0.38175106, -0.38175058], [-0.32662058, -0.3266201], [0.58149242, 0.58149338], [-1.1632195, -1.1632175]]
















