LinearAlgebra.PosDefException(2)
LinearAlgebra.PosDefException(2)
LinearAlgebra.PosDefException(2)
LinearAlgebra.PosDefException(4)
LinearAlgebra.PosDefException(6)
LinearAlgebra.PosDefException(7)
LinearAlgebra.PosDefException(86)
LinearAlgebra.PosDefException(2)
LinearAlgebra.PosDefException(3)
LinearAlgebra.PosDefException(2)
LinearAlgebra.PosDefException(3)
LinearAlgebra.PosDefException(5)
LinearAlgebra.PosDefException(3)
LinearAlgebra.PosDefException(4)
LinearAlgebra.PosDefException(47)
LinearAlgebra.PosDefException(2)
LinearAlgebra.PosDefException(2)
LinearAlgebra.PosDefException(2)
LinearAlgebra.PosDefException(3)
LinearAlgebra.PosDefException(4)
LinearAlgebra.PosDefException(4)
LinearAlgebra.PosDefException(4)
LinearAlgebra.PosDefException(14)
LinearAlgebra.PosDefException(2)
LinearAlgebra.PosDefException(2)
LinearAlgebra.PosDefException(2)
LinearAlgebra.PosDefException(2)
LinearAlgebra.PosDefException(2)
LinearAlgebra.PosDefException(2)
LinearAlgebra.PosDefException(2)
LinearAlgebra.PosDefException(3)
LinearAlgebra.PosDefException(5)
LinearAlgebra.PosDefException(5)
LinearAlgebra.PosDefException(4)
LinearAlgebra.PosDefException(4)
LinearAlgebra.PosDefException(12)
LinearAlgebra.PosDefException(81)
LinearAlgebra.PosDefException(267)
LinearAlgebra.PosDefException(493)
LinearAlgebra.PosDefException(5)
LinearAlgebra.PosDefException(6)
LinearAlgebra.PosDefException(5)
LinearAlgebra.PosDefException(5)
LinearAlgebra.PosDefException(53)
LinearAlgebra.PosDefException(177)
LinearAlgebra.PosDefException(326)
LinearAlgebra.PosDefException(483)
LinearAlgebra.PosDefException(1)
LinearAlgebra.PosDefException(1)
LinearAlgebra.PosDefException(868)
LinearAlgebra.PosDefException(987)
LinearAlgebra.PosDefException(799)
LinearAlgebra.PosDefException(762)
LinearAlgebra.PosDefException(889)
LinearAlgebra.PosDefException(839)
LinearAlgebra.PosDefException(837)
LinearAlgebra.PosDefException(792)
LinearAlgebra.PosDefException(836)
LinearAlgebra.PosDefException(772)
LinearAlgebra.PosDefException(802)
LinearAlgebra.PosDefException(895)
LinearAlgebra.PosDefException(799)
LinearAlgebra.PosDefException(783)
LinearAlgebra.PosDefException(798)
LinearAlgebra.PosDefException(805)
Noise level is too low, using  AAA
LinearAlgebra.PosDefException(2)
LinearAlgebra.PosDefException(2)
LinearAlgebra.PosDefException(2)
LinearAlgebra.PosDefException(5)
LinearAlgebra.PosDefException(5)
LinearAlgebra.PosDefException(6)
LinearAlgebra.PosDefException(91)
LinearAlgebra.PosDefException(6)
LinearAlgebra.PosDefException(2)
LinearAlgebra.PosDefException(2)
LinearAlgebra.PosDefException(3)
LinearAlgebra.PosDefException(4)
LinearAlgebra.PosDefException(5)
LinearAlgebra.PosDefException(4)
LinearAlgebra.PosDefException(41)
LinearAlgebra.PosDefException(2)
LinearAlgebra.PosDefException(3)
LinearAlgebra.PosDefException(2)
LinearAlgebra.PosDefException(3)
LinearAlgebra.PosDefException(2)
LinearAlgebra.PosDefException(3)
LinearAlgebra.PosDefException(3)
LinearAlgebra.PosDefException(5)
LinearAlgebra.PosDefException(4)
LinearAlgebra.PosDefException(263)
LinearAlgebra.PosDefException(2)
LinearAlgebra.PosDefException(2)
LinearAlgebra.PosDefException(6)
LinearAlgebra.PosDefException(2)
LinearAlgebra.PosDefException(2)
LinearAlgebra.PosDefException(3)
LinearAlgebra.PosDefException(2)
LinearAlgebra.PosDefException(4)
LinearAlgebra.PosDefException(3)
LinearAlgebra.PosDefException(4)
LinearAlgebra.PosDefException(5)
LinearAlgebra.PosDefException(30)
LinearAlgebra.PosDefException(256)
LinearAlgebra.PosDefException(3)
LinearAlgebra.PosDefException(3)
LinearAlgebra.PosDefException(5)
LinearAlgebra.PosDefException(4)
LinearAlgebra.PosDefException(6)
LinearAlgebra.PosDefException(5)
LinearAlgebra.PosDefException(5)
LinearAlgebra.PosDefException(8)
LinearAlgebra.PosDefException(55)
LinearAlgebra.PosDefException(291)
LinearAlgebra.PosDefException(5)
LinearAlgebra.PosDefException(6)
LinearAlgebra.PosDefException(5)
LinearAlgebra.PosDefException(5)
LinearAlgebra.PosDefException(6)
LinearAlgebra.PosDefException(6)
LinearAlgebra.PosDefException(5)
LinearAlgebra.PosDefException(23)
LinearAlgebra.PosDefException(86)
LinearAlgebra.PosDefException(175)
LinearAlgebra.PosDefException(358)
LinearAlgebra.PosDefException(388)
LinearAlgebra.PosDefException(423)
LinearAlgebra.PosDefException(544)
LinearAlgebra.PosDefException(700)
LinearAlgebra.PosDefException(684)
LinearAlgebra.PosDefException(1)
LinearAlgebra.PosDefException(1)
LinearAlgebra.PosDefException(859)
Noise level is too low, using  AAA
LinearAlgebra.PosDefException(2)
LinearAlgebra.PosDefException(3)
LinearAlgebra.PosDefException(2)
LinearAlgebra.PosDefException(5)
LinearAlgebra.PosDefException(3)
LinearAlgebra.PosDefException(4)
LinearAlgebra.PosDefException(83)
LinearAlgebra.PosDefException(3)
LinearAlgebra.PosDefException(2)
LinearAlgebra.PosDefException(2)
LinearAlgebra.PosDefException(3)
LinearAlgebra.PosDefException(6)
LinearAlgebra.PosDefException(5)
LinearAlgebra.PosDefException(4)
LinearAlgebra.PosDefException(46)
LinearAlgebra.PosDefException(2)
LinearAlgebra.PosDefException(2)
LinearAlgebra.PosDefException(2)
LinearAlgebra.PosDefException(2)
LinearAlgebra.PosDefException(5)
LinearAlgebra.PosDefException(5)
LinearAlgebra.PosDefException(5)
LinearAlgebra.PosDefException(4)
LinearAlgebra.PosDefException(35)
LinearAlgebra.PosDefException(2)
LinearAlgebra.PosDefException(3)
LinearAlgebra.PosDefException(3)
LinearAlgebra.PosDefException(6)
LinearAlgebra.PosDefException(6)
LinearAlgebra.PosDefException(3)
LinearAlgebra.PosDefException(4)
LinearAlgebra.PosDefException(3)
LinearAlgebra.PosDefException(5)
LinearAlgebra.PosDefException(6)
LinearAlgebra.PosDefException(4)
LinearAlgebra.PosDefException(45)
LinearAlgebra.PosDefException(196)
LinearAlgebra.PosDefException(1)
LinearAlgebra.PosDefException(1)
LinearAlgebra.PosDefException(1)
LinearAlgebra.PosDefException(1)
LinearAlgebra.PosDefException(1)
LinearAlgebra.PosDefException(1)
LinearAlgebra.PosDefException(3)
LinearAlgebra.PosDefException(2)
LinearAlgebra.PosDefException(3)
LinearAlgebra.PosDefException(2)
LinearAlgebra.PosDefException(2)
LinearAlgebra.PosDefException(2)
LinearAlgebra.PosDefException(3)
LinearAlgebra.PosDefException(2)
LinearAlgebra.PosDefException(3)
LinearAlgebra.PosDefException(2)
LinearAlgebra.PosDefException(4)
LinearAlgebra.PosDefException(3)
LinearAlgebra.PosDefException(5)
LinearAlgebra.PosDefException(4)
LinearAlgebra.PosDefException(5)
LinearAlgebra.PosDefException(48)
LinearAlgebra.PosDefException(143)
LinearAlgebra.PosDefException(265)
LinearAlgebra.PosDefException(367)
LinearAlgebra.PosDefException(455)
LinearAlgebra.PosDefException(583)
LinearAlgebra.PosDefException(621)
LinearAlgebra.PosDefException(874)
LinearAlgebra.PosDefException(845)
LinearAlgebra.PosDefException(932)
LinearAlgebra.PosDefException(824)
LinearAlgebra.PosDefException(801)
LinearAlgebra.PosDefException(756)
LinearAlgebra.PosDefException(7)
LinearAlgebra.PosDefException(5)
LinearAlgebra.PosDefException(5)
LinearAlgebra.PosDefException(7)
LinearAlgebra.PosDefException(5)
LinearAlgebra.PosDefException(5)
LinearAlgebra.PosDefException(5)
LinearAlgebra.PosDefException(41)
LinearAlgebra.PosDefException(129)
LinearAlgebra.PosDefException(244)
LinearAlgebra.PosDefException(493)
LinearAlgebra.PosDefException(483)
LinearAlgebra.PosDefException(556)
LinearAlgebra.PosDefException(631)
LinearAlgebra.PosDefException(732)
LinearAlgebra.PosDefException(667)
LinearAlgebra.PosDefException(913)
LinearAlgebra.PosDefException(741)
LinearAlgebra.PosDefException(676)
LinearAlgebra.PosDefException(810)
LinearAlgebra.PosDefException(706)
LinearAlgebra.PosDefException(834)
LinearAlgebra.PosDefException(741)
LinearAlgebra.PosDefException(923)
LinearAlgebra.PosDefException(818)
LinearAlgebra.PosDefException(763)
LinearAlgebra.PosDefException(727)
LinearAlgebra.PosDefException(790)
LinearAlgebra.PosDefException(749)
LinearAlgebra.PosDefException(879)
LinearAlgebra.PosDefException(695)
LinearAlgebra.PosDefException(844)
LinearAlgebra.PosDefException(736)
LinearAlgebra.PosDefException(785)
LinearAlgebra.PosDefException(1001)
LinearAlgebra.PosDefException(755)
LinearAlgebra.PosDefException(733)
LinearAlgebra.PosDefException(906)
LinearAlgebra.PosDefException(692)
LinearAlgebra.PosDefException(940)
LinearAlgebra.PosDefException(808)
LinearAlgebra.PosDefException(815)
LinearAlgebra.PosDefException(914)
LinearAlgebra.PosDefException(724)
LinearAlgebra.PosDefException(942)
LinearAlgebra.PosDefException(765)
LinearAlgebra.PosDefException(907)
LinearAlgebra.PosDefException(861)
LinearAlgebra.PosDefException(703)
LinearAlgebra.PosDefException(759)
LinearAlgebra.PosDefException(771)
LinearAlgebra.PosDefException(633)
LinearAlgebra.PosDefException(661)
LinearAlgebra.PosDefException(809)
LinearAlgebra.PosDefException(891)
LinearAlgebra.PosDefException(812)
LinearAlgebra.PosDefException(797)
Noise level is too low, using  AAA
LinearAlgebra.PosDefException(2)
LinearAlgebra.PosDefException(2)
LinearAlgebra.PosDefException(2)
LinearAlgebra.PosDefException(5)
LinearAlgebra.PosDefException(3)
LinearAlgebra.PosDefException(7)
LinearAlgebra.PosDefException(83)
LinearAlgebra.PosDefException(6)
LinearAlgebra.PosDefException(2)
LinearAlgebra.PosDefException(2)
LinearAlgebra.PosDefException(3)
LinearAlgebra.PosDefException(6)
LinearAlgebra.PosDefException(3)
LinearAlgebra.PosDefException(5)
LinearAlgebra.PosDefException(44)
LinearAlgebra.PosDefException(2)
LinearAlgebra.PosDefException(6)
LinearAlgebra.PosDefException(2)
LinearAlgebra.PosDefException(2)
LinearAlgebra.PosDefException(3)
LinearAlgebra.PosDefException(4)
LinearAlgebra.PosDefException(6)
LinearAlgebra.PosDefException(6)
LinearAlgebra.PosDefException(3)
LinearAlgebra.PosDefException(3)
LinearAlgebra.PosDefException(2)
LinearAlgebra.PosDefException(2)
LinearAlgebra.PosDefException(2)
LinearAlgebra.PosDefException(6)
LinearAlgebra.PosDefException(2)
LinearAlgebra.PosDefException(2)
LinearAlgebra.PosDefException(2)
LinearAlgebra.PosDefException(5)
LinearAlgebra.PosDefException(3)
LinearAlgebra.PosDefException(4)
LinearAlgebra.PosDefException(4)
LinearAlgebra.PosDefException(11)
LinearAlgebra.PosDefException(56)
LinearAlgebra.PosDefException(166)
LinearAlgebra.PosDefException(296)
LinearAlgebra.PosDefException(416)
LinearAlgebra.PosDefException(505)
LinearAlgebra.PosDefException(686)
LinearAlgebra.PosDefException(834)
LinearAlgebra.PosDefException(84)
LinearAlgebra.PosDefException(211)
LinearAlgebra.PosDefException(332)
LinearAlgebra.PosDefException(439)
LinearAlgebra.PosDefException(558)
LinearAlgebra.PosDefException(597)
LinearAlgebra.PosDefException(702)
LinearAlgebra.PosDefException(890)
LinearAlgebra.PosDefException(887)
LinearAlgebra.PosDefException(944)
LinearAlgebra.PosDefException(159)
LinearAlgebra.PosDefException(282)
LinearAlgebra.PosDefException(393)
LinearAlgebra.PosDefException(494)
LinearAlgebra.PosDefException(601)
LinearAlgebra.PosDefException(735)
LinearAlgebra.PosDefException(831)
LinearAlgebra.PosDefException(817)
LinearAlgebra.PosDefException(5)
LinearAlgebra.PosDefException(5)
LinearAlgebra.PosDefException(5)
LinearAlgebra.PosDefException(7)
LinearAlgebra.PosDefException(5)
LinearAlgebra.PosDefException(5)
LinearAlgebra.PosDefException(7)
LinearAlgebra.PosDefException(9)
LinearAlgebra.PosDefException(44)
LinearAlgebra.PosDefException(134)
LinearAlgebra.PosDefException(274)
LinearAlgebra.PosDefException(539)
LinearAlgebra.PosDefException(617)
LinearAlgebra.PosDefException(641)
LinearAlgebra.PosDefException(908)
LinearAlgebra.PosDefException(7)
LinearAlgebra.PosDefException(5)
LinearAlgebra.PosDefException(4)
LinearAlgebra.PosDefException(5)
LinearAlgebra.PosDefException(5)
LinearAlgebra.PosDefException(5)
LinearAlgebra.PosDefException(7)
LinearAlgebra.PosDefException(10)
LinearAlgebra.PosDefException(71)
LinearAlgebra.PosDefException(149)
LinearAlgebra.PosDefException(276)
LinearAlgebra.PosDefException(557)
LinearAlgebra.PosDefException(618)
LinearAlgebra.PosDefException(653)
LinearAlgebra.PosDefException(685)
LinearAlgebra.PosDefException(768)
LinearAlgebra.PosDefException(735)
LinearAlgebra.PosDefException(759)
LinearAlgebra.PosDefException(781)
LinearAlgebra.PosDefException(749)
LinearAlgebra.PosDefException(865)
LinearAlgebra.PosDefException(796)
LinearAlgebra.PosDefException(962)
LinearAlgebra.PosDefException(849)
LinearAlgebra.PosDefException(869)
LinearAlgebra.PosDefException(888)
LinearAlgebra.PosDefException(918)
LinearAlgebra.PosDefException(757)
LinearAlgebra.PosDefException(889)
LinearAlgebra.PosDefException(986)
LinearAlgebra.PosDefException(877)
LinearAlgebra.PosDefException(894)
LinearAlgebra.PosDefException(751)
LinearAlgebra.PosDefException(815)
LinearAlgebra.PosDefException(841)
LinearAlgebra.PosDefException(774)
LinearAlgebra.PosDefException(766)
LinearAlgebra.PosDefException(759)
LinearAlgebra.PosDefException(861)
LinearAlgebra.PosDefException(716)
LinearAlgebra.PosDefException(803)
LinearAlgebra.PosDefException(756)
LinearAlgebra.PosDefException(900)
LinearAlgebra.PosDefException(672)
LinearAlgebra.PosDefException(913)
LinearAlgebra.PosDefException(981)
LinearAlgebra.PosDefException(790)
LinearAlgebra.PosDefException(868)
LinearAlgebra.PosDefException(807)
Noise level is too low, using  AAA
DEBUG [determine_optimal_points_count]: Large num points: 1
DEBUG [determine_optimal_points_count]: Good num points: 1
DEBUG [multipoint_parameter_estimation]: Parameter estimation using this many points: 1

DEBUG [pick_points]: Starting point selection...
DEBUG [pick_points]: Number of points to pick: 1
DEBUG [pick_points]: Total points available: 1001
DEBUG [pick_points]: Number of interpolants: 4

DEBUG [pick_points]: Computing interestingness scores...
DEBUG [pick_points]: Processed 100 points
DEBUG [pick_points]: Processed 200 points
DEBUG [pick_points]: Processed 300 points
DEBUG [pick_points]: Processed 400 points
DEBUG [pick_points]: Processed 500 points
DEBUG [pick_points]: Processed 600 points
DEBUG [pick_points]: Processed 700 points
DEBUG [pick_points]: Processed 800 points
DEBUG [pick_points]: Processed 900 points
DEBUG [pick_points]: Processed 1000 points

DEBUG [pick_points]: Score statistics:
DEBUG [pick_points]: Min score: 0.2628653356307075
DEBUG [pick_points]: Max score: 1.0897101112233953
DEBUG [pick_points]: Mean score: 0.5042686798208257
DEBUG [pick_points]: Normalized scores

DEBUG [pick_points]: Selected 1 points
DEBUG [pick_points]: Selected time points: [-0.998]
aa_system
Any[_t2_p_t_ - 4424458593212197//9007199254740992, _t2_e_t_ - 4484317123200305//18014398509481984, _t2_eˍt_t_ + 2486498874577//70368744177664, _t2_eˍtt_t_ + 9486179675//68719476736, _t2_eˍttt_t_ - 46181527//134217728, _t2_eˍtttt_t_ + 1431//2048, _t2_s_t_ + _t2_m_t_ - 6963457419816659//4503599627370496, _t2_sˍt_t_ + _t2_mˍt_t_ + 3524779675645//8796093022208, _t2_mˍtt_t_ + _t2_sˍtt_t_ - 435471757//2147483648, _t2_mˍttt_t_ + _t2_sˍttt_t_ + 7912263//16777216, _t2_sˍtttt_t_ + _t2_mˍtttt_t_ - 13045//8192, _t2_mˍttttt_t_ + _t2_sˍttttt_t_ - 51//4, _t2_n_t_ - 4818944578738831//18014398509481984, _t2_nˍt_t_ + 4347647958409//17592186044416, _t2_nˍtt_t_ - 9754737337//34359738368, _t2_nˍttt_t_ + 7117831//16777216, _t2_nˍtttt_t_ - 26651//32768, _t2_nˍttttt_t_ - 11//32, -_tprhoE_*_t2_e_t_*_t2_p_t_ + _tpdeltaEL_*_t2_e_t_ + _tpmuEE_*_t2_e_t_^2 - _tpdeltaNE_*_t2_n_t_*_t2_p_t_ + _t2_eˍt_t_, -_tprhoE_*_t2_e_t_*_t2_pˍt_t_ - _tprhoE_*_t2_p_t_*_t2_eˍt_t_ + _tpdeltaEL_*_t2_eˍt_t_ + 2*_tpmuEE_*_t2_e_t_*_t2_eˍt_t_ - _tpdeltaNE_*_t2_n_t_*_t2_pˍt_t_ - _tpdeltaNE_*_t2_p_t_*_t2_nˍt_t_ + _t2_eˍtt_t_, -_tprhoE_*_t2_e_t_*_t2_pˍtt_t_ - _tprhoE_*_t2_p_t_*_t2_eˍtt_t_ - 2*_tprhoE_*_t2_eˍt_t_*_t2_pˍt_t_ + _tpdeltaEL_*_t2_eˍtt_t_ + 2*_tpmuEE_*_t2_e_t_*_t2_eˍtt_t_ + 2*_tpmuEE_*_t2_eˍt_t_^2 - _tpdeltaNE_*_t2_n_t_*_t2_pˍtt_t_ - _tpdeltaNE_*_t2_p_t_*_t2_nˍtt_t_ - 2*_tpdeltaNE_*_t2_nˍt_t_*_t2_pˍt_t_ + _t2_eˍttt_t_, -_tprhoE_*_t2_e_t_*_t2_pˍttt_t_ - _tprhoE_*_t2_p_t_*_t2_eˍttt_t_ - 3*_tprhoE_*_t2_eˍt_t_*_t2_pˍtt_t_ - 3*_tprhoE_*_t2_eˍtt_t_*_t2_pˍt_t_ + _tpdeltaEL_*_t2_eˍttt_t_ + 2*_tpmuEE_*_t2_e_t_*_t2_eˍttt_t_ + 6*_tpmuEE_*_t2_eˍt_t_*_t2_eˍtt_t_ - _tpdeltaNE_*_t2_n_t_*_t2_pˍttt_t_ - _tpdeltaNE_*_t2_p_t_*_t2_nˍttt_t_ - 3*_tpdeltaNE_*_t2_nˍt_t_*_t2_pˍtt_t_ - 3*_tpdeltaNE_*_t2_nˍtt_t_*_t2_pˍt_t_ + _t2_eˍtttt_t_, _tpmuLL_*_t2_s_t_^2 - _tpdeltaEL_*_t2_s_t_ + _tpmuLE_*_t2_e_t_*_t2_s_t_ + _tpdeltaLM_*_t2_s_t_ + _t2_sˍt_t_, _tpmuM_*_t2_m_t_ - _tpdeltaLM_*_t2_s_t_ + _t2_mˍt_t_, _tpmuM_*_t2_mˍt_t_ - _tpdeltaLM_*_t2_sˍt_t_ + _t2_mˍtt_t_, 2*_tpmuLL_*_t2_s_t_*_t2_sˍt_t_ - _tpdeltaEL_*_t2_sˍt_t_ + _tpmuLE_*_t2_e_t_*_t2_sˍt_t_ + _tpmuLE_*_t2_s_t_*_t2_eˍt_t_ + _tpdeltaLM_*_t2_sˍt_t_ + _t2_sˍtt_t_, _tpmuM_*_t2_mˍtt_t_ - _tpdeltaLM_*_t2_sˍtt_t_ + _t2_mˍttt_t_, 2*_tpmuLL_*_t2_s_t_*_t2_sˍtt_t_ + 2*_tpmuLL_*_t2_sˍt_t_^2 - _tpdeltaEL_*_t2_sˍtt_t_ + _tpmuLE_*_t2_e_t_*_t2_sˍtt_t_ + _tpmuLE_*_t2_s_t_*_t2_eˍtt_t_ + 2*_tpmuLE_*_t2_eˍt_t_*_t2_sˍt_t_ + _tpdeltaLM_*_t2_sˍtt_t_ + _t2_sˍttt_t_, 2*_tpmuLL_*_t2_s_t_*_t2_sˍttt_t_ + 6*_tpmuLL_*_t2_sˍt_t_*_t2_sˍtt_t_ - _tpdeltaEL_*_t2_sˍttt_t_ + _tpmuLE_*_t2_e_t_*_t2_sˍttt_t_ + _tpmuLE_*_t2_s_t_*_t2_eˍttt_t_ + 3*_tpmuLE_*_t2_eˍt_t_*_t2_sˍtt_t_ + 3*_tpmuLE_*_t2_eˍtt_t_*_t2_sˍt_t_ + _tpdeltaLM_*_t2_sˍttt_t_ + _t2_sˍtttt_t_, _tpmuM_*_t2_mˍttt_t_ - _tpdeltaLM_*_t2_sˍttt_t_ + _t2_mˍtttt_t_, _tpmuM_*_t2_mˍtttt_t_ - _tpdeltaLM_*_t2_sˍtttt_t_ + _t2_mˍttttt_t_, 2*_tpmuLL_*_t2_s_t_*_t2_sˍtttt_t_ + 8*_tpmuLL_*_t2_sˍt_t_*_t2_sˍttt_t_ + 6*_tpmuLL_*_t2_sˍtt_t_^2 - _tpdeltaEL_*_t2_sˍtttt_t_ + _tpmuLE_*_t2_e_t_*_t2_sˍtttt_t_ + _tpmuLE_*_t2_s_t_*_t2_eˍtttt_t_ + 4*_tpmuLE_*_t2_eˍt_t_*_t2_sˍttt_t_ + 6*_tpmuLE_*_t2_eˍtt_t_*_t2_sˍtt_t_ + 4*_tpmuLE_*_t2_eˍttt_t_*_t2_sˍt_t_ + _tpdeltaLM_*_t2_sˍtttt_t_ + _t2_sˍttttt_t_, _tpmuN_*_t2_n_t_ + _tpdeltaNE_*_t2_n_t_*_t2_p_t_ + _t2_nˍt_t_, _tpmuN_*_t2_nˍt_t_ + _tpdeltaNE_*_t2_n_t_*_t2_pˍt_t_ + _tpdeltaNE_*_t2_p_t_*_t2_nˍt_t_ + _t2_nˍtt_t_, _tpmuN_*_t2_nˍtt_t_ + _tpdeltaNE_*_t2_n_t_*_t2_pˍtt_t_ + _tpdeltaNE_*_t2_p_t_*_t2_nˍtt_t_ + 2*_tpdeltaNE_*_t2_nˍt_t_*_t2_pˍt_t_ + _t2_nˍttt_t_, _tpmuN_*_t2_nˍttt_t_ + _tpdeltaNE_*_t2_n_t_*_t2_pˍttt_t_ + _tpdeltaNE_*_t2_p_t_*_t2_nˍttt_t_ + 3*_tpdeltaNE_*_t2_nˍt_t_*_t2_pˍtt_t_ + 3*_tpdeltaNE_*_t2_nˍtt_t_*_t2_pˍt_t_ + _t2_nˍtttt_t_, _tpmuN_*_t2_nˍtttt_t_ + _tpdeltaNE_*_t2_n_t_*_t2_pˍtttt_t_ + _tpdeltaNE_*_t2_p_t_*_t2_nˍtttt_t_ + 4*_tpdeltaNE_*_t2_nˍt_t_*_t2_pˍttt_t_ + 6*_tpdeltaNE_*_t2_nˍtt_t_*_t2_pˍtt_t_ + 4*_tpdeltaNE_*_t2_nˍttt_t_*_t2_pˍt_t_ + _t2_nˍttttt_t_, _tpmuPE_*_t2_e_t_*_t2_p_t_ + _tpmuPL_*_t2_s_t_*_t2_p_t_ - _tprhoP_*_t2_p_t_^2 + _tpmuP_*_t2_p_t_ + _t2_pˍt_t_, _tpmuPE_*_t2_e_t_*_t2_pˍt_t_ + _tpmuPE_*_t2_p_t_*_t2_eˍt_t_ + _tpmuPL_*_t2_s_t_*_t2_pˍt_t_ + _tpmuPL_*_t2_p_t_*_t2_sˍt_t_ - 2*_tprhoP_*_t2_p_t_*_t2_pˍt_t_ + _tpmuP_*_t2_pˍt_t_ + _t2_pˍtt_t_, _tpmuPE_*_t2_e_t_*_t2_pˍtt_t_ + _tpmuPE_*_t2_p_t_*_t2_eˍtt_t_ + 2*_tpmuPE_*_t2_eˍt_t_*_t2_pˍt_t_ + _tpmuPL_*_t2_s_t_*_t2_pˍtt_t_ + _tpmuPL_*_t2_p_t_*_t2_sˍtt_t_ + 2*_tpmuPL_*_t2_sˍt_t_*_t2_pˍt_t_ - 2*_tprhoP_*_t2_p_t_*_t2_pˍtt_t_ - 2*_tprhoP_*_t2_pˍt_t_^2 + _tpmuP_*_t2_pˍtt_t_ + _t2_pˍttt_t_, _tpmuPE_*_t2_e_t_*_t2_pˍttt_t_ + _tpmuPE_*_t2_p_t_*_t2_eˍttt_t_ + 3*_tpmuPE_*_t2_eˍt_t_*_t2_pˍtt_t_ + 3*_tpmuPE_*_t2_eˍtt_t_*_t2_pˍt_t_ + _tpmuPL_*_t2_s_t_*_t2_pˍttt_t_ + _tpmuPL_*_t2_p_t_*_t2_sˍttt_t_ + 3*_tpmuPL_*_t2_sˍt_t_*_t2_pˍtt_t_ + 3*_tpmuPL_*_t2_sˍtt_t_*_t2_pˍt_t_ - 2*_tprhoP_*_t2_p_t_*_t2_pˍttt_t_ - 6*_tprhoP_*_t2_pˍt_t_*_t2_pˍtt_t_ + _tpmuP_*_t2_pˍttt_t_ + _t2_pˍtttt_t_]
R
Multivariate polynomial ring in 41 variables over rationals
primes of bitsize 28
G-Q-Pt-FG-LT-LP(U)
G-Q-Pt-FG-LT-LP(U)
G-Q-Pt-FG-LT-LP(U)
G-Q-Pt-FG-LT-LP(U)
G-Q-Pt-FG-LT-LP(U)
G-Q-Pt-FG-LT-LP(U)
G-Q-Pt-FG-LT-LP(U)
G-Q-Pt-FG-LT-LP(U)
G-Q-Pt-FG-LT-LP(U)
G-Q-Pt-FG-LT-LP(C)
Dimension of the quotient :41
Degree of the radical :41
Use variable 32 as separating element
Run Groebner learn
Test cyclic optimization
Apply cyclic optimization 
Multi-modular computation (1 threads): G-Q-Pt-FG-LT-LP(C)
5-9-13-17-21-25-29-33-37-41-45-49-53-61-69-77-85-93-105-117-129-141-157-173-193-213-237-261-289-317-349-385-425-469-517-569-625-689-757-833-917-1009-1109-1221-1345-1481-1629-1793-1973-2173-2393-2633-2897-
check-G-Q-Pt-FG-LT-LP(C)
Nb Primes used :2897
┌ Warning: At t=-0.8932649309088075, dt was forced below floating point epsilon 1.1102230246251565e-16, and step error estimate = 1.0528306214429843. Aborting. There is either an error in your model specification or the true solution is unstable (or the true solution can not be represented in the precision of Float64).
└ @ SciMLBase ~/.julia/packages/SciMLBase/Pma4a/src/integrator_interface.jl:623
11-element Vector{Vector{Vector{BigFloat}}}:
 [[16.908936, 16.908966], [-0.03513819, -0.03513813], [0.35037041, 0.35037088], [0.56153107, 0.56153202], [0.12615466, 0.1261549], [243.38672, 243.38696], [0.66433716, 0.66433811], [995.31934, 995.32031], [-0.00097195152, -0.00097195059], [0.3457489, 0.34574938], [-3.2993965, -3.2993927], [0.52831173, 0.52831268], [-253.49414, -253.4939], [0.26750469, 0.26750517], [0.2489295, 0.24892974], [-62.518127, -62.518066], [64.064209, 64.064331], [0.49121332, 0.4912138], [-0.035335302, -0.035335243], [-0.13804221, -0.13804197], [0.34407902, 0.34407949], [-0.69873142, -0.69872952], [-255.96582, -255.96558], [255.56494, 255.56519], [2684.6484, 2684.6523], [-2684.4492, -2684.4453], [27083.156, 27083.188], [-27083.656, -27083.625], [-273856.0, -273855.5], [273857.0, 273857.5], [2.767552e+06, 2.767556e+06], [-2.767544e+06, -2.76754e+06], [-15.009903, -15.009888], [-0.2471354, -0.24713516], [0.28389978, 0.28390026], [-0.42425585, -0.42425537], [0.81332302, 0.81332493], [0.34374952, 0.34375048], [-0.39330244, -0.39330196], [0.41939402, 0.41939449], [-0.5669775, -0.56697655]]
 [[-303.53125, -303.53076], [0.072080612, 0.072080851], [0.35037041, 0.35037088], [0.56153107, 0.56153202], [0.12615466, 0.1261549], [2.5296097, 2.5296135], [0.66433716, 0.66433811], [8.1433411, 8.1433563], [-10.126968, -10.126953], [-194.57544, -194.5752], [31.193787, 31.193817], [0.52831173, 0.52831268], [-0.52339268, -0.52339172], [0.26750469, 0.26750517], [0.2489295, 0.24892974], [4.9781189, 4.9781265], [-3.4319267, -3.4319229], [0.49121332, 0.4912138], [-0.035335302, -0.035335243], [-0.13804221, -0.13804197], [0.34407902, 0.34407949], [-0.69873142, -0.69872952], [-6.4766541, -6.4766464], [6.0759277, 6.0759354], [-11.979935, -11.979919], [12.182693, 12.182709], [23.928223, 23.928253], [-24.399872, -24.399841], [49.350891, 49.350952], [-47.758545, -47.758484], [94.980591, 94.980713], [-82.230713, -82.230591], [-15.009903, -15.009888], [-0.2471354, -0.24713516], [0.28389978, 0.28390026], [-0.42425585, -0.42425537], [0.81332302, 0.81332493], [0.34374952, 0.34375048], [-0.39330244, -0.39330196], [0.41939402, 0.41939449], [-0.5669775, -0.56697655]]
 [[67.663818, 67.66394], [-0.026150167, -0.026150137], [0.35037041, 0.35037088], [0.56153107, 0.56153202], [0.12615466, 0.1261549], [0.2763238, 0.27632427], [0.66433716, 0.66433811], [3.0952148, 3.0952187], [-0.90597439, -0.90597343], [-5.553009, -5.5530014], [-21.418884, -21.418854], [0.52831173, 0.52831268], [-1.9325809, -1.932579], [0.26750469, 0.26750517], [0.2489295, 0.24892974], [-2.9231453, -2.9231415], [4.4693375, 4.4693451], [0.49121332, 0.4912138], [-0.035335302, -0.035335243], [-0.13804221, -0.13804197], [0.34407902, 0.34407949], [-0.69873142, -0.69872952], [-4.814949, -4.8149414], [4.4142227, 4.4142303], [8.0855103, 8.0855255], [-7.8827438, -7.8827362], [12.999802, 12.999817], [-13.47142, -13.471405], [-20.850037, -20.850006], [22.442413, 22.442444], [34.092957, 34.093018], [-21.342987, -21.342957], [-15.009903, -15.009888], [-0.2471354, -0.24713516], [0.28389978, 0.28390026], [-0.42425585, -0.42425537], [0.81332302, 0.81332493], [0.34374952, 0.34375048], [-0.39330244, -0.39330196], [0.41939402, 0.41939449], [-0.5669775, -0.56697655]]
 [[103.67761, 103.67773], [0.2741127, 0.27411318], [0.35037041, 0.35037088], [0.56153107, 0.56153202], [0.12615466, 0.1261549], [-71.579712, -71.57959], [0.66433716, 0.66433811], [-1.331171, -1.3311691], [-79.866455, -79.866333], [-73.424927, -73.424805], [63.671265, 63.671326], [0.52831173, 0.52831268], [0.72390842, 0.72390938], [0.26750469, 0.26750517], [0.2489295, 0.24892974], [1.5619373, 1.5619392], [-0.01573959, -0.01573956], [0.49121332, 0.4912138], [-0.035335302, -0.035335243], [-0.13804221, -0.13804197], [0.34407902, 0.34407949], [-0.69873142, -0.69872952], [-0.40478754, -0.40478706], [0.0040663555, 0.004066363], [-0.0019605607, -0.001960557], [0.20474267, 0.20474291], [0.0078791082, 0.0078791231], [-0.47948694, -0.47948647], [1.3755264, 1.3755283], [0.21687937, 0.21687961], [16.519897, 16.519928], [-3.7699165, -3.7699127], [-15.009903, -15.009888], [-0.2471354, -0.24713516], [0.28389978, 0.28390026], [-0.42425585, -0.42425537], [0.81332302, 0.81332493], [0.34374952, 0.34375048], [-0.39330244, -0.39330196], [0.41939402, 0.41939449], [-0.5669775, -0.56697655]]
 [[944.83594, 944.83691], [1.5008717, 1.5008736], [0.35037041, 0.35037088], [0.56153107, 0.56153202], [0.12615466, 0.1261549], [-3.5000992, -3.5000954], [0.66433716, 0.66433811], [14.152954, 14.152969], [108.93225, 108.93237], [-46.641113, -46.641052], [294.89648, 294.89697], [0.52831173, 0.52831268], [4.7400208, 4.7400284], [0.26750469, 0.26750517], [0.2489295, 0.24892974], [-5.069252, -5.0692444], [6.6154404, 6.615448], [0.49121332, 0.4912138], [-0.035335302, -0.035335243], [-0.13804221, -0.13804197], [0.34407902, 0.34407949], [-0.69873142, -0.69872952], [0.47292995, 0.47293043], [-0.8736515, -0.87365055], [-0.81616402, -0.81616306], [1.0189457, 1.0189476], [1.973175, 1.973177], [-2.4447861, -2.4447823], [6.2744293, 6.274437], [-4.6820297, -4.6820221], [13.353409, 13.353424], [-0.60342216, -0.60342121], [-15.009903, -15.009888], [-0.2471354, -0.24713516], [0.28389978, 0.28390026], [-0.42425585, -0.42425537], [0.81332302, 0.81332493], [0.34374952, 0.34375048], [-0.39330244, -0.39330196], [0.41939402, 0.41939449], [-0.5669775, -0.56697655]]
 [[-58.369202, -58.369141], [-117.92615, -117.92603], [0.35037041, 0.35037088], [0.56153107, 0.56153202], [0.12615466, 0.1261549], [0.1448679, 0.14486814], [0.66433716, 0.66433811], [-38.759583, -38.759521], [-63.953613, -63.953552], [-7.6569595, -7.6569519], [7.4369736, 7.4369812], [0.52831173, 0.52831268], [2.4120483, 2.4120522], [0.26750469, 0.26750517], [0.2489295, 0.24892974], [-0.064614296, -0.064614177], [1.6108112, 1.6108131], [0.49121332, 0.4912138], [-0.035335302, -0.035335243], [-0.13804221, -0.13804197], [0.34407902, 0.34407949], [-0.69873142, -0.69872952], [-0.011512965, -0.01151295], [-0.38920832, -0.38920784], [0.028613955, 0.028613985], [0.17416835, 0.17416859], [0.41595745, 0.41595793], [-0.88756561, -0.88756466], [3.7935181, 3.7935219], [-2.2011147, -2.2011108], [9.4690247, 9.4690399], [3.2809677, 3.2809715], [-15.009903, -15.009888], [-0.2471354, -0.24713516], [0.28389978, 0.28390026], [-0.42425585, -0.42425537], [0.81332302, 0.81332493], [0.34374952, 0.34375048], [-0.39330244, -0.39330196], [0.41939402, 0.41939449], [-0.5669775, -0.56697655]]
 [[-47.861572, -47.861511], [-1966.9277, -1966.9258], [0.35037041, 0.35037088], [0.56153107, 0.56153202], [0.12615466, 0.1261549], [0.29865026, 0.29865074], [0.66433716, 0.66433811], [39.850769, 39.85083], [-592.60156, -592.60059], [-10.454269, -10.454254], [5.3718262, 5.3718338], [0.52831173, 0.52831268], [-17.686279, -17.686249], [0.26750469, 0.26750517], [0.2489295, 0.24892974], [-0.0037254766, -0.0037254728], [1.5499229, 1.5499249], [0.49121332, 0.4912138], [-0.035335302, -0.035335243], [-0.13804221, -0.13804197], [0.34407902, 0.34407949], [-0.69873142, -0.69872952], [-0.0037255585, -0.0037255548], [-0.39699554, -0.39699507], [0.18445396, 0.1844542], [0.018328279, 0.018328309], [-0.37924623, -0.37924576], [-0.092361569, -0.09236145], [-0.15438437, -0.15438414], [1.7467899, 1.7467918], [2.2088013, 2.2088051], [10.541183, 10.541199], [-15.009903, -15.009888], [-0.2471354, -0.24713516], [0.28389978, 0.28390026], [-0.42425585, -0.42425537], [0.81332302, 0.81332493], [0.34374952, 0.34375048], [-0.39330244, -0.39330196], [0.41939402, 0.41939449], [-0.5669775, -0.56697655]]
 [[-1265.6523, -1265.6504], [-503.66553, -503.66504], [0.35037041, 0.35037088], [0.56153107, 0.56153202], [0.12615466, 0.1261549], [0.8740015, 0.87400246], [0.66433716, 0.66433811], [129.67993, 129.68018], [5029.0156, 5029.0234], [12.638107, 12.638123], [-99.230225, -99.230103], [0.52831173, 0.52831268], [10.592453, 10.592468], [0.26750469, 0.26750517], [0.2489295, 0.24892974], [0.083773136, 0.083773255], [1.4624233, 1.4624252], [0.49121332, 0.4912138], [-0.035335302, -0.035335243], [-0.13804221, -0.13804197], [0.34407902, 0.34407949], [-0.69873142, -0.69872952], [-0.0099235028, -0.0099234879], [-0.39079762, -0.39079714], [0.23644352, 0.23644376], [-0.033661246, -0.033661187], [-0.56320763, -0.56320667], [0.091599703, 0.091599822], [0.12989521, 0.12989545], [1.4625111, 1.462513], [0.097672462, 0.097672582], [12.652313, 12.652328], [-15.009903, -15.009888], [-0.2471354, -0.24713516], [0.28389978, 0.28390026], [-0.42425585, -0.42425537], [0.81332302, 0.81332493], [0.34374952, 0.34375048], [-0.39330244, -0.39330196], [0.41939402, 0.41939449], [-0.5669775, -0.56697655]]
 [[710.74414, 710.74512], [300.58545, 300.58594], [0.35037041, 0.35037088], [0.56153107, 0.56153202], [0.12615466, 0.1261549], [0.51224995, 0.5122509], [0.66433716, 0.66433811], [149.15552, 149.15576], [1447.9551, 1447.957], [-9.0493622, -9.0493469], [-24.359528, -24.359497], [0.52831173, 0.52831268], [-3.9573021, -3.9572983], [0.26750469, 0.26750517], [0.2489295, 0.24892974], [-0.10788345, -0.10788333], [1.6540813, 1.6540833], [0.49121332, 0.4912138], [-0.035335302, -0.035335243], [-0.13804221, -0.13804197], [0.34407902, 0.34407949], [-0.69873142, -0.69872952], [0.019655824, 0.019655854], [-0.42037725, -0.42037678], [0.13755417, 0.13755441], [0.065228105, 0.065228224], [-0.32858992, -0.32858944], [-0.14301825, -0.14301801], [0.85812092, 0.85812187], [0.73428535, 0.73428631], [-3.7719841, -3.7719803], [16.521973, 16.522003], [-15.009903, -15.009888], [-0.2471354, -0.24713516], [0.28389978, 0.28390026], [-0.42425585, -0.42425537], [0.81332302, 0.81332493], [0.34374952, 0.34375048], [-0.39330244, -0.39330196], [0.41939402, 0.41939449], [-0.5669775, -0.56697655]]
 [[-1572.4121, -1572.4102], [2.5907745, 2.5907784], [0.35037041, 0.35037088], [0.56153107, 0.56153202], [0.12615466, 0.1261549], [8.6109314, 8.6109467], [0.66433716, 0.66433811], [-39.61615, -39.616089], [96.27832, 96.278442], [-44.995605, -44.995544], [-264.41309, -264.4126], [0.52831173, 0.52831268], [-6.5915451, -6.5915375], [0.26750469, 0.26750517], [0.2489295, 0.24892974], [6.5905762, 6.5905838], [-5.0443878, -5.0443802], [0.49121332, 0.4912138], [-0.035335302, -0.035335243], [-0.13804221, -0.13804197], [0.34407902, 0.34407949], [-0.69873142, -0.69872952], [-0.39549351, -0.39549303], [-0.005227983, -0.0052279755], [2.6519241, 2.6519279], [-2.4491463, -2.4491425], [-6.6919403, -6.6919327], [6.2203293, 6.2203369], [-15.029892, -15.029877], [16.622284, 16.622314], [-44.063416, -44.063354], [56.813354, 56.813416], [-15.009903, -15.009888], [-0.2471354, -0.24713516], [0.28389978, 0.28390026], [-0.42425585, -0.42425537], [0.81332302, 0.81332493], [0.34374952, 0.34375048], [-0.39330244, -0.39330196], [0.41939402, 0.41939449], [-0.5669775, -0.56697655]]
 [[-19.700836, -19.700806], [-814.93457, -814.93359], [0.35037041, 0.35037088], [0.56153107, 0.56153202], [0.12615466, 0.1261549], [0.24087644, 0.24087667], [0.66433716, 0.66433811], [-47.155884, -47.155823], [52.290405, 52.290466], [-3.9864464, -3.9864426], [3.8900871, 3.8900909], [0.52831173, 0.52831268], [14.656281, 14.656296], [0.26750469, 0.26750517], [0.2489295, 0.24892974], [-0.0027442388, -0.0027442351], [1.5489407, 1.5489426], [0.49121332, 0.4912138], [-0.035335302, -0.035335243], [-0.13804221, -0.13804197], [0.34407902, 0.34407949], [-0.69873142, -0.69872952], [0.012603298, 0.012603313], [-0.41332436, -0.41332388], [0.28427744, 0.28427792], [-0.081495523, -0.081495404], [-1.2628994, -1.2628975], [0.79128933, 0.79129028], [-10.309189, -10.309174], [11.901581, 11.901596], [-153.96118, -153.96094], [166.71094, 166.71118], [-15.009903, -15.009888], [-0.2471354, -0.24713516], [0.28389978, 0.28390026], [-0.42425585, -0.42425537], [0.81332302, 0.81332493], [0.34374952, 0.34375048], [-0.39330244, -0.39330196], [0.41939402, 0.41939449], [-0.5669775, -0.56697655]]
















