LinearAlgebra.PosDefException(2)
LinearAlgebra.PosDefException(2)
LinearAlgebra.PosDefException(3)
LinearAlgebra.PosDefException(3)
LinearAlgebra.PosDefException(3)
LinearAlgebra.PosDefException(5)
LinearAlgebra.PosDefException(92)
LinearAlgebra.PosDefException(3)
LinearAlgebra.PosDefException(2)
LinearAlgebra.PosDefException(2)
LinearAlgebra.PosDefException(2)
LinearAlgebra.PosDefException(4)
LinearAlgebra.PosDefException(3)
LinearAlgebra.PosDefException(4)
LinearAlgebra.PosDefException(44)
LinearAlgebra.PosDefException(2)
LinearAlgebra.PosDefException(2)
LinearAlgebra.PosDefException(2)
LinearAlgebra.PosDefException(3)
LinearAlgebra.PosDefException(3)
LinearAlgebra.PosDefException(3)
LinearAlgebra.PosDefException(4)
LinearAlgebra.PosDefException(5)
LinearAlgebra.PosDefException(128)
LinearAlgebra.PosDefException(2)
LinearAlgebra.PosDefException(2)
LinearAlgebra.PosDefException(3)
LinearAlgebra.PosDefException(3)
LinearAlgebra.PosDefException(3)
LinearAlgebra.PosDefException(7)
LinearAlgebra.PosDefException(4)
LinearAlgebra.PosDefException(7)
LinearAlgebra.PosDefException(54)
LinearAlgebra.PosDefException(354)
LinearAlgebra.PosDefException(3)
LinearAlgebra.PosDefException(2)
LinearAlgebra.PosDefException(2)
LinearAlgebra.PosDefException(2)
LinearAlgebra.PosDefException(2)
LinearAlgebra.PosDefException(3)
LinearAlgebra.PosDefException(3)
LinearAlgebra.PosDefException(5)
LinearAlgebra.PosDefException(4)
LinearAlgebra.PosDefException(6)
LinearAlgebra.PosDefException(34)
LinearAlgebra.PosDefException(164)
LinearAlgebra.PosDefException(434)
LinearAlgebra.PosDefException(5)
LinearAlgebra.PosDefException(7)
LinearAlgebra.PosDefException(7)
LinearAlgebra.PosDefException(7)
LinearAlgebra.PosDefException(5)
LinearAlgebra.PosDefException(6)
LinearAlgebra.PosDefException(8)
LinearAlgebra.PosDefException(40)
LinearAlgebra.PosDefException(141)
LinearAlgebra.PosDefException(308)
LinearAlgebra.PosDefException(5)
LinearAlgebra.PosDefException(6)
LinearAlgebra.PosDefException(5)
LinearAlgebra.PosDefException(5)
LinearAlgebra.PosDefException(7)
LinearAlgebra.PosDefException(7)
LinearAlgebra.PosDefException(5)
LinearAlgebra.PosDefException(8)
LinearAlgebra.PosDefException(47)
LinearAlgebra.PosDefException(156)
LinearAlgebra.PosDefException(304)
LinearAlgebra.PosDefException(313)
LinearAlgebra.PosDefException(522)
LinearAlgebra.PosDefException(1)
LinearAlgebra.PosDefException(1)
LinearAlgebra.PosDefException(1)
LinearAlgebra.PosDefException(1)
LinearAlgebra.PosDefException(1)
LinearAlgebra.PosDefException(1)
LinearAlgebra.PosDefException(5)
LinearAlgebra.PosDefException(5)
LinearAlgebra.PosDefException(5)
LinearAlgebra.PosDefException(6)
LinearAlgebra.PosDefException(6)
LinearAlgebra.PosDefException(5)
LinearAlgebra.PosDefException(5)
LinearAlgebra.PosDefException(8)
LinearAlgebra.PosDefException(39)
LinearAlgebra.PosDefException(131)
LinearAlgebra.PosDefException(283)
LinearAlgebra.PosDefException(307)
LinearAlgebra.PosDefException(323)
LinearAlgebra.PosDefException(361)
LinearAlgebra.PosDefException(488)
LinearAlgebra.PosDefException(5)
LinearAlgebra.PosDefException(5)
LinearAlgebra.PosDefException(5)
LinearAlgebra.PosDefException(6)
LinearAlgebra.PosDefException(6)
LinearAlgebra.PosDefException(7)
LinearAlgebra.PosDefException(7)
LinearAlgebra.PosDefException(9)
LinearAlgebra.PosDefException(45)
LinearAlgebra.PosDefException(157)
LinearAlgebra.PosDefException(308)
LinearAlgebra.PosDefException(303)
LinearAlgebra.PosDefException(326)
LinearAlgebra.PosDefException(333)
LinearAlgebra.PosDefException(379)
LinearAlgebra.PosDefException(423)
LinearAlgebra.PosDefException(579)
LinearAlgebra.PosDefException(681)
LinearAlgebra.PosDefException(4)
LinearAlgebra.PosDefException(8)
LinearAlgebra.PosDefException(7)
LinearAlgebra.PosDefException(5)
LinearAlgebra.PosDefException(5)
LinearAlgebra.PosDefException(5)
LinearAlgebra.PosDefException(5)
LinearAlgebra.PosDefException(6)
LinearAlgebra.PosDefException(40)
LinearAlgebra.PosDefException(154)
LinearAlgebra.PosDefException(293)
LinearAlgebra.PosDefException(303)
LinearAlgebra.PosDefException(315)
LinearAlgebra.PosDefException(338)
LinearAlgebra.PosDefException(358)
LinearAlgebra.PosDefException(456)
LinearAlgebra.PosDefException(536)
LinearAlgebra.PosDefException(657)
LinearAlgebra.PosDefException(667)
LinearAlgebra.PosDefException(761)
LinearAlgebra.PosDefException(846)
LinearAlgebra.PosDefException(831)
LinearAlgebra.PosDefException(852)
LinearAlgebra.PosDefException(860)
LinearAlgebra.PosDefException(842)
LinearAlgebra.PosDefException(720)
LinearAlgebra.PosDefException(877)
LinearAlgebra.PosDefException(892)
LinearAlgebra.PosDefException(819)
LinearAlgebra.PosDefException(850)
LinearAlgebra.PosDefException(809)
LinearAlgebra.PosDefException(932)
LinearAlgebra.PosDefException(843)
LinearAlgebra.PosDefException(805)
LinearAlgebra.PosDefException(812)
LinearAlgebra.PosDefException(941)
LinearAlgebra.PosDefException(772)
LinearAlgebra.PosDefException(826)
LinearAlgebra.PosDefException(818)
LinearAlgebra.PosDefException(880)
LinearAlgebra.PosDefException(970)
LinearAlgebra.PosDefException(884)
LinearAlgebra.PosDefException(727)
LinearAlgebra.PosDefException(876)
LinearAlgebra.PosDefException(874)
LinearAlgebra.PosDefException(878)
LinearAlgebra.PosDefException(810)
LinearAlgebra.PosDefException(975)
LinearAlgebra.PosDefException(798)
LinearAlgebra.PosDefException(904)
LinearAlgebra.PosDefException(759)
LinearAlgebra.PosDefException(759)
LinearAlgebra.PosDefException(1)
LinearAlgebra.PosDefException(1)
LinearAlgebra.PosDefException(1)
LinearAlgebra.PosDefException(863)
LinearAlgebra.PosDefException(789)
LinearAlgebra.PosDefException(881)
LinearAlgebra.PosDefException(850)
LinearAlgebra.PosDefException(909)
LinearAlgebra.PosDefException(866)
LinearAlgebra.PosDefException(811)
LinearAlgebra.PosDefException(944)
LinearAlgebra.PosDefException(887)
LinearAlgebra.PosDefException(941)
LinearAlgebra.PosDefException(834)
LinearAlgebra.PosDefException(865)
LinearAlgebra.PosDefException(800)
LinearAlgebra.PosDefException(782)
LinearAlgebra.PosDefException(821)
LinearAlgebra.PosDefException(975)
LinearAlgebra.PosDefException(744)
LinearAlgebra.PosDefException(879)
LinearAlgebra.PosDefException(831)
LinearAlgebra.PosDefException(903)
LinearAlgebra.PosDefException(805)
LinearAlgebra.PosDefException(956)
LinearAlgebra.PosDefException(800)
LinearAlgebra.PosDefException(855)
LinearAlgebra.PosDefException(773)
LinearAlgebra.PosDefException(936)
LinearAlgebra.PosDefException(5)
LinearAlgebra.PosDefException(6)
LinearAlgebra.PosDefException(5)
LinearAlgebra.PosDefException(7)
LinearAlgebra.PosDefException(5)
LinearAlgebra.PosDefException(7)
LinearAlgebra.PosDefException(5)
LinearAlgebra.PosDefException(13)
LinearAlgebra.PosDefException(45)
LinearAlgebra.PosDefException(161)
LinearAlgebra.PosDefException(294)
LinearAlgebra.PosDefException(307)
LinearAlgebra.PosDefException(329)
LinearAlgebra.PosDefException(351)
LinearAlgebra.PosDefException(396)
LinearAlgebra.PosDefException(466)
LinearAlgebra.PosDefException(595)
LinearAlgebra.PosDefException(691)
LinearAlgebra.PosDefException(728)
LinearAlgebra.PosDefException(778)
LinearAlgebra.PosDefException(723)
LinearAlgebra.PosDefException(759)
LinearAlgebra.PosDefException(812)
LinearAlgebra.PosDefException(893)
LinearAlgebra.PosDefException(730)
LinearAlgebra.PosDefException(817)
LinearAlgebra.PosDefException(925)
LinearAlgebra.PosDefException(850)
LinearAlgebra.PosDefException(805)
LinearAlgebra.PosDefException(985)
LinearAlgebra.PosDefException(816)
LinearAlgebra.PosDefException(977)
LinearAlgebra.PosDefException(779)
LinearAlgebra.PosDefException(987)
LinearAlgebra.PosDefException(825)
LinearAlgebra.PosDefException(928)
LinearAlgebra.PosDefException(760)
LinearAlgebra.PosDefException(816)
LinearAlgebra.PosDefException(994)
LinearAlgebra.PosDefException(730)
LinearAlgebra.PosDefException(960)
LinearAlgebra.PosDefException(924)
LinearAlgebra.PosDefException(965)
LinearAlgebra.PosDefException(839)
LinearAlgebra.PosDefException(800)
LinearAlgebra.PosDefException(855)
LinearAlgebra.PosDefException(773)
LinearAlgebra.PosDefException(936)
Noise level is too low, using  AAA
LinearAlgebra.PosDefException(2)
LinearAlgebra.PosDefException(3)
LinearAlgebra.PosDefException(2)
LinearAlgebra.PosDefException(6)
LinearAlgebra.PosDefException(5)
LinearAlgebra.PosDefException(5)
LinearAlgebra.PosDefException(86)
LinearAlgebra.PosDefException(2)
LinearAlgebra.PosDefException(2)
LinearAlgebra.PosDefException(2)
LinearAlgebra.PosDefException(2)
LinearAlgebra.PosDefException(4)
LinearAlgebra.PosDefException(3)
LinearAlgebra.PosDefException(4)
LinearAlgebra.PosDefException(47)
LinearAlgebra.PosDefException(2)
LinearAlgebra.PosDefException(3)
LinearAlgebra.PosDefException(2)
LinearAlgebra.PosDefException(2)
LinearAlgebra.PosDefException(2)
LinearAlgebra.PosDefException(7)
LinearAlgebra.PosDefException(3)
LinearAlgebra.PosDefException(5)
LinearAlgebra.PosDefException(6)
LinearAlgebra.PosDefException(277)
LinearAlgebra.PosDefException(2)
LinearAlgebra.PosDefException(2)
LinearAlgebra.PosDefException(2)
LinearAlgebra.PosDefException(2)
LinearAlgebra.PosDefException(4)
LinearAlgebra.PosDefException(3)
LinearAlgebra.PosDefException(5)
LinearAlgebra.PosDefException(4)
LinearAlgebra.PosDefException(8)
LinearAlgebra.PosDefException(100)
LinearAlgebra.PosDefException(1)
LinearAlgebra.PosDefException(1)
LinearAlgebra.PosDefException(5)
LinearAlgebra.PosDefException(3)
LinearAlgebra.PosDefException(6)
LinearAlgebra.PosDefException(4)
LinearAlgebra.PosDefException(4)
LinearAlgebra.PosDefException(4)
LinearAlgebra.PosDefException(5)
LinearAlgebra.PosDefException(11)
LinearAlgebra.PosDefException(69)
LinearAlgebra.PosDefException(432)
LinearAlgebra.PosDefException(6)
LinearAlgebra.PosDefException(5)
LinearAlgebra.PosDefException(5)
LinearAlgebra.PosDefException(35)
LinearAlgebra.PosDefException(140)
LinearAlgebra.PosDefException(324)
LinearAlgebra.PosDefException(552)
LinearAlgebra.PosDefException(6)
LinearAlgebra.PosDefException(31)
LinearAlgebra.PosDefException(107)
LinearAlgebra.PosDefException(268)
LinearAlgebra.PosDefException(410)
LinearAlgebra.PosDefException(546)
LinearAlgebra.PosDefException(689)
LinearAlgebra.PosDefException(785)
LinearAlgebra.PosDefException(887)
Noise level is too low, using  AAA
DEBUG [determine_optimal_points_count]: Large num points: 1
DEBUG [determine_optimal_points_count]: Good num points: 1
DEBUG [multipoint_parameter_estimation]: Parameter estimation using this many points: 1

DEBUG [pick_points]: Starting point selection...
DEBUG [pick_points]: Number of points to pick: 1
DEBUG [pick_points]: Total points available: 1001
DEBUG [pick_points]: Number of interpolants: 2

DEBUG [pick_points]: Computing interestingness scores...
DEBUG [pick_points]: Processed 100 points
DEBUG [pick_points]: Processed 200 points
DEBUG [pick_points]: Processed 300 points
DEBUG [pick_points]: Processed 400 points
DEBUG [pick_points]: Processed 500 points
DEBUG [pick_points]: Processed 600 points
DEBUG [pick_points]: Processed 700 points
DEBUG [pick_points]: Processed 800 points
DEBUG [pick_points]: Processed 900 points
DEBUG [pick_points]: Processed 1000 points

DEBUG [pick_points]: Score statistics:
DEBUG [pick_points]: Min score: 0.13033936468020596
DEBUG [pick_points]: Max score: 0.4635270120892452
DEBUG [pick_points]: Mean score: 0.23204509295172493
DEBUG [pick_points]: Normalized scores

DEBUG [pick_points]: Selected 1 points
DEBUG [pick_points]: Selected time points: [-0.998]
aa_system
Any[_t2_x2_t_ - 8409980962782841//18014398509481984, _t2_x2ˍt_t_ + 167573971245//2199023255552, _t2_x2ˍtt_t_ + 4552984553//68719476736, _t2_x1_t_ - 7801833230003809//9007199254740992, _t2_x1ˍt_t_ + 903545053101//2199023255552, _t2_x1ˍtt_t_ - 12734621975//34359738368, _t2_x1ˍttt_t_ + 8615613//16777216, _t2_x1ˍtttt_t_ - 6605//8192, -_tpa21_*_t2_x1_t_ + _tpa12_*_t2_x2_t_ + _t2_x2ˍt_t_, -_tpa21_*_t2_x1ˍt_t_ + _tpa12_*_t2_x2ˍt_t_ + _t2_x2ˍtt_t_, -_tpa13_*_t2_x3_t_ + _tpa31_*_t2_x1_t_ + _tpa21_*_t2_x1_t_ - _tpa12_*_t2_x2_t_ + _tpa01_*_t2_x1_t_ + _t2_x1ˍt_t_, -_tpa13_*_t2_x3ˍt_t_ + _tpa31_*_t2_x1ˍt_t_ + _tpa21_*_t2_x1ˍt_t_ - _tpa12_*_t2_x2ˍt_t_ + _tpa01_*_t2_x1ˍt_t_ + _t2_x1ˍtt_t_, -_tpa13_*_t2_x3ˍtt_t_ + _tpa31_*_t2_x1ˍtt_t_ + _tpa21_*_t2_x1ˍtt_t_ - _tpa12_*_t2_x2ˍtt_t_ + _tpa01_*_t2_x1ˍtt_t_ + _t2_x1ˍttt_t_, -_tpa13_*_t2_x3ˍttt_t_ + _tpa31_*_t2_x1ˍttt_t_ + _tpa21_*_t2_x1ˍttt_t_ - _tpa12_*_t2_x2ˍttt_t_ + _tpa01_*_t2_x1ˍttt_t_ + _t2_x1ˍtttt_t_, _tpa13_*_t2_x3_t_ - _tpa31_*_t2_x1_t_ + _t2_x3ˍt_t_, _tpa13_*_t2_x3ˍt_t_ - _tpa31_*_t2_x1ˍt_t_ + _t2_x3ˍtt_t_, _tpa13_*_t2_x3ˍtt_t_ - _tpa31_*_t2_x1ˍtt_t_ + _t2_x3ˍttt_t_, -_tpa21_*_t2_x1ˍtt_t_ + _tpa12_*_t2_x2ˍtt_t_ + _t2_x2ˍttt_t_]
R
Multivariate polynomial ring in 18 variables over rationals
primes of bitsize 28
G-Q-Pt-FG-LT-LP(C)
Dimension of the quotient :1
Degree of the radical :1
Use last variable as separating element
Run Groebner learn
Test cyclic optimization
Apply cyclic optimization 
Multi-modular computation (1 threads): G-Q-Pt-FG-LT-LP(C)
5-9-13-17-21-25-
check-G-Q-Pt-FG-LT-LP(C)
Nb Primes used :25
1-element Vector{Vector{Vector{BigFloat}}}:
 [[0.55530548, 0.55530643], [0.21437716, 0.2143774], [0.29199982, 0.29200029], [0.70499992, 0.70500088], [0.77302551, 0.77302647], [0.86617661, 0.86617756], [0.46684742, 0.4668479], [0.66301823, 0.66301918], [-0.076203823, -0.076203704], [-0.066254735, -0.066254616], [-0.41088486, -0.41088438], [0.37062597, 0.37062645], [-0.51353073, -0.51352978], [0.80627346, 0.80627537], [-0.1824894, -0.18248916], [0.013252944, 0.013252959], [0.072094321, 0.07209444], [0.15493226, 0.1549325]]


