LinearAlgebra.PosDefException(2)
LinearAlgebra.PosDefException(2)
LinearAlgebra.PosDefException(2)
LinearAlgebra.PosDefException(4)
LinearAlgebra.PosDefException(3)
LinearAlgebra.PosDefException(5)
LinearAlgebra.PosDefException(56)
LinearAlgebra.PosDefException(2)
LinearAlgebra.PosDefException(2)
LinearAlgebra.PosDefException(2)
LinearAlgebra.PosDefException(2)
LinearAlgebra.PosDefException(5)
LinearAlgebra.PosDefException(4)
LinearAlgebra.PosDefException(5)
LinearAlgebra.PosDefException(41)
LinearAlgebra.PosDefException(2)
LinearAlgebra.PosDefException(2)
LinearAlgebra.PosDefException(3)
LinearAlgebra.PosDefException(5)
LinearAlgebra.PosDefException(4)
LinearAlgebra.PosDefException(4)
LinearAlgebra.PosDefException(32)
LinearAlgebra.PosDefException(3)
LinearAlgebra.PosDefException(5)
LinearAlgebra.PosDefException(4)
LinearAlgebra.PosDefException(5)
LinearAlgebra.PosDefException(4)
LinearAlgebra.PosDefException(7)
LinearAlgebra.PosDefException(7)
LinearAlgebra.PosDefException(69)
LinearAlgebra.PosDefException(279)
LinearAlgebra.PosDefException(34)
LinearAlgebra.PosDefException(95)
LinearAlgebra.PosDefException(234)
LinearAlgebra.PosDefException(349)
LinearAlgebra.PosDefException(484)
LinearAlgebra.PosDefException(585)
LinearAlgebra.PosDefException(919)
LinearAlgebra.PosDefException(1)
LinearAlgebra.PosDefException(1)
Noise level is too low, using  AAA
LinearAlgebra.PosDefException(2)
LinearAlgebra.PosDefException(6)
LinearAlgebra.PosDefException(2)
LinearAlgebra.PosDefException(5)
LinearAlgebra.PosDefException(3)
LinearAlgebra.PosDefException(4)
LinearAlgebra.PosDefException(85)
LinearAlgebra.PosDefException(2)
LinearAlgebra.PosDefException(2)
LinearAlgebra.PosDefException(2)
LinearAlgebra.PosDefException(2)
LinearAlgebra.PosDefException(3)
LinearAlgebra.PosDefException(4)
LinearAlgebra.PosDefException(4)
LinearAlgebra.PosDefException(51)
LinearAlgebra.PosDefException(6)
LinearAlgebra.PosDefException(4)
LinearAlgebra.PosDefException(5)
LinearAlgebra.PosDefException(4)
LinearAlgebra.PosDefException(4)
LinearAlgebra.PosDefException(134)
LinearAlgebra.PosDefException(3)
LinearAlgebra.PosDefException(2)
LinearAlgebra.PosDefException(2)
LinearAlgebra.PosDefException(2)
LinearAlgebra.PosDefException(2)
LinearAlgebra.PosDefException(2)
LinearAlgebra.PosDefException(4)
LinearAlgebra.PosDefException(3)
LinearAlgebra.PosDefException(4)
LinearAlgebra.PosDefException(5)
LinearAlgebra.PosDefException(9)
LinearAlgebra.PosDefException(13)
LinearAlgebra.PosDefException(147)
LinearAlgebra.PosDefException(12)
LinearAlgebra.PosDefException(6)
LinearAlgebra.PosDefException(8)
LinearAlgebra.PosDefException(6)
LinearAlgebra.PosDefException(5)
LinearAlgebra.PosDefException(33)
LinearAlgebra.PosDefException(158)
LinearAlgebra.PosDefException(324)
LinearAlgebra.PosDefException(364)
LinearAlgebra.PosDefException(631)
LinearAlgebra.PosDefException(11)
LinearAlgebra.PosDefException(8)
LinearAlgebra.PosDefException(7)
LinearAlgebra.PosDefException(5)
LinearAlgebra.PosDefException(7)
LinearAlgebra.PosDefException(5)
LinearAlgebra.PosDefException(6)
LinearAlgebra.PosDefException(43)
LinearAlgebra.PosDefException(144)
LinearAlgebra.PosDefException(284)
LinearAlgebra.PosDefException(285)
LinearAlgebra.PosDefException(317)
LinearAlgebra.PosDefException(387)
LinearAlgebra.PosDefException(484)
LinearAlgebra.PosDefException(282)
LinearAlgebra.PosDefException(316)
LinearAlgebra.PosDefException(355)
LinearAlgebra.PosDefException(427)
LinearAlgebra.PosDefException(542)
LinearAlgebra.PosDefException(664)
LinearAlgebra.PosDefException(822)
LinearAlgebra.PosDefException(715)
LinearAlgebra.PosDefException(5)
LinearAlgebra.PosDefException(6)
LinearAlgebra.PosDefException(6)
LinearAlgebra.PosDefException(7)
LinearAlgebra.PosDefException(5)
LinearAlgebra.PosDefException(8)
LinearAlgebra.PosDefException(5)
LinearAlgebra.PosDefException(30)
LinearAlgebra.PosDefException(78)
LinearAlgebra.PosDefException(172)
LinearAlgebra.PosDefException(283)
LinearAlgebra.PosDefException(293)
LinearAlgebra.PosDefException(325)
LinearAlgebra.PosDefException(335)
LinearAlgebra.PosDefException(441)
LinearAlgebra.PosDefException(520)
LinearAlgebra.PosDefException(601)
LinearAlgebra.PosDefException(626)
LinearAlgebra.PosDefException(659)
LinearAlgebra.PosDefException(907)
LinearAlgebra.PosDefException(713)
LinearAlgebra.PosDefException(700)
LinearAlgebra.PosDefException(685)
LinearAlgebra.PosDefException(737)
LinearAlgebra.PosDefException(776)
LinearAlgebra.PosDefException(727)
LinearAlgebra.PosDefException(678)
LinearAlgebra.PosDefException(834)
LinearAlgebra.PosDefException(681)
LinearAlgebra.PosDefException(867)
LinearAlgebra.PosDefException(805)
LinearAlgebra.PosDefException(8)
LinearAlgebra.PosDefException(7)
LinearAlgebra.PosDefException(5)
LinearAlgebra.PosDefException(6)
LinearAlgebra.PosDefException(7)
LinearAlgebra.PosDefException(6)
LinearAlgebra.PosDefException(5)
LinearAlgebra.PosDefException(8)
LinearAlgebra.PosDefException(44)
LinearAlgebra.PosDefException(141)
LinearAlgebra.PosDefException(265)
LinearAlgebra.PosDefException(283)
LinearAlgebra.PosDefException(302)
LinearAlgebra.PosDefException(342)
LinearAlgebra.PosDefException(398)
LinearAlgebra.PosDefException(457)
LinearAlgebra.PosDefException(486)
LinearAlgebra.PosDefException(595)
LinearAlgebra.PosDefException(667)
LinearAlgebra.PosDefException(678)
LinearAlgebra.PosDefException(723)
LinearAlgebra.PosDefException(818)
LinearAlgebra.PosDefException(9)
LinearAlgebra.PosDefException(5)
LinearAlgebra.PosDefException(5)
LinearAlgebra.PosDefException(5)
LinearAlgebra.PosDefException(6)
LinearAlgebra.PosDefException(7)
LinearAlgebra.PosDefException(6)
LinearAlgebra.PosDefException(6)
LinearAlgebra.PosDefException(43)
LinearAlgebra.PosDefException(139)
LinearAlgebra.PosDefException(284)
LinearAlgebra.PosDefException(288)
LinearAlgebra.PosDefException(303)
LinearAlgebra.PosDefException(314)
LinearAlgebra.PosDefException(351)
LinearAlgebra.PosDefException(435)
LinearAlgebra.PosDefException(508)
LinearAlgebra.PosDefException(554)
LinearAlgebra.PosDefException(584)
LinearAlgebra.PosDefException(728)
LinearAlgebra.PosDefException(829)
LinearAlgebra.PosDefException(665)
LinearAlgebra.PosDefException(822)
LinearAlgebra.PosDefException(772)
LinearAlgebra.PosDefException(589)
LinearAlgebra.PosDefException(684)
LinearAlgebra.PosDefException(679)
LinearAlgebra.PosDefException(827)
LinearAlgebra.PosDefException(750)
LinearAlgebra.PosDefException(615)
LinearAlgebra.PosDefException(647)
LinearAlgebra.PosDefException(10)
LinearAlgebra.PosDefException(5)
LinearAlgebra.PosDefException(5)
LinearAlgebra.PosDefException(5)
LinearAlgebra.PosDefException(5)
LinearAlgebra.PosDefException(5)
LinearAlgebra.PosDefException(5)
LinearAlgebra.PosDefException(12)
LinearAlgebra.PosDefException(75)
LinearAlgebra.PosDefException(144)
LinearAlgebra.PosDefException(279)
LinearAlgebra.PosDefException(290)
LinearAlgebra.PosDefException(305)
LinearAlgebra.PosDefException(347)
LinearAlgebra.PosDefException(395)
LinearAlgebra.PosDefException(434)
LinearAlgebra.PosDefException(512)
LinearAlgebra.PosDefException(571)
LinearAlgebra.PosDefException(740)
LinearAlgebra.PosDefException(613)
LinearAlgebra.PosDefException(730)
LinearAlgebra.PosDefException(684)
LinearAlgebra.PosDefException(734)
LinearAlgebra.PosDefException(681)
LinearAlgebra.PosDefException(765)
LinearAlgebra.PosDefException(725)
LinearAlgebra.PosDefException(10)
LinearAlgebra.PosDefException(5)
LinearAlgebra.PosDefException(5)
LinearAlgebra.PosDefException(5)
LinearAlgebra.PosDefException(5)
LinearAlgebra.PosDefException(5)
LinearAlgebra.PosDefException(5)
LinearAlgebra.PosDefException(12)
LinearAlgebra.PosDefException(75)
LinearAlgebra.PosDefException(144)
LinearAlgebra.PosDefException(279)
LinearAlgebra.PosDefException(290)
LinearAlgebra.PosDefException(302)
LinearAlgebra.PosDefException(334)
LinearAlgebra.PosDefException(395)
LinearAlgebra.PosDefException(434)
LinearAlgebra.PosDefException(512)
LinearAlgebra.PosDefException(630)
LinearAlgebra.PosDefException(641)
LinearAlgebra.PosDefException(613)
LinearAlgebra.PosDefException(755)
LinearAlgebra.PosDefException(694)
LinearAlgebra.PosDefException(714)
LinearAlgebra.PosDefException(731)
Noise level is too low, using  AAA
DEBUG [determine_optimal_points_count]: Large num points: 1
DEBUG [determine_optimal_points_count]: Good num points: 1
DEBUG [multipoint_parameter_estimation]: Parameter estimation using this many points: 1

DEBUG [pick_points]: Starting point selection...
DEBUG [pick_points]: Number of points to pick: 1
DEBUG [pick_points]: Total points available: 1001
DEBUG [pick_points]: Number of interpolants: 2

DEBUG [pick_points]: Computing interestingness scores...
DEBUG [pick_points]: Processed 100 points
DEBUG [pick_points]: Processed 200 points
DEBUG [pick_points]: Processed 300 points
DEBUG [pick_points]: Processed 400 points
DEBUG [pick_points]: Processed 500 points
DEBUG [pick_points]: Processed 600 points
DEBUG [pick_points]: Processed 700 points
DEBUG [pick_points]: Processed 800 points
DEBUG [pick_points]: Processed 900 points
DEBUG [pick_points]: Processed 1000 points

DEBUG [pick_points]: Score statistics:
DEBUG [pick_points]: Min score: 0.08390910790004134
DEBUG [pick_points]: Max score: 1.7226780362599903
DEBUG [pick_points]: Mean score: 0.4851714048200027
DEBUG [pick_points]: Normalized scores

DEBUG [pick_points]: Selected 1 points
DEBUG [pick_points]: Selected time points: [-0.998]
aa_system
Any[_t2_x2_t_ - 4821877801272933//9007199254740992, _t2_x2ˍt_t_ - 2947117895269//17592186044416, _t2_x2ˍtt_t_ + 994331981//2147483648, _t2_x1_t_ - 3697547118823155//4503599627370496, _t2_x1ˍt_t_ + 17383081221175//17592186044416, _t2_x1ˍtt_t_ - 58057019285//34359738368, _t2_x1ˍttt_t_ + 49182097//16777216, _t2_x1ˍtttt_t_ - 83409//16384, -_tpa21_*_t2_x1_t_ + _tpa12_*_t2_x2_t_ + _t2_x2ˍt_t_, -_tpa21_*_t2_x1ˍt_t_ + _tpa12_*_t2_x2ˍt_t_ + _t2_x2ˍtt_t_, -_tpa13_*_t2_x3_t_ + _tpa31_*_t2_x1_t_ + _tpa21_*_t2_x1_t_ - _tpa12_*_t2_x2_t_ + _tpa01_*_t2_x1_t_ + _t2_x1ˍt_t_, -_tpa13_*_t2_x3ˍt_t_ + _tpa31_*_t2_x1ˍt_t_ + _tpa21_*_t2_x1ˍt_t_ - _tpa12_*_t2_x2ˍt_t_ + _tpa01_*_t2_x1ˍt_t_ + _t2_x1ˍtt_t_, -_tpa13_*_t2_x3ˍtt_t_ + _tpa31_*_t2_x1ˍtt_t_ + _tpa21_*_t2_x1ˍtt_t_ - _tpa12_*_t2_x2ˍtt_t_ + _tpa01_*_t2_x1ˍtt_t_ + _t2_x1ˍttt_t_, -_tpa13_*_t2_x3ˍttt_t_ + _tpa31_*_t2_x1ˍttt_t_ + _tpa21_*_t2_x1ˍttt_t_ - _tpa12_*_t2_x2ˍttt_t_ + _tpa01_*_t2_x1ˍttt_t_ + _t2_x1ˍtttt_t_, _tpa13_*_t2_x3_t_ - _tpa31_*_t2_x1_t_ + _t2_x3ˍt_t_, _tpa13_*_t2_x3ˍt_t_ - _tpa31_*_t2_x1ˍt_t_ + _t2_x3ˍtt_t_, _tpa13_*_t2_x3ˍtt_t_ - _tpa31_*_t2_x1ˍtt_t_ + _t2_x3ˍttt_t_, -_tpa21_*_t2_x1ˍtt_t_ + _tpa12_*_t2_x2ˍtt_t_ + _t2_x2ˍttt_t_]
R
Multivariate polynomial ring in 18 variables over rationals
primes of bitsize 28
G-Q-Pt-FG-LT-LP(C)
Dimension of the quotient :1
Degree of the radical :1
Use last variable as separating element
Run Groebner learn
Test cyclic optimization
Apply cyclic optimization 
Multi-modular computation (1 threads): G-Q-Pt-FG-LT-LP(C)
5-9-13-17-21-25-
check-G-Q-Pt-FG-LT-LP(C)
Nb Primes used :25
1-element Vector{Vector{Vector{BigFloat}}}:
 [[0.25117302, 0.2511735], [0.80850601, 0.80850697], [0.41399956, 0.41400003], [0.32199955, 0.32200003], [0.28348207, 0.28348255], [0.82102013, 0.82102108], [0.53533554, 0.53533649], [0.30240154, 0.30240202], [0.1675241, 0.16752434], [-0.46302223, -0.46302176], [-0.98811436, -0.9881134], [1.6896801, 1.689682], [-2.9314842, -2.9314804], [5.0908737, 5.090889], [0.58784485, 0.5878458], [-0.94654751, -0.94654655], [1.6038647, 1.6038666], [0.84862041, 0.84862137]]


