LinearAlgebra.PosDefException(3)
LinearAlgebra.PosDefException(3)
LinearAlgebra.PosDefException(2)
LinearAlgebra.PosDefException(4)
LinearAlgebra.PosDefException(3)
LinearAlgebra.PosDefException(4)
LinearAlgebra.PosDefException(89)
LinearAlgebra.PosDefException(2)
LinearAlgebra.PosDefException(2)
LinearAlgebra.PosDefException(2)
LinearAlgebra.PosDefException(6)
LinearAlgebra.PosDefException(3)
LinearAlgebra.PosDefException(6)
LinearAlgebra.PosDefException(4)
LinearAlgebra.PosDefException(44)
LinearAlgebra.PosDefException(2)
LinearAlgebra.PosDefException(4)
LinearAlgebra.PosDefException(5)
LinearAlgebra.PosDefException(5)
LinearAlgebra.PosDefException(5)
LinearAlgebra.PosDefException(138)
LinearAlgebra.PosDefException(3)
LinearAlgebra.PosDefException(6)
LinearAlgebra.PosDefException(4)
LinearAlgebra.PosDefException(6)
LinearAlgebra.PosDefException(5)
LinearAlgebra.PosDefException(17)
LinearAlgebra.PosDefException(229)
LinearAlgebra.PosDefException(4)
LinearAlgebra.PosDefException(34)
LinearAlgebra.PosDefException(132)
LinearAlgebra.PosDefException(333)
LinearAlgebra.PosDefException(7)
LinearAlgebra.PosDefException(6)
LinearAlgebra.PosDefException(7)
LinearAlgebra.PosDefException(6)
LinearAlgebra.PosDefException(5)
LinearAlgebra.PosDefException(38)
LinearAlgebra.PosDefException(140)
LinearAlgebra.PosDefException(269)
LinearAlgebra.PosDefException(287)
LinearAlgebra.PosDefException(663)
LinearAlgebra.PosDefException(6)
LinearAlgebra.PosDefException(5)
LinearAlgebra.PosDefException(5)
LinearAlgebra.PosDefException(6)
LinearAlgebra.PosDefException(5)
LinearAlgebra.PosDefException(5)
LinearAlgebra.PosDefException(5)
LinearAlgebra.PosDefException(7)
LinearAlgebra.PosDefException(40)
LinearAlgebra.PosDefException(144)
LinearAlgebra.PosDefException(272)
LinearAlgebra.PosDefException(286)
LinearAlgebra.PosDefException(630)
LinearAlgebra.PosDefException(698)
LinearAlgebra.PosDefException(830)
LinearAlgebra.PosDefException(727)
LinearAlgebra.PosDefException(881)
LinearAlgebra.PosDefException(863)
LinearAlgebra.PosDefException(735)
LinearAlgebra.PosDefException(897)
LinearAlgebra.PosDefException(769)
LinearAlgebra.PosDefException(944)
LinearAlgebra.PosDefException(801)
LinearAlgebra.PosDefException(711)
LinearAlgebra.PosDefException(791)
LinearAlgebra.PosDefException(651)
LinearAlgebra.PosDefException(770)
LinearAlgebra.PosDefException(982)
LinearAlgebra.PosDefException(701)
LinearAlgebra.PosDefException(710)
LinearAlgebra.PosDefException(774)
LinearAlgebra.PosDefException(638)
LinearAlgebra.PosDefException(691)
LinearAlgebra.PosDefException(997)
LinearAlgebra.PosDefException(668)
LinearAlgebra.PosDefException(736)
LinearAlgebra.PosDefException(734)
LinearAlgebra.PosDefException(790)
Noise level is too low, using  AAA
LinearAlgebra.PosDefException(3)
LinearAlgebra.PosDefException(2)
LinearAlgebra.PosDefException(6)
LinearAlgebra.PosDefException(3)
LinearAlgebra.PosDefException(3)
LinearAlgebra.PosDefException(7)
LinearAlgebra.PosDefException(83)
LinearAlgebra.PosDefException(3)
LinearAlgebra.PosDefException(2)
LinearAlgebra.PosDefException(6)
LinearAlgebra.PosDefException(6)
LinearAlgebra.PosDefException(4)
LinearAlgebra.PosDefException(4)
LinearAlgebra.PosDefException(4)
LinearAlgebra.PosDefException(83)
LinearAlgebra.PosDefException(2)
LinearAlgebra.PosDefException(2)
LinearAlgebra.PosDefException(3)
LinearAlgebra.PosDefException(6)
LinearAlgebra.PosDefException(6)
LinearAlgebra.PosDefException(4)
LinearAlgebra.PosDefException(5)
LinearAlgebra.PosDefException(29)
LinearAlgebra.PosDefException(3)
LinearAlgebra.PosDefException(4)
LinearAlgebra.PosDefException(4)
LinearAlgebra.PosDefException(6)
LinearAlgebra.PosDefException(5)
LinearAlgebra.PosDefException(25)
LinearAlgebra.PosDefException(140)
LinearAlgebra.PosDefException(381)
LinearAlgebra.PosDefException(3)
LinearAlgebra.PosDefException(2)
LinearAlgebra.PosDefException(6)
LinearAlgebra.PosDefException(3)
LinearAlgebra.PosDefException(6)
LinearAlgebra.PosDefException(5)
LinearAlgebra.PosDefException(5)
LinearAlgebra.PosDefException(4)
LinearAlgebra.PosDefException(4)
LinearAlgebra.PosDefException(9)
LinearAlgebra.PosDefException(40)
LinearAlgebra.PosDefException(138)
LinearAlgebra.PosDefException(303)
LinearAlgebra.PosDefException(724)
LinearAlgebra.PosDefException(39)
LinearAlgebra.PosDefException(132)
LinearAlgebra.PosDefException(269)
LinearAlgebra.PosDefException(362)
LinearAlgebra.PosDefException(647)
LinearAlgebra.PosDefException(8)
LinearAlgebra.PosDefException(8)
LinearAlgebra.PosDefException(9)
LinearAlgebra.PosDefException(5)
LinearAlgebra.PosDefException(8)
LinearAlgebra.PosDefException(101)
LinearAlgebra.PosDefException(200)
LinearAlgebra.PosDefException(459)
LinearAlgebra.PosDefException(482)
LinearAlgebra.PosDefException(558)
LinearAlgebra.PosDefException(592)
LinearAlgebra.PosDefException(988)
Noise level is too low, using  AAA
DEBUG [determine_optimal_points_count]: Large num points: 1
DEBUG [determine_optimal_points_count]: Good num points: 1
DEBUG [multipoint_parameter_estimation]: Parameter estimation using this many points: 1

DEBUG [pick_points]: Starting point selection...
DEBUG [pick_points]: Number of points to pick: 1
DEBUG [pick_points]: Total points available: 1001
DEBUG [pick_points]: Number of interpolants: 2

DEBUG [pick_points]: Computing interestingness scores...
DEBUG [pick_points]: Processed 100 points
DEBUG [pick_points]: Processed 200 points
DEBUG [pick_points]: Processed 300 points
DEBUG [pick_points]: Processed 400 points
DEBUG [pick_points]: Processed 500 points
DEBUG [pick_points]: Processed 600 points
DEBUG [pick_points]: Processed 700 points
DEBUG [pick_points]: Processed 800 points
DEBUG [pick_points]: Processed 900 points
DEBUG [pick_points]: Processed 1000 points

DEBUG [pick_points]: Score statistics:
DEBUG [pick_points]: Min score: 0.07241538804710652
DEBUG [pick_points]: Max score: 0.6373883053596647
DEBUG [pick_points]: Mean score: 0.17965978531878424
DEBUG [pick_points]: Normalized scores

DEBUG [pick_points]: Selected 1 points
DEBUG [pick_points]: Selected time points: [-0.998]
aa_system
Any[_t2_x2_t_ - 1191273155250511//2251799813685248, _t2_x2ˍt_t_ - 35016981901//2199023255552, _t2_x2ˍtt_t_ - 5030736389//34359738368, _t2_x1_t_ - 1145053413502211//2251799813685248, _t2_x1ˍt_t_ - 283966065426825//1125899906842624, _t2_x1ˍtt_t_ + 24718250231//34359738368, _t2_x1ˍttt_t_ - 717836347//536870912, _t2_x1ˍtttt_t_ + 4733//2048, -_tpa21_*_t2_x1_t_ + _tpa12_*_t2_x2_t_ + _t2_x2ˍt_t_, -_tpa21_*_t2_x1ˍt_t_ + _tpa12_*_t2_x2ˍt_t_ + _t2_x2ˍtt_t_, -_tpa13_*_t2_x3_t_ + _tpa31_*_t2_x1_t_ + _tpa21_*_t2_x1_t_ - _tpa12_*_t2_x2_t_ + _tpa01_*_t2_x1_t_ + _t2_x1ˍt_t_, -_tpa13_*_t2_x3ˍt_t_ + _tpa31_*_t2_x1ˍt_t_ + _tpa21_*_t2_x1ˍt_t_ - _tpa12_*_t2_x2ˍt_t_ + _tpa01_*_t2_x1ˍt_t_ + _t2_x1ˍtt_t_, -_tpa13_*_t2_x3ˍtt_t_ + _tpa31_*_t2_x1ˍtt_t_ + _tpa21_*_t2_x1ˍtt_t_ - _tpa12_*_t2_x2ˍtt_t_ + _tpa01_*_t2_x1ˍtt_t_ + _t2_x1ˍttt_t_, -_tpa13_*_t2_x3ˍttt_t_ + _tpa31_*_t2_x1ˍttt_t_ + _tpa21_*_t2_x1ˍttt_t_ - _tpa12_*_t2_x2ˍttt_t_ + _tpa01_*_t2_x1ˍttt_t_ + _t2_x1ˍtttt_t_, _tpa13_*_t2_x3_t_ - _tpa31_*_t2_x1_t_ + _t2_x3ˍt_t_, _tpa13_*_t2_x3ˍt_t_ - _tpa31_*_t2_x1ˍt_t_ + _t2_x3ˍtt_t_, _tpa13_*_t2_x3ˍtt_t_ - _tpa31_*_t2_x1ˍtt_t_ + _t2_x3ˍttt_t_, -_tpa21_*_t2_x1ˍtt_t_ + _tpa12_*_t2_x2ˍtt_t_ + _t2_x2ˍttt_t_]
R
Multivariate polynomial ring in 18 variables over rationals
primes of bitsize 28
G-Q-Pt-FG-LT-LP(C)
Dimension of the quotient :1
Degree of the radical :1
Use last variable as separating element
Run Groebner learn
Test cyclic optimization
Apply cyclic optimization 
Multi-modular computation (1 threads): G-Q-Pt-FG-LT-LP(C)
5-9-13-17-21-25-29-
check-G-Q-Pt-FG-LT-LP(C)
Nb Primes used :29
1-element Vector{Vector{Vector{BigFloat}}}:
 [[0.86781311, 0.86781406], [0.12803602, 0.12803626], [0.61599922, 0.61600018], [0.56199932, 0.56200027], [0.44411898, 0.44411945], [0.50850582, 0.50850677], [0.5290308, 0.52903175], [0.64424038, 0.64424133], [0.015923858, 0.015923887], [0.14641356, 0.1464138], [0.25221252, 0.252213], [-0.71939659, -0.71939564], [1.3370743, 1.3370762], [-2.311039, -2.3110313], [-0.49397421, -0.49397373], [0.46096945, 0.46096992], [-0.49214458, -0.49214411], [-0.52543259, -0.52543163]]


