LinearAlgebra.PosDefException(2)
LinearAlgebra.PosDefException(2)
LinearAlgebra.PosDefException(2)
LinearAlgebra.PosDefException(3)
LinearAlgebra.PosDefException(3)
LinearAlgebra.PosDefException(4)
LinearAlgebra.PosDefException(44)
LinearAlgebra.PosDefException(2)
LinearAlgebra.PosDefException(2)
LinearAlgebra.PosDefException(2)
LinearAlgebra.PosDefException(2)
LinearAlgebra.PosDefException(4)
LinearAlgebra.PosDefException(3)
LinearAlgebra.PosDefException(4)
LinearAlgebra.PosDefException(53)
LinearAlgebra.PosDefException(6)
LinearAlgebra.PosDefException(4)
LinearAlgebra.PosDefException(4)
LinearAlgebra.PosDefException(4)
LinearAlgebra.PosDefException(6)
LinearAlgebra.PosDefException(5)
LinearAlgebra.PosDefException(6)
LinearAlgebra.PosDefException(5)
LinearAlgebra.PosDefException(8)
LinearAlgebra.PosDefException(7)
LinearAlgebra.PosDefException(6)
LinearAlgebra.PosDefException(7)
LinearAlgebra.PosDefException(7)
LinearAlgebra.PosDefException(8)
LinearAlgebra.PosDefException(6)
LinearAlgebra.PosDefException(6)
LinearAlgebra.PosDefException(7)
LinearAlgebra.PosDefException(95)
LinearAlgebra.PosDefException(1)
LinearAlgebra.PosDefException(1)
LinearAlgebra.PosDefException(2)
LinearAlgebra.PosDefException(2)
LinearAlgebra.PosDefException(3)
LinearAlgebra.PosDefException(3)
LinearAlgebra.PosDefException(3)
LinearAlgebra.PosDefException(4)
LinearAlgebra.PosDefException(7)
LinearAlgebra.PosDefException(23)
LinearAlgebra.PosDefException(2)
LinearAlgebra.PosDefException(2)
LinearAlgebra.PosDefException(2)
LinearAlgebra.PosDefException(4)
LinearAlgebra.PosDefException(4)
LinearAlgebra.PosDefException(4)
LinearAlgebra.PosDefException(5)
LinearAlgebra.PosDefException(6)
LinearAlgebra.PosDefException(47)
LinearAlgebra.PosDefException(10)
LinearAlgebra.PosDefException(7)
LinearAlgebra.PosDefException(6)
LinearAlgebra.PosDefException(53)
LinearAlgebra.PosDefException(110)
LinearAlgebra.PosDefException(231)
LinearAlgebra.PosDefException(331)
LinearAlgebra.PosDefException(11)
LinearAlgebra.PosDefException(7)
LinearAlgebra.PosDefException(6)
LinearAlgebra.PosDefException(6)
LinearAlgebra.PosDefException(9)
LinearAlgebra.PosDefException(8)
LinearAlgebra.PosDefException(18)
LinearAlgebra.PosDefException(49)
LinearAlgebra.PosDefException(99)
LinearAlgebra.PosDefException(216)
LinearAlgebra.PosDefException(301)
LinearAlgebra.PosDefException(317)
LinearAlgebra.PosDefException(331)
LinearAlgebra.PosDefException(365)
LinearAlgebra.PosDefException(415)
LinearAlgebra.PosDefException(638)
LinearAlgebra.PosDefException(931)
LinearAlgebra.PosDefException(373)
LinearAlgebra.PosDefException(395)
LinearAlgebra.PosDefException(458)
LinearAlgebra.PosDefException(413)
LinearAlgebra.PosDefException(366)
LinearAlgebra.PosDefException(491)
LinearAlgebra.PosDefException(421)
Noise level is too low, using  AAA
DEBUG [determine_optimal_points_count]: Large num points: 1
DEBUG [determine_optimal_points_count]: Good num points: 1
DEBUG [multipoint_parameter_estimation]: Parameter estimation using this many points: 1

DEBUG [pick_points]: Starting point selection...
DEBUG [pick_points]: Number of points to pick: 1
DEBUG [pick_points]: Total points available: 1001
DEBUG [pick_points]: Number of interpolants: 1

DEBUG [pick_points]: Computing interestingness scores...
DEBUG [pick_points]: Processed 100 points
DEBUG [pick_points]: Processed 200 points
DEBUG [pick_points]: Processed 300 points
DEBUG [pick_points]: Processed 400 points
DEBUG [pick_points]: Processed 500 points
DEBUG [pick_points]: Processed 600 points
DEBUG [pick_points]: Processed 700 points
DEBUG [pick_points]: Processed 800 points
DEBUG [pick_points]: Processed 900 points
DEBUG [pick_points]: Processed 1000 points

DEBUG [pick_points]: Score statistics:
DEBUG [pick_points]: Min score: NaN
DEBUG [pick_points]: Max score: NaN
DEBUG [pick_points]: Mean score: NaN
DEBUG [pick_points]: Warning: All scores are zero

DEBUG [pick_points]: Selected 1 points
DEBUG [pick_points]: Selected time points: [-0.99]
aa_system
Any[_t6_V_t_ - 2292090165032823//4503599627370496, _t6_Vˍt_t_ - 53666210094727//562949953421312, _t6_Vˍtt_t_ - 1269081974685//8796093022208, _t6_Vˍttt_t_ - 1112929649453//1099511627776, _t6_Vˍtttt_t_ - 59077577739//8589934592, 1//3*_tpg_*_t6_V_t_^3 - _tpg_*_t6_V_t_ - _tpg_*_t6_R_t_ + _t6_Vˍt_t_, _tpg_*_t6_V_t_^2*_t6_Vˍt_t_ - _tpg_*_t6_Vˍt_t_ - _tpg_*_t6_Rˍt_t_ + _t6_Vˍtt_t_, _tpg_*_t6_V_t_^2*_t6_Vˍtt_t_ + 2*_tpg_*_t6_V_t_*_t6_Vˍt_t_^2 - _tpg_*_t6_Vˍtt_t_ - _tpg_*_t6_Rˍtt_t_ + _t6_Vˍttt_t_, _tpg_*_t6_V_t_^2*_t6_Vˍttt_t_ + 6*_tpg_*_t6_V_t_*_t6_Vˍt_t_*_t6_Vˍtt_t_ + 2*_tpg_*_t6_Vˍt_t_^3 - _tpg_*_t6_Vˍttt_t_ - _tpg_*_t6_Rˍttt_t_ + _t6_Vˍtttt_t_, _tpa_ + _tpg_*_t6_Rˍt_t_ - _tpb_*_t6_R_t_ - _t6_V_t_, _tpg_*_t6_Rˍtt_t_ - _tpb_*_t6_Rˍt_t_ - _t6_Vˍt_t_, _tpg_*_t6_Rˍttt_t_ - _tpb_*_t6_Rˍtt_t_ - _t6_Vˍtt_t_]
R
Multivariate polynomial ring in 12 variables over rationals
primes of bitsize 28
G-Q-Pt-FG-LT-LP(C)
Dimension of the quotient :2
Degree of the radical :2
Use last variable as separating element
Run Groebner learn
Test cyclic optimization
Apply cyclic optimization 
Multi-modular computation (1 threads): G-Q-Pt-FG-LT-LP(C)
5-9-13-17-21-25-29-33-37-41-
check-G-Q-Pt-FG-LT-LP(C)
Nb Primes used :41
2-element Vector{Vector{Vector{BigFloat}}}:
 [[0.92456627, 0.92456722], [9.5303497, 9.530365], [0.24901056, 0.2490108], [0.50894547, 0.50894642], [-0.4550004, -0.45499992], [0.095330238, 0.095330358], [0.14427781, 0.14427805], [1.0122032, 1.0122051], [6.877533, 6.8775406], [-0.05549854, -0.055498481], [0.0085527301, 0.008552745], [0.015362233, 0.015362248]]
 [[0.65745544, 0.6574564], [0.11284447, 0.11284459], [0.74992943, 0.74993038], [0.50894547, 0.50894642], [0.37979031, 0.37979078], [0.095330238, 0.095330358], [0.14427781, 0.14427805], [1.0122032, 1.0122051], [6.877533, 6.8775406], [1.2079163, 1.2079182], [8.8722229, 8.8722382], [60.240662, 60.240723]]




