LinearAlgebra.PosDefException(3)
LinearAlgebra.PosDefException(2)
LinearAlgebra.PosDefException(6)
LinearAlgebra.PosDefException(3)
LinearAlgebra.PosDefException(3)
LinearAlgebra.PosDefException(5)
LinearAlgebra.PosDefException(91)
LinearAlgebra.PosDefException(2)
LinearAlgebra.PosDefException(2)
LinearAlgebra.PosDefException(2)
LinearAlgebra.PosDefException(2)
LinearAlgebra.PosDefException(4)
LinearAlgebra.PosDefException(5)
LinearAlgebra.PosDefException(4)
LinearAlgebra.PosDefException(46)
LinearAlgebra.PosDefException(2)
LinearAlgebra.PosDefException(2)
LinearAlgebra.PosDefException(2)
LinearAlgebra.PosDefException(2)
LinearAlgebra.PosDefException(2)
LinearAlgebra.PosDefException(5)
LinearAlgebra.PosDefException(4)
LinearAlgebra.PosDefException(5)
LinearAlgebra.PosDefException(7)
LinearAlgebra.PosDefException(306)
LinearAlgebra.PosDefException(2)
LinearAlgebra.PosDefException(6)
LinearAlgebra.PosDefException(4)
LinearAlgebra.PosDefException(7)
LinearAlgebra.PosDefException(4)
LinearAlgebra.PosDefException(4)
LinearAlgebra.PosDefException(5)
LinearAlgebra.PosDefException(147)
LinearAlgebra.PosDefException(3)
LinearAlgebra.PosDefException(3)
LinearAlgebra.PosDefException(3)
LinearAlgebra.PosDefException(3)
LinearAlgebra.PosDefException(2)
LinearAlgebra.PosDefException(2)
LinearAlgebra.PosDefException(3)
LinearAlgebra.PosDefException(3)
LinearAlgebra.PosDefException(4)
LinearAlgebra.PosDefException(8)
LinearAlgebra.PosDefException(20)
LinearAlgebra.PosDefException(94)
LinearAlgebra.PosDefException(288)
LinearAlgebra.PosDefException(766)
LinearAlgebra.PosDefException(1)
LinearAlgebra.PosDefException(167)
LinearAlgebra.PosDefException(317)
LinearAlgebra.PosDefException(623)
LinearAlgebra.PosDefException(695)
LinearAlgebra.PosDefException(1)
LinearAlgebra.PosDefException(1)
LinearAlgebra.PosDefException(1)
LinearAlgebra.PosDefException(1)
LinearAlgebra.PosDefException(7)
LinearAlgebra.PosDefException(8)
LinearAlgebra.PosDefException(8)
LinearAlgebra.PosDefException(5)
LinearAlgebra.PosDefException(7)
LinearAlgebra.PosDefException(6)
LinearAlgebra.PosDefException(6)
LinearAlgebra.PosDefException(9)
LinearAlgebra.PosDefException(80)
LinearAlgebra.PosDefException(302)
LinearAlgebra.PosDefException(452)
Noise level is too low, using  AAA
DEBUG [determine_optimal_points_count]: Large num points: 1
DEBUG [determine_optimal_points_count]: Good num points: 1
DEBUG [multipoint_parameter_estimation]: Parameter estimation using this many points: 1

DEBUG [pick_points]: Starting point selection...
DEBUG [pick_points]: Number of points to pick: 1
DEBUG [pick_points]: Total points available: 1001
DEBUG [pick_points]: Number of interpolants: 1

DEBUG [pick_points]: Computing interestingness scores...
DEBUG [pick_points]: Processed 100 points
DEBUG [pick_points]: Processed 200 points
DEBUG [pick_points]: Processed 300 points
DEBUG [pick_points]: Processed 400 points
DEBUG [pick_points]: Processed 500 points
DEBUG [pick_points]: Processed 600 points
DEBUG [pick_points]: Processed 700 points
DEBUG [pick_points]: Processed 800 points
DEBUG [pick_points]: Processed 900 points
DEBUG [pick_points]: Processed 1000 points

DEBUG [pick_points]: Score statistics:
DEBUG [pick_points]: Min score: NaN
DEBUG [pick_points]: Max score: NaN
DEBUG [pick_points]: Mean score: NaN
DEBUG [pick_points]: Warning: All scores are zero

DEBUG [pick_points]: Selected 1 points
DEBUG [pick_points]: Selected time points: [-0.99]
aa_system
Any[_t6_V_t_ - 6994624410531437//9007199254740992, _t6_Vˍt_t_ - 22218184981885//17592186044416, _t6_Vˍtt_t_ - 188922181//134217728, _t6_Vˍttt_t_ - 10801679//16777216, _t6_Vˍtttt_t_ + 105567//16384, 1//3*_tpg_*_t6_V_t_^3 - _tpg_*_t6_V_t_ - _tpg_*_t6_R_t_ + _t6_Vˍt_t_, _tpg_*_t6_V_t_^2*_t6_Vˍt_t_ - _tpg_*_t6_Vˍt_t_ - _tpg_*_t6_Rˍt_t_ + _t6_Vˍtt_t_, _tpg_*_t6_V_t_^2*_t6_Vˍtt_t_ + 2*_tpg_*_t6_V_t_*_t6_Vˍt_t_^2 - _tpg_*_t6_Vˍtt_t_ - _tpg_*_t6_Rˍtt_t_ + _t6_Vˍttt_t_, _tpg_*_t6_V_t_^2*_t6_Vˍttt_t_ + 6*_tpg_*_t6_V_t_*_t6_Vˍt_t_*_t6_Vˍtt_t_ + 2*_tpg_*_t6_Vˍt_t_^3 - _tpg_*_t6_Vˍttt_t_ - _tpg_*_t6_Rˍttt_t_ + _t6_Vˍtttt_t_, _tpa_ + _tpg_*_t6_Rˍt_t_ - _tpb_*_t6_R_t_ - _t6_V_t_, _tpg_*_t6_Rˍtt_t_ - _tpb_*_t6_Rˍt_t_ - _t6_Vˍt_t_, _tpg_*_t6_Rˍttt_t_ - _tpb_*_t6_Rˍtt_t_ - _t6_Vˍtt_t_]
R
Multivariate polynomial ring in 12 variables over rationals
primes of bitsize 28
G-Q-Pt-FG-LT-LP(C)
Dimension of the quotient :2
Degree of the radical :2
Use last variable as separating element
Run Groebner learn
Test cyclic optimization
Apply cyclic optimization 
Multi-modular computation (1 threads): G-Q-Pt-FG-LT-LP(C)
5-9-13-17-21-25-29-33-37-
check-G-Q-Pt-FG-LT-LP(C)
Nb Primes used :37
2-element Vector{Vector{Vector{BigFloat}}}:
 [[0.53369331, 0.53369427], [0.83840752, 0.83840847], [0.8402462, 0.84024715], [0.77655888, 0.77655983], [0.88591671, 0.88591766], [1.2629566, 1.2629585], [1.4075794, 1.4075813], [0.64382935, 0.6438303], [-6.443306, -6.4432907], [1.1775341, 1.177536], [2.6864929, 2.6864967], [4.371254, 4.3712616]]
 [[1.1583462, 1.1583481], [1.3064098, 1.3064117], [3.276001, 3.2760048], [0.77655888, 0.77655983], [0.34627962, 0.3462801], [1.2629566, 1.2629585], [1.4075794, 1.4075813], [0.64382935, 0.6438303], [-6.443306, -6.4432907], [0.57610226, 0.57610321], [2.411396, 2.4113998], [7.1243515, 7.1243591]]




