LinearAlgebra.PosDefException(2)
LinearAlgebra.PosDefException(2)
LinearAlgebra.PosDefException(3)
LinearAlgebra.PosDefException(4)
LinearAlgebra.PosDefException(3)
LinearAlgebra.PosDefException(4)
LinearAlgebra.PosDefException(88)
LinearAlgebra.PosDefException(3)
LinearAlgebra.PosDefException(2)
LinearAlgebra.PosDefException(3)
LinearAlgebra.PosDefException(2)
LinearAlgebra.PosDefException(2)
LinearAlgebra.PosDefException(3)
LinearAlgebra.PosDefException(6)
LinearAlgebra.PosDefException(43)
LinearAlgebra.PosDefException(2)
LinearAlgebra.PosDefException(2)
LinearAlgebra.PosDefException(2)
LinearAlgebra.PosDefException(4)
LinearAlgebra.PosDefException(4)
LinearAlgebra.PosDefException(5)
LinearAlgebra.PosDefException(5)
LinearAlgebra.PosDefException(25)
LinearAlgebra.PosDefException(6)
LinearAlgebra.PosDefException(4)
LinearAlgebra.PosDefException(5)
LinearAlgebra.PosDefException(7)
LinearAlgebra.PosDefException(191)
LinearAlgebra.PosDefException(10)
LinearAlgebra.PosDefException(6)
LinearAlgebra.PosDefException(5)
LinearAlgebra.PosDefException(5)
LinearAlgebra.PosDefException(5)
LinearAlgebra.PosDefException(39)
LinearAlgebra.PosDefException(295)
LinearAlgebra.PosDefException(9)
LinearAlgebra.PosDefException(5)
LinearAlgebra.PosDefException(5)
LinearAlgebra.PosDefException(10)
LinearAlgebra.PosDefException(53)
LinearAlgebra.PosDefException(207)
LinearAlgebra.PosDefException(14)
LinearAlgebra.PosDefException(13)
LinearAlgebra.PosDefException(7)
LinearAlgebra.PosDefException(5)
LinearAlgebra.PosDefException(6)
LinearAlgebra.PosDefException(5)
LinearAlgebra.PosDefException(59)
LinearAlgebra.PosDefException(160)
LinearAlgebra.PosDefException(262)
LinearAlgebra.PosDefException(346)
LinearAlgebra.PosDefException(407)
LinearAlgebra.PosDefException(454)
LinearAlgebra.PosDefException(579)
LinearAlgebra.PosDefException(572)
LinearAlgebra.PosDefException(614)
LinearAlgebra.PosDefException(5)
LinearAlgebra.PosDefException(4)
LinearAlgebra.PosDefException(5)
LinearAlgebra.PosDefException(6)
LinearAlgebra.PosDefException(7)
LinearAlgebra.PosDefException(5)
LinearAlgebra.PosDefException(5)
LinearAlgebra.PosDefException(14)
LinearAlgebra.PosDefException(56)
LinearAlgebra.PosDefException(146)
LinearAlgebra.PosDefException(251)
LinearAlgebra.PosDefException(597)
LinearAlgebra.PosDefException(552)
LinearAlgebra.PosDefException(717)
LinearAlgebra.PosDefException(1)
LinearAlgebra.PosDefException(1)
LinearAlgebra.PosDefException(1)
LinearAlgebra.PosDefException(1)
LinearAlgebra.PosDefException(1)
LinearAlgebra.PosDefException(618)
LinearAlgebra.PosDefException(720)
LinearAlgebra.PosDefException(7)
LinearAlgebra.PosDefException(5)
LinearAlgebra.PosDefException(7)
LinearAlgebra.PosDefException(5)
LinearAlgebra.PosDefException(5)
LinearAlgebra.PosDefException(5)
LinearAlgebra.PosDefException(8)
LinearAlgebra.PosDefException(9)
LinearAlgebra.PosDefException(37)
LinearAlgebra.PosDefException(126)
LinearAlgebra.PosDefException(231)
LinearAlgebra.PosDefException(237)
LinearAlgebra.PosDefException(281)
LinearAlgebra.PosDefException(333)
LinearAlgebra.PosDefException(801)
LinearAlgebra.PosDefException(635)
LinearAlgebra.PosDefException(743)
Noise level is too low, using  AAA
DEBUG [determine_optimal_points_count]: Large num points: 1
DEBUG [determine_optimal_points_count]: Good num points: 1
DEBUG [multipoint_parameter_estimation]: Parameter estimation using this many points: 1

DEBUG [pick_points]: Starting point selection...
DEBUG [pick_points]: Number of points to pick: 1
DEBUG [pick_points]: Total points available: 1001
DEBUG [pick_points]: Number of interpolants: 1

DEBUG [pick_points]: Computing interestingness scores...
DEBUG [pick_points]: Processed 100 points
DEBUG [pick_points]: Processed 200 points
DEBUG [pick_points]: Processed 300 points
DEBUG [pick_points]: Processed 400 points
DEBUG [pick_points]: Processed 500 points
DEBUG [pick_points]: Processed 600 points
DEBUG [pick_points]: Processed 700 points
DEBUG [pick_points]: Processed 800 points
DEBUG [pick_points]: Processed 900 points
DEBUG [pick_points]: Processed 1000 points

DEBUG [pick_points]: Score statistics:
DEBUG [pick_points]: Min score: 0.8806984739249354
DEBUG [pick_points]: Max score: 23.63952508663326
DEBUG [pick_points]: Mean score: 4.463478910666688
DEBUG [pick_points]: Normalized scores

DEBUG [pick_points]: Selected 1 points
DEBUG [pick_points]: Selected time points: [-0.178]
aa_system
Any[_t412_V_t_ - 7255789638113767//4503599627370496, _t412_Vˍt_t_ - 223104904725//68719476736, _t412_Vˍtt_t_ - 15036517//2097152, _t412_Vˍttt_t_ - 633//4, _t412_Vˍtttt_t_ + 26787840, 1//3*_tpg_*_t412_V_t_^3 - _tpg_*_t412_V_t_ - _tpg_*_t412_R_t_ + _t412_Vˍt_t_, _tpg_*_t412_V_t_^2*_t412_Vˍt_t_ - _tpg_*_t412_Vˍt_t_ - _tpg_*_t412_Rˍt_t_ + _t412_Vˍtt_t_, _tpg_*_t412_V_t_^2*_t412_Vˍtt_t_ + 2*_tpg_*_t412_V_t_*_t412_Vˍt_t_^2 - _tpg_*_t412_Vˍtt_t_ - _tpg_*_t412_Rˍtt_t_ + _t412_Vˍttt_t_, _tpg_*_t412_V_t_^2*_t412_Vˍttt_t_ + 6*_tpg_*_t412_V_t_*_t412_Vˍt_t_*_t412_Vˍtt_t_ + 2*_tpg_*_t412_Vˍt_t_^3 - _tpg_*_t412_Vˍttt_t_ - _tpg_*_t412_Rˍttt_t_ + _t412_Vˍtttt_t_, _tpa_ + _tpg_*_t412_Rˍt_t_ - _tpb_*_t412_R_t_ - _t412_V_t_, _tpg_*_t412_Rˍtt_t_ - _tpb_*_t412_Rˍt_t_ - _t412_Vˍt_t_, _tpg_*_t412_Rˍttt_t_ - _tpb_*_t412_Rˍtt_t_ - _t412_Vˍtt_t_]
R
Multivariate polynomial ring in 12 variables over rationals
primes of bitsize 28
G-Q-Pt-FG-LT-LP(C)
Dimension of the quotient :2
Degree of the radical :2
Use last variable as separating element
Run Groebner learn
Test cyclic optimization
Apply cyclic optimization 
Multi-modular computation (1 threads): G-Q-Pt-FG-LT-LP(C)
5-9-13-17-21-25-29-33-37-
check-G-Q-Pt-FG-LT-LP(C)
Nb Primes used :37
┌ Warning: At t=-0.3417626657795428, dt was forced below floating point epsilon -5.26014261784745e-17, and step error estimate = 2.3096420562321587. Aborting. There is either an error in your model specification or the true solution is unstable (or the true solution can not be represented in the precision of Float64).
└ @ SciMLBase ~/.julia/packages/SciMLBase/Pma4a/src/integrator_interface.jl:623
┌ Warning: Interrupted. Larger maxiters is needed. If you are using an integrator for non-stiff ODEs or an automatic switching algorithm (the default), you may want to consider using a method for stiff equations. See the solver pages for more details (e.g. https://docs.sciml.ai/DiffEqDocs/stable/solvers/ode_solve/#Stiff-Problems).
└ @ SciMLBase ~/.julia/packages/SciMLBase/Pma4a/src/integrator_interface.jl:589
┌ Warning: At t=-0.9999999999999966, dt was forced below floating point epsilon 1.1102230246251565e-16, and step error estimate = 146.5287210682845. Aborting. There is either an error in your model specification or the true solution is unstable (or the true solution can not be represented in the precision of Float64).
└ @ SciMLBase ~/.julia/packages/SciMLBase/Pma4a/src/integrator_interface.jl:623
┌ Warning: At t=-0.9999999998799821, dt was forced below floating point epsilon 1.1102230246251565e-16, and step error estimate = 1.1628590659051947. Aborting. There is either an error in your model specification or the true solution is unstable (or the true solution can not be represented in the precision of Float64).
└ @ SciMLBase ~/.julia/packages/SciMLBase/Pma4a/src/integrator_interface.jl:623
2-element Vector{Vector{Vector{BigFloat}}}:
 [[-1.281952e+06, -1.28195e+06], [180976.25, 180976.5], [1.586182e+06, 1.586184e+06], [1.6111088, 1.6111107], [-0.21712089, -0.21712065], [3.2466011, 3.2466049], [7.1699677, 7.1699753], [158.24976, 158.25024], [-2.6787872e+07, -2.6787808e+07], [5.1805496, 5.1805573], [45.405334, 45.405396], [397.9585, 397.95898]]
 [[-995984.0, -995983.0], [-1.3840904, -1.3840885], [388631.5, 388632.0], [1.6111088, 1.6111107], [-2.5628014, -2.5627975], [3.2466011, 3.2466049], [7.1699677, 7.1699753], [158.24976, 158.25024], [-2.6787872e+07, -2.6787808e+07], [0.00023713824, 0.00023713848], [-68.930664, -68.930542], [1.9354656e+07, 1.9354688e+07]]




