LinearAlgebra.PosDefException(2)
LinearAlgebra.PosDefException(2)
LinearAlgebra.PosDefException(2)
LinearAlgebra.PosDefException(3)
LinearAlgebra.PosDefException(6)
LinearAlgebra.PosDefException(4)
LinearAlgebra.PosDefException(80)
LinearAlgebra.PosDefException(2)
LinearAlgebra.PosDefException(2)
LinearAlgebra.PosDefException(2)
LinearAlgebra.PosDefException(2)
LinearAlgebra.PosDefException(4)
LinearAlgebra.PosDefException(3)
LinearAlgebra.PosDefException(6)
LinearAlgebra.PosDefException(46)
LinearAlgebra.PosDefException(3)
LinearAlgebra.PosDefException(2)
LinearAlgebra.PosDefException(2)
LinearAlgebra.PosDefException(3)
LinearAlgebra.PosDefException(2)
LinearAlgebra.PosDefException(3)
LinearAlgebra.PosDefException(4)
LinearAlgebra.PosDefException(4)
LinearAlgebra.PosDefException(4)
LinearAlgebra.PosDefException(168)
LinearAlgebra.PosDefException(1)
LinearAlgebra.PosDefException(6)
LinearAlgebra.PosDefException(2)
LinearAlgebra.PosDefException(2)
LinearAlgebra.PosDefException(3)
LinearAlgebra.PosDefException(3)
LinearAlgebra.PosDefException(5)
LinearAlgebra.PosDefException(17)
LinearAlgebra.PosDefException(205)
LinearAlgebra.PosDefException(1)
LinearAlgebra.PosDefException(1)
LinearAlgebra.PosDefException(335)
LinearAlgebra.PosDefException(470)
LinearAlgebra.PosDefException(5)
LinearAlgebra.PosDefException(19)
LinearAlgebra.PosDefException(88)
LinearAlgebra.PosDefException(232)
LinearAlgebra.PosDefException(391)
LinearAlgebra.PosDefException(900)
LinearAlgebra.PosDefException(5)
LinearAlgebra.PosDefException(5)
LinearAlgebra.PosDefException(7)
LinearAlgebra.PosDefException(5)
LinearAlgebra.PosDefException(8)
LinearAlgebra.PosDefException(7)
LinearAlgebra.PosDefException(5)
LinearAlgebra.PosDefException(35)
LinearAlgebra.PosDefException(129)
LinearAlgebra.PosDefException(264)
LinearAlgebra.PosDefException(580)
LinearAlgebra.PosDefException(701)
Noise level is too low, using  AAA
LinearAlgebra.PosDefException(2)
LinearAlgebra.PosDefException(2)
LinearAlgebra.PosDefException(2)
LinearAlgebra.PosDefException(4)
LinearAlgebra.PosDefException(5)
LinearAlgebra.PosDefException(4)
LinearAlgebra.PosDefException(88)
LinearAlgebra.PosDefException(2)
LinearAlgebra.PosDefException(2)
LinearAlgebra.PosDefException(2)
LinearAlgebra.PosDefException(2)
LinearAlgebra.PosDefException(4)
LinearAlgebra.PosDefException(3)
LinearAlgebra.PosDefException(4)
LinearAlgebra.PosDefException(42)
LinearAlgebra.PosDefException(2)
LinearAlgebra.PosDefException(2)
LinearAlgebra.PosDefException(2)
LinearAlgebra.PosDefException(2)
LinearAlgebra.PosDefException(3)
LinearAlgebra.PosDefException(3)
LinearAlgebra.PosDefException(4)
LinearAlgebra.PosDefException(5)
LinearAlgebra.PosDefException(35)
LinearAlgebra.PosDefException(2)
LinearAlgebra.PosDefException(6)
LinearAlgebra.PosDefException(2)
LinearAlgebra.PosDefException(2)
LinearAlgebra.PosDefException(2)
LinearAlgebra.PosDefException(3)
LinearAlgebra.PosDefException(5)
LinearAlgebra.PosDefException(5)
LinearAlgebra.PosDefException(4)
LinearAlgebra.PosDefException(22)
LinearAlgebra.PosDefException(134)
LinearAlgebra.PosDefException(479)
LinearAlgebra.PosDefException(6)
LinearAlgebra.PosDefException(5)
LinearAlgebra.PosDefException(8)
LinearAlgebra.PosDefException(6)
LinearAlgebra.PosDefException(25)
LinearAlgebra.PosDefException(108)
LinearAlgebra.PosDefException(287)
LinearAlgebra.PosDefException(559)
LinearAlgebra.PosDefException(6)
LinearAlgebra.PosDefException(4)
LinearAlgebra.PosDefException(4)
LinearAlgebra.PosDefException(5)
LinearAlgebra.PosDefException(5)
LinearAlgebra.PosDefException(7)
LinearAlgebra.PosDefException(5)
LinearAlgebra.PosDefException(33)
LinearAlgebra.PosDefException(108)
LinearAlgebra.PosDefException(269)
LinearAlgebra.PosDefException(647)
LinearAlgebra.PosDefException(3)
LinearAlgebra.PosDefException(5)
LinearAlgebra.PosDefException(6)
LinearAlgebra.PosDefException(6)
LinearAlgebra.PosDefException(5)
LinearAlgebra.PosDefException(7)
LinearAlgebra.PosDefException(6)
LinearAlgebra.PosDefException(15)
LinearAlgebra.PosDefException(55)
LinearAlgebra.PosDefException(119)
LinearAlgebra.PosDefException(265)
LinearAlgebra.PosDefException(603)
LinearAlgebra.PosDefException(646)
LinearAlgebra.PosDefException(845)
LinearAlgebra.PosDefException(1)
LinearAlgebra.PosDefException(1)
LinearAlgebra.PosDefException(1)
LinearAlgebra.PosDefException(908)
LinearAlgebra.PosDefException(914)
LinearAlgebra.PosDefException(779)
LinearAlgebra.PosDefException(845)
LinearAlgebra.PosDefException(844)
LinearAlgebra.PosDefException(904)
LinearAlgebra.PosDefException(2)
LinearAlgebra.PosDefException(2)
LinearAlgebra.PosDefException(3)
LinearAlgebra.PosDefException(4)
LinearAlgebra.PosDefException(6)
LinearAlgebra.PosDefException(4)
LinearAlgebra.PosDefException(4)
LinearAlgebra.PosDefException(9)
LinearAlgebra.PosDefException(35)
LinearAlgebra.PosDefException(112)
LinearAlgebra.PosDefException(256)
LinearAlgebra.PosDefException(452)
LinearAlgebra.PosDefException(641)
LinearAlgebra.PosDefException(698)
LinearAlgebra.PosDefException(694)
LinearAlgebra.PosDefException(741)
LinearAlgebra.PosDefException(922)
LinearAlgebra.PosDefException(895)
LinearAlgebra.PosDefException(921)
LinearAlgebra.PosDefException(5)
LinearAlgebra.PosDefException(5)
LinearAlgebra.PosDefException(4)
LinearAlgebra.PosDefException(5)
LinearAlgebra.PosDefException(6)
LinearAlgebra.PosDefException(5)
LinearAlgebra.PosDefException(5)
LinearAlgebra.PosDefException(11)
LinearAlgebra.PosDefException(74)
LinearAlgebra.PosDefException(284)
LinearAlgebra.PosDefException(283)
LinearAlgebra.PosDefException(639)
LinearAlgebra.PosDefException(753)
LinearAlgebra.PosDefException(794)
LinearAlgebra.PosDefException(7)
LinearAlgebra.PosDefException(6)
LinearAlgebra.PosDefException(5)
LinearAlgebra.PosDefException(5)
LinearAlgebra.PosDefException(5)
LinearAlgebra.PosDefException(5)
LinearAlgebra.PosDefException(5)
LinearAlgebra.PosDefException(31)
LinearAlgebra.PosDefException(149)
LinearAlgebra.PosDefException(277)
LinearAlgebra.PosDefException(296)
LinearAlgebra.PosDefException(647)
LinearAlgebra.PosDefException(686)
LinearAlgebra.PosDefException(762)
LinearAlgebra.PosDefException(817)
LinearAlgebra.PosDefException(880)
LinearAlgebra.PosDefException(769)
LinearAlgebra.PosDefException(5)
LinearAlgebra.PosDefException(10)
LinearAlgebra.PosDefException(5)
LinearAlgebra.PosDefException(5)
LinearAlgebra.PosDefException(5)
LinearAlgebra.PosDefException(9)
LinearAlgebra.PosDefException(7)
LinearAlgebra.PosDefException(14)
LinearAlgebra.PosDefException(72)
LinearAlgebra.PosDefException(152)
LinearAlgebra.PosDefException(280)
LinearAlgebra.PosDefException(607)
LinearAlgebra.PosDefException(682)
LinearAlgebra.PosDefException(697)
LinearAlgebra.PosDefException(786)
LinearAlgebra.PosDefException(815)
LinearAlgebra.PosDefException(749)
LinearAlgebra.PosDefException(769)
LinearAlgebra.PosDefException(840)
LinearAlgebra.PosDefException(813)
LinearAlgebra.PosDefException(768)
LinearAlgebra.PosDefException(793)
LinearAlgebra.PosDefException(827)
LinearAlgebra.PosDefException(708)
LinearAlgebra.PosDefException(893)
LinearAlgebra.PosDefException(834)
LinearAlgebra.PosDefException(787)
LinearAlgebra.PosDefException(785)
LinearAlgebra.PosDefException(812)
LinearAlgebra.PosDefException(745)
LinearAlgebra.PosDefException(809)
LinearAlgebra.PosDefException(773)
LinearAlgebra.PosDefException(754)
LinearAlgebra.PosDefException(987)
LinearAlgebra.PosDefException(771)
LinearAlgebra.PosDefException(791)
LinearAlgebra.PosDefException(708)
LinearAlgebra.PosDefException(735)
LinearAlgebra.PosDefException(781)
LinearAlgebra.PosDefException(897)
LinearAlgebra.PosDefException(842)
LinearAlgebra.PosDefException(780)
LinearAlgebra.PosDefException(733)
LinearAlgebra.PosDefException(766)
LinearAlgebra.PosDefException(769)
LinearAlgebra.PosDefException(940)
LinearAlgebra.PosDefException(837)
LinearAlgebra.PosDefException(789)
LinearAlgebra.PosDefException(857)
LinearAlgebra.PosDefException(869)
LinearAlgebra.PosDefException(963)
LinearAlgebra.PosDefException(825)
LinearAlgebra.PosDefException(812)
LinearAlgebra.PosDefException(775)
LinearAlgebra.PosDefException(844)
LinearAlgebra.PosDefException(896)
LinearAlgebra.PosDefException(803)
LinearAlgebra.PosDefException(845)
LinearAlgebra.PosDefException(966)
LinearAlgebra.PosDefException(886)
LinearAlgebra.PosDefException(732)
LinearAlgebra.PosDefException(904)
LinearAlgebra.PosDefException(950)
LinearAlgebra.PosDefException(781)
LinearAlgebra.PosDefException(813)
LinearAlgebra.PosDefException(849)
LinearAlgebra.PosDefException(735)
LinearAlgebra.PosDefException(786)
LinearAlgebra.PosDefException(857)
LinearAlgebra.PosDefException(972)
LinearAlgebra.PosDefException(838)
LinearAlgebra.PosDefException(756)
LinearAlgebra.PosDefException(799)
LinearAlgebra.PosDefException(952)
LinearAlgebra.PosDefException(756)
LinearAlgebra.PosDefException(851)
LinearAlgebra.PosDefException(937)
LinearAlgebra.PosDefException(937)
Noise level is too low, using  AAA
DEBUG [determine_optimal_points_count]: Large num points: 1
DEBUG [determine_optimal_points_count]: Good num points: 1
DEBUG [multipoint_parameter_estimation]: Parameter estimation using this many points: 1

DEBUG [pick_points]: Starting point selection...
DEBUG [pick_points]: Number of points to pick: 1
DEBUG [pick_points]: Total points available: 1001
DEBUG [pick_points]: Number of interpolants: 2

DEBUG [pick_points]: Computing interestingness scores...
DEBUG [pick_points]: Processed 100 points
DEBUG [pick_points]: Processed 200 points
DEBUG [pick_points]: Processed 300 points
DEBUG [pick_points]: Processed 400 points
DEBUG [pick_points]: Processed 500 points
DEBUG [pick_points]: Processed 600 points
DEBUG [pick_points]: Processed 700 points
DEBUG [pick_points]: Processed 800 points
DEBUG [pick_points]: Processed 900 points
DEBUG [pick_points]: Processed 1000 points

DEBUG [pick_points]: Score statistics:
DEBUG [pick_points]: Min score: 0.860213056507517
DEBUG [pick_points]: Max score: 13.148273792970572
DEBUG [pick_points]: Mean score: 1.1823669928741458
DEBUG [pick_points]: Normalized scores

DEBUG [pick_points]: Selected 1 points
DEBUG [pick_points]: Selected time points: [-0.586]
aa_system
Any[_t208_x2_t_ - 601602884371453//562949953421312, _t208_x2ˍt_t_ - 342931501584417//2251799813685248, _t208_x1_t_ - 5739301610527513//72057594037927936, _t208_x1ˍt_t_ + 749653587575//1099511627776, _tpb_*_t208_x2ˍt_t_ - _t208_x1_t_, _tpa_*_t208_x2_t_ + _t208_x1ˍt_t_]
R
Multivariate polynomial ring in 6 variables over rationals
primes of bitsize 28
G-Q-Pt-FG-LT-LP(C)
Dimension of the quotient :1
Degree of the radical :1
Use last variable as separating element
Run Groebner learn
Test cyclic optimization
Apply cyclic optimization 
Multi-modular computation (1 threads): G-Q-Pt-FG-LT-LP(C)
5-
check-G-Q-Pt-FG-LT-LP(C)
Nb Primes used :5
1-element Vector{Vector{Vector{BigFloat}}}:
 [[0.63799953, 0.63800049], [0.52299976, 0.52300072], [0.079648733, 0.079648852], [1.0686607, 1.0686626], [0.15229201, 0.15229225], [-0.68180656, -0.68180561]]


