LinearAlgebra.PosDefException(2)
LinearAlgebra.PosDefException(2)
LinearAlgebra.PosDefException(2)
LinearAlgebra.PosDefException(3)
LinearAlgebra.PosDefException(6)
LinearAlgebra.PosDefException(4)
LinearAlgebra.PosDefException(85)
LinearAlgebra.PosDefException(2)
LinearAlgebra.PosDefException(2)
LinearAlgebra.PosDefException(2)
LinearAlgebra.PosDefException(2)
LinearAlgebra.PosDefException(4)
LinearAlgebra.PosDefException(3)
LinearAlgebra.PosDefException(4)
LinearAlgebra.PosDefException(47)
LinearAlgebra.PosDefException(3)
LinearAlgebra.PosDefException(2)
LinearAlgebra.PosDefException(2)
LinearAlgebra.PosDefException(2)
LinearAlgebra.PosDefException(6)
LinearAlgebra.PosDefException(3)
LinearAlgebra.PosDefException(6)
LinearAlgebra.PosDefException(4)
LinearAlgebra.PosDefException(8)
LinearAlgebra.PosDefException(538)
LinearAlgebra.PosDefException(2)
LinearAlgebra.PosDefException(6)
LinearAlgebra.PosDefException(3)
LinearAlgebra.PosDefException(3)
LinearAlgebra.PosDefException(4)
LinearAlgebra.PosDefException(5)
LinearAlgebra.PosDefException(4)
LinearAlgebra.PosDefException(8)
LinearAlgebra.PosDefException(178)
LinearAlgebra.PosDefException(2)
LinearAlgebra.PosDefException(6)
LinearAlgebra.PosDefException(5)
LinearAlgebra.PosDefException(4)
LinearAlgebra.PosDefException(5)
LinearAlgebra.PosDefException(6)
LinearAlgebra.PosDefException(5)
LinearAlgebra.PosDefException(12)
LinearAlgebra.PosDefException(92)
LinearAlgebra.PosDefException(314)
LinearAlgebra.PosDefException(1)
LinearAlgebra.PosDefException(1)
LinearAlgebra.PosDefException(2)
LinearAlgebra.PosDefException(2)
LinearAlgebra.PosDefException(3)
LinearAlgebra.PosDefException(5)
LinearAlgebra.PosDefException(7)
LinearAlgebra.PosDefException(41)
LinearAlgebra.PosDefException(131)
LinearAlgebra.PosDefException(290)
LinearAlgebra.PosDefException(343)
LinearAlgebra.PosDefException(622)
LinearAlgebra.PosDefException(1)
LinearAlgebra.PosDefException(1)
Noise level is too low, using  AAA
LinearAlgebra.PosDefException(3)
LinearAlgebra.PosDefException(2)
LinearAlgebra.PosDefException(2)
LinearAlgebra.PosDefException(3)
LinearAlgebra.PosDefException(4)
LinearAlgebra.PosDefException(5)
LinearAlgebra.PosDefException(85)
LinearAlgebra.PosDefException(2)
LinearAlgebra.PosDefException(2)
LinearAlgebra.PosDefException(3)
LinearAlgebra.PosDefException(2)
LinearAlgebra.PosDefException(4)
LinearAlgebra.PosDefException(4)
LinearAlgebra.PosDefException(4)
LinearAlgebra.PosDefException(44)
LinearAlgebra.PosDefException(2)
LinearAlgebra.PosDefException(2)
LinearAlgebra.PosDefException(2)
LinearAlgebra.PosDefException(6)
LinearAlgebra.PosDefException(5)
LinearAlgebra.PosDefException(3)
LinearAlgebra.PosDefException(6)
LinearAlgebra.PosDefException(4)
LinearAlgebra.PosDefException(35)
LinearAlgebra.PosDefException(2)
LinearAlgebra.PosDefException(6)
LinearAlgebra.PosDefException(2)
LinearAlgebra.PosDefException(2)
LinearAlgebra.PosDefException(6)
LinearAlgebra.PosDefException(3)
LinearAlgebra.PosDefException(2)
LinearAlgebra.PosDefException(3)
LinearAlgebra.PosDefException(3)
LinearAlgebra.PosDefException(5)
LinearAlgebra.PosDefException(5)
LinearAlgebra.PosDefException(11)
LinearAlgebra.PosDefException(69)
LinearAlgebra.PosDefException(303)
LinearAlgebra.PosDefException(1)
LinearAlgebra.PosDefException(1)
LinearAlgebra.PosDefException(1)
LinearAlgebra.PosDefException(1)
Noise level is too low, using  AAA
LinearAlgebra.PosDefException(2)
LinearAlgebra.PosDefException(3)
LinearAlgebra.PosDefException(6)
LinearAlgebra.PosDefException(3)
LinearAlgebra.PosDefException(3)
LinearAlgebra.PosDefException(4)
LinearAlgebra.PosDefException(88)
LinearAlgebra.PosDefException(3)
LinearAlgebra.PosDefException(6)
LinearAlgebra.PosDefException(2)
LinearAlgebra.PosDefException(2)
LinearAlgebra.PosDefException(5)
LinearAlgebra.PosDefException(5)
LinearAlgebra.PosDefException(5)
LinearAlgebra.PosDefException(47)
LinearAlgebra.PosDefException(3)
LinearAlgebra.PosDefException(2)
LinearAlgebra.PosDefException(2)
LinearAlgebra.PosDefException(4)
LinearAlgebra.PosDefException(6)
LinearAlgebra.PosDefException(4)
LinearAlgebra.PosDefException(7)
LinearAlgebra.PosDefException(143)
LinearAlgebra.PosDefException(2)
LinearAlgebra.PosDefException(5)
LinearAlgebra.PosDefException(3)
LinearAlgebra.PosDefException(5)
LinearAlgebra.PosDefException(4)
LinearAlgebra.PosDefException(7)
LinearAlgebra.PosDefException(37)
LinearAlgebra.PosDefException(301)
LinearAlgebra.PosDefException(6)
LinearAlgebra.PosDefException(2)
LinearAlgebra.PosDefException(3)
LinearAlgebra.PosDefException(7)
LinearAlgebra.PosDefException(6)
LinearAlgebra.PosDefException(8)
LinearAlgebra.PosDefException(5)
LinearAlgebra.PosDefException(22)
LinearAlgebra.PosDefException(113)
LinearAlgebra.PosDefException(328)
LinearAlgebra.PosDefException(18)
LinearAlgebra.PosDefException(7)
LinearAlgebra.PosDefException(8)
LinearAlgebra.PosDefException(5)
LinearAlgebra.PosDefException(7)
LinearAlgebra.PosDefException(7)
LinearAlgebra.PosDefException(5)
LinearAlgebra.PosDefException(15)
LinearAlgebra.PosDefException(67)
LinearAlgebra.PosDefException(267)
LinearAlgebra.PosDefException(287)
LinearAlgebra.PosDefException(857)
LinearAlgebra.PosDefException(7)
LinearAlgebra.PosDefException(7)
LinearAlgebra.PosDefException(6)
LinearAlgebra.PosDefException(7)
LinearAlgebra.PosDefException(6)
LinearAlgebra.PosDefException(5)
LinearAlgebra.PosDefException(7)
LinearAlgebra.PosDefException(7)
LinearAlgebra.PosDefException(72)
LinearAlgebra.PosDefException(142)
LinearAlgebra.PosDefException(286)
LinearAlgebra.PosDefException(390)
LinearAlgebra.PosDefException(5)
LinearAlgebra.PosDefException(6)
LinearAlgebra.PosDefException(5)
LinearAlgebra.PosDefException(5)
LinearAlgebra.PosDefException(5)
LinearAlgebra.PosDefException(7)
LinearAlgebra.PosDefException(6)
LinearAlgebra.PosDefException(7)
LinearAlgebra.PosDefException(43)
LinearAlgebra.PosDefException(144)
LinearAlgebra.PosDefException(278)
LinearAlgebra.PosDefException(300)
LinearAlgebra.PosDefException(408)
LinearAlgebra.PosDefException(807)
LinearAlgebra.PosDefException(764)
LinearAlgebra.PosDefException(783)
LinearAlgebra.PosDefException(753)
LinearAlgebra.PosDefException(828)
LinearAlgebra.PosDefException(773)
LinearAlgebra.PosDefException(834)
LinearAlgebra.PosDefException(740)
LinearAlgebra.PosDefException(782)
LinearAlgebra.PosDefException(804)
LinearAlgebra.PosDefException(957)
LinearAlgebra.PosDefException(782)
LinearAlgebra.PosDefException(813)
LinearAlgebra.PosDefException(887)
LinearAlgebra.PosDefException(838)
LinearAlgebra.PosDefException(886)
LinearAlgebra.PosDefException(794)
LinearAlgebra.PosDefException(763)
LinearAlgebra.PosDefException(809)
LinearAlgebra.PosDefException(795)
LinearAlgebra.PosDefException(7)
LinearAlgebra.PosDefException(5)
LinearAlgebra.PosDefException(5)
LinearAlgebra.PosDefException(5)
LinearAlgebra.PosDefException(5)
LinearAlgebra.PosDefException(5)
LinearAlgebra.PosDefException(5)
LinearAlgebra.PosDefException(10)
LinearAlgebra.PosDefException(41)
LinearAlgebra.PosDefException(151)
LinearAlgebra.PosDefException(283)
LinearAlgebra.PosDefException(296)
LinearAlgebra.PosDefException(328)
LinearAlgebra.PosDefException(839)
LinearAlgebra.PosDefException(997)
LinearAlgebra.PosDefException(763)
LinearAlgebra.PosDefException(790)
LinearAlgebra.PosDefException(800)
LinearAlgebra.PosDefException(811)
LinearAlgebra.PosDefException(719)
LinearAlgebra.PosDefException(734)
LinearAlgebra.PosDefException(770)
LinearAlgebra.PosDefException(898)
LinearAlgebra.PosDefException(979)
LinearAlgebra.PosDefException(837)
LinearAlgebra.PosDefException(876)
LinearAlgebra.PosDefException(763)
LinearAlgebra.PosDefException(822)
LinearAlgebra.PosDefException(829)
LinearAlgebra.PosDefException(847)
LinearAlgebra.PosDefException(855)
LinearAlgebra.PosDefException(770)
LinearAlgebra.PosDefException(795)
LinearAlgebra.PosDefException(942)
LinearAlgebra.PosDefException(1)
LinearAlgebra.PosDefException(1)
LinearAlgebra.PosDefException(1)
LinearAlgebra.PosDefException(903)
LinearAlgebra.PosDefException(890)
LinearAlgebra.PosDefException(923)
LinearAlgebra.PosDefException(824)
LinearAlgebra.PosDefException(926)
LinearAlgebra.PosDefException(979)
LinearAlgebra.PosDefException(912)
LinearAlgebra.PosDefException(899)
LinearAlgebra.PosDefException(816)
LinearAlgebra.PosDefException(941)
LinearAlgebra.PosDefException(904)
LinearAlgebra.PosDefException(737)
LinearAlgebra.PosDefException(914)
LinearAlgebra.PosDefException(912)
LinearAlgebra.PosDefException(896)
LinearAlgebra.PosDefException(871)
LinearAlgebra.PosDefException(745)
LinearAlgebra.PosDefException(946)
LinearAlgebra.PosDefException(848)
LinearAlgebra.PosDefException(779)
LinearAlgebra.PosDefException(821)
LinearAlgebra.PosDefException(852)
Noise level is too low, using  AAA
LinearAlgebra.PosDefException(2)
LinearAlgebra.PosDefException(3)
LinearAlgebra.PosDefException(2)
LinearAlgebra.PosDefException(4)
LinearAlgebra.PosDefException(6)
LinearAlgebra.PosDefException(5)
LinearAlgebra.PosDefException(89)
LinearAlgebra.PosDefException(6)
LinearAlgebra.PosDefException(2)
LinearAlgebra.PosDefException(2)
LinearAlgebra.PosDefException(2)
LinearAlgebra.PosDefException(2)
LinearAlgebra.PosDefException(3)
LinearAlgebra.PosDefException(6)
LinearAlgebra.PosDefException(48)
LinearAlgebra.PosDefException(2)
LinearAlgebra.PosDefException(2)
LinearAlgebra.PosDefException(2)
LinearAlgebra.PosDefException(2)
LinearAlgebra.PosDefException(2)
LinearAlgebra.PosDefException(3)
LinearAlgebra.PosDefException(7)
LinearAlgebra.PosDefException(4)
LinearAlgebra.PosDefException(4)
LinearAlgebra.PosDefException(169)
LinearAlgebra.PosDefException(1)
LinearAlgebra.PosDefException(2)
LinearAlgebra.PosDefException(2)
LinearAlgebra.PosDefException(6)
LinearAlgebra.PosDefException(3)
LinearAlgebra.PosDefException(3)
LinearAlgebra.PosDefException(5)
LinearAlgebra.PosDefException(101)
LinearAlgebra.PosDefException(8)
LinearAlgebra.PosDefException(7)
LinearAlgebra.PosDefException(105)
LinearAlgebra.PosDefException(456)
LinearAlgebra.PosDefException(5)
LinearAlgebra.PosDefException(9)
LinearAlgebra.PosDefException(136)
LinearAlgebra.PosDefException(488)
LinearAlgebra.PosDefException(6)
LinearAlgebra.PosDefException(7)
LinearAlgebra.PosDefException(5)
LinearAlgebra.PosDefException(7)
LinearAlgebra.PosDefException(8)
LinearAlgebra.PosDefException(5)
LinearAlgebra.PosDefException(10)
LinearAlgebra.PosDefException(49)
LinearAlgebra.PosDefException(184)
LinearAlgebra.PosDefException(541)
LinearAlgebra.PosDefException(1)
LinearAlgebra.PosDefException(1)
Noise level is too low, using  AAA
DEBUG [determine_optimal_points_count]: Large num points: 1
DEBUG [determine_optimal_points_count]: Good num points: 1
DEBUG [multipoint_parameter_estimation]: Parameter estimation using this many points: 1

DEBUG [pick_points]: Starting point selection...
DEBUG [pick_points]: Number of points to pick: 1
DEBUG [pick_points]: Total points available: 1001
DEBUG [pick_points]: Number of interpolants: 4

DEBUG [pick_points]: Computing interestingness scores...
DEBUG [pick_points]: Processed 100 points
DEBUG [pick_points]: Processed 200 points
DEBUG [pick_points]: Processed 300 points
DEBUG [pick_points]: Processed 400 points
DEBUG [pick_points]: Processed 500 points
DEBUG [pick_points]: Processed 600 points
DEBUG [pick_points]: Processed 700 points
DEBUG [pick_points]: Processed 800 points
DEBUG [pick_points]: Processed 900 points
DEBUG [pick_points]: Processed 1000 points

DEBUG [pick_points]: Score statistics:
DEBUG [pick_points]: Min score: 0.13733861397910205
DEBUG [pick_points]: Max score: 0.5957870474742059
DEBUG [pick_points]: Mean score: 0.2775151050611493
DEBUG [pick_points]: Normalized scores

DEBUG [pick_points]: Selected 1 points
DEBUG [pick_points]: Selected time points: [-0.998]
aa_system
Any[_t2_yy_t_ + _t2_vv_t_ - 473932227231539//562949953421312, _t2_yyˍt_t_ + _t2_vvˍt_t_ + 1122425431261//17592186044416, _t2_yyˍtt_t_ + _t2_vvˍtt_t_ + 6146287043//34359738368, _t2_z_t_ - 8207820659818895//36028797018963968, _t2_zˍt_t_ + 6583734324469//70368744177664, _t2_zˍtt_t_ - 6321994685//137438953472, _t2_zˍttt_t_ + 5613369//134217728, _t2_x_t_ - 5803910279884943//9007199254740992, _t2_xˍt_t_ + 2795634534619//8796093022208, _t2_xˍtt_t_ - 7412477359//17179869184, _t2_xˍttt_t_ + 20519427//33554432, _t2_w_t_ - 1746545353680913//9007199254740992, _t2_wˍt_t_ + 1662757425565//35184372088832, _t2_wˍtt_t_ + 114189361//68719476736, _t2_wˍttt_t_ - 722141//67108864, _tpa_*_t2_yy_t_ - _tpbeta_*_t2_x_t_*_t2_vv_t_ + _t2_yyˍt_t_, _tpuu_*_t2_vv_t_ - _tpk_*_t2_yy_t_ + _t2_vvˍt_t_, _tpa_*_t2_yyˍt_t_ - _tpbeta_*_t2_x_t_*_t2_vvˍt_t_ - _tpbeta_*_t2_vv_t_*_t2_xˍt_t_ + _t2_yyˍtt_t_, _tpuu_*_t2_vvˍt_t_ - _tpk_*_t2_yyˍt_t_ + _t2_vvˍtt_t_, -_tpc_*_tpq_*_t2_yy_t_*_t2_w_t_ + _tph_*_t2_z_t_ + _t2_zˍt_t_, -_tpc_*_tpq_*_t2_yy_t_*_t2_wˍt_t_ - _tpc_*_tpq_*_t2_w_t_*_t2_yyˍt_t_ + _tph_*_t2_zˍt_t_ + _t2_zˍtt_t_, -_tpc_*_tpq_*_t2_yy_t_*_t2_wˍtt_t_ - _tpc_*_tpq_*_t2_w_t_*_t2_yyˍtt_t_ - 2*_tpc_*_tpq_*_t2_yyˍt_t_*_t2_wˍt_t_ + _tph_*_t2_zˍtt_t_ + _t2_zˍttt_t_, _tpd_*_t2_x_t_ + _tpbeta_*_t2_x_t_*_t2_vv_t_ - _tplm_ + _t2_xˍt_t_, _tpd_*_t2_xˍt_t_ + _tpbeta_*_t2_x_t_*_t2_vvˍt_t_ + _tpbeta_*_t2_vv_t_*_t2_xˍt_t_ + _t2_xˍtt_t_, _tpd_*_t2_xˍtt_t_ + _tpbeta_*_t2_x_t_*_t2_vvˍtt_t_ + _tpbeta_*_t2_vv_t_*_t2_xˍtt_t_ + 2*_tpbeta_*_t2_vvˍt_t_*_t2_xˍt_t_ + _t2_xˍttt_t_, _tpc_*_tpq_*_t2_yy_t_*_t2_w_t_ - _tpc_*_t2_x_t_*_t2_yy_t_*_t2_w_t_ + _tpb_*_t2_w_t_ + _t2_wˍt_t_, _tpc_*_tpq_*_t2_yy_t_*_t2_wˍt_t_ + _tpc_*_tpq_*_t2_w_t_*_t2_yyˍt_t_ - _tpc_*_t2_x_t_*_t2_yy_t_*_t2_wˍt_t_ - _tpc_*_t2_x_t_*_t2_w_t_*_t2_yyˍt_t_ - _tpc_*_t2_yy_t_*_t2_w_t_*_t2_xˍt_t_ + _tpb_*_t2_wˍt_t_ + _t2_wˍtt_t_, _tpc_*_tpq_*_t2_yy_t_*_t2_wˍtt_t_ + _tpc_*_tpq_*_t2_w_t_*_t2_yyˍtt_t_ + 2*_tpc_*_tpq_*_t2_yyˍt_t_*_t2_wˍt_t_ - _tpc_*_t2_x_t_*_t2_yy_t_*_t2_wˍtt_t_ - _tpc_*_t2_x_t_*_t2_w_t_*_t2_yyˍtt_t_ - 2*_tpc_*_t2_x_t_*_t2_yyˍt_t_*_t2_wˍt_t_ - _tpc_*_t2_yy_t_*_t2_w_t_*_t2_xˍtt_t_ - 2*_tpc_*_t2_yy_t_*_t2_xˍt_t_*_t2_wˍt_t_ - 2*_tpc_*_t2_w_t_*_t2_yyˍt_t_*_t2_xˍt_t_ + _tpb_*_t2_wˍtt_t_ + _t2_wˍttt_t_]
R
Multivariate polynomial ring in 28 variables over rationals
primes of bitsize 28
G-Q-Pt-FG-LT-LP(U)
G-Q-Pt-FG-LT-LP(U)
G-Q-Pt-FG-LT-LP(U)
G-Q-Pt-FG-LT-LP(U)
G-Q-Pt-FG-LT-LP(U)
G-Q-Pt-FG-LT-LP(U)
G-Q-Pt-FG-LT-LP(U)
G-Q-Pt-FG-LT-LP(U)
G-Q-Pt-FG-LT-LP(U)
G-Q-Pt-FG-LT-LP(C)
Dimension of the quotient :4
Degree of the radical :4
Use variable 19 as separating element
Run Groebner learn
Test cyclic optimization
Apply cyclic optimization 
Multi-modular computation (1 threads): G-Q-Pt-FG-LT-LP(C)
5-9-13-17-21-25-29-33-37-41-45-49-53-61-69-77-85-93-105-117-129-141-157-173-193-
check-G-Q-Pt-FG-LT-LP(C)
Nb Primes used :193
4-element Vector{Vector{Vector{BigFloat}}}:
 [[0.95800114, 0.95800209], [-3.3593941, -3.3593903], [1.5126762, 1.5126781], [-0.94545555, -0.9454546], [11.892624, 11.892639], [0.39200163, 0.39200211], [0.49700022, 0.49700069], [0.30899906, 0.30899954], [-0.15297103, -0.15297079], [0.5663147, 0.56631565], [0.6443634, 0.64436436], [-0.077001691, -0.077001572], [0.91887379, 0.91887474], [0.19390535, 0.19390559], [0.22781277, 0.22781301], [-0.016804695, -0.016804665], [-0.046997845, -0.046997786], [0.065405488, 0.065405607], [-0.24428606, -0.24428582], [0.010760725, 0.010760754], [-0.093560576, -0.093560457], [0.045998514, 0.045998573], [-0.04182291, -0.041822851], [-0.31782722, -0.31782675], [0.43146276, 0.43146324], [-0.61152744, -0.61152649], [-0.047258437, -0.047258377], [-0.0016616751, -0.0016616732]]
 [[-0.3697629, -0.36976242], [-1.9812412, -1.9812393], [1.4952316, 1.4952335], [1.9483871, 1.9483891], [9.5800018, 9.5800171], [3.3388519, 3.3388557], [-0.37351418, -0.3735137], [0.98724461, 0.98724556], [-0.17816544, -0.1781652], [0.56498528, 0.56498623], [0.6443634, 0.64436436], [0.13927794, 0.13927817], [0.7025938, 0.70259476], [0.19390535, 0.19390559], [0.22781277, 0.22781301], [-0.029160351, -0.029160321], [-0.03464222, -0.03464216], [0.032979548, 0.032979608], [-0.21186018, -0.21185994], [0.010760725, 0.010760754], [-0.093560576, -0.093560457], [0.045998514, 0.045998573], [-0.04182291, -0.041822851], [-0.31782722, -0.31782675], [0.43146276, 0.43146324], [-0.61152744, -0.61152649], [-0.047258437, -0.047258377], [-0.0016616751, -0.0016616732]]
 [[0.70700741, 0.70700836], [0.80300236, 0.80300331], [0.65300179, 0.65300274], [0.50099754, 0.5009985], [0.39200497, 0.39200544], [0.39200163, 0.39200211], [0.49700022, 0.49700069], [0.30899906, 0.30899954], [0.88999653, 0.88999748], [0.40100145, 0.40100193], [0.6443634, 0.64436436], [0.32213879, 0.32213926], [0.51973343, 0.51973438], [0.19390535, 0.19390559], [0.22781277, 0.22781301], [0.070302844, 0.070302963], [-0.13410544, -0.13410521], [-0.27362633, -0.27362585], [0.094745517, 0.094745636], [0.010760725, 0.010760754], [-0.093560576, -0.093560457], [0.045998514, 0.045998573], [-0.04182291, -0.041822851], [-0.31782722, -0.31782675], [0.43146276, 0.43146324], [-0.61152744, -0.61152649], [-0.047258437, -0.047258377], [-0.0016616751, -0.0016616732]]
 [[-0.21837211, -0.21837187], [0.1510458, 0.15104604], [-0.26633644, -0.26633596], [-1.4251175, -1.4251156], [2.3261375, 2.3261414], [3.3388519, 3.3388557], [-0.37351418, -0.3735137], [0.98724461, 0.98724556], [0.45441246, 0.45441294], [0.29198599, 0.29198647], [0.6443634, 0.64436436], [-1.8268833, -1.8268814], [2.6687546, 2.6687584], [0.19390535, 0.19390559], [0.22781277, 0.22781301], [0.38249016, 0.38249063], [-0.44629335, -0.44629288], [-0.43258667, -0.43258619], [0.25370598, 0.25370646], [0.010760725, 0.010760754], [-0.093560576, -0.093560457], [0.045998514, 0.045998573], [-0.04182291, -0.041822851], [-0.31782722, -0.31782675], [0.43146276, 0.43146324], [-0.61152744, -0.61152649], [-0.047258437, -0.047258377], [-0.0016616751, -0.0016616732]]








