LinearAlgebra.PosDefException(2)
LinearAlgebra.PosDefException(2)
LinearAlgebra.PosDefException(2)
LinearAlgebra.PosDefException(6)
LinearAlgebra.PosDefException(3)
LinearAlgebra.PosDefException(4)
LinearAlgebra.PosDefException(83)
LinearAlgebra.PosDefException(2)
LinearAlgebra.PosDefException(2)
LinearAlgebra.PosDefException(3)
LinearAlgebra.PosDefException(2)
LinearAlgebra.PosDefException(6)
LinearAlgebra.PosDefException(3)
LinearAlgebra.PosDefException(4)
LinearAlgebra.PosDefException(46)
LinearAlgebra.PosDefException(3)
LinearAlgebra.PosDefException(2)
LinearAlgebra.PosDefException(2)
LinearAlgebra.PosDefException(3)
LinearAlgebra.PosDefException(3)
LinearAlgebra.PosDefException(3)
LinearAlgebra.PosDefException(5)
LinearAlgebra.PosDefException(4)
LinearAlgebra.PosDefException(48)
LinearAlgebra.PosDefException(2)
LinearAlgebra.PosDefException(3)
LinearAlgebra.PosDefException(2)
LinearAlgebra.PosDefException(2)
LinearAlgebra.PosDefException(2)
LinearAlgebra.PosDefException(6)
LinearAlgebra.PosDefException(4)
LinearAlgebra.PosDefException(4)
LinearAlgebra.PosDefException(4)
LinearAlgebra.PosDefException(6)
LinearAlgebra.PosDefException(45)
LinearAlgebra.PosDefException(272)
LinearAlgebra.PosDefException(4)
LinearAlgebra.PosDefException(8)
LinearAlgebra.PosDefException(36)
LinearAlgebra.PosDefException(147)
LinearAlgebra.PosDefException(300)
LinearAlgebra.PosDefException(534)
LinearAlgebra.PosDefException(4)
LinearAlgebra.PosDefException(7)
LinearAlgebra.PosDefException(4)
LinearAlgebra.PosDefException(5)
LinearAlgebra.PosDefException(9)
LinearAlgebra.PosDefException(6)
LinearAlgebra.PosDefException(8)
LinearAlgebra.PosDefException(8)
LinearAlgebra.PosDefException(46)
LinearAlgebra.PosDefException(206)
LinearAlgebra.PosDefException(260)
LinearAlgebra.PosDefException(559)
LinearAlgebra.PosDefException(753)
LinearAlgebra.PosDefException(739)
LinearAlgebra.PosDefException(9)
LinearAlgebra.PosDefException(5)
LinearAlgebra.PosDefException(5)
LinearAlgebra.PosDefException(5)
LinearAlgebra.PosDefException(5)
LinearAlgebra.PosDefException(5)
LinearAlgebra.PosDefException(6)
LinearAlgebra.PosDefException(9)
LinearAlgebra.PosDefException(68)
LinearAlgebra.PosDefException(263)
LinearAlgebra.PosDefException(272)
LinearAlgebra.PosDefException(564)
LinearAlgebra.PosDefException(631)
LinearAlgebra.PosDefException(714)
LinearAlgebra.PosDefException(955)
LinearAlgebra.PosDefException(5)
LinearAlgebra.PosDefException(9)
LinearAlgebra.PosDefException(5)
LinearAlgebra.PosDefException(5)
LinearAlgebra.PosDefException(7)
LinearAlgebra.PosDefException(7)
LinearAlgebra.PosDefException(9)
LinearAlgebra.PosDefException(40)
LinearAlgebra.PosDefException(141)
LinearAlgebra.PosDefException(265)
LinearAlgebra.PosDefException(562)
LinearAlgebra.PosDefException(615)
LinearAlgebra.PosDefException(698)
LinearAlgebra.PosDefException(783)
LinearAlgebra.PosDefException(737)
LinearAlgebra.PosDefException(967)
LinearAlgebra.PosDefException(883)
LinearAlgebra.PosDefException(976)
LinearAlgebra.PosDefException(779)
LinearAlgebra.PosDefException(836)
LinearAlgebra.PosDefException(793)
LinearAlgebra.PosDefException(786)
LinearAlgebra.PosDefException(823)
LinearAlgebra.PosDefException(877)
LinearAlgebra.PosDefException(804)
LinearAlgebra.PosDefException(917)
LinearAlgebra.PosDefException(816)
LinearAlgebra.PosDefException(773)
LinearAlgebra.PosDefException(858)
LinearAlgebra.PosDefException(722)
LinearAlgebra.PosDefException(806)
LinearAlgebra.PosDefException(1)
LinearAlgebra.PosDefException(1)
LinearAlgebra.PosDefException(1)
LinearAlgebra.PosDefException(943)
LinearAlgebra.PosDefException(819)
LinearAlgebra.PosDefException(965)
LinearAlgebra.PosDefException(767)
LinearAlgebra.PosDefException(787)
LinearAlgebra.PosDefException(769)
LinearAlgebra.PosDefException(908)
LinearAlgebra.PosDefException(837)
LinearAlgebra.PosDefException(861)
LinearAlgebra.PosDefException(921)
LinearAlgebra.PosDefException(835)
LinearAlgebra.PosDefException(761)
LinearAlgebra.PosDefException(906)
LinearAlgebra.PosDefException(922)
LinearAlgebra.PosDefException(816)
LinearAlgebra.PosDefException(896)
LinearAlgebra.PosDefException(853)
LinearAlgebra.PosDefException(853)
LinearAlgebra.PosDefException(6)
LinearAlgebra.PosDefException(6)
LinearAlgebra.PosDefException(6)
LinearAlgebra.PosDefException(7)
LinearAlgebra.PosDefException(5)
LinearAlgebra.PosDefException(6)
LinearAlgebra.PosDefException(5)
LinearAlgebra.PosDefException(38)
LinearAlgebra.PosDefException(142)
LinearAlgebra.PosDefException(264)
LinearAlgebra.PosDefException(571)
LinearAlgebra.PosDefException(606)
LinearAlgebra.PosDefException(618)
LinearAlgebra.PosDefException(781)
LinearAlgebra.PosDefException(723)
LinearAlgebra.PosDefException(728)
LinearAlgebra.PosDefException(789)
LinearAlgebra.PosDefException(824)
LinearAlgebra.PosDefException(845)
LinearAlgebra.PosDefException(932)
LinearAlgebra.PosDefException(980)
LinearAlgebra.PosDefException(732)
LinearAlgebra.PosDefException(900)
LinearAlgebra.PosDefException(811)
LinearAlgebra.PosDefException(786)
LinearAlgebra.PosDefException(852)
LinearAlgebra.PosDefException(883)
LinearAlgebra.PosDefException(812)
LinearAlgebra.PosDefException(763)
LinearAlgebra.PosDefException(953)
LinearAlgebra.PosDefException(947)
LinearAlgebra.PosDefException(873)
LinearAlgebra.PosDefException(767)
LinearAlgebra.PosDefException(722)
LinearAlgebra.PosDefException(915)
LinearAlgebra.PosDefException(824)
LinearAlgebra.PosDefException(822)
LinearAlgebra.PosDefException(796)
LinearAlgebra.PosDefException(867)
LinearAlgebra.PosDefException(853)
Noise level is too low, using  AAA
LinearAlgebra.PosDefException(2)
LinearAlgebra.PosDefException(2)
LinearAlgebra.PosDefException(6)
LinearAlgebra.PosDefException(3)
LinearAlgebra.PosDefException(6)
LinearAlgebra.PosDefException(7)
LinearAlgebra.PosDefException(87)
LinearAlgebra.PosDefException(2)
LinearAlgebra.PosDefException(2)
LinearAlgebra.PosDefException(2)
LinearAlgebra.PosDefException(3)
LinearAlgebra.PosDefException(4)
LinearAlgebra.PosDefException(3)
LinearAlgebra.PosDefException(4)
LinearAlgebra.PosDefException(44)
LinearAlgebra.PosDefException(6)
LinearAlgebra.PosDefException(2)
LinearAlgebra.PosDefException(2)
LinearAlgebra.PosDefException(3)
LinearAlgebra.PosDefException(2)
LinearAlgebra.PosDefException(3)
LinearAlgebra.PosDefException(3)
LinearAlgebra.PosDefException(5)
LinearAlgebra.PosDefException(7)
LinearAlgebra.PosDefException(546)
LinearAlgebra.PosDefException(1)
LinearAlgebra.PosDefException(1)
LinearAlgebra.PosDefException(2)
LinearAlgebra.PosDefException(2)
LinearAlgebra.PosDefException(3)
LinearAlgebra.PosDefException(3)
LinearAlgebra.PosDefException(42)
LinearAlgebra.PosDefException(738)
LinearAlgebra.PosDefException(5)
LinearAlgebra.PosDefException(7)
LinearAlgebra.PosDefException(76)
LinearAlgebra.PosDefException(1)
LinearAlgebra.PosDefException(1)
Noise level is too low, using  AAA
LinearAlgebra.PosDefException(3)
LinearAlgebra.PosDefException(2)
LinearAlgebra.PosDefException(3)
LinearAlgebra.PosDefException(4)
LinearAlgebra.PosDefException(4)
LinearAlgebra.PosDefException(4)
LinearAlgebra.PosDefException(85)
LinearAlgebra.PosDefException(2)
LinearAlgebra.PosDefException(2)
LinearAlgebra.PosDefException(3)
LinearAlgebra.PosDefException(3)
LinearAlgebra.PosDefException(3)
LinearAlgebra.PosDefException(4)
LinearAlgebra.PosDefException(9)
LinearAlgebra.PosDefException(43)
LinearAlgebra.PosDefException(2)
LinearAlgebra.PosDefException(2)
LinearAlgebra.PosDefException(2)
LinearAlgebra.PosDefException(3)
LinearAlgebra.PosDefException(3)
LinearAlgebra.PosDefException(3)
LinearAlgebra.PosDefException(5)
LinearAlgebra.PosDefException(6)
LinearAlgebra.PosDefException(246)
LinearAlgebra.PosDefException(6)
LinearAlgebra.PosDefException(2)
LinearAlgebra.PosDefException(2)
LinearAlgebra.PosDefException(4)
LinearAlgebra.PosDefException(3)
LinearAlgebra.PosDefException(4)
LinearAlgebra.PosDefException(4)
LinearAlgebra.PosDefException(9)
LinearAlgebra.PosDefException(194)
LinearAlgebra.PosDefException(3)
LinearAlgebra.PosDefException(2)
LinearAlgebra.PosDefException(3)
LinearAlgebra.PosDefException(5)
LinearAlgebra.PosDefException(3)
LinearAlgebra.PosDefException(4)
LinearAlgebra.PosDefException(4)
LinearAlgebra.PosDefException(6)
LinearAlgebra.PosDefException(42)
LinearAlgebra.PosDefException(183)
LinearAlgebra.PosDefException(422)
LinearAlgebra.PosDefException(1)
LinearAlgebra.PosDefException(1)
LinearAlgebra.PosDefException(1)
LinearAlgebra.PosDefException(1)
Noise level is too low, using  AAA
LinearAlgebra.PosDefException(3)
LinearAlgebra.PosDefException(2)
LinearAlgebra.PosDefException(2)
LinearAlgebra.PosDefException(3)
LinearAlgebra.PosDefException(3)
LinearAlgebra.PosDefException(9)
LinearAlgebra.PosDefException(88)
LinearAlgebra.PosDefException(2)
LinearAlgebra.PosDefException(3)
LinearAlgebra.PosDefException(2)
LinearAlgebra.PosDefException(2)
LinearAlgebra.PosDefException(6)
LinearAlgebra.PosDefException(4)
LinearAlgebra.PosDefException(4)
LinearAlgebra.PosDefException(45)
LinearAlgebra.PosDefException(3)
LinearAlgebra.PosDefException(3)
LinearAlgebra.PosDefException(3)
LinearAlgebra.PosDefException(2)
LinearAlgebra.PosDefException(4)
LinearAlgebra.PosDefException(4)
LinearAlgebra.PosDefException(5)
LinearAlgebra.PosDefException(6)
LinearAlgebra.PosDefException(69)
LinearAlgebra.PosDefException(2)
LinearAlgebra.PosDefException(2)
LinearAlgebra.PosDefException(2)
LinearAlgebra.PosDefException(2)
LinearAlgebra.PosDefException(2)
LinearAlgebra.PosDefException(2)
LinearAlgebra.PosDefException(2)
LinearAlgebra.PosDefException(2)
LinearAlgebra.PosDefException(3)
LinearAlgebra.PosDefException(5)
LinearAlgebra.PosDefException(7)
LinearAlgebra.PosDefException(4)
LinearAlgebra.PosDefException(4)
LinearAlgebra.PosDefException(37)
LinearAlgebra.PosDefException(206)
LinearAlgebra.PosDefException(3)
LinearAlgebra.PosDefException(6)
LinearAlgebra.PosDefException(4)
LinearAlgebra.PosDefException(4)
LinearAlgebra.PosDefException(25)
LinearAlgebra.PosDefException(103)
LinearAlgebra.PosDefException(266)
LinearAlgebra.PosDefException(461)
LinearAlgebra.PosDefException(5)
LinearAlgebra.PosDefException(4)
LinearAlgebra.PosDefException(8)
LinearAlgebra.PosDefException(6)
LinearAlgebra.PosDefException(7)
LinearAlgebra.PosDefException(8)
LinearAlgebra.PosDefException(5)
LinearAlgebra.PosDefException(7)
LinearAlgebra.PosDefException(66)
LinearAlgebra.PosDefException(166)
LinearAlgebra.PosDefException(282)
LinearAlgebra.PosDefException(590)
LinearAlgebra.PosDefException(767)
Noise level is too low, using  AAA
DEBUG [determine_optimal_points_count]: Large num points: 1
DEBUG [determine_optimal_points_count]: Good num points: 1
DEBUG [multipoint_parameter_estimation]: Parameter estimation using this many points: 1

DEBUG [pick_points]: Starting point selection...
DEBUG [pick_points]: Number of points to pick: 1
DEBUG [pick_points]: Total points available: 1001
DEBUG [pick_points]: Number of interpolants: 4

DEBUG [pick_points]: Computing interestingness scores...
DEBUG [pick_points]: Processed 100 points
DEBUG [pick_points]: Processed 200 points
DEBUG [pick_points]: Processed 300 points
DEBUG [pick_points]: Processed 400 points
DEBUG [pick_points]: Processed 500 points
DEBUG [pick_points]: Processed 600 points
DEBUG [pick_points]: Processed 700 points
DEBUG [pick_points]: Processed 800 points
DEBUG [pick_points]: Processed 900 points
DEBUG [pick_points]: Processed 1000 points

DEBUG [pick_points]: Score statistics:
DEBUG [pick_points]: Min score: NaN
DEBUG [pick_points]: Max score: NaN
DEBUG [pick_points]: Mean score: NaN
DEBUG [pick_points]: Warning: All scores are zero

DEBUG [pick_points]: Selected 1 points
DEBUG [pick_points]: Selected time points: [-0.99]
aa_system
Any[_t6_yy_t_ + _t6_vv_t_ - 3319972474212813//4503599627370496, _t6_yyˍt_t_ + _t6_vvˍt_t_ + 39515965742487//140737488355328, _t6_yyˍtt_t_ + _t6_vvˍtt_t_ - 224834399831//1099511627776, _t6_z_t_ - 6456517602596607//9007199254740992, _t6_zˍt_t_ + 16652411386573//140737488355328, _t6_zˍtt_t_ + 29185745683//2199023255552, _t6_zˍttt_t_ - 37783633141//549755813888, _t6_x_t_ - 5608600941696739//36028797018963968, _t6_xˍt_t_ - 317705403953541//562949953421312, _t6_xˍtt_t_ + 2310690699573//4398046511104, _t6_xˍttt_t_ - 4952967697//8589934592, _t6_w_t_ - 2322978558341125//4503599627370496, _t6_wˍt_t_ + 61585816909619//281474976710656, _t6_wˍtt_t_ - 4908280749//34359738368, _t6_wˍttt_t_ + 859055735//4294967296, _tpa_*_t6_yy_t_ - _tpbeta_*_t6_x_t_*_t6_vv_t_ + _t6_yyˍt_t_, _tpuu_*_t6_vv_t_ - _tpk_*_t6_yy_t_ + _t6_vvˍt_t_, _tpa_*_t6_yyˍt_t_ - _tpbeta_*_t6_x_t_*_t6_vvˍt_t_ - _tpbeta_*_t6_vv_t_*_t6_xˍt_t_ + _t6_yyˍtt_t_, _tpuu_*_t6_vvˍt_t_ - _tpk_*_t6_yyˍt_t_ + _t6_vvˍtt_t_, -_tpc_*_tpq_*_t6_yy_t_*_t6_w_t_ + _tph_*_t6_z_t_ + _t6_zˍt_t_, -_tpc_*_tpq_*_t6_yy_t_*_t6_wˍt_t_ - _tpc_*_tpq_*_t6_w_t_*_t6_yyˍt_t_ + _tph_*_t6_zˍt_t_ + _t6_zˍtt_t_, -_tpc_*_tpq_*_t6_yy_t_*_t6_wˍtt_t_ - _tpc_*_tpq_*_t6_w_t_*_t6_yyˍtt_t_ - 2*_tpc_*_tpq_*_t6_yyˍt_t_*_t6_wˍt_t_ + _tph_*_t6_zˍtt_t_ + _t6_zˍttt_t_, _tpd_*_t6_x_t_ + _tpbeta_*_t6_x_t_*_t6_vv_t_ - _tplm_ + _t6_xˍt_t_, _tpd_*_t6_xˍt_t_ + _tpbeta_*_t6_x_t_*_t6_vvˍt_t_ + _tpbeta_*_t6_vv_t_*_t6_xˍt_t_ + _t6_xˍtt_t_, _tpd_*_t6_xˍtt_t_ + _tpbeta_*_t6_x_t_*_t6_vvˍtt_t_ + _tpbeta_*_t6_vv_t_*_t6_xˍtt_t_ + 2*_tpbeta_*_t6_vvˍt_t_*_t6_xˍt_t_ + _t6_xˍttt_t_, _tpc_*_tpq_*_t6_yy_t_*_t6_w_t_ - _tpc_*_t6_x_t_*_t6_yy_t_*_t6_w_t_ + _tpb_*_t6_w_t_ + _t6_wˍt_t_, _tpc_*_tpq_*_t6_yy_t_*_t6_wˍt_t_ + _tpc_*_tpq_*_t6_w_t_*_t6_yyˍt_t_ - _tpc_*_t6_x_t_*_t6_yy_t_*_t6_wˍt_t_ - _tpc_*_t6_x_t_*_t6_w_t_*_t6_yyˍt_t_ - _tpc_*_t6_yy_t_*_t6_w_t_*_t6_xˍt_t_ + _tpb_*_t6_wˍt_t_ + _t6_wˍtt_t_, _tpc_*_tpq_*_t6_yy_t_*_t6_wˍtt_t_ + _tpc_*_tpq_*_t6_w_t_*_t6_yyˍtt_t_ + 2*_tpc_*_tpq_*_t6_yyˍt_t_*_t6_wˍt_t_ - _tpc_*_t6_x_t_*_t6_yy_t_*_t6_wˍtt_t_ - _tpc_*_t6_x_t_*_t6_w_t_*_t6_yyˍtt_t_ - 2*_tpc_*_t6_x_t_*_t6_yyˍt_t_*_t6_wˍt_t_ - _tpc_*_t6_yy_t_*_t6_w_t_*_t6_xˍtt_t_ - 2*_tpc_*_t6_yy_t_*_t6_xˍt_t_*_t6_wˍt_t_ - 2*_tpc_*_t6_w_t_*_t6_yyˍt_t_*_t6_xˍt_t_ + _tpb_*_t6_wˍtt_t_ + _t6_wˍttt_t_]
R
Multivariate polynomial ring in 28 variables over rationals
primes of bitsize 28
G-Q-Pt-FG-LT-LP(U)
G-Q-Pt-FG-LT-LP(U)
G-Q-Pt-FG-LT-LP(U)
G-Q-Pt-FG-LT-LP(U)
G-Q-Pt-FG-LT-LP(U)
G-Q-Pt-FG-LT-LP(U)
G-Q-Pt-FG-LT-LP(U)
G-Q-Pt-FG-LT-LP(U)
G-Q-Pt-FG-LT-LP(U)
G-Q-Pt-FG-LT-LP(C)
Dimension of the quotient :4
Degree of the radical :4
Use variable 19 as separating element
Run Groebner learn
Test cyclic optimization
Apply cyclic optimization 
Multi-modular computation (1 threads): G-Q-Pt-FG-LT-LP(C)
5-9-13-17-21-25-29-33-37-41-45-49-53-61-69-77-85-93-105-117-129-141-157-173-193-
check-G-Q-Pt-FG-LT-LP(C)
Nb Primes used :193
2-element Vector{Vector{Vector{BigFloat}}}:
 [[0.74734306, 0.74734402], [0.30438995, 0.30439043], [0.6112051, 0.61120605], [1.0721817, 1.0721836], [0.92286873, 0.92286968], [0.65899944, 0.6590004], [0.21799994, 0.21800017], [0.36799955, 0.36800003], [0.90260029, 0.90260124], [0.71155643, 0.71155739], [0.15566993, 0.15567017], [0.36672306, 0.36672354], [0.3704586, 0.37045908], [0.51580429, 0.51580524], [0.7168169, 0.71681786], [-0.22201586, -0.22201562], [-0.058762074, -0.058762014], [0.34637356, 0.34637403], [-0.14188814, -0.1418879], [-0.20001459, -0.20001435], [-0.11832261, -0.11832249], [-0.013272151, -0.013272136], [0.06872797, 0.068728089], [0.56435776, 0.56435871], [-0.52539062, -0.52538967], [0.57660103, 0.57660198], [-0.21879697, -0.21879673], [0.14284968, 0.14284992]]
 [[0.75, 0.75000095], [0.38199997, 0.38200045], [0.67699909, 0.67700005], [0.81199932, 0.81200027], [0.88099957, 0.88100052], [0.65899944, 0.6590004], [0.21799994, 0.21800017], [0.36799955, 0.36800003], [0.60999966, 0.61000061], [0.71199989, 0.71200085], [0.15566993, 0.15567017], [0.29221678, 0.29221725], [0.44496489, 0.44496536], [0.51580429, 0.51580524], [0.7168169, 0.71681786], [-0.17690969, -0.17690945], [-0.10386837, -0.10386825], [0.27600145, 0.27600193], [-0.071516275, -0.071516156], [-0.20001459, -0.20001435], [-0.11832261, -0.11832249], [-0.013272151, -0.013272136], [0.06872797, 0.068728089], [0.56435776, 0.56435871], [-0.52539062, -0.52538967], [0.57660103, 0.57660198], [-0.21879697, -0.21879673], [0.14284968, 0.14284992]]




