LinearAlgebra.PosDefException(2)
LinearAlgebra.PosDefException(2)
LinearAlgebra.PosDefException(2)
LinearAlgebra.PosDefException(3)
LinearAlgebra.PosDefException(3)
LinearAlgebra.PosDefException(6)
LinearAlgebra.PosDefException(85)
LinearAlgebra.PosDefException(2)
LinearAlgebra.PosDefException(2)
LinearAlgebra.PosDefException(2)
LinearAlgebra.PosDefException(2)
LinearAlgebra.PosDefException(7)
LinearAlgebra.PosDefException(3)
LinearAlgebra.PosDefException(4)
LinearAlgebra.PosDefException(42)
LinearAlgebra.PosDefException(3)
LinearAlgebra.PosDefException(2)
LinearAlgebra.PosDefException(2)
LinearAlgebra.PosDefException(2)
LinearAlgebra.PosDefException(3)
LinearAlgebra.PosDefException(4)
LinearAlgebra.PosDefException(4)
LinearAlgebra.PosDefException(10)
LinearAlgebra.PosDefException(172)
LinearAlgebra.PosDefException(3)
LinearAlgebra.PosDefException(2)
LinearAlgebra.PosDefException(3)
LinearAlgebra.PosDefException(3)
LinearAlgebra.PosDefException(3)
LinearAlgebra.PosDefException(5)
LinearAlgebra.PosDefException(8)
LinearAlgebra.PosDefException(9)
LinearAlgebra.PosDefException(79)
LinearAlgebra.PosDefException(2)
LinearAlgebra.PosDefException(4)
LinearAlgebra.PosDefException(4)
LinearAlgebra.PosDefException(5)
LinearAlgebra.PosDefException(4)
LinearAlgebra.PosDefException(9)
LinearAlgebra.PosDefException(12)
LinearAlgebra.PosDefException(70)
LinearAlgebra.PosDefException(176)
LinearAlgebra.PosDefException(316)
LinearAlgebra.PosDefException(438)
LinearAlgebra.PosDefException(661)
LinearAlgebra.PosDefException(9)
LinearAlgebra.PosDefException(5)
LinearAlgebra.PosDefException(6)
LinearAlgebra.PosDefException(5)
LinearAlgebra.PosDefException(5)
LinearAlgebra.PosDefException(5)
LinearAlgebra.PosDefException(5)
LinearAlgebra.PosDefException(11)
LinearAlgebra.PosDefException(57)
LinearAlgebra.PosDefException(230)
LinearAlgebra.PosDefException(261)
LinearAlgebra.PosDefException(510)
LinearAlgebra.PosDefException(561)
LinearAlgebra.PosDefException(680)
LinearAlgebra.PosDefException(772)
LinearAlgebra.PosDefException(5)
LinearAlgebra.PosDefException(6)
LinearAlgebra.PosDefException(5)
LinearAlgebra.PosDefException(6)
LinearAlgebra.PosDefException(5)
LinearAlgebra.PosDefException(6)
LinearAlgebra.PosDefException(5)
LinearAlgebra.PosDefException(22)
LinearAlgebra.PosDefException(123)
LinearAlgebra.PosDefException(255)
LinearAlgebra.PosDefException(491)
LinearAlgebra.PosDefException(519)
LinearAlgebra.PosDefException(584)
LinearAlgebra.PosDefException(587)
LinearAlgebra.PosDefException(681)
LinearAlgebra.PosDefException(631)
LinearAlgebra.PosDefException(791)
LinearAlgebra.PosDefException(823)
LinearAlgebra.PosDefException(809)
LinearAlgebra.PosDefException(723)
LinearAlgebra.PosDefException(686)
LinearAlgebra.PosDefException(903)
LinearAlgebra.PosDefException(843)
LinearAlgebra.PosDefException(919)
LinearAlgebra.PosDefException(662)
LinearAlgebra.PosDefException(833)
LinearAlgebra.PosDefException(713)
LinearAlgebra.PosDefException(674)
LinearAlgebra.PosDefException(815)
LinearAlgebra.PosDefException(711)
LinearAlgebra.PosDefException(780)
LinearAlgebra.PosDefException(688)
LinearAlgebra.PosDefException(755)
LinearAlgebra.PosDefException(684)
LinearAlgebra.PosDefException(808)
LinearAlgebra.PosDefException(787)
LinearAlgebra.PosDefException(744)
LinearAlgebra.PosDefException(723)
LinearAlgebra.PosDefException(776)
LinearAlgebra.PosDefException(765)
LinearAlgebra.PosDefException(799)
LinearAlgebra.PosDefException(969)
Noise level is too low, using  AAA
LinearAlgebra.PosDefException(2)
LinearAlgebra.PosDefException(6)
LinearAlgebra.PosDefException(2)
LinearAlgebra.PosDefException(5)
LinearAlgebra.PosDefException(6)
LinearAlgebra.PosDefException(7)
LinearAlgebra.PosDefException(88)
LinearAlgebra.PosDefException(2)
LinearAlgebra.PosDefException(2)
LinearAlgebra.PosDefException(2)
LinearAlgebra.PosDefException(2)
LinearAlgebra.PosDefException(4)
LinearAlgebra.PosDefException(3)
LinearAlgebra.PosDefException(4)
LinearAlgebra.PosDefException(45)
LinearAlgebra.PosDefException(2)
LinearAlgebra.PosDefException(2)
LinearAlgebra.PosDefException(3)
LinearAlgebra.PosDefException(2)
LinearAlgebra.PosDefException(2)
LinearAlgebra.PosDefException(3)
LinearAlgebra.PosDefException(6)
LinearAlgebra.PosDefException(5)
LinearAlgebra.PosDefException(9)
LinearAlgebra.PosDefException(2)
LinearAlgebra.PosDefException(3)
LinearAlgebra.PosDefException(3)
LinearAlgebra.PosDefException(5)
LinearAlgebra.PosDefException(5)
LinearAlgebra.PosDefException(4)
LinearAlgebra.PosDefException(5)
LinearAlgebra.PosDefException(5)
LinearAlgebra.PosDefException(34)
LinearAlgebra.PosDefException(165)
LinearAlgebra.PosDefException(236)
LinearAlgebra.PosDefException(548)
LinearAlgebra.PosDefException(797)
LinearAlgebra.PosDefException(11)
LinearAlgebra.PosDefException(5)
LinearAlgebra.PosDefException(6)
LinearAlgebra.PosDefException(5)
LinearAlgebra.PosDefException(5)
LinearAlgebra.PosDefException(6)
LinearAlgebra.PosDefException(6)
LinearAlgebra.PosDefException(39)
LinearAlgebra.PosDefException(138)
LinearAlgebra.PosDefException(269)
LinearAlgebra.PosDefException(616)
LinearAlgebra.PosDefException(682)
LinearAlgebra.PosDefException(5)
LinearAlgebra.PosDefException(5)
LinearAlgebra.PosDefException(5)
LinearAlgebra.PosDefException(5)
LinearAlgebra.PosDefException(7)
LinearAlgebra.PosDefException(5)
LinearAlgebra.PosDefException(8)
LinearAlgebra.PosDefException(24)
LinearAlgebra.PosDefException(135)
LinearAlgebra.PosDefException(274)
LinearAlgebra.PosDefException(312)
LinearAlgebra.PosDefException(629)
LinearAlgebra.PosDefException(663)
LinearAlgebra.PosDefException(725)
LinearAlgebra.PosDefException(775)
LinearAlgebra.PosDefException(856)
LinearAlgebra.PosDefException(743)
LinearAlgebra.PosDefException(928)
LinearAlgebra.PosDefException(830)
LinearAlgebra.PosDefException(784)
LinearAlgebra.PosDefException(816)
LinearAlgebra.PosDefException(888)
LinearAlgebra.PosDefException(734)
LinearAlgebra.PosDefException(768)
LinearAlgebra.PosDefException(737)
LinearAlgebra.PosDefException(812)
LinearAlgebra.PosDefException(852)
LinearAlgebra.PosDefException(844)
LinearAlgebra.PosDefException(766)
LinearAlgebra.PosDefException(822)
LinearAlgebra.PosDefException(888)
LinearAlgebra.PosDefException(917)
LinearAlgebra.PosDefException(874)
LinearAlgebra.PosDefException(810)
LinearAlgebra.PosDefException(898)
LinearAlgebra.PosDefException(865)
LinearAlgebra.PosDefException(886)
LinearAlgebra.PosDefException(852)
LinearAlgebra.PosDefException(908)
LinearAlgebra.PosDefException(928)
LinearAlgebra.PosDefException(785)
LinearAlgebra.PosDefException(785)
LinearAlgebra.PosDefException(5)
LinearAlgebra.PosDefException(5)
LinearAlgebra.PosDefException(5)
LinearAlgebra.PosDefException(6)
LinearAlgebra.PosDefException(9)
LinearAlgebra.PosDefException(9)
LinearAlgebra.PosDefException(5)
LinearAlgebra.PosDefException(35)
LinearAlgebra.PosDefException(139)
LinearAlgebra.PosDefException(283)
LinearAlgebra.PosDefException(305)
LinearAlgebra.PosDefException(604)
LinearAlgebra.PosDefException(668)
LinearAlgebra.PosDefException(715)
LinearAlgebra.PosDefException(866)
LinearAlgebra.PosDefException(801)
LinearAlgebra.PosDefException(810)
LinearAlgebra.PosDefException(886)
LinearAlgebra.PosDefException(838)
LinearAlgebra.PosDefException(800)
LinearAlgebra.PosDefException(884)
LinearAlgebra.PosDefException(892)
LinearAlgebra.PosDefException(754)
LinearAlgebra.PosDefException(812)
LinearAlgebra.PosDefException(840)
LinearAlgebra.PosDefException(766)
LinearAlgebra.PosDefException(987)
LinearAlgebra.PosDefException(727)
LinearAlgebra.PosDefException(757)
LinearAlgebra.PosDefException(819)
LinearAlgebra.PosDefException(822)
LinearAlgebra.PosDefException(814)
LinearAlgebra.PosDefException(762)
LinearAlgebra.PosDefException(883)
LinearAlgebra.PosDefException(939)
LinearAlgebra.PosDefException(772)
LinearAlgebra.PosDefException(819)
LinearAlgebra.PosDefException(726)
LinearAlgebra.PosDefException(902)
LinearAlgebra.PosDefException(863)
LinearAlgebra.PosDefException(852)
LinearAlgebra.PosDefException(741)
LinearAlgebra.PosDefException(764)
LinearAlgebra.PosDefException(838)
LinearAlgebra.PosDefException(901)
LinearAlgebra.PosDefException(916)
LinearAlgebra.PosDefException(840)
LinearAlgebra.PosDefException(808)
LinearAlgebra.PosDefException(879)
LinearAlgebra.PosDefException(805)
LinearAlgebra.PosDefException(893)
LinearAlgebra.PosDefException(785)
Noise level is too low, using  AAA
LinearAlgebra.PosDefException(2)
LinearAlgebra.PosDefException(2)
LinearAlgebra.PosDefException(2)
LinearAlgebra.PosDefException(5)
LinearAlgebra.PosDefException(3)
LinearAlgebra.PosDefException(4)
LinearAlgebra.PosDefException(86)
LinearAlgebra.PosDefException(3)
LinearAlgebra.PosDefException(2)
LinearAlgebra.PosDefException(2)
LinearAlgebra.PosDefException(3)
LinearAlgebra.PosDefException(6)
LinearAlgebra.PosDefException(3)
LinearAlgebra.PosDefException(5)
LinearAlgebra.PosDefException(44)
LinearAlgebra.PosDefException(2)
LinearAlgebra.PosDefException(2)
LinearAlgebra.PosDefException(2)
LinearAlgebra.PosDefException(2)
LinearAlgebra.PosDefException(3)
LinearAlgebra.PosDefException(4)
LinearAlgebra.PosDefException(6)
LinearAlgebra.PosDefException(6)
LinearAlgebra.PosDefException(11)
LinearAlgebra.PosDefException(5)
LinearAlgebra.PosDefException(4)
LinearAlgebra.PosDefException(5)
LinearAlgebra.PosDefException(4)
LinearAlgebra.PosDefException(6)
LinearAlgebra.PosDefException(5)
LinearAlgebra.PosDefException(6)
LinearAlgebra.PosDefException(23)
LinearAlgebra.PosDefException(99)
LinearAlgebra.PosDefException(273)
LinearAlgebra.PosDefException(1)
LinearAlgebra.PosDefException(1)
Noise level is too low, using  AAA
LinearAlgebra.PosDefException(2)
LinearAlgebra.PosDefException(2)
LinearAlgebra.PosDefException(3)
LinearAlgebra.PosDefException(4)
LinearAlgebra.PosDefException(4)
LinearAlgebra.PosDefException(7)
LinearAlgebra.PosDefException(83)
LinearAlgebra.PosDefException(2)
LinearAlgebra.PosDefException(2)
LinearAlgebra.PosDefException(2)
LinearAlgebra.PosDefException(2)
LinearAlgebra.PosDefException(4)
LinearAlgebra.PosDefException(3)
LinearAlgebra.PosDefException(4)
LinearAlgebra.PosDefException(46)
LinearAlgebra.PosDefException(3)
LinearAlgebra.PosDefException(2)
LinearAlgebra.PosDefException(2)
LinearAlgebra.PosDefException(2)
LinearAlgebra.PosDefException(4)
LinearAlgebra.PosDefException(3)
LinearAlgebra.PosDefException(6)
LinearAlgebra.PosDefException(4)
LinearAlgebra.PosDefException(35)
LinearAlgebra.PosDefException(3)
LinearAlgebra.PosDefException(2)
LinearAlgebra.PosDefException(3)
LinearAlgebra.PosDefException(3)
LinearAlgebra.PosDefException(5)
LinearAlgebra.PosDefException(4)
LinearAlgebra.PosDefException(4)
LinearAlgebra.PosDefException(5)
LinearAlgebra.PosDefException(6)
LinearAlgebra.PosDefException(20)
LinearAlgebra.PosDefException(184)
LinearAlgebra.PosDefException(611)
LinearAlgebra.PosDefException(5)
LinearAlgebra.PosDefException(5)
LinearAlgebra.PosDefException(6)
LinearAlgebra.PosDefException(5)
LinearAlgebra.PosDefException(5)
LinearAlgebra.PosDefException(5)
LinearAlgebra.PosDefException(6)
LinearAlgebra.PosDefException(19)
LinearAlgebra.PosDefException(83)
LinearAlgebra.PosDefException(203)
LinearAlgebra.PosDefException(383)
LinearAlgebra.PosDefException(1)
LinearAlgebra.PosDefException(1)
LinearAlgebra.PosDefException(1)
LinearAlgebra.PosDefException(1)
Noise level is too low, using  AAA
DEBUG [determine_optimal_points_count]: Large num points: 1
DEBUG [determine_optimal_points_count]: Good num points: 1
DEBUG [multipoint_parameter_estimation]: Parameter estimation using this many points: 1

DEBUG [pick_points]: Starting point selection...
DEBUG [pick_points]: Number of points to pick: 1
DEBUG [pick_points]: Total points available: 1001
DEBUG [pick_points]: Number of interpolants: 4

DEBUG [pick_points]: Computing interestingness scores...
DEBUG [pick_points]: Processed 100 points
DEBUG [pick_points]: Processed 200 points
DEBUG [pick_points]: Processed 300 points
DEBUG [pick_points]: Processed 400 points
DEBUG [pick_points]: Processed 500 points
DEBUG [pick_points]: Processed 600 points
DEBUG [pick_points]: Processed 700 points
DEBUG [pick_points]: Processed 800 points
DEBUG [pick_points]: Processed 900 points
DEBUG [pick_points]: Processed 1000 points

DEBUG [pick_points]: Score statistics:
DEBUG [pick_points]: Min score: 0.27724990724191806
DEBUG [pick_points]: Max score: 0.7924493256285094
DEBUG [pick_points]: Mean score: 0.4764459052858527
DEBUG [pick_points]: Normalized scores

DEBUG [pick_points]: Selected 1 points
DEBUG [pick_points]: Selected time points: [-0.998]
aa_system
Any[_t2_yy_t_ + _t2_vv_t_ - 5857949771615315//9007199254740992, _t2_yyˍt_t_ + _t2_vvˍt_t_ + 174980398829//549755813888, _t2_yyˍtt_t_ + _t2_vvˍtt_t_ - 6073210311//34359738368, _t2_z_t_ - 4673267078047317//9007199254740992, _t2_zˍt_t_ + 1434899985825//17592186044416, _t2_zˍtt_t_ + 131539//1073741824, _t2_zˍttt_t_ - 300637//16777216, _t2_x_t_ - 7157614969347773//9007199254740992, _t2_xˍt_t_ - 5758570607619//17592186044416, _t2_xˍtt_t_ + 3784435715//34359738368, _t2_xˍttt_t_ - 1806913//33554432, _t2_w_t_ - 3803518290618217//9007199254740992, _t2_wˍt_t_ + 12736894839497//35184372088832, _t2_wˍtt_t_ - 21745777431//68719476736, _t2_wˍttt_t_ + 19293117//67108864, _tpa_*_t2_yy_t_ - _tpbeta_*_t2_x_t_*_t2_vv_t_ + _t2_yyˍt_t_, _tpuu_*_t2_vv_t_ - _tpk_*_t2_yy_t_ + _t2_vvˍt_t_, _tpa_*_t2_yyˍt_t_ - _tpbeta_*_t2_x_t_*_t2_vvˍt_t_ - _tpbeta_*_t2_vv_t_*_t2_xˍt_t_ + _t2_yyˍtt_t_, _tpuu_*_t2_vvˍt_t_ - _tpk_*_t2_yyˍt_t_ + _t2_vvˍtt_t_, -_tpc_*_tpq_*_t2_yy_t_*_t2_w_t_ + _tph_*_t2_z_t_ + _t2_zˍt_t_, -_tpc_*_tpq_*_t2_yy_t_*_t2_wˍt_t_ - _tpc_*_tpq_*_t2_w_t_*_t2_yyˍt_t_ + _tph_*_t2_zˍt_t_ + _t2_zˍtt_t_, -_tpc_*_tpq_*_t2_yy_t_*_t2_wˍtt_t_ - _tpc_*_tpq_*_t2_w_t_*_t2_yyˍtt_t_ - 2*_tpc_*_tpq_*_t2_yyˍt_t_*_t2_wˍt_t_ + _tph_*_t2_zˍtt_t_ + _t2_zˍttt_t_, _tpd_*_t2_x_t_ + _tpbeta_*_t2_x_t_*_t2_vv_t_ - _tplm_ + _t2_xˍt_t_, _tpd_*_t2_xˍt_t_ + _tpbeta_*_t2_x_t_*_t2_vvˍt_t_ + _tpbeta_*_t2_vv_t_*_t2_xˍt_t_ + _t2_xˍtt_t_, _tpd_*_t2_xˍtt_t_ + _tpbeta_*_t2_x_t_*_t2_vvˍtt_t_ + _tpbeta_*_t2_vv_t_*_t2_xˍtt_t_ + 2*_tpbeta_*_t2_vvˍt_t_*_t2_xˍt_t_ + _t2_xˍttt_t_, _tpc_*_tpq_*_t2_yy_t_*_t2_w_t_ - _tpc_*_t2_x_t_*_t2_yy_t_*_t2_w_t_ + _tpb_*_t2_w_t_ + _t2_wˍt_t_, _tpc_*_tpq_*_t2_yy_t_*_t2_wˍt_t_ + _tpc_*_tpq_*_t2_w_t_*_t2_yyˍt_t_ - _tpc_*_t2_x_t_*_t2_yy_t_*_t2_wˍt_t_ - _tpc_*_t2_x_t_*_t2_w_t_*_t2_yyˍt_t_ - _tpc_*_t2_yy_t_*_t2_w_t_*_t2_xˍt_t_ + _tpb_*_t2_wˍt_t_ + _t2_wˍtt_t_, _tpc_*_tpq_*_t2_yy_t_*_t2_wˍtt_t_ + _tpc_*_tpq_*_t2_w_t_*_t2_yyˍtt_t_ + 2*_tpc_*_tpq_*_t2_yyˍt_t_*_t2_wˍt_t_ - _tpc_*_t2_x_t_*_t2_yy_t_*_t2_wˍtt_t_ - _tpc_*_t2_x_t_*_t2_w_t_*_t2_yyˍtt_t_ - 2*_tpc_*_t2_x_t_*_t2_yyˍt_t_*_t2_wˍt_t_ - _tpc_*_t2_yy_t_*_t2_w_t_*_t2_xˍtt_t_ - 2*_tpc_*_t2_yy_t_*_t2_xˍt_t_*_t2_wˍt_t_ - 2*_tpc_*_t2_w_t_*_t2_yyˍt_t_*_t2_xˍt_t_ + _tpb_*_t2_wˍtt_t_ + _t2_wˍttt_t_]
R
Multivariate polynomial ring in 28 variables over rationals
primes of bitsize 28
G-Q-Pt-FG-LT-LP(U)
G-Q-Pt-FG-LT-LP(U)
G-Q-Pt-FG-LT-LP(U)
G-Q-Pt-FG-LT-LP(U)
G-Q-Pt-FG-LT-LP(U)
G-Q-Pt-FG-LT-LP(U)
G-Q-Pt-FG-LT-LP(U)
G-Q-Pt-FG-LT-LP(U)
G-Q-Pt-FG-LT-LP(U)
G-Q-Pt-FG-LT-LP(C)
Dimension of the quotient :4
Degree of the radical :4
Use variable 19 as separating element
Run Groebner learn
Test cyclic optimization
Apply cyclic optimization 
Multi-modular computation (1 threads): G-Q-Pt-FG-LT-LP(C)
5-9-13-17-21-25-29-33-37-41-45-49-53-61-69-77-85-93-105-117-129-141-157-173-193-
check-G-Q-Pt-FG-LT-LP(C)
Nb Primes used :193
4-element Vector{Vector{Vector{BigFloat}}}:
 [[0.37074518, 0.37074566], [0.032530248, 0.032530308], [0.18627739, 0.18627763], [-0.012411579, -0.012411565], [0.075974584, 0.075974703], [0.60800171, 0.60800266], [0.18299985, 0.18300009], [0.86699963, 0.86700058], [-0.21923423, -0.21923399], [0.64120865, 0.6412096], [0.79465485, 0.7946558], [1.6023235, 1.6023254], [-0.95196152, -0.95196056], [0.42227507, 0.42227554], [0.51883602, 0.51883698], [-0.42820835, -0.42820787], [0.10992062, 0.10992074], [0.20792222, 0.20792246], [-0.031168699, -0.031168669], [-0.28748989, -0.28748941], [-0.081564665, -0.081564546], [-0.00012250547, -0.00012250501], [0.017919332, 0.017919391], [0.32733679, 0.32733727], [-0.11014163, -0.11014152], [0.053850174, 0.053850234], [-0.36200476, -0.36200428], [0.31644249, 0.31644297]]
 [[-0.60390759, -0.60390663], [-0.7276268, -0.72762585], [0.35891247, 0.35891294], [0.55222511, 0.55222607], [-1.0172195, -1.0172176], [1.3504105, 1.3504124], [0.12433827, 0.12433839], [0.87388992, 0.87389088], [0.072601676, 0.072601795], [0.6476984, 0.64769936], [0.79465485, 0.7946558], [0.041099727, 0.041099787], [0.60926247, 0.60926342], [0.42227507, 0.42227554], [0.51883602, 0.51883698], [0.059970796, 0.059970856], [-0.37825871, -0.37825823], [0.028873146, 0.028873175], [0.14788032, 0.14788055], [-0.28748989, -0.28748941], [-0.081564665, -0.081564546], [-0.00012250547, -0.00012250501], [0.017919332, 0.017919391], [0.32733679, 0.32733727], [-0.11014163, -0.11014152], [0.053850174, 0.053850234], [-0.36200476, -0.36200428], [0.31644249, 0.31644297]]
 [[0.69005203, 0.69005299], [0.42405272, 0.42405319], [0.35699844, 0.35699892], [0.58499622, 0.58499718], [0.18805122, 0.18805146], [0.60800171, 0.60800266], [0.18299985, 0.18300009], [0.86699963, 0.86700058], [0.12399614, 0.12399626], [0.6629982, 0.66299915], [0.79465485, 0.7946558], [0.12291861, 0.12291873], [0.52744389, 0.52744484], [0.42227507, 0.42227554], [0.51883602, 0.51883698], [-0.032849014, -0.032848954], [-0.28543854, -0.28543806], [0.015950263, 0.015950292], [0.16080332, 0.16080356], [-0.28748989, -0.28748941], [-0.081564665, -0.081564546], [-0.00012250547, -0.00012250501], [0.017919332, 0.017919391], [0.32733679, 0.32733727], [-0.11014163, -0.11014152], [0.053850174, 0.053850234], [-0.36200476, -0.36200428], [0.31644249, 0.31644297]]
 [[-0.30330801, -0.30330753], [0.25034142, 0.25034189], [0.43134022, 0.43134069], [0.37147903, 0.37147951], [-1.1886425, -1.1886406], [1.3504105, 1.3504124], [0.12433827, 0.12433839], [0.87388992, 0.87389088], [-0.22570777, -0.22570753], [0.5320282, 0.53202915], [0.79465485, 0.7946558], [-0.11945784, -0.11945772], [0.76982021, 0.76982117], [0.42227507, 0.42227554], [0.51883602, 0.51883698], [-0.17430735, -0.17430711], [-0.14398026, -0.14398003], [-0.083920836, -0.083920717], [0.26067448, 0.26067495], [-0.28748989, -0.28748941], [-0.081564665, -0.081564546], [-0.00012250547, -0.00012250501], [0.017919332, 0.017919391], [0.32733679, 0.32733727], [-0.11014163, -0.11014152], [0.053850174, 0.053850234], [-0.36200476, -0.36200428], [0.31644249, 0.31644297]]








