LinearAlgebra.PosDefException(2)
LinearAlgebra.PosDefException(2)
LinearAlgebra.PosDefException(3)
LinearAlgebra.PosDefException(5)
LinearAlgebra.PosDefException(4)
LinearAlgebra.PosDefException(5)
LinearAlgebra.PosDefException(80)
LinearAlgebra.PosDefException(2)
LinearAlgebra.PosDefException(2)
LinearAlgebra.PosDefException(6)
LinearAlgebra.PosDefException(3)
LinearAlgebra.PosDefException(4)
LinearAlgebra.PosDefException(3)
LinearAlgebra.PosDefException(4)
LinearAlgebra.PosDefException(46)
LinearAlgebra.PosDefException(2)
LinearAlgebra.PosDefException(2)
LinearAlgebra.PosDefException(2)
LinearAlgebra.PosDefException(3)
LinearAlgebra.PosDefException(3)
LinearAlgebra.PosDefException(4)
LinearAlgebra.PosDefException(4)
LinearAlgebra.PosDefException(4)
LinearAlgebra.PosDefException(14)
LinearAlgebra.PosDefException(4)
LinearAlgebra.PosDefException(4)
LinearAlgebra.PosDefException(4)
LinearAlgebra.PosDefException(4)
LinearAlgebra.PosDefException(4)
LinearAlgebra.PosDefException(5)
LinearAlgebra.PosDefException(5)
LinearAlgebra.PosDefException(6)
LinearAlgebra.PosDefException(38)
LinearAlgebra.PosDefException(209)
LinearAlgebra.PosDefException(579)
LinearAlgebra.PosDefException(5)
LinearAlgebra.PosDefException(7)
LinearAlgebra.PosDefException(5)
LinearAlgebra.PosDefException(6)
LinearAlgebra.PosDefException(5)
LinearAlgebra.PosDefException(7)
LinearAlgebra.PosDefException(10)
LinearAlgebra.PosDefException(29)
LinearAlgebra.PosDefException(147)
LinearAlgebra.PosDefException(286)
LinearAlgebra.PosDefException(306)
LinearAlgebra.PosDefException(5)
LinearAlgebra.PosDefException(7)
LinearAlgebra.PosDefException(5)
LinearAlgebra.PosDefException(7)
LinearAlgebra.PosDefException(8)
LinearAlgebra.PosDefException(6)
LinearAlgebra.PosDefException(6)
LinearAlgebra.PosDefException(12)
LinearAlgebra.PosDefException(48)
LinearAlgebra.PosDefException(157)
LinearAlgebra.PosDefException(307)
LinearAlgebra.PosDefException(301)
LinearAlgebra.PosDefException(334)
LinearAlgebra.PosDefException(779)
LinearAlgebra.PosDefException(831)
LinearAlgebra.PosDefException(825)
LinearAlgebra.PosDefException(922)
LinearAlgebra.PosDefException(918)
LinearAlgebra.PosDefException(993)
LinearAlgebra.PosDefException(776)
LinearAlgebra.PosDefException(806)
LinearAlgebra.PosDefException(888)
LinearAlgebra.PosDefException(979)
LinearAlgebra.PosDefException(845)
LinearAlgebra.PosDefException(858)
LinearAlgebra.PosDefException(851)
LinearAlgebra.PosDefException(820)
LinearAlgebra.PosDefException(843)
LinearAlgebra.PosDefException(839)
LinearAlgebra.PosDefException(834)
LinearAlgebra.PosDefException(803)
LinearAlgebra.PosDefException(872)
LinearAlgebra.PosDefException(887)
LinearAlgebra.PosDefException(868)
LinearAlgebra.PosDefException(848)
LinearAlgebra.PosDefException(874)
LinearAlgebra.PosDefException(845)
LinearAlgebra.PosDefException(833)
LinearAlgebra.PosDefException(915)
LinearAlgebra.PosDefException(865)
LinearAlgebra.PosDefException(841)
LinearAlgebra.PosDefException(860)
LinearAlgebra.PosDefException(888)
LinearAlgebra.PosDefException(790)
LinearAlgebra.PosDefException(889)
LinearAlgebra.PosDefException(827)
LinearAlgebra.PosDefException(5)
LinearAlgebra.PosDefException(7)
LinearAlgebra.PosDefException(5)
LinearAlgebra.PosDefException(7)
LinearAlgebra.PosDefException(8)
LinearAlgebra.PosDefException(6)
LinearAlgebra.PosDefException(6)
LinearAlgebra.PosDefException(12)
LinearAlgebra.PosDefException(48)
LinearAlgebra.PosDefException(157)
LinearAlgebra.PosDefException(296)
LinearAlgebra.PosDefException(304)
LinearAlgebra.PosDefException(334)
LinearAlgebra.PosDefException(866)
LinearAlgebra.PosDefException(854)
LinearAlgebra.PosDefException(924)
LinearAlgebra.PosDefException(5)
LinearAlgebra.PosDefException(5)
LinearAlgebra.PosDefException(5)
LinearAlgebra.PosDefException(6)
LinearAlgebra.PosDefException(5)
LinearAlgebra.PosDefException(5)
LinearAlgebra.PosDefException(6)
LinearAlgebra.PosDefException(14)
LinearAlgebra.PosDefException(77)
LinearAlgebra.PosDefException(151)
LinearAlgebra.PosDefException(292)
LinearAlgebra.PosDefException(312)
LinearAlgebra.PosDefException(341)
LinearAlgebra.PosDefException(853)
LinearAlgebra.PosDefException(805)
LinearAlgebra.PosDefException(956)
LinearAlgebra.PosDefException(855)
LinearAlgebra.PosDefException(828)
LinearAlgebra.PosDefException(811)
LinearAlgebra.PosDefException(906)
LinearAlgebra.PosDefException(885)
LinearAlgebra.PosDefException(964)
LinearAlgebra.PosDefException(886)
LinearAlgebra.PosDefException(859)
LinearAlgebra.PosDefException(795)
LinearAlgebra.PosDefException(821)
LinearAlgebra.PosDefException(796)
LinearAlgebra.PosDefException(824)
LinearAlgebra.PosDefException(831)
LinearAlgebra.PosDefException(807)
LinearAlgebra.PosDefException(813)
LinearAlgebra.PosDefException(834)
LinearAlgebra.PosDefException(893)
LinearAlgebra.PosDefException(971)
LinearAlgebra.PosDefException(927)
LinearAlgebra.PosDefException(913)
LinearAlgebra.PosDefException(869)
LinearAlgebra.PosDefException(961)
LinearAlgebra.PosDefException(858)
LinearAlgebra.PosDefException(891)
LinearAlgebra.PosDefException(857)
LinearAlgebra.PosDefException(990)
LinearAlgebra.PosDefException(896)
LinearAlgebra.PosDefException(856)
LinearAlgebra.PosDefException(923)
LinearAlgebra.PosDefException(793)
LinearAlgebra.PosDefException(923)
LinearAlgebra.PosDefException(923)
LinearAlgebra.PosDefException(923)
Noise level is too low, using  AAA
LinearAlgebra.PosDefException(6)
LinearAlgebra.PosDefException(3)
LinearAlgebra.PosDefException(3)
LinearAlgebra.PosDefException(3)
LinearAlgebra.PosDefException(5)
LinearAlgebra.PosDefException(7)
LinearAlgebra.PosDefException(83)
LinearAlgebra.PosDefException(2)
LinearAlgebra.PosDefException(3)
LinearAlgebra.PosDefException(2)
LinearAlgebra.PosDefException(6)
LinearAlgebra.PosDefException(7)
LinearAlgebra.PosDefException(3)
LinearAlgebra.PosDefException(4)
LinearAlgebra.PosDefException(46)
LinearAlgebra.PosDefException(2)
LinearAlgebra.PosDefException(3)
LinearAlgebra.PosDefException(3)
LinearAlgebra.PosDefException(2)
LinearAlgebra.PosDefException(6)
LinearAlgebra.PosDefException(3)
LinearAlgebra.PosDefException(5)
LinearAlgebra.PosDefException(5)
LinearAlgebra.PosDefException(32)
LinearAlgebra.PosDefException(2)
LinearAlgebra.PosDefException(3)
LinearAlgebra.PosDefException(2)
LinearAlgebra.PosDefException(3)
LinearAlgebra.PosDefException(2)
LinearAlgebra.PosDefException(2)
LinearAlgebra.PosDefException(2)
LinearAlgebra.PosDefException(3)
LinearAlgebra.PosDefException(2)
LinearAlgebra.PosDefException(3)
LinearAlgebra.PosDefException(3)
LinearAlgebra.PosDefException(5)
LinearAlgebra.PosDefException(4)
LinearAlgebra.PosDefException(7)
LinearAlgebra.PosDefException(72)
LinearAlgebra.PosDefException(277)
LinearAlgebra.PosDefException(4)
LinearAlgebra.PosDefException(5)
LinearAlgebra.PosDefException(7)
LinearAlgebra.PosDefException(5)
LinearAlgebra.PosDefException(7)
LinearAlgebra.PosDefException(6)
LinearAlgebra.PosDefException(6)
LinearAlgebra.PosDefException(38)
LinearAlgebra.PosDefException(138)
LinearAlgebra.PosDefException(271)
LinearAlgebra.PosDefException(625)
LinearAlgebra.PosDefException(7)
LinearAlgebra.PosDefException(5)
LinearAlgebra.PosDefException(5)
LinearAlgebra.PosDefException(5)
LinearAlgebra.PosDefException(5)
LinearAlgebra.PosDefException(5)
LinearAlgebra.PosDefException(8)
LinearAlgebra.PosDefException(42)
LinearAlgebra.PosDefException(138)
LinearAlgebra.PosDefException(284)
LinearAlgebra.PosDefException(340)
LinearAlgebra.PosDefException(675)
LinearAlgebra.PosDefException(671)
LinearAlgebra.PosDefException(721)
LinearAlgebra.PosDefException(770)
LinearAlgebra.PosDefException(765)
LinearAlgebra.PosDefException(958)
LinearAlgebra.PosDefException(760)
LinearAlgebra.PosDefException(729)
LinearAlgebra.PosDefException(730)
LinearAlgebra.PosDefException(809)
LinearAlgebra.PosDefException(856)
LinearAlgebra.PosDefException(864)
LinearAlgebra.PosDefException(871)
LinearAlgebra.PosDefException(969)
LinearAlgebra.PosDefException(856)
LinearAlgebra.PosDefException(819)
LinearAlgebra.PosDefException(887)
LinearAlgebra.PosDefException(744)
LinearAlgebra.PosDefException(811)
LinearAlgebra.PosDefException(823)
LinearAlgebra.PosDefException(875)
LinearAlgebra.PosDefException(937)
LinearAlgebra.PosDefException(768)
LinearAlgebra.PosDefException(748)
LinearAlgebra.PosDefException(720)
LinearAlgebra.PosDefException(970)
LinearAlgebra.PosDefException(810)
LinearAlgebra.PosDefException(777)
LinearAlgebra.PosDefException(791)
LinearAlgebra.PosDefException(948)
LinearAlgebra.PosDefException(751)
LinearAlgebra.PosDefException(776)
LinearAlgebra.PosDefException(828)
LinearAlgebra.PosDefException(856)
LinearAlgebra.PosDefException(753)
LinearAlgebra.PosDefException(956)
LinearAlgebra.PosDefException(780)
LinearAlgebra.PosDefException(806)
Noise level is too low, using  AAA
LinearAlgebra.PosDefException(6)
LinearAlgebra.PosDefException(3)
LinearAlgebra.PosDefException(2)
LinearAlgebra.PosDefException(5)
LinearAlgebra.PosDefException(6)
LinearAlgebra.PosDefException(6)
LinearAlgebra.PosDefException(88)
LinearAlgebra.PosDefException(2)
LinearAlgebra.PosDefException(2)
LinearAlgebra.PosDefException(2)
LinearAlgebra.PosDefException(2)
LinearAlgebra.PosDefException(5)
LinearAlgebra.PosDefException(3)
LinearAlgebra.PosDefException(5)
LinearAlgebra.PosDefException(45)
LinearAlgebra.PosDefException(2)
LinearAlgebra.PosDefException(2)
LinearAlgebra.PosDefException(2)
LinearAlgebra.PosDefException(3)
LinearAlgebra.PosDefException(2)
LinearAlgebra.PosDefException(3)
LinearAlgebra.PosDefException(3)
LinearAlgebra.PosDefException(4)
LinearAlgebra.PosDefException(7)
LinearAlgebra.PosDefException(329)
LinearAlgebra.PosDefException(3)
LinearAlgebra.PosDefException(2)
LinearAlgebra.PosDefException(2)
LinearAlgebra.PosDefException(3)
LinearAlgebra.PosDefException(4)
LinearAlgebra.PosDefException(4)
LinearAlgebra.PosDefException(4)
LinearAlgebra.PosDefException(10)
LinearAlgebra.PosDefException(103)
LinearAlgebra.PosDefException(2)
LinearAlgebra.PosDefException(6)
LinearAlgebra.PosDefException(3)
LinearAlgebra.PosDefException(4)
LinearAlgebra.PosDefException(5)
LinearAlgebra.PosDefException(4)
LinearAlgebra.PosDefException(31)
LinearAlgebra.PosDefException(113)
LinearAlgebra.PosDefException(295)
LinearAlgebra.PosDefException(608)
LinearAlgebra.PosDefException(4)
LinearAlgebra.PosDefException(4)
LinearAlgebra.PosDefException(4)
LinearAlgebra.PosDefException(6)
LinearAlgebra.PosDefException(7)
LinearAlgebra.PosDefException(7)
LinearAlgebra.PosDefException(5)
LinearAlgebra.PosDefException(21)
LinearAlgebra.PosDefException(112)
LinearAlgebra.PosDefException(261)
LinearAlgebra.PosDefException(564)
LinearAlgebra.PosDefException(762)
LinearAlgebra.PosDefException(266)
LinearAlgebra.PosDefException(394)
LinearAlgebra.PosDefException(476)
LinearAlgebra.PosDefException(644)
LinearAlgebra.PosDefException(816)
LinearAlgebra.PosDefException(7)
LinearAlgebra.PosDefException(5)
LinearAlgebra.PosDefException(5)
LinearAlgebra.PosDefException(5)
LinearAlgebra.PosDefException(8)
LinearAlgebra.PosDefException(5)
LinearAlgebra.PosDefException(8)
LinearAlgebra.PosDefException(26)
LinearAlgebra.PosDefException(75)
LinearAlgebra.PosDefException(273)
LinearAlgebra.PosDefException(356)
LinearAlgebra.PosDefException(641)
LinearAlgebra.PosDefException(754)
LinearAlgebra.PosDefException(828)
LinearAlgebra.PosDefException(932)
Noise level is too low, using  AAA
LinearAlgebra.PosDefException(2)
LinearAlgebra.PosDefException(3)
LinearAlgebra.PosDefException(2)
LinearAlgebra.PosDefException(3)
LinearAlgebra.PosDefException(6)
LinearAlgebra.PosDefException(5)
LinearAlgebra.PosDefException(90)
LinearAlgebra.PosDefException(3)
LinearAlgebra.PosDefException(2)
LinearAlgebra.PosDefException(2)
LinearAlgebra.PosDefException(3)
LinearAlgebra.PosDefException(5)
LinearAlgebra.PosDefException(5)
LinearAlgebra.PosDefException(5)
LinearAlgebra.PosDefException(44)
LinearAlgebra.PosDefException(3)
LinearAlgebra.PosDefException(2)
LinearAlgebra.PosDefException(2)
LinearAlgebra.PosDefException(2)
LinearAlgebra.PosDefException(4)
LinearAlgebra.PosDefException(3)
LinearAlgebra.PosDefException(4)
LinearAlgebra.PosDefException(4)
LinearAlgebra.PosDefException(54)
LinearAlgebra.PosDefException(2)
LinearAlgebra.PosDefException(2)
LinearAlgebra.PosDefException(3)
LinearAlgebra.PosDefException(3)
LinearAlgebra.PosDefException(3)
LinearAlgebra.PosDefException(2)
LinearAlgebra.PosDefException(2)
LinearAlgebra.PosDefException(2)
LinearAlgebra.PosDefException(4)
LinearAlgebra.PosDefException(4)
LinearAlgebra.PosDefException(6)
LinearAlgebra.PosDefException(4)
LinearAlgebra.PosDefException(22)
LinearAlgebra.PosDefException(146)
LinearAlgebra.PosDefException(1)
LinearAlgebra.PosDefException(1)
LinearAlgebra.PosDefException(6)
LinearAlgebra.PosDefException(5)
LinearAlgebra.PosDefException(5)
LinearAlgebra.PosDefException(6)
LinearAlgebra.PosDefException(6)
LinearAlgebra.PosDefException(5)
LinearAlgebra.PosDefException(6)
LinearAlgebra.PosDefException(10)
LinearAlgebra.PosDefException(72)
LinearAlgebra.PosDefException(269)
LinearAlgebra.PosDefException(300)
LinearAlgebra.PosDefException(636)
LinearAlgebra.PosDefException(689)
Noise level is too low, using  AAA
DEBUG [determine_optimal_points_count]: Large num points: 1
DEBUG [determine_optimal_points_count]: Good num points: 1
DEBUG [multipoint_parameter_estimation]: Parameter estimation using this many points: 1

DEBUG [pick_points]: Starting point selection...
DEBUG [pick_points]: Number of points to pick: 1
DEBUG [pick_points]: Total points available: 1001
DEBUG [pick_points]: Number of interpolants: 4

DEBUG [pick_points]: Computing interestingness scores...
DEBUG [pick_points]: Processed 100 points
DEBUG [pick_points]: Processed 200 points
DEBUG [pick_points]: Processed 300 points
DEBUG [pick_points]: Processed 400 points
DEBUG [pick_points]: Processed 500 points
DEBUG [pick_points]: Processed 600 points
DEBUG [pick_points]: Processed 700 points
DEBUG [pick_points]: Processed 800 points
DEBUG [pick_points]: Processed 900 points
DEBUG [pick_points]: Processed 1000 points

DEBUG [pick_points]: Score statistics:
DEBUG [pick_points]: Min score: 0.2063560626022436
DEBUG [pick_points]: Max score: 0.48493197501068963
DEBUG [pick_points]: Mean score: 0.3242974959837919
DEBUG [pick_points]: Normalized scores

DEBUG [pick_points]: Selected 1 points
DEBUG [pick_points]: Selected time points: [-0.998]
aa_system
Any[_t2_yy_t_ + _t2_vv_t_ - 8688819405255463//9007199254740992, _t2_yyˍt_t_ + _t2_vvˍt_t_ + 3052496640349//17592186044416, _t2_yyˍtt_t_ + _t2_vvˍtt_t_ - 4039610733//34359738368, _t2_z_t_ - 7450131774081795//18014398509481984, _t2_zˍt_t_ + 7642312385555//35184372088832, _t2_zˍtt_t_ - 829832937//8589934592, _t2_zˍttt_t_ + 1089165//67108864, _t2_x_t_ - 3157021350952399//4503599627370496, _t2_xˍt_t_ + 5259700191//17592186044416, _t2_xˍtt_t_ + 2687408487//34359738368, _t2_xˍttt_t_ - 3598189//33554432, _t2_w_t_ - 7353797941919665//9007199254740992, _t2_wˍt_t_ + 2481587725449//8796093022208, _t2_wˍtt_t_ - 92817525//1073741824, _t2_wˍttt_t_ + 224999//8388608, _tpa_*_t2_yy_t_ - _tpbeta_*_t2_x_t_*_t2_vv_t_ + _t2_yyˍt_t_, _tpuu_*_t2_vv_t_ - _tpk_*_t2_yy_t_ + _t2_vvˍt_t_, _tpa_*_t2_yyˍt_t_ - _tpbeta_*_t2_x_t_*_t2_vvˍt_t_ - _tpbeta_*_t2_vv_t_*_t2_xˍt_t_ + _t2_yyˍtt_t_, _tpuu_*_t2_vvˍt_t_ - _tpk_*_t2_yyˍt_t_ + _t2_vvˍtt_t_, -_tpc_*_tpq_*_t2_yy_t_*_t2_w_t_ + _tph_*_t2_z_t_ + _t2_zˍt_t_, -_tpc_*_tpq_*_t2_yy_t_*_t2_wˍt_t_ - _tpc_*_tpq_*_t2_w_t_*_t2_yyˍt_t_ + _tph_*_t2_zˍt_t_ + _t2_zˍtt_t_, -_tpc_*_tpq_*_t2_yy_t_*_t2_wˍtt_t_ - _tpc_*_tpq_*_t2_w_t_*_t2_yyˍtt_t_ - 2*_tpc_*_tpq_*_t2_yyˍt_t_*_t2_wˍt_t_ + _tph_*_t2_zˍtt_t_ + _t2_zˍttt_t_, _tpd_*_t2_x_t_ + _tpbeta_*_t2_x_t_*_t2_vv_t_ - _tplm_ + _t2_xˍt_t_, _tpd_*_t2_xˍt_t_ + _tpbeta_*_t2_x_t_*_t2_vvˍt_t_ + _tpbeta_*_t2_vv_t_*_t2_xˍt_t_ + _t2_xˍtt_t_, _tpd_*_t2_xˍtt_t_ + _tpbeta_*_t2_x_t_*_t2_vvˍtt_t_ + _tpbeta_*_t2_vv_t_*_t2_xˍtt_t_ + 2*_tpbeta_*_t2_vvˍt_t_*_t2_xˍt_t_ + _t2_xˍttt_t_, _tpc_*_tpq_*_t2_yy_t_*_t2_w_t_ - _tpc_*_t2_x_t_*_t2_yy_t_*_t2_w_t_ + _tpb_*_t2_w_t_ + _t2_wˍt_t_, _tpc_*_tpq_*_t2_yy_t_*_t2_wˍt_t_ + _tpc_*_tpq_*_t2_w_t_*_t2_yyˍt_t_ - _tpc_*_t2_x_t_*_t2_yy_t_*_t2_wˍt_t_ - _tpc_*_t2_x_t_*_t2_w_t_*_t2_yyˍt_t_ - _tpc_*_t2_yy_t_*_t2_w_t_*_t2_xˍt_t_ + _tpb_*_t2_wˍt_t_ + _t2_wˍtt_t_, _tpc_*_tpq_*_t2_yy_t_*_t2_wˍtt_t_ + _tpc_*_tpq_*_t2_w_t_*_t2_yyˍtt_t_ + 2*_tpc_*_tpq_*_t2_yyˍt_t_*_t2_wˍt_t_ - _tpc_*_t2_x_t_*_t2_yy_t_*_t2_wˍtt_t_ - _tpc_*_t2_x_t_*_t2_w_t_*_t2_yyˍtt_t_ - 2*_tpc_*_t2_x_t_*_t2_yyˍt_t_*_t2_wˍt_t_ - _tpc_*_t2_yy_t_*_t2_w_t_*_t2_xˍtt_t_ - 2*_tpc_*_t2_yy_t_*_t2_xˍt_t_*_t2_wˍt_t_ - 2*_tpc_*_t2_w_t_*_t2_yyˍt_t_*_t2_xˍt_t_ + _tpb_*_t2_wˍtt_t_ + _t2_wˍttt_t_]
R
Multivariate polynomial ring in 28 variables over rationals
primes of bitsize 28
G-Q-Pt-FG-LT-LP(U)
G-Q-Pt-FG-LT-LP(U)
G-Q-Pt-FG-LT-LP(U)
G-Q-Pt-FG-LT-LP(U)
G-Q-Pt-FG-LT-LP(U)
G-Q-Pt-FG-LT-LP(U)
G-Q-Pt-FG-LT-LP(U)
G-Q-Pt-FG-LT-LP(U)
G-Q-Pt-FG-LT-LP(U)
G-Q-Pt-FG-LT-LP(C)
Dimension of the quotient :4
Degree of the radical :4
Use variable 19 as separating element
Run Groebner learn
Test cyclic optimization
Apply cyclic optimization 
Multi-modular computation (1 threads): G-Q-Pt-FG-LT-LP(C)
5-9-13-17-21-25-29-33-37-41-45-49-53-61-69-77-85-93-105-117-129-141-157-173-
check-G-Q-Pt-FG-LT-LP(C)
Nb Primes used :173
┌ Warning: At t=0.6916055305751454, dt was forced below floating point epsilon 1.1102230246251565e-16, and step error estimate = 1.2156505219402434. Aborting. There is either an error in your model specification or the true solution is unstable (or the true solution can not be represented in the precision of Float64).
└ @ SciMLBase ~/.julia/packages/SciMLBase/Pma4a/src/integrator_interface.jl:623
4-element Vector{Vector{Vector{BigFloat}}}:
 [[0.46500254, 0.46500301], [0.22999978, 0.23000002], [0.54799366, 0.54799461], [0.26000214, 0.26000261], [0.22300148, 0.22300172], [0.52299881, 0.52299976], [0.72499847, 0.72499943], [0.37999964, 0.38000011], [0.71900082, 0.71900177], [0.44599724, 0.44599771], [0.70099926, 0.70100021], [0.84133816, 0.84133911], [0.12331378, 0.1233139], [0.81643486, 0.81643581], [0.41356516, 0.41356564], [-0.32907248, -0.329072], [0.15555787, 0.15555811], [0.23139715, 0.23139739], [-0.11382914, -0.11382902], [-0.026822001, -0.026821941], [-0.21720767, -0.21720743], [0.096605182, 0.096605301], [-0.016229838, -0.016229808], [-0.00029897969, -0.00029897923], [-0.07821393, -0.078213811], [0.10723436, 0.10723448], [-0.28212404, -0.28212357], [0.086442947, 0.086443067]]
 [[1.8117714, 1.8117733], [0.4744153, 0.47441578], [1.6376209, 1.6376228], [0.79877186, 0.79877281], [-2.7966614, -2.7966576], [1.7936554, 1.7936573], [0.045228302, 0.045228362], [0.49366713, 0.4936676], [-0.56073093, -0.56072998], [0.65618515, 0.6561861], [0.70099926, 0.70100021], [-0.28572416, -0.28572369], [1.2503757, 1.2503777], [0.81643486, 0.81643581], [0.41356516, 0.41356564], [0.026179165, 0.026179194], [-0.19969368, -0.19969344], [0.031272769, 0.031272829], [0.086295366, 0.086295485], [-0.026822001, -0.026821941], [-0.21720767, -0.21720743], [0.096605182, 0.096605301], [-0.016229838, -0.016229808], [-0.00029897969, -0.00029897923], [-0.07821393, -0.078213811], [0.10723436, 0.10723448], [-0.28212404, -0.28212357], [0.086442947, 0.086443067]]
 [[1.2090054, 1.2090073], [-0.48735476, -0.48735428], [1.1419888, 1.1419907], [-0.48169041, -0.48168993], [2.4800873, 2.4800911], [0.52299881, 0.52299976], [0.72499847, 0.72499943], [0.37999964, 0.38000011], [-0.34020424, -0.34020376], [0.47549009, 0.47549057], [0.70099926, 0.70100021], [-0.39705801, -0.39705753], [1.3617096, 1.3617115], [0.81643486, 0.81643581], [0.41356516, 0.41356564], [0.15530086, 0.15530109], [-0.32881546, -0.32881498], [-0.10920465, -0.10920453], [0.22677255, 0.22677279], [-0.026822001, -0.026821941], [-0.21720767, -0.21720743], [0.096605182, 0.096605301], [-0.016229838, -0.016229808], [-0.00029897969, -0.00029897923], [-0.07821393, -0.078213811], [0.10723436, 0.10723448], [-0.28212404, -0.28212357], [0.086442947, 0.086443067]]
 [[-1.6151085, -1.6151066], [-0.061896324, -0.061896265], [20.635529, 20.635559], [4.2259445, 4.2259521], [-2.3520966, -2.3520927], [1.7936554, 1.7936573], [0.045228302, 0.045228362], [0.49366713, 0.4936676], [4.3514557, 4.3514633], [10.727493, 10.727509], [0.70099926, 0.70100021], [2.1899834, 2.1899872], [-1.2253323, -1.2253304], [0.81643486, 0.81643581], [0.41356516, 0.41356564], [-0.20065522, -0.20065498], [0.027140737, 0.027140766], [-0.23969603, -0.23969579], [0.35726404, 0.35726452], [-0.026822001, -0.026821941], [-0.21720767, -0.21720743], [0.096605182, 0.096605301], [-0.016229838, -0.016229808], [-0.00029897969, -0.00029897923], [-0.07821393, -0.078213811], [0.10723436, 0.10723448], [-0.28212404, -0.28212357], [0.086442947, 0.086443067]]






