LinearAlgebra.PosDefException(2)
LinearAlgebra.PosDefException(3)
LinearAlgebra.PosDefException(3)
LinearAlgebra.PosDefException(3)
LinearAlgebra.PosDefException(4)
LinearAlgebra.PosDefException(4)
LinearAlgebra.PosDefException(84)
LinearAlgebra.PosDefException(2)
LinearAlgebra.PosDefException(2)
LinearAlgebra.PosDefException(3)
LinearAlgebra.PosDefException(2)
LinearAlgebra.PosDefException(4)
LinearAlgebra.PosDefException(6)
LinearAlgebra.PosDefException(4)
LinearAlgebra.PosDefException(41)
LinearAlgebra.PosDefException(2)
LinearAlgebra.PosDefException(6)
LinearAlgebra.PosDefException(6)
LinearAlgebra.PosDefException(3)
LinearAlgebra.PosDefException(3)
LinearAlgebra.PosDefException(4)
LinearAlgebra.PosDefException(7)
LinearAlgebra.PosDefException(4)
LinearAlgebra.PosDefException(7)
LinearAlgebra.PosDefException(1)
LinearAlgebra.PosDefException(1)
LinearAlgebra.PosDefException(451)
LinearAlgebra.PosDefException(6)
LinearAlgebra.PosDefException(7)
LinearAlgebra.PosDefException(9)
LinearAlgebra.PosDefException(37)
LinearAlgebra.PosDefException(128)
LinearAlgebra.PosDefException(287)
LinearAlgebra.PosDefException(482)
LinearAlgebra.PosDefException(4)
LinearAlgebra.PosDefException(6)
LinearAlgebra.PosDefException(6)
LinearAlgebra.PosDefException(6)
LinearAlgebra.PosDefException(5)
LinearAlgebra.PosDefException(7)
LinearAlgebra.PosDefException(5)
LinearAlgebra.PosDefException(30)
LinearAlgebra.PosDefException(102)
LinearAlgebra.PosDefException(211)
LinearAlgebra.PosDefException(429)
LinearAlgebra.PosDefException(456)
LinearAlgebra.PosDefException(535)
LinearAlgebra.PosDefException(771)
Noise level is too low, using  AAA
DEBUG [determine_optimal_points_count]: Large num points: 1
DEBUG [determine_optimal_points_count]: Good num points: 1
DEBUG [multipoint_parameter_estimation]: Parameter estimation using this many points: 1

DEBUG [pick_points]: Starting point selection...
DEBUG [pick_points]: Number of points to pick: 1
DEBUG [pick_points]: Total points available: 1001
DEBUG [pick_points]: Number of interpolants: 1

DEBUG [pick_points]: Computing interestingness scores...
DEBUG [pick_points]: Processed 100 points
DEBUG [pick_points]: Processed 200 points
DEBUG [pick_points]: Processed 300 points
DEBUG [pick_points]: Processed 400 points
DEBUG [pick_points]: Processed 500 points
DEBUG [pick_points]: Processed 600 points
DEBUG [pick_points]: Processed 700 points
DEBUG [pick_points]: Processed 800 points
DEBUG [pick_points]: Processed 900 points
DEBUG [pick_points]: Processed 1000 points

DEBUG [pick_points]: Score statistics:
DEBUG [pick_points]: Min score: 0.039284484091986274
DEBUG [pick_points]: Max score: 0.05786724848027298
DEBUG [pick_points]: Mean score: 0.045767913125869246
DEBUG [pick_points]: Normalized scores

DEBUG [pick_points]: Selected 1 points
DEBUG [pick_points]: Selected time points: [0.94]
aa_system
Any[_t971_r_t_ - 1353258333132191//2251799813685248, _t971_rˍt_t_ - 105090948985//1099511627776, _t971_rˍtt_t_ - 3589077//268435456, _t971_rˍttt_t_ + 387//8192, _t971_rˍtttt_t_ + 1295, _tpk2_*_t971_r_t_*_t971_w_t_ - _tpk1_*_t971_r_t_ + _t971_rˍt_t_, _tpk2_*_t971_r_t_*_t971_wˍt_t_ + _tpk2_*_t971_w_t_*_t971_rˍt_t_ - _tpk1_*_t971_rˍt_t_ + _t971_rˍtt_t_, _tpk2_*_t971_r_t_*_t971_wˍtt_t_ + _tpk2_*_t971_w_t_*_t971_rˍtt_t_ + 2*_tpk2_*_t971_rˍt_t_*_t971_wˍt_t_ - _tpk1_*_t971_rˍtt_t_ + _t971_rˍttt_t_, _tpk2_*_t971_r_t_*_t971_wˍttt_t_ + _tpk2_*_t971_w_t_*_t971_rˍttt_t_ + 3*_tpk2_*_t971_rˍt_t_*_t971_wˍtt_t_ + 3*_tpk2_*_t971_rˍtt_t_*_t971_wˍt_t_ - _tpk1_*_t971_rˍttt_t_ + _t971_rˍtttt_t_, -_tpk2_*_t971_r_t_*_t971_w_t_ + _tpk3_*_t971_w_t_ + _t971_wˍt_t_, -_tpk2_*_t971_r_t_*_t971_wˍt_t_ - _tpk2_*_t971_w_t_*_t971_rˍt_t_ + _tpk3_*_t971_wˍt_t_ + _t971_wˍtt_t_, -_tpk2_*_t971_r_t_*_t971_wˍtt_t_ - _tpk2_*_t971_w_t_*_t971_rˍtt_t_ - 2*_tpk2_*_t971_rˍt_t_*_t971_wˍt_t_ + _tpk3_*_t971_wˍtt_t_ + _t971_wˍttt_t_]
R
Multivariate polynomial ring in 12 variables over rationals
primes of bitsize 28
G-Q-Pt-FG-LT-LP(C)
Dimension of the quotient :2
Degree of the radical :2
Use last variable as separating element
Run Groebner learn
Test cyclic optimization
Apply cyclic optimization 
Multi-modular computation (1 threads): G-Q-Pt-FG-LT-LP(C)
5-9-13-17-21-25-29-33-37-41-45-49-53-
check-G-Q-Pt-FG-LT-LP(C)
Nb Primes used :53
Vector{Vector{BigFloat}}[]
DEBUG [determine_optimal_points_count]: Large num points: 1
DEBUG [determine_optimal_points_count]: Good num points: 1
DEBUG [multipoint_parameter_estimation]: Parameter estimation using this many points: 1

DEBUG [pick_points]: Starting point selection...
DEBUG [pick_points]: Number of points to pick: 1
DEBUG [pick_points]: Total points available: 1001
DEBUG [pick_points]: Number of interpolants: 1

DEBUG [pick_points]: Computing interestingness scores...
DEBUG [pick_points]: Processed 100 points
DEBUG [pick_points]: Processed 200 points
DEBUG [pick_points]: Processed 300 points
DEBUG [pick_points]: Processed 400 points
DEBUG [pick_points]: Processed 500 points
DEBUG [pick_points]: Processed 600 points
DEBUG [pick_points]: Processed 700 points
DEBUG [pick_points]: Processed 800 points
DEBUG [pick_points]: Processed 900 points
DEBUG [pick_points]: Processed 1000 points

DEBUG [pick_points]: Score statistics:
DEBUG [pick_points]: Min score: 0.039284484091986274
DEBUG [pick_points]: Max score: 0.05786724848027298
DEBUG [pick_points]: Mean score: 0.045767913125869246
DEBUG [pick_points]: Normalized scores

DEBUG [pick_points]: Selected 1 points
DEBUG [pick_points]: Selected time points: [0.94]
aa_system
Any[_t971_r_t_ - 1353258333132191//2251799813685248, _t971_rˍt_t_ - 105090948985//1099511627776, _t971_rˍtt_t_ - 3589077//268435456, _t971_rˍttt_t_ + 387//8192, _t971_rˍtttt_t_ + 1295, _tpk2_*_t971_r_t_*_t971_w_t_ - _tpk1_*_t971_r_t_ + _t971_rˍt_t_, _tpk2_*_t971_r_t_*_t971_wˍt_t_ + _tpk2_*_t971_w_t_*_t971_rˍt_t_ - _tpk1_*_t971_rˍt_t_ + _t971_rˍtt_t_, _tpk2_*_t971_r_t_*_t971_wˍtt_t_ + _tpk2_*_t971_w_t_*_t971_rˍtt_t_ + 2*_tpk2_*_t971_rˍt_t_*_t971_wˍt_t_ - _tpk1_*_t971_rˍtt_t_ + _t971_rˍttt_t_, _tpk2_*_t971_r_t_*_t971_wˍttt_t_ + _tpk2_*_t971_w_t_*_t971_rˍttt_t_ + 3*_tpk2_*_t971_rˍt_t_*_t971_wˍtt_t_ + 3*_tpk2_*_t971_rˍtt_t_*_t971_wˍt_t_ - _tpk1_*_t971_rˍttt_t_ + _t971_rˍtttt_t_, -_tpk2_*_t971_r_t_*_t971_w_t_ + _tpk3_*_t971_w_t_ + _t971_wˍt_t_, -_tpk2_*_t971_r_t_*_t971_wˍt_t_ - _tpk2_*_t971_w_t_*_t971_rˍt_t_ + _tpk3_*_t971_wˍt_t_ + _t971_wˍtt_t_, -_tpk2_*_t971_r_t_*_t971_wˍtt_t_ - _tpk2_*_t971_w_t_*_t971_rˍtt_t_ - 2*_tpk2_*_t971_rˍt_t_*_t971_wˍt_t_ + _tpk3_*_t971_wˍtt_t_ + _t971_wˍttt_t_]
R
Multivariate polynomial ring in 12 variables over rationals
primes of bitsize 28
G-Q-Pt-FG-LT-LP(C)
Dimension of the quotient :2
Degree of the radical :2
Use last variable as separating element
Run Groebner learn
Test cyclic optimization
Apply cyclic optimization 
Multi-modular computation (1 threads): G-Q-Pt-FG-LT-LP(C)
5-9-13-17-21-25-29-33-37-41-45-49-53-
check-G-Q-Pt-FG-LT-LP(C)
Nb Primes used :53
Vector{Vector{BigFloat}}[]
DEBUG [determine_optimal_points_count]: Large num points: 1
DEBUG [determine_optimal_points_count]: Good num points: 1
DEBUG [multipoint_parameter_estimation]: Parameter estimation using this many points: 1

DEBUG [pick_points]: Starting point selection...
DEBUG [pick_points]: Number of points to pick: 1
DEBUG [pick_points]: Total points available: 1001
DEBUG [pick_points]: Number of interpolants: 1

DEBUG [pick_points]: Computing interestingness scores...
DEBUG [pick_points]: Processed 100 points
DEBUG [pick_points]: Processed 200 points
DEBUG [pick_points]: Processed 300 points
DEBUG [pick_points]: Processed 400 points
DEBUG [pick_points]: Processed 500 points
DEBUG [pick_points]: Processed 600 points
DEBUG [pick_points]: Processed 700 points
DEBUG [pick_points]: Processed 800 points
DEBUG [pick_points]: Processed 900 points
DEBUG [pick_points]: Processed 1000 points

DEBUG [pick_points]: Score statistics:
DEBUG [pick_points]: Min score: 0.039284484091986274
DEBUG [pick_points]: Max score: 0.05786724848027298
DEBUG [pick_points]: Mean score: 0.045767913125869246
DEBUG [pick_points]: Normalized scores

DEBUG [pick_points]: Selected 1 points
DEBUG [pick_points]: Selected time points: [0.94]
aa_system
Any[_t971_r_t_ - 1353258333132191//2251799813685248, _t971_rˍt_t_ - 105090948985//1099511627776, _t971_rˍtt_t_ - 3589077//268435456, _t971_rˍttt_t_ + 387//8192, _t971_rˍtttt_t_ + 1295, _tpk2_*_t971_r_t_*_t971_w_t_ - _tpk1_*_t971_r_t_ + _t971_rˍt_t_, _tpk2_*_t971_r_t_*_t971_wˍt_t_ + _tpk2_*_t971_w_t_*_t971_rˍt_t_ - _tpk1_*_t971_rˍt_t_ + _t971_rˍtt_t_, _tpk2_*_t971_r_t_*_t971_wˍtt_t_ + _tpk2_*_t971_w_t_*_t971_rˍtt_t_ + 2*_tpk2_*_t971_rˍt_t_*_t971_wˍt_t_ - _tpk1_*_t971_rˍtt_t_ + _t971_rˍttt_t_, _tpk2_*_t971_r_t_*_t971_wˍttt_t_ + _tpk2_*_t971_w_t_*_t971_rˍttt_t_ + 3*_tpk2_*_t971_rˍt_t_*_t971_wˍtt_t_ + 3*_tpk2_*_t971_rˍtt_t_*_t971_wˍt_t_ - _tpk1_*_t971_rˍttt_t_ + _t971_rˍtttt_t_, -_tpk2_*_t971_r_t_*_t971_w_t_ + _tpk3_*_t971_w_t_ + _t971_wˍt_t_, -_tpk2_*_t971_r_t_*_t971_wˍt_t_ - _tpk2_*_t971_w_t_*_t971_rˍt_t_ + _tpk3_*_t971_wˍt_t_ + _t971_wˍtt_t_, -_tpk2_*_t971_r_t_*_t971_wˍtt_t_ - _tpk2_*_t971_w_t_*_t971_rˍtt_t_ - 2*_tpk2_*_t971_rˍt_t_*_t971_wˍt_t_ + _tpk3_*_t971_wˍtt_t_ + _t971_wˍttt_t_]
R
Multivariate polynomial ring in 12 variables over rationals
primes of bitsize 28
G-Q-Pt-FG-LT-LP(C)
Dimension of the quotient :2
Degree of the radical :2
Use last variable as separating element
Run Groebner learn
Test cyclic optimization
Apply cyclic optimization 
Multi-modular computation (1 threads): G-Q-Pt-FG-LT-LP(C)
5-9-13-17-21-25-29-33-37-41-45-49-53-
check-G-Q-Pt-FG-LT-LP(C)
Nb Primes used :53
Vector{Vector{BigFloat}}[]
DEBUG [determine_optimal_points_count]: Large num points: 1
DEBUG [determine_optimal_points_count]: Good num points: 1
DEBUG [multipoint_parameter_estimation]: Parameter estimation using this many points: 1

DEBUG [pick_points]: Starting point selection...
DEBUG [pick_points]: Number of points to pick: 1
DEBUG [pick_points]: Total points available: 1001
DEBUG [pick_points]: Number of interpolants: 1

DEBUG [pick_points]: Computing interestingness scores...
DEBUG [pick_points]: Processed 100 points
DEBUG [pick_points]: Processed 200 points
DEBUG [pick_points]: Processed 300 points
DEBUG [pick_points]: Processed 400 points
DEBUG [pick_points]: Processed 500 points
DEBUG [pick_points]: Processed 600 points
DEBUG [pick_points]: Processed 700 points
DEBUG [pick_points]: Processed 800 points
DEBUG [pick_points]: Processed 900 points
DEBUG [pick_points]: Processed 1000 points

DEBUG [pick_points]: Score statistics:
DEBUG [pick_points]: Min score: 0.039284484091986274
DEBUG [pick_points]: Max score: 0.05786724848027298
DEBUG [pick_points]: Mean score: 0.045767913125869246
DEBUG [pick_points]: Normalized scores

DEBUG [pick_points]: Selected 1 points
DEBUG [pick_points]: Selected time points: [0.94]
aa_system
Any[_t971_r_t_ - 1353258333132191//2251799813685248, _t971_rˍt_t_ - 105090948985//1099511627776, _t971_rˍtt_t_ - 3589077//268435456, _t971_rˍttt_t_ + 387//8192, _t971_rˍtttt_t_ + 1295, _tpk2_*_t971_r_t_*_t971_w_t_ - _tpk1_*_t971_r_t_ + _t971_rˍt_t_, _tpk2_*_t971_r_t_*_t971_wˍt_t_ + _tpk2_*_t971_w_t_*_t971_rˍt_t_ - _tpk1_*_t971_rˍt_t_ + _t971_rˍtt_t_, _tpk2_*_t971_r_t_*_t971_wˍtt_t_ + _tpk2_*_t971_w_t_*_t971_rˍtt_t_ + 2*_tpk2_*_t971_rˍt_t_*_t971_wˍt_t_ - _tpk1_*_t971_rˍtt_t_ + _t971_rˍttt_t_, _tpk2_*_t971_r_t_*_t971_wˍttt_t_ + _tpk2_*_t971_w_t_*_t971_rˍttt_t_ + 3*_tpk2_*_t971_rˍt_t_*_t971_wˍtt_t_ + 3*_tpk2_*_t971_rˍtt_t_*_t971_wˍt_t_ - _tpk1_*_t971_rˍttt_t_ + _t971_rˍtttt_t_, -_tpk2_*_t971_r_t_*_t971_w_t_ + _tpk3_*_t971_w_t_ + _t971_wˍt_t_, -_tpk2_*_t971_r_t_*_t971_wˍt_t_ - _tpk2_*_t971_w_t_*_t971_rˍt_t_ + _tpk3_*_t971_wˍt_t_ + _t971_wˍtt_t_, -_tpk2_*_t971_r_t_*_t971_wˍtt_t_ - _tpk2_*_t971_w_t_*_t971_rˍtt_t_ - 2*_tpk2_*_t971_rˍt_t_*_t971_wˍt_t_ + _tpk3_*_t971_wˍtt_t_ + _t971_wˍttt_t_]
R
Multivariate polynomial ring in 12 variables over rationals
primes of bitsize 28
G-Q-Pt-FG-LT-LP(C)
Dimension of the quotient :2
Degree of the radical :2
Use last variable as separating element
Run Groebner learn
Test cyclic optimization
Apply cyclic optimization 
Multi-modular computation (1 threads): G-Q-Pt-FG-LT-LP(C)
5-9-13-17-21-25-29-33-37-41-45-49-53-
check-G-Q-Pt-FG-LT-LP(C)
Nb Primes used :53
Vector{Vector{BigFloat}}[]
DEBUG [determine_optimal_points_count]: Large num points: 1
DEBUG [determine_optimal_points_count]: Good num points: 1
DEBUG [multipoint_parameter_estimation]: Parameter estimation using this many points: 1

DEBUG [pick_points]: Starting point selection...
DEBUG [pick_points]: Number of points to pick: 1
DEBUG [pick_points]: Total points available: 1001
DEBUG [pick_points]: Number of interpolants: 1

DEBUG [pick_points]: Computing interestingness scores...
DEBUG [pick_points]: Processed 100 points
DEBUG [pick_points]: Processed 200 points
DEBUG [pick_points]: Processed 300 points
DEBUG [pick_points]: Processed 400 points
DEBUG [pick_points]: Processed 500 points
DEBUG [pick_points]: Processed 600 points
DEBUG [pick_points]: Processed 700 points
DEBUG [pick_points]: Processed 800 points
DEBUG [pick_points]: Processed 900 points
DEBUG [pick_points]: Processed 1000 points

DEBUG [pick_points]: Score statistics:
DEBUG [pick_points]: Min score: 0.039284484091986274
DEBUG [pick_points]: Max score: 0.05786724848027298
DEBUG [pick_points]: Mean score: 0.045767913125869246
DEBUG [pick_points]: Normalized scores

DEBUG [pick_points]: Selected 1 points
DEBUG [pick_points]: Selected time points: [0.94]
aa_system
Any[_t971_r_t_ - 1353258333132191//2251799813685248, _t971_rˍt_t_ - 105090948985//1099511627776, _t971_rˍtt_t_ - 3589077//268435456, _t971_rˍttt_t_ + 387//8192, _t971_rˍtttt_t_ + 1295, _tpk2_*_t971_r_t_*_t971_w_t_ - _tpk1_*_t971_r_t_ + _t971_rˍt_t_, _tpk2_*_t971_r_t_*_t971_wˍt_t_ + _tpk2_*_t971_w_t_*_t971_rˍt_t_ - _tpk1_*_t971_rˍt_t_ + _t971_rˍtt_t_, _tpk2_*_t971_r_t_*_t971_wˍtt_t_ + _tpk2_*_t971_w_t_*_t971_rˍtt_t_ + 2*_tpk2_*_t971_rˍt_t_*_t971_wˍt_t_ - _tpk1_*_t971_rˍtt_t_ + _t971_rˍttt_t_, _tpk2_*_t971_r_t_*_t971_wˍttt_t_ + _tpk2_*_t971_w_t_*_t971_rˍttt_t_ + 3*_tpk2_*_t971_rˍt_t_*_t971_wˍtt_t_ + 3*_tpk2_*_t971_rˍtt_t_*_t971_wˍt_t_ - _tpk1_*_t971_rˍttt_t_ + _t971_rˍtttt_t_, -_tpk2_*_t971_r_t_*_t971_w_t_ + _tpk3_*_t971_w_t_ + _t971_wˍt_t_, -_tpk2_*_t971_r_t_*_t971_wˍt_t_ - _tpk2_*_t971_w_t_*_t971_rˍt_t_ + _tpk3_*_t971_wˍt_t_ + _t971_wˍtt_t_, -_tpk2_*_t971_r_t_*_t971_wˍtt_t_ - _tpk2_*_t971_w_t_*_t971_rˍtt_t_ - 2*_tpk2_*_t971_rˍt_t_*_t971_wˍt_t_ + _tpk3_*_t971_wˍtt_t_ + _t971_wˍttt_t_]
R
Multivariate polynomial ring in 12 variables over rationals
primes of bitsize 28
G-Q-Pt-FG-LT-LP(C)
Dimension of the quotient :2
Degree of the radical :2
Use last variable as separating element
Run Groebner learn
Test cyclic optimization
Apply cyclic optimization 
Multi-modular computation (1 threads): G-Q-Pt-FG-LT-LP(C)
5-9-13-17-21-25-29-33-37-41-45-49-53-
check-G-Q-Pt-FG-LT-LP(C)
Nb Primes used :53
Vector{Vector{BigFloat}}[]
DEBUG [determine_optimal_points_count]: Large num points: 1
DEBUG [determine_optimal_points_count]: Good num points: 1
DEBUG [multipoint_parameter_estimation]: Parameter estimation using this many points: 1

DEBUG [pick_points]: Starting point selection...
DEBUG [pick_points]: Number of points to pick: 1
DEBUG [pick_points]: Total points available: 1001
DEBUG [pick_points]: Number of interpolants: 1

DEBUG [pick_points]: Computing interestingness scores...
DEBUG [pick_points]: Processed 100 points
DEBUG [pick_points]: Processed 200 points
DEBUG [pick_points]: Processed 300 points
DEBUG [pick_points]: Processed 400 points
DEBUG [pick_points]: Processed 500 points
DEBUG [pick_points]: Processed 600 points
DEBUG [pick_points]: Processed 700 points
DEBUG [pick_points]: Processed 800 points
DEBUG [pick_points]: Processed 900 points
DEBUG [pick_points]: Processed 1000 points

DEBUG [pick_points]: Score statistics:
DEBUG [pick_points]: Min score: 0.039284484091986274
DEBUG [pick_points]: Max score: 0.05786724848027298
DEBUG [pick_points]: Mean score: 0.045767913125869246
DEBUG [pick_points]: Normalized scores

DEBUG [pick_points]: Selected 1 points
DEBUG [pick_points]: Selected time points: [0.94]
aa_system
Any[_t971_r_t_ - 1353258333132191//2251799813685248, _t971_rˍt_t_ - 105090948985//1099511627776, _t971_rˍtt_t_ - 3589077//268435456, _t971_rˍttt_t_ + 387//8192, _t971_rˍtttt_t_ + 1295, _tpk2_*_t971_r_t_*_t971_w_t_ - _tpk1_*_t971_r_t_ + _t971_rˍt_t_, _tpk2_*_t971_r_t_*_t971_wˍt_t_ + _tpk2_*_t971_w_t_*_t971_rˍt_t_ - _tpk1_*_t971_rˍt_t_ + _t971_rˍtt_t_, _tpk2_*_t971_r_t_*_t971_wˍtt_t_ + _tpk2_*_t971_w_t_*_t971_rˍtt_t_ + 2*_tpk2_*_t971_rˍt_t_*_t971_wˍt_t_ - _tpk1_*_t971_rˍtt_t_ + _t971_rˍttt_t_, _tpk2_*_t971_r_t_*_t971_wˍttt_t_ + _tpk2_*_t971_w_t_*_t971_rˍttt_t_ + 3*_tpk2_*_t971_rˍt_t_*_t971_wˍtt_t_ + 3*_tpk2_*_t971_rˍtt_t_*_t971_wˍt_t_ - _tpk1_*_t971_rˍttt_t_ + _t971_rˍtttt_t_, -_tpk2_*_t971_r_t_*_t971_w_t_ + _tpk3_*_t971_w_t_ + _t971_wˍt_t_, -_tpk2_*_t971_r_t_*_t971_wˍt_t_ - _tpk2_*_t971_w_t_*_t971_rˍt_t_ + _tpk3_*_t971_wˍt_t_ + _t971_wˍtt_t_, -_tpk2_*_t971_r_t_*_t971_wˍtt_t_ - _tpk2_*_t971_w_t_*_t971_rˍtt_t_ - 2*_tpk2_*_t971_rˍt_t_*_t971_wˍt_t_ + _tpk3_*_t971_wˍtt_t_ + _t971_wˍttt_t_]
R
Multivariate polynomial ring in 12 variables over rationals
primes of bitsize 28
G-Q-Pt-FG-LT-LP(C)
Dimension of the quotient :2
Degree of the radical :2
Use last variable as separating element
Run Groebner learn
Test cyclic optimization
Apply cyclic optimization 
Multi-modular computation (1 threads): G-Q-Pt-FG-LT-LP(C)
5-9-13-17-21-25-29-33-37-41-45-49-53-
check-G-Q-Pt-FG-LT-LP(C)
Nb Primes used :53
Vector{Vector{BigFloat}}[]
DEBUG [determine_optimal_points_count]: Large num points: 1
DEBUG [determine_optimal_points_count]: Good num points: 1
DEBUG [multipoint_parameter_estimation]: Parameter estimation using this many points: 1

DEBUG [pick_points]: Starting point selection...
DEBUG [pick_points]: Number of points to pick: 1
DEBUG [pick_points]: Total points available: 1001
DEBUG [pick_points]: Number of interpolants: 1

DEBUG [pick_points]: Computing interestingness scores...
DEBUG [pick_points]: Processed 100 points
DEBUG [pick_points]: Processed 200 points
DEBUG [pick_points]: Processed 300 points
DEBUG [pick_points]: Processed 400 points
DEBUG [pick_points]: Processed 500 points
DEBUG [pick_points]: Processed 600 points
DEBUG [pick_points]: Processed 700 points
DEBUG [pick_points]: Processed 800 points
DEBUG [pick_points]: Processed 900 points
DEBUG [pick_points]: Processed 1000 points

DEBUG [pick_points]: Score statistics:
DEBUG [pick_points]: Min score: 0.039284484091986274
DEBUG [pick_points]: Max score: 0.05786724848027298
DEBUG [pick_points]: Mean score: 0.045767913125869246
DEBUG [pick_points]: Normalized scores

DEBUG [pick_points]: Selected 1 points
DEBUG [pick_points]: Selected time points: [0.94]
aa_system
Any[_t971_r_t_ - 1353258333132191//2251799813685248, _t971_rˍt_t_ - 105090948985//1099511627776, _t971_rˍtt_t_ - 3589077//268435456, _t971_rˍttt_t_ + 387//8192, _t971_rˍtttt_t_ + 1295, _tpk2_*_t971_r_t_*_t971_w_t_ - _tpk1_*_t971_r_t_ + _t971_rˍt_t_, _tpk2_*_t971_r_t_*_t971_wˍt_t_ + _tpk2_*_t971_w_t_*_t971_rˍt_t_ - _tpk1_*_t971_rˍt_t_ + _t971_rˍtt_t_, _tpk2_*_t971_r_t_*_t971_wˍtt_t_ + _tpk2_*_t971_w_t_*_t971_rˍtt_t_ + 2*_tpk2_*_t971_rˍt_t_*_t971_wˍt_t_ - _tpk1_*_t971_rˍtt_t_ + _t971_rˍttt_t_, _tpk2_*_t971_r_t_*_t971_wˍttt_t_ + _tpk2_*_t971_w_t_*_t971_rˍttt_t_ + 3*_tpk2_*_t971_rˍt_t_*_t971_wˍtt_t_ + 3*_tpk2_*_t971_rˍtt_t_*_t971_wˍt_t_ - _tpk1_*_t971_rˍttt_t_ + _t971_rˍtttt_t_, -_tpk2_*_t971_r_t_*_t971_w_t_ + _tpk3_*_t971_w_t_ + _t971_wˍt_t_, -_tpk2_*_t971_r_t_*_t971_wˍt_t_ - _tpk2_*_t971_w_t_*_t971_rˍt_t_ + _tpk3_*_t971_wˍt_t_ + _t971_wˍtt_t_, -_tpk2_*_t971_r_t_*_t971_wˍtt_t_ - _tpk2_*_t971_w_t_*_t971_rˍtt_t_ - 2*_tpk2_*_t971_rˍt_t_*_t971_wˍt_t_ + _tpk3_*_t971_wˍtt_t_ + _t971_wˍttt_t_]
R
Multivariate polynomial ring in 12 variables over rationals
primes of bitsize 28
G-Q-Pt-FG-LT-LP(C)
Dimension of the quotient :2
Degree of the radical :2
Use last variable as separating element
Run Groebner learn
Test cyclic optimization
Apply cyclic optimization 
Multi-modular computation (1 threads): G-Q-Pt-FG-LT-LP(C)
5-9-13-17-21-25-29-33-37-41-45-49-53-
check-G-Q-Pt-FG-LT-LP(C)
Nb Primes used :53
Vector{Vector{BigFloat}}[]
DEBUG [determine_optimal_points_count]: Large num points: 1
DEBUG [determine_optimal_points_count]: Good num points: 1
DEBUG [multipoint_parameter_estimation]: Parameter estimation using this many points: 1

DEBUG [pick_points]: Starting point selection...
DEBUG [pick_points]: Number of points to pick: 1
DEBUG [pick_points]: Total points available: 1001
DEBUG [pick_points]: Number of interpolants: 1

DEBUG [pick_points]: Computing interestingness scores...
DEBUG [pick_points]: Processed 100 points
DEBUG [pick_points]: Processed 200 points
DEBUG [pick_points]: Processed 300 points
DEBUG [pick_points]: Processed 400 points
DEBUG [pick_points]: Processed 500 points
DEBUG [pick_points]: Processed 600 points
DEBUG [pick_points]: Processed 700 points
DEBUG [pick_points]: Processed 800 points
DEBUG [pick_points]: Processed 900 points
DEBUG [pick_points]: Processed 1000 points

DEBUG [pick_points]: Score statistics:
DEBUG [pick_points]: Min score: 0.039284484091986274
DEBUG [pick_points]: Max score: 0.05786724848027298
DEBUG [pick_points]: Mean score: 0.045767913125869246
DEBUG [pick_points]: Normalized scores

DEBUG [pick_points]: Selected 1 points
DEBUG [pick_points]: Selected time points: [0.94]
aa_system
Any[_t971_r_t_ - 1353258333132191//2251799813685248, _t971_rˍt_t_ - 105090948985//1099511627776, _t971_rˍtt_t_ - 3589077//268435456, _t971_rˍttt_t_ + 387//8192, _t971_rˍtttt_t_ + 1295, _tpk2_*_t971_r_t_*_t971_w_t_ - _tpk1_*_t971_r_t_ + _t971_rˍt_t_, _tpk2_*_t971_r_t_*_t971_wˍt_t_ + _tpk2_*_t971_w_t_*_t971_rˍt_t_ - _tpk1_*_t971_rˍt_t_ + _t971_rˍtt_t_, _tpk2_*_t971_r_t_*_t971_wˍtt_t_ + _tpk2_*_t971_w_t_*_t971_rˍtt_t_ + 2*_tpk2_*_t971_rˍt_t_*_t971_wˍt_t_ - _tpk1_*_t971_rˍtt_t_ + _t971_rˍttt_t_, _tpk2_*_t971_r_t_*_t971_wˍttt_t_ + _tpk2_*_t971_w_t_*_t971_rˍttt_t_ + 3*_tpk2_*_t971_rˍt_t_*_t971_wˍtt_t_ + 3*_tpk2_*_t971_rˍtt_t_*_t971_wˍt_t_ - _tpk1_*_t971_rˍttt_t_ + _t971_rˍtttt_t_, -_tpk2_*_t971_r_t_*_t971_w_t_ + _tpk3_*_t971_w_t_ + _t971_wˍt_t_, -_tpk2_*_t971_r_t_*_t971_wˍt_t_ - _tpk2_*_t971_w_t_*_t971_rˍt_t_ + _tpk3_*_t971_wˍt_t_ + _t971_wˍtt_t_, -_tpk2_*_t971_r_t_*_t971_wˍtt_t_ - _tpk2_*_t971_w_t_*_t971_rˍtt_t_ - 2*_tpk2_*_t971_rˍt_t_*_t971_wˍt_t_ + _tpk3_*_t971_wˍtt_t_ + _t971_wˍttt_t_]
R
Multivariate polynomial ring in 12 variables over rationals
primes of bitsize 28
G-Q-Pt-FG-LT-LP(C)
Dimension of the quotient :2
Degree of the radical :2
Use last variable as separating element
Run Groebner learn
Test cyclic optimization
Apply cyclic optimization 
Multi-modular computation (1 threads): G-Q-Pt-FG-LT-LP(C)
5-9-13-17-21-25-29-33-37-41-45-49-53-
check-G-Q-Pt-FG-LT-LP(C)
Nb Primes used :53
Vector{Vector{BigFloat}}[]
DEBUG [determine_optimal_points_count]: Large num points: 1
DEBUG [determine_optimal_points_count]: Good num points: 1
DEBUG [multipoint_parameter_estimation]: Parameter estimation using this many points: 1

DEBUG [pick_points]: Starting point selection...
DEBUG [pick_points]: Number of points to pick: 1
DEBUG [pick_points]: Total points available: 1001
DEBUG [pick_points]: Number of interpolants: 1

DEBUG [pick_points]: Computing interestingness scores...
DEBUG [pick_points]: Processed 100 points
DEBUG [pick_points]: Processed 200 points
DEBUG [pick_points]: Processed 300 points
DEBUG [pick_points]: Processed 400 points
DEBUG [pick_points]: Processed 500 points
DEBUG [pick_points]: Processed 600 points
DEBUG [pick_points]: Processed 700 points
DEBUG [pick_points]: Processed 800 points
DEBUG [pick_points]: Processed 900 points
DEBUG [pick_points]: Processed 1000 points

DEBUG [pick_points]: Score statistics:
DEBUG [pick_points]: Min score: 0.039284484091986274
DEBUG [pick_points]: Max score: 0.05786724848027298
DEBUG [pick_points]: Mean score: 0.045767913125869246
DEBUG [pick_points]: Normalized scores

DEBUG [pick_points]: Selected 1 points
DEBUG [pick_points]: Selected time points: [0.94]
aa_system
Any[_t971_r_t_ - 1353258333132191//2251799813685248, _t971_rˍt_t_ - 105090948985//1099511627776, _t971_rˍtt_t_ - 3589077//268435456, _t971_rˍttt_t_ + 387//8192, _t971_rˍtttt_t_ + 1295, _tpk2_*_t971_r_t_*_t971_w_t_ - _tpk1_*_t971_r_t_ + _t971_rˍt_t_, _tpk2_*_t971_r_t_*_t971_wˍt_t_ + _tpk2_*_t971_w_t_*_t971_rˍt_t_ - _tpk1_*_t971_rˍt_t_ + _t971_rˍtt_t_, _tpk2_*_t971_r_t_*_t971_wˍtt_t_ + _tpk2_*_t971_w_t_*_t971_rˍtt_t_ + 2*_tpk2_*_t971_rˍt_t_*_t971_wˍt_t_ - _tpk1_*_t971_rˍtt_t_ + _t971_rˍttt_t_, _tpk2_*_t971_r_t_*_t971_wˍttt_t_ + _tpk2_*_t971_w_t_*_t971_rˍttt_t_ + 3*_tpk2_*_t971_rˍt_t_*_t971_wˍtt_t_ + 3*_tpk2_*_t971_rˍtt_t_*_t971_wˍt_t_ - _tpk1_*_t971_rˍttt_t_ + _t971_rˍtttt_t_, -_tpk2_*_t971_r_t_*_t971_w_t_ + _tpk3_*_t971_w_t_ + _t971_wˍt_t_, -_tpk2_*_t971_r_t_*_t971_wˍt_t_ - _tpk2_*_t971_w_t_*_t971_rˍt_t_ + _tpk3_*_t971_wˍt_t_ + _t971_wˍtt_t_, -_tpk2_*_t971_r_t_*_t971_wˍtt_t_ - _tpk2_*_t971_w_t_*_t971_rˍtt_t_ - 2*_tpk2_*_t971_rˍt_t_*_t971_wˍt_t_ + _tpk3_*_t971_wˍtt_t_ + _t971_wˍttt_t_]
R
Multivariate polynomial ring in 12 variables over rationals
primes of bitsize 28
G-Q-Pt-FG-LT-LP(C)
Dimension of the quotient :2
Degree of the radical :2
Use last variable as separating element
Run Groebner learn
Test cyclic optimization
Apply cyclic optimization 
Multi-modular computation (1 threads): G-Q-Pt-FG-LT-LP(C)
5-9-13-17-21-25-29-33-37-41-45-49-53-
check-G-Q-Pt-FG-LT-LP(C)
Nb Primes used :53
Vector{Vector{BigFloat}}[]
DEBUG [determine_optimal_points_count]: Large num points: 1
DEBUG [determine_optimal_points_count]: Good num points: 1
DEBUG [multipoint_parameter_estimation]: Parameter estimation using this many points: 1

DEBUG [pick_points]: Starting point selection...
DEBUG [pick_points]: Number of points to pick: 1
DEBUG [pick_points]: Total points available: 1001
DEBUG [pick_points]: Number of interpolants: 1

DEBUG [pick_points]: Computing interestingness scores...
DEBUG [pick_points]: Processed 100 points
DEBUG [pick_points]: Processed 200 points
DEBUG [pick_points]: Processed 300 points
DEBUG [pick_points]: Processed 400 points
DEBUG [pick_points]: Processed 500 points
DEBUG [pick_points]: Processed 600 points
DEBUG [pick_points]: Processed 700 points
DEBUG [pick_points]: Processed 800 points
DEBUG [pick_points]: Processed 900 points
DEBUG [pick_points]: Processed 1000 points

DEBUG [pick_points]: Score statistics:
DEBUG [pick_points]: Min score: 0.039284484091986274
DEBUG [pick_points]: Max score: 0.05786724848027298
DEBUG [pick_points]: Mean score: 0.045767913125869246
DEBUG [pick_points]: Normalized scores

DEBUG [pick_points]: Selected 1 points
DEBUG [pick_points]: Selected time points: [0.94]
aa_system
Any[_t971_r_t_ - 1353258333132191//2251799813685248, _t971_rˍt_t_ - 105090948985//1099511627776, _t971_rˍtt_t_ - 3589077//268435456, _t971_rˍttt_t_ + 387//8192, _t971_rˍtttt_t_ + 1295, _tpk2_*_t971_r_t_*_t971_w_t_ - _tpk1_*_t971_r_t_ + _t971_rˍt_t_, _tpk2_*_t971_r_t_*_t971_wˍt_t_ + _tpk2_*_t971_w_t_*_t971_rˍt_t_ - _tpk1_*_t971_rˍt_t_ + _t971_rˍtt_t_, _tpk2_*_t971_r_t_*_t971_wˍtt_t_ + _tpk2_*_t971_w_t_*_t971_rˍtt_t_ + 2*_tpk2_*_t971_rˍt_t_*_t971_wˍt_t_ - _tpk1_*_t971_rˍtt_t_ + _t971_rˍttt_t_, _tpk2_*_t971_r_t_*_t971_wˍttt_t_ + _tpk2_*_t971_w_t_*_t971_rˍttt_t_ + 3*_tpk2_*_t971_rˍt_t_*_t971_wˍtt_t_ + 3*_tpk2_*_t971_rˍtt_t_*_t971_wˍt_t_ - _tpk1_*_t971_rˍttt_t_ + _t971_rˍtttt_t_, -_tpk2_*_t971_r_t_*_t971_w_t_ + _tpk3_*_t971_w_t_ + _t971_wˍt_t_, -_tpk2_*_t971_r_t_*_t971_wˍt_t_ - _tpk2_*_t971_w_t_*_t971_rˍt_t_ + _tpk3_*_t971_wˍt_t_ + _t971_wˍtt_t_, -_tpk2_*_t971_r_t_*_t971_wˍtt_t_ - _tpk2_*_t971_w_t_*_t971_rˍtt_t_ - 2*_tpk2_*_t971_rˍt_t_*_t971_wˍt_t_ + _tpk3_*_t971_wˍtt_t_ + _t971_wˍttt_t_]
R
Multivariate polynomial ring in 12 variables over rationals
primes of bitsize 28
G-Q-Pt-FG-LT-LP(C)
Dimension of the quotient :2
Degree of the radical :2
Use last variable as separating element
Run Groebner learn
Test cyclic optimization
Apply cyclic optimization 
Multi-modular computation (1 threads): G-Q-Pt-FG-LT-LP(C)
5-9-13-17-21-25-29-33-37-41-45-49-53-
check-G-Q-Pt-FG-LT-LP(C)
Nb Primes used :53
Vector{Vector{BigFloat}}[]
