LinearAlgebra.PosDefException(3)
LinearAlgebra.PosDefException(2)
LinearAlgebra.PosDefException(2)
LinearAlgebra.PosDefException(4)
LinearAlgebra.PosDefException(5)
LinearAlgebra.PosDefException(5)
LinearAlgebra.PosDefException(87)
LinearAlgebra.PosDefException(3)
LinearAlgebra.PosDefException(2)
LinearAlgebra.PosDefException(6)
LinearAlgebra.PosDefException(2)
LinearAlgebra.PosDefException(4)
LinearAlgebra.PosDefException(3)
LinearAlgebra.PosDefException(5)
LinearAlgebra.PosDefException(45)
LinearAlgebra.PosDefException(2)
LinearAlgebra.PosDefException(2)
LinearAlgebra.PosDefException(2)
LinearAlgebra.PosDefException(3)
LinearAlgebra.PosDefException(5)
LinearAlgebra.PosDefException(3)
LinearAlgebra.PosDefException(4)
LinearAlgebra.PosDefException(5)
LinearAlgebra.PosDefException(48)
LinearAlgebra.PosDefException(2)
LinearAlgebra.PosDefException(2)
LinearAlgebra.PosDefException(2)
LinearAlgebra.PosDefException(2)
LinearAlgebra.PosDefException(2)
LinearAlgebra.PosDefException(4)
LinearAlgebra.PosDefException(4)
LinearAlgebra.PosDefException(5)
LinearAlgebra.PosDefException(4)
LinearAlgebra.PosDefException(12)
LinearAlgebra.PosDefException(131)
LinearAlgebra.PosDefException(609)
LinearAlgebra.PosDefException(1)
LinearAlgebra.PosDefException(1)
LinearAlgebra.PosDefException(102)
LinearAlgebra.PosDefException(265)
LinearAlgebra.PosDefException(421)
LinearAlgebra.PosDefException(5)
LinearAlgebra.PosDefException(5)
LinearAlgebra.PosDefException(38)
LinearAlgebra.PosDefException(124)
LinearAlgebra.PosDefException(266)
LinearAlgebra.PosDefException(356)
LinearAlgebra.PosDefException(482)
LinearAlgebra.PosDefException(561)
LinearAlgebra.PosDefException(640)
LinearAlgebra.PosDefException(747)
LinearAlgebra.PosDefException(977)
LinearAlgebra.PosDefException(8)
LinearAlgebra.PosDefException(40)
LinearAlgebra.PosDefException(134)
LinearAlgebra.PosDefException(268)
LinearAlgebra.PosDefException(380)
LinearAlgebra.PosDefException(473)
LinearAlgebra.PosDefException(594)
LinearAlgebra.PosDefException(660)
LinearAlgebra.PosDefException(749)
LinearAlgebra.PosDefException(472)
LinearAlgebra.PosDefException(573)
LinearAlgebra.PosDefException(583)
LinearAlgebra.PosDefException(831)
LinearAlgebra.PosDefException(868)
LinearAlgebra.PosDefException(265)
LinearAlgebra.PosDefException(366)
LinearAlgebra.PosDefException(471)
LinearAlgebra.PosDefException(504)
LinearAlgebra.PosDefException(564)
LinearAlgebra.PosDefException(778)
LinearAlgebra.PosDefException(750)
LinearAlgebra.PosDefException(807)
LinearAlgebra.PosDefException(345)
LinearAlgebra.PosDefException(469)
LinearAlgebra.PosDefException(547)
LinearAlgebra.PosDefException(639)
LinearAlgebra.PosDefException(723)
LinearAlgebra.PosDefException(677)
LinearAlgebra.PosDefException(813)
LinearAlgebra.PosDefException(5)
LinearAlgebra.PosDefException(5)
LinearAlgebra.PosDefException(5)
LinearAlgebra.PosDefException(5)
LinearAlgebra.PosDefException(6)
LinearAlgebra.PosDefException(5)
LinearAlgebra.PosDefException(6)
LinearAlgebra.PosDefException(18)
LinearAlgebra.PosDefException(66)
LinearAlgebra.PosDefException(264)
LinearAlgebra.PosDefException(277)
LinearAlgebra.PosDefException(591)
LinearAlgebra.PosDefException(612)
LinearAlgebra.PosDefException(690)
LinearAlgebra.PosDefException(702)
LinearAlgebra.PosDefException(677)
LinearAlgebra.PosDefException(862)
LinearAlgebra.PosDefException(8)
LinearAlgebra.PosDefException(6)
LinearAlgebra.PosDefException(5)
LinearAlgebra.PosDefException(6)
LinearAlgebra.PosDefException(7)
LinearAlgebra.PosDefException(6)
LinearAlgebra.PosDefException(9)
LinearAlgebra.PosDefException(72)
LinearAlgebra.PosDefException(249)
LinearAlgebra.PosDefException(276)
LinearAlgebra.PosDefException(579)
LinearAlgebra.PosDefException(593)
LinearAlgebra.PosDefException(647)
LinearAlgebra.PosDefException(629)
LinearAlgebra.PosDefException(878)
LinearAlgebra.PosDefException(837)
LinearAlgebra.PosDefException(848)
LinearAlgebra.PosDefException(747)
LinearAlgebra.PosDefException(819)
LinearAlgebra.PosDefException(713)
LinearAlgebra.PosDefException(759)
LinearAlgebra.PosDefException(893)
LinearAlgebra.PosDefException(704)
LinearAlgebra.PosDefException(718)
LinearAlgebra.PosDefException(900)
LinearAlgebra.PosDefException(741)
LinearAlgebra.PosDefException(831)
LinearAlgebra.PosDefException(828)
LinearAlgebra.PosDefException(790)
LinearAlgebra.PosDefException(666)
LinearAlgebra.PosDefException(759)
LinearAlgebra.PosDefException(689)
LinearAlgebra.PosDefException(805)
LinearAlgebra.PosDefException(5)
LinearAlgebra.PosDefException(7)
LinearAlgebra.PosDefException(5)
LinearAlgebra.PosDefException(8)
LinearAlgebra.PosDefException(6)
LinearAlgebra.PosDefException(7)
LinearAlgebra.PosDefException(5)
LinearAlgebra.PosDefException(15)
LinearAlgebra.PosDefException(68)
LinearAlgebra.PosDefException(139)
LinearAlgebra.PosDefException(274)
LinearAlgebra.PosDefException(593)
LinearAlgebra.PosDefException(627)
LinearAlgebra.PosDefException(708)
LinearAlgebra.PosDefException(851)
LinearAlgebra.PosDefException(893)
LinearAlgebra.PosDefException(839)
LinearAlgebra.PosDefException(723)
LinearAlgebra.PosDefException(798)
LinearAlgebra.PosDefException(801)
LinearAlgebra.PosDefException(661)
LinearAlgebra.PosDefException(719)
LinearAlgebra.PosDefException(726)
LinearAlgebra.PosDefException(852)
LinearAlgebra.PosDefException(712)
LinearAlgebra.PosDefException(754)
LinearAlgebra.PosDefException(966)
LinearAlgebra.PosDefException(798)
LinearAlgebra.PosDefException(724)
LinearAlgebra.PosDefException(823)
LinearAlgebra.PosDefException(961)
LinearAlgebra.PosDefException(778)
LinearAlgebra.PosDefException(836)
Noise level is too low, using  AAA
DEBUG [determine_optimal_points_count]: Large num points: 1
DEBUG [determine_optimal_points_count]: Good num points: 1
DEBUG [multipoint_parameter_estimation]: Parameter estimation using this many points: 1

DEBUG [pick_points]: Starting point selection...
DEBUG [pick_points]: Number of points to pick: 1
DEBUG [pick_points]: Total points available: 1001
DEBUG [pick_points]: Number of interpolants: 1

DEBUG [pick_points]: Computing interestingness scores...
DEBUG [pick_points]: Processed 100 points
DEBUG [pick_points]: Processed 200 points
DEBUG [pick_points]: Processed 300 points
DEBUG [pick_points]: Processed 400 points
DEBUG [pick_points]: Processed 500 points
DEBUG [pick_points]: Processed 600 points
DEBUG [pick_points]: Processed 700 points
DEBUG [pick_points]: Processed 800 points
DEBUG [pick_points]: Processed 900 points
DEBUG [pick_points]: Processed 1000 points

DEBUG [pick_points]: Score statistics:
DEBUG [pick_points]: Min score: 0.028705258586654157
DEBUG [pick_points]: Max score: 0.09359774212846658
DEBUG [pick_points]: Mean score: 0.05562322956013104
DEBUG [pick_points]: Normalized scores

DEBUG [pick_points]: Selected 1 points
DEBUG [pick_points]: Selected time points: [-0.998]
aa_system
Any[_t2_r_t_ - 3618540695976591//9007199254740992, _t2_rˍt_t_ + 4593829084591//35184372088832, _t2_rˍtt_t_ - 1300322297//17179869184, _t2_rˍttt_t_ + 2521175//67108864, _t2_rˍtttt_t_ - 31//4096, _tpk2_*_t2_r_t_*_t2_w_t_ - _tpk1_*_t2_r_t_ + _t2_rˍt_t_, _tpk2_*_t2_r_t_*_t2_wˍt_t_ + _tpk2_*_t2_w_t_*_t2_rˍt_t_ - _tpk1_*_t2_rˍt_t_ + _t2_rˍtt_t_, _tpk2_*_t2_r_t_*_t2_wˍtt_t_ + _tpk2_*_t2_w_t_*_t2_rˍtt_t_ + 2*_tpk2_*_t2_rˍt_t_*_t2_wˍt_t_ - _tpk1_*_t2_rˍtt_t_ + _t2_rˍttt_t_, _tpk2_*_t2_r_t_*_t2_wˍttt_t_ + _tpk2_*_t2_w_t_*_t2_rˍttt_t_ + 3*_tpk2_*_t2_rˍt_t_*_t2_wˍtt_t_ + 3*_tpk2_*_t2_rˍtt_t_*_t2_wˍt_t_ - _tpk1_*_t2_rˍttt_t_ + _t2_rˍtttt_t_, -_tpk2_*_t2_r_t_*_t2_w_t_ + _tpk3_*_t2_w_t_ + _t2_wˍt_t_, -_tpk2_*_t2_r_t_*_t2_wˍt_t_ - _tpk2_*_t2_w_t_*_t2_rˍt_t_ + _tpk3_*_t2_wˍt_t_ + _t2_wˍtt_t_, -_tpk2_*_t2_r_t_*_t2_wˍtt_t_ - _tpk2_*_t2_w_t_*_t2_rˍtt_t_ - 2*_tpk2_*_t2_rˍt_t_*_t2_wˍt_t_ + _tpk3_*_t2_wˍtt_t_ + _t2_wˍttt_t_]
R
Multivariate polynomial ring in 12 variables over rationals
primes of bitsize 28
G-Q-Pt-FG-LT-LP(C)
Dimension of the quotient :2
Degree of the radical :2
Use last variable as separating element
Run Groebner learn
Test cyclic optimization
Apply cyclic optimization 
Multi-modular computation (1 threads): G-Q-Pt-FG-LT-LP(C)
5-9-13-17-21-25-29-33-37-41-45-49-53-
check-G-Q-Pt-FG-LT-LP(C)
Nb Primes used :53
2-element Vector{Vector{Vector{BigFloat}}}:
 [[3.9020119, 3.9020157], [-0.42175865, -0.42175817], [0.71208286, 0.71208382], [0.40173864, 0.40173912], [-0.024797499, -0.024797469], [-0.13056469, -0.13056445], [0.075688601, 0.07568872], [-0.03756845, -0.03756839], [0.0075683519, 0.0075683668], [-0.021214426, -0.021214396], [-0.0055156276, -0.0055156201], [0.0095736533, 0.0095736682]]
 [[0.58613682, 0.58613777], [0.14623857, 0.1462388], [0.41113663, 0.4111371], [0.40173864, 0.40173912], [0.80396938, 0.80397034], [-0.13056469, -0.13056445], [0.075688601, 0.07568872], [-0.03756845, -0.03756839], [0.0075683519, 0.0075683668], [-0.14122772, -0.14122748], [-0.036718428, -0.036718369], [0.063733339, 0.063733459]]




