LinearAlgebra.PosDefException(2)
LinearAlgebra.PosDefException(2)
LinearAlgebra.PosDefException(6)
LinearAlgebra.PosDefException(3)
LinearAlgebra.PosDefException(6)
LinearAlgebra.PosDefException(7)
LinearAlgebra.PosDefException(92)
LinearAlgebra.PosDefException(2)
LinearAlgebra.PosDefException(2)
LinearAlgebra.PosDefException(6)
LinearAlgebra.PosDefException(2)
LinearAlgebra.PosDefException(4)
LinearAlgebra.PosDefException(4)
LinearAlgebra.PosDefException(5)
LinearAlgebra.PosDefException(51)
LinearAlgebra.PosDefException(2)
LinearAlgebra.PosDefException(6)
LinearAlgebra.PosDefException(2)
LinearAlgebra.PosDefException(2)
LinearAlgebra.PosDefException(3)
LinearAlgebra.PosDefException(3)
LinearAlgebra.PosDefException(6)
LinearAlgebra.PosDefException(4)
LinearAlgebra.PosDefException(9)
LinearAlgebra.PosDefException(503)
LinearAlgebra.PosDefException(2)
LinearAlgebra.PosDefException(2)
LinearAlgebra.PosDefException(3)
LinearAlgebra.PosDefException(2)
LinearAlgebra.PosDefException(2)
LinearAlgebra.PosDefException(3)
LinearAlgebra.PosDefException(5)
LinearAlgebra.PosDefException(4)
LinearAlgebra.PosDefException(7)
LinearAlgebra.PosDefException(42)
LinearAlgebra.PosDefException(484)
LinearAlgebra.PosDefException(2)
LinearAlgebra.PosDefException(2)
LinearAlgebra.PosDefException(3)
LinearAlgebra.PosDefException(2)
LinearAlgebra.PosDefException(4)
LinearAlgebra.PosDefException(3)
LinearAlgebra.PosDefException(5)
LinearAlgebra.PosDefException(4)
LinearAlgebra.PosDefException(37)
LinearAlgebra.PosDefException(203)
LinearAlgebra.PosDefException(4)
LinearAlgebra.PosDefException(4)
LinearAlgebra.PosDefException(8)
LinearAlgebra.PosDefException(5)
LinearAlgebra.PosDefException(5)
LinearAlgebra.PosDefException(5)
LinearAlgebra.PosDefException(5)
LinearAlgebra.PosDefException(10)
LinearAlgebra.PosDefException(46)
LinearAlgebra.PosDefException(210)
LinearAlgebra.PosDefException(490)
LinearAlgebra.PosDefException(604)
LinearAlgebra.PosDefException(5)
LinearAlgebra.PosDefException(5)
LinearAlgebra.PosDefException(7)
LinearAlgebra.PosDefException(6)
LinearAlgebra.PosDefException(5)
LinearAlgebra.PosDefException(5)
LinearAlgebra.PosDefException(7)
LinearAlgebra.PosDefException(27)
LinearAlgebra.PosDefException(72)
LinearAlgebra.PosDefException(269)
LinearAlgebra.PosDefException(289)
LinearAlgebra.PosDefException(589)
LinearAlgebra.PosDefException(679)
LinearAlgebra.PosDefException(699)
LinearAlgebra.PosDefException(820)
LinearAlgebra.PosDefException(818)
LinearAlgebra.PosDefException(889)
LinearAlgebra.PosDefException(836)
LinearAlgebra.PosDefException(794)
LinearAlgebra.PosDefException(919)
LinearAlgebra.PosDefException(774)
LinearAlgebra.PosDefException(858)
LinearAlgebra.PosDefException(741)
LinearAlgebra.PosDefException(1)
LinearAlgebra.PosDefException(1)
LinearAlgebra.PosDefException(1)
LinearAlgebra.PosDefException(830)
LinearAlgebra.PosDefException(946)
LinearAlgebra.PosDefException(892)
LinearAlgebra.PosDefException(770)
LinearAlgebra.PosDefException(823)
LinearAlgebra.PosDefException(812)
LinearAlgebra.PosDefException(908)
LinearAlgebra.PosDefException(856)
LinearAlgebra.PosDefException(907)
LinearAlgebra.PosDefException(974)
LinearAlgebra.PosDefException(896)
LinearAlgebra.PosDefException(794)
LinearAlgebra.PosDefException(879)
LinearAlgebra.PosDefException(829)
LinearAlgebra.PosDefException(765)
LinearAlgebra.PosDefException(1)
LinearAlgebra.PosDefException(1)
LinearAlgebra.PosDefException(1)
LinearAlgebra.PosDefException(807)
LinearAlgebra.PosDefException(829)
LinearAlgebra.PosDefException(986)
LinearAlgebra.PosDefException(956)
LinearAlgebra.PosDefException(812)
LinearAlgebra.PosDefException(711)
LinearAlgebra.PosDefException(840)
LinearAlgebra.PosDefException(917)
LinearAlgebra.PosDefException(844)
LinearAlgebra.PosDefException(893)
LinearAlgebra.PosDefException(862)
LinearAlgebra.PosDefException(848)
LinearAlgebra.PosDefException(765)
LinearAlgebra.PosDefException(829)
LinearAlgebra.PosDefException(962)
LinearAlgebra.PosDefException(950)
Noise level is too low, using  AAA
DEBUG [determine_optimal_points_count]: Large num points: 1
DEBUG [determine_optimal_points_count]: Good num points: 1
DEBUG [multipoint_parameter_estimation]: Parameter estimation using this many points: 1

DEBUG [pick_points]: Starting point selection...
DEBUG [pick_points]: Number of points to pick: 1
DEBUG [pick_points]: Total points available: 1001
DEBUG [pick_points]: Number of interpolants: 1

DEBUG [pick_points]: Computing interestingness scores...
DEBUG [pick_points]: Processed 100 points
DEBUG [pick_points]: Processed 200 points
DEBUG [pick_points]: Processed 300 points
DEBUG [pick_points]: Processed 400 points
DEBUG [pick_points]: Processed 500 points
DEBUG [pick_points]: Processed 600 points
DEBUG [pick_points]: Processed 700 points
DEBUG [pick_points]: Processed 800 points
DEBUG [pick_points]: Processed 900 points
DEBUG [pick_points]: Processed 1000 points

DEBUG [pick_points]: Score statistics:
DEBUG [pick_points]: Min score: 0.1245240029527437
DEBUG [pick_points]: Max score: 0.15861883404503696
DEBUG [pick_points]: Mean score: 0.13994576906067488
DEBUG [pick_points]: Normalized scores

DEBUG [pick_points]: Selected 1 points
DEBUG [pick_points]: Selected time points: [0.998]
aa_system
Any[_t1000_r_t_ - 726889173302059//562949953421312, _t1000_rˍt_t_ - 1041068525981//4398046511104, _t1000_rˍtt_t_ + 1232033255//17179869184, _t1000_rˍttt_t_ + 2398555//16777216, _t1000_rˍtttt_t_ + 235//2048, _tpk2_*_t1000_r_t_*_t1000_w_t_ - _tpk1_*_t1000_r_t_ + _t1000_rˍt_t_, _tpk2_*_t1000_r_t_*_t1000_wˍt_t_ + _tpk2_*_t1000_w_t_*_t1000_rˍt_t_ - _tpk1_*_t1000_rˍt_t_ + _t1000_rˍtt_t_, _tpk2_*_t1000_r_t_*_t1000_wˍtt_t_ + _tpk2_*_t1000_w_t_*_t1000_rˍtt_t_ + 2*_tpk2_*_t1000_rˍt_t_*_t1000_wˍt_t_ - _tpk1_*_t1000_rˍtt_t_ + _t1000_rˍttt_t_, _tpk2_*_t1000_r_t_*_t1000_wˍttt_t_ + _tpk2_*_t1000_w_t_*_t1000_rˍttt_t_ + 3*_tpk2_*_t1000_rˍt_t_*_t1000_wˍtt_t_ + 3*_tpk2_*_t1000_rˍtt_t_*_t1000_wˍt_t_ - _tpk1_*_t1000_rˍttt_t_ + _t1000_rˍtttt_t_, -_tpk2_*_t1000_r_t_*_t1000_w_t_ + _tpk3_*_t1000_w_t_ + _t1000_wˍt_t_, -_tpk2_*_t1000_r_t_*_t1000_wˍt_t_ - _tpk2_*_t1000_w_t_*_t1000_rˍt_t_ + _tpk3_*_t1000_wˍt_t_ + _t1000_wˍtt_t_, -_tpk2_*_t1000_r_t_*_t1000_wˍtt_t_ - _tpk2_*_t1000_w_t_*_t1000_rˍtt_t_ - 2*_tpk2_*_t1000_rˍt_t_*_t1000_wˍt_t_ + _tpk3_*_t1000_wˍtt_t_ + _t1000_wˍttt_t_]
R
Multivariate polynomial ring in 12 variables over rationals
primes of bitsize 28
G-Q-Pt-FG-LT-LP(C)
Dimension of the quotient :2
Degree of the radical :2
Use last variable as separating element
Run Groebner learn
Test cyclic optimization
Apply cyclic optimization 
Multi-modular computation (1 threads): G-Q-Pt-FG-LT-LP(C)
5-9-13-17-21-25-29-33-37-41-45-49-
check-G-Q-Pt-FG-LT-LP(C)
Nb Primes used :49
2-element Vector{Vector{Vector{BigFloat}}}:
 [[-0.34636164, -0.34636116], [0.28736877, 0.28736925], [-1.3040524, -1.3040504], [1.291214, 1.2912159], [-0.30039263, -0.30039215], [0.2367115, 0.23671174], [-0.071713805, -0.071713686], [-0.14296508, -0.14296484], [-0.11474621, -0.11474597], [-0.25738382, -0.25738335], [-0.19590402, -0.19590378], [-0.13311195, -0.13311172]]
 [[0.59870052, 0.59870148], [0.38762331, 0.38762379], [0.33669138, 0.33669186], [1.291214, 1.2912159], [0.34123707, 0.34123755], [0.2367115, 0.23671174], [-0.071713805, -0.071713686], [-0.14296508, -0.14296484], [-0.11474621, -0.11474597], [0.14890194, 0.14890218], [0.11333466, 0.11333477], [0.077008128, 0.077008247]]




