LinearAlgebra.PosDefException(2)
LinearAlgebra.PosDefException(2)
LinearAlgebra.PosDefException(2)
LinearAlgebra.PosDefException(3)
LinearAlgebra.PosDefException(3)
LinearAlgebra.PosDefException(4)
LinearAlgebra.PosDefException(88)
LinearAlgebra.PosDefException(3)
LinearAlgebra.PosDefException(2)
LinearAlgebra.PosDefException(3)
LinearAlgebra.PosDefException(3)
LinearAlgebra.PosDefException(4)
LinearAlgebra.PosDefException(3)
LinearAlgebra.PosDefException(7)
LinearAlgebra.PosDefException(43)
LinearAlgebra.PosDefException(2)
LinearAlgebra.PosDefException(3)
LinearAlgebra.PosDefException(6)
LinearAlgebra.PosDefException(2)
LinearAlgebra.PosDefException(3)
LinearAlgebra.PosDefException(3)
LinearAlgebra.PosDefException(4)
LinearAlgebra.PosDefException(4)
LinearAlgebra.PosDefException(12)
LinearAlgebra.PosDefException(1)
LinearAlgebra.PosDefException(1)
LinearAlgebra.PosDefException(396)
LinearAlgebra.PosDefException(6)
LinearAlgebra.PosDefException(6)
LinearAlgebra.PosDefException(6)
LinearAlgebra.PosDefException(5)
LinearAlgebra.PosDefException(9)
LinearAlgebra.PosDefException(5)
LinearAlgebra.PosDefException(7)
LinearAlgebra.PosDefException(13)
LinearAlgebra.PosDefException(122)
LinearAlgebra.PosDefException(318)
LinearAlgebra.PosDefException(389)
Noise level is too low, using  AAA
LinearAlgebra.PosDefException(3)
LinearAlgebra.PosDefException(2)
LinearAlgebra.PosDefException(2)
LinearAlgebra.PosDefException(3)
LinearAlgebra.PosDefException(7)
LinearAlgebra.PosDefException(5)
LinearAlgebra.PosDefException(83)
LinearAlgebra.PosDefException(2)
LinearAlgebra.PosDefException(6)
LinearAlgebra.PosDefException(3)
LinearAlgebra.PosDefException(2)
LinearAlgebra.PosDefException(4)
LinearAlgebra.PosDefException(5)
LinearAlgebra.PosDefException(6)
LinearAlgebra.PosDefException(84)
LinearAlgebra.PosDefException(2)
LinearAlgebra.PosDefException(2)
LinearAlgebra.PosDefException(2)
LinearAlgebra.PosDefException(2)
LinearAlgebra.PosDefException(2)
LinearAlgebra.PosDefException(3)
LinearAlgebra.PosDefException(3)
LinearAlgebra.PosDefException(4)
LinearAlgebra.PosDefException(5)
LinearAlgebra.PosDefException(176)
LinearAlgebra.PosDefException(6)
LinearAlgebra.PosDefException(2)
LinearAlgebra.PosDefException(3)
LinearAlgebra.PosDefException(3)
LinearAlgebra.PosDefException(6)
LinearAlgebra.PosDefException(4)
LinearAlgebra.PosDefException(7)
LinearAlgebra.PosDefException(126)
LinearAlgebra.PosDefException(4)
LinearAlgebra.PosDefException(3)
LinearAlgebra.PosDefException(6)
LinearAlgebra.PosDefException(6)
LinearAlgebra.PosDefException(4)
LinearAlgebra.PosDefException(15)
LinearAlgebra.PosDefException(79)
LinearAlgebra.PosDefException(223)
LinearAlgebra.PosDefException(416)
LinearAlgebra.PosDefException(684)
LinearAlgebra.PosDefException(1)
LinearAlgebra.PosDefException(1)
Noise level is too low, using  AAA
DEBUG [determine_optimal_points_count]: Large num points: 1
DEBUG [determine_optimal_points_count]: Good num points: 1
DEBUG [multipoint_parameter_estimation]: Parameter estimation using this many points: 1

DEBUG [pick_points]: Starting point selection...
DEBUG [pick_points]: Number of points to pick: 1
DEBUG [pick_points]: Total points available: 1001
DEBUG [pick_points]: Number of interpolants: 2

DEBUG [pick_points]: Computing interestingness scores...
DEBUG [pick_points]: Processed 100 points
DEBUG [pick_points]: Processed 200 points
DEBUG [pick_points]: Processed 300 points
DEBUG [pick_points]: Processed 400 points
DEBUG [pick_points]: Processed 500 points
DEBUG [pick_points]: Processed 600 points
DEBUG [pick_points]: Processed 700 points
DEBUG [pick_points]: Processed 800 points
DEBUG [pick_points]: Processed 900 points
DEBUG [pick_points]: Processed 1000 points

DEBUG [pick_points]: Score statistics:
DEBUG [pick_points]: Min score: 0.08691125464236753
DEBUG [pick_points]: Max score: 1.6218124504075417
DEBUG [pick_points]: Mean score: 0.11825856723283704
DEBUG [pick_points]: Normalized scores

DEBUG [pick_points]: Selected 1 points
DEBUG [pick_points]: Selected time points: [-0.984]
aa_system
Any[_t9_NN_t_ - 7818248953115181//18014398509481984, _t9_In_t_ - 6020280653899583//9007199254740992, _t9_Inˍt_t_ + 3970735790893//17592186044416, _t9_Inˍtt_t_ - 6921148441//274877906944, _t9_Inˍttt_t_ - 75206553//8589934592, _t9_Inˍtttt_t_ - 5723913//67108864, _t9_Inˍttttt_t_ + 158197//524288, _tpa_*_t9_In_t_ - _tpnu_*_t9_E_t_ + _t9_Inˍt_t_, _tpa_*_t9_Inˍt_t_ - _tpnu_*_t9_Eˍt_t_ + _t9_Inˍtt_t_, _tpa_*_t9_Inˍtt_t_ - _tpnu_*_t9_Eˍtt_t_ + _t9_Inˍttt_t_, _tpa_*_t9_Inˍttt_t_ - _tpnu_*_t9_Eˍttt_t_ + _t9_Inˍtttt_t_, _tpa_*_t9_Inˍtttt_t_ - _tpnu_*_t9_Eˍtttt_t_ + _t9_Inˍttttt_t_, _tpnu_*_t9_E_t_*_t9_NN_t_ - _tpb_*_t9_S_t_*_t9_In_t_ + _t9_NN_t_*_t9_Eˍt_t_, _tpnu_*_t9_E_t_*_t9_NNˍt_t_ + _tpnu_*_t9_NN_t_*_t9_Eˍt_t_ - _tpb_*_t9_S_t_*_t9_Inˍt_t_ - _tpb_*_t9_In_t_*_t9_Sˍt_t_ + _t9_NN_t_*_t9_Eˍtt_t_ + _t9_Eˍt_t_*_t9_NNˍt_t_, _tpnu_*_t9_E_t_*_t9_NNˍtt_t_ + _tpnu_*_t9_NN_t_*_t9_Eˍtt_t_ + 2*_tpnu_*_t9_Eˍt_t_*_t9_NNˍt_t_ - _tpb_*_t9_S_t_*_t9_Inˍtt_t_ - _tpb_*_t9_In_t_*_t9_Sˍtt_t_ - 2*_tpb_*_t9_Inˍt_t_*_t9_Sˍt_t_ + _t9_NN_t_*_t9_Eˍttt_t_ + _t9_Eˍt_t_*_t9_NNˍtt_t_ + 2*_t9_Eˍtt_t_*_t9_NNˍt_t_, _tpnu_*_t9_E_t_*_t9_NNˍttt_t_ + _tpnu_*_t9_NN_t_*_t9_Eˍttt_t_ + 3*_tpnu_*_t9_Eˍt_t_*_t9_NNˍtt_t_ + 3*_tpnu_*_t9_Eˍtt_t_*_t9_NNˍt_t_ - _tpb_*_t9_S_t_*_t9_Inˍttt_t_ - _tpb_*_t9_In_t_*_t9_Sˍttt_t_ - 3*_tpb_*_t9_Inˍt_t_*_t9_Sˍtt_t_ - 3*_tpb_*_t9_Inˍtt_t_*_t9_Sˍt_t_ + _t9_NN_t_*_t9_Eˍtttt_t_ + _t9_Eˍt_t_*_t9_NNˍttt_t_ + 3*_t9_Eˍtt_t_*_t9_NNˍtt_t_ + 3*_t9_Eˍttt_t_*_t9_NNˍt_t_, _tpb_*_t9_S_t_*_t9_In_t_ + _t9_NN_t_*_t9_Sˍt_t_, _t9_NNˍt_t_, _t9_NNˍtt_t_, _tpb_*_t9_S_t_*_t9_Inˍt_t_ + _tpb_*_t9_In_t_*_t9_Sˍt_t_ + _t9_NN_t_*_t9_Sˍtt_t_ + _t9_Sˍt_t_*_t9_NNˍt_t_, _t9_NNˍttt_t_, _tpb_*_t9_S_t_*_t9_Inˍtt_t_ + _tpb_*_t9_In_t_*_t9_Sˍtt_t_ + 2*_tpb_*_t9_Inˍt_t_*_t9_Sˍt_t_ + _t9_NN_t_*_t9_Sˍttt_t_ + _t9_Sˍt_t_*_t9_NNˍtt_t_ + 2*_t9_NNˍt_t_*_t9_Sˍtt_t_]
R
Multivariate polynomial ring in 22 variables over rationals
primes of bitsize 28
G-Q-Pt-FG-LT-LP(C)
Dimension of the quotient :4
Degree of the radical :4
Use last variable as separating element
Run Groebner learn
Test cyclic optimization
Apply cyclic optimization 
Multi-modular computation (1 threads): G-Q-Pt-FG-LT-LP(C)
5-9-13-17-21-25-29-33-37-41-45-49-53-61-69-77-85-93-
check-G-Q-Pt-FG-LT-LP(C)
Nb Primes used :93
2-element Vector{Vector{Vector{BigFloat}}}:
 [[0.83178234, 0.83178329], [0.75012589, 0.75012684], [0.48406696, 0.48406744], [0.1522851, 0.15228534], [0.44024754, 0.44024801], [0.66838455, 0.66838551], [0.43399954, 0.43400002], [-0.22571039, -0.22571015], [0.025178969, 0.025178999], [0.0087551922, 0.0087552071], [0.085292935, 0.085293055], [-0.30173731, -0.30173635], [-0.21671414, -0.21671391], [0.039591491, 0.039591551], [0.12341297, 0.12341309], [-0.30767059, -0.30767012], [-0.11352754, -0.11352742], [0.0, 0.0], [0.0, 0.0], [0.12297142, 0.12297153], [0.0, 0.0], [-0.15311193, -0.1531117]]
 [[0.75012589, 0.75012684], [0.83178234, 0.83178329], [0.48406696, 0.48406744], [0.1373353, 0.13733554], [0.33141232, 0.33141279], [0.66838455, 0.66838551], [0.43399954, 0.43400002], [-0.22571039, -0.22571015], [0.025178969, 0.025178999], [0.0087551922, 0.0087552071], [0.085292935, 0.085293055], [-0.30173731, -0.30173635], [-0.17328095, -0.17328072], [0.033232927, 0.033232987], [0.11043787, 0.11043799], [-0.28583956, -0.28583908], [-0.10238242, -0.1023823], [0.0, 0.0], [0.0, 0.0], [0.11089909, 0.11089921], [0.0, 0.0], [-0.1380806, -0.13808036]]




