LinearAlgebra.PosDefException(2)
LinearAlgebra.PosDefException(2)
LinearAlgebra.PosDefException(3)
LinearAlgebra.PosDefException(3)
LinearAlgebra.PosDefException(4)
LinearAlgebra.PosDefException(5)
LinearAlgebra.PosDefException(85)
LinearAlgebra.PosDefException(2)
LinearAlgebra.PosDefException(3)
LinearAlgebra.PosDefException(3)
LinearAlgebra.PosDefException(6)
LinearAlgebra.PosDefException(5)
LinearAlgebra.PosDefException(3)
LinearAlgebra.PosDefException(4)
LinearAlgebra.PosDefException(46)
LinearAlgebra.PosDefException(3)
LinearAlgebra.PosDefException(2)
LinearAlgebra.PosDefException(2)
LinearAlgebra.PosDefException(4)
LinearAlgebra.PosDefException(3)
LinearAlgebra.PosDefException(6)
LinearAlgebra.PosDefException(4)
LinearAlgebra.PosDefException(52)
LinearAlgebra.PosDefException(2)
LinearAlgebra.PosDefException(2)
LinearAlgebra.PosDefException(2)
LinearAlgebra.PosDefException(6)
LinearAlgebra.PosDefException(2)
LinearAlgebra.PosDefException(3)
LinearAlgebra.PosDefException(4)
LinearAlgebra.PosDefException(4)
LinearAlgebra.PosDefException(4)
LinearAlgebra.PosDefException(4)
LinearAlgebra.PosDefException(10)
LinearAlgebra.PosDefException(103)
LinearAlgebra.PosDefException(476)
LinearAlgebra.PosDefException(1)
LinearAlgebra.PosDefException(1)
LinearAlgebra.PosDefException(241)
LinearAlgebra.PosDefException(13)
LinearAlgebra.PosDefException(42)
LinearAlgebra.PosDefException(122)
LinearAlgebra.PosDefException(246)
LinearAlgebra.PosDefException(346)
LinearAlgebra.PosDefException(403)
LinearAlgebra.PosDefException(511)
LinearAlgebra.PosDefException(500)
LinearAlgebra.PosDefException(592)
LinearAlgebra.PosDefException(579)
LinearAlgebra.PosDefException(639)
LinearAlgebra.PosDefException(628)
LinearAlgebra.PosDefException(651)
LinearAlgebra.PosDefException(673)
LinearAlgebra.PosDefException(558)
LinearAlgebra.PosDefException(580)
LinearAlgebra.PosDefException(632)
LinearAlgebra.PosDefException(656)
LinearAlgebra.PosDefException(586)
LinearAlgebra.PosDefException(583)
LinearAlgebra.PosDefException(736)
LinearAlgebra.PosDefException(620)
LinearAlgebra.PosDefException(668)
LinearAlgebra.PosDefException(652)
LinearAlgebra.PosDefException(621)
LinearAlgebra.PosDefException(679)
LinearAlgebra.PosDefException(590)
LinearAlgebra.PosDefException(665)
LinearAlgebra.PosDefException(593)
LinearAlgebra.PosDefException(590)
LinearAlgebra.PosDefException(630)
LinearAlgebra.PosDefException(575)
LinearAlgebra.PosDefException(676)
LinearAlgebra.PosDefException(581)
LinearAlgebra.PosDefException(674)
LinearAlgebra.PosDefException(579)
LinearAlgebra.PosDefException(639)
LinearAlgebra.PosDefException(639)
LinearAlgebra.PosDefException(554)
LinearAlgebra.PosDefException(586)
LinearAlgebra.PosDefException(599)
LinearAlgebra.PosDefException(578)
Noise level is too low, using  AAA
LinearAlgebra.PosDefException(3)
LinearAlgebra.PosDefException(3)
LinearAlgebra.PosDefException(2)
LinearAlgebra.PosDefException(3)
LinearAlgebra.PosDefException(5)
LinearAlgebra.PosDefException(4)
LinearAlgebra.PosDefException(99)
LinearAlgebra.PosDefException(2)
LinearAlgebra.PosDefException(3)
LinearAlgebra.PosDefException(3)
LinearAlgebra.PosDefException(19)
LinearAlgebra.PosDefException(8)
DEBUG [determine_optimal_points_count]: Large num points: 1
DEBUG [determine_optimal_points_count]: Good num points: 1
DEBUG [multipoint_parameter_estimation]: Parameter estimation using this many points: 1

DEBUG [pick_points]: Starting point selection...
DEBUG [pick_points]: Number of points to pick: 1
DEBUG [pick_points]: Total points available: 1001
DEBUG [pick_points]: Number of interpolants: 2

DEBUG [pick_points]: Computing interestingness scores...
DEBUG [pick_points]: Processed 100 points
DEBUG [pick_points]: Processed 200 points
DEBUG [pick_points]: Processed 300 points
DEBUG [pick_points]: Processed 400 points
DEBUG [pick_points]: Processed 500 points
DEBUG [pick_points]: Processed 600 points
DEBUG [pick_points]: Processed 700 points
DEBUG [pick_points]: Processed 800 points
DEBUG [pick_points]: Processed 900 points
DEBUG [pick_points]: Processed 1000 points

DEBUG [pick_points]: Score statistics:
DEBUG [pick_points]: Min score: 0.011895997605425963
DEBUG [pick_points]: Max score: 0.10467831721545677
DEBUG [pick_points]: Mean score: 0.04124073374626511
DEBUG [pick_points]: Normalized scores

DEBUG [pick_points]: Selected 1 points
DEBUG [pick_points]: Selected time points: [-0.998]
aa_system
Any[_t2_NN_t_ - 7142709009009607//9007199254740992, _t2_In_t_ - 7681695849599701//36028797018963968, _t2_Inˍt_t_ - 1844102470767//17592186044416, _t2_Inˍtt_t_ + 8235098279//68719476736, _t2_Inˍttt_t_ - 15954409//134217728, _t2_Inˍtttt_t_ + 9273//65536, _t2_Inˍttttt_t_ - 25//8, _tpa_*_t2_In_t_ - _tpnu_*_t2_E_t_ + _t2_Inˍt_t_, _tpa_*_t2_Inˍt_t_ - _tpnu_*_t2_Eˍt_t_ + _t2_Inˍtt_t_, _tpa_*_t2_Inˍtt_t_ - _tpnu_*_t2_Eˍtt_t_ + _t2_Inˍttt_t_, _tpa_*_t2_Inˍttt_t_ - _tpnu_*_t2_Eˍttt_t_ + _t2_Inˍtttt_t_, _tpa_*_t2_Inˍtttt_t_ - _tpnu_*_t2_Eˍtttt_t_ + _t2_Inˍttttt_t_, _tpnu_*_t2_E_t_*_t2_NN_t_ - _tpb_*_t2_S_t_*_t2_In_t_ + _t2_NN_t_*_t2_Eˍt_t_, _tpnu_*_t2_E_t_*_t2_NNˍt_t_ + _tpnu_*_t2_NN_t_*_t2_Eˍt_t_ - _tpb_*_t2_S_t_*_t2_Inˍt_t_ - _tpb_*_t2_In_t_*_t2_Sˍt_t_ + _t2_NN_t_*_t2_Eˍtt_t_ + _t2_Eˍt_t_*_t2_NNˍt_t_, _tpnu_*_t2_E_t_*_t2_NNˍtt_t_ + _tpnu_*_t2_NN_t_*_t2_Eˍtt_t_ + 2*_tpnu_*_t2_Eˍt_t_*_t2_NNˍt_t_ - _tpb_*_t2_S_t_*_t2_Inˍtt_t_ - _tpb_*_t2_In_t_*_t2_Sˍtt_t_ - 2*_tpb_*_t2_Inˍt_t_*_t2_Sˍt_t_ + _t2_NN_t_*_t2_Eˍttt_t_ + _t2_Eˍt_t_*_t2_NNˍtt_t_ + 2*_t2_Eˍtt_t_*_t2_NNˍt_t_, _tpnu_*_t2_E_t_*_t2_NNˍttt_t_ + _tpnu_*_t2_NN_t_*_t2_Eˍttt_t_ + 3*_tpnu_*_t2_Eˍt_t_*_t2_NNˍtt_t_ + 3*_tpnu_*_t2_Eˍtt_t_*_t2_NNˍt_t_ - _tpb_*_t2_S_t_*_t2_Inˍttt_t_ - _tpb_*_t2_In_t_*_t2_Sˍttt_t_ - 3*_tpb_*_t2_Inˍt_t_*_t2_Sˍtt_t_ - 3*_tpb_*_t2_Inˍtt_t_*_t2_Sˍt_t_ + _t2_NN_t_*_t2_Eˍtttt_t_ + _t2_Eˍt_t_*_t2_NNˍttt_t_ + 3*_t2_Eˍtt_t_*_t2_NNˍtt_t_ + 3*_t2_Eˍttt_t_*_t2_NNˍt_t_, _tpb_*_t2_S_t_*_t2_In_t_ + _t2_NN_t_*_t2_Sˍt_t_, _t2_NNˍt_t_, _t2_NNˍtt_t_, _tpb_*_t2_S_t_*_t2_Inˍt_t_ + _tpb_*_t2_In_t_*_t2_Sˍt_t_ + _t2_NN_t_*_t2_Sˍtt_t_ + _t2_Sˍt_t_*_t2_NNˍt_t_, _t2_NNˍttt_t_, _tpb_*_t2_S_t_*_t2_Inˍtt_t_ + _tpb_*_t2_In_t_*_t2_Sˍtt_t_ + 2*_tpb_*_t2_Inˍt_t_*_t2_Sˍt_t_ + _t2_NN_t_*_t2_Sˍttt_t_ + _t2_Sˍt_t_*_t2_NNˍtt_t_ + 2*_t2_NNˍt_t_*_t2_Sˍtt_t_]
R
Multivariate polynomial ring in 22 variables over rationals
primes of bitsize 28
G-Q-Pt-FG-LT-LP(C)
Dimension of the quotient :4
Degree of the radical :4
Use last variable as separating element
Run Groebner learn
Test cyclic optimization
Apply cyclic optimization 
Multi-modular computation (1 threads): G-Q-Pt-FG-LT-LP(C)
5-9-13-17-21-25-29-33-37-41-45-49-53-61-69-77-85-
check-G-Q-Pt-FG-LT-LP(C)
Nb Primes used :85
4-element Vector{Vector{Vector{BigFloat}}}:
 [[-0.12422192, -0.1242218], [5.6809158, 5.6809235], [9.2271729, 9.2271881], [0.022150755, 0.022150785], [0.013789967, 0.013789982], [0.21320987, 0.21321011], [0.79299927, 0.79300022], [0.10482502, 0.10482514], [-0.11983657, -0.11983645], [0.11886954, 0.11886966], [-0.14149499, -0.14149451], [3.1249962, 3.1250038], [-0.023386717, -0.023386687], [0.023544759, 0.023544788], [-0.027506292, -0.027506262], [0.55318069, 0.55318165], [-0.054953098, -0.054953039], [0.0, 0.0], [0.0, 0.0], [0.10931325, 0.10931337], [0.0, 0.0], [-0.10624969, -0.10624957]]
 [[0.053505361, 0.053505421], [0.98273373, 0.98273468], [456.49609, 456.49658], [-1.3714498e-08, -1.3714484e-08], [0.11827505, 0.11827517], [0.21320987, 0.21321011], [0.79299927, 0.79300022], [0.10482502, 0.10482514], [-0.11983657, -0.11983645], [0.11886954, 0.11886966], [-0.14149499, -0.14149451], [3.1249962, 3.1250038], [-0.11623466, -0.11623454], [0.11443341, 0.11443353], [-0.13750887, -0.13750863], [3.1721992, 3.1722031], [1.6832582e-06, 1.6832601e-06], [0.0, 0.0], [0.0, 0.0], [-0.00020576874, -0.00020576851], [0.0, 0.0], [0.025051057, 0.025051087]]
 [[0.98273373, 0.98273468], [0.053505361, 0.053505421], [456.49609, 456.49658], [-2.5189456e-07, -2.5189411e-07], [5.8751755, 5.8751831], [0.21320987, 0.21321011], [0.79299927, 0.79300022], [0.10482502, 0.10482514], [-0.11983657, -0.11983645], [0.11886954, 0.11886966], [-0.14149499, -0.14149451], [3.1249962, 3.1250038], [-0.31438494, -0.31438446], [0.020600617, 0.020600647], [-0.46121645, -0.46121597], [55.806519, 55.80658], [3.0916417e-05, 3.0916475e-05], [0.0, 0.0], [0.0, 0.0], [-0.0037793592, -0.0037793554], [0.0, 0.0], [0.46011353, 0.460114]]
 [[5.6809158, 5.6809235], [-0.12422192, -0.1242218], [9.2271729, 9.2271881], [-1.0130005, -1.0129986], [-10.594376, -10.59436], [0.21320987, 0.21321011], [0.79299927, 0.79300022], [0.10482502, 0.10482514], [-0.11983657, -0.11983645], [0.11886954, 0.11886966], [-0.14149499, -0.14149451], [3.1249962, 3.1250038], [-3.8291702, -3.8291664], [4.5234451, 4.5234528], [-4.2971039, -4.2970963], [-18.68576, -18.68573], [2.5131111, 2.5131149], [0.0, 0.0], [0.0, 0.0], [-4.9991226, -4.999115], [0.0, 0.0], [4.8590088, 4.8590164]]








