LinearAlgebra.PosDefException(3)
LinearAlgebra.PosDefException(2)
LinearAlgebra.PosDefException(2)
LinearAlgebra.PosDefException(4)
LinearAlgebra.PosDefException(4)
LinearAlgebra.PosDefException(5)
LinearAlgebra.PosDefException(87)
LinearAlgebra.PosDefException(3)
LinearAlgebra.PosDefException(2)
LinearAlgebra.PosDefException(2)
LinearAlgebra.PosDefException(2)
LinearAlgebra.PosDefException(4)
LinearAlgebra.PosDefException(4)
LinearAlgebra.PosDefException(5)
LinearAlgebra.PosDefException(45)
LinearAlgebra.PosDefException(2)
LinearAlgebra.PosDefException(3)
LinearAlgebra.PosDefException(2)
LinearAlgebra.PosDefException(2)
LinearAlgebra.PosDefException(3)
LinearAlgebra.PosDefException(3)
LinearAlgebra.PosDefException(5)
LinearAlgebra.PosDefException(4)
LinearAlgebra.PosDefException(36)
LinearAlgebra.PosDefException(3)
LinearAlgebra.PosDefException(2)
LinearAlgebra.PosDefException(3)
LinearAlgebra.PosDefException(3)
LinearAlgebra.PosDefException(4)
LinearAlgebra.PosDefException(8)
LinearAlgebra.PosDefException(6)
LinearAlgebra.PosDefException(4)
LinearAlgebra.PosDefException(6)
LinearAlgebra.PosDefException(57)
LinearAlgebra.PosDefException(291)
LinearAlgebra.PosDefException(301)
LinearAlgebra.PosDefException(435)
LinearAlgebra.PosDefException(768)
LinearAlgebra.PosDefException(5)
LinearAlgebra.PosDefException(5)
LinearAlgebra.PosDefException(5)
LinearAlgebra.PosDefException(5)
LinearAlgebra.PosDefException(5)
LinearAlgebra.PosDefException(5)
LinearAlgebra.PosDefException(5)
LinearAlgebra.PosDefException(35)
LinearAlgebra.PosDefException(106)
LinearAlgebra.PosDefException(231)
LinearAlgebra.PosDefException(466)
LinearAlgebra.PosDefException(504)
LinearAlgebra.PosDefException(622)
LinearAlgebra.PosDefException(937)
LinearAlgebra.PosDefException(11)
LinearAlgebra.PosDefException(7)
LinearAlgebra.PosDefException(6)
LinearAlgebra.PosDefException(5)
LinearAlgebra.PosDefException(5)
LinearAlgebra.PosDefException(5)
LinearAlgebra.PosDefException(5)
LinearAlgebra.PosDefException(17)
LinearAlgebra.PosDefException(118)
LinearAlgebra.PosDefException(238)
LinearAlgebra.PosDefException(470)
LinearAlgebra.PosDefException(508)
LinearAlgebra.PosDefException(576)
LinearAlgebra.PosDefException(627)
LinearAlgebra.PosDefException(618)
LinearAlgebra.PosDefException(748)
LinearAlgebra.PosDefException(823)
LinearAlgebra.PosDefException(828)
LinearAlgebra.PosDefException(860)
LinearAlgebra.PosDefException(876)
LinearAlgebra.PosDefException(682)
LinearAlgebra.PosDefException(642)
LinearAlgebra.PosDefException(689)
LinearAlgebra.PosDefException(824)
LinearAlgebra.PosDefException(888)
LinearAlgebra.PosDefException(735)
LinearAlgebra.PosDefException(899)
LinearAlgebra.PosDefException(655)
LinearAlgebra.PosDefException(901)
LinearAlgebra.PosDefException(808)
LinearAlgebra.PosDefException(687)
LinearAlgebra.PosDefException(695)
LinearAlgebra.PosDefException(697)
LinearAlgebra.PosDefException(799)
LinearAlgebra.PosDefException(813)
LinearAlgebra.PosDefException(744)
LinearAlgebra.PosDefException(718)
LinearAlgebra.PosDefException(715)
LinearAlgebra.PosDefException(684)
LinearAlgebra.PosDefException(904)
LinearAlgebra.PosDefException(728)
LinearAlgebra.PosDefException(748)
LinearAlgebra.PosDefException(766)
LinearAlgebra.PosDefException(703)
LinearAlgebra.PosDefException(782)
LinearAlgebra.PosDefException(846)
LinearAlgebra.PosDefException(844)
LinearAlgebra.PosDefException(724)
LinearAlgebra.PosDefException(713)
LinearAlgebra.PosDefException(724)
LinearAlgebra.PosDefException(848)
LinearAlgebra.PosDefException(740)
LinearAlgebra.PosDefException(702)
LinearAlgebra.PosDefException(778)
LinearAlgebra.PosDefException(723)
Noise level is too low, using  AAA
LinearAlgebra.PosDefException(2)
LinearAlgebra.PosDefException(2)
LinearAlgebra.PosDefException(3)
LinearAlgebra.PosDefException(5)
LinearAlgebra.PosDefException(5)
LinearAlgebra.PosDefException(4)
LinearAlgebra.PosDefException(106)
LinearAlgebra.PosDefException(2)
LinearAlgebra.PosDefException(4)
LinearAlgebra.PosDefException(375)
DEBUG [determine_optimal_points_count]: Large num points: 1
DEBUG [determine_optimal_points_count]: Good num points: 1
DEBUG [multipoint_parameter_estimation]: Parameter estimation using this many points: 1

DEBUG [pick_points]: Starting point selection...
DEBUG [pick_points]: Number of points to pick: 1
DEBUG [pick_points]: Total points available: 1001
DEBUG [pick_points]: Number of interpolants: 2

DEBUG [pick_points]: Computing interestingness scores...
DEBUG [pick_points]: Processed 100 points
DEBUG [pick_points]: Processed 200 points
DEBUG [pick_points]: Processed 300 points
DEBUG [pick_points]: Processed 400 points
DEBUG [pick_points]: Processed 500 points
DEBUG [pick_points]: Processed 600 points
DEBUG [pick_points]: Processed 700 points
DEBUG [pick_points]: Processed 800 points
DEBUG [pick_points]: Processed 900 points
DEBUG [pick_points]: Processed 1000 points

DEBUG [pick_points]: Score statistics:
DEBUG [pick_points]: Min score: 0.10029207582070505
DEBUG [pick_points]: Max score: 0.2614744452100256
DEBUG [pick_points]: Mean score: 0.16604408268699494
DEBUG [pick_points]: Normalized scores

DEBUG [pick_points]: Selected 1 points
DEBUG [pick_points]: Selected time points: [-0.998]
aa_system
Any[_t2_NN_t_ - 1889260043681923//2251799813685248, _t2_In_t_ - 7649289312683645//9007199254740992, _t2_Inˍt_t_ + 3333344341505//8796093022208, _t2_Inˍtt_t_ - 6415014801//34359738368, _t2_Inˍttt_t_ + 1842655//16777216, _t2_Inˍtttt_t_ - 167//2048, _t2_Inˍttttt_t_, _tpa_*_t2_In_t_ - _tpnu_*_t2_E_t_ + _t2_Inˍt_t_, _tpa_*_t2_Inˍt_t_ - _tpnu_*_t2_Eˍt_t_ + _t2_Inˍtt_t_, _tpa_*_t2_Inˍtt_t_ - _tpnu_*_t2_Eˍtt_t_ + _t2_Inˍttt_t_, _tpa_*_t2_Inˍttt_t_ - _tpnu_*_t2_Eˍttt_t_ + _t2_Inˍtttt_t_, _tpa_*_t2_Inˍtttt_t_ - _tpnu_*_t2_Eˍtttt_t_ + _t2_Inˍttttt_t_, _tpnu_*_t2_E_t_*_t2_NN_t_ - _tpb_*_t2_S_t_*_t2_In_t_ + _t2_NN_t_*_t2_Eˍt_t_, _tpnu_*_t2_E_t_*_t2_NNˍt_t_ + _tpnu_*_t2_NN_t_*_t2_Eˍt_t_ - _tpb_*_t2_S_t_*_t2_Inˍt_t_ - _tpb_*_t2_In_t_*_t2_Sˍt_t_ + _t2_NN_t_*_t2_Eˍtt_t_ + _t2_Eˍt_t_*_t2_NNˍt_t_, _tpnu_*_t2_E_t_*_t2_NNˍtt_t_ + _tpnu_*_t2_NN_t_*_t2_Eˍtt_t_ + 2*_tpnu_*_t2_Eˍt_t_*_t2_NNˍt_t_ - _tpb_*_t2_S_t_*_t2_Inˍtt_t_ - _tpb_*_t2_In_t_*_t2_Sˍtt_t_ - 2*_tpb_*_t2_Inˍt_t_*_t2_Sˍt_t_ + _t2_NN_t_*_t2_Eˍttt_t_ + _t2_Eˍt_t_*_t2_NNˍtt_t_ + 2*_t2_Eˍtt_t_*_t2_NNˍt_t_, _tpnu_*_t2_E_t_*_t2_NNˍttt_t_ + _tpnu_*_t2_NN_t_*_t2_Eˍttt_t_ + 3*_tpnu_*_t2_Eˍt_t_*_t2_NNˍtt_t_ + 3*_tpnu_*_t2_Eˍtt_t_*_t2_NNˍt_t_ - _tpb_*_t2_S_t_*_t2_Inˍttt_t_ - _tpb_*_t2_In_t_*_t2_Sˍttt_t_ - 3*_tpb_*_t2_Inˍt_t_*_t2_Sˍtt_t_ - 3*_tpb_*_t2_Inˍtt_t_*_t2_Sˍt_t_ + _t2_NN_t_*_t2_Eˍtttt_t_ + _t2_Eˍt_t_*_t2_NNˍttt_t_ + 3*_t2_Eˍtt_t_*_t2_NNˍtt_t_ + 3*_t2_Eˍttt_t_*_t2_NNˍt_t_, _tpb_*_t2_S_t_*_t2_In_t_ + _t2_NN_t_*_t2_Sˍt_t_, _t2_NNˍt_t_, _t2_NNˍtt_t_, _tpb_*_t2_S_t_*_t2_Inˍt_t_ + _tpb_*_t2_In_t_*_t2_Sˍt_t_ + _t2_NN_t_*_t2_Sˍtt_t_ + _t2_Sˍt_t_*_t2_NNˍt_t_, _t2_NNˍttt_t_, _tpb_*_t2_S_t_*_t2_Inˍtt_t_ + _tpb_*_t2_In_t_*_t2_Sˍtt_t_ + 2*_tpb_*_t2_Inˍt_t_*_t2_Sˍt_t_ + _t2_NN_t_*_t2_Sˍttt_t_ + _t2_Sˍt_t_*_t2_NNˍtt_t_ + 2*_t2_NNˍt_t_*_t2_Sˍtt_t_]
R
Multivariate polynomial ring in 22 variables over rationals
primes of bitsize 28
G-Q-Pt-FG-LT-LP(C)
Dimension of the quotient :4
Degree of the radical :4
Use last variable as separating element
Run Groebner learn
Test cyclic optimization
Apply cyclic optimization 
Multi-modular computation (1 threads): G-Q-Pt-FG-LT-LP(C)
5-9-13-17-21-25-29-33-37-41-45-49-53-61-69-77-
check-G-Q-Pt-FG-LT-LP(C)
Nb Primes used :77
┌ Warning: At t=-0.7895734654335429, dt was forced below floating point epsilon 1.1102230246251565e-16, and step error estimate = 1.0742141713399833. Aborting. There is either an error in your model specification or the true solution is unstable (or the true solution can not be represented in the precision of Float64).
└ @ SciMLBase ~/.julia/packages/SciMLBase/Pma4a/src/integrator_interface.jl:623
┌ Warning: At t=-0.7895734411398935, dt was forced below floating point epsilon 1.1102230246251565e-16, and step error estimate = 1.054825887660165. Aborting. There is either an error in your model specification or the true solution is unstable (or the true solution can not be represented in the precision of Float64).
└ @ SciMLBase ~/.julia/packages/SciMLBase/Pma4a/src/integrator_interface.jl:623
4-element Vector{Vector{Vector{BigFloat}}}:
 [[1.0928593, 1.0928612], [0.41418171, 0.41418219], [-137.10205, -137.10181], [-4.8567461e-10, -4.8567372e-10], [1.3258553, 1.3258572], [0.84924126, 0.84924221], [0.83899975, 0.8390007], [-0.37895775, -0.37895727], [0.1867013, 0.18670154], [-0.10983086, -0.10983074], [0.08154285, 0.081543088], [0.0, 0.0], [-0.5491457, -0.54914474], [0.22745514, 0.22745538], [-0.092922449, -0.09292233], [0.21515918, 0.21515942], [-6.7399696e-08, -6.7399583e-08], [0.0, 0.0], [0.0, 0.0], [-9.3233539e-06, -9.3233393e-06], [0.0, 0.0], [-0.0012855195, -0.0012855176]]
 [[0.41418171, 0.41418219], [1.0928593, 1.0928612], [-137.10205, -137.10181], [-1.8406521e-10, -1.8406499e-10], [-0.024904221, -0.024904191], [0.84924126, 0.84924221], [0.83899975, 0.8390007], [-0.37895775, -0.37895727], [0.1867013, 0.18670154], [-0.10983086, -0.10983074], [0.08154285, 0.081543088], [0.0, 0.0], [0.027216822, 0.027216852], [-0.029740691, -0.029740661], [0.032989562, 0.032989621], [0.030903846, 0.030903876], [-2.5543727e-08, -2.5543699e-08], [0.0, 0.0], [0.0, 0.0], [-3.5334451e-06, -3.5334415e-06], [0.0, 0.0], [-0.00048719719, -0.00048719672]]
 [[0.32414293, 0.32414341], [41.043152, 41.043213], [0.16534567, 0.16534591], [-0.61019897, -0.61019802], [-0.0025261529, -0.0025261492], [0.84924126, 0.84924221], [0.83899975, 0.8390007], [-0.37895775, -0.37895727], [0.1867013, 0.18670154], [-0.10983086, -0.10983074], [0.08154285, 0.081543088], [0.0, 0.0], [0.0015560426, 0.0015560444], [-0.0012014844, -0.0012014825], [0.0011193585, 0.0011193603], [0.00064399466, 0.00064399559], [0.10212529, 0.10212541], [0.0, 0.0], [0.0, 0.0], [-0.062663555, -0.062663436], [0.0, 0.0], [0.048193336, 0.048193395]]
 [[41.043152, 41.043213], [0.32414293, 0.32414341], [0.16534567, 0.16534591], [-77.263672, -77.26355], [106.36218, 106.3623], [0.84924126, 0.84924221], [0.83899975, 0.8390007], [-0.37895775, -0.37895727], [0.1867013, 0.18670154], [-0.10983086, -0.10983074], [0.08154285, 0.081543088], [0.0, 0.0], [-47.407837, -47.407776], [23.301392, 23.301422], [-13.655273, -13.655258], [10.324997, 10.325012], [12.931152, 12.931168], [0.0, 0.0], [0.0, 0.0], [-7.9344864, -7.9344788], [0.0, 0.0], [6.1022644, 6.102272]]




