┌ Warning: Independent variable t should be defined with @independent_variables t.
└ @ ModelingToolkit ~/.julia/packages/ModelingToolkit/klLLV/src/utils.jl:119
[ Info: Preproccessing `ModelingToolkit.ODESystem` object
┌ Warning: Independent variable t should be defined with @independent_variables t.
└ @ ModelingToolkit ~/.julia/packages/ModelingToolkit/klLLV/src/utils.jl:119
[ Info: Solving the problem
[ Info: Constructing the maximal system
[ Info: Truncating
[ Info: Assessing local identifiability
[ Info: Found Pivots: []
[ Info: Locally identifiable parameters: [muN, muEE, muLE, muLL, muM, muP, muPE, muPL, deltaNE, deltaEL, deltaLM, rhoE, rhoP, n, m, p, s, e]
[ Info: Not identifiable parameters:     []
[ Info: Randomizing
[ Info: Gröbner basis computation
[ Info: Remainder computation
[ Info: === Summary ===
[ Info: Globally identifiable parameters:                 [n, deltaEL, muPL, m, muM, rhoE, muLL, muPE, muLE, muEE, e, muN, rhoP, p, s, deltaNE, muP, deltaLM]
[ Info: Locally but not globally identifiable parameters: []
[ Info: Not identifiable parameters:                      []
[ Info: ===============
[ Info: Estimating via the interpolators: ["AAA"]
Computing mixed cells... 4    Time: 0:00:00[K
  mixed_volume:  5[K[A
[K[AComputing mixed cells... 24    Time: 0:00:00[K
  mixed_volume:  27[K[A
[K[AComputing mixed cells... 43    Time: 0:00:00[K
  mixed_volume:  51[K[A
[K[AComputing mixed cells... 45    Time: 0:00:01[K
  mixed_volume:  53[K
┌ Warning: Independent variable t should be defined with @independent_variables t.
└ @ ModelingToolkit ~/.julia/packages/ModelingToolkit/klLLV/src/utils.jl:119
┌ Warning: Independent variable t should be defined with @independent_variables t.
└ @ ModelingToolkit ~/.julia/packages/ModelingToolkit/klLLV/src/utils.jl:119
┌ Warning: Independent variable t should be defined with @independent_variables t.
└ @ ModelingToolkit ~/.julia/packages/ModelingToolkit/klLLV/src/utils.jl:119
┌ Warning: Independent variable t should be defined with @independent_variables t.
└ @ ModelingToolkit ~/.julia/packages/ModelingToolkit/klLLV/src/utils.jl:119
┌ Warning: Independent variable t should be defined with @independent_variables t.
└ @ ModelingToolkit ~/.julia/packages/ModelingToolkit/klLLV/src/utils.jl:119
┌ Warning: Independent variable t should be defined with @independent_variables t.
└ @ ModelingToolkit ~/.julia/packages/ModelingToolkit/klLLV/src/utils.jl:119
┌ Warning: Independent variable t should be defined with @independent_variables t.
└ @ ModelingToolkit ~/.julia/packages/ModelingToolkit/klLLV/src/utils.jl:119
┌ Warning: Independent variable t should be defined with @independent_variables t.
└ @ ModelingToolkit ~/.julia/packages/ModelingToolkit/klLLV/src/utils.jl:119
┌ Warning: Independent variable t should be defined with @independent_variables t.
└ @ ModelingToolkit ~/.julia/packages/ModelingToolkit/klLLV/src/utils.jl:119
┌ Warning: At t=-0.04302852422901427, dt was forced below floating point epsilon -3.863288488632143e-18, and step error estimate = Inf. Aborting. There is either an error in your model specification or the true solution is unstable (or the true solution can not be represented in the precision of Float64).
└ @ SciMLBase ~/.julia/packages/SciMLBase/VW1cI/src/integrator_interface.jl:623
┌ Warning: Independent variable t should be defined with @independent_variables t.
└ @ ModelingToolkit ~/.julia/packages/ModelingToolkit/klLLV/src/utils.jl:119
┌ Warning: Independent variable t should be defined with @independent_variables t.
└ @ ModelingToolkit ~/.julia/packages/ModelingToolkit/klLLV/src/utils.jl:119
┌ Warning: Independent variable t should be defined with @independent_variables t.
└ @ ModelingToolkit ~/.julia/packages/ModelingToolkit/klLLV/src/utils.jl:119
┌ Warning: Independent variable t should be defined with @independent_variables t.
└ @ ModelingToolkit ~/.julia/packages/ModelingToolkit/klLLV/src/utils.jl:119
┌ Warning: Independent variable t should be defined with @independent_variables t.
└ @ ModelingToolkit ~/.julia/packages/ModelingToolkit/klLLV/src/utils.jl:119
┌ Warning: Independent variable t should be defined with @independent_variables t.
└ @ ModelingToolkit ~/.julia/packages/ModelingToolkit/klLLV/src/utils.jl:119
┌ Warning: Independent variable t should be defined with @independent_variables t.
└ @ ModelingToolkit ~/.julia/packages/ModelingToolkit/klLLV/src/utils.jl:119
┌ Warning: At t=-0.10693610999144382, dt was forced below floating point epsilon -1.192862774444051e-17, and step error estimate = 1.8063403698667417. Aborting. There is either an error in your model specification or the true solution is unstable (or the true solution can not be represented in the precision of Float64).
└ @ SciMLBase ~/.julia/packages/SciMLBase/VW1cI/src/integrator_interface.jl:623
┌ Warning: Independent variable t should be defined with @independent_variables t.
└ @ ModelingToolkit ~/.julia/packages/ModelingToolkit/klLLV/src/utils.jl:119
┌ Warning: At t=-0.24439271462937023, dt was forced below floating point epsilon 2.7755575615628914e-17, and step error estimate = 1.0459234314059072. Aborting. There is either an error in your model specification or the true solution is unstable (or the true solution can not be represented in the precision of Float64).
└ @ SciMLBase ~/.julia/packages/SciMLBase/VW1cI/src/integrator_interface.jl:623
┌ Warning: Independent variable t should be defined with @independent_variables t.
└ @ ModelingToolkit ~/.julia/packages/ModelingToolkit/klLLV/src/utils.jl:119
┌ Warning: At t=-0.7517064978926029, dt was forced below floating point epsilon 1.1102230246251565e-16, and step error estimate = 1.0192451403606666. Aborting. There is either an error in your model specification or the true solution is unstable (or the true solution can not be represented in the precision of Float64).
└ @ SciMLBase ~/.julia/packages/SciMLBase/VW1cI/src/integrator_interface.jl:623
┌ Warning: Independent variable t should be defined with @independent_variables t.
└ @ ModelingToolkit ~/.julia/packages/ModelingToolkit/klLLV/src/utils.jl:119
┌ Warning: Independent variable t should be defined with @independent_variables t.
└ @ ModelingToolkit ~/.julia/packages/ModelingToolkit/klLLV/src/utils.jl:119
┌ Warning: At t=-0.8871020054841899, dt was forced below floating point epsilon 1.1102230246251565e-16, and step error estimate = 1.0076207845095528. Aborting. There is either an error in your model specification or the true solution is unstable (or the true solution can not be represented in the precision of Float64).
└ @ SciMLBase ~/.julia/packages/SciMLBase/VW1cI/src/integrator_interface.jl:623
┌ Warning: Independent variable t should be defined with @independent_variables t.
└ @ ModelingToolkit ~/.julia/packages/ModelingToolkit/klLLV/src/utils.jl:119
┌ Warning: At t=-0.7519127951584169, dt was forced below floating point epsilon 1.1102230246251565e-16, and step error estimate = 1.0156602370208425. Aborting. There is either an error in your model specification or the true solution is unstable (or the true solution can not be represented in the precision of Float64).
└ @ SciMLBase ~/.julia/packages/SciMLBase/VW1cI/src/integrator_interface.jl:623
┌ Warning: Independent variable t should be defined with @independent_variables t.
└ @ ModelingToolkit ~/.julia/packages/ModelingToolkit/klLLV/src/utils.jl:119
┌ Warning: At t=-0.7657699910328913, dt was forced below floating point epsilon 1.1102230246251565e-16, and step error estimate = 1.0213479043108957. Aborting. There is either an error in your model specification or the true solution is unstable (or the true solution can not be represented in the precision of Float64).
└ @ SciMLBase ~/.julia/packages/SciMLBase/VW1cI/src/integrator_interface.jl:623
┌ Warning: Independent variable t should be defined with @independent_variables t.
└ @ ModelingToolkit ~/.julia/packages/ModelingToolkit/klLLV/src/utils.jl:119
┌ Warning: At t=-0.021969247746124815, dt was forced below floating point epsilon 3.469446951953614e-18, and step error estimate = 1.0263914028983163. Aborting. There is either an error in your model specification or the true solution is unstable (or the true solution can not be represented in the precision of Float64).
└ @ SciMLBase ~/.julia/packages/SciMLBase/VW1cI/src/integrator_interface.jl:623
┌ Warning: Independent variable t should be defined with @independent_variables t.
└ @ ModelingToolkit ~/.julia/packages/ModelingToolkit/klLLV/src/utils.jl:119
┌ Warning: At t=-0.8241274823060188, dt was forced below floating point epsilon 1.1102230246251565e-16, and step error estimate = 1.0622561370124428. Aborting. There is either an error in your model specification or the true solution is unstable (or the true solution can not be represented in the precision of Float64).
└ @ SciMLBase ~/.julia/packages/SciMLBase/VW1cI/src/integrator_interface.jl:623
┌ Warning: Independent variable t should be defined with @independent_variables t.
└ @ ModelingToolkit ~/.julia/packages/ModelingToolkit/klLLV/src/utils.jl:119
┌ Warning: Independent variable t should be defined with @independent_variables t.
└ @ ModelingToolkit ~/.julia/packages/ModelingToolkit/klLLV/src/utils.jl:119
┌ Warning: Independent variable t should be defined with @independent_variables t.
└ @ ModelingToolkit ~/.julia/packages/ModelingToolkit/klLLV/src/utils.jl:119
┌ Warning: At t=-0.8614255082783676, dt was forced below floating point epsilon 1.1102230246251565e-16, and step error estimate = 1.001911071164519. Aborting. There is either an error in your model specification or the true solution is unstable (or the true solution can not be represented in the precision of Float64).
└ @ SciMLBase ~/.julia/packages/SciMLBase/VW1cI/src/integrator_interface.jl:623
┌ Warning: Independent variable t should be defined with @independent_variables t.
└ @ ModelingToolkit ~/.julia/packages/ModelingToolkit/klLLV/src/utils.jl:119
┌ Warning: At t=-0.8557222300214689, dt was forced below floating point epsilon 1.1102230246251565e-16, and step error estimate = 1.1473146448812026. Aborting. There is either an error in your model specification or the true solution is unstable (or the true solution can not be represented in the precision of Float64).
└ @ SciMLBase ~/.julia/packages/SciMLBase/VW1cI/src/integrator_interface.jl:623
┌ Warning: Independent variable t should be defined with @independent_variables t.
└ @ ModelingToolkit ~/.julia/packages/ModelingToolkit/klLLV/src/utils.jl:119
┌ Warning: Independent variable t should be defined with @independent_variables t.
└ @ ModelingToolkit ~/.julia/packages/ModelingToolkit/klLLV/src/utils.jl:119
┌ Warning: At t=-0.9876100389968673, dt was forced below floating point epsilon 1.1102230246251565e-16, and step error estimate = NaN. Aborting. There is either an error in your model specification or the true solution is unstable (or the true solution can not be represented in the precision of Float64).
└ @ SciMLBase ~/.julia/packages/SciMLBase/VW1cI/src/integrator_interface.jl:623
┌ Warning: Independent variable t should be defined with @independent_variables t.
└ @ ModelingToolkit ~/.julia/packages/ModelingToolkit/klLLV/src/utils.jl:119
┌ Warning: At t=-0.7410183060072723, dt was forced below floating point epsilon 1.1102230246251565e-16, and step error estimate = 1.0158663739393843. Aborting. There is either an error in your model specification or the true solution is unstable (or the true solution can not be represented in the precision of Float64).
└ @ SciMLBase ~/.julia/packages/SciMLBase/VW1cI/src/integrator_interface.jl:623
┌ Warning: Independent variable t should be defined with @independent_variables t.
└ @ ModelingToolkit ~/.julia/packages/ModelingToolkit/klLLV/src/utils.jl:119
Final Results:
495.700431 seconds (100.96 M allocations: 5.387 GiB, 1.38% gc time, 33.60% compilation time: 12% of which was recompilation)
