┌ Warning: Optimization did not converge. RetCode: MaxIters
└ @ ODEParameterEstimation ~/ODEParameterEstimation/src/core/solvers/homotopy_continuation.jl:778
┌ Warning: Optimization did not converge. RetCode: MaxIters
└ @ ODEParameterEstimation ~/ODEParameterEstimation/src/core/solvers/homotopy_continuation.jl:778
┌ Warning: Optimization did not converge. RetCode: MaxIters
└ @ ODEParameterEstimation ~/ODEParameterEstimation/src/core/solvers/homotopy_continuation.jl:778
┌ Warning: At t=-0.12808830714030478, dt was forced below floating point epsilon -2.4930653706838143e-17, and step error estimate = 1.0199751801536026. Aborting. There is either an error in your model specification or the true solution is unstable (or the true solution can not be represented in the precision of Float64).
└ @ SciMLBase ~/.julia/packages/SciMLBase/VW1cI/src/integrator_interface.jl:623
┌ Warning: At t=-0.07623167862085099, dt was forced below floating point epsilon -1.2775051784431235e-17, and step error estimate = NaN. Aborting. There is either an error in your model specification or the true solution is unstable (or the true solution can not be represented in the precision of Float64).
└ @ SciMLBase ~/.julia/packages/SciMLBase/VW1cI/src/integrator_interface.jl:623
┌ Warning: At t=-0.1123173985377279, dt was forced below floating point epsilon -1.2942294642922994e-17, and step error estimate = 1.0751834624960674. Aborting. There is either an error in your model specification or the true solution is unstable (or the true solution can not be represented in the precision of Float64).
└ @ SciMLBase ~/.julia/packages/SciMLBase/VW1cI/src/integrator_interface.jl:623
┌ Warning: At t=-0.5730097064167285, dt was forced below floating point epsilon -9.89402128565841e-17, and step error estimate = 1.1035754519067902. Aborting. There is either an error in your model specification or the true solution is unstable (or the true solution can not be represented in the precision of Float64).
└ @ SciMLBase ~/.julia/packages/SciMLBase/VW1cI/src/integrator_interface.jl:623
┌ Warning: At t=-0.49228475114924414, dt was forced below floating point epsilon -4.9832049259622906e-17, and step error estimate = 1.0259799176494382. Aborting. There is either an error in your model specification or the true solution is unstable (or the true solution can not be represented in the precision of Float64).
└ @ SciMLBase ~/.julia/packages/SciMLBase/VW1cI/src/integrator_interface.jl:623
┌ Warning: At t=-0.07400079574284425, dt was forced below floating point epsilon -1.249759155332523e-17, and step error estimate = 2.213815755109835. Aborting. There is either an error in your model specification or the true solution is unstable (or the true solution can not be represented in the precision of Float64).
└ @ SciMLBase ~/.julia/packages/SciMLBase/VW1cI/src/integrator_interface.jl:623
┌ Warning: At t=-0.07400001326078795, dt was forced below floating point epsilon -8.183968808443213e-18, and step error estimate = NaN. Aborting. There is either an error in your model specification or the true solution is unstable (or the true solution can not be represented in the precision of Float64).
└ @ SciMLBase ~/.julia/packages/SciMLBase/VW1cI/src/integrator_interface.jl:623
┌ Warning: At t=-0.12974721511894258, dt was forced below floating point epsilon -2.7462202097573685e-17, and step error estimate = 1.068574891307815. Aborting. There is either an error in your model specification or the true solution is unstable (or the true solution can not be represented in the precision of Float64).
└ @ SciMLBase ~/.julia/packages/SciMLBase/VW1cI/src/integrator_interface.jl:623
┌ Warning: At t=-0.07400000000026155, dt was forced below floating point epsilon -9.990822604127048e-18, and step error estimate = NaN. Aborting. There is either an error in your model specification or the true solution is unstable (or the true solution can not be represented in the precision of Float64).
└ @ SciMLBase ~/.julia/packages/SciMLBase/VW1cI/src/integrator_interface.jl:623
┌ Warning: At t=-0.07400154940168958, dt was forced below floating point epsilon -1.136019197935065e-17, and step error estimate = 2.5810944504351996. Aborting. There is either an error in your model specification or the true solution is unstable (or the true solution can not be represented in the precision of Float64).
└ @ SciMLBase ~/.julia/packages/SciMLBase/VW1cI/src/integrator_interface.jl:623
┌ Warning: At t=-0.23893892886271662, dt was forced below floating point epsilon -2.4771735576959676e-17, and step error estimate = 1.0873374968119227. Aborting. There is either an error in your model specification or the true solution is unstable (or the true solution can not be represented in the precision of Float64).
└ @ SciMLBase ~/.julia/packages/SciMLBase/VW1cI/src/integrator_interface.jl:623
┌ Warning: Interrupted. Larger maxiters is needed. If you are using an integrator for non-stiff ODEs or an automatic switching algorithm (the default), you may want to consider using a method for stiff equations. See the solver pages for more details (e.g. https://docs.sciml.ai/DiffEqDocs/stable/solvers/ode_solve/#Stiff-Problems).
└ @ SciMLBase ~/.julia/packages/SciMLBase/VW1cI/src/integrator_interface.jl:589
┌ Warning: At t=-0.0841852133356156, dt was forced below floating point epsilon -1.243430772169536e-17, and step error estimate = 1.0457074957232835. Aborting. There is either an error in your model specification or the true solution is unstable (or the true solution can not be represented in the precision of Float64).
└ @ SciMLBase ~/.julia/packages/SciMLBase/VW1cI/src/integrator_interface.jl:623
┌ Warning: At t=-0.07451046156740992, dt was forced below floating point epsilon -9.763857722547363e-18, and step error estimate = 11.7328050730519. Aborting. There is either an error in your model specification or the true solution is unstable (or the true solution can not be represented in the precision of Float64).
└ @ SciMLBase ~/.julia/packages/SciMLBase/VW1cI/src/integrator_interface.jl:623
┌ Warning: At t=-0.07400902263688611, dt was forced below floating point epsilon -1.3530764924854599e-17, and step error estimate = 1.4530508126339934. Aborting. There is either an error in your model specification or the true solution is unstable (or the true solution can not be represented in the precision of Float64).
└ @ SciMLBase ~/.julia/packages/SciMLBase/VW1cI/src/integrator_interface.jl:623
┌ Warning: At t=-0.16758093464996676, dt was forced below floating point epsilon -2.6128625131975154e-17, and step error estimate = 1.0817913649527355. Aborting. There is either an error in your model specification or the true solution is unstable (or the true solution can not be represented in the precision of Float64).
└ @ SciMLBase ~/.julia/packages/SciMLBase/VW1cI/src/integrator_interface.jl:623
┌ Warning: At t=-0.4157629840211855, dt was forced below floating point epsilon -5.430908104553322e-17, and step error estimate = 1.0370453055385325. Aborting. There is either an error in your model specification or the true solution is unstable (or the true solution can not be represented in the precision of Float64).
└ @ SciMLBase ~/.julia/packages/SciMLBase/VW1cI/src/integrator_interface.jl:623
┌ Warning: At t=-0.07404002858342072, dt was forced below floating point epsilon -1.326862981537974e-17, and step error estimate = 1.2703866308028355. Aborting. There is either an error in your model specification or the true solution is unstable (or the true solution can not be represented in the precision of Float64).
└ @ SciMLBase ~/.julia/packages/SciMLBase/VW1cI/src/integrator_interface.jl:623
┌ Warning: At t=-0.07400067083554208, dt was forced below floating point epsilon -1.3511998411414093e-17, and step error estimate = 1.6905433518371518. Aborting. There is either an error in your model specification or the true solution is unstable (or the true solution can not be represented in the precision of Float64).
└ @ SciMLBase ~/.julia/packages/SciMLBase/VW1cI/src/integrator_interface.jl:623
┌ Warning: Interrupted. Larger maxiters is needed. If you are using an integrator for non-stiff ODEs or an automatic switching algorithm (the default), you may want to consider using a method for stiff equations. See the solver pages for more details (e.g. https://docs.sciml.ai/DiffEqDocs/stable/solvers/ode_solve/#Stiff-Problems).
└ @ SciMLBase ~/.julia/packages/SciMLBase/VW1cI/src/integrator_interface.jl:589
┌ Warning: At t=-0.19882967291720557, dt was forced below floating point epsilon -2.387330125017973e-17, and step error estimate = 5.512682337230516. Aborting. There is either an error in your model specification or the true solution is unstable (or the true solution can not be represented in the precision of Float64).
└ @ SciMLBase ~/.julia/packages/SciMLBase/VW1cI/src/integrator_interface.jl:623
┌ Warning: At t=-0.5622851195035138, dt was forced below floating point epsilon -9.814316388481062e-17, and step error estimate = 1.1965918979693628. Aborting. There is either an error in your model specification or the true solution is unstable (or the true solution can not be represented in the precision of Float64).
└ @ SciMLBase ~/.julia/packages/SciMLBase/VW1cI/src/integrator_interface.jl:623
┌ Warning: At t=-0.07455132585430473, dt was forced below floating point epsilon -1.247388693834017e-17, and step error estimate = 1.012998422832124. Aborting. There is either an error in your model specification or the true solution is unstable (or the true solution can not be represented in the precision of Float64).
└ @ SciMLBase ~/.julia/packages/SciMLBase/VW1cI/src/integrator_interface.jl:623
┌ Warning: At t=-0.07400057501347429, dt was forced below floating point epsilon -1.278697599401541e-17, and step error estimate = 10.438705694867453. Aborting. There is either an error in your model specification or the true solution is unstable (or the true solution can not be represented in the precision of Float64).
└ @ SciMLBase ~/.julia/packages/SciMLBase/VW1cI/src/integrator_interface.jl:623
┌ Warning: At t=-0.10585857278300123, dt was forced below floating point epsilon -1.2381823526485868e-17, and step error estimate = 1.090895241606729. Aborting. There is either an error in your model specification or the true solution is unstable (or the true solution can not be represented in the precision of Float64).
└ @ SciMLBase ~/.julia/packages/SciMLBase/VW1cI/src/integrator_interface.jl:623
┌ Warning: At t=-0.07520511966762015, dt was forced below floating point epsilon -1.2332513311586898e-17, and step error estimate = 1.1353230702955128. Aborting. There is either an error in your model specification or the true solution is unstable (or the true solution can not be represented in the precision of Float64).
└ @ SciMLBase ~/.julia/packages/SciMLBase/VW1cI/src/integrator_interface.jl:623
┌ Warning: At t=-0.07500628468943846, dt was forced below floating point epsilon -1.226715001855652e-17, and step error estimate = 1.197318705110926. Aborting. There is either an error in your model specification or the true solution is unstable (or the true solution can not be represented in the precision of Float64).
└ @ SciMLBase ~/.julia/packages/SciMLBase/VW1cI/src/integrator_interface.jl:623
┌ Warning: Interrupted. Larger maxiters is needed. If you are using an integrator for non-stiff ODEs or an automatic switching algorithm (the default), you may want to consider using a method for stiff equations. See the solver pages for more details (e.g. https://docs.sciml.ai/DiffEqDocs/stable/solvers/ode_solve/#Stiff-Problems).
└ @ SciMLBase ~/.julia/packages/SciMLBase/VW1cI/src/integrator_interface.jl:589
┌ Warning: Interrupted. Larger maxiters is needed. If you are using an integrator for non-stiff ODEs or an automatic switching algorithm (the default), you may want to consider using a method for stiff equations. See the solver pages for more details (e.g. https://docs.sciml.ai/DiffEqDocs/stable/solvers/ode_solve/#Stiff-Problems).
└ @ SciMLBase ~/.julia/packages/SciMLBase/VW1cI/src/integrator_interface.jl:589
┌ Warning: At t=-0.07400366245679538, dt was forced below floating point epsilon -1.2083389514880627e-17, and step error estimate = 1.3924000667666903. Aborting. There is either an error in your model specification or the true solution is unstable (or the true solution can not be represented in the precision of Float64).
└ @ SciMLBase ~/.julia/packages/SciMLBase/VW1cI/src/integrator_interface.jl:623
┌ Warning: Interrupted. Larger maxiters is needed. If you are using an integrator for non-stiff ODEs or an automatic switching algorithm (the default), you may want to consider using a method for stiff equations. See the solver pages for more details (e.g. https://docs.sciml.ai/DiffEqDocs/stable/solvers/ode_solve/#Stiff-Problems).
└ @ SciMLBase ~/.julia/packages/SciMLBase/VW1cI/src/integrator_interface.jl:589
┌ Warning: At t=-0.07400001566564672, dt was forced below floating point epsilon -1.178707811505075e-17, and step error estimate = NaN. Aborting. There is either an error in your model specification or the true solution is unstable (or the true solution can not be represented in the precision of Float64).
└ @ SciMLBase ~/.julia/packages/SciMLBase/VW1cI/src/integrator_interface.jl:623
┌ Warning: At t=-0.35200371114742435, dt was forced below floating point epsilon -4.939169249040997e-17, and step error estimate = 1.432337315847302. Aborting. There is either an error in your model specification or the true solution is unstable (or the true solution can not be represented in the precision of Float64).
└ @ SciMLBase ~/.julia/packages/SciMLBase/VW1cI/src/integrator_interface.jl:623
┌ Warning: At t=-0.07480049092519483, dt was forced below floating point epsilon -1.2478559276281808e-17, and step error estimate = 1.0092120997835003. Aborting. There is either an error in your model specification or the true solution is unstable (or the true solution can not be represented in the precision of Float64).
└ @ SciMLBase ~/.julia/packages/SciMLBase/VW1cI/src/integrator_interface.jl:623
┌ Warning: At t=-0.0835146944533978, dt was forced below floating point epsilon -1.2477823652372491e-17, and step error estimate = 1.0098077019147667. Aborting. There is either an error in your model specification or the true solution is unstable (or the true solution can not be represented in the precision of Float64).
└ @ SciMLBase ~/.julia/packages/SciMLBase/VW1cI/src/integrator_interface.jl:623
┌ Warning: At t=-0.4727303952894693, dt was forced below floating point epsilon -4.269056334097394e-17, and step error estimate = 5.282581724813797. Aborting. There is either an error in your model specification or the true solution is unstable (or the true solution can not be represented in the precision of Float64).
└ @ SciMLBase ~/.julia/packages/SciMLBase/VW1cI/src/integrator_interface.jl:623
┌ Warning: At t=-0.0740000113997804, dt was forced below floating point epsilon -3.92985447579419e-18, and step error estimate = NaN. Aborting. There is either an error in your model specification or the true solution is unstable (or the true solution can not be represented in the precision of Float64).
└ @ SciMLBase ~/.julia/packages/SciMLBase/VW1cI/src/integrator_interface.jl:623
┌ Warning: At t=-0.2712532553259182, dt was forced below floating point epsilon -4.9090354773212515e-17, and step error estimate = 1.1920205563732724. Aborting. There is either an error in your model specification or the true solution is unstable (or the true solution can not be represented in the precision of Float64).
└ @ SciMLBase ~/.julia/packages/SciMLBase/VW1cI/src/integrator_interface.jl:623
┌ Warning: At t=-0.5745366344888824, dt was forced below floating point epsilon -9.921377526789694e-17, and step error estimate = 1.073514109428885. Aborting. There is either an error in your model specification or the true solution is unstable (or the true solution can not be represented in the precision of Float64).
└ @ SciMLBase ~/.julia/packages/SciMLBase/VW1cI/src/integrator_interface.jl:623
┌ Warning: At t=-0.07400006440591958, dt was forced below floating point epsilon -5.551115123125783e-18, and step error estimate = NaN. Aborting. There is either an error in your model specification or the true solution is unstable (or the true solution can not be represented in the precision of Float64).
└ @ SciMLBase ~/.julia/packages/SciMLBase/VW1cI/src/integrator_interface.jl:623
┌ Warning: At t=-0.08976112592845482, dt was forced below floating point epsilon -1.2486055693664427e-17, and step error estimate = 1.0031700111350363. Aborting. There is either an error in your model specification or the true solution is unstable (or the true solution can not be represented in the precision of Float64).
└ @ SciMLBase ~/.julia/packages/SciMLBase/VW1cI/src/integrator_interface.jl:623
┌ Warning: At t=-0.0774123323926459, dt was forced below floating point epsilon -9.627537447854324e-18, and step error estimate = 412.2069593685048. Aborting. There is either an error in your model specification or the true solution is unstable (or the true solution can not be represented in the precision of Float64).
└ @ SciMLBase ~/.julia/packages/SciMLBase/VW1cI/src/integrator_interface.jl:623
┌ Warning: At t=-0.5745219633342954, dt was forced below floating point epsilon -9.924994700023938e-17, and step error estimate = 1.0696074676168081. Aborting. There is either an error in your model specification or the true solution is unstable (or the true solution can not be represented in the precision of Float64).
└ @ SciMLBase ~/.julia/packages/SciMLBase/VW1cI/src/integrator_interface.jl:623
┌ Warning: At t=0.19173744814964866, dt was forced below floating point epsilon 2.7755575615628914e-17, and step error estimate = 53.116686655636144. Aborting. There is either an error in your model specification or the true solution is unstable (or the true solution can not be represented in the precision of Float64).
└ @ SciMLBase ~/.julia/packages/SciMLBase/VW1cI/src/integrator_interface.jl:623
┌ Warning: At t=-0.9729945649344068, dt was forced below floating point epsilon 1.1102230246251565e-16, and step error estimate = 1.3930938207077967. Aborting. There is either an error in your model specification or the true solution is unstable (or the true solution can not be represented in the precision of Float64).
└ @ SciMLBase ~/.julia/packages/SciMLBase/VW1cI/src/integrator_interface.jl:623
┌ Warning: At t=-0.9299362929311619, dt was forced below floating point epsilon 1.1102230246251565e-16, and step error estimate = 1.0958363300799017. Aborting. There is either an error in your model specification or the true solution is unstable (or the true solution can not be represented in the precision of Float64).
└ @ SciMLBase ~/.julia/packages/SciMLBase/VW1cI/src/integrator_interface.jl:623
┌ Warning: At t=-0.6824286458019981, dt was forced below floating point epsilon 1.1102230246251565e-16, and step error estimate = 1.2408091996431994. Aborting. There is either an error in your model specification or the true solution is unstable (or the true solution can not be represented in the precision of Float64).
└ @ SciMLBase ~/.julia/packages/SciMLBase/VW1cI/src/integrator_interface.jl:623
┌ Warning: At t=-0.07399999758314929, dt was forced below floating point epsilon 1.3877787807814457e-17, and step error estimate = NaN. Aborting. There is either an error in your model specification or the true solution is unstable (or the true solution can not be represented in the precision of Float64).
└ @ SciMLBase ~/.julia/packages/SciMLBase/VW1cI/src/integrator_interface.jl:623
┌ Warning: At t=-0.998, dt was forced below floating point epsilon 1.1102230246251565e-16, and step error estimate = 1.2381137581101829. Aborting. There is either an error in your model specification or the true solution is unstable (or the true solution can not be represented in the precision of Float64).
└ @ SciMLBase ~/.julia/packages/SciMLBase/VW1cI/src/integrator_interface.jl:623
┌ Warning: At t=-0.9529151925243575, dt was forced below floating point epsilon 1.1102230246251565e-16, and step error estimate = 1.2738463230063186. Aborting. There is either an error in your model specification or the true solution is unstable (or the true solution can not be represented in the precision of Float64).
└ @ SciMLBase ~/.julia/packages/SciMLBase/VW1cI/src/integrator_interface.jl:623
┌ Warning: At t=0.11867615015502178, dt was forced below floating point epsilon 1.3877787807814457e-17, and step error estimate = 28.498130945086057. Aborting. There is either an error in your model specification or the true solution is unstable (or the true solution can not be represented in the precision of Float64).
└ @ SciMLBase ~/.julia/packages/SciMLBase/VW1cI/src/integrator_interface.jl:623
┌ Warning: At t=-0.9965980551884532, dt was forced below floating point epsilon 1.1102230246251565e-16, and step error estimate = 1.2861097135600588. Aborting. There is either an error in your model specification or the true solution is unstable (or the true solution can not be represented in the precision of Float64).
└ @ SciMLBase ~/.julia/packages/SciMLBase/VW1cI/src/integrator_interface.jl:623
┌ Warning: At t=-0.9445001490448943, dt was forced below floating point epsilon 1.1102230246251565e-16, and step error estimate = NaN. Aborting. There is either an error in your model specification or the true solution is unstable (or the true solution can not be represented in the precision of Float64).
└ @ SciMLBase ~/.julia/packages/SciMLBase/VW1cI/src/integrator_interface.jl:623
┌ Warning: At t=-0.998, dt was forced below floating point epsilon 1.1102230246251565e-16, and step error estimate = 2293.779018989864. Aborting. There is either an error in your model specification or the true solution is unstable (or the true solution can not be represented in the precision of Float64).
└ @ SciMLBase ~/.julia/packages/SciMLBase/VW1cI/src/integrator_interface.jl:623
┌ Warning: At t=-0.07396991952783652, dt was forced below floating point epsilon 1.3877787807814457e-17, and step error estimate = 1.7947383668485632. Aborting. There is either an error in your model specification or the true solution is unstable (or the true solution can not be represented in the precision of Float64).
└ @ SciMLBase ~/.julia/packages/SciMLBase/VW1cI/src/integrator_interface.jl:623
┌ Warning: At t=0.9182283956842695, dt was forced below floating point epsilon 1.1102230246251565e-16, and step error estimate = 1.295549008871297. Aborting. There is either an error in your model specification or the true solution is unstable (or the true solution can not be represented in the precision of Float64).
└ @ SciMLBase ~/.julia/packages/SciMLBase/VW1cI/src/integrator_interface.jl:623
┌ Warning: At t=-0.538175312351579, dt was forced below floating point epsilon 1.1102230246251565e-16, and step error estimate = NaN. Aborting. There is either an error in your model specification or the true solution is unstable (or the true solution can not be represented in the precision of Float64).
└ @ SciMLBase ~/.julia/packages/SciMLBase/VW1cI/src/integrator_interface.jl:623
┌ Warning: At t=-0.07399594596162451, dt was forced below floating point epsilon 1.3877787807814457e-17, and step error estimate = NaN. Aborting. There is either an error in your model specification or the true solution is unstable (or the true solution can not be represented in the precision of Float64).
└ @ SciMLBase ~/.julia/packages/SciMLBase/VW1cI/src/integrator_interface.jl:623
┌ Warning: At t=-0.9767836076792646, dt was forced below floating point epsilon 1.1102230246251565e-16, and step error estimate = 1.3917862546996616. Aborting. There is either an error in your model specification or the true solution is unstable (or the true solution can not be represented in the precision of Float64).
└ @ SciMLBase ~/.julia/packages/SciMLBase/VW1cI/src/integrator_interface.jl:623
┌ Warning: At t=-0.998, dt was forced below floating point epsilon 1.1102230246251565e-16, and step error estimate = 21.32396467762902. Aborting. There is either an error in your model specification or the true solution is unstable (or the true solution can not be represented in the precision of Float64).
└ @ SciMLBase ~/.julia/packages/SciMLBase/VW1cI/src/integrator_interface.jl:623
┌ Warning: At t=-0.8034528835189086, dt was forced below floating point epsilon 1.1102230246251565e-16, and step error estimate = 1.256373811410189. Aborting. There is either an error in your model specification or the true solution is unstable (or the true solution can not be represented in the precision of Float64).
└ @ SciMLBase ~/.julia/packages/SciMLBase/VW1cI/src/integrator_interface.jl:623
┌ Warning: At t=-0.2056161751438558, dt was forced below floating point epsilon 2.7755575615628914e-17, and step error estimate = 1.0985208373637776. Aborting. There is either an error in your model specification or the true solution is unstable (or the true solution can not be represented in the precision of Float64).
└ @ SciMLBase ~/.julia/packages/SciMLBase/VW1cI/src/integrator_interface.jl:623
┌ Warning: At t=-0.4427792142452119, dt was forced below floating point epsilon 5.551115123125783e-17, and step error estimate = NaN. Aborting. There is either an error in your model specification or the true solution is unstable (or the true solution can not be represented in the precision of Float64).
└ @ SciMLBase ~/.julia/packages/SciMLBase/VW1cI/src/integrator_interface.jl:623
┌ Warning: At t=-0.8731701028841067, dt was forced below floating point epsilon 1.1102230246251565e-16, and step error estimate = NaN. Aborting. There is either an error in your model specification or the true solution is unstable (or the true solution can not be represented in the precision of Float64).
└ @ SciMLBase ~/.julia/packages/SciMLBase/VW1cI/src/integrator_interface.jl:623
┌ Warning: At t=-0.07399988007944763, dt was forced below floating point epsilon 1.3877787807814457e-17, and step error estimate = NaN. Aborting. There is either an error in your model specification or the true solution is unstable (or the true solution can not be represented in the precision of Float64).
└ @ SciMLBase ~/.julia/packages/SciMLBase/VW1cI/src/integrator_interface.jl:623
┌ Warning: At t=-0.07399995772703427, dt was forced below floating point epsilon 1.3877787807814457e-17, and step error estimate = NaN. Aborting. There is either an error in your model specification or the true solution is unstable (or the true solution can not be represented in the precision of Float64).
└ @ SciMLBase ~/.julia/packages/SciMLBase/VW1cI/src/integrator_interface.jl:623
┌ Warning: At t=-0.5096576425013896, dt was forced below floating point epsilon 1.1102230246251565e-16, and step error estimate = 1.2277155701396134. Aborting. There is either an error in your model specification or the true solution is unstable (or the true solution can not be represented in the precision of Float64).
└ @ SciMLBase ~/.julia/packages/SciMLBase/VW1cI/src/integrator_interface.jl:623
┌ Warning: At t=-0.998, dt was forced below floating point epsilon 1.1102230246251565e-16, and step error estimate = 387638.86899571185. Aborting. There is either an error in your model specification or the true solution is unstable (or the true solution can not be represented in the precision of Float64).
└ @ SciMLBase ~/.julia/packages/SciMLBase/VW1cI/src/integrator_interface.jl:623
┌ Warning: At t=-0.998, dt was forced below floating point epsilon 1.1102230246251565e-16, and step error estimate = 420697.9546951711. Aborting. There is either an error in your model specification or the true solution is unstable (or the true solution can not be represented in the precision of Float64).
└ @ SciMLBase ~/.julia/packages/SciMLBase/VW1cI/src/integrator_interface.jl:623
┌ Warning: At t=-0.998, dt was forced below floating point epsilon 1.1102230246251565e-16, and step error estimate = 439724.6022855366. Aborting. There is either an error in your model specification or the true solution is unstable (or the true solution can not be represented in the precision of Float64).
└ @ SciMLBase ~/.julia/packages/SciMLBase/VW1cI/src/integrator_interface.jl:623
┌ Warning: At t=-0.07399030949747867, dt was forced below floating point epsilon 1.3877787807814457e-17, and step error estimate = NaN. Aborting. There is either an error in your model specification or the true solution is unstable (or the true solution can not be represented in the precision of Float64).
└ @ SciMLBase ~/.julia/packages/SciMLBase/VW1cI/src/integrator_interface.jl:623
┌ Warning: At t=-0.997999999999432, dt was forced below floating point epsilon 1.1102230246251565e-16, and step error estimate = NaN. Aborting. There is either an error in your model specification or the true solution is unstable (or the true solution can not be represented in the precision of Float64).
└ @ SciMLBase ~/.julia/packages/SciMLBase/VW1cI/src/integrator_interface.jl:623
┌ Warning: At t=-0.6701575515426444, dt was forced below floating point epsilon 1.1102230246251565e-16, and step error estimate = 1.3011694518513743. Aborting. There is either an error in your model specification or the true solution is unstable (or the true solution can not be represented in the precision of Float64).
└ @ SciMLBase ~/.julia/packages/SciMLBase/VW1cI/src/integrator_interface.jl:623
┌ Warning: At t=-0.07399930058597602, dt was forced below floating point epsilon 1.3877787807814457e-17, and step error estimate = NaN. Aborting. There is either an error in your model specification or the true solution is unstable (or the true solution can not be represented in the precision of Float64).
└ @ SciMLBase ~/.julia/packages/SciMLBase/VW1cI/src/integrator_interface.jl:623
┌ Warning: At t=-0.998, dt was forced below floating point epsilon 1.1102230246251565e-16, and step error estimate = 385997.3342590017. Aborting. There is either an error in your model specification or the true solution is unstable (or the true solution can not be represented in the precision of Float64).
└ @ SciMLBase ~/.julia/packages/SciMLBase/VW1cI/src/integrator_interface.jl:623
┌ Warning: At t=-0.998, dt was forced below floating point epsilon 1.1102230246251565e-16, and step error estimate = 386199.16092938517. Aborting. There is either an error in your model specification or the true solution is unstable (or the true solution can not be represented in the precision of Float64).
└ @ SciMLBase ~/.julia/packages/SciMLBase/VW1cI/src/integrator_interface.jl:623
┌ Warning: At t=-0.07399999192600044, dt was forced below floating point epsilon 1.3877787807814457e-17, and step error estimate = NaN. Aborting. There is either an error in your model specification or the true solution is unstable (or the true solution can not be represented in the precision of Float64).
└ @ SciMLBase ~/.julia/packages/SciMLBase/VW1cI/src/integrator_interface.jl:623
┌ Warning: At t=-0.5992555164912401, dt was forced below floating point epsilon 1.1102230246251565e-16, and step error estimate = NaN. Aborting. There is either an error in your model specification or the true solution is unstable (or the true solution can not be represented in the precision of Float64).
└ @ SciMLBase ~/.julia/packages/SciMLBase/VW1cI/src/integrator_interface.jl:623
┌ Warning: At t=-0.998, dt was forced below floating point epsilon 1.1102230246251565e-16, and step error estimate = NaN. Aborting. There is either an error in your model specification or the true solution is unstable (or the true solution can not be represented in the precision of Float64).
└ @ SciMLBase ~/.julia/packages/SciMLBase/VW1cI/src/integrator_interface.jl:623
┌ Warning: At t=-0.998, dt was forced below floating point epsilon 1.1102230246251565e-16, and step error estimate = 22.384917306771833. Aborting. There is either an error in your model specification or the true solution is unstable (or the true solution can not be represented in the precision of Float64).
└ @ SciMLBase ~/.julia/packages/SciMLBase/VW1cI/src/integrator_interface.jl:623
┌ Warning: At t=-0.998, dt was forced below floating point epsilon 1.1102230246251565e-16, and step error estimate = NaN. Aborting. There is either an error in your model specification or the true solution is unstable (or the true solution can not be represented in the precision of Float64).
└ @ SciMLBase ~/.julia/packages/SciMLBase/VW1cI/src/integrator_interface.jl:623
┌ Warning: At t=-0.0732807249445022, dt was forced below floating point epsilon 1.3877787807814457e-17, and step error estimate = 1.0766338073599513. Aborting. There is either an error in your model specification or the true solution is unstable (or the true solution can not be represented in the precision of Float64).
└ @ SciMLBase ~/.julia/packages/SciMLBase/VW1cI/src/integrator_interface.jl:623
┌ Warning: At t=-0.838882091218103, dt was forced below floating point epsilon 1.1102230246251565e-16, and step error estimate = 1.1682595797201738. Aborting. There is either an error in your model specification or the true solution is unstable (or the true solution can not be represented in the precision of Float64).
└ @ SciMLBase ~/.julia/packages/SciMLBase/VW1cI/src/integrator_interface.jl:623
┌ Warning: At t=-0.07355086319299256, dt was forced below floating point epsilon 1.3877787807814457e-17, and step error estimate = 1.0512298879920747. Aborting. There is either an error in your model specification or the true solution is unstable (or the true solution can not be represented in the precision of Float64).
└ @ SciMLBase ~/.julia/packages/SciMLBase/VW1cI/src/integrator_interface.jl:623
┌ Warning: At t=-0.998, dt was forced below floating point epsilon 1.1102230246251565e-16, and step error estimate = 127.5064184525231. Aborting. There is either an error in your model specification or the true solution is unstable (or the true solution can not be represented in the precision of Float64).
└ @ SciMLBase ~/.julia/packages/SciMLBase/VW1cI/src/integrator_interface.jl:623
LinearAlgebra.PosDefException(3)
LinearAlgebra.PosDefException(3)
LinearAlgebra.PosDefException(3)
LinearAlgebra.PosDefException(5)
LinearAlgebra.PosDefException(3)
LinearAlgebra.PosDefException(5)
LinearAlgebra.PosDefException(84)
LinearAlgebra.PosDefException(2)
LinearAlgebra.PosDefException(3)
LinearAlgebra.PosDefException(6)
LinearAlgebra.PosDefException(2)
LinearAlgebra.PosDefException(2)
LinearAlgebra.PosDefException(3)
LinearAlgebra.PosDefException(6)
LinearAlgebra.PosDefException(86)
LinearAlgebra.PosDefException(2)
LinearAlgebra.PosDefException(2)
LinearAlgebra.PosDefException(2)
LinearAlgebra.PosDefException(2)
LinearAlgebra.PosDefException(2)
LinearAlgebra.PosDefException(4)
LinearAlgebra.PosDefException(4)
LinearAlgebra.PosDefException(4)
LinearAlgebra.PosDefException(33)
LinearAlgebra.PosDefException(6)
LinearAlgebra.PosDefException(2)
LinearAlgebra.PosDefException(3)
LinearAlgebra.PosDefException(4)
LinearAlgebra.PosDefException(5)
LinearAlgebra.PosDefException(6)
LinearAlgebra.PosDefException(13)
LinearAlgebra.PosDefException(153)
LinearAlgebra.PosDefException(565)
LinearAlgebra.PosDefException(18)
LinearAlgebra.PosDefException(122)
LinearAlgebra.PosDefException(318)
LinearAlgebra.PosDefException(654)
LinearAlgebra.PosDefException(4)
LinearAlgebra.PosDefException(5)
LinearAlgebra.PosDefException(5)
LinearAlgebra.PosDefException(22)
LinearAlgebra.PosDefException(91)
LinearAlgebra.PosDefException(270)
LinearAlgebra.PosDefException(435)
LinearAlgebra.PosDefException(715)
LinearAlgebra.PosDefException(5)
LinearAlgebra.PosDefException(4)
LinearAlgebra.PosDefException(4)
LinearAlgebra.PosDefException(18)
LinearAlgebra.PosDefException(92)
LinearAlgebra.PosDefException(240)
LinearAlgebra.PosDefException(359)
LinearAlgebra.PosDefException(480)
LinearAlgebra.PosDefException(606)
LinearAlgebra.PosDefException(738)
LinearAlgebra.PosDefException(906)
LinearAlgebra.PosDefException(934)
LinearAlgebra.PosDefException(5)
LinearAlgebra.PosDefException(3)
LinearAlgebra.PosDefException(5)
LinearAlgebra.PosDefException(5)
LinearAlgebra.PosDefException(4)
LinearAlgebra.PosDefException(4)
LinearAlgebra.PosDefException(6)
LinearAlgebra.PosDefException(13)
LinearAlgebra.PosDefException(103)
LinearAlgebra.PosDefException(172)
LinearAlgebra.PosDefException(318)
LinearAlgebra.PosDefException(378)
LinearAlgebra.PosDefException(803)
LinearAlgebra.PosDefException(992)
LinearAlgebra.PosDefException(953)
LinearAlgebra.PosDefException(901)
LinearAlgebra.PosDefException(3)
LinearAlgebra.PosDefException(2)
LinearAlgebra.PosDefException(3)
LinearAlgebra.PosDefException(7)
LinearAlgebra.PosDefException(6)
LinearAlgebra.PosDefException(4)
LinearAlgebra.PosDefException(93)
LinearAlgebra.PosDefException(2)
LinearAlgebra.PosDefException(2)
LinearAlgebra.PosDefException(3)
LinearAlgebra.PosDefException(2)
LinearAlgebra.PosDefException(2)
LinearAlgebra.PosDefException(4)
LinearAlgebra.PosDefException(7)
LinearAlgebra.PosDefException(88)
LinearAlgebra.PosDefException(3)
LinearAlgebra.PosDefException(2)
LinearAlgebra.PosDefException(2)
LinearAlgebra.PosDefException(6)
LinearAlgebra.PosDefException(2)
LinearAlgebra.PosDefException(4)
LinearAlgebra.PosDefException(3)
LinearAlgebra.PosDefException(4)
LinearAlgebra.PosDefException(5)
LinearAlgebra.PosDefException(269)
LinearAlgebra.PosDefException(2)
LinearAlgebra.PosDefException(3)
LinearAlgebra.PosDefException(2)
LinearAlgebra.PosDefException(3)
LinearAlgebra.PosDefException(5)
LinearAlgebra.PosDefException(3)
LinearAlgebra.PosDefException(4)
LinearAlgebra.PosDefException(4)
LinearAlgebra.PosDefException(8)
LinearAlgebra.PosDefException(141)
LinearAlgebra.PosDefException(1)
LinearAlgebra.PosDefException(1)
LinearAlgebra.PosDefException(5)
LinearAlgebra.PosDefException(8)
LinearAlgebra.PosDefException(247)
LinearAlgebra.PosDefException(7)
LinearAlgebra.PosDefException(33)
LinearAlgebra.PosDefException(130)
LinearAlgebra.PosDefException(868)
LinearAlgebra.PosDefException(1)
LinearAlgebra.PosDefException(1)
LinearAlgebra.PosDefException(2)
LinearAlgebra.PosDefException(3)
LinearAlgebra.PosDefException(5)
LinearAlgebra.PosDefException(7)
LinearAlgebra.PosDefException(4)
LinearAlgebra.PosDefException(5)
LinearAlgebra.PosDefException(4)
LinearAlgebra.PosDefException(8)
LinearAlgebra.PosDefException(51)
LinearAlgebra.PosDefException(158)
LinearAlgebra.PosDefException(398)
LinearAlgebra.PosDefException(2)
LinearAlgebra.PosDefException(2)
LinearAlgebra.PosDefException(2)
LinearAlgebra.PosDefException(5)
LinearAlgebra.PosDefException(4)
LinearAlgebra.PosDefException(5)
LinearAlgebra.PosDefException(94)
LinearAlgebra.PosDefException(2)
LinearAlgebra.PosDefException(2)
LinearAlgebra.PosDefException(2)
LinearAlgebra.PosDefException(2)
LinearAlgebra.PosDefException(2)
LinearAlgebra.PosDefException(3)
LinearAlgebra.PosDefException(4)
LinearAlgebra.PosDefException(87)
LinearAlgebra.PosDefException(2)
LinearAlgebra.PosDefException(2)
LinearAlgebra.PosDefException(2)
LinearAlgebra.PosDefException(2)
LinearAlgebra.PosDefException(2)
LinearAlgebra.PosDefException(4)
LinearAlgebra.PosDefException(4)
LinearAlgebra.PosDefException(5)
LinearAlgebra.PosDefException(34)
LinearAlgebra.PosDefException(3)
LinearAlgebra.PosDefException(6)
LinearAlgebra.PosDefException(3)
LinearAlgebra.PosDefException(5)
LinearAlgebra.PosDefException(4)
LinearAlgebra.PosDefException(6)
LinearAlgebra.PosDefException(26)
LinearAlgebra.PosDefException(170)
LinearAlgebra.PosDefException(622)
LinearAlgebra.PosDefException(6)
LinearAlgebra.PosDefException(14)
LinearAlgebra.PosDefException(96)
LinearAlgebra.PosDefException(302)
LinearAlgebra.PosDefException(625)
LinearAlgebra.PosDefException(34)
LinearAlgebra.PosDefException(139)
LinearAlgebra.PosDefException(306)
LinearAlgebra.PosDefException(494)
LinearAlgebra.PosDefException(955)
LinearAlgebra.PosDefException(389)
LinearAlgebra.PosDefException(538)
LinearAlgebra.PosDefException(800)
LinearAlgebra.PosDefException(357)
LinearAlgebra.PosDefException(515)
LinearAlgebra.PosDefException(692)
LinearAlgebra.PosDefException(2)
LinearAlgebra.PosDefException(2)
LinearAlgebra.PosDefException(2)
LinearAlgebra.PosDefException(5)
LinearAlgebra.PosDefException(5)
LinearAlgebra.PosDefException(4)
LinearAlgebra.PosDefException(91)
LinearAlgebra.PosDefException(3)
LinearAlgebra.PosDefException(3)
LinearAlgebra.PosDefException(2)
LinearAlgebra.PosDefException(2)
LinearAlgebra.PosDefException(2)
LinearAlgebra.PosDefException(3)
LinearAlgebra.PosDefException(4)
LinearAlgebra.PosDefException(88)
LinearAlgebra.PosDefException(2)
LinearAlgebra.PosDefException(2)
LinearAlgebra.PosDefException(3)
LinearAlgebra.PosDefException(2)
LinearAlgebra.PosDefException(2)
LinearAlgebra.PosDefException(5)
LinearAlgebra.PosDefException(3)
LinearAlgebra.PosDefException(5)
LinearAlgebra.PosDefException(5)
LinearAlgebra.PosDefException(289)
LinearAlgebra.PosDefException(6)
LinearAlgebra.PosDefException(2)
LinearAlgebra.PosDefException(3)
LinearAlgebra.PosDefException(4)
LinearAlgebra.PosDefException(4)
LinearAlgebra.PosDefException(4)
LinearAlgebra.PosDefException(49)
LinearAlgebra.PosDefException(535)
LinearAlgebra.PosDefException(2)
LinearAlgebra.PosDefException(3)
LinearAlgebra.PosDefException(3)
LinearAlgebra.PosDefException(3)
LinearAlgebra.PosDefException(5)
LinearAlgebra.PosDefException(6)
LinearAlgebra.PosDefException(5)
LinearAlgebra.PosDefException(5)
LinearAlgebra.PosDefException(42)
LinearAlgebra.PosDefException(185)
LinearAlgebra.PosDefException(3)
LinearAlgebra.PosDefException(3)
LinearAlgebra.PosDefException(6)
LinearAlgebra.PosDefException(6)
LinearAlgebra.PosDefException(4)
LinearAlgebra.PosDefException(4)
LinearAlgebra.PosDefException(85)
LinearAlgebra.PosDefException(2)
LinearAlgebra.PosDefException(3)
LinearAlgebra.PosDefException(3)
LinearAlgebra.PosDefException(3)
LinearAlgebra.PosDefException(2)
LinearAlgebra.PosDefException(3)
LinearAlgebra.PosDefException(4)
LinearAlgebra.PosDefException(88)
LinearAlgebra.PosDefException(3)
LinearAlgebra.PosDefException(2)
LinearAlgebra.PosDefException(2)
LinearAlgebra.PosDefException(2)
LinearAlgebra.PosDefException(2)
LinearAlgebra.PosDefException(3)
LinearAlgebra.PosDefException(4)
LinearAlgebra.PosDefException(4)
LinearAlgebra.PosDefException(27)
LinearAlgebra.PosDefException(2)
LinearAlgebra.PosDefException(3)
LinearAlgebra.PosDefException(5)
LinearAlgebra.PosDefException(4)
LinearAlgebra.PosDefException(10)
LinearAlgebra.PosDefException(62)
LinearAlgebra.PosDefException(296)
LinearAlgebra.PosDefException(4)
LinearAlgebra.PosDefException(9)
LinearAlgebra.PosDefException(51)
LinearAlgebra.PosDefException(194)
LinearAlgebra.PosDefException(351)
LinearAlgebra.PosDefException(565)
LinearAlgebra.PosDefException(66)
LinearAlgebra.PosDefException(176)
LinearAlgebra.PosDefException(324)
LinearAlgebra.PosDefException(449)
LinearAlgebra.PosDefException(560)
LinearAlgebra.PosDefException(719)
LinearAlgebra.PosDefException(873)
LinearAlgebra.PosDefException(3)
LinearAlgebra.PosDefException(2)
LinearAlgebra.PosDefException(3)
LinearAlgebra.PosDefException(6)
LinearAlgebra.PosDefException(6)
LinearAlgebra.PosDefException(4)
LinearAlgebra.PosDefException(93)
LinearAlgebra.PosDefException(2)
LinearAlgebra.PosDefException(2)
LinearAlgebra.PosDefException(2)
LinearAlgebra.PosDefException(2)
LinearAlgebra.PosDefException(2)
LinearAlgebra.PosDefException(3)
LinearAlgebra.PosDefException(4)
LinearAlgebra.PosDefException(83)
LinearAlgebra.PosDefException(2)
LinearAlgebra.PosDefException(6)
LinearAlgebra.PosDefException(2)
LinearAlgebra.PosDefException(2)
LinearAlgebra.PosDefException(6)
LinearAlgebra.PosDefException(3)
LinearAlgebra.PosDefException(3)
LinearAlgebra.PosDefException(5)
LinearAlgebra.PosDefException(4)
LinearAlgebra.PosDefException(352)
LinearAlgebra.PosDefException(2)
LinearAlgebra.PosDefException(2)
LinearAlgebra.PosDefException(2)
LinearAlgebra.PosDefException(2)
LinearAlgebra.PosDefException(3)
LinearAlgebra.PosDefException(7)
LinearAlgebra.PosDefException(5)
LinearAlgebra.PosDefException(5)
LinearAlgebra.PosDefException(40)
LinearAlgebra.PosDefException(1)
LinearAlgebra.PosDefException(1)
LinearAlgebra.PosDefException(1)
LinearAlgebra.PosDefException(2)
LinearAlgebra.PosDefException(2)
LinearAlgebra.PosDefException(2)
LinearAlgebra.PosDefException(3)
LinearAlgebra.PosDefException(3)
LinearAlgebra.PosDefException(5)
LinearAlgebra.PosDefException(4)
LinearAlgebra.PosDefException(4)
LinearAlgebra.PosDefException(37)
LinearAlgebra.PosDefException(168)
LinearAlgebra.PosDefException(487)
LinearAlgebra.PosDefException(4)
LinearAlgebra.PosDefException(8)
LinearAlgebra.PosDefException(45)
LinearAlgebra.PosDefException(175)
LinearAlgebra.PosDefException(359)
LinearAlgebra.PosDefException(606)
LinearAlgebra.PosDefException(1)
LinearAlgebra.PosDefException(1)
LinearAlgebra.PosDefException(1)
LinearAlgebra.PosDefException(1)
Optimization did not improve residual (initial: 1.7593572557343706e-18, final: 1.7593572557343706e-18)
Optimization did not improve residual (initial: 7.825833716902064e-18, final: 7.825833716902064e-18)
Optimization improved residual by 0.02912551564794078 (from 0.029125515647955635 to 1.485605553593381e-14)
Optimization improved residual by 0.08795893571325653 (from 0.08795893571382958 to 5.730605242478381e-13)
Optimization did not improve residual (initial: 3.936515701888223e-18, final: 3.936515701888223e-18)
Optimization did not improve residual (initial: 8.263726488022163e-18, final: 8.263726488022163e-18)
Optimization improved residual by 0.002867803576527282 (from 0.0028678035767181792 to 1.9089742612449696e-13)
Optimization improved residual by 0.00950016513457618 (from 0.009500165135193089 to 6.16908599774536e-13)
Optimization improved residual by 0.00031965034862261286 (from 0.0003196503487121781 to 8.956525181942673e-14)
Optimization improved residual by 7.465842001111316e-5 (from 7.465842075376976e-5 to 7.426566006262192e-13)
Optimization improved residual by 0.08795893571379773 (from 0.08795893571382958 to 3.185341393773421e-14)
Optimization did not improve residual (initial: 2.61300832526282e-18, final: 2.61300832526282e-18)
Optimization improved residual by 0.052806350198533074 (from 0.0528063501985924 to 5.932880232744148e-14)
Optimization improved residual by 0.016794790255005417 (from 0.016794790255129293 to 1.238769227036745e-13)
Optimization did not improve residual (initial: 2.9277350795864935e-15, final: 2.9277350795864935e-15)
Optimization improved residual by 8.170624134915296e-20 (from 2.8935430931761376e-19 to 2.076480679684608e-19)
Optimization did not improve residual (initial: 1.6306948040754756e-17, final: 1.6306948040754756e-17)
Optimization improved residual by 0.008007168353349532 (from 0.008007168353582186 to 2.326543643700051e-13)
Optimization improved residual by 0.0005669230250150146 (from 0.0005669230257524881 to 7.37473600827174e-13)
Optimization did not improve residual (initial: 2.99799959430678e-17, final: 2.99799959430678e-17)
Optimization did not improve residual (initial: 2.37079771028931e-17, final: 2.37079771028931e-17)
Optimization did not improve residual (initial: 1.9605639323876765e-17, final: 1.9605639323876765e-17)
Optimization improved residual by 0.001294847986488387 (from 0.0012948479864991773 to 1.0790188851243319e-14)
Optimization improved residual by 0.00014109349782717102 (from 0.00014109349869220148 to 8.650304672197206e-13)
Optimization improved residual by 0.008007168353568437 (from 0.008007168353582186 to 1.3748945234878684e-14)
Optimization improved residual by 3.3979252175985105e-5 (from 3.397925289859906e-5 to 7.226139597842497e-13)
Optimization did not improve residual (initial: 4.732994388561154e-20, final: 4.732994388561154e-20)
Optimization improved residual by 0.00039838873454407623 (from 0.0003983887348586496 to 3.1457332188665953e-13)
Optimization improved residual by 8.377871119992356e-5 (from 8.377871126693997e-5 to 6.701640042521168e-14)
Optimization improved residual by 0.002037995495798805 (from 0.002037995495817991 to 1.9186256916728818e-14)
Optimization improved residual by 1.3511688298153424e-5 (from 1.3511688325660765e-5 to 2.750734030355152e-14)
Optimization improved residual by 1.6621338845689543e-5 (from 1.6621339328065652e-5 to 4.823761099760696e-13)
Optimization did not improve residual (initial: 1.9444346104905997e-18, final: 1.9444346104905997e-18)
Optimization did not improve residual (initial: 3.0561213134582938e-18, final: 3.0561213134582938e-18)
Optimization did not improve residual (initial: 8.832325441694855e-18, final: 8.832325441694855e-18)
Optimization improved residual by 0.00015682993912882805 (from 0.0001568299394187217 to 2.8989364864552504e-13)
Optimization improved residual by 0.0003421441173954156 (from 0.0003421441176679564 to 2.725407798657391e-13)
Optimization did not improve residual (initial: 1.2070691131370311e-16, final: 1.2070691131370311e-16)
Optimization improved residual by 0.018140018600016846 (from 0.018140018600431046 to 4.142006002305414e-13)
Optimization improved residual by 0.000344617525289177 (from 0.00034461752571400035 to 4.2482335623155466e-13)
Optimization improved residual by 0.2978422322377358 (from 0.29784223223859957 to 8.637274724110002e-13)
Optimization improved residual by 0.0003264154952733173 (from 0.00032641549530040343 to 2.7086128532829432e-14)
Optimization improved residual by 0.00014109349794956292 (from 0.00014109349869220148 to 7.426385571831562e-13)
Optimization improved residual by 7.208380612727934e-5 (from 7.208380620398879e-5 to 7.670944532064062e-14)
Optimization improved residual by 0.027121889036651806 (from 0.02712188903726626 to 6.144538475453464e-13)
Optimization improved residual by 1.1293267692513206e-5 (from 1.1293267696875951e-5 to 4.3627451570321895e-15)
Optimization improved residual by 0.001602256768762086 (from 0.001602256768964239 to 2.021531459104392e-13)
Optimization improved residual by 0.0074537788010037125 (from 0.0074537788010171895 to 1.3477302446474315e-14)
Optimization improved residual by 6.142787569635286e-7 (from 6.142797151201942e-7 to 9.581566655577383e-13)
Optimization improved residual by 0.018140018600430886 (from 0.018140018600431043 to 1.572661088411436e-16)
Optimization did not improve residual (initial: 5.353150365563593e-18, final: 5.353150365563593e-18)
Optimization improved residual by 0.2978422322377358 (from 0.29784223223859957 to 8.637274724110002e-13)
Optimization improved residual by 6.173782618942312e-5 (from 6.173782651092992e-5 to 3.215068068164798e-13)
Optimization did not improve residual (initial: 1.4247019000323938e-17, final: 1.4247019000323938e-17)
Optimization improved residual by 0.01067645224044378 (from 0.010676452240446938 to 3.157492027804731e-15)
Optimization improved residual by 0.018535467643121993 (from 0.018535467643136492 to 1.449713828883363e-14)
Optimization improved residual by 0.018140018600016846 (from 0.018140018600431046 to 4.142006002305414e-13)
Optimization improved residual by 0.024065117164268603 (from 0.024065117164311464 to 4.2859980678250045e-14)
Optimization did not improve residual (initial: 7.926129316240509e-20, final: 7.926129316240509e-20)
Optimization improved residual by 0.00013994111096394618 (from 0.00013994111097745073 to 1.3504551008227794e-14)
Optimization improved residual by 0.00073285537880381 (from 0.0007328553790321461 to 2.2833609421989517e-13)
Optimization did not improve residual (initial: 6.566673069151514e-18, final: 6.566673069151514e-18)
Optimization improved residual by 9.030708026451285e-6 (from 9.030708050225874e-6 to 2.3774588946862803e-14)
Optimization improved residual by 0.007373509078033542 (from 0.007373509079002862 to 9.693203090261122e-13)
Optimization improved residual by 0.05280635019857897 (from 0.0528063501985924 to 1.3432071088095913e-14)
Optimization did not improve residual (initial: 1.3634111329300243e-17, final: 1.3634111329300243e-17)
Optimization did not improve residual (initial: 6.169738682006161e-18, final: 6.169738682006161e-18)
Optimization did not improve residual (initial: 3.9669951323025515e-16, final: 3.9669951323025515e-16)
Optimization improved residual by 0.0016022567689595176 (from 0.001602256768964239 to 4.721421845470095e-15)
Optimization did not improve residual (initial: 4.815664310431367e-17, final: 4.815664310431367e-17)
Optimization improved residual by 0.0001394665299759163 (from 0.00013946653075243808 to 7.765217669568039e-13)
Optimization improved residual by 7.558495178224257e-5 (from 7.558495210060621e-5 to 3.1836365204769485e-13)
Optimization improved residual by 0.0022002707276989487 (from 0.002200270728500384 to 8.014351881632002e-13)
Optimization improved residual by 0.024065117164304223 (from 0.024065117164311468 to 7.243438292777297e-15)
Optimization improved residual by 0.016794790254688156 (from 0.016794790255129293 to 4.4113657280626705e-13)
Optimization improved residual by 0.0010969764936748258 (from 0.0010969764943564175 to 6.8159162057529e-13)
Optimization improved residual by 0.019846069159787934 (from 0.019846069160688404 to 9.004692137755326e-13)
Optimization improved residual by 0.0012636271925825946 (from 0.0012636271926384662 to 5.5871609454828004e-14)
Optimization did not improve residual (initial: 2.3317814667080285e-15, final: 2.3317814667080285e-15)
Optimization improved residual by 0.002521816615365367 (from 0.0025218166155410743 to 1.7570765881726684e-13)
Optimization improved residual by 0.0022002707278672017 (from 0.002200270728500384 to 6.331822654651088e-13)








































































