┌ Warning: Optimization did not converge. RetCode: MaxIters
└ @ ODEParameterEstimation ~/ODEParameterEstimation/src/core/solvers/homotopy_continuation.jl:778
┌ Warning: Optimization did not converge. RetCode: MaxIters
└ @ ODEParameterEstimation ~/ODEParameterEstimation/src/core/solvers/homotopy_continuation.jl:778
┌ Warning: Optimization did not converge. RetCode: MaxIters
└ @ ODEParameterEstimation ~/ODEParameterEstimation/src/core/solvers/homotopy_continuation.jl:778
┌ Warning: At t=-0.7533603326479068, dt was forced below floating point epsilon -9.884088993605228e-17, and step error estimate = 1.1147194749283447. Aborting. There is either an error in your model specification or the true solution is unstable (or the true solution can not be represented in the precision of Float64).
└ @ SciMLBase ~/.julia/packages/SciMLBase/VW1cI/src/integrator_interface.jl:623
┌ Warning: At t=-0.606000407346183, dt was forced below floating point epsilon -1.0918599299280653e-16, and step error estimate = 1.092319448370293. Aborting. There is either an error in your model specification or the true solution is unstable (or the true solution can not be represented in the precision of Float64).
└ @ SciMLBase ~/.julia/packages/SciMLBase/VW1cI/src/integrator_interface.jl:623
┌ Warning: At t=-0.872702573222781, dt was forced below floating point epsilon -1.0880118285111295e-16, and step error estimate = 1.0460208049585753. Aborting. There is either an error in your model specification or the true solution is unstable (or the true solution can not be represented in the precision of Float64).
└ @ SciMLBase ~/.julia/packages/SciMLBase/VW1cI/src/integrator_interface.jl:623
┌ Warning: At t=-0.831456250198162, dt was forced below floating point epsilon -9.891582158716184e-17, and step error estimate = 1.1063007861950875. Aborting. There is either an error in your model specification or the true solution is unstable (or the true solution can not be represented in the precision of Float64).
└ @ SciMLBase ~/.julia/packages/SciMLBase/VW1cI/src/integrator_interface.jl:623
┌ Warning: At t=-0.9591006478122762, dt was forced below floating point epsilon -6.282999178423888e-17, and step error estimate = 124.9149930354544. Aborting. There is either an error in your model specification or the true solution is unstable (or the true solution can not be represented in the precision of Float64).
└ @ SciMLBase ~/.julia/packages/SciMLBase/VW1cI/src/integrator_interface.jl:623
┌ Warning: At t=-0.7657203082857992, dt was forced below floating point epsilon -9.918146740024536e-17, and step error estimate = 1.0770164869813628. Aborting. There is either an error in your model specification or the true solution is unstable (or the true solution can not be represented in the precision of Float64).
└ @ SciMLBase ~/.julia/packages/SciMLBase/VW1cI/src/integrator_interface.jl:623
┌ Warning: At t=-0.6060003621503728, dt was forced below floating point epsilon -9.910212545347617e-17, and step error estimate = 1.0856726533050713. Aborting. There is either an error in your model specification or the true solution is unstable (or the true solution can not be represented in the precision of Float64).
└ @ SciMLBase ~/.julia/packages/SciMLBase/VW1cI/src/integrator_interface.jl:623
┌ Warning: At t=-0.6060000000093306, dt was forced below floating point epsilon -7.957042845487198e-17, and step error estimate = NaN. Aborting. There is either an error in your model specification or the true solution is unstable (or the true solution can not be represented in the precision of Float64).
└ @ SciMLBase ~/.julia/packages/SciMLBase/VW1cI/src/integrator_interface.jl:623
┌ Warning: At t=-0.6060003621503728, dt was forced below floating point epsilon -9.910212545347617e-17, and step error estimate = 1.0856726533050713. Aborting. There is either an error in your model specification or the true solution is unstable (or the true solution can not be represented in the precision of Float64).
└ @ SciMLBase ~/.julia/packages/SciMLBase/VW1cI/src/integrator_interface.jl:623
┌ Warning: At t=-0.6060000000099357, dt was forced below floating point epsilon -5.5300724764324747e-17, and step error estimate = NaN. Aborting. There is either an error in your model specification or the true solution is unstable (or the true solution can not be represented in the precision of Float64).
└ @ SciMLBase ~/.julia/packages/SciMLBase/VW1cI/src/integrator_interface.jl:623
┌ Warning: At t=-0.8403708982501423, dt was forced below floating point epsilon -9.864783318907469e-17, and step error estimate = 1.1367367739991414. Aborting. There is either an error in your model specification or the true solution is unstable (or the true solution can not be represented in the precision of Float64).
└ @ SciMLBase ~/.julia/packages/SciMLBase/VW1cI/src/integrator_interface.jl:623
┌ Warning: At t=-0.6060071378443128, dt was forced below floating point epsilon -1.1064644332582419e-16, and step error estimate = NaN. Aborting. There is either an error in your model specification or the true solution is unstable (or the true solution can not be represented in the precision of Float64).
└ @ SciMLBase ~/.julia/packages/SciMLBase/VW1cI/src/integrator_interface.jl:623
┌ Warning: At t=-0.9738236795360783, dt was forced below floating point epsilon -1.085726309545695e-16, and step error estimate = 1.0376664902466317. Aborting. There is either an error in your model specification or the true solution is unstable (or the true solution can not be represented in the precision of Float64).
└ @ SciMLBase ~/.julia/packages/SciMLBase/VW1cI/src/integrator_interface.jl:623
┌ Warning: At t=-0.6060000000037203, dt was forced below floating point epsilon -3.874979774822128e-17, and step error estimate = NaN. Aborting. There is either an error in your model specification or the true solution is unstable (or the true solution can not be represented in the precision of Float64).
└ @ SciMLBase ~/.julia/packages/SciMLBase/VW1cI/src/integrator_interface.jl:623
┌ Warning: At t=-0.6060003606648378, dt was forced below floating point epsilon -1.046713069845627e-16, and step error estimate = 46.09951592654772. Aborting. There is either an error in your model specification or the true solution is unstable (or the true solution can not be represented in the precision of Float64).
└ @ SciMLBase ~/.julia/packages/SciMLBase/VW1cI/src/integrator_interface.jl:623
┌ Warning: At t=-0.6479605217343818, dt was forced below floating point epsilon -9.888166601062498e-17, and step error estimate = 1.1101292460383603. Aborting. There is either an error in your model specification or the true solution is unstable (or the true solution can not be represented in the precision of Float64).
└ @ SciMLBase ~/.julia/packages/SciMLBase/VW1cI/src/integrator_interface.jl:623
┌ Warning: At t=-0.9004533225005794, dt was forced below floating point epsilon -9.936446281209783e-17, and step error estimate = 1.0573417836384404. Aborting. There is either an error in your model specification or the true solution is unstable (or the true solution can not be represented in the precision of Float64).
└ @ SciMLBase ~/.julia/packages/SciMLBase/VW1cI/src/integrator_interface.jl:623
┌ Warning: At t=-0.7173200515669039, dt was forced below floating point epsilon -9.902169372218963e-17, and step error estimate = 1.094525691989519. Aborting. There is either an error in your model specification or the true solution is unstable (or the true solution can not be represented in the precision of Float64).
└ @ SciMLBase ~/.julia/packages/SciMLBase/VW1cI/src/integrator_interface.jl:623
┌ Warning: At t=-0.6991165767938423, dt was forced below floating point epsilon -9.978668797274736e-17, and step error estimate = 1.0134462613483692. Aborting. There is either an error in your model specification or the true solution is unstable (or the true solution can not be represented in the precision of Float64).
└ @ SciMLBase ~/.julia/packages/SciMLBase/VW1cI/src/integrator_interface.jl:623
┌ Warning: At t=-0.6060014708534882, dt was forced below floating point epsilon -5.374800175074509e-17, and step error estimate = NaN. Aborting. There is either an error in your model specification or the true solution is unstable (or the true solution can not be represented in the precision of Float64).
└ @ SciMLBase ~/.julia/packages/SciMLBase/VW1cI/src/integrator_interface.jl:623
┌ Warning: At t=-0.6060000001013772, dt was forced below floating point epsilon -6.510408979773449e-17, and step error estimate = NaN. Aborting. There is either an error in your model specification or the true solution is unstable (or the true solution can not be represented in the precision of Float64).
└ @ SciMLBase ~/.julia/packages/SciMLBase/VW1cI/src/integrator_interface.jl:623
┌ Warning: At t=-0.606825562742231, dt was forced below floating point epsilon -1.0814748284697003e-16, and step error estimate = 1.068516748601666. Aborting. There is either an error in your model specification or the true solution is unstable (or the true solution can not be represented in the precision of Float64).
└ @ SciMLBase ~/.julia/packages/SciMLBase/VW1cI/src/integrator_interface.jl:623
┌ Warning: At t=-0.6243899070150549, dt was forced below floating point epsilon -9.92961192270795e-17, and step error estimate = 1.0646432129614432. Aborting. There is either an error in your model specification or the true solution is unstable (or the true solution can not be represented in the precision of Float64).
└ @ SciMLBase ~/.julia/packages/SciMLBase/VW1cI/src/integrator_interface.jl:623
┌ Warning: At t=-0.8314562499925207, dt was forced below floating point epsilon -9.830953236445727e-17, and step error estimate = 1.176484525862147. Aborting. There is either an error in your model specification or the true solution is unstable (or the true solution can not be represented in the precision of Float64).
└ @ SciMLBase ~/.julia/packages/SciMLBase/VW1cI/src/integrator_interface.jl:623
┌ Warning: At t=-0.6210699039019146, dt was forced below floating point epsilon -9.857710933034893e-17, and step error estimate = 1.1449218397272591. Aborting. There is either an error in your model specification or the true solution is unstable (or the true solution can not be represented in the precision of Float64).
└ @ SciMLBase ~/.julia/packages/SciMLBase/VW1cI/src/integrator_interface.jl:623
┌ Warning: At t=-0.6415112172544118, dt was forced below floating point epsilon -1.1072728173001939e-16, and step error estimate = 1.0054808987879316. Aborting. There is either an error in your model specification or the true solution is unstable (or the true solution can not be represented in the precision of Float64).
└ @ SciMLBase ~/.julia/packages/SciMLBase/VW1cI/src/integrator_interface.jl:623
┌ Warning: At t=-0.606000407346183, dt was forced below floating point epsilon -1.0918599299280653e-16, and step error estimate = 1.092319448370293. Aborting. There is either an error in your model specification or the true solution is unstable (or the true solution can not be represented in the precision of Float64).
└ @ SciMLBase ~/.julia/packages/SciMLBase/VW1cI/src/integrator_interface.jl:623
┌ Warning: At t=-0.6513398181132468, dt was forced below floating point epsilon -9.85431872275092e-17, and step error estimate = 1.1488709881065937. Aborting. There is either an error in your model specification or the true solution is unstable (or the true solution can not be represented in the precision of Float64).
└ @ SciMLBase ~/.julia/packages/SciMLBase/VW1cI/src/integrator_interface.jl:623
┌ Warning: At t=-0.6060000113766912, dt was forced below floating point epsilon -1.0271536392292636e-16, and step error estimate = 3.832043315783779. Aborting. There is either an error in your model specification or the true solution is unstable (or the true solution can not be represented in the precision of Float64).
└ @ SciMLBase ~/.julia/packages/SciMLBase/VW1cI/src/integrator_interface.jl:623
┌ Warning: At t=-0.7441594426716132, dt was forced below floating point epsilon -7.32401832374776e-17, and step error estimate = 288.8426832367937. Aborting. There is either an error in your model specification or the true solution is unstable (or the true solution can not be represented in the precision of Float64).
└ @ SciMLBase ~/.julia/packages/SciMLBase/VW1cI/src/integrator_interface.jl:623
┌ Warning: At t=-0.6060000113766912, dt was forced below floating point epsilon -1.0271536392292636e-16, and step error estimate = 3.832043315783779. Aborting. There is either an error in your model specification or the true solution is unstable (or the true solution can not be represented in the precision of Float64).
└ @ SciMLBase ~/.julia/packages/SciMLBase/VW1cI/src/integrator_interface.jl:623
┌ Warning: At t=-0.6060000336112724, dt was forced below floating point epsilon -1.0923847567043779e-16, and step error estimate = 1.8879910624559895. Aborting. There is either an error in your model specification or the true solution is unstable (or the true solution can not be represented in the precision of Float64).
└ @ SciMLBase ~/.julia/packages/SciMLBase/VW1cI/src/integrator_interface.jl:623
┌ Warning: At t=-0.8235896022610545, dt was forced below floating point epsilon -9.962092234136483e-17, and step error estimate = 1.030434983769486. Aborting. There is either an error in your model specification or the true solution is unstable (or the true solution can not be represented in the precision of Float64).
└ @ SciMLBase ~/.julia/packages/SciMLBase/VW1cI/src/integrator_interface.jl:623
┌ Warning: At t=-0.6061904124013175, dt was forced below floating point epsilon -1.094154622578485e-16, and step error estimate = 1.1699438702167984. Aborting. There is either an error in your model specification or the true solution is unstable (or the true solution can not be represented in the precision of Float64).
└ @ SciMLBase ~/.julia/packages/SciMLBase/VW1cI/src/integrator_interface.jl:623
┌ Warning: At t=-0.762113378230218, dt was forced below floating point epsilon -9.959011187251305e-17, and step error estimate = 1.0336268380973417. Aborting. There is either an error in your model specification or the true solution is unstable (or the true solution can not be represented in the precision of Float64).
└ @ SciMLBase ~/.julia/packages/SciMLBase/VW1cI/src/integrator_interface.jl:623
┌ Warning: At t=-0.749267307067537, dt was forced below floating point epsilon -9.312256582098182e-17, and step error estimate = 601.3857752384828. Aborting. There is either an error in your model specification or the true solution is unstable (or the true solution can not be represented in the precision of Float64).
└ @ SciMLBase ~/.julia/packages/SciMLBase/VW1cI/src/integrator_interface.jl:623
┌ Warning: At t=-0.5458754573808942, dt was forced below floating point epsilon 1.1102230246251565e-16, and step error estimate = 1056.3372161927277. Aborting. There is either an error in your model specification or the true solution is unstable (or the true solution can not be represented in the precision of Float64).
└ @ SciMLBase ~/.julia/packages/SciMLBase/VW1cI/src/integrator_interface.jl:623
┌ Warning: At t=-0.730333122549006, dt was forced below floating point epsilon 1.1102230246251565e-16, and step error estimate = 1.0689639246640934. Aborting. There is either an error in your model specification or the true solution is unstable (or the true solution can not be represented in the precision of Float64).
└ @ SciMLBase ~/.julia/packages/SciMLBase/VW1cI/src/integrator_interface.jl:623
┌ Warning: At t=-0.992410735662548, dt was forced below floating point epsilon 1.1102230246251565e-16, and step error estimate = 2.469584134190653. Aborting. There is either an error in your model specification or the true solution is unstable (or the true solution can not be represented in the precision of Float64).
└ @ SciMLBase ~/.julia/packages/SciMLBase/VW1cI/src/integrator_interface.jl:623
┌ Warning: At t=-0.6059999347384813, dt was forced below floating point epsilon 1.1102230246251565e-16, and step error estimate = NaN. Aborting. There is either an error in your model specification or the true solution is unstable (or the true solution can not be represented in the precision of Float64).
└ @ SciMLBase ~/.julia/packages/SciMLBase/VW1cI/src/integrator_interface.jl:623
┌ Warning: At t=-0.6059999949591006, dt was forced below floating point epsilon 1.1102230246251565e-16, and step error estimate = NaN. Aborting. There is either an error in your model specification or the true solution is unstable (or the true solution can not be represented in the precision of Float64).
└ @ SciMLBase ~/.julia/packages/SciMLBase/VW1cI/src/integrator_interface.jl:623
┌ Warning: At t=-0.06068973405787671, dt was forced below floating point epsilon 6.938893903907228e-18, and step error estimate = 1.029408120225835. Aborting. There is either an error in your model specification or the true solution is unstable (or the true solution can not be represented in the precision of Float64).
└ @ SciMLBase ~/.julia/packages/SciMLBase/VW1cI/src/integrator_interface.jl:623
┌ Warning: At t=-0.9979992756973889, dt was forced below floating point epsilon 1.1102230246251565e-16, and step error estimate = 1.2412166990615214. Aborting. There is either an error in your model specification or the true solution is unstable (or the true solution can not be represented in the precision of Float64).
└ @ SciMLBase ~/.julia/packages/SciMLBase/VW1cI/src/integrator_interface.jl:623
┌ Warning: At t=-0.07892695216331169, dt was forced below floating point epsilon 1.3877787807814457e-17, and step error estimate = 1.1123242823718877. Aborting. There is either an error in your model specification or the true solution is unstable (or the true solution can not be represented in the precision of Float64).
└ @ SciMLBase ~/.julia/packages/SciMLBase/VW1cI/src/integrator_interface.jl:623
┌ Warning: At t=-0.7825343304068285, dt was forced below floating point epsilon 1.1102230246251565e-16, and step error estimate = 1.1682511070486734. Aborting. There is either an error in your model specification or the true solution is unstable (or the true solution can not be represented in the precision of Float64).
└ @ SciMLBase ~/.julia/packages/SciMLBase/VW1cI/src/integrator_interface.jl:623
┌ Warning: At t=-0.99780773346496, dt was forced below floating point epsilon 1.1102230246251565e-16, and step error estimate = 1.1550167697785045. Aborting. There is either an error in your model specification or the true solution is unstable (or the true solution can not be represented in the precision of Float64).
└ @ SciMLBase ~/.julia/packages/SciMLBase/VW1cI/src/integrator_interface.jl:623
┌ Warning: At t=-0.9979992756973889, dt was forced below floating point epsilon 1.1102230246251565e-16, and step error estimate = 1.2412166990615214. Aborting. There is either an error in your model specification or the true solution is unstable (or the true solution can not be represented in the precision of Float64).
└ @ SciMLBase ~/.julia/packages/SciMLBase/VW1cI/src/integrator_interface.jl:623
┌ Warning: At t=-0.9979999999999999, dt was forced below floating point epsilon 1.1102230246251565e-16, and step error estimate = NaN. Aborting. There is either an error in your model specification or the true solution is unstable (or the true solution can not be represented in the precision of Float64).
└ @ SciMLBase ~/.julia/packages/SciMLBase/VW1cI/src/integrator_interface.jl:623
┌ Warning: At t=-0.5799720785834449, dt was forced below floating point epsilon 1.1102230246251565e-16, and step error estimate = 1.0169074083092098. Aborting. There is either an error in your model specification or the true solution is unstable (or the true solution can not be represented in the precision of Float64).
└ @ SciMLBase ~/.julia/packages/SciMLBase/VW1cI/src/integrator_interface.jl:623
┌ Warning: At t=0.8182921657463095, dt was forced below floating point epsilon 1.1102230246251565e-16, and step error estimate = 1.3707346729164511. Aborting. There is either an error in your model specification or the true solution is unstable (or the true solution can not be represented in the precision of Float64).
└ @ SciMLBase ~/.julia/packages/SciMLBase/VW1cI/src/integrator_interface.jl:623
┌ Warning: At t=-0.44428351841348096, dt was forced below floating point epsilon 5.551115123125783e-17, and step error estimate = 1.2558668352485975. Aborting. There is either an error in your model specification or the true solution is unstable (or the true solution can not be represented in the precision of Float64).
└ @ SciMLBase ~/.julia/packages/SciMLBase/VW1cI/src/integrator_interface.jl:623
┌ Warning: At t=-0.5096642674018854, dt was forced below floating point epsilon 1.1102230246251565e-16, and step error estimate = 1.2345836400818393. Aborting. There is either an error in your model specification or the true solution is unstable (or the true solution can not be represented in the precision of Float64).
└ @ SciMLBase ~/.julia/packages/SciMLBase/VW1cI/src/integrator_interface.jl:623
┌ Warning: At t=-0.9979992782326834, dt was forced below floating point epsilon 1.1102230246251565e-16, and step error estimate = 1.1119022064701765. Aborting. There is either an error in your model specification or the true solution is unstable (or the true solution can not be represented in the precision of Float64).
└ @ SciMLBase ~/.julia/packages/SciMLBase/VW1cI/src/integrator_interface.jl:623
┌ Warning: At t=-0.9560391935912365, dt was forced below floating point epsilon 1.1102230246251565e-16, and step error estimate = 1.3528571782889742. Aborting. There is either an error in your model specification or the true solution is unstable (or the true solution can not be represented in the precision of Float64).
└ @ SciMLBase ~/.julia/packages/SciMLBase/VW1cI/src/integrator_interface.jl:623
┌ Warning: At t=-0.6059999979806076, dt was forced below floating point epsilon 1.1102230246251565e-16, and step error estimate = NaN. Aborting. There is either an error in your model specification or the true solution is unstable (or the true solution can not be represented in the precision of Float64).
└ @ SciMLBase ~/.julia/packages/SciMLBase/VW1cI/src/integrator_interface.jl:623
┌ Warning: At t=-0.8866795673100074, dt was forced below floating point epsilon 1.1102230246251565e-16, and step error estimate = NaN. Aborting. There is either an error in your model specification or the true solution is unstable (or the true solution can not be represented in the precision of Float64).
└ @ SciMLBase ~/.julia/packages/SciMLBase/VW1cI/src/integrator_interface.jl:623
┌ Warning: At t=-0.7516001151815263, dt was forced below floating point epsilon 1.1102230246251565e-16, and step error estimate = 1.0557456348334375. Aborting. There is either an error in your model specification or the true solution is unstable (or the true solution can not be represented in the precision of Float64).
└ @ SciMLBase ~/.julia/packages/SciMLBase/VW1cI/src/integrator_interface.jl:623
┌ Warning: At t=-0.9895523322293234, dt was forced below floating point epsilon 1.1102230246251565e-16, and step error estimate = NaN. Aborting. There is either an error in your model specification or the true solution is unstable (or the true solution can not be represented in the precision of Float64).
└ @ SciMLBase ~/.julia/packages/SciMLBase/VW1cI/src/integrator_interface.jl:623
┌ Warning: At t=-0.9143343752669711, dt was forced below floating point epsilon 1.1102230246251565e-16, and step error estimate = 1.1151169061446724. Aborting. There is either an error in your model specification or the true solution is unstable (or the true solution can not be represented in the precision of Float64).
└ @ SciMLBase ~/.julia/packages/SciMLBase/VW1cI/src/integrator_interface.jl:623
┌ Warning: At t=0.6346607766387292, dt was forced below floating point epsilon 1.1102230246251565e-16, and step error estimate = 1.2095763812914606. Aborting. There is either an error in your model specification or the true solution is unstable (or the true solution can not be represented in the precision of Float64).
└ @ SciMLBase ~/.julia/packages/SciMLBase/VW1cI/src/integrator_interface.jl:623
┌ Warning: At t=-0.941846779518465, dt was forced below floating point epsilon 1.1102230246251565e-16, and step error estimate = 1.06776648722109. Aborting. There is either an error in your model specification or the true solution is unstable (or the true solution can not be represented in the precision of Float64).
└ @ SciMLBase ~/.julia/packages/SciMLBase/VW1cI/src/integrator_interface.jl:623
┌ Warning: At t=-0.992410735662548, dt was forced below floating point epsilon 1.1102230246251565e-16, and step error estimate = 2.469584134190653. Aborting. There is either an error in your model specification or the true solution is unstable (or the true solution can not be represented in the precision of Float64).
└ @ SciMLBase ~/.julia/packages/SciMLBase/VW1cI/src/integrator_interface.jl:623
┌ Warning: At t=-0.9526601817617538, dt was forced below floating point epsilon 1.1102230246251565e-16, and step error estimate = NaN. Aborting. There is either an error in your model specification or the true solution is unstable (or the true solution can not be represented in the precision of Float64).
└ @ SciMLBase ~/.julia/packages/SciMLBase/VW1cI/src/integrator_interface.jl:623
┌ Warning: At t=-0.24308392431040357, dt was forced below floating point epsilon 2.7755575615628914e-17, and step error estimate = 1.1871858346877475. Aborting. There is either an error in your model specification or the true solution is unstable (or the true solution can not be represented in the precision of Float64).
└ @ SciMLBase ~/.julia/packages/SciMLBase/VW1cI/src/integrator_interface.jl:623
┌ Warning: At t=-0.7804103673086482, dt was forced below floating point epsilon 1.1102230246251565e-16, and step error estimate = NaN. Aborting. There is either an error in your model specification or the true solution is unstable (or the true solution can not be represented in the precision of Float64).
└ @ SciMLBase ~/.julia/packages/SciMLBase/VW1cI/src/integrator_interface.jl:623
┌ Warning: At t=-0.6059999347384813, dt was forced below floating point epsilon 1.1102230246251565e-16, and step error estimate = NaN. Aborting. There is either an error in your model specification or the true solution is unstable (or the true solution can not be represented in the precision of Float64).
└ @ SciMLBase ~/.julia/packages/SciMLBase/VW1cI/src/integrator_interface.jl:623
┌ Warning: At t=-0.9978094459319083, dt was forced below floating point epsilon 1.1102230246251565e-16, and step error estimate = 1.5083660085432828. Aborting. There is either an error in your model specification or the true solution is unstable (or the true solution can not be represented in the precision of Float64).
└ @ SciMLBase ~/.julia/packages/SciMLBase/VW1cI/src/integrator_interface.jl:623
┌ Warning: At t=-0.1936176084158834, dt was forced below floating point epsilon 2.7755575615628914e-17, and step error estimate = 1.040116906217002. Aborting. There is either an error in your model specification or the true solution is unstable (or the true solution can not be represented in the precision of Float64).
└ @ SciMLBase ~/.julia/packages/SciMLBase/VW1cI/src/integrator_interface.jl:623
┌ Warning: At t=-0.5355676552251394, dt was forced below floating point epsilon 1.1102230246251565e-16, and step error estimate = 1.0118562945383462. Aborting. There is either an error in your model specification or the true solution is unstable (or the true solution can not be represented in the precision of Float64).
└ @ SciMLBase ~/.julia/packages/SciMLBase/VW1cI/src/integrator_interface.jl:623
┌ Warning: At t=-0.605999996946624, dt was forced below floating point epsilon 1.1102230246251565e-16, and step error estimate = NaN. Aborting. There is either an error in your model specification or the true solution is unstable (or the true solution can not be represented in the precision of Float64).
└ @ SciMLBase ~/.julia/packages/SciMLBase/VW1cI/src/integrator_interface.jl:623
┌ Warning: At t=-0.37148505629113737, dt was forced below floating point epsilon 5.551115123125783e-17, and step error estimate = 12.421930468409785. Aborting. There is either an error in your model specification or the true solution is unstable (or the true solution can not be represented in the precision of Float64).
└ @ SciMLBase ~/.julia/packages/SciMLBase/VW1cI/src/integrator_interface.jl:623
LinearAlgebra.PosDefException(2)
LinearAlgebra.PosDefException(2)
LinearAlgebra.PosDefException(3)
LinearAlgebra.PosDefException(3)
LinearAlgebra.PosDefException(3)
LinearAlgebra.PosDefException(5)
LinearAlgebra.PosDefException(92)
LinearAlgebra.PosDefException(2)
LinearAlgebra.PosDefException(2)
LinearAlgebra.PosDefException(2)
LinearAlgebra.PosDefException(2)
LinearAlgebra.PosDefException(3)
LinearAlgebra.PosDefException(4)
LinearAlgebra.PosDefException(5)
LinearAlgebra.PosDefException(88)
LinearAlgebra.PosDefException(3)
LinearAlgebra.PosDefException(2)
LinearAlgebra.PosDefException(2)
LinearAlgebra.PosDefException(3)
LinearAlgebra.PosDefException(3)
LinearAlgebra.PosDefException(4)
LinearAlgebra.PosDefException(4)
LinearAlgebra.PosDefException(9)
LinearAlgebra.PosDefException(47)
LinearAlgebra.PosDefException(4)
LinearAlgebra.PosDefException(6)
LinearAlgebra.PosDefException(7)
LinearAlgebra.PosDefException(13)
LinearAlgebra.PosDefException(216)
LinearAlgebra.PosDefException(3)
LinearAlgebra.PosDefException(4)
LinearAlgebra.PosDefException(4)
LinearAlgebra.PosDefException(6)
LinearAlgebra.PosDefException(20)
LinearAlgebra.PosDefException(96)
LinearAlgebra.PosDefException(266)
LinearAlgebra.PosDefException(436)
LinearAlgebra.PosDefException(694)
LinearAlgebra.PosDefException(3)
LinearAlgebra.PosDefException(3)
LinearAlgebra.PosDefException(3)
LinearAlgebra.PosDefException(3)
LinearAlgebra.PosDefException(3)
LinearAlgebra.PosDefException(4)
LinearAlgebra.PosDefException(12)
LinearAlgebra.PosDefException(232)
LinearAlgebra.PosDefException(3)
LinearAlgebra.PosDefException(4)
LinearAlgebra.PosDefException(3)
LinearAlgebra.PosDefException(6)
LinearAlgebra.PosDefException(4)
LinearAlgebra.PosDefException(4)
LinearAlgebra.PosDefException(8)
LinearAlgebra.PosDefException(25)
LinearAlgebra.PosDefException(120)
LinearAlgebra.PosDefException(447)
LinearAlgebra.PosDefException(2)
LinearAlgebra.PosDefException(2)
LinearAlgebra.PosDefException(3)
LinearAlgebra.PosDefException(3)
LinearAlgebra.PosDefException(6)
LinearAlgebra.PosDefException(5)
LinearAlgebra.PosDefException(94)
LinearAlgebra.PosDefException(2)
LinearAlgebra.PosDefException(6)
LinearAlgebra.PosDefException(2)
LinearAlgebra.PosDefException(2)
LinearAlgebra.PosDefException(4)
LinearAlgebra.PosDefException(3)
LinearAlgebra.PosDefException(5)
LinearAlgebra.PosDefException(86)
LinearAlgebra.PosDefException(2)
LinearAlgebra.PosDefException(2)
LinearAlgebra.PosDefException(2)
LinearAlgebra.PosDefException(2)
LinearAlgebra.PosDefException(3)
LinearAlgebra.PosDefException(3)
LinearAlgebra.PosDefException(5)
LinearAlgebra.PosDefException(6)
LinearAlgebra.PosDefException(4)
LinearAlgebra.PosDefException(227)
LinearAlgebra.PosDefException(2)
LinearAlgebra.PosDefException(3)
LinearAlgebra.PosDefException(6)
LinearAlgebra.PosDefException(4)
LinearAlgebra.PosDefException(4)
LinearAlgebra.PosDefException(28)
LinearAlgebra.PosDefException(299)
LinearAlgebra.PosDefException(3)
LinearAlgebra.PosDefException(4)
LinearAlgebra.PosDefException(5)
LinearAlgebra.PosDefException(4)
LinearAlgebra.PosDefException(10)
LinearAlgebra.PosDefException(109)
LinearAlgebra.PosDefException(371)
LinearAlgebra.PosDefException(1)
LinearAlgebra.PosDefException(1)
LinearAlgebra.PosDefException(4)
LinearAlgebra.PosDefException(5)
LinearAlgebra.PosDefException(85)
LinearAlgebra.PosDefException(1)
LinearAlgebra.PosDefException(1)
LinearAlgebra.PosDefException(1)
LinearAlgebra.PosDefException(1)
LinearAlgebra.PosDefException(2)
LinearAlgebra.PosDefException(2)
LinearAlgebra.PosDefException(2)
LinearAlgebra.PosDefException(3)
LinearAlgebra.PosDefException(7)
LinearAlgebra.PosDefException(6)
LinearAlgebra.PosDefException(93)
LinearAlgebra.PosDefException(2)
LinearAlgebra.PosDefException(2)
LinearAlgebra.PosDefException(3)
LinearAlgebra.PosDefException(2)
LinearAlgebra.PosDefException(2)
LinearAlgebra.PosDefException(3)
LinearAlgebra.PosDefException(5)
LinearAlgebra.PosDefException(89)
LinearAlgebra.PosDefException(2)
LinearAlgebra.PosDefException(2)
LinearAlgebra.PosDefException(2)
LinearAlgebra.PosDefException(2)
LinearAlgebra.PosDefException(5)
LinearAlgebra.PosDefException(5)
LinearAlgebra.PosDefException(4)
LinearAlgebra.PosDefException(4)
LinearAlgebra.PosDefException(55)
LinearAlgebra.PosDefException(4)
LinearAlgebra.PosDefException(5)
LinearAlgebra.PosDefException(5)
LinearAlgebra.PosDefException(4)
LinearAlgebra.PosDefException(38)
LinearAlgebra.PosDefException(283)
LinearAlgebra.PosDefException(7)
LinearAlgebra.PosDefException(4)
LinearAlgebra.PosDefException(37)
LinearAlgebra.PosDefException(211)
LinearAlgebra.PosDefException(315)
LinearAlgebra.PosDefException(672)
LinearAlgebra.PosDefException(3)
LinearAlgebra.PosDefException(2)
LinearAlgebra.PosDefException(2)
LinearAlgebra.PosDefException(3)
LinearAlgebra.PosDefException(3)
LinearAlgebra.PosDefException(7)
LinearAlgebra.PosDefException(88)
LinearAlgebra.PosDefException(2)
LinearAlgebra.PosDefException(2)
LinearAlgebra.PosDefException(2)
LinearAlgebra.PosDefException(3)
LinearAlgebra.PosDefException(6)
LinearAlgebra.PosDefException(3)
LinearAlgebra.PosDefException(6)
LinearAlgebra.PosDefException(80)
LinearAlgebra.PosDefException(6)
LinearAlgebra.PosDefException(3)
LinearAlgebra.PosDefException(2)
LinearAlgebra.PosDefException(2)
LinearAlgebra.PosDefException(2)
LinearAlgebra.PosDefException(3)
LinearAlgebra.PosDefException(5)
LinearAlgebra.PosDefException(4)
LinearAlgebra.PosDefException(4)
LinearAlgebra.PosDefException(327)
LinearAlgebra.PosDefException(6)
LinearAlgebra.PosDefException(3)
LinearAlgebra.PosDefException(3)
LinearAlgebra.PosDefException(6)
LinearAlgebra.PosDefException(4)
LinearAlgebra.PosDefException(3)
LinearAlgebra.PosDefException(5)
LinearAlgebra.PosDefException(6)
LinearAlgebra.PosDefException(9)
LinearAlgebra.PosDefException(153)
LinearAlgebra.PosDefException(12)
LinearAlgebra.PosDefException(93)
LinearAlgebra.PosDefException(311)
LinearAlgebra.PosDefException(6)
LinearAlgebra.PosDefException(7)
LinearAlgebra.PosDefException(35)
LinearAlgebra.PosDefException(112)
LinearAlgebra.PosDefException(263)
LinearAlgebra.PosDefException(374)
LinearAlgebra.PosDefException(488)
LinearAlgebra.PosDefException(668)
LinearAlgebra.PosDefException(7)
LinearAlgebra.PosDefException(9)
LinearAlgebra.PosDefException(37)
LinearAlgebra.PosDefException(139)
LinearAlgebra.PosDefException(273)
LinearAlgebra.PosDefException(377)
LinearAlgebra.PosDefException(496)
LinearAlgebra.PosDefException(550)
LinearAlgebra.PosDefException(670)
LinearAlgebra.PosDefException(683)
LinearAlgebra.PosDefException(666)
LinearAlgebra.PosDefException(811)
LinearAlgebra.PosDefException(786)
LinearAlgebra.PosDefException(852)
LinearAlgebra.PosDefException(931)
LinearAlgebra.PosDefException(914)
LinearAlgebra.PosDefException(711)
LinearAlgebra.PosDefException(876)
LinearAlgebra.PosDefException(972)
LinearAlgebra.PosDefException(853)
LinearAlgebra.PosDefException(871)
LinearAlgebra.PosDefException(857)
LinearAlgebra.PosDefException(785)
LinearAlgebra.PosDefException(758)
LinearAlgebra.PosDefException(894)
LinearAlgebra.PosDefException(885)
LinearAlgebra.PosDefException(876)
LinearAlgebra.PosDefException(754)
LinearAlgebra.PosDefException(843)
LinearAlgebra.PosDefException(808)
LinearAlgebra.PosDefException(826)
LinearAlgebra.PosDefException(793)
LinearAlgebra.PosDefException(831)
LinearAlgebra.PosDefException(1)
LinearAlgebra.PosDefException(1)
LinearAlgebra.PosDefException(1)
LinearAlgebra.PosDefException(792)
LinearAlgebra.PosDefException(908)
LinearAlgebra.PosDefException(863)
LinearAlgebra.PosDefException(830)
LinearAlgebra.PosDefException(994)
LinearAlgebra.PosDefException(799)
LinearAlgebra.PosDefException(822)
LinearAlgebra.PosDefException(822)
LinearAlgebra.PosDefException(849)
LinearAlgebra.PosDefException(750)
LinearAlgebra.PosDefException(952)
LinearAlgebra.PosDefException(879)
LinearAlgebra.PosDefException(880)
LinearAlgebra.PosDefException(986)
LinearAlgebra.PosDefException(943)
LinearAlgebra.PosDefException(786)
LinearAlgebra.PosDefException(944)
LinearAlgebra.PosDefException(755)
LinearAlgebra.PosDefException(779)
LinearAlgebra.PosDefException(837)
LinearAlgebra.PosDefException(822)
LinearAlgebra.PosDefException(713)
LinearAlgebra.PosDefException(840)
LinearAlgebra.PosDefException(758)
LinearAlgebra.PosDefException(798)
LinearAlgebra.PosDefException(958)
LinearAlgebra.PosDefException(802)
LinearAlgebra.PosDefException(958)
LinearAlgebra.PosDefException(891)
LinearAlgebra.PosDefException(774)
LinearAlgebra.PosDefException(805)
LinearAlgebra.PosDefException(737)
LinearAlgebra.PosDefException(801)
LinearAlgebra.PosDefException(822)
LinearAlgebra.PosDefException(2)
LinearAlgebra.PosDefException(2)
LinearAlgebra.PosDefException(6)
LinearAlgebra.PosDefException(3)
LinearAlgebra.PosDefException(6)
LinearAlgebra.PosDefException(7)
LinearAlgebra.PosDefException(90)
LinearAlgebra.PosDefException(3)
LinearAlgebra.PosDefException(2)
LinearAlgebra.PosDefException(2)
LinearAlgebra.PosDefException(3)
LinearAlgebra.PosDefException(2)
LinearAlgebra.PosDefException(4)
LinearAlgebra.PosDefException(7)
LinearAlgebra.PosDefException(87)
LinearAlgebra.PosDefException(2)
LinearAlgebra.PosDefException(2)
LinearAlgebra.PosDefException(2)
LinearAlgebra.PosDefException(6)
LinearAlgebra.PosDefException(4)
LinearAlgebra.PosDefException(3)
LinearAlgebra.PosDefException(5)
LinearAlgebra.PosDefException(4)
LinearAlgebra.PosDefException(40)
LinearAlgebra.PosDefException(4)
LinearAlgebra.PosDefException(4)
LinearAlgebra.PosDefException(5)
LinearAlgebra.PosDefException(8)
LinearAlgebra.PosDefException(62)
LinearAlgebra.PosDefException(331)
LinearAlgebra.PosDefException(5)
LinearAlgebra.PosDefException(51)
LinearAlgebra.PosDefException(183)
LinearAlgebra.PosDefException(394)
LinearAlgebra.PosDefException(123)
LinearAlgebra.PosDefException(290)
LinearAlgebra.PosDefException(483)
LinearAlgebra.PosDefException(3)
LinearAlgebra.PosDefException(2)
LinearAlgebra.PosDefException(2)
LinearAlgebra.PosDefException(3)
LinearAlgebra.PosDefException(4)
LinearAlgebra.PosDefException(4)
LinearAlgebra.PosDefException(93)
LinearAlgebra.PosDefException(3)
LinearAlgebra.PosDefException(2)
LinearAlgebra.PosDefException(3)
LinearAlgebra.PosDefException(3)
LinearAlgebra.PosDefException(4)
LinearAlgebra.PosDefException(4)
LinearAlgebra.PosDefException(4)
LinearAlgebra.PosDefException(86)
LinearAlgebra.PosDefException(3)
LinearAlgebra.PosDefException(2)
LinearAlgebra.PosDefException(2)
LinearAlgebra.PosDefException(2)
LinearAlgebra.PosDefException(2)
LinearAlgebra.PosDefException(3)
LinearAlgebra.PosDefException(6)
LinearAlgebra.PosDefException(4)
LinearAlgebra.PosDefException(10)
LinearAlgebra.PosDefException(2)
LinearAlgebra.PosDefException(3)
LinearAlgebra.PosDefException(2)
LinearAlgebra.PosDefException(3)
LinearAlgebra.PosDefException(3)
LinearAlgebra.PosDefException(4)
LinearAlgebra.PosDefException(4)
LinearAlgebra.PosDefException(9)
LinearAlgebra.PosDefException(51)
LinearAlgebra.PosDefException(174)
LinearAlgebra.PosDefException(330)
LinearAlgebra.PosDefException(498)
LinearAlgebra.PosDefException(643)
LinearAlgebra.PosDefException(858)
LinearAlgebra.PosDefException(1)
LinearAlgebra.PosDefException(1)
LinearAlgebra.PosDefException(1)
LinearAlgebra.PosDefException(7)
LinearAlgebra.PosDefException(5)
LinearAlgebra.PosDefException(6)
LinearAlgebra.PosDefException(7)
LinearAlgebra.PosDefException(77)
LinearAlgebra.PosDefException(459)
LinearAlgebra.PosDefException(1)
LinearAlgebra.PosDefException(2)
LinearAlgebra.PosDefException(3)
LinearAlgebra.PosDefException(3)
LinearAlgebra.PosDefException(6)
LinearAlgebra.PosDefException(4)
LinearAlgebra.PosDefException(5)
LinearAlgebra.PosDefException(21)
LinearAlgebra.PosDefException(83)
LinearAlgebra.PosDefException(275)
LinearAlgebra.PosDefException(883)
LinearAlgebra.PosDefException(978)
LinearAlgebra.PosDefException(986)
LinearAlgebra.PosDefException(1)
LinearAlgebra.PosDefException(1)
LinearAlgebra.PosDefException(945)
LinearAlgebra.PosDefException(810)
Optimization improved residual by 0.008731741475589586 (from 0.008731741475614535 to 2.4948241955368227e-14)
Optimization improved residual by 0.00818363845864063 (from 0.008183638459570049 to 9.294180211103647e-13)
Optimization improved residual by 0.03759897673568705 (from 0.03759897673619207 to 5.050216002062327e-13)
Optimization did not improve residual (initial: 3.228347946147991e-17, final: 3.228347946147991e-17)
Optimization improved residual by 0.024124832627923667 (from 0.02412483262793313 to 9.465405635082008e-15)
Optimization improved residual by 4.266745978793336 (from 4.266745978793565 to 2.2867356900749547e-13)
Optimization improved residual by 0.008731741475608314 (from 0.008731741475614545 to 6.231901220927523e-15)
Optimization improved residual by 0.0006624738383848738 (from 0.0006624738388506984 to 4.658245992928652e-13)
Optimization did not improve residual (initial: 1.453739922842835e-14, final: 1.453739922842835e-14)
Optimization improved residual by 0.012936681272770813 (from 0.01293668127345148 to 6.806676807336608e-13)
Optimization improved residual by 0.0005313823327626294 (from 0.0005313823329613672 to 1.987378475768721e-13)
Optimization improved residual by 0.00019228473415658953 (from 0.0001922847342192372 to 6.264767864261251e-14)
Optimization did not improve residual (initial: 4.2534698002503184e-16, final: 4.2534698002503184e-16)
Optimization did not improve residual (initial: 7.36979996869752e-17, final: 7.36979996869752e-17)
Optimization improved residual by 0.011514415539861088 (from 0.011514415539881036 to 1.9947634025573286e-14)
Optimization improved residual by 0.4059365983984199 (from 0.4059365983993509 to 9.310596887501909e-13)
Optimization improved residual by 0.006960332578439685 (from 0.0069603325784492655 to 9.580752253880901e-15)
Optimization improved residual by 0.002011150615624351 (from 0.002011150616033837 to 4.0948571857380993e-13)
Optimization improved residual by 0.0004541246269292033 (from 0.00045412462741916846 to 4.89965138378342e-13)
Optimization improved residual by 0.001212251227939069 (from 0.001212251227942656 to 3.587002462649691e-15)
Optimization improved residual by 0.012936681272907476 (from 0.01293668127345148 to 5.440048080378783e-13)
Optimization improved residual by 0.0020156146455947536 (from 0.002015614645678256 to 8.350225700148877e-14)
Optimization improved residual by 0.0012122512279325675 (from 0.0012122512279426558 to 1.0088373994199754e-14)
Optimization improved residual by 0.009993870112500124 (from 0.009993870112513181 to 1.3057202479671926e-14)
Optimization improved residual by 0.002011150615624351 (from 0.002011150616033837 to 4.0948571857380993e-13)
Optimization improved residual by 0.42002903347858983 (from 0.42002903347945636 to 8.665260326805785e-13)
Optimization improved residual by 0.03378314343315137 (from 0.03378314343360393 to 4.525606488122468e-13)
Optimization improved residual by 0.0003537073384436878 (from 0.0003537073385166013 to 7.291344991539805e-14)
Optimization improved residual by 0.00274797488012164 (from 0.0027479748802242683 to 1.0262832652714079e-13)
Optimization improved residual by 0.0005313823327626294 (from 0.0005313823329613672 to 1.987378475768721e-13)
Optimization did not improve residual (initial: 9.833255063229458e-18, final: 9.833255063229458e-18)
Optimization improved residual by 0.00172527597546767 (from 0.0017252759755069034 to 3.923346083696604e-14)
Optimization improved residual by 0.30045497689376643 (from 0.30045497689385947 to 9.304672479862601e-14)
Optimization improved residual by 1.0773163527900107 (from 1.0773163527900278 to 1.718541522773911e-14)
Optimization improved residual by 0.006991060088365337 (from 0.006991060089355921 to 9.905841661985592e-13)
Optimization improved residual by 0.0015403650578795 (from 0.0015403650578933667 to 1.386682266424357e-14)
Optimization improved residual by 0.024124832627923667 (from 0.02412483262793313 to 9.465405635082008e-15)
Optimization improved residual by 0.025712097175488884 (from 0.025712097175511678 to 2.2792884416540464e-14)
Optimization improved residual by 0.0007107947624918149 (from 0.000710794763129471 to 6.376561193925688e-13)
Optimization did not improve residual (initial: 3.028249949014038e-17, final: 3.028249949014038e-17)
Optimization improved residual by 0.00238254527021135 (from 0.002382545270238026 to 2.667625965681764e-14)
Optimization improved residual by 0.0015849407569219769 (from 0.0015849407575823976 to 6.604206178433761e-13)
Optimization improved residual by 0.00016181901792697976 (from 0.0001618190185488961 to 6.219163347250588e-13)
Optimization did not improve residual (initial: 4.2723512215929755e-17, final: 4.2723512215929755e-17)
Optimization improved residual by 0.023874403090280726 (from 0.02387440309028913 to 8.404396346772596e-15)
Optimization did not improve residual (initial: 4.332094998789075e-16, final: 4.332094998789075e-16)
Optimization improved residual by 0.023874403090285896 (from 0.02387440309028913 to 3.233973026425971e-15)
Optimization improved residual by 0.10104803723307422 (from 0.1010480372330922 to 1.7984997450132308e-14)
Optimization improved residual by 0.03759897673568705 (from 0.03759897673619207 to 5.050216002062327e-13)
Optimization improved residual by 0.0007107947624647914 (from 0.000710794763129471 to 6.646796207698685e-13)
Optimization improved residual by 0.03378314343305494 (from 0.03378314343360393 to 5.489892797746195e-13)
Optimization improved residual by 0.002807591294259399 (from 0.0028075912943057806 to 4.638186322110417e-14)
Optimization did not improve residual (initial: 1.2052527567465279e-17, final: 1.2052527567465279e-17)
Optimization improved residual by 0.002807591294259399 (from 0.0028075912943057806 to 4.638186322110417e-14)
Optimization improved residual by 0.009993870112509391 (from 0.009993870112513183 to 3.792441367433661e-15)
Optimization improved residual by 7.622663468894045 (from 7.622663468894765 to 7.200146714565e-13)
Optimization improved residual by 0.008824660590489872 (from 0.008824660591446893 to 9.570203694019438e-13)
Optimization improved residual by 8.993397396597702e-5 (from 8.993397400415998e-5 to 3.8182955772540136e-14)
Optimization improved residual by 0.0006624738383848738 (from 0.0006624738388506984 to 4.658245992928652e-13)
Optimization improved residual by 0.002011150615438801 (from 0.0020111506160338318 to 5.950310481097966e-13)
Optimization improved residual by 0.000531382332862851 (from 0.0005313823329613671 to 9.851609542071767e-14)
Optimization improved residual by 0.019564849017179267 (from 0.01956484901718583 to 6.565754182908459e-15)
Optimization improved residual by 0.04324370150330974 (from 0.04324370150331185 to 2.1171757911422806e-15)
Optimization did not improve residual (initial: 4.2534698002503095e-16, final: 4.2534698002503095e-16)
Optimization improved residual by 0.025712097174970847 (from 0.025712097175511678 to 5.408313017522557e-13)
Optimization did not improve residual (initial: 4.2643621756955433e-16, final: 4.2643621756955433e-16)
Optimization improved residual by 0.006960332578439685 (from 0.0069603325784492655 to 9.580752253880901e-15)
Optimization did not improve residual (initial: 1.6299934773705046e-15, final: 1.6299934773705046e-15)






























































