┌ Warning: Optimization did not converge. RetCode: MaxIters
└ @ ODEParameterEstimation ~/ODEParameterEstimation/src/core/solvers/homotopy_continuation.jl:778
┌ Warning: Optimization did not converge. RetCode: Stalled
└ @ ODEParameterEstimation ~/ODEParameterEstimation/src/core/solvers/homotopy_continuation.jl:778
┌ Warning: Optimization did not converge. RetCode: Stalled
└ @ ODEParameterEstimation ~/ODEParameterEstimation/src/core/solvers/homotopy_continuation.jl:778
┌ Warning: Optimization did not converge. RetCode: Stalled
└ @ ODEParameterEstimation ~/ODEParameterEstimation/src/core/solvers/homotopy_continuation.jl:778
┌ Warning: Optimization did not converge. RetCode: MaxIters
└ @ ODEParameterEstimation ~/ODEParameterEstimation/src/core/solvers/homotopy_continuation.jl:778
┌ Warning: Optimization did not converge. RetCode: Stalled
└ @ ODEParameterEstimation ~/ODEParameterEstimation/src/core/solvers/homotopy_continuation.jl:778
┌ Warning: Optimization did not converge. RetCode: MaxIters
└ @ ODEParameterEstimation ~/ODEParameterEstimation/src/core/solvers/homotopy_continuation.jl:778
┌ Warning: Optimization did not converge. RetCode: Stalled
└ @ ODEParameterEstimation ~/ODEParameterEstimation/src/core/solvers/homotopy_continuation.jl:778
┌ Warning: Optimization did not converge. RetCode: Stalled
└ @ ODEParameterEstimation ~/ODEParameterEstimation/src/core/solvers/homotopy_continuation.jl:778
┌ Warning: Optimization did not converge. RetCode: Stalled
└ @ ODEParameterEstimation ~/ODEParameterEstimation/src/core/solvers/homotopy_continuation.jl:778
┌ Warning: Optimization did not converge. RetCode: MaxIters
└ @ ODEParameterEstimation ~/ODEParameterEstimation/src/core/solvers/homotopy_continuation.jl:778
┌ Warning: At t=-0.54000004032066, dt was forced below floating point epsilon -1.1036224421255602e-16, and step error estimate = 3.4075693799328466. Aborting. There is either an error in your model specification or the true solution is unstable (or the true solution can not be represented in the precision of Float64).
└ @ SciMLBase ~/.julia/packages/SciMLBase/VW1cI/src/integrator_interface.jl:623
┌ Warning: At t=-0.5400332340090377, dt was forced below floating point epsilon -9.956416916576932e-17, and step error estimate = 1.0363228932090276. Aborting. There is either an error in your model specification or the true solution is unstable (or the true solution can not be represented in the precision of Float64).
└ @ SciMLBase ~/.julia/packages/SciMLBase/VW1cI/src/integrator_interface.jl:623
┌ Warning: At t=-0.6157584603984255, dt was forced below floating point epsilon -5.590663583897752e-17, and step error estimate = 25272.270423492497. Aborting. There is either an error in your model specification or the true solution is unstable (or the true solution can not be represented in the precision of Float64).
└ @ SciMLBase ~/.julia/packages/SciMLBase/VW1cI/src/integrator_interface.jl:623
┌ Warning: At t=-0.6747902137459102, dt was forced below floating point epsilon -7.506033936833832e-17, and step error estimate = 723.3759583691422. Aborting. There is either an error in your model specification or the true solution is unstable (or the true solution can not be represented in the precision of Float64).
└ @ SciMLBase ~/.julia/packages/SciMLBase/VW1cI/src/integrator_interface.jl:623
┌ Warning: At t=-0.7691061880559075, dt was forced below floating point epsilon -8.690231420452745e-17, and step error estimate = 336.1752332960537. Aborting. There is either an error in your model specification or the true solution is unstable (or the true solution can not be represented in the precision of Float64).
└ @ SciMLBase ~/.julia/packages/SciMLBase/VW1cI/src/integrator_interface.jl:623
┌ Warning: At t=-0.5400000000025416, dt was forced below floating point epsilon -9.759326077748883e-17, and step error estimate = NaN. Aborting. There is either an error in your model specification or the true solution is unstable (or the true solution can not be represented in the precision of Float64).
└ @ SciMLBase ~/.julia/packages/SciMLBase/VW1cI/src/integrator_interface.jl:623
┌ Warning: At t=-0.5400000000481027, dt was forced below floating point epsilon -2.4962182585995722e-17, and step error estimate = NaN. Aborting. There is either an error in your model specification or the true solution is unstable (or the true solution can not be represented in the precision of Float64).
└ @ SciMLBase ~/.julia/packages/SciMLBase/VW1cI/src/integrator_interface.jl:623
┌ Warning: At t=-0.7639250075947557, dt was forced below floating point epsilon -9.821908959085108e-17, and step error estimate = 1.1873688168518437. Aborting. There is either an error in your model specification or the true solution is unstable (or the true solution can not be represented in the precision of Float64).
└ @ SciMLBase ~/.julia/packages/SciMLBase/VW1cI/src/integrator_interface.jl:623
┌ Warning: At t=-0.548125800692516, dt was forced below floating point epsilon -1.0268043435642995e-16, and step error estimate = 1.0664391971218103. Aborting. There is either an error in your model specification or the true solution is unstable (or the true solution can not be represented in the precision of Float64).
└ @ SciMLBase ~/.julia/packages/SciMLBase/VW1cI/src/integrator_interface.jl:623
┌ Warning: At t=-0.6693719776341789, dt was forced below floating point epsilon -1.0647423614887403e-16, and step error estimate = 1.2908210437674776. Aborting. There is either an error in your model specification or the true solution is unstable (or the true solution can not be represented in the precision of Float64).
└ @ SciMLBase ~/.julia/packages/SciMLBase/VW1cI/src/integrator_interface.jl:623
┌ Warning: At t=-0.5400482156884784, dt was forced below floating point epsilon -6.982103138448087e-17, and step error estimate = NaN. Aborting. There is either an error in your model specification or the true solution is unstable (or the true solution can not be represented in the precision of Float64).
└ @ SciMLBase ~/.julia/packages/SciMLBase/VW1cI/src/integrator_interface.jl:623
┌ Warning: At t=-0.5828292490861097, dt was forced below floating point epsilon -1.027924275424673e-16, and step error estimate = 1.0429343512349774. Aborting. There is either an error in your model specification or the true solution is unstable (or the true solution can not be represented in the precision of Float64).
└ @ SciMLBase ~/.julia/packages/SciMLBase/VW1cI/src/integrator_interface.jl:623
┌ Warning: At t=-0.5400022630177079, dt was forced below floating point epsilon -1.0692397664898109e-16, and step error estimate = 1.3114742548953906. Aborting. There is either an error in your model specification or the true solution is unstable (or the true solution can not be represented in the precision of Float64).
└ @ SciMLBase ~/.julia/packages/SciMLBase/VW1cI/src/integrator_interface.jl:623
┌ Warning: At t=-0.667353057922238, dt was forced below floating point epsilon -9.879354470122807e-17, and step error estimate = 1.1200747421814699. Aborting. There is either an error in your model specification or the true solution is unstable (or the true solution can not be represented in the precision of Float64).
└ @ SciMLBase ~/.julia/packages/SciMLBase/VW1cI/src/integrator_interface.jl:623
┌ Warning: At t=-0.5416259843604454, dt was forced below floating point epsilon -6.948217543775229e-17, and step error estimate = NaN. Aborting. There is either an error in your model specification or the true solution is unstable (or the true solution can not be represented in the precision of Float64).
└ @ SciMLBase ~/.julia/packages/SciMLBase/VW1cI/src/integrator_interface.jl:623
┌ Warning: Interrupted. Larger maxiters is needed. If you are using an integrator for non-stiff ODEs or an automatic switching algorithm (the default), you may want to consider using a method for stiff equations. See the solver pages for more details (e.g. https://docs.sciml.ai/DiffEqDocs/stable/solvers/ode_solve/#Stiff-Problems).
└ @ SciMLBase ~/.julia/packages/SciMLBase/VW1cI/src/integrator_interface.jl:589
┌ Warning: At t=-0.5434115889839992, dt was forced below floating point epsilon -9.980777875638341e-17, and step error estimate = 1.0113063934650375. Aborting. There is either an error in your model specification or the true solution is unstable (or the true solution can not be represented in the precision of Float64).
└ @ SciMLBase ~/.julia/packages/SciMLBase/VW1cI/src/integrator_interface.jl:623
┌ Warning: At t=-0.5400000083859536, dt was forced below floating point epsilon -1.0675025187204775e-16, and step error estimate = 5.6281433291727225. Aborting. There is either an error in your model specification or the true solution is unstable (or the true solution can not be represented in the precision of Float64).
└ @ SciMLBase ~/.julia/packages/SciMLBase/VW1cI/src/integrator_interface.jl:623
┌ Warning: At t=-0.540017243957927, dt was forced below floating point epsilon -9.96783092348859e-17, and step error estimate = 1.0245181768743605. Aborting. There is either an error in your model specification or the true solution is unstable (or the true solution can not be represented in the precision of Float64).
└ @ SciMLBase ~/.julia/packages/SciMLBase/VW1cI/src/integrator_interface.jl:623
┌ Warning: At t=-0.5400002566957673, dt was forced below floating point epsilon -1.0788652713163835e-16, and step error estimate = 2.0663232916771554. Aborting. There is either an error in your model specification or the true solution is unstable (or the true solution can not be represented in the precision of Float64).
└ @ SciMLBase ~/.julia/packages/SciMLBase/VW1cI/src/integrator_interface.jl:623
┌ Warning: At t=-0.540000000019168, dt was forced below floating point epsilon -2.4798073011882593e-17, and step error estimate = NaN. Aborting. There is either an error in your model specification or the true solution is unstable (or the true solution can not be represented in the precision of Float64).
└ @ SciMLBase ~/.julia/packages/SciMLBase/VW1cI/src/integrator_interface.jl:623
┌ Warning: At t=-0.6613937158217214, dt was forced below floating point epsilon -6.463727076272422e-17, and step error estimate = 706.8089786044651. Aborting. There is either an error in your model specification or the true solution is unstable (or the true solution can not be represented in the precision of Float64).
└ @ SciMLBase ~/.julia/packages/SciMLBase/VW1cI/src/integrator_interface.jl:623
┌ Warning: At t=-0.592551083795997, dt was forced below floating point epsilon -9.837054355621846e-17, and step error estimate = 1.1692041262006594. Aborting. There is either an error in your model specification or the true solution is unstable (or the true solution can not be represented in the precision of Float64).
└ @ SciMLBase ~/.julia/packages/SciMLBase/VW1cI/src/integrator_interface.jl:623
┌ Warning: At t=-0.5400000000001062, dt was forced below floating point epsilon -9.927369205564775e-17, and step error estimate = 1.0670509724710247. Aborting. There is either an error in your model specification or the true solution is unstable (or the true solution can not be represented in the precision of Float64).
└ @ SciMLBase ~/.julia/packages/SciMLBase/VW1cI/src/integrator_interface.jl:623
┌ Warning: At t=-0.5400000016358315, dt was forced below floating point epsilon -3.507366955013253e-17, and step error estimate = NaN. Aborting. There is either an error in your model specification or the true solution is unstable (or the true solution can not be represented in the precision of Float64).
└ @ SciMLBase ~/.julia/packages/SciMLBase/VW1cI/src/integrator_interface.jl:623
┌ Warning: At t=-0.5400000001405014, dt was forced below floating point epsilon -7.41989123207213e-17, and step error estimate = NaN. Aborting. There is either an error in your model specification or the true solution is unstable (or the true solution can not be represented in the precision of Float64).
└ @ SciMLBase ~/.julia/packages/SciMLBase/VW1cI/src/integrator_interface.jl:623
┌ Warning: At t=-0.5400000005270916, dt was forced below floating point epsilon -1.0687895979337564e-16, and step error estimate = 2.420870391261556. Aborting. There is either an error in your model specification or the true solution is unstable (or the true solution can not be represented in the precision of Float64).
└ @ SciMLBase ~/.julia/packages/SciMLBase/VW1cI/src/integrator_interface.jl:623
┌ Warning: At t=-0.540000000019168, dt was forced below floating point epsilon -2.4798073011882593e-17, and step error estimate = NaN. Aborting. There is either an error in your model specification or the true solution is unstable (or the true solution can not be represented in the precision of Float64).
└ @ SciMLBase ~/.julia/packages/SciMLBase/VW1cI/src/integrator_interface.jl:623
┌ Warning: At t=-0.5400000071649214, dt was forced below floating point epsilon -9.972696903920167e-17, and step error estimate = 1.465113279179026. Aborting. There is either an error in your model specification or the true solution is unstable (or the true solution can not be represented in the precision of Float64).
└ @ SciMLBase ~/.julia/packages/SciMLBase/VW1cI/src/integrator_interface.jl:623
┌ Warning: At t=-0.5400011388767977, dt was forced below floating point epsilon -9.814115689244474e-17, and step error estimate = 1.245182887067495. Aborting. There is either an error in your model specification or the true solution is unstable (or the true solution can not be represented in the precision of Float64).
└ @ SciMLBase ~/.julia/packages/SciMLBase/VW1cI/src/integrator_interface.jl:623
┌ Warning: At t=-0.5400000020223958, dt was forced below floating point epsilon -9.799430046779188e-17, and step error estimate = NaN. Aborting. There is either an error in your model specification or the true solution is unstable (or the true solution can not be represented in the precision of Float64).
└ @ SciMLBase ~/.julia/packages/SciMLBase/VW1cI/src/integrator_interface.jl:623
┌ Warning: At t=-0.5400001554655524, dt was forced below floating point epsilon -1.0630816429731832e-16, and step error estimate = 1.2548309957452384. Aborting. There is either an error in your model specification or the true solution is unstable (or the true solution can not be represented in the precision of Float64).
└ @ SciMLBase ~/.julia/packages/SciMLBase/VW1cI/src/integrator_interface.jl:623
┌ Warning: At t=-0.5967399780965034, dt was forced below floating point epsilon -1.079345276957218e-16, and step error estimate = 1.041488884086056. Aborting. There is either an error in your model specification or the true solution is unstable (or the true solution can not be represented in the precision of Float64).
└ @ SciMLBase ~/.julia/packages/SciMLBase/VW1cI/src/integrator_interface.jl:623
┌ Warning: At t=-0.5400000071649214, dt was forced below floating point epsilon -9.972696903920167e-17, and step error estimate = 1.465113279179026. Aborting. There is either an error in your model specification or the true solution is unstable (or the true solution can not be represented in the precision of Float64).
└ @ SciMLBase ~/.julia/packages/SciMLBase/VW1cI/src/integrator_interface.jl:623
┌ Warning: At t=-0.5400195306226797, dt was forced below floating point epsilon -5.21144090435048e-17, and step error estimate = NaN. Aborting. There is either an error in your model specification or the true solution is unstable (or the true solution can not be represented in the precision of Float64).
└ @ SciMLBase ~/.julia/packages/SciMLBase/VW1cI/src/integrator_interface.jl:623
┌ Warning: At t=-0.5883772020743782, dt was forced below floating point epsilon -9.959537777454286e-17, and step error estimate = 1.0330808955207371. Aborting. There is either an error in your model specification or the true solution is unstable (or the true solution can not be represented in the precision of Float64).
└ @ SciMLBase ~/.julia/packages/SciMLBase/VW1cI/src/integrator_interface.jl:623
┌ Warning: At t=-0.5400000000326637, dt was forced below floating point epsilon -1.0679316770829325e-16, and step error estimate = NaN. Aborting. There is either an error in your model specification or the true solution is unstable (or the true solution can not be represented in the precision of Float64).
└ @ SciMLBase ~/.julia/packages/SciMLBase/VW1cI/src/integrator_interface.jl:623
┌ Warning: At t=-0.5400001554655524, dt was forced below floating point epsilon -1.0630816429731832e-16, and step error estimate = 1.2548309957452384. Aborting. There is either an error in your model specification or the true solution is unstable (or the true solution can not be represented in the precision of Float64).
└ @ SciMLBase ~/.julia/packages/SciMLBase/VW1cI/src/integrator_interface.jl:623
┌ Warning: At t=-0.6747902137459102, dt was forced below floating point epsilon -7.506033936833832e-17, and step error estimate = 723.3759583691422. Aborting. There is either an error in your model specification or the true solution is unstable (or the true solution can not be represented in the precision of Float64).
└ @ SciMLBase ~/.julia/packages/SciMLBase/VW1cI/src/integrator_interface.jl:623
┌ Warning: At t=-0.540000000009381, dt was forced below floating point epsilon -6.935022269040989e-17, and step error estimate = NaN. Aborting. There is either an error in your model specification or the true solution is unstable (or the true solution can not be represented in the precision of Float64).
└ @ SciMLBase ~/.julia/packages/SciMLBase/VW1cI/src/integrator_interface.jl:623
┌ Warning: At t=-0.7707441832619361, dt was forced below floating point epsilon -1.0484601482594102e-16, and step error estimate = 1.011099347422442. Aborting. There is either an error in your model specification or the true solution is unstable (or the true solution can not be represented in the precision of Float64).
└ @ SciMLBase ~/.julia/packages/SciMLBase/VW1cI/src/integrator_interface.jl:623
┌ Warning: At t=-0.594561315556005, dt was forced below floating point epsilon -9.96303598625426e-17, and step error estimate = 1.02945921430901. Aborting. There is either an error in your model specification or the true solution is unstable (or the true solution can not be represented in the precision of Float64).
└ @ SciMLBase ~/.julia/packages/SciMLBase/VW1cI/src/integrator_interface.jl:623
┌ Warning: At t=-0.5400000000326637, dt was forced below floating point epsilon -1.0679316770829325e-16, and step error estimate = NaN. Aborting. There is either an error in your model specification or the true solution is unstable (or the true solution can not be represented in the precision of Float64).
└ @ SciMLBase ~/.julia/packages/SciMLBase/VW1cI/src/integrator_interface.jl:623
┌ Warning: At t=-0.5400006980406629, dt was forced below floating point epsilon -9.937818759384165e-17, and step error estimate = 1.055883307649739. Aborting. There is either an error in your model specification or the true solution is unstable (or the true solution can not be represented in the precision of Float64).
└ @ SciMLBase ~/.julia/packages/SciMLBase/VW1cI/src/integrator_interface.jl:623
┌ Warning: At t=-0.5400000541064166, dt was forced below floating point epsilon -8.76695371981018e-17, and step error estimate = 4.599241390490688. Aborting. There is either an error in your model specification or the true solution is unstable (or the true solution can not be represented in the precision of Float64).
└ @ SciMLBase ~/.julia/packages/SciMLBase/VW1cI/src/integrator_interface.jl:623
┌ Warning: At t=-0.5407571627493672, dt was forced below floating point epsilon -9.594733082636431e-17, and step error estimate = 1.5002367253988171. Aborting. There is either an error in your model specification or the true solution is unstable (or the true solution can not be represented in the precision of Float64).
└ @ SciMLBase ~/.julia/packages/SciMLBase/VW1cI/src/integrator_interface.jl:623
┌ Warning: At t=-0.8916454858291961, dt was forced below floating point epsilon -9.89230011090233e-17, and step error estimate = 1.105497631811828. Aborting. There is either an error in your model specification or the true solution is unstable (or the true solution can not be represented in the precision of Float64).
└ @ SciMLBase ~/.julia/packages/SciMLBase/VW1cI/src/integrator_interface.jl:623
┌ Warning: At t=-0.7584756019053257, dt was forced below floating point epsilon -1.0246914112485406e-16, and step error estimate = 1.0080005411961726. Aborting. There is either an error in your model specification or the true solution is unstable (or the true solution can not be represented in the precision of Float64).
└ @ SciMLBase ~/.julia/packages/SciMLBase/VW1cI/src/integrator_interface.jl:623
┌ Warning: At t=-0.540000000092725, dt was forced below floating point epsilon -8.102782301190913e-17, and step error estimate = NaN. Aborting. There is either an error in your model specification or the true solution is unstable (or the true solution can not be represented in the precision of Float64).
└ @ SciMLBase ~/.julia/packages/SciMLBase/VW1cI/src/integrator_interface.jl:623
┌ Warning: At t=-0.5747488910838725, dt was forced below floating point epsilon -9.846316248182789e-17, and step error estimate = 1.158247451906147. Aborting. There is either an error in your model specification or the true solution is unstable (or the true solution can not be represented in the precision of Float64).
└ @ SciMLBase ~/.julia/packages/SciMLBase/VW1cI/src/integrator_interface.jl:623
┌ Warning: At t=-0.5584125984195603, dt was forced below floating point epsilon -7.864346889573392e-17, and step error estimate = 102.4421398279626. Aborting. There is either an error in your model specification or the true solution is unstable (or the true solution can not be represented in the precision of Float64).
└ @ SciMLBase ~/.julia/packages/SciMLBase/VW1cI/src/integrator_interface.jl:623
┌ Warning: At t=-0.6549703741048303, dt was forced below floating point epsilon -9.971159404587269e-17, and step error estimate = 1.021103242158211. Aborting. There is either an error in your model specification or the true solution is unstable (or the true solution can not be represented in the precision of Float64).
└ @ SciMLBase ~/.julia/packages/SciMLBase/VW1cI/src/integrator_interface.jl:623
┌ Warning: At t=-0.8519817133684846, dt was forced below floating point epsilon -1.013238021667803e-16, and step error estimate = 212.36952340863004. Aborting. There is either an error in your model specification or the true solution is unstable (or the true solution can not be represented in the precision of Float64).
└ @ SciMLBase ~/.julia/packages/SciMLBase/VW1cI/src/integrator_interface.jl:623
┌ Warning: At t=-0.5400000049725346, dt was forced below floating point epsilon -7.665982949609072e-17, and step error estimate = NaN. Aborting. There is either an error in your model specification or the true solution is unstable (or the true solution can not be represented in the precision of Float64).
└ @ SciMLBase ~/.julia/packages/SciMLBase/VW1cI/src/integrator_interface.jl:623
┌ Warning: At t=-0.7342804609896082, dt was forced below floating point epsilon -1.1001878926168094e-16, and step error estimate = 221.85726785306147. Aborting. There is either an error in your model specification or the true solution is unstable (or the true solution can not be represented in the precision of Float64).
└ @ SciMLBase ~/.julia/packages/SciMLBase/VW1cI/src/integrator_interface.jl:623
┌ Warning: At t=-0.540000000001279, dt was forced below floating point epsilon -1.0285254777043195e-16, and step error estimate = NaN. Aborting. There is either an error in your model specification or the true solution is unstable (or the true solution can not be represented in the precision of Float64).
└ @ SciMLBase ~/.julia/packages/SciMLBase/VW1cI/src/integrator_interface.jl:623
┌ Warning: At t=-0.540000136259673, dt was forced below floating point epsilon -1.0501101443380361e-16, and step error estimate = 2.4408974117803033. Aborting. There is either an error in your model specification or the true solution is unstable (or the true solution can not be represented in the precision of Float64).
└ @ SciMLBase ~/.julia/packages/SciMLBase/VW1cI/src/integrator_interface.jl:623
┌ Warning: At t=-0.5908059803262626, dt was forced below floating point epsilon -9.954288741813253e-17, and step error estimate = 1.248226229950702. Aborting. There is either an error in your model specification or the true solution is unstable (or the true solution can not be represented in the precision of Float64).
└ @ SciMLBase ~/.julia/packages/SciMLBase/VW1cI/src/integrator_interface.jl:623
┌ Warning: At t=-0.8499015053422683, dt was forced below floating point epsilon -1.052935863517729e-16, and step error estimate = 752.7339712573577. Aborting. There is either an error in your model specification or the true solution is unstable (or the true solution can not be represented in the precision of Float64).
└ @ SciMLBase ~/.julia/packages/SciMLBase/VW1cI/src/integrator_interface.jl:623
┌ Warning: At t=-0.5400000001405014, dt was forced below floating point epsilon -7.41989123207213e-17, and step error estimate = NaN. Aborting. There is either an error in your model specification or the true solution is unstable (or the true solution can not be represented in the precision of Float64).
└ @ SciMLBase ~/.julia/packages/SciMLBase/VW1cI/src/integrator_interface.jl:623
┌ Warning: At t=-0.5400001716819469, dt was forced below floating point epsilon -1.1079805177790574e-16, and step error estimate = 1.5064726166207778. Aborting. There is either an error in your model specification or the true solution is unstable (or the true solution can not be represented in the precision of Float64).
└ @ SciMLBase ~/.julia/packages/SciMLBase/VW1cI/src/integrator_interface.jl:623
┌ Warning: At t=-0.5584125984195605, dt was forced below floating point epsilon -9.81025639319055e-17, and step error estimate = 95.3228237238323. Aborting. There is either an error in your model specification or the true solution is unstable (or the true solution can not be represented in the precision of Float64).
└ @ SciMLBase ~/.julia/packages/SciMLBase/VW1cI/src/integrator_interface.jl:623
┌ Warning: At t=-0.5409786529550031, dt was forced below floating point epsilon -7.416088620798705e-17, and step error estimate = NaN. Aborting. There is either an error in your model specification or the true solution is unstable (or the true solution can not be represented in the precision of Float64).
└ @ SciMLBase ~/.julia/packages/SciMLBase/VW1cI/src/integrator_interface.jl:623
┌ Warning: At t=-0.5521412483931806, dt was forced below floating point epsilon -1.0565117997907156e-16, and step error estimate = 1.0159782297817566. Aborting. There is either an error in your model specification or the true solution is unstable (or the true solution can not be represented in the precision of Float64).
└ @ SciMLBase ~/.julia/packages/SciMLBase/VW1cI/src/integrator_interface.jl:623
┌ Warning: At t=-0.5400000000022697, dt was forced below floating point epsilon -2.5681679909609635e-17, and step error estimate = NaN. Aborting. There is either an error in your model specification or the true solution is unstable (or the true solution can not be represented in the precision of Float64).
└ @ SciMLBase ~/.julia/packages/SciMLBase/VW1cI/src/integrator_interface.jl:623
┌ Warning: At t=-0.5400007016837824, dt was forced below floating point epsilon -1.0535418176088742e-16, and step error estimate = 1.2643377438738714. Aborting. There is either an error in your model specification or the true solution is unstable (or the true solution can not be represented in the precision of Float64).
└ @ SciMLBase ~/.julia/packages/SciMLBase/VW1cI/src/integrator_interface.jl:623
┌ Warning: At t=-0.5400022630177079, dt was forced below floating point epsilon -1.0692397664898109e-16, and step error estimate = 1.3114742548953906. Aborting. There is either an error in your model specification or the true solution is unstable (or the true solution can not be represented in the precision of Float64).
└ @ SciMLBase ~/.julia/packages/SciMLBase/VW1cI/src/integrator_interface.jl:623
┌ Warning: At t=-0.5400001574103807, dt was forced below floating point epsilon -9.51775273467011e-17, and step error estimate = 1.6262779444072517. Aborting. There is either an error in your model specification or the true solution is unstable (or the true solution can not be represented in the precision of Float64).
└ @ SciMLBase ~/.julia/packages/SciMLBase/VW1cI/src/integrator_interface.jl:623
┌ Warning: At t=-0.5479438201359449, dt was forced below floating point epsilon -9.923682156652623e-17, and step error estimate = 1.0710234524533773. Aborting. There is either an error in your model specification or the true solution is unstable (or the true solution can not be represented in the precision of Float64).
└ @ SciMLBase ~/.julia/packages/SciMLBase/VW1cI/src/integrator_interface.jl:623
┌ Warning: At t=-0.5400000199338824, dt was forced below floating point epsilon -8.578650225127493e-17, and step error estimate = 4.595658332867476. Aborting. There is either an error in your model specification or the true solution is unstable (or the true solution can not be represented in the precision of Float64).
└ @ SciMLBase ~/.julia/packages/SciMLBase/VW1cI/src/integrator_interface.jl:623
┌ Warning: At t=-0.6488172854991378, dt was forced below floating point epsilon -1.0890846087148926e-16, and step error estimate = 1.01142346220477. Aborting. There is either an error in your model specification or the true solution is unstable (or the true solution can not be represented in the precision of Float64).
└ @ SciMLBase ~/.julia/packages/SciMLBase/VW1cI/src/integrator_interface.jl:623
┌ Warning: At t=-0.6031228198719586, dt was forced below floating point epsilon -4.5081019381356116e-17, and step error estimate = NaN. Aborting. There is either an error in your model specification or the true solution is unstable (or the true solution can not be represented in the precision of Float64).
└ @ SciMLBase ~/.julia/packages/SciMLBase/VW1cI/src/integrator_interface.jl:623
┌ Warning: At t=-0.5969366796326976, dt was forced below floating point epsilon -9.911467614821052e-17, and step error estimate = 1.084298230476732. Aborting. There is either an error in your model specification or the true solution is unstable (or the true solution can not be represented in the precision of Float64).
└ @ SciMLBase ~/.julia/packages/SciMLBase/VW1cI/src/integrator_interface.jl:623
┌ Warning: At t=-0.5400000005270916, dt was forced below floating point epsilon -1.0687895979337564e-16, and step error estimate = 2.420870391261556. Aborting. There is either an error in your model specification or the true solution is unstable (or the true solution can not be represented in the precision of Float64).
└ @ SciMLBase ~/.julia/packages/SciMLBase/VW1cI/src/integrator_interface.jl:623
┌ Warning: At t=-0.548125800692516, dt was forced below floating point epsilon -1.0268043435642995e-16, and step error estimate = 1.0664391971218103. Aborting. There is either an error in your model specification or the true solution is unstable (or the true solution can not be represented in the precision of Float64).
└ @ SciMLBase ~/.julia/packages/SciMLBase/VW1cI/src/integrator_interface.jl:623
┌ Warning: At t=-0.6275405032535324, dt was forced below floating point epsilon -9.895814326238976e-17, and step error estimate = 1.1015774525918354. Aborting. There is either an error in your model specification or the true solution is unstable (or the true solution can not be represented in the precision of Float64).
└ @ SciMLBase ~/.julia/packages/SciMLBase/VW1cI/src/integrator_interface.jl:623
┌ Warning: At t=-0.5967399780965034, dt was forced below floating point epsilon -1.079345276957218e-16, and step error estimate = 1.041488884086056. Aborting. There is either an error in your model specification or the true solution is unstable (or the true solution can not be represented in the precision of Float64).
└ @ SciMLBase ~/.julia/packages/SciMLBase/VW1cI/src/integrator_interface.jl:623
┌ Warning: At t=-0.540000002658207, dt was forced below floating point epsilon -1.0705506533080496e-16, and step error estimate = 1.6976847194315716. Aborting. There is either an error in your model specification or the true solution is unstable (or the true solution can not be represented in the precision of Float64).
└ @ SciMLBase ~/.julia/packages/SciMLBase/VW1cI/src/integrator_interface.jl:623
┌ Warning: At t=-0.540000000644606, dt was forced below floating point epsilon -3.6997063418652396e-17, and step error estimate = NaN. Aborting. There is either an error in your model specification or the true solution is unstable (or the true solution can not be represented in the precision of Float64).
└ @ SciMLBase ~/.julia/packages/SciMLBase/VW1cI/src/integrator_interface.jl:623
┌ Warning: At t=-0.5368319771687061, dt was forced below floating point epsilon 1.1102230246251565e-16, and step error estimate = 1.00769872935479. Aborting. There is either an error in your model specification or the true solution is unstable (or the true solution can not be represented in the precision of Float64).
└ @ SciMLBase ~/.julia/packages/SciMLBase/VW1cI/src/integrator_interface.jl:623
┌ Warning: At t=0.1360310092645316, dt was forced below floating point epsilon 2.7755575615628914e-17, and step error estimate = 1.1021099035467354. Aborting. There is either an error in your model specification or the true solution is unstable (or the true solution can not be represented in the precision of Float64).
└ @ SciMLBase ~/.julia/packages/SciMLBase/VW1cI/src/integrator_interface.jl:623
┌ Warning: At t=-0.5399999193267301, dt was forced below floating point epsilon 1.1102230246251565e-16, and step error estimate = NaN. Aborting. There is either an error in your model specification or the true solution is unstable (or the true solution can not be represented in the precision of Float64).
└ @ SciMLBase ~/.julia/packages/SciMLBase/VW1cI/src/integrator_interface.jl:623
┌ Warning: At t=-0.5399997864468665, dt was forced below floating point epsilon 1.1102230246251565e-16, and step error estimate = NaN. Aborting. There is either an error in your model specification or the true solution is unstable (or the true solution can not be represented in the precision of Float64).
└ @ SciMLBase ~/.julia/packages/SciMLBase/VW1cI/src/integrator_interface.jl:623
┌ Warning: At t=-0.9141411689494924, dt was forced below floating point epsilon 1.1102230246251565e-16, and step error estimate = 8.44256688731906. Aborting. There is either an error in your model specification or the true solution is unstable (or the true solution can not be represented in the precision of Float64).
└ @ SciMLBase ~/.julia/packages/SciMLBase/VW1cI/src/integrator_interface.jl:623
┌ Warning: At t=-0.5399982853562438, dt was forced below floating point epsilon 1.1102230246251565e-16, and step error estimate = NaN. Aborting. There is either an error in your model specification or the true solution is unstable (or the true solution can not be represented in the precision of Float64).
└ @ SciMLBase ~/.julia/packages/SciMLBase/VW1cI/src/integrator_interface.jl:623
┌ Warning: At t=-0.8551632762593948, dt was forced below floating point epsilon 1.1102230246251565e-16, and step error estimate = 2.0045341580488434. Aborting. There is either an error in your model specification or the true solution is unstable (or the true solution can not be represented in the precision of Float64).
└ @ SciMLBase ~/.julia/packages/SciMLBase/VW1cI/src/integrator_interface.jl:623
┌ Warning: At t=-0.539997102020376, dt was forced below floating point epsilon 1.1102230246251565e-16, and step error estimate = NaN. Aborting. There is either an error in your model specification or the true solution is unstable (or the true solution can not be represented in the precision of Float64).
└ @ SciMLBase ~/.julia/packages/SciMLBase/VW1cI/src/integrator_interface.jl:623
┌ Warning: At t=-0.9723621547806506, dt was forced below floating point epsilon 1.1102230246251565e-16, and step error estimate = 30.9959884854934. Aborting. There is either an error in your model specification or the true solution is unstable (or the true solution can not be represented in the precision of Float64).
└ @ SciMLBase ~/.julia/packages/SciMLBase/VW1cI/src/integrator_interface.jl:623
┌ Warning: At t=-0.7660749889125464, dt was forced below floating point epsilon 1.1102230246251565e-16, and step error estimate = NaN. Aborting. There is either an error in your model specification or the true solution is unstable (or the true solution can not be represented in the precision of Float64).
└ @ SciMLBase ~/.julia/packages/SciMLBase/VW1cI/src/integrator_interface.jl:623
┌ Warning: At t=-0.539997102020376, dt was forced below floating point epsilon 1.1102230246251565e-16, and step error estimate = NaN. Aborting. There is either an error in your model specification or the true solution is unstable (or the true solution can not be represented in the precision of Float64).
└ @ SciMLBase ~/.julia/packages/SciMLBase/VW1cI/src/integrator_interface.jl:623
┌ Warning: At t=-0.9697683765865109, dt was forced below floating point epsilon 1.1102230246251565e-16, and step error estimate = 116.72523042404092. Aborting. There is either an error in your model specification or the true solution is unstable (or the true solution can not be represented in the precision of Float64).
└ @ SciMLBase ~/.julia/packages/SciMLBase/VW1cI/src/integrator_interface.jl:623
┌ Warning: At t=-0.8140247987556273, dt was forced below floating point epsilon 1.1102230246251565e-16, and step error estimate = 1.225707953443816. Aborting. There is either an error in your model specification or the true solution is unstable (or the true solution can not be represented in the precision of Float64).
└ @ SciMLBase ~/.julia/packages/SciMLBase/VW1cI/src/integrator_interface.jl:623
┌ Warning: At t=0.201341767401662, dt was forced below floating point epsilon 2.7755575615628914e-17, and step error estimate = 1.014193080302747. Aborting. There is either an error in your model specification or the true solution is unstable (or the true solution can not be represented in the precision of Float64).
└ @ SciMLBase ~/.julia/packages/SciMLBase/VW1cI/src/integrator_interface.jl:623
┌ Warning: At t=-0.99, dt was forced below floating point epsilon 1.1102230246251565e-16, and step error estimate = NaN. Aborting. There is either an error in your model specification or the true solution is unstable (or the true solution can not be represented in the precision of Float64).
└ @ SciMLBase ~/.julia/packages/SciMLBase/VW1cI/src/integrator_interface.jl:623
┌ Warning: At t=-0.9471695001712311, dt was forced below floating point epsilon 1.1102230246251565e-16, and step error estimate = 1.7281733272247963. Aborting. There is either an error in your model specification or the true solution is unstable (or the true solution can not be represented in the precision of Float64).
└ @ SciMLBase ~/.julia/packages/SciMLBase/VW1cI/src/integrator_interface.jl:623
┌ Warning: At t=0.13603100926470976, dt was forced below floating point epsilon 2.7755575615628914e-17, and step error estimate = 1.1808423274531943. Aborting. There is either an error in your model specification or the true solution is unstable (or the true solution can not be represented in the precision of Float64).
└ @ SciMLBase ~/.julia/packages/SciMLBase/VW1cI/src/integrator_interface.jl:623
┌ Warning: At t=-0.6652970229606525, dt was forced below floating point epsilon 1.1102230246251565e-16, and step error estimate = NaN. Aborting. There is either an error in your model specification or the true solution is unstable (or the true solution can not be represented in the precision of Float64).
└ @ SciMLBase ~/.julia/packages/SciMLBase/VW1cI/src/integrator_interface.jl:623
┌ Warning: At t=-0.5386483398229243, dt was forced below floating point epsilon 1.1102230246251565e-16, and step error estimate = 1.1143342812976067. Aborting. There is either an error in your model specification or the true solution is unstable (or the true solution can not be represented in the precision of Float64).
└ @ SciMLBase ~/.julia/packages/SciMLBase/VW1cI/src/integrator_interface.jl:623
┌ Warning: At t=-0.99, dt was forced below floating point epsilon 1.1102230246251565e-16, and step error estimate = NaN. Aborting. There is either an error in your model specification or the true solution is unstable (or the true solution can not be represented in the precision of Float64).
└ @ SciMLBase ~/.julia/packages/SciMLBase/VW1cI/src/integrator_interface.jl:623
┌ Warning: At t=-0.5399993483511237, dt was forced below floating point epsilon 1.1102230246251565e-16, and step error estimate = 429.637930358229. Aborting. There is either an error in your model specification or the true solution is unstable (or the true solution can not be represented in the precision of Float64).
└ @ SciMLBase ~/.julia/packages/SciMLBase/VW1cI/src/integrator_interface.jl:623
┌ Warning: At t=-0.508329970090928, dt was forced below floating point epsilon 1.1102230246251565e-16, and step error estimate = 1.0865822307346193. Aborting. There is either an error in your model specification or the true solution is unstable (or the true solution can not be represented in the precision of Float64).
└ @ SciMLBase ~/.julia/packages/SciMLBase/VW1cI/src/integrator_interface.jl:623
┌ Warning: At t=-0.5399994345993178, dt was forced below floating point epsilon 1.1102230246251565e-16, and step error estimate = NaN. Aborting. There is either an error in your model specification or the true solution is unstable (or the true solution can not be represented in the precision of Float64).
└ @ SciMLBase ~/.julia/packages/SciMLBase/VW1cI/src/integrator_interface.jl:623
┌ Warning: At t=-0.8004437220149253, dt was forced below floating point epsilon 1.1102230246251565e-16, and step error estimate = 1.1595358508653182. Aborting. There is either an error in your model specification or the true solution is unstable (or the true solution can not be represented in the precision of Float64).
└ @ SciMLBase ~/.julia/packages/SciMLBase/VW1cI/src/integrator_interface.jl:623
┌ Warning: At t=-0.5399999943788747, dt was forced below floating point epsilon 1.1102230246251565e-16, and step error estimate = NaN. Aborting. There is either an error in your model specification or the true solution is unstable (or the true solution can not be represented in the precision of Float64).
└ @ SciMLBase ~/.julia/packages/SciMLBase/VW1cI/src/integrator_interface.jl:623
┌ Warning: At t=-0.5386483398229243, dt was forced below floating point epsilon 1.1102230246251565e-16, and step error estimate = 1.1143342812976067. Aborting. There is either an error in your model specification or the true solution is unstable (or the true solution can not be represented in the precision of Float64).
└ @ SciMLBase ~/.julia/packages/SciMLBase/VW1cI/src/integrator_interface.jl:623
┌ Warning: At t=-0.9008346650294311, dt was forced below floating point epsilon 1.1102230246251565e-16, and step error estimate = 1.1203105769182198. Aborting. There is either an error in your model specification or the true solution is unstable (or the true solution can not be represented in the precision of Float64).
└ @ SciMLBase ~/.julia/packages/SciMLBase/VW1cI/src/integrator_interface.jl:623
┌ Warning: At t=-0.99, dt was forced below floating point epsilon 1.1102230246251565e-16, and step error estimate = NaN. Aborting. There is either an error in your model specification or the true solution is unstable (or the true solution can not be represented in the precision of Float64).
└ @ SciMLBase ~/.julia/packages/SciMLBase/VW1cI/src/integrator_interface.jl:623
┌ Warning: At t=-0.5399994812053031, dt was forced below floating point epsilon 1.1102230246251565e-16, and step error estimate = NaN. Aborting. There is either an error in your model specification or the true solution is unstable (or the true solution can not be represented in the precision of Float64).
└ @ SciMLBase ~/.julia/packages/SciMLBase/VW1cI/src/integrator_interface.jl:623
┌ Warning: At t=-0.9336086949158094, dt was forced below floating point epsilon 1.1102230246251565e-16, and step error estimate = NaN. Aborting. There is either an error in your model specification or the true solution is unstable (or the true solution can not be represented in the precision of Float64).
└ @ SciMLBase ~/.julia/packages/SciMLBase/VW1cI/src/integrator_interface.jl:623
┌ Warning: At t=-0.7648394537930642, dt was forced below floating point epsilon 1.1102230246251565e-16, and step error estimate = 1.050479389088422. Aborting. There is either an error in your model specification or the true solution is unstable (or the true solution can not be represented in the precision of Float64).
└ @ SciMLBase ~/.julia/packages/SciMLBase/VW1cI/src/integrator_interface.jl:623
┌ Warning: At t=-0.8004437220149253, dt was forced below floating point epsilon 1.1102230246251565e-16, and step error estimate = 1.1595358508653182. Aborting. There is either an error in your model specification or the true solution is unstable (or the true solution can not be represented in the precision of Float64).
└ @ SciMLBase ~/.julia/packages/SciMLBase/VW1cI/src/integrator_interface.jl:623
┌ Warning: At t=-0.9828618489269132, dt was forced below floating point epsilon 1.1102230246251565e-16, and step error estimate = NaN. Aborting. There is either an error in your model specification or the true solution is unstable (or the true solution can not be represented in the precision of Float64).
└ @ SciMLBase ~/.julia/packages/SciMLBase/VW1cI/src/integrator_interface.jl:623
┌ Warning: At t=-0.5385634568786046, dt was forced below floating point epsilon 1.1102230246251565e-16, and step error estimate = 1.0851017169923882. Aborting. There is either an error in your model specification or the true solution is unstable (or the true solution can not be represented in the precision of Float64).
└ @ SciMLBase ~/.julia/packages/SciMLBase/VW1cI/src/integrator_interface.jl:623
┌ Warning: Interrupted. Larger maxiters is needed. If you are using an integrator for non-stiff ODEs or an automatic switching algorithm (the default), you may want to consider using a method for stiff equations. See the solver pages for more details (e.g. https://docs.sciml.ai/DiffEqDocs/stable/solvers/ode_solve/#Stiff-Problems).
└ @ SciMLBase ~/.julia/packages/SciMLBase/VW1cI/src/integrator_interface.jl:589
┌ Warning: At t=-0.5399999887180599, dt was forced below floating point epsilon 1.1102230246251565e-16, and step error estimate = NaN. Aborting. There is either an error in your model specification or the true solution is unstable (or the true solution can not be represented in the precision of Float64).
└ @ SciMLBase ~/.julia/packages/SciMLBase/VW1cI/src/integrator_interface.jl:623
┌ Warning: At t=-0.539999997435656, dt was forced below floating point epsilon 1.1102230246251565e-16, and step error estimate = NaN. Aborting. There is either an error in your model specification or the true solution is unstable (or the true solution can not be represented in the precision of Float64).
└ @ SciMLBase ~/.julia/packages/SciMLBase/VW1cI/src/integrator_interface.jl:623
┌ Warning: At t=-0.9878737679223563, dt was forced below floating point epsilon 1.1102230246251565e-16, and step error estimate = NaN. Aborting. There is either an error in your model specification or the true solution is unstable (or the true solution can not be represented in the precision of Float64).
└ @ SciMLBase ~/.julia/packages/SciMLBase/VW1cI/src/integrator_interface.jl:623
┌ Warning: At t=-0.9828618489269132, dt was forced below floating point epsilon 1.1102230246251565e-16, and step error estimate = NaN. Aborting. There is either an error in your model specification or the true solution is unstable (or the true solution can not be represented in the precision of Float64).
└ @ SciMLBase ~/.julia/packages/SciMLBase/VW1cI/src/integrator_interface.jl:623
┌ Warning: At t=-0.99, dt was forced below floating point epsilon 1.1102230246251565e-16, and step error estimate = NaN. Aborting. There is either an error in your model specification or the true solution is unstable (or the true solution can not be represented in the precision of Float64).
└ @ SciMLBase ~/.julia/packages/SciMLBase/VW1cI/src/integrator_interface.jl:623
┌ Warning: At t=-0.9075531471119739, dt was forced below floating point epsilon 1.1102230246251565e-16, and step error estimate = 1.2062220179055296. Aborting. There is either an error in your model specification or the true solution is unstable (or the true solution can not be represented in the precision of Float64).
└ @ SciMLBase ~/.julia/packages/SciMLBase/VW1cI/src/integrator_interface.jl:623
┌ Warning: At t=-0.10271910167432725, dt was forced below floating point epsilon 1.3877787807814457e-17, and step error estimate = 79.07203973948533. Aborting. There is either an error in your model specification or the true solution is unstable (or the true solution can not be represented in the precision of Float64).
└ @ SciMLBase ~/.julia/packages/SciMLBase/VW1cI/src/integrator_interface.jl:623
┌ Warning: At t=0.06857486842252, dt was forced below floating point epsilon 1.3877787807814457e-17, and step error estimate = 1.168768733690248. Aborting. There is either an error in your model specification or the true solution is unstable (or the true solution can not be represented in the precision of Float64).
└ @ SciMLBase ~/.julia/packages/SciMLBase/VW1cI/src/integrator_interface.jl:623
┌ Warning: At t=-0.9878737679223563, dt was forced below floating point epsilon 1.1102230246251565e-16, and step error estimate = NaN. Aborting. There is either an error in your model specification or the true solution is unstable (or the true solution can not be represented in the precision of Float64).
└ @ SciMLBase ~/.julia/packages/SciMLBase/VW1cI/src/integrator_interface.jl:623
┌ Warning: At t=-0.8551632762593948, dt was forced below floating point epsilon 1.1102230246251565e-16, and step error estimate = 2.0045341580488434. Aborting. There is either an error in your model specification or the true solution is unstable (or the true solution can not be represented in the precision of Float64).
└ @ SciMLBase ~/.julia/packages/SciMLBase/VW1cI/src/integrator_interface.jl:623
┌ Warning: At t=-0.8853750775973994, dt was forced below floating point epsilon 1.1102230246251565e-16, and step error estimate = 1.075462184576999. Aborting. There is either an error in your model specification or the true solution is unstable (or the true solution can not be represented in the precision of Float64).
└ @ SciMLBase ~/.julia/packages/SciMLBase/VW1cI/src/integrator_interface.jl:623
┌ Warning: At t=0.7110044469606042, dt was forced below floating point epsilon 1.1102230246251565e-16, and step error estimate = 230.98067093270197. Aborting. There is either an error in your model specification or the true solution is unstable (or the true solution can not be represented in the precision of Float64).
└ @ SciMLBase ~/.julia/packages/SciMLBase/VW1cI/src/integrator_interface.jl:623
┌ Warning: At t=-0.5399999843714733, dt was forced below floating point epsilon 1.1102230246251565e-16, and step error estimate = NaN. Aborting. There is either an error in your model specification or the true solution is unstable (or the true solution can not be represented in the precision of Float64).
└ @ SciMLBase ~/.julia/packages/SciMLBase/VW1cI/src/integrator_interface.jl:623
┌ Warning: At t=0.033191948654932635, dt was forced below floating point epsilon 6.938893903907228e-18, and step error estimate = 1.2162985148456205. Aborting. There is either an error in your model specification or the true solution is unstable (or the true solution can not be represented in the precision of Float64).
└ @ SciMLBase ~/.julia/packages/SciMLBase/VW1cI/src/integrator_interface.jl:623
┌ Warning: At t=0.05923804319425235, dt was forced below floating point epsilon 6.938893903907228e-18, and step error estimate = 1.0630573048458698. Aborting. There is either an error in your model specification or the true solution is unstable (or the true solution can not be represented in the precision of Float64).
└ @ SciMLBase ~/.julia/packages/SciMLBase/VW1cI/src/integrator_interface.jl:623
┌ Warning: At t=-0.9892978209011518, dt was forced below floating point epsilon 1.1102230246251565e-16, and step error estimate = 1.2881596519077858. Aborting. There is either an error in your model specification or the true solution is unstable (or the true solution can not be represented in the precision of Float64).
└ @ SciMLBase ~/.julia/packages/SciMLBase/VW1cI/src/integrator_interface.jl:623
┌ Warning: At t=-0.6985165552651853, dt was forced below floating point epsilon 1.1102230246251565e-16, and step error estimate = NaN. Aborting. There is either an error in your model specification or the true solution is unstable (or the true solution can not be represented in the precision of Float64).
└ @ SciMLBase ~/.julia/packages/SciMLBase/VW1cI/src/integrator_interface.jl:623
┌ Warning: At t=-0.9880300285525179, dt was forced below floating point epsilon 1.1102230246251565e-16, and step error estimate = 1.2105219907984166. Aborting. There is either an error in your model specification or the true solution is unstable (or the true solution can not be represented in the precision of Float64).
└ @ SciMLBase ~/.julia/packages/SciMLBase/VW1cI/src/integrator_interface.jl:623
┌ Warning: At t=-0.5399999514568543, dt was forced below floating point epsilon 1.1102230246251565e-16, and step error estimate = NaN. Aborting. There is either an error in your model specification or the true solution is unstable (or the true solution can not be represented in the precision of Float64).
└ @ SciMLBase ~/.julia/packages/SciMLBase/VW1cI/src/integrator_interface.jl:623
┌ Warning: At t=-0.019702564547098775, dt was forced below floating point epsilon 3.469446951953614e-18, and step error estimate = 1.0308601641711672. Aborting. There is either an error in your model specification or the true solution is unstable (or the true solution can not be represented in the precision of Float64).
└ @ SciMLBase ~/.julia/packages/SciMLBase/VW1cI/src/integrator_interface.jl:623
┌ Warning: At t=-0.49180645425521385, dt was forced below floating point epsilon 5.551115123125783e-17, and step error estimate = 1.1406463422092394. Aborting. There is either an error in your model specification or the true solution is unstable (or the true solution can not be represented in the precision of Float64).
└ @ SciMLBase ~/.julia/packages/SciMLBase/VW1cI/src/integrator_interface.jl:623
┌ Warning: At t=-0.5399999947917616, dt was forced below floating point epsilon 1.1102230246251565e-16, and step error estimate = NaN. Aborting. There is either an error in your model specification or the true solution is unstable (or the true solution can not be represented in the precision of Float64).
└ @ SciMLBase ~/.julia/packages/SciMLBase/VW1cI/src/integrator_interface.jl:623
┌ Warning: At t=-0.9197138715635305, dt was forced below floating point epsilon 1.1102230246251565e-16, and step error estimate = 1.05873155046498. Aborting. There is either an error in your model specification or the true solution is unstable (or the true solution can not be represented in the precision of Float64).
└ @ SciMLBase ~/.julia/packages/SciMLBase/VW1cI/src/integrator_interface.jl:623
┌ Warning: At t=-0.5399995352815536, dt was forced below floating point epsilon 1.1102230246251565e-16, and step error estimate = NaN. Aborting. There is either an error in your model specification or the true solution is unstable (or the true solution can not be represented in the precision of Float64).
└ @ SciMLBase ~/.julia/packages/SciMLBase/VW1cI/src/integrator_interface.jl:623
┌ Warning: At t=-0.7551519688050274, dt was forced below floating point epsilon 1.1102230246251565e-16, and step error estimate = 1.0483631458292144. Aborting. There is either an error in your model specification or the true solution is unstable (or the true solution can not be represented in the precision of Float64).
└ @ SciMLBase ~/.julia/packages/SciMLBase/VW1cI/src/integrator_interface.jl:623
┌ Warning: At t=-0.4721945127147788, dt was forced below floating point epsilon 5.551115123125783e-17, and step error estimate = 1.2612184479801782. Aborting. There is either an error in your model specification or the true solution is unstable (or the true solution can not be represented in the precision of Float64).
└ @ SciMLBase ~/.julia/packages/SciMLBase/VW1cI/src/integrator_interface.jl:623
┌ Warning: At t=-0.5099312710929087, dt was forced below floating point epsilon 1.1102230246251565e-16, and step error estimate = 1.181826657859564. Aborting. There is either an error in your model specification or the true solution is unstable (or the true solution can not be represented in the precision of Float64).
└ @ SciMLBase ~/.julia/packages/SciMLBase/VW1cI/src/integrator_interface.jl:623
┌ Warning: At t=-0.539999997435656, dt was forced below floating point epsilon 1.1102230246251565e-16, and step error estimate = NaN. Aborting. There is either an error in your model specification or the true solution is unstable (or the true solution can not be represented in the precision of Float64).
└ @ SciMLBase ~/.julia/packages/SciMLBase/VW1cI/src/integrator_interface.jl:623
┌ Warning: At t=-0.99, dt was forced below floating point epsilon 1.1102230246251565e-16, and step error estimate = 18.010346022447692. Aborting. There is either an error in your model specification or the true solution is unstable (or the true solution can not be represented in the precision of Float64).
└ @ SciMLBase ~/.julia/packages/SciMLBase/VW1cI/src/integrator_interface.jl:623
┌ Warning: At t=-0.9548143695630946, dt was forced below floating point epsilon 1.1102230246251565e-16, and step error estimate = 1.069305972692897. Aborting. There is either an error in your model specification or the true solution is unstable (or the true solution can not be represented in the precision of Float64).
└ @ SciMLBase ~/.julia/packages/SciMLBase/VW1cI/src/integrator_interface.jl:623
┌ Warning: At t=-0.9391950990375953, dt was forced below floating point epsilon 1.1102230246251565e-16, and step error estimate = 1.3430163461896232. Aborting. There is either an error in your model specification or the true solution is unstable (or the true solution can not be represented in the precision of Float64).
└ @ SciMLBase ~/.julia/packages/SciMLBase/VW1cI/src/integrator_interface.jl:623
┌ Warning: At t=0.17139410273207617, dt was forced below floating point epsilon 2.7755575615628914e-17, and step error estimate = 1.0335432039563368. Aborting. There is either an error in your model specification or the true solution is unstable (or the true solution can not be represented in the precision of Float64).
└ @ SciMLBase ~/.julia/packages/SciMLBase/VW1cI/src/integrator_interface.jl:623
┌ Warning: At t=-0.6800975930758054, dt was forced below floating point epsilon 1.1102230246251565e-16, and step error estimate = 3.15124572241975. Aborting. There is either an error in your model specification or the true solution is unstable (or the true solution can not be represented in the precision of Float64).
└ @ SciMLBase ~/.julia/packages/SciMLBase/VW1cI/src/integrator_interface.jl:623
┌ Warning: At t=-0.3521494399169762, dt was forced below floating point epsilon 5.551115123125783e-17, and step error estimate = 1.348039255694568. Aborting. There is either an error in your model specification or the true solution is unstable (or the true solution can not be represented in the precision of Float64).
└ @ SciMLBase ~/.julia/packages/SciMLBase/VW1cI/src/integrator_interface.jl:623
┌ Warning: At t=-0.5399999979038125, dt was forced below floating point epsilon 1.1102230246251565e-16, and step error estimate = NaN. Aborting. There is either an error in your model specification or the true solution is unstable (or the true solution can not be represented in the precision of Float64).
└ @ SciMLBase ~/.julia/packages/SciMLBase/VW1cI/src/integrator_interface.jl:623
┌ Warning: At t=-0.9336086949158094, dt was forced below floating point epsilon 1.1102230246251565e-16, and step error estimate = NaN. Aborting. There is either an error in your model specification or the true solution is unstable (or the true solution can not be represented in the precision of Float64).
└ @ SciMLBase ~/.julia/packages/SciMLBase/VW1cI/src/integrator_interface.jl:623
┌ Warning: At t=-0.5399999873468149, dt was forced below floating point epsilon 1.1102230246251565e-16, and step error estimate = NaN. Aborting. There is either an error in your model specification or the true solution is unstable (or the true solution can not be represented in the precision of Float64).
└ @ SciMLBase ~/.julia/packages/SciMLBase/VW1cI/src/integrator_interface.jl:623
┌ Warning: At t=0.9442132793896006, dt was forced below floating point epsilon 1.1102230246251565e-16, and step error estimate = 1.2920466234561432. Aborting. There is either an error in your model specification or the true solution is unstable (or the true solution can not be represented in the precision of Float64).
└ @ SciMLBase ~/.julia/packages/SciMLBase/VW1cI/src/integrator_interface.jl:623
┌ Warning: At t=-0.99, dt was forced below floating point epsilon 1.1102230246251565e-16, and step error estimate = NaN. Aborting. There is either an error in your model specification or the true solution is unstable (or the true solution can not be represented in the precision of Float64).
└ @ SciMLBase ~/.julia/packages/SciMLBase/VW1cI/src/integrator_interface.jl:623
┌ Warning: At t=-0.9778522024005066, dt was forced below floating point epsilon 1.1102230246251565e-16, and step error estimate = 1.015507464053205. Aborting. There is either an error in your model specification or the true solution is unstable (or the true solution can not be represented in the precision of Float64).
└ @ SciMLBase ~/.julia/packages/SciMLBase/VW1cI/src/integrator_interface.jl:623
┌ Warning: At t=-0.9489854211795871, dt was forced below floating point epsilon 1.1102230246251565e-16, and step error estimate = 1.0132866464380255. Aborting. There is either an error in your model specification or the true solution is unstable (or the true solution can not be represented in the precision of Float64).
└ @ SciMLBase ~/.julia/packages/SciMLBase/VW1cI/src/integrator_interface.jl:623
┌ Warning: At t=-0.53999989988556, dt was forced below floating point epsilon 1.1102230246251565e-16, and step error estimate = NaN. Aborting. There is either an error in your model specification or the true solution is unstable (or the true solution can not be represented in the precision of Float64).
└ @ SciMLBase ~/.julia/packages/SciMLBase/VW1cI/src/integrator_interface.jl:623
┌ Warning: At t=-0.5399999203763892, dt was forced below floating point epsilon 1.1102230246251565e-16, and step error estimate = NaN. Aborting. There is either an error in your model specification or the true solution is unstable (or the true solution can not be represented in the precision of Float64).
└ @ SciMLBase ~/.julia/packages/SciMLBase/VW1cI/src/integrator_interface.jl:623
┌ Warning: At t=-0.7743389414526248, dt was forced below floating point epsilon 1.1102230246251565e-16, and step error estimate = NaN. Aborting. There is either an error in your model specification or the true solution is unstable (or the true solution can not be represented in the precision of Float64).
└ @ SciMLBase ~/.julia/packages/SciMLBase/VW1cI/src/integrator_interface.jl:623
┌ Warning: At t=0.6009673979786673, dt was forced below floating point epsilon 1.1102230246251565e-16, and step error estimate = 1.044680529515548. Aborting. There is either an error in your model specification or the true solution is unstable (or the true solution can not be represented in the precision of Float64).
└ @ SciMLBase ~/.julia/packages/SciMLBase/VW1cI/src/integrator_interface.jl:623
┌ Warning: At t=-0.8792712714778119, dt was forced below floating point epsilon 1.1102230246251565e-16, and step error estimate = 404.5839211597698. Aborting. There is either an error in your model specification or the true solution is unstable (or the true solution can not be represented in the precision of Float64).
└ @ SciMLBase ~/.julia/packages/SciMLBase/VW1cI/src/integrator_interface.jl:623
┌ Warning: At t=-0.9539361071886897, dt was forced below floating point epsilon 1.1102230246251565e-16, and step error estimate = 1.0483284369752515. Aborting. There is either an error in your model specification or the true solution is unstable (or the true solution can not be represented in the precision of Float64).
└ @ SciMLBase ~/.julia/packages/SciMLBase/VW1cI/src/integrator_interface.jl:623
┌ Warning: At t=-0.48832175172342823, dt was forced below floating point epsilon 5.551115123125783e-17, and step error estimate = NaN. Aborting. There is either an error in your model specification or the true solution is unstable (or the true solution can not be represented in the precision of Float64).
└ @ SciMLBase ~/.julia/packages/SciMLBase/VW1cI/src/integrator_interface.jl:623
┌ Warning: At t=-0.7648394537930642, dt was forced below floating point epsilon 1.1102230246251565e-16, and step error estimate = 1.050479389088422. Aborting. There is either an error in your model specification or the true solution is unstable (or the true solution can not be represented in the precision of Float64).
└ @ SciMLBase ~/.julia/packages/SciMLBase/VW1cI/src/integrator_interface.jl:623
┌ Warning: At t=-0.9697683765865109, dt was forced below floating point epsilon 1.1102230246251565e-16, and step error estimate = 116.72523042404092. Aborting. There is either an error in your model specification or the true solution is unstable (or the true solution can not be represented in the precision of Float64).
└ @ SciMLBase ~/.julia/packages/SciMLBase/VW1cI/src/integrator_interface.jl:623
┌ Warning: At t=-0.43439028852581824, dt was forced below floating point epsilon 5.551115123125783e-17, and step error estimate = 425.80289082830285. Aborting. There is either an error in your model specification or the true solution is unstable (or the true solution can not be represented in the precision of Float64).
└ @ SciMLBase ~/.julia/packages/SciMLBase/VW1cI/src/integrator_interface.jl:623
┌ Warning: At t=-0.8795950460303235, dt was forced below floating point epsilon 1.1102230246251565e-16, and step error estimate = 1.0569957571457445. Aborting. There is either an error in your model specification or the true solution is unstable (or the true solution can not be represented in the precision of Float64).
└ @ SciMLBase ~/.julia/packages/SciMLBase/VW1cI/src/integrator_interface.jl:623
┌ Warning: At t=-0.011768358949677447, dt was forced below floating point epsilon 1.734723475976807e-18, and step error estimate = 1.0056157871961207. Aborting. There is either an error in your model specification or the true solution is unstable (or the true solution can not be represented in the precision of Float64).
└ @ SciMLBase ~/.julia/packages/SciMLBase/VW1cI/src/integrator_interface.jl:623
┌ Warning: At t=-0.43439028852575107, dt was forced below floating point epsilon 5.551115123125783e-17, and step error estimate = 239.13269367843762. Aborting. There is either an error in your model specification or the true solution is unstable (or the true solution can not be represented in the precision of Float64).
└ @ SciMLBase ~/.julia/packages/SciMLBase/VW1cI/src/integrator_interface.jl:623
┌ Warning: At t=-0.9750352442783125, dt was forced below floating point epsilon 1.1102230246251565e-16, and step error estimate = NaN. Aborting. There is either an error in your model specification or the true solution is unstable (or the true solution can not be represented in the precision of Float64).
└ @ SciMLBase ~/.julia/packages/SciMLBase/VW1cI/src/integrator_interface.jl:623
┌ Warning: At t=-0.5369081189532376, dt was forced below floating point epsilon 1.1102230246251565e-16, and step error estimate = 1.0490727096090495. Aborting. There is either an error in your model specification or the true solution is unstable (or the true solution can not be represented in the precision of Float64).
└ @ SciMLBase ~/.julia/packages/SciMLBase/VW1cI/src/integrator_interface.jl:623
LinearAlgebra.PosDefException(2)
LinearAlgebra.PosDefException(2)
LinearAlgebra.PosDefException(3)
LinearAlgebra.PosDefException(4)
LinearAlgebra.PosDefException(3)
LinearAlgebra.PosDefException(4)
LinearAlgebra.PosDefException(5)
LinearAlgebra.PosDefException(6)
LinearAlgebra.PosDefException(4)
LinearAlgebra.PosDefException(4)
LinearAlgebra.PosDefException(15)
LinearAlgebra.PosDefException(186)
LinearAlgebra.PosDefException(9)
LinearAlgebra.PosDefException(13)
LinearAlgebra.PosDefException(2)
LinearAlgebra.PosDefException(2)
LinearAlgebra.PosDefException(4)
LinearAlgebra.PosDefException(3)
LinearAlgebra.PosDefException(2)
LinearAlgebra.PosDefException(2)
LinearAlgebra.PosDefException(3)
LinearAlgebra.PosDefException(3)
LinearAlgebra.PosDefException(2)
LinearAlgebra.PosDefException(2)
LinearAlgebra.PosDefException(3)
LinearAlgebra.PosDefException(4)
LinearAlgebra.PosDefException(2)
LinearAlgebra.PosDefException(2)
LinearAlgebra.PosDefException(3)
LinearAlgebra.PosDefException(6)
LinearAlgebra.PosDefException(6)
LinearAlgebra.PosDefException(2)
LinearAlgebra.PosDefException(3)
LinearAlgebra.PosDefException(3)
LinearAlgebra.PosDefException(34)
LinearAlgebra.PosDefException(5)
LinearAlgebra.PosDefException(77)
LinearAlgebra.PosDefException(7)
LinearAlgebra.PosDefException(22)
LinearAlgebra.PosDefException(3)
LinearAlgebra.PosDefException(4)
LinearAlgebra.PosDefException(4)
LinearAlgebra.PosDefException(181)
LinearAlgebra.PosDefException(5)
LinearAlgebra.PosDefException(6)
LinearAlgebra.PosDefException(36)
LinearAlgebra.PosDefException(6)
LinearAlgebra.PosDefException(7)
LinearAlgebra.PosDefException(5)
LinearAlgebra.PosDefException(5)
LinearAlgebra.PosDefException(5)
LinearAlgebra.PosDefException(6)
LinearAlgebra.PosDefException(5)
LinearAlgebra.PosDefException(32)
LinearAlgebra.PosDefException(132)
LinearAlgebra.PosDefException(5)
LinearAlgebra.PosDefException(7)
LinearAlgebra.PosDefException(5)
LinearAlgebra.PosDefException(5)
LinearAlgebra.PosDefException(5)
LinearAlgebra.PosDefException(5)
LinearAlgebra.PosDefException(5)
LinearAlgebra.PosDefException(16)
LinearAlgebra.PosDefException(127)
LinearAlgebra.PosDefException(6)
LinearAlgebra.PosDefException(5)
LinearAlgebra.PosDefException(7)
LinearAlgebra.PosDefException(5)
LinearAlgebra.PosDefException(8)
LinearAlgebra.PosDefException(5)
LinearAlgebra.PosDefException(7)
LinearAlgebra.PosDefException(7)
LinearAlgebra.PosDefException(71)
LinearAlgebra.PosDefException(3)
LinearAlgebra.PosDefException(2)
LinearAlgebra.PosDefException(3)
LinearAlgebra.PosDefException(3)
LinearAlgebra.PosDefException(4)
LinearAlgebra.PosDefException(3)
LinearAlgebra.PosDefException(4)
LinearAlgebra.PosDefException(4)
LinearAlgebra.PosDefException(4)
LinearAlgebra.PosDefException(4)
LinearAlgebra.PosDefException(13)
LinearAlgebra.PosDefException(102)
LinearAlgebra.PosDefException(5)
LinearAlgebra.PosDefException(4)
LinearAlgebra.PosDefException(9)
LinearAlgebra.PosDefException(125)
LinearAlgebra.PosDefException(4)
LinearAlgebra.PosDefException(5)
LinearAlgebra.PosDefException(4)
LinearAlgebra.PosDefException(123)
LinearAlgebra.PosDefException(3)
LinearAlgebra.PosDefException(4)
LinearAlgebra.PosDefException(4)
LinearAlgebra.PosDefException(9)
LinearAlgebra.PosDefException(85)
LinearAlgebra.PosDefException(2)
LinearAlgebra.PosDefException(2)
LinearAlgebra.PosDefException(5)
LinearAlgebra.PosDefException(3)
LinearAlgebra.PosDefException(2)
LinearAlgebra.PosDefException(3)
LinearAlgebra.PosDefException(2)
LinearAlgebra.PosDefException(3)
LinearAlgebra.PosDefException(2)
LinearAlgebra.PosDefException(2)
LinearAlgebra.PosDefException(3)
LinearAlgebra.PosDefException(4)
LinearAlgebra.PosDefException(3)
LinearAlgebra.PosDefException(3)
LinearAlgebra.PosDefException(3)
LinearAlgebra.PosDefException(5)
LinearAlgebra.PosDefException(2)
LinearAlgebra.PosDefException(2)
LinearAlgebra.PosDefException(3)
LinearAlgebra.PosDefException(3)
LinearAlgebra.PosDefException(33)
LinearAlgebra.PosDefException(6)
LinearAlgebra.PosDefException(76)
LinearAlgebra.PosDefException(8)
LinearAlgebra.PosDefException(13)
LinearAlgebra.PosDefException(5)
LinearAlgebra.PosDefException(4)
LinearAlgebra.PosDefException(7)
LinearAlgebra.PosDefException(2)
LinearAlgebra.PosDefException(3)
LinearAlgebra.PosDefException(4)
LinearAlgebra.PosDefException(5)
LinearAlgebra.PosDefException(5)
LinearAlgebra.PosDefException(4)
LinearAlgebra.PosDefException(4)
LinearAlgebra.PosDefException(6)
LinearAlgebra.PosDefException(4)
LinearAlgebra.PosDefException(4)
LinearAlgebra.PosDefException(14)
LinearAlgebra.PosDefException(6)
LinearAlgebra.PosDefException(13)
LinearAlgebra.PosDefException(112)
LinearAlgebra.PosDefException(5)
LinearAlgebra.PosDefException(4)
LinearAlgebra.PosDefException(27)
LinearAlgebra.PosDefException(4)
LinearAlgebra.PosDefException(5)
LinearAlgebra.PosDefException(24)
LinearAlgebra.PosDefException(4)
LinearAlgebra.PosDefException(4)
LinearAlgebra.PosDefException(37)
LinearAlgebra.PosDefException(3)
LinearAlgebra.PosDefException(4)
LinearAlgebra.PosDefException(4)
LinearAlgebra.PosDefException(5)
LinearAlgebra.PosDefException(29)
LinearAlgebra.PosDefException(157)
LinearAlgebra.PosDefException(3)
LinearAlgebra.PosDefException(3)
LinearAlgebra.PosDefException(4)
LinearAlgebra.PosDefException(3)
LinearAlgebra.PosDefException(2)
LinearAlgebra.PosDefException(2)
LinearAlgebra.PosDefException(2)
LinearAlgebra.PosDefException(3)
LinearAlgebra.PosDefException(2)
LinearAlgebra.PosDefException(2)
LinearAlgebra.PosDefException(3)
LinearAlgebra.PosDefException(4)
LinearAlgebra.PosDefException(2)
LinearAlgebra.PosDefException(3)
LinearAlgebra.PosDefException(3)
LinearAlgebra.PosDefException(3)
LinearAlgebra.PosDefException(2)
LinearAlgebra.PosDefException(2)
LinearAlgebra.PosDefException(4)
LinearAlgebra.PosDefException(4)
LinearAlgebra.PosDefException(36)
LinearAlgebra.PosDefException(5)
LinearAlgebra.PosDefException(82)
LinearAlgebra.PosDefException(8)
LinearAlgebra.PosDefException(28)
Optimization improved residual by 7.522792534933861e-5 (from 7.522792554319185e-5 to 1.938532471537798e-13)
Optimization improved residual by 0.0004560090953485006 (from 0.00045600909553780055 to 1.8929996283454504e-13)
Optimization did not improve residual (initial: 9.948367426482547e-14, final: 9.948367426482547e-14)
Optimization improved residual by 6.23367288416048e-5 (from 6.233672896465747e-5 to 1.2305265773000442e-13)
Optimization improved residual by 0.00022207384181224961 (from 0.00022207384278118462 to 9.689349946791577e-13)
Optimization improved residual by 0.0007580745184140456 (from 0.0007580745184251987 to 1.1153060642391616e-14)
Optimization improved residual by 0.03663062612201304 (from 0.03663062612224223 to 2.291891216088041e-13)
Optimization improved residual by 1.3037531604240977e-5 (from 1.3037531719776108e-5 to 1.1553513110560962e-13)
Optimization improved residual by 1.5531543657963843e-5 (from 1.5531544500847325e-5 to 8.428834830246634e-13)
Optimization improved residual by 1.0376740588454764e-5 (from 1.0376740607652181e-5 to 1.9197416477190627e-14)
Optimization improved residual by 0.24904283562931057 (from 0.24904283563025453 to 9.439544791287686e-13)
Optimization improved residual by 0.0007903858599229668 (from 0.0007903858602983046 to 3.7533783433328025e-13)
Optimization improved residual by 0.022189648905194127 (from 0.02218964890520374 to 9.613019352360015e-15)
Optimization improved residual by 0.008443950186646086 (from 0.008443950186660928 to 1.4842704028226086e-14)
Optimization improved residual by 0.0007903858599229668 (from 0.0007903858602983046 to 3.7533783433328025e-13)
Optimization improved residual by 0.2645572612802158 (from 0.26455726128069 to 4.742363810506122e-13)
Optimization did not improve residual (initial: 4.2737106853011916e-17, final: 4.2737106853011916e-17)
Optimization improved residual by 0.0025721501746500596 (from 0.0025721501746942027 to 4.414303608837284e-14)
Optimization improved residual by 0.011313875721165744 (from 0.011313875721173 to 7.255871979425355e-15)
Optimization improved residual by 0.0001042606983896315 (from 0.00010426069857730925 to 1.8767775853062952e-13)
Optimization improved residual by 0.013795828181646229 (from 0.013795828182263676 to 6.174463831298488e-13)
Optimization improved residual by 0.0002510055087978476 (from 0.0002510055093606372 to 5.627895968703671e-13)
Optimization did not improve residual (initial: 5.685618120851778e-14, final: 5.685618120851778e-14)
Optimization did not improve residual (initial: 2.455860459647729e-18, final: 2.455860459647729e-18)
Optimization improved residual by 0.007052699357023876 (from 0.007052699357032812 to 8.936306691267008e-15)
Optimization improved residual by 0.0009184991958140594 (from 0.0009184991959095639 to 9.550440044625002e-14)
Optimization improved residual by 2.1044653221852176e-5 (from 2.1044653376791568e-5 to 1.5493939076730465e-13)
Optimization improved residual by 0.023469276917851917 (from 0.023469276917882215 to 3.0298697612954777e-14)
Optimization did not improve residual (initial: 1.75020446949211e-17, final: 1.75020446949211e-17)
Optimization improved residual by 0.019549292372449175 (from 0.01954929237311715 to 6.679749403624182e-13)
Optimization improved residual by 0.002116500878506264 (from 0.0021165008785767082 to 7.044401833322469e-14)
Optimization improved residual by 0.00022017454510798014 (from 0.00022017454511666986 to 8.689711208184574e-15)
Optimization improved residual by 0.0005179999164915139 (from 0.0005179999171145313 to 6.230174782362392e-13)
Optimization improved residual by 0.0016959343572927558 (from 0.0016959343572996873 to 6.93150090303369e-15)
Optimization improved residual by 0.00012594505946742594 (from 0.00012594505976034682 to 2.9292088108762146e-13)
Optimization improved residual by 0.0014996320812545106 (from 0.0014996320814941275 to 2.396169701068285e-13)
Optimization improved residual by 0.04451521686310306 (from 0.044515216863177165 to 7.410764888790228e-14)
Optimization improved residual by 0.012266758732485766 (from 0.012266758733079376 to 5.936099377896226e-13)
Optimization improved residual by 0.00705269935701252 (from 0.007052699357032812 to 2.029172437567186e-14)
Optimization did not improve residual (initial: 3.4382410307627672e-15, final: 3.4382410307627672e-15)
Optimization improved residual by 0.0009184991958140594 (from 0.0009184991959095639 to 9.550440044625002e-14)
Optimization did not improve residual (initial: 2.88841023631411e-15, final: 2.88841023631411e-15)
Optimization improved residual by 0.0001396213180334265 (from 0.0001396213187972997 to 7.638732094208638e-13)
Optimization improved residual by 0.00822143377160175 (from 0.00822143377213785 to 5.361013106958967e-13)
Optimization improved residual by 1.2089398623623719e-6 (from 1.208940686026231e-6 to 8.236638592843583e-13)
Optimization improved residual by 0.0588383345999497 (from 0.05883833459995269 to 2.9921053340013672e-15)
Optimization improved residual by 0.012266758732556947 (from 0.012266758733079376 to 5.224289898718168e-13)
Optimization improved residual by 0.012266758732485766 (from 0.012266758733079376 to 5.936099377896226e-13)
Optimization did not improve residual (initial: 9.727729590274579e-19, final: 9.727729590274579e-19)
Optimization improved residual by 0.023469276917864233 (from 0.023469276917882215 to 1.7983200228845952e-14)
Optimization improved residual by 0.0009184991958145092 (from 0.0009184991959095639 to 9.505473632915152e-14)
Optimization did not improve residual (initial: 4.810346162249147e-16, final: 4.810346162249147e-16)
Optimization improved residual by 0.02204072143374802 (from 0.02204072143378189 to 3.387389625751359e-14)
Optimization improved residual by 0.00015663996387855635 (from 0.0001566399640428582 to 1.6430186460423015e-13)
Optimization improved residual by 0.0008675889640483804 (from 0.0008675889640690531 to 2.067268014825467e-14)
Optimization improved residual by 0.04451521686310306 (from 0.044515216863177165 to 7.410764888790228e-14)
Optimization improved residual by 0.0031732621107833114 (from 0.0031732621107895213 to 6.21004427775157e-15)
Optimization improved residual by 0.007486238601154559 (from 0.007486238601190597 to 3.603790516629824e-14)
Optimization improved residual by 0.05883833459980066 (from 0.05883833459995269 to 1.5203371950892454e-13)
Optimization improved residual by 0.013874324334303072 (from 0.013874324334314332 to 1.1259852219133113e-14)
Optimization improved residual by 0.023469276917864233 (from 0.023469276917882215 to 1.7983200228845952e-14)
Optimization did not improve residual (initial: 6.262917099651588e-17, final: 6.262917099651588e-17)
Optimization improved residual by 6.309745588826397e-5 (from 6.309745674014865e-5 to 8.518846812922144e-13)
Optimization did not improve residual (initial: 2.88841023631411e-15, final: 2.88841023631411e-15)
Optimization improved residual by 0.0031732621107833114 (from 0.0031732621107895213 to 6.21004427775157e-15)
Optimization improved residual by 0.5045784226180573 (from 0.5045784226190545 to 9.972383445746758e-13)
Optimization improved residual by 0.3087355426782251 (from 0.3087355426782748 to 4.967824650745205e-14)
Optimization did not improve residual (initial: 7.117530574212989e-16, final: 7.117530574212989e-16)
Optimization improved residual by 0.05883833459980066 (from 0.05883833459995269 to 1.5203371950892454e-13)
Optimization improved residual by 1.0376740588454764e-5 (from 1.0376740607652181e-5 to 1.9197416477190627e-14)
Optimization improved residual by 9.471238636757866e-5 (from 9.47123863734934e-5 to 5.9147372232978465e-15)
Optimization did not improve residual (initial: 1.476272901357126e-17, final: 1.476272901357126e-17)
Optimization did not improve residual (initial: 3.0694763253443853e-17, final: 3.0694763253443853e-17)
Optimization did not improve residual (initial: 1.0189094344129326e-17, final: 1.0189094344129326e-17)
Optimization improved residual by 4.2152942325419774e-5 (from 4.21529429915393e-5 to 6.661195203045452e-13)
Optimization did not improve residual (initial: 2.916130686173345e-13, final: 2.916130686173345e-13)
Optimization improved residual by 0.3087355426782251 (from 0.3087355426782748 to 4.967824650745205e-14)
Optimization improved residual by 0.009203219517390353 (from 0.009203219517470981 to 8.062858765262008e-14)
Optimization improved residual by 0.0010000976942272555 (from 0.0010000976944350818 to 2.0782633901890865e-13)
Optimization improved residual by 0.022040721433594895 (from 0.02204072143378189 to 1.8699558501269156e-13)
Optimization improved residual by 1.553144218093239e-5 (from 1.5531442207610394e-5 to 2.6678005201482023e-14)
Optimization did not improve residual (initial: 5.766058726609139e-17, final: 5.766058726609139e-17)
Optimization improved residual by 0.0003634746545016004 (from 0.0003634746554829854 to 9.813849887224013e-13)
Optimization did not improve residual (initial: 8.437130005629771e-18, final: 8.437130005629771e-18)
Optimization improved residual by 0.003868123999109979 (from 0.0038681239991113538 to 1.3746110687825556e-15)
Optimization improved residual by 0.008221433771591147 (from 0.008221433772137859 to 5.467112213104224e-13)
Optimization improved residual by 0.0005010544219401504 (from 0.0005010544219422485 to 2.098109863591653e-15)
Optimization did not improve residual (initial: 4.4333146229667786e-17, final: 4.4333146229667786e-17)
Optimization improved residual by 0.01065062523427111 (from 0.010650625234279973 to 8.861916791743976e-15)
Optimization improved residual by 0.0038681239990909703 (from 0.0038681239991113538 to 2.0383255941254618e-14)
Optimization improved residual by 0.0018543158222032261 (from 0.0018543158223824172 to 1.7919115524215065e-13)
Optimization did not improve residual (initial: 3.6098651049873246e-14, final: 3.6098651049873246e-14)
Optimization did not improve residual (initial: 1.1854496978209453e-17, final: 1.1854496978209453e-17)
Optimization did not improve residual (initial: 4.53082018885576e-18, final: 4.53082018885576e-18)
Optimization improved residual by 0.0004586725969197177 (from 0.0004586725970010349 to 8.131724258048571e-14)
Optimization improved residual by 0.00028332678324693875 (from 0.00028332678362436156 to 3.7742280491299974e-13)
Optimization improved residual by 0.009225494904754408 (from 0.009225494904767406 to 1.2998118151824007e-14)
Optimization improved residual by 0.007486238601154559 (from 0.007486238601190597 to 3.603790516629824e-14)
Optimization improved residual by 0.033099512077668425 (from 0.03309951207860172 to 9.33294163110905e-13)
Optimization improved residual by 0.0004560090955253153 (from 0.00045600909553780055 to 1.2485256712769701e-14)
Optimization improved residual by 0.021257198802062807 (from 0.0212571988026049 to 5.420934295597056e-13)
Optimization improved residual by 37.771625552816026 (from 37.771625552816246 to 2.215508190365109e-13)
Optimization improved residual by 0.013795828182075236 (from 0.013795828182263676 to 1.8843885407314659e-13)
Optimization improved residual by 0.03033492286196545 (from 0.030334922861980373 to 1.4921735725551963e-14)
Optimization did not improve residual (initial: 6.262917099651588e-17, final: 6.262917099651588e-17)
Optimization improved residual by 2.729240332520717e-6 (from 2.7292405713280825e-6 to 2.38807365401047e-13)
Optimization improved residual by 0.0006605588533676928 (from 0.0006605588534077874 to 4.00945936934074e-14)
Optimization improved residual by 0.0061312333391901975 (from 0.006131233339253879 to 6.368157281412115e-14)
Optimization improved residual by 0.003868123999109979 (from 0.0038681239991113538 to 1.3746110687825556e-15)
Optimization improved residual by 0.0588383345999497 (from 0.05883833459995269 to 2.9921053340013672e-15)
Optimization improved residual by 1.3037531439121397e-5 (from 1.3037531719776108e-5 to 2.8065471039773407e-13)
Optimization improved residual by 0.04451521686315713 (from 0.044515216863177165 to 2.003303128404514e-14)
Optimization improved residual by 0.0017615523863375076 (from 0.0017615523870718754 to 7.343679348640526e-13)
Optimization did not improve residual (initial: 3.6098651049873246e-14, final: 3.6098651049873246e-14)
Optimization improved residual by 0.00021091635445133765 (from 0.00021091635459750128 to 1.4616361497341535e-13)
Optimization improved residual by 0.003663395281878815 (from 0.0036633952818881004 to 9.285389531572106e-15)
Optimization improved residual by 0.0002246278252205826 (from 0.00022462782582858152 to 6.079989211452013e-13)
Optimization improved residual by 0.0006832369186493367 (from 0.0006832369187949639 to 1.4562724109788286e-13)
Optimization improved residual by 0.0002510055087978476 (from 0.0002510055093606372 to 5.627895968703671e-13)
Optimization improved residual by 4.193662202669786e-5 (from 4.193662221984486e-5 to 1.9314700069891087e-13)
Optimization improved residual by 0.0004586725969918371 (from 0.0004586725970010349 to 9.19777490513124e-15)
Optimization improved residual by 0.00578941306287047 (from 0.005789413063546673 to 6.762033957803863e-13)
Optimization improved residual by 3.321736722558131e-5 (from 3.3217367900063574e-5 to 6.74482268844184e-13)
Optimization improved residual by 0.0016795182522088212 (from 0.001679518252275363 to 6.654191858722572e-14)
Optimization improved residual by 0.0033445861921824215 (from 0.003344586192189064 to 6.642211870960166e-15)
Optimization improved residual by 37.771625552816225 (from 37.771625552816246 to 2.0619342467190795e-14)
Optimization did not improve residual (initial: 9.040169067925112e-18, final: 9.040169067925112e-18)
Optimization improved residual by 0.023469276917851917 (from 0.023469276917882215 to 3.0298697612954777e-14)
Optimization improved residual by 0.02084077052550203 (from 0.020840770525567064 to 6.50348324145956e-14)
Optimization improved residual by 0.013874324334302992 (from 0.013874324334314332 to 1.1340085822304836e-14)
Optimization improved residual by 0.0001064443020504206 (from 0.00010644430257956272 to 5.291421198618037e-13)
Optimization improved residual by 0.012266758732556947 (from 0.012266758733079376 to 5.224289898718168e-13)
Optimization improved residual by 0.2645572612802158 (from 0.26455726128069 to 4.742363810506122e-13)
Optimization improved residual by 0.010650625234265753 (from 0.010650625234279973 to 1.4219743575862296e-14)
Optimization did not improve residual (initial: 5.164570959811382e-13, final: 5.164570959811382e-13)
Optimization improved residual by 0.3087355426782742 (from 0.30873554267827474 to 5.677956587664898e-16)
Optimization improved residual by 0.0006009488762520469 (from 0.0006009488762648315 to 1.2784688760477078e-14)
Optimization improved residual by 0.013874324334303072 (from 0.013874324334314332 to 1.1259852219133113e-14)
Optimization improved residual by 0.5597361094649672 (from 0.5597361094649834 to 1.6253833177153674e-14)
Optimization improved residual by 7.522792551736289e-5 (from 7.522792554319177e-5 to 2.5828875073168076e-14)
Optimization improved residual by 4.215294243726375e-5 (from 4.215294299153929e-5 to 5.54275539405875e-13)


































































































