LinearAlgebra.PosDefException(2)
LinearAlgebra.PosDefException(3)
LinearAlgebra.PosDefException(2)
LinearAlgebra.PosDefException(4)
LinearAlgebra.PosDefException(3)
LinearAlgebra.PosDefException(5)
LinearAlgebra.PosDefException(75)
LinearAlgebra.PosDefException(2)
LinearAlgebra.PosDefException(2)
LinearAlgebra.PosDefException(2)
LinearAlgebra.PosDefException(2)
LinearAlgebra.PosDefException(7)
LinearAlgebra.PosDefException(5)
LinearAlgebra.PosDefException(4)
LinearAlgebra.PosDefException(47)
LinearAlgebra.PosDefException(3)
LinearAlgebra.PosDefException(5)
LinearAlgebra.PosDefException(4)
LinearAlgebra.PosDefException(4)
LinearAlgebra.PosDefException(10)
LinearAlgebra.PosDefException(344)
Noise level is too low, using  AAA
LinearAlgebra.PosDefException(2)
LinearAlgebra.PosDefException(2)
LinearAlgebra.PosDefException(3)
LinearAlgebra.PosDefException(4)
LinearAlgebra.PosDefException(3)
LinearAlgebra.PosDefException(6)
LinearAlgebra.PosDefException(83)
LinearAlgebra.PosDefException(3)
LinearAlgebra.PosDefException(2)
LinearAlgebra.PosDefException(2)
LinearAlgebra.PosDefException(2)
LinearAlgebra.PosDefException(4)
LinearAlgebra.PosDefException(5)
LinearAlgebra.PosDefException(4)
LinearAlgebra.PosDefException(52)
LinearAlgebra.PosDefException(5)
LinearAlgebra.PosDefException(5)
LinearAlgebra.PosDefException(5)
LinearAlgebra.PosDefException(4)
LinearAlgebra.PosDefException(133)
LinearAlgebra.PosDefException(218)
Noise level is too low, using  AAA
LinearAlgebra.PosDefException(3)
LinearAlgebra.PosDefException(2)
LinearAlgebra.PosDefException(3)
LinearAlgebra.PosDefException(4)
LinearAlgebra.PosDefException(3)
LinearAlgebra.PosDefException(4)
LinearAlgebra.PosDefException(81)
LinearAlgebra.PosDefException(2)
LinearAlgebra.PosDefException(2)
LinearAlgebra.PosDefException(2)
LinearAlgebra.PosDefException(2)
LinearAlgebra.PosDefException(4)
LinearAlgebra.PosDefException(3)
LinearAlgebra.PosDefException(4)
LinearAlgebra.PosDefException(52)
LinearAlgebra.PosDefException(6)
LinearAlgebra.PosDefException(6)
LinearAlgebra.PosDefException(287)
LinearAlgebra.PosDefException(169)
Noise level is too low, using  AAA
LinearAlgebra.PosDefException(2)
LinearAlgebra.PosDefException(3)
LinearAlgebra.PosDefException(2)
LinearAlgebra.PosDefException(4)
LinearAlgebra.PosDefException(3)
LinearAlgebra.PosDefException(5)
LinearAlgebra.PosDefException(87)
LinearAlgebra.PosDefException(2)
LinearAlgebra.PosDefException(2)
LinearAlgebra.PosDefException(6)
LinearAlgebra.PosDefException(3)
LinearAlgebra.PosDefException(6)
LinearAlgebra.PosDefException(3)
LinearAlgebra.PosDefException(4)
LinearAlgebra.PosDefException(47)
LinearAlgebra.PosDefException(380)
LinearAlgebra.PosDefException(5)
LinearAlgebra.PosDefException(6)
LinearAlgebra.PosDefException(9)
LinearAlgebra.PosDefException(4)
LinearAlgebra.PosDefException(10)
LinearAlgebra.PosDefException(233)
Noise level is too low, using  AAA
DEBUG [determine_optimal_points_count]: Large num points: 1
DEBUG [determine_optimal_points_count]: Good num points: 1
DEBUG [multipoint_parameter_estimation]: Parameter estimation using this many points: 1

DEBUG [pick_points]: Starting point selection...
DEBUG [pick_points]: Number of points to pick: 1
DEBUG [pick_points]: Total points available: 1001
DEBUG [pick_points]: Number of interpolants: 4

DEBUG [pick_points]: Computing interestingness scores...
DEBUG [pick_points]: Processed 100 points
DEBUG [pick_points]: Processed 200 points
DEBUG [pick_points]: Processed 300 points
DEBUG [pick_points]: Processed 400 points
DEBUG [pick_points]: Processed 500 points
DEBUG [pick_points]: Processed 600 points
DEBUG [pick_points]: Processed 700 points
DEBUG [pick_points]: Processed 800 points
DEBUG [pick_points]: Processed 900 points
DEBUG [pick_points]: Processed 1000 points

DEBUG [pick_points]: Score statistics:
DEBUG [pick_points]: Min score: 0.2628297119221577
DEBUG [pick_points]: Max score: 2.8375882029812617e9
DEBUG [pick_points]: Mean score: 5.370141324542275e6
DEBUG [pick_points]: Normalized scores

DEBUG [pick_points]: Selected 1 points
DEBUG [pick_points]: Selected time points: [-0.224]
aa_system
Any[_t389_p_t_ - 2519879827931715//9007199254740992, _t389_e_t_ - 1792411253994285//9007199254740992, _t389_eˍt_t_ + 173313963860513//2251799813685248, _t389_eˍtt_t_ + 943480427631//281474976710656, _t389_eˍttt_t_ - 4984067709099//70368744177664, _t389_eˍtttt_t_ + 336432566275//2199023255552, _t389_s_t_ + _t389_m_t_ - 5744335907754865//4503599627370496, _t389_sˍt_t_ + _t389_mˍt_t_ + 707163308511427//2251799813685248, _t389_mˍtt_t_ + _t389_sˍtt_t_ - 20199008809611//281474976710656, _t389_mˍttt_t_ + _t389_sˍttt_t_ + 2558371521507//70368744177664, _t389_sˍtttt_t_ + _t389_mˍtttt_t_ - 535966924737//4398046511104, _t389_mˍttttt_t_ + _t389_sˍttttt_t_ + 110184830461//274877906944, _t389_n_t_ - 4950472304091149//36028797018963968, _t389_nˍt_t_ - 328515954461//274877906944, _t389_nˍtt_t_ - 2359261342247//16777216, _t389_nˍttt_t_ - 2905654319069//128, _t389_nˍtttt_t_ - 4885970648797184, _t389_nˍttttt_t_ - 1314551921705241018368, -_tprhoE_*_t389_e_t_*_t389_p_t_ + _tpdeltaEL_*_t389_e_t_ + _tpmuEE_*_t389_e_t_^2 - _tpdeltaNE_*_t389_n_t_*_t389_p_t_ + _t389_eˍt_t_, -_tprhoE_*_t389_e_t_*_t389_pˍt_t_ - _tprhoE_*_t389_p_t_*_t389_eˍt_t_ + _tpdeltaEL_*_t389_eˍt_t_ + 2*_tpmuEE_*_t389_e_t_*_t389_eˍt_t_ - _tpdeltaNE_*_t389_n_t_*_t389_pˍt_t_ - _tpdeltaNE_*_t389_p_t_*_t389_nˍt_t_ + _t389_eˍtt_t_, -_tprhoE_*_t389_e_t_*_t389_pˍtt_t_ - _tprhoE_*_t389_p_t_*_t389_eˍtt_t_ - 2*_tprhoE_*_t389_eˍt_t_*_t389_pˍt_t_ + _tpdeltaEL_*_t389_eˍtt_t_ + 2*_tpmuEE_*_t389_e_t_*_t389_eˍtt_t_ + 2*_tpmuEE_*_t389_eˍt_t_^2 - _tpdeltaNE_*_t389_n_t_*_t389_pˍtt_t_ - _tpdeltaNE_*_t389_p_t_*_t389_nˍtt_t_ - 2*_tpdeltaNE_*_t389_nˍt_t_*_t389_pˍt_t_ + _t389_eˍttt_t_, -_tprhoE_*_t389_e_t_*_t389_pˍttt_t_ - _tprhoE_*_t389_p_t_*_t389_eˍttt_t_ - 3*_tprhoE_*_t389_eˍt_t_*_t389_pˍtt_t_ - 3*_tprhoE_*_t389_eˍtt_t_*_t389_pˍt_t_ + _tpdeltaEL_*_t389_eˍttt_t_ + 2*_tpmuEE_*_t389_e_t_*_t389_eˍttt_t_ + 6*_tpmuEE_*_t389_eˍt_t_*_t389_eˍtt_t_ - _tpdeltaNE_*_t389_n_t_*_t389_pˍttt_t_ - _tpdeltaNE_*_t389_p_t_*_t389_nˍttt_t_ - 3*_tpdeltaNE_*_t389_nˍt_t_*_t389_pˍtt_t_ - 3*_tpdeltaNE_*_t389_nˍtt_t_*_t389_pˍt_t_ + _t389_eˍtttt_t_, _tpmuLL_*_t389_s_t_^2 - _tpdeltaEL_*_t389_s_t_ + _tpmuLE_*_t389_e_t_*_t389_s_t_ + _tpdeltaLM_*_t389_s_t_ + _t389_sˍt_t_, _tpmuM_*_t389_m_t_ - _tpdeltaLM_*_t389_s_t_ + _t389_mˍt_t_, _tpmuM_*_t389_mˍt_t_ - _tpdeltaLM_*_t389_sˍt_t_ + _t389_mˍtt_t_, 2*_tpmuLL_*_t389_s_t_*_t389_sˍt_t_ - _tpdeltaEL_*_t389_sˍt_t_ + _tpmuLE_*_t389_e_t_*_t389_sˍt_t_ + _tpmuLE_*_t389_s_t_*_t389_eˍt_t_ + _tpdeltaLM_*_t389_sˍt_t_ + _t389_sˍtt_t_, _tpmuM_*_t389_mˍtt_t_ - _tpdeltaLM_*_t389_sˍtt_t_ + _t389_mˍttt_t_, 2*_tpmuLL_*_t389_s_t_*_t389_sˍtt_t_ + 2*_tpmuLL_*_t389_sˍt_t_^2 - _tpdeltaEL_*_t389_sˍtt_t_ + _tpmuLE_*_t389_e_t_*_t389_sˍtt_t_ + _tpmuLE_*_t389_s_t_*_t389_eˍtt_t_ + 2*_tpmuLE_*_t389_eˍt_t_*_t389_sˍt_t_ + _tpdeltaLM_*_t389_sˍtt_t_ + _t389_sˍttt_t_, 2*_tpmuLL_*_t389_s_t_*_t389_sˍttt_t_ + 6*_tpmuLL_*_t389_sˍt_t_*_t389_sˍtt_t_ - _tpdeltaEL_*_t389_sˍttt_t_ + _tpmuLE_*_t389_e_t_*_t389_sˍttt_t_ + _tpmuLE_*_t389_s_t_*_t389_eˍttt_t_ + 3*_tpmuLE_*_t389_eˍt_t_*_t389_sˍtt_t_ + 3*_tpmuLE_*_t389_eˍtt_t_*_t389_sˍt_t_ + _tpdeltaLM_*_t389_sˍttt_t_ + _t389_sˍtttt_t_, _tpmuM_*_t389_mˍttt_t_ - _tpdeltaLM_*_t389_sˍttt_t_ + _t389_mˍtttt_t_, _tpmuM_*_t389_mˍtttt_t_ - _tpdeltaLM_*_t389_sˍtttt_t_ + _t389_mˍttttt_t_, 2*_tpmuLL_*_t389_s_t_*_t389_sˍtttt_t_ + 8*_tpmuLL_*_t389_sˍt_t_*_t389_sˍttt_t_ + 6*_tpmuLL_*_t389_sˍtt_t_^2 - _tpdeltaEL_*_t389_sˍtttt_t_ + _tpmuLE_*_t389_e_t_*_t389_sˍtttt_t_ + _tpmuLE_*_t389_s_t_*_t389_eˍtttt_t_ + 4*_tpmuLE_*_t389_eˍt_t_*_t389_sˍttt_t_ + 6*_tpmuLE_*_t389_eˍtt_t_*_t389_sˍtt_t_ + 4*_tpmuLE_*_t389_eˍttt_t_*_t389_sˍt_t_ + _tpdeltaLM_*_t389_sˍtttt_t_ + _t389_sˍttttt_t_, _tpmuN_*_t389_n_t_ + _tpdeltaNE_*_t389_n_t_*_t389_p_t_ + _t389_nˍt_t_, _tpmuN_*_t389_nˍt_t_ + _tpdeltaNE_*_t389_n_t_*_t389_pˍt_t_ + _tpdeltaNE_*_t389_p_t_*_t389_nˍt_t_ + _t389_nˍtt_t_, _tpmuN_*_t389_nˍtt_t_ + _tpdeltaNE_*_t389_n_t_*_t389_pˍtt_t_ + _tpdeltaNE_*_t389_p_t_*_t389_nˍtt_t_ + 2*_tpdeltaNE_*_t389_nˍt_t_*_t389_pˍt_t_ + _t389_nˍttt_t_, _tpmuN_*_t389_nˍttt_t_ + _tpdeltaNE_*_t389_n_t_*_t389_pˍttt_t_ + _tpdeltaNE_*_t389_p_t_*_t389_nˍttt_t_ + 3*_tpdeltaNE_*_t389_nˍt_t_*_t389_pˍtt_t_ + 3*_tpdeltaNE_*_t389_nˍtt_t_*_t389_pˍt_t_ + _t389_nˍtttt_t_, _tpmuN_*_t389_nˍtttt_t_ + _tpdeltaNE_*_t389_n_t_*_t389_pˍtttt_t_ + _tpdeltaNE_*_t389_p_t_*_t389_nˍtttt_t_ + 4*_tpdeltaNE_*_t389_nˍt_t_*_t389_pˍttt_t_ + 6*_tpdeltaNE_*_t389_nˍtt_t_*_t389_pˍtt_t_ + 4*_tpdeltaNE_*_t389_nˍttt_t_*_t389_pˍt_t_ + _t389_nˍttttt_t_, _tpmuPE_*_t389_e_t_*_t389_p_t_ + _tpmuPL_*_t389_s_t_*_t389_p_t_ - _tprhoP_*_t389_p_t_^2 + _tpmuP_*_t389_p_t_ + _t389_pˍt_t_, _tpmuPE_*_t389_e_t_*_t389_pˍt_t_ + _tpmuPE_*_t389_p_t_*_t389_eˍt_t_ + _tpmuPL_*_t389_s_t_*_t389_pˍt_t_ + _tpmuPL_*_t389_p_t_*_t389_sˍt_t_ - 2*_tprhoP_*_t389_p_t_*_t389_pˍt_t_ + _tpmuP_*_t389_pˍt_t_ + _t389_pˍtt_t_, _tpmuPE_*_t389_e_t_*_t389_pˍtt_t_ + _tpmuPE_*_t389_p_t_*_t389_eˍtt_t_ + 2*_tpmuPE_*_t389_eˍt_t_*_t389_pˍt_t_ + _tpmuPL_*_t389_s_t_*_t389_pˍtt_t_ + _tpmuPL_*_t389_p_t_*_t389_sˍtt_t_ + 2*_tpmuPL_*_t389_sˍt_t_*_t389_pˍt_t_ - 2*_tprhoP_*_t389_p_t_*_t389_pˍtt_t_ - 2*_tprhoP_*_t389_pˍt_t_^2 + _tpmuP_*_t389_pˍtt_t_ + _t389_pˍttt_t_, _tpmuPE_*_t389_e_t_*_t389_pˍttt_t_ + _tpmuPE_*_t389_p_t_*_t389_eˍttt_t_ + 3*_tpmuPE_*_t389_eˍt_t_*_t389_pˍtt_t_ + 3*_tpmuPE_*_t389_eˍtt_t_*_t389_pˍt_t_ + _tpmuPL_*_t389_s_t_*_t389_pˍttt_t_ + _tpmuPL_*_t389_p_t_*_t389_sˍttt_t_ + 3*_tpmuPL_*_t389_sˍt_t_*_t389_pˍtt_t_ + 3*_tpmuPL_*_t389_sˍtt_t_*_t389_pˍt_t_ - 2*_tprhoP_*_t389_p_t_*_t389_pˍttt_t_ - 6*_tprhoP_*_t389_pˍt_t_*_t389_pˍtt_t_ + _tpmuP_*_t389_pˍttt_t_ + _t389_pˍtttt_t_]
R
Multivariate polynomial ring in 41 variables over rationals
primes of bitsize 28
G-Q-Pt-FG-LT-LP(U)
G-Q-Pt-FG-LT-LP(U)
G-Q-Pt-FG-LT-LP(U)
G-Q-Pt-FG-LT-LP(U)
G-Q-Pt-FG-LT-LP(U)
G-Q-Pt-FG-LT-LP(U)
G-Q-Pt-FG-LT-LP(U)
G-Q-Pt-FG-LT-LP(U)
G-Q-Pt-FG-LT-LP(U)
G-Q-Pt-FG-LT-LP(C)
Dimension of the quotient :41
Degree of the radical :41
Use variable 32 as separating element
Run Groebner learn
Test cyclic optimization
Apply cyclic optimization 
Multi-modular computation (1 threads): G-Q-Pt-FG-LT-LP(C)
5-9-13-17-21-25-29-33-37-41-45-49-53-61-69-77-85-93-105-117-129-141-157-173-193-213-237-261-289-317-349-385-425-469-517-569-625-689-757-833-917-1009-1109-1221-1345-1481-1629-1793-1973-2173-2393-2633-2897-3189-3509-3861-
check-G-Q-Pt-FG-LT-LP(C)
Nb Primes used :3861
┌ Warning: Interrupted. Larger maxiters is needed. If you are using an integrator for non-stiff ODEs or an automatic switching algorithm (the default), you may want to consider using a method for stiff equations. See the solver pages for more details (e.g. https://docs.sciml.ai/DiffEqDocs/stable/solvers/ode_solve/#Stiff-Problems).
└ @ SciMLBase ~/.julia/packages/SciMLBase/Pma4a/src/integrator_interface.jl:589
┌ Warning: Interrupted. Larger maxiters is needed. If you are using an integrator for non-stiff ODEs or an automatic switching algorithm (the default), you may want to consider using a method for stiff equations. See the solver pages for more details (e.g. https://docs.sciml.ai/DiffEqDocs/stable/solvers/ode_solve/#Stiff-Problems).
└ @ SciMLBase ~/.julia/packages/SciMLBase/Pma4a/src/integrator_interface.jl:589
┌ Warning: Interrupted. Larger maxiters is needed. If you are using an integrator for non-stiff ODEs or an automatic switching algorithm (the default), you may want to consider using a method for stiff equations. See the solver pages for more details (e.g. https://docs.sciml.ai/DiffEqDocs/stable/solvers/ode_solve/#Stiff-Problems).
└ @ SciMLBase ~/.julia/packages/SciMLBase/Pma4a/src/integrator_interface.jl:589
┌ Warning: Interrupted. Larger maxiters is needed. If you are using an integrator for non-stiff ODEs or an automatic switching algorithm (the default), you may want to consider using a method for stiff equations. See the solver pages for more details (e.g. https://docs.sciml.ai/DiffEqDocs/stable/solvers/ode_solve/#Stiff-Problems).
└ @ SciMLBase ~/.julia/packages/SciMLBase/Pma4a/src/integrator_interface.jl:589
┌ Warning: Interrupted. Larger maxiters is needed. If you are using an integrator for non-stiff ODEs or an automatic switching algorithm (the default), you may want to consider using a method for stiff equations. See the solver pages for more details (e.g. https://docs.sciml.ai/DiffEqDocs/stable/solvers/ode_solve/#Stiff-Problems).
└ @ SciMLBase ~/.julia/packages/SciMLBase/Pma4a/src/integrator_interface.jl:589
┌ Warning: Interrupted. Larger maxiters is needed. If you are using an integrator for non-stiff ODEs or an automatic switching algorithm (the default), you may want to consider using a method for stiff equations. See the solver pages for more details (e.g. https://docs.sciml.ai/DiffEqDocs/stable/solvers/ode_solve/#Stiff-Problems).
└ @ SciMLBase ~/.julia/packages/SciMLBase/Pma4a/src/integrator_interface.jl:589
┌ Warning: Interrupted. Larger maxiters is needed. If you are using an integrator for non-stiff ODEs or an automatic switching algorithm (the default), you may want to consider using a method for stiff equations. See the solver pages for more details (e.g. https://docs.sciml.ai/DiffEqDocs/stable/solvers/ode_solve/#Stiff-Problems).
└ @ SciMLBase ~/.julia/packages/SciMLBase/Pma4a/src/integrator_interface.jl:589
┌ Warning: Interrupted. Larger maxiters is needed. If you are using an integrator for non-stiff ODEs or an automatic switching algorithm (the default), you may want to consider using a method for stiff equations. See the solver pages for more details (e.g. https://docs.sciml.ai/DiffEqDocs/stable/solvers/ode_solve/#Stiff-Problems).
└ @ SciMLBase ~/.julia/packages/SciMLBase/Pma4a/src/integrator_interface.jl:589
┌ Warning: Interrupted. Larger maxiters is needed. If you are using an integrator for non-stiff ODEs or an automatic switching algorithm (the default), you may want to consider using a method for stiff equations. See the solver pages for more details (e.g. https://docs.sciml.ai/DiffEqDocs/stable/solvers/ode_solve/#Stiff-Problems).
└ @ SciMLBase ~/.julia/packages/SciMLBase/Pma4a/src/integrator_interface.jl:589
┌ Warning: Interrupted. Larger maxiters is needed. If you are using an integrator for non-stiff ODEs or an automatic switching algorithm (the default), you may want to consider using a method for stiff equations. See the solver pages for more details (e.g. https://docs.sciml.ai/DiffEqDocs/stable/solvers/ode_solve/#Stiff-Problems).
└ @ SciMLBase ~/.julia/packages/SciMLBase/Pma4a/src/integrator_interface.jl:589
┌ Warning: At t=-0.2241174989345489, dt was forced below floating point epsilon -2.4820366140872653e-17, and step error estimate = 1.066216050544369. Aborting. There is either an error in your model specification or the true solution is unstable (or the true solution can not be represented in the precision of Float64).
└ @ SciMLBase ~/.julia/packages/SciMLBase/Pma4a/src/integrator_interface.jl:623
┌ Warning: Interrupted. Larger maxiters is needed. If you are using an integrator for non-stiff ODEs or an automatic switching algorithm (the default), you may want to consider using a method for stiff equations. See the solver pages for more details (e.g. https://docs.sciml.ai/DiffEqDocs/stable/solvers/ode_solve/#Stiff-Problems).
└ @ SciMLBase ~/.julia/packages/SciMLBase/Pma4a/src/integrator_interface.jl:589
┌ Warning: Interrupted. Larger maxiters is needed. If you are using an integrator for non-stiff ODEs or an automatic switching algorithm (the default), you may want to consider using a method for stiff equations. See the solver pages for more details (e.g. https://docs.sciml.ai/DiffEqDocs/stable/solvers/ode_solve/#Stiff-Problems).
└ @ SciMLBase ~/.julia/packages/SciMLBase/Pma4a/src/integrator_interface.jl:589
┌ Warning: Interrupted. Larger maxiters is needed. If you are using an integrator for non-stiff ODEs or an automatic switching algorithm (the default), you may want to consider using a method for stiff equations. See the solver pages for more details (e.g. https://docs.sciml.ai/DiffEqDocs/stable/solvers/ode_solve/#Stiff-Problems).
└ @ SciMLBase ~/.julia/packages/SciMLBase/Pma4a/src/integrator_interface.jl:589
┌ Warning: Interrupted. Larger maxiters is needed. If you are using an integrator for non-stiff ODEs or an automatic switching algorithm (the default), you may want to consider using a method for stiff equations. See the solver pages for more details (e.g. https://docs.sciml.ai/DiffEqDocs/stable/solvers/ode_solve/#Stiff-Problems).
└ @ SciMLBase ~/.julia/packages/SciMLBase/Pma4a/src/integrator_interface.jl:589
┌ Warning: Interrupted. Larger maxiters is needed. If you are using an integrator for non-stiff ODEs or an automatic switching algorithm (the default), you may want to consider using a method for stiff equations. See the solver pages for more details (e.g. https://docs.sciml.ai/DiffEqDocs/stable/solvers/ode_solve/#Stiff-Problems).
└ @ SciMLBase ~/.julia/packages/SciMLBase/Pma4a/src/integrator_interface.jl:589
┌ Warning: At t=-0.22413758888233556, dt was forced below floating point epsilon -2.4787242364480964e-17, and step error estimate = 1.0805525597183305. Aborting. There is either an error in your model specification or the true solution is unstable (or the true solution can not be represented in the precision of Float64).
└ @ SciMLBase ~/.julia/packages/SciMLBase/Pma4a/src/integrator_interface.jl:623
┌ Warning: Interrupted. Larger maxiters is needed. If you are using an integrator for non-stiff ODEs or an automatic switching algorithm (the default), you may want to consider using a method for stiff equations. See the solver pages for more details (e.g. https://docs.sciml.ai/DiffEqDocs/stable/solvers/ode_solve/#Stiff-Problems).
└ @ SciMLBase ~/.julia/packages/SciMLBase/Pma4a/src/integrator_interface.jl:589
┌ Warning: At t=-0.9999986343805488, dt was forced below floating point epsilon 1.1102230246251565e-16, and step error estimate = 1.1112334558190475. Aborting. There is either an error in your model specification or the true solution is unstable (or the true solution can not be represented in the precision of Float64).
└ @ SciMLBase ~/.julia/packages/SciMLBase/Pma4a/src/integrator_interface.jl:623
┌ Warning: Interrupted. Larger maxiters is needed. If you are using an integrator for non-stiff ODEs or an automatic switching algorithm (the default), you may want to consider using a method for stiff equations. See the solver pages for more details (e.g. https://docs.sciml.ai/DiffEqDocs/stable/solvers/ode_solve/#Stiff-Problems).
└ @ SciMLBase ~/.julia/packages/SciMLBase/Pma4a/src/integrator_interface.jl:589
┌ Warning: Interrupted. Larger maxiters is needed. If you are using an integrator for non-stiff ODEs or an automatic switching algorithm (the default), you may want to consider using a method for stiff equations. See the solver pages for more details (e.g. https://docs.sciml.ai/DiffEqDocs/stable/solvers/ode_solve/#Stiff-Problems).
└ @ SciMLBase ~/.julia/packages/SciMLBase/Pma4a/src/integrator_interface.jl:589
┌ Warning: At t=-0.9999999961040448, dt was forced below floating point epsilon 1.1102230246251565e-16, and step error estimate = 1.1721460266906507. Aborting. There is either an error in your model specification or the true solution is unstable (or the true solution can not be represented in the precision of Float64).
└ @ SciMLBase ~/.julia/packages/SciMLBase/Pma4a/src/integrator_interface.jl:623
┌ Warning: At t=-0.9999957143403946, dt was forced below floating point epsilon 1.1102230246251565e-16, and step error estimate = 1.0267648679305141. Aborting. There is either an error in your model specification or the true solution is unstable (or the true solution can not be represented in the precision of Float64).
└ @ SciMLBase ~/.julia/packages/SciMLBase/Pma4a/src/integrator_interface.jl:623
┌ Warning: At t=-0.9999999927064108, dt was forced below floating point epsilon 1.1102230246251565e-16, and step error estimate = 1.0873870672447101. Aborting. There is either an error in your model specification or the true solution is unstable (or the true solution can not be represented in the precision of Float64).
└ @ SciMLBase ~/.julia/packages/SciMLBase/Pma4a/src/integrator_interface.jl:623
┌ Warning: At t=-0.999997115397123, dt was forced below floating point epsilon 1.1102230246251565e-16, and step error estimate = 1.1513265235652224. Aborting. There is either an error in your model specification or the true solution is unstable (or the true solution can not be represented in the precision of Float64).
└ @ SciMLBase ~/.julia/packages/SciMLBase/Pma4a/src/integrator_interface.jl:623
┌ Warning: Interrupted. Larger maxiters is needed. If you are using an integrator for non-stiff ODEs or an automatic switching algorithm (the default), you may want to consider using a method for stiff equations. See the solver pages for more details (e.g. https://docs.sciml.ai/DiffEqDocs/stable/solvers/ode_solve/#Stiff-Problems).
└ @ SciMLBase ~/.julia/packages/SciMLBase/Pma4a/src/integrator_interface.jl:589
┌ Warning: At t=-0.9999970806091721, dt was forced below floating point epsilon 1.1102230246251565e-16, and step error estimate = 1.1296164687476955. Aborting. There is either an error in your model specification or the true solution is unstable (or the true solution can not be represented in the precision of Float64).
└ @ SciMLBase ~/.julia/packages/SciMLBase/Pma4a/src/integrator_interface.jl:623
┌ Warning: At t=-1.0, dt was forced below floating point epsilon 2.220446049250313e-16, and step error estimate = 4.773796870035131e10. Aborting. There is either an error in your model specification or the true solution is unstable (or the true solution can not be represented in the precision of Float64).
└ @ SciMLBase ~/.julia/packages/SciMLBase/Pma4a/src/integrator_interface.jl:623
┌ Warning: At t=-0.9999999999557263, dt was forced below floating point epsilon 1.1102230246251565e-16, and step error estimate = 1.118644497481257. Aborting. There is either an error in your model specification or the true solution is unstable (or the true solution can not be represented in the precision of Float64).
└ @ SciMLBase ~/.julia/packages/SciMLBase/Pma4a/src/integrator_interface.jl:623
┌ Warning: At t=-0.99999999954172, dt was forced below floating point epsilon 1.1102230246251565e-16, and step error estimate = 1.0564945231259206. Aborting. There is either an error in your model specification or the true solution is unstable (or the true solution can not be represented in the precision of Float64).
└ @ SciMLBase ~/.julia/packages/SciMLBase/Pma4a/src/integrator_interface.jl:623
┌ Warning: Interrupted. Larger maxiters is needed. If you are using an integrator for non-stiff ODEs or an automatic switching algorithm (the default), you may want to consider using a method for stiff equations. See the solver pages for more details (e.g. https://docs.sciml.ai/DiffEqDocs/stable/solvers/ode_solve/#Stiff-Problems).
└ @ SciMLBase ~/.julia/packages/SciMLBase/Pma4a/src/integrator_interface.jl:589
┌ Warning: At t=-0.9999999955495785, dt was forced below floating point epsilon 1.1102230246251565e-16, and step error estimate = 1.0731527245775694. Aborting. There is either an error in your model specification or the true solution is unstable (or the true solution can not be represented in the precision of Float64).
└ @ SciMLBase ~/.julia/packages/SciMLBase/Pma4a/src/integrator_interface.jl:623
┌ Warning: At t=-0.9999995594127885, dt was forced below floating point epsilon 1.1102230246251565e-16, and step error estimate = 1.0133543873107422. Aborting. There is either an error in your model specification or the true solution is unstable (or the true solution can not be represented in the precision of Float64).
└ @ SciMLBase ~/.julia/packages/SciMLBase/Pma4a/src/integrator_interface.jl:623
┌ Warning: At t=-1.0, dt was forced below floating point epsilon 2.220446049250313e-16, and step error estimate = 4.835416546261234e10. Aborting. There is either an error in your model specification or the true solution is unstable (or the true solution can not be represented in the precision of Float64).
└ @ SciMLBase ~/.julia/packages/SciMLBase/Pma4a/src/integrator_interface.jl:623
17-element Vector{Vector{Vector{BigFloat}}}:
 [[-2.7963626e+13, -2.7963593e+13], [30597.906, 30597.938], [163.37646, 163.37671], [-117.64709, -117.64697], [593.26074, 593.26172], [0.45214891, 0.45214939], [57.463196, 57.463257], [312.09961, 312.1001], [-3.202027e+15, -3.2020227e+15], [661474.0, 661475.0], [-3.8449478e+12, -3.8449436e+12], [-236.49072, -236.49048], [-89.608765, -89.608643], [0.13740301, 0.13740325], [0.1989975, 0.19899774], [-0.0029386543, -0.0029386505], [1.2784367, 1.2784386], [0.27976274, 0.27976322], [-0.076966882, -0.076966763], [-0.0033519194, -0.0033519156], [0.070827842, 0.070827961], [-0.15299201, -0.15299177], [0.00067197066, 0.00067197159], [-0.31471586, -0.31471539], [0.082083941, 0.08208406], [-0.010322675, -0.01032266], [0.887887, 0.88788795], [-0.92424488, -0.92424393], [-82.297119, -82.296997], [82.418823, 82.418945], [7337.2656, 7337.2734], [-7337.6719, -7337.6641], [4.0440777e+19, 4.0440847e+19], [1.1951332, 1.1951351], [140622.75, 140623.0], [2.2700392e+10, 2.2700425e+10], [4.8859634e+15, 4.885972e+15], [1.3145512e+21, 1.3145534e+21], [4327.2578, 4327.2656], [6.9847859e+08, 6.9847962e+08], [1.5032493e+14, 1.503252e+14]]
 [[2.4224179e+14, 2.4224206e+14], [-0.0008942131, -0.00089421216], [163.37646, 163.37671], [-117.64709, -117.64697], [593.26074, 593.26172], [119.5094, 119.50952], [57.463196, 57.463257], [12.410187, 12.410202], [-1.1992524e+11, -1.1992511e+11], [661455.0, 661456.0], [-7.1557376e+13, -7.1557242e+13], [-236.49072, -236.49048], [-121.08923, -121.08911], [0.13740301, 0.13740325], [0.1989975, 0.19899774], [-194.71973, -194.71948], [195.99487, 195.99512], [0.27976274, 0.27976322], [-0.076966882, -0.076966763], [-0.0033519194, -0.0033519156], [0.070827842, 0.070827961], [-0.15299201, -0.15299177], [-155.47388, -155.47363], [155.15967, 155.15991], [283.12939, 283.12988], [-283.05811, -283.05762], [438.56348, 438.56396], [-438.6001, -438.59961], [-697.06934, -697.06836], [697.19043, 697.19141], [1086.5801, 1086.582], [-1086.9824, -1086.9805], [4.0440777e+19, 4.0440847e+19], [1.1951332, 1.1951351], [140622.75, 140623.0], [2.2700392e+10, 2.2700425e+10], [4.8859634e+15, 4.885972e+15], [1.3145512e+21, 1.3145534e+21], [4327.2578, 4327.2656], [6.9847859e+08, 6.9847962e+08], [1.5032493e+14, 1.503252e+14]]
 [[-4.4628683e+14, -4.4628629e+14], [0.1116792, 0.11167932], [163.37646, 163.37671], [-117.64709, -117.64697], [593.26074, 593.26172], [124.14746, 124.14758], [57.463196, 57.463257], [-10.340576, -10.340561], [3.9305536e+12, 3.9305578e+12], [661453.0, 661454.0], [-3.3164026e+13, -3.3163993e+13], [-236.49072, -236.49048], [-118.77332, -118.77319], [0.13740301, 0.13740325], [0.1989975, 0.19899774], [31.032227, 31.032257], [-29.756744, -29.756714], [0.27976274, 0.27976322], [-0.076966882, -0.076966763], [-0.0033519194, -0.0033519156], [0.070827842, 0.070827961], [-0.15299201, -0.15299177], [-8.7388916, -8.7388763], [8.4248352, 8.4248505], [-7.9771652, -7.9771576], [8.0489197, 8.0489349], [34.3479, 34.347961], [-34.384277, -34.384216], [180.39771, 180.39795], [-180.27612, -180.27588], [954.37305, 954.37402], [-954.77441, -954.77344], [4.0440777e+19, 4.0440847e+19], [1.1951332, 1.1951351], [140622.75, 140623.0], [2.2700392e+10, 2.2700425e+10], [4.8859634e+15, 4.885972e+15], [1.3145512e+21, 1.3145534e+21], [4327.2578, 4327.2656], [6.9847859e+08, 6.9847962e+08], [1.5032493e+14, 1.503252e+14]]
 [[-7.6029404e+14, -7.6029296e+14], [0.00022452045, 0.00022452069], [163.37646, 163.37671], [-117.64709, -117.64697], [593.26074, 593.26172], [118.18567, 118.18579], [57.463196, 57.463257], [0.27961063, 0.27961111], [4.0622044e+11, 4.0622096e+11], [661454.0, 661455.0], [-2.1044815e+12, -2.1044794e+12], [-236.49072, -236.49048], [-117.40601, -117.40588], [0.13740301, 0.13740325], [0.1989975, 0.19899774], [377.62939, 377.62988], [-376.35449, -376.354], [0.27976274, 0.27976322], [-0.076966882, -0.076966763], [-0.0033519194, -0.0033519156], [0.070827842, 0.070827961], [-0.15299201, -0.15299177], [-144.05176, -144.05151], [143.73755, 143.73779], [-75.218994, -75.218872], [75.290649, 75.290771], [50.232056, 50.232117], [-50.268494, -50.268433], [35.025391, 35.025452], [-34.903564, -34.903503], [12.910858, 12.910873], [-13.311722, -13.311707], [4.0440777e+19, 4.0440847e+19], [1.1951332, 1.1951351], [140622.75, 140623.0], [2.2700392e+10, 2.2700425e+10], [4.8859634e+15, 4.885972e+15], [1.3145512e+21, 1.3145534e+21], [4327.2578, 4327.2656], [6.9847859e+08, 6.9847962e+08], [1.5032493e+14, 1.503252e+14]]
 [[-1.5431452e+15, -1.5431431e+15], [0.025840491, 0.025840551], [163.37646, 163.37671], [-117.64709, -117.64697], [593.26074, 593.26172], [130.32324, 130.32349], [57.463196, 57.463257], [-1.1252251, -1.1252232], [3.6540441e+13, 3.6540508e+13], [661453.0, 661454.0], [-1.756502e+14, -1.7564994e+14], [-236.49072, -236.49048], [-117.51843, -117.51831], [0.13740301, 0.13740325], [0.1989975, 0.19899774], [13.210876, 13.210892], [-11.935394, -11.935379], [0.27976274, 0.27976322], [-0.076966882, -0.076966763], [-0.0033519194, -0.0033519119], [0.070827842, 0.070827961], [-0.15299201, -0.15299177], [-3.2503777, -3.2503738], [2.9363327, 2.9363365], [-0.69342804, -0.69342709], [0.76518822, 0.76518917], [0.44596243, 0.44596291], [-0.48231936, -0.48231888], [1.5597763, 1.5597782], [-1.4379139, -1.437912], [4.0909195, 4.0909271], [-4.4917755, -4.4917679], [4.0440777e+19, 4.0440847e+19], [1.1951332, 1.1951351], [140622.75, 140623.0], [2.2700392e+10, 2.2700425e+10], [4.8859634e+15, 4.885972e+15], [1.3145512e+21, 1.3145534e+21], [4327.2578, 4327.2656], [6.9847859e+08, 6.9847962e+08], [1.5032493e+14, 1.503252e+14]]
 [[5.676108e+13, 5.6761147e+13], [22869.688, 22869.719], [163.37646, 163.37671], [-117.64709, -117.64697], [593.26074, 593.26172], [0.24567628, 0.24567652], [57.463196, 57.463257], [-642.62109, -642.62012], [-6.947101e+15, -6.9470924e+15], [661455.0, 661456.0], [-1.1697763e+13, -1.1697746e+13], [-236.49072, -236.49048], [0.70024109, 0.70024204], [0.13740301, 0.13740325], [0.1989975, 0.19899774], [-5.7927275e-05, -5.7927216e-05], [1.2755566, 1.2755585], [0.27976274, 0.27976322], [-0.076966882, -0.076966763], [-0.0033519194, -0.0033519156], [0.070827842, 0.070827961], [-0.15299201, -0.15299177], [-0.00062894449, -0.00062894356], [-0.31341505, -0.31341457], [0.076558113, 0.076558232], [-0.0047968552, -0.0047968477], [-0.022167504, -0.022167474], [-0.014189169, -0.014189154], [0.12635446, 0.12635469], [-0.0044898242, -0.0044898167], [0.089581728, 0.089581847], [-0.49043226, -0.49043179], [4.0440777e+19, 4.0440847e+19], [1.1951332, 1.1951351], [140622.75, 140623.0], [2.2700392e+10, 2.2700425e+10], [4.8859634e+15, 4.885972e+15], [1.3145512e+21, 1.3145534e+21], [4327.2578, 4327.2656], [6.9847859e+08, 6.9847962e+08], [1.5032493e+14, 1.503252e+14]]
 [[-2.1133628e+14, -2.1133601e+14], [-14601.359, -14601.344], [163.37646, 163.37671], [-117.64709, -117.64697], [593.26074, 593.26172], [0.24807429, 0.24807453], [57.463196, 57.463257], [-585.11816, -585.11719], [-8.3988687e+15, -8.3988601e+15], [661456.0, 661457.0], [3.8933409e+13, 3.8933476e+13], [-236.49072, -236.49048], [-1.4275284, -1.4275265], [0.13740301, 0.13740325], [0.1989975, 0.19899774], [-0.00037170993, -0.00037170947], [1.2758694, 1.2758713], [0.27976274, 0.27976322], [-0.076966882, -0.076966763], [-0.0033519194, -0.0033519156], [0.070827842, 0.070827961], [-0.15299201, -0.15299177], [0.0019366052, 0.0019366071], [-0.31598043, -0.31597996], [0.075621963, 0.075622082], [-0.0038607493, -0.0038607456], [-0.013248578, -0.013248563], [-0.023108095, -0.023108065], [0.085590601, 0.08559072], [0.036274016, 0.036274076], [-0.13118196, -0.13118172], [-0.26966858, -0.2696681], [4.0440777e+19, 4.0440847e+19], [1.1951332, 1.1951351], [140622.75, 140623.0], [2.2700392e+10, 2.2700425e+10], [4.8859634e+15, 4.885972e+15], [1.3145512e+21, 1.3145534e+21], [4327.2578, 4327.2656], [6.9847859e+08, 6.9847962e+08], [1.5032493e+14, 1.503252e+14]]
 [[1.2031881e+14, 1.2031895e+14], [3.506676e+06, 3.50668e+06], [163.37646, 163.37671], [-117.64709, -117.64697], [593.26074, 593.26172], [0.24571323, 0.24571347], [57.463196, 57.463257], [-1680.7207, -1680.7188], [-3.8021332e+17, -3.8021277e+17], [661453.0, 661454.0], [-2.5009829e+13, -2.5009796e+13], [-236.49072, -236.49048], [217.96729, 217.96753], [0.13740301, 0.13740325], [0.1989975, 0.19899774], [-2.8054164e-06, -2.8054128e-06], [1.2755013, 1.2755032], [0.27976274, 0.27976322], [-0.076966882, -0.076966763], [-0.0033519194, -0.0033519156], [0.070827842, 0.070827961], [-0.15299201, -0.15299177], [-2.435784e-05, -2.4357811e-05], [-0.31401968, -0.3140192], [0.071849465, 0.071849585], [-8.8202883e-05, -8.8202767e-05], [-0.036879718, -0.036879659], [0.00052306615, 0.00052306708], [-0.0012085009, -0.0012084991], [0.12307322, 0.12307334], [-0.29365444, -0.29365396], [-0.10719585, -0.10719573], [4.0440777e+19, 4.0440847e+19], [1.1951332, 1.1951351], [140622.75, 140623.0], [2.2700392e+10, 2.2700425e+10], [4.8859634e+15, 4.885972e+15], [1.3145512e+21, 1.3145534e+21], [4327.2578, 4327.2656], [6.9847859e+08, 6.9847962e+08], [1.5032493e+14, 1.503252e+14]]
 [[-1.5394752e+15, -1.539473e+15], [4.90065, 4.9006577], [163.37646, 163.37671], [-117.64709, -117.64697], [593.26074, 593.26172], [-7.3346176, -7.33461], [57.463196, 57.463257], [-1.2394066, -1.2394047], [6.2410084e+15, 6.241017e+15], [661453.0, 661454.0], [-1.7598065e+14, -1.7598038e+14], [-236.49072, -236.49048], [-117.53345, -117.53333], [0.13740301, 0.13740325], [0.1989975, 0.19899774], [0.077284336, 0.077284455], [1.1982136, 1.1982155], [0.27976274, 0.27976322], [-0.076966882, -0.076966763], [-0.0033519194, -0.0033519156], [0.070827842, 0.070827961], [-0.15299201, -0.15299177], [-0.018985391, -0.018985361], [-0.29505825, -0.29505777], [0.06727922, 0.067279339], [0.0044820681, 0.0044820756], [-0.033326328, -0.033326268], [-0.0030303523, -0.0030303486], [0.010132536, 0.010132551], [0.11173213, 0.11173224], [-0.37140083, -0.37140036], [-0.029449522, -0.029449493], [4.0440777e+19, 4.0440847e+19], [1.1951332, 1.1951351], [140622.75, 140623.0], [2.2700392e+10, 2.2700425e+10], [4.8859634e+15, 4.885972e+15], [1.3145512e+21, 1.3145534e+21], [4327.2578, 4327.2656], [6.9847859e+08, 6.9847962e+08], [1.5032493e+14, 1.503252e+14]]
 [[1.1432143e+14, 1.1432156e+14], [432274.0, 432274.5], [163.37646, 163.37671], [-117.64709, -117.64697], [593.26074, 593.26172], [0.24340367, 0.24340391], [57.463196, 57.463257], [202.49536, 202.49561], [3.0941027e+17, 3.0941082e+17], [661453.0, 661454.0], [-2.9388112e+13, -2.9388079e+13], [-236.49072, -236.49048], [-168.54321, -168.54297], [0.13740301, 0.13740325], [0.1989975, 0.19899774], [2.1454995e-05, 2.1455024e-05], [1.2754765, 1.2754784], [0.27976274, 0.27976322], [-0.076966882, -0.076966763], [-0.0033519194, -0.0033519156], [0.070827842, 0.070827961], [-0.15299201, -0.15299177], [2.8439768e-05, 2.8439797e-05], [-0.31407213, -0.31407166], [0.071652889, 0.071653008], [0.0001083212, 0.00010832131], [-0.03569746, -0.035697401], [-0.0006592432, -0.00065924227], [0.0020650811, 0.0020650849], [0.11979961, 0.11979973], [-0.37721539, -0.37721491], [-0.023635089, -0.02363506], [4.0440777e+19, 4.0440847e+19], [1.1951332, 1.1951351], [140622.75, 140623.0], [2.2700392e+10, 2.2700425e+10], [4.8859634e+15, 4.885972e+15], [1.3145512e+21, 1.3145534e+21], [4327.2578, 4327.2656], [6.9847859e+08, 6.9847962e+08], [1.5032493e+14, 1.503252e+14]]
 [[2.0058517e+14, 2.0058544e+14], [-36332.875, -36332.812], [163.37646, 163.37671], [-117.64709, -117.64697], [593.26074, 593.26172], [0.25294924, 0.25294971], [57.463196, 57.463257], [-72.424194, -72.424072], [2.0680714e+17, 2.0680742e+17], [661453.0, 661454.0], [-2.3139203e+13, -2.313917e+13], [-236.49072, -236.49048], [-105.26196, -105.26184], [0.13740301, 0.13740325], [0.1989975, 0.19899774], [-8.1122969e-05, -8.1122853e-05], [1.2755795, 1.2755814], [0.27976274, 0.27976322], [-0.076966882, -0.076966763], [-0.0033519194, -0.0033519156], [0.070827842, 0.070827961], [-0.15299201, -0.15299177], [7.4654119e-05, 7.4654236e-05], [-0.31411839, -0.31411791], [0.071597815, 0.071597934], [0.00016346062, 0.00016346085], [-0.035316885, -0.035316825], [-0.0010398217, -0.0010398198], [0.0034779087, 0.0034779124], [0.11838675, 0.11838686], [-0.39603758, -0.3960371], [-0.0048125386, -0.0048125312], [4.0440777e+19, 4.0440847e+19], [1.1951332, 1.1951351], [140622.75, 140623.0], [2.2700392e+10, 2.2700425e+10], [4.8859634e+15, 4.885972e+15], [1.3145512e+21, 1.3145534e+21], [4327.2578, 4327.2656], [6.9847859e+08, 6.9847962e+08], [1.5032493e+14, 1.503252e+14]]
 [[-2.4534399e+15, -2.4534356e+15], [355.2334, 355.23389], [163.37646, 163.37671], [-117.64709, -117.64697], [593.26074, 593.26172], [0.86035538, 0.86035633], [57.463196, 57.463257], [7.510704, 7.5107117], [-1.1016062e+17, -1.1016048e+17], [661454.0, 661455.0], [-2.5644928e+14, -2.5644901e+14], [-236.49072, -236.49048], [-116.48669, -116.48657], [0.13740301, 0.13740325], [0.1989975, 0.19899774], [-0.0067599341, -0.0067599267], [1.2822571, 1.282259], [0.27976274, 0.27976322], [-0.076966882, -0.076966763], [-0.0033519194, -0.0033519156], [0.070827842, 0.070827961], [-0.15299201, -0.15299177], [0.0017141588, 0.0017141607], [-0.31575823, -0.31575775], [0.071987391, 0.07198751], [-0.00022611837, -0.00022611814], [-0.035595059, -0.035595], [-0.00076160301, -0.00076160207], [0.0025237687, 0.0025237724], [0.1193409, 0.11934102], [-0.39666128, -0.3966608], [-0.0041888058, -0.0041887984], [4.0440777e+19, 4.0440847e+19], [1.1951332, 1.1951351], [140622.75, 140623.0], [2.2700392e+10, 2.2700425e+10], [4.8859634e+15, 4.885972e+15], [1.3145512e+21, 1.3145534e+21], [4327.2578, 4327.2656], [6.9847859e+08, 6.9847962e+08], [1.5032493e+14, 1.503252e+14]]
 [[-1.8331003e+17, -1.8330975e+17], [-3218.8945, -3218.8906], [163.37646, 163.37671], [-117.64709, -117.64697], [593.26074, 593.26172], [0.73625469, 0.73625565], [57.463196, 57.463257], [1049.6836, 1049.6855], [5.6164263e+17, 5.6164318e+17], [661454.0, 661455.0], [-2.142553e+16, -2.1425496e+16], [-236.49072, -236.49048], [5.5701218, 5.5701294], [0.13740301, 0.13740325], [0.1989975, 0.19899774], [0.10309708, 0.1030972], [1.1724014, 1.1724033], [0.27976274, 0.27976322], [-0.076966882, -0.076966763], [-0.0033519194, -0.0033519156], [0.070827842, 0.070827961], [-0.15299201, -0.15299177], [-0.025120586, -0.025120556], [-0.28892326, -0.28892279], [0.072796226, 0.072796345], [-0.0010350123, -0.0010350104], [-0.059361815, -0.059361756], [0.023005128, 0.023005158], [-0.049982131, -0.049982071], [0.17184687, 0.17184711], [-0.40493011, -0.40492964], [0.0040797442, 0.0040797517], [4.0440777e+19, 4.0440847e+19], [1.1951332, 1.1951351], [140622.75, 140623.0], [2.2700392e+10, 2.2700425e+10], [4.8859634e+15, 4.885972e+15], [1.3145512e+21, 1.3145534e+21], [4327.2578, 4327.2656], [6.9847859e+08, 6.9847962e+08], [1.5032493e+14, 1.503252e+14]]
 [[-1.0967328e+15, -1.0967317e+15], [0.00042573549, 0.00042573595], [163.37646, 163.37671], [-117.64709, -117.64697], [593.26074, 593.26172], [118.33228, 118.3324], [57.463196, 57.463257], [0.12174249, 0.12174261], [-7.31387e+11, -7.3138595e+11], [661454.0, 661455.0], [1.1510963e+15, 1.1510985e+15], [-236.49072, -236.49048], [-118.30481, -118.30469], [0.13740301, 0.13740325], [0.1989975, 0.19899774], [1275.4551, 1275.457], [-1274.1816, -1274.1797], [0.27976274, 0.27976322], [-0.076966882, -0.076966763], [-0.0033519194, -0.0033519156], [0.070827842, 0.070827961], [-0.15299201, -0.15299177], [115.41296, 115.41309], [-115.72705, -115.72693], [40.347168, 40.347229], [-40.275452, -40.275391], [-9.6033936, -9.6033783], [9.5670166, 9.5670319], [-4.4443817, -4.4443741], [4.5662384, 4.566246], [-14.543228, -14.543213], [14.142365, 14.14238], [4.0440777e+19, 4.0440847e+19], [1.1951332, 1.1951351], [140622.75, 140623.0], [2.2700392e+10, 2.2700425e+10], [4.8859634e+15, 4.885972e+15], [1.3145512e+21, 1.3145534e+21], [4327.2578, 4327.2656], [6.9847859e+08, 6.9847962e+08], [1.5032493e+14, 1.503252e+14]]
 [[-9.4770171e+14, -9.4770064e+14], [0.0028681047, 0.0028681085], [163.37646, 163.37671], [-117.64709, -117.64697], [593.26074, 593.26172], [119.68274, 119.68286], [57.463196, 57.463318], [2.0600586, 2.0600624], [-6.3559854e+11, -6.3559749e+11], [661454.0, 661455.0], [4.7362054e+14, 4.7362108e+14], [-236.49072, -236.49048], [-119.59912, -119.599], [0.13740301, 0.13740325], [0.1989975, 0.19899774], [448.44482, 448.44531], [-447.16992, -447.16943], [0.27976274, 0.27976322], [-0.076966882, -0.076966763], [-0.0033519194, -0.0033519119], [0.070827842, 0.070827961], [-0.15299201, -0.15299177], [114.75964, 114.75977], [-115.07385, -115.07373], [47.202942, 47.203003], [-47.131226, -47.131165], [-12.538391, -12.538376], [12.502014, 12.502029], [-5.2771301, -5.2771225], [5.3989868, 5.3989944], [-15.027374, -15.027359], [14.626511, 14.626526], [4.0440777e+19, 4.0440917e+19], [1.1951332, 1.1951351], [140622.75, 140623.0], [2.2700392e+10, 2.2700458e+10], [4.8859634e+15, 4.885972e+15], [1.3145512e+21, 1.3145534e+21], [4327.2578, 4327.2656], [6.9847859e+08, 6.9847962e+08], [1.5032493e+14, 1.503252e+14]]
 [[2.5118499e+14, 2.5118526e+14], [0.10497093, 0.10497105], [163.37646, 163.37671], [-117.64709, -117.64697], [593.26074, 593.26172], [123.13281, 123.13293], [57.463196, 57.463318], [-13.2892, -13.289185], [-2.8633675e+12, -2.8633633e+12], [661453.0, 661455.0], [6.8259177e+13, 6.8259244e+13], [-236.49072, -236.49048], [-119.17383, -119.17371], [0.13740301, 0.13740325], [0.1989975, 0.19899774], [41.295593, 41.295654], [-40.020142, -40.020081], [0.27976274, 0.27976322], [-0.076966882, -0.076966763], [-0.0033519194, -0.0033519156], [0.070827842, 0.070827961], [-0.15299201, -0.15299177], [-6.752037, -6.7520294], [6.4379807, 6.4379883], [11.937057, 11.937073], [-11.865311, -11.865295], [-55.812256, -55.812195], [55.775879, 55.77594], [-225.17798, -225.17749], [225.29956, 225.2998], [-906.50977, -906.50879], [906.10742, 906.1084], [4.0440777e+19, 4.0440917e+19], [1.1951332, 1.1951351], [140622.75, 140623.0], [2.2700392e+10, 2.2700458e+10], [4.8859634e+15, 4.885972e+15], [1.3145512e+21, 1.3145534e+21], [4327.2578, 4327.2656], [6.9847859e+08, 6.9847962e+08], [1.5032493e+14, 1.503252e+14]]
 [[2.8404337e+14, 2.840439e+14], [28167.406, 28167.438], [163.37646, 163.37671], [-117.64709, -117.64697], [593.26074, 593.26172], [0.46944475, 0.46944523], [57.463196, 57.463257], [311.24561, 311.24609], [2.5184073e+16, 2.5184108e+16], [661474.0, 661475.0], [2.4053696e+13, 2.4053729e+13], [-236.49072, -236.49048], [-89.189819, -89.189697], [0.13740301, 0.13740325], [0.1989975, 0.19899774], [-0.0031995513, -0.0031995475], [1.278698, 1.2786999], [0.27976274, 0.27976322], [-0.076966882, -0.076966763], [-0.0033519194, -0.0033519156], [0.070827842, 0.070827961], [-0.15299201, -0.15299177], [0.00086810905, 0.00086810999], [-0.31491184, -0.31491137], [0.070407271, 0.070407391], [0.0013540033, 0.0013540052], [-0.15381598, -0.15381575], [0.11745906, 0.11745918], [10.525803, 10.525818], [-10.403946, -10.403931], [-933.91113, -933.91016], [933.50879, 933.50977], [4.0440777e+19, 4.0440847e+19], [1.1951332, 1.1951351], [140622.75, 140623.0], [2.2700392e+10, 2.2700425e+10], [4.8859634e+15, 4.885972e+15], [1.3145512e+21, 1.3145534e+21], [4327.2578, 4327.2656], [6.9847859e+08, 6.9847962e+08], [1.5032493e+14, 1.503252e+14]]


































