LinearAlgebra.PosDefException(2)
LinearAlgebra.PosDefException(2)
LinearAlgebra.PosDefException(3)
LinearAlgebra.PosDefException(4)
LinearAlgebra.PosDefException(7)
LinearAlgebra.PosDefException(4)
LinearAlgebra.PosDefException(96)
LinearAlgebra.PosDefException(2)
LinearAlgebra.PosDefException(3)
LinearAlgebra.PosDefException(2)
LinearAlgebra.PosDefException(2)
LinearAlgebra.PosDefException(5)
LinearAlgebra.PosDefException(3)
LinearAlgebra.PosDefException(6)
LinearAlgebra.PosDefException(52)
LinearAlgebra.PosDefException(3)
LinearAlgebra.PosDefException(4)
LinearAlgebra.PosDefException(5)
LinearAlgebra.PosDefException(6)
LinearAlgebra.PosDefException(4)
LinearAlgebra.PosDefException(63)
LinearAlgebra.PosDefException(5)
LinearAlgebra.PosDefException(27)
LinearAlgebra.PosDefException(474)
LinearAlgebra.PosDefException(2)
LinearAlgebra.PosDefException(2)
LinearAlgebra.PosDefException(5)
LinearAlgebra.PosDefException(4)
LinearAlgebra.PosDefException(4)
LinearAlgebra.PosDefException(4)
LinearAlgebra.PosDefException(7)
LinearAlgebra.PosDefException(114)
Noise level is too low, using  AAA
LinearAlgebra.PosDefException(3)
LinearAlgebra.PosDefException(2)
LinearAlgebra.PosDefException(6)
LinearAlgebra.PosDefException(4)
LinearAlgebra.PosDefException(4)
LinearAlgebra.PosDefException(4)
LinearAlgebra.PosDefException(79)
LinearAlgebra.PosDefException(2)
LinearAlgebra.PosDefException(2)
LinearAlgebra.PosDefException(3)
LinearAlgebra.PosDefException(2)
LinearAlgebra.PosDefException(4)
LinearAlgebra.PosDefException(3)
LinearAlgebra.PosDefException(4)
LinearAlgebra.PosDefException(52)
LinearAlgebra.PosDefException(6)
LinearAlgebra.PosDefException(5)
Noise level is too low, using  AAA
DEBUG [determine_optimal_points_count]: Large num points: 1
DEBUG [determine_optimal_points_count]: Good num points: 1
DEBUG [multipoint_parameter_estimation]: Parameter estimation using this many points: 1

DEBUG [pick_points]: Starting point selection...
DEBUG [pick_points]: Number of points to pick: 1
DEBUG [pick_points]: Total points available: 1001
DEBUG [pick_points]: Number of interpolants: 2

DEBUG [pick_points]: Computing interestingness scores...
DEBUG [pick_points]: Processed 100 points
DEBUG [pick_points]: Processed 200 points
DEBUG [pick_points]: Processed 300 points
DEBUG [pick_points]: Processed 400 points
DEBUG [pick_points]: Processed 500 points
DEBUG [pick_points]: Processed 600 points
DEBUG [pick_points]: Processed 700 points
DEBUG [pick_points]: Processed 800 points
DEBUG [pick_points]: Processed 900 points
DEBUG [pick_points]: Processed 1000 points

DEBUG [pick_points]: Score statistics:
DEBUG [pick_points]: Min score: 0.12071732739796916
DEBUG [pick_points]: Max score: 255066.81028011898
DEBUG [pick_points]: Mean score: 314.9595583887331
DEBUG [pick_points]: Normalized scores

DEBUG [pick_points]: Selected 1 points
DEBUG [pick_points]: Selected time points: [-0.138]
aa_system
Any[_t432_x2_t_ - 2404707675648997//4503599627370496, _t432_x2ˍt_t_ + 273407155419//2199023255552, _t432_x2ˍtt_t_ - 235500101159//1073741824, _t432_x1_t_ - 1795230778163031//4503599627370496, _t432_x1ˍt_t_ + 2779028180371133//18014398509481984, _t432_x1ˍtt_t_ - 362663690651469//2251799813685248, _t432_x1ˍttt_t_ + 89353248396485//281474976710656, _t432_x1ˍtttt_t_ - 51194175983561//70368744177664, -_tpa21_*_t432_x1_t_ + _tpa12_*_t432_x2_t_ + _t432_x2ˍt_t_, -_tpa21_*_t432_x1ˍt_t_ + _tpa12_*_t432_x2ˍt_t_ + _t432_x2ˍtt_t_, -_tpa13_*_t432_x3_t_ + _tpa31_*_t432_x1_t_ + _tpa21_*_t432_x1_t_ - _tpa12_*_t432_x2_t_ + _tpa01_*_t432_x1_t_ + _t432_x1ˍt_t_, -_tpa13_*_t432_x3ˍt_t_ + _tpa31_*_t432_x1ˍt_t_ + _tpa21_*_t432_x1ˍt_t_ - _tpa12_*_t432_x2ˍt_t_ + _tpa01_*_t432_x1ˍt_t_ + _t432_x1ˍtt_t_, -_tpa13_*_t432_x3ˍtt_t_ + _tpa31_*_t432_x1ˍtt_t_ + _tpa21_*_t432_x1ˍtt_t_ - _tpa12_*_t432_x2ˍtt_t_ + _tpa01_*_t432_x1ˍtt_t_ + _t432_x1ˍttt_t_, -_tpa13_*_t432_x3ˍttt_t_ + _tpa31_*_t432_x1ˍttt_t_ + _tpa21_*_t432_x1ˍttt_t_ - _tpa12_*_t432_x2ˍttt_t_ + _tpa01_*_t432_x1ˍttt_t_ + _t432_x1ˍtttt_t_, _tpa13_*_t432_x3_t_ - _tpa31_*_t432_x1_t_ + _t432_x3ˍt_t_, _tpa13_*_t432_x3ˍt_t_ - _tpa31_*_t432_x1ˍt_t_ + _t432_x3ˍtt_t_, _tpa13_*_t432_x3ˍtt_t_ - _tpa31_*_t432_x1ˍtt_t_ + _t432_x3ˍttt_t_, -_tpa21_*_t432_x1ˍtt_t_ + _tpa12_*_t432_x2ˍtt_t_ + _t432_x2ˍttt_t_]
R
Multivariate polynomial ring in 18 variables over rationals
primes of bitsize 28
G-Q-Pt-FG-LT-LP(C)
Dimension of the quotient :1
Degree of the radical :1
Use last variable as separating element
Run Groebner learn
Test cyclic optimization
Apply cyclic optimization 
Multi-modular computation (1 threads): G-Q-Pt-FG-LT-LP(C)
5-9-13-17-21-25-29-33-
check-G-Q-Pt-FG-LT-LP(C)
Nb Primes used :33
┌ Warning: Interrupted. Larger maxiters is needed. If you are using an integrator for non-stiff ODEs or an automatic switching algorithm (the default), you may want to consider using a method for stiff equations. See the solver pages for more details (e.g. https://docs.sciml.ai/DiffEqDocs/stable/solvers/ode_solve/#Stiff-Problems).
└ @ SciMLBase ~/.julia/packages/SciMLBase/Pma4a/src/integrator_interface.jl:589
1-element Vector{Vector{Vector{BigFloat}}}:
 [[-2664.082, -2664.0781], [6235.4375, 6235.4453], [-3568.8438, -3568.8398], [-2664.082, -2664.0781], [-0.00021400442, -0.00021400419], [0.39862108, 0.39862156], [0.53395176, 0.53395271], [-0.9328928, -0.93289185], [-0.12433124, -0.12433112], [219.32642, 219.32666], [-0.15426707, -0.15426683], [0.16105485, 0.16105509], [-0.31744671, -0.31744623], [0.72751236, 0.72751331], [0.27868319, 0.27868366], [-219.48779, -219.48755], [-583729.0, -583728.0], [583729.0, 583730.0]]


