LinearAlgebra.PosDefException(2)
LinearAlgebra.PosDefException(2)
LinearAlgebra.PosDefException(3)
LinearAlgebra.PosDefException(4)
LinearAlgebra.PosDefException(3)
LinearAlgebra.PosDefException(5)
LinearAlgebra.PosDefException(88)
LinearAlgebra.PosDefException(2)
LinearAlgebra.PosDefException(6)
LinearAlgebra.PosDefException(2)
LinearAlgebra.PosDefException(3)
LinearAlgebra.PosDefException(6)
LinearAlgebra.PosDefException(6)
LinearAlgebra.PosDefException(6)
LinearAlgebra.PosDefException(70)
LinearAlgebra.PosDefException(2)
LinearAlgebra.PosDefException(2)
LinearAlgebra.PosDefException(2)
LinearAlgebra.PosDefException(3)
LinearAlgebra.PosDefException(4)
LinearAlgebra.PosDefException(4)
LinearAlgebra.PosDefException(84)
LinearAlgebra.PosDefException(2)
LinearAlgebra.PosDefException(2)
LinearAlgebra.PosDefException(2)
LinearAlgebra.PosDefException(2)
LinearAlgebra.PosDefException(4)
LinearAlgebra.PosDefException(4)
LinearAlgebra.PosDefException(6)
LinearAlgebra.PosDefException(42)
LinearAlgebra.PosDefException(2)
LinearAlgebra.PosDefException(3)
LinearAlgebra.PosDefException(3)
LinearAlgebra.PosDefException(18)
LinearAlgebra.PosDefException(6)
LinearAlgebra.PosDefException(2)
LinearAlgebra.PosDefException(2)
LinearAlgebra.PosDefException(3)
LinearAlgebra.PosDefException(5)
LinearAlgebra.PosDefException(4)
LinearAlgebra.PosDefException(77)
DEBUG [determine_optimal_points_count]: Large num points: 1
DEBUG [determine_optimal_points_count]: Good num points: 1
DEBUG [multipoint_parameter_estimation]: Parameter estimation using this many points: 1

DEBUG [pick_points]: Starting point selection...
DEBUG [pick_points]: Number of points to pick: 1
DEBUG [pick_points]: Total points available: 1001
DEBUG [pick_points]: Number of interpolants: 3

DEBUG [pick_points]: Computing interestingness scores...
DEBUG [pick_points]: Processed 100 points
DEBUG [pick_points]: Processed 200 points
DEBUG [pick_points]: Processed 300 points
DEBUG [pick_points]: Processed 400 points
DEBUG [pick_points]: Processed 500 points
DEBUG [pick_points]: Processed 600 points
DEBUG [pick_points]: Processed 700 points
DEBUG [pick_points]: Processed 800 points
DEBUG [pick_points]: Processed 900 points
DEBUG [pick_points]: Processed 1000 points

DEBUG [pick_points]: Score statistics:
DEBUG [pick_points]: Min score: 0.07184309914645567
DEBUG [pick_points]: Max score: 0.1170027134079394
DEBUG [pick_points]: Mean score: 0.08543018889130183
DEBUG [pick_points]: Normalized scores

DEBUG [pick_points]: Selected 1 points
DEBUG [pick_points]: Selected time points: [-0.998]
aa_system
Any[_t2_x3_t_ + _t2_x4_t_ - 8367697972470883//9007199254740992, _t2_x4ˍt_t_ + _t2_x3ˍt_t_ - 6367576144654787//18446744073709551616, _t2_x3ˍtt_t_ + _t2_x4ˍtt_t_ + 1016545836662287//36028797018963968, _t2_x4ˍttt_t_ + _t2_x3ˍttt_t_ - 2871161848062033//72057594037927936, _t2_x4ˍtttt_t_ + _t2_x3ˍtttt_t_ + 4401626903209709//72057594037927936, _t2_x1_t_ - 3304740536419981//9007199254740992, _t2_x1ˍt_t_ + 7213576906531161//144115188075855872, _t2_x1ˍtt_t_ - 5499115766739605//144115188075855872, _t2_x1ˍttt_t_ + 5080870743727269//72057594037927936, _t2_x1ˍtttt_t_ - 2519289399818301//18014398509481984, _t2_x1ˍttttt_t_ + 2810376553869605//18014398509481984, _tpk14_*_t2_x4_t_ - _tpk41_*_t2_x1_t_ + _t2_x4ˍt_t_, _tpk13_*_t2_x3_t_ - _tpk31_*_t2_x1_t_ + _t2_x3ˍt_t_, _tpk13_*_t2_x3ˍt_t_ - _tpk31_*_t2_x1ˍt_t_ + _t2_x3ˍtt_t_, _tpk14_*_t2_x4ˍt_t_ - _tpk41_*_t2_x1ˍt_t_ + _t2_x4ˍtt_t_, _tpk14_*_t2_x4ˍtt_t_ - _tpk41_*_t2_x1ˍtt_t_ + _t2_x4ˍttt_t_, _tpk13_*_t2_x3ˍtt_t_ - _tpk31_*_t2_x1ˍtt_t_ + _t2_x3ˍttt_t_, _tpk14_*_t2_x4ˍttt_t_ - _tpk41_*_t2_x1ˍttt_t_ + _t2_x4ˍtttt_t_, _tpk13_*_t2_x3ˍttt_t_ - _tpk31_*_t2_x1ˍttt_t_ + _t2_x3ˍtttt_t_, -_tpk12_*_t2_x2_t_ + _tpk21_*_t2_x1_t_ + _tpk01_*_t2_x1_t_ - _tpk14_*_t2_x4_t_ - _tpk13_*_t2_x3_t_ + _tpk31_*_t2_x1_t_ + _tpk41_*_t2_x1_t_ + _t2_x1ˍt_t_, -_tpk12_*_t2_x2ˍt_t_ + _tpk21_*_t2_x1ˍt_t_ + _tpk01_*_t2_x1ˍt_t_ - _tpk14_*_t2_x4ˍt_t_ - _tpk13_*_t2_x3ˍt_t_ + _tpk31_*_t2_x1ˍt_t_ + _tpk41_*_t2_x1ˍt_t_ + _t2_x1ˍtt_t_, -_tpk12_*_t2_x2ˍtt_t_ + _tpk21_*_t2_x1ˍtt_t_ + _tpk01_*_t2_x1ˍtt_t_ - _tpk14_*_t2_x4ˍtt_t_ - _tpk13_*_t2_x3ˍtt_t_ + _tpk31_*_t2_x1ˍtt_t_ + _tpk41_*_t2_x1ˍtt_t_ + _t2_x1ˍttt_t_, -_tpk12_*_t2_x2ˍttt_t_ + _tpk21_*_t2_x1ˍttt_t_ + _tpk01_*_t2_x1ˍttt_t_ - _tpk14_*_t2_x4ˍttt_t_ - _tpk13_*_t2_x3ˍttt_t_ + _tpk31_*_t2_x1ˍttt_t_ + _tpk41_*_t2_x1ˍttt_t_ + _t2_x1ˍtttt_t_, -_tpk12_*_t2_x2ˍtttt_t_ + _tpk21_*_t2_x1ˍtttt_t_ + _tpk01_*_t2_x1ˍtttt_t_ - _tpk14_*_t2_x4ˍtttt_t_ - _tpk13_*_t2_x3ˍtttt_t_ + _tpk31_*_t2_x1ˍtttt_t_ + _tpk41_*_t2_x1ˍtttt_t_ + _t2_x1ˍttttt_t_, _tpk12_*_t2_x2_t_ - _tpk21_*_t2_x1_t_ + _t2_x2ˍt_t_, _tpk12_*_t2_x2ˍt_t_ - _tpk21_*_t2_x1ˍt_t_ + _t2_x2ˍtt_t_, _tpk12_*_t2_x2ˍtt_t_ - _tpk21_*_t2_x1ˍtt_t_ + _t2_x2ˍttt_t_, _tpk12_*_t2_x2ˍttt_t_ - _tpk21_*_t2_x1ˍttt_t_ + _t2_x2ˍtttt_t_]
R
Multivariate polynomial ring in 28 variables over rationals
primes of bitsize 28
G-Q-Pt-FG-LT-LP(U)
G-Q-Pt-FG-LT-LP(U)
G-Q-Pt-FG-LT-LP(U)
G-Q-Pt-FG-LT-LP(U)
G-Q-Pt-FG-LT-LP(U)
G-Q-Pt-FG-LT-LP(U)
G-Q-Pt-FG-LT-LP(U)
G-Q-Pt-FG-LT-LP(U)
G-Q-Pt-FG-LT-LP(U)
G-Q-Pt-FG-LT-LP(C)
Dimension of the quotient :2
Degree of the radical :2
Use variable 19 as separating element
Run Groebner learn
Test cyclic optimization
Apply cyclic optimization 
Multi-modular computation (1 threads): G-Q-Pt-FG-LT-LP(C)
5-9-13-17-21-25-29-33-37-41-45-49-53-61-69-
check-G-Q-Pt-FG-LT-LP(C)
Nb Primes used :69
2-element Vector{Vector{Vector{BigFloat}}}:
 [[0.87983608, 0.87983704], [0.61077023, 0.61077118], [0.23597693, 0.23597717], [0.12385333, 0.12385345], [9.3375702, 9.3375854], [-2.9733086, -2.9733047], [0.30679703, 0.3067975], [0.36689949, 0.36689997], [0.2966032, 0.29660368], [-0.11870837, -0.11870825], [1.0477085, 1.0477104], [-0.017198443, -0.017198414], [0.017543614, 0.017543644], [-0.014988393, -0.014988378], [-0.013226435, -0.01322642], [0.013344839, 0.013344854], [0.026500523, 0.026500553], [-0.023285478, -0.023285449], [-0.037799418, -0.037799358], [-0.062124789, -0.062124729], [-0.050054252, -0.050054193], [0.038157761, 0.038157821], [-0.070511341, -0.070511222], [0.13984847, 0.13984871], [-0.15600729, -0.15600705], [-0.036870897, -0.036870837], [0.0018686838, 0.0018686857], [0.02166149, 0.02166152]]
 [[0.87983608, 0.87983704], [0.61077023, 0.61077118], [0.23597693, 0.23597717], [9.3375702, 9.3375854], [0.12385333, 0.12385345], [0.30679703, 0.3067975], [-2.9733086, -2.9733047], [0.36689949, 0.36689997], [0.2966032, 0.29660368], [1.0477085, 1.0477104], [-0.11870837, -0.11870825], [0.017543614, 0.017543644], [-0.017198443, -0.017198414], [-0.013226435, -0.01322642], [-0.014988393, -0.014988378], [0.026500523, 0.026500553], [0.013344839, 0.013344854], [-0.037799418, -0.037799358], [-0.023285478, -0.023285449], [-0.062124789, -0.062124729], [-0.050054252, -0.050054193], [0.038157761, 0.038157821], [-0.070511341, -0.070511222], [0.13984847, 0.13984871], [-0.15600729, -0.15600705], [-0.036870897, -0.036870837], [0.0018686838, 0.0018686857], [0.02166149, 0.02166152]]




