LinearAlgebra.PosDefException(2)
LinearAlgebra.PosDefException(2)
LinearAlgebra.PosDefException(2)
LinearAlgebra.PosDefException(4)
LinearAlgebra.PosDefException(5)
LinearAlgebra.PosDefException(5)
LinearAlgebra.PosDefException(89)
LinearAlgebra.PosDefException(2)
LinearAlgebra.PosDefException(3)
LinearAlgebra.PosDefException(2)
LinearAlgebra.PosDefException(2)
LinearAlgebra.PosDefException(2)
LinearAlgebra.PosDefException(4)
LinearAlgebra.PosDefException(4)
LinearAlgebra.PosDefException(56)
LinearAlgebra.PosDefException(7)
LinearAlgebra.PosDefException(7)
LinearAlgebra.PosDefException(322)
LinearAlgebra.PosDefException(864)
Noise level is too low, using  AAA
LinearAlgebra.PosDefException(2)
LinearAlgebra.PosDefException(2)
LinearAlgebra.PosDefException(2)
LinearAlgebra.PosDefException(3)
LinearAlgebra.PosDefException(4)
LinearAlgebra.PosDefException(5)
LinearAlgebra.PosDefException(47)
DEBUG [determine_optimal_points_count]: Large num points: 1
DEBUG [determine_optimal_points_count]: Good num points: 1
DEBUG [multipoint_parameter_estimation]: Parameter estimation using this many points: 1

DEBUG [pick_points]: Starting point selection...
DEBUG [pick_points]: Number of points to pick: 1
DEBUG [pick_points]: Total points available: 1001
DEBUG [pick_points]: Number of interpolants: 2

DEBUG [pick_points]: Computing interestingness scores...
DEBUG [pick_points]: Processed 100 points
DEBUG [pick_points]: Processed 200 points
DEBUG [pick_points]: Processed 300 points
DEBUG [pick_points]: Processed 400 points
DEBUG [pick_points]: Processed 500 points
DEBUG [pick_points]: Processed 600 points
DEBUG [pick_points]: Processed 700 points
DEBUG [pick_points]: Processed 800 points
DEBUG [pick_points]: Processed 900 points
DEBUG [pick_points]: Processed 1000 points

DEBUG [pick_points]: Score statistics:
DEBUG [pick_points]: Min score: 0.0723951535024884
DEBUG [pick_points]: Max score: 6.717586022391842e7
DEBUG [pick_points]: Mean score: 130956.85669941582
DEBUG [pick_points]: Normalized scores

DEBUG [pick_points]: Selected 1 points
DEBUG [pick_points]: Selected time points: [0.098]
aa_system
Any[_t550_x2_t_ - 3439020201520171//18014398509481984, _t550_x2ˍt_t_ + 8968762116295139//4611686018427387904, _t550_x2ˍtt_t_ + 8890603439349961//576460752303423488, _t550_x1_t_ - 5686457209626135//9007199254740992, _t550_x1ˍt_t_ - 1533967961599//1099511627776, _t550_x1ˍtt_t_ + 3150696500787//134217728, _t550_x1ˍttt_t_ - 1100513125231//2048, _t550_x1ˍtttt_t_ + 16401040510704, -_tpa21_*_t550_x1_t_ + _tpa12_*_t550_x2_t_ + _t550_x2ˍt_t_, -_tpa21_*_t550_x1ˍt_t_ + _tpa12_*_t550_x2ˍt_t_ + _t550_x2ˍtt_t_, -_tpa13_*_t550_x3_t_ + _tpa31_*_t550_x1_t_ + _tpa21_*_t550_x1_t_ - _tpa12_*_t550_x2_t_ + _tpa01_*_t550_x1_t_ + _t550_x1ˍt_t_, -_tpa13_*_t550_x3ˍt_t_ + _tpa31_*_t550_x1ˍt_t_ + _tpa21_*_t550_x1ˍt_t_ - _tpa12_*_t550_x2ˍt_t_ + _tpa01_*_t550_x1ˍt_t_ + _t550_x1ˍtt_t_, -_tpa13_*_t550_x3ˍtt_t_ + _tpa31_*_t550_x1ˍtt_t_ + _tpa21_*_t550_x1ˍtt_t_ - _tpa12_*_t550_x2ˍtt_t_ + _tpa01_*_t550_x1ˍtt_t_ + _t550_x1ˍttt_t_, -_tpa13_*_t550_x3ˍttt_t_ + _tpa31_*_t550_x1ˍttt_t_ + _tpa21_*_t550_x1ˍttt_t_ - _tpa12_*_t550_x2ˍttt_t_ + _tpa01_*_t550_x1ˍttt_t_ + _t550_x1ˍtttt_t_, _tpa13_*_t550_x3_t_ - _tpa31_*_t550_x1_t_ + _t550_x3ˍt_t_, _tpa13_*_t550_x3ˍt_t_ - _tpa31_*_t550_x1ˍt_t_ + _t550_x3ˍtt_t_, _tpa13_*_t550_x3ˍtt_t_ - _tpa31_*_t550_x1ˍtt_t_ + _t550_x3ˍttt_t_, -_tpa21_*_t550_x1ˍtt_t_ + _tpa12_*_t550_x2ˍtt_t_ + _t550_x2ˍttt_t_]
R
Multivariate polynomial ring in 18 variables over rationals
primes of bitsize 28
G-Q-Pt-FG-LT-LP(C)
Dimension of the quotient :1
Degree of the radical :1
Use last variable as separating element
Run Groebner learn
Test cyclic optimization
Apply cyclic optimization 
Multi-modular computation (1 threads): G-Q-Pt-FG-LT-LP(C)
5-9-13-17-21-25-29-33-37-
check-G-Q-Pt-FG-LT-LP(C)
Nb Primes used :37
┌ Warning: Interrupted. Larger maxiters is needed. If you are using an integrator for non-stiff ODEs or an automatic switching algorithm (the default), you may want to consider using a method for stiff equations. See the solver pages for more details (e.g. https://docs.sciml.ai/DiffEqDocs/stable/solvers/ode_solve/#Stiff-Problems).
└ @ SciMLBase ~/.julia/packages/SciMLBase/Pma4a/src/integrator_interface.jl:589
┌ Warning: Interrupted. Larger maxiters is needed. If you are using an integrator for non-stiff ODEs or an automatic switching algorithm (the default), you may want to consider using a method for stiff equations. See the solver pages for more details (e.g. https://docs.sciml.ai/DiffEqDocs/stable/solvers/ode_solve/#Stiff-Problems).
└ @ SciMLBase ~/.julia/packages/SciMLBase/Pma4a/src/integrator_interface.jl:589
1-element Vector{Vector{Vector{BigFloat}}}:
 [[-6.0011184e+10, -6.0011119e+10], [6.0011119e+10, 6.0011184e+10], [-0.011018068, -0.011018053], [-0.026249707, -0.026249677], [0.003081765, 0.0030817688], [0.63132286, 0.63132381], [0.1909039, 0.19090414], [-0.63132477, -0.63132381], [-0.0019447915, -0.0019447897], [-0.015422747, -0.015422732], [1.395134, 1.3951359], [-23474.531, -23474.5], [5.3735936e+08, 5.3736038e+08], [-1.6401054e+13, -1.6401037e+13], [-1.3951378, -1.3951359], [23474.5, 23474.531], [-5.3736038e+08, -5.3735936e+08], [258.64307, 258.64355]]


