LinearAlgebra.PosDefException(6)
LinearAlgebra.PosDefException(2)
LinearAlgebra.PosDefException(2)
LinearAlgebra.PosDefException(4)
LinearAlgebra.PosDefException(8)
LinearAlgebra.PosDefException(4)
LinearAlgebra.PosDefException(48)
LinearAlgebra.PosDefException(2)
LinearAlgebra.PosDefException(6)
LinearAlgebra.PosDefException(6)
LinearAlgebra.PosDefException(5)
LinearAlgebra.PosDefException(6)
LinearAlgebra.PosDefException(4)
LinearAlgebra.PosDefException(18)
LinearAlgebra.PosDefException(5)
LinearAlgebra.PosDefException(30)
LinearAlgebra.PosDefException(137)
LinearAlgebra.PosDefException(2)
LinearAlgebra.PosDefException(2)
LinearAlgebra.PosDefException(2)
LinearAlgebra.PosDefException(5)
LinearAlgebra.PosDefException(4)
LinearAlgebra.PosDefException(4)
LinearAlgebra.PosDefException(54)
LinearAlgebra.PosDefException(3)
LinearAlgebra.PosDefException(2)
LinearAlgebra.PosDefException(2)
LinearAlgebra.PosDefException(2)
LinearAlgebra.PosDefException(5)
LinearAlgebra.PosDefException(4)
LinearAlgebra.PosDefException(6)
LinearAlgebra.PosDefException(68)
LinearAlgebra.PosDefException(5)
LinearAlgebra.PosDefException(86)
DEBUG [determine_optimal_points_count]: Large num points: 1
DEBUG [determine_optimal_points_count]: Good num points: 1
DEBUG [multipoint_parameter_estimation]: Parameter estimation using this many points: 1

DEBUG [pick_points]: Starting point selection...
DEBUG [pick_points]: Number of points to pick: 1
DEBUG [pick_points]: Total points available: 1001
DEBUG [pick_points]: Number of interpolants: 2

DEBUG [pick_points]: Computing interestingness scores...
DEBUG [pick_points]: Processed 100 points
DEBUG [pick_points]: Processed 200 points
DEBUG [pick_points]: Processed 300 points
DEBUG [pick_points]: Processed 400 points
DEBUG [pick_points]: Processed 500 points
DEBUG [pick_points]: Processed 600 points
DEBUG [pick_points]: Processed 700 points
DEBUG [pick_points]: Processed 800 points
DEBUG [pick_points]: Processed 900 points
DEBUG [pick_points]: Processed 1000 points

DEBUG [pick_points]: Score statistics:
DEBUG [pick_points]: Min score: 0.02135481709163767
DEBUG [pick_points]: Max score: 0.2844572075423952
DEBUG [pick_points]: Mean score: 0.07713337831248164
DEBUG [pick_points]: Normalized scores

DEBUG [pick_points]: Selected 1 points
DEBUG [pick_points]: Selected time points: [-0.998]
aa_system
Any[_t2_x2_t_ - 8064168058643153//72057594037927936, _t2_x2ˍt_t_ + 1567073747898597//36028797018963968, _t2_x2ˍtt_t_ - 6068037002909677//72057594037927936, _t2_x1_t_ - 4549562986591875//36028797018963968, _t2_x1ˍt_t_ - 2478320946382191//18014398509481984, _t2_x1ˍtt_t_ + 637322679943777//2251799813685248, _t2_x1ˍttt_t_ - 8403599469394175//18014398509481984, _t2_x1ˍtttt_t_ + 6078625506929005//9007199254740992, -_tpa21_*_t2_x1_t_ + _tpa12_*_t2_x2_t_ + _t2_x2ˍt_t_, -_tpa21_*_t2_x1ˍt_t_ + _tpa12_*_t2_x2ˍt_t_ + _t2_x2ˍtt_t_, -_tpa13_*_t2_x3_t_ + _tpa31_*_t2_x1_t_ + _tpa21_*_t2_x1_t_ - _tpa12_*_t2_x2_t_ + _tpa01_*_t2_x1_t_ + _t2_x1ˍt_t_, -_tpa13_*_t2_x3ˍt_t_ + _tpa31_*_t2_x1ˍt_t_ + _tpa21_*_t2_x1ˍt_t_ - _tpa12_*_t2_x2ˍt_t_ + _tpa01_*_t2_x1ˍt_t_ + _t2_x1ˍtt_t_, -_tpa13_*_t2_x3ˍtt_t_ + _tpa31_*_t2_x1ˍtt_t_ + _tpa21_*_t2_x1ˍtt_t_ - _tpa12_*_t2_x2ˍtt_t_ + _tpa01_*_t2_x1ˍtt_t_ + _t2_x1ˍttt_t_, -_tpa13_*_t2_x3ˍttt_t_ + _tpa31_*_t2_x1ˍttt_t_ + _tpa21_*_t2_x1ˍttt_t_ - _tpa12_*_t2_x2ˍttt_t_ + _tpa01_*_t2_x1ˍttt_t_ + _t2_x1ˍtttt_t_, _tpa13_*_t2_x3_t_ - _tpa31_*_t2_x1_t_ + _t2_x3ˍt_t_, _tpa13_*_t2_x3ˍt_t_ - _tpa31_*_t2_x1ˍt_t_ + _t2_x3ˍtt_t_, _tpa13_*_t2_x3ˍtt_t_ - _tpa31_*_t2_x1ˍtt_t_ + _t2_x3ˍttt_t_, -_tpa21_*_t2_x1ˍtt_t_ + _tpa12_*_t2_x2ˍtt_t_ + _t2_x2ˍttt_t_]
R
Multivariate polynomial ring in 18 variables over rationals
primes of bitsize 28
G-Q-Pt-FG-LT-LP(C)
Dimension of the quotient :1
Degree of the radical :1
Use last variable as separating element
Run Groebner learn
Test cyclic optimization
Apply cyclic optimization 
Multi-modular computation (1 threads): G-Q-Pt-FG-LT-LP(C)
5-9-13-17-21-25-29-33-
check-G-Q-Pt-FG-LT-LP(C)
Nb Primes used :33
1-element Vector{Vector{Vector{BigFloat}}}:
 [[3.2995872, 3.2995911], [-1.2075214, -1.2075195], [0.36059952, 0.36059999], [0.79552937, 0.79553032], [0.098365903, 0.098366022], [0.12627554, 0.12627578], [0.11191273, 0.11191285], [-0.013935015, -0.013935], [-0.043495059, -0.043494999], [0.084210873, 0.084210992], [0.13757443, 0.13757467], [-0.28302813, -0.28302765], [0.46649313, 0.46649361], [-0.67486382, -0.67486286], [-0.10650074, -0.10650063], [0.18528438, 0.18528461], [-0.26960135, -0.26960087], [-0.16905236, -0.16905212]]


