LinearAlgebra.PosDefException(6)
LinearAlgebra.PosDefException(2)
LinearAlgebra.PosDefException(2)
LinearAlgebra.PosDefException(4)
LinearAlgebra.PosDefException(4)
LinearAlgebra.PosDefException(6)
LinearAlgebra.PosDefException(89)
LinearAlgebra.PosDefException(3)
LinearAlgebra.PosDefException(2)
LinearAlgebra.PosDefException(3)
LinearAlgebra.PosDefException(2)
LinearAlgebra.PosDefException(4)
LinearAlgebra.PosDefException(4)
LinearAlgebra.PosDefException(5)
LinearAlgebra.PosDefException(56)
LinearAlgebra.PosDefException(7)
LinearAlgebra.PosDefException(8)
LinearAlgebra.PosDefException(91)
LinearAlgebra.PosDefException(324)
LinearAlgebra.PosDefException(4)
LinearAlgebra.PosDefException(4)
LinearAlgebra.PosDefException(4)
LinearAlgebra.PosDefException(8)
LinearAlgebra.PosDefException(18)
LinearAlgebra.PosDefException(535)
LinearAlgebra.PosDefException(2)
LinearAlgebra.PosDefException(3)
LinearAlgebra.PosDefException(3)
LinearAlgebra.PosDefException(3)
LinearAlgebra.PosDefException(12)
LinearAlgebra.PosDefException(269)
Noise level is too low, using  AAA
LinearAlgebra.PosDefException(3)
LinearAlgebra.PosDefException(2)
LinearAlgebra.PosDefException(2)
LinearAlgebra.PosDefException(6)
LinearAlgebra.PosDefException(4)
LinearAlgebra.PosDefException(4)
LinearAlgebra.PosDefException(90)
LinearAlgebra.PosDefException(2)
LinearAlgebra.PosDefException(2)
LinearAlgebra.PosDefException(2)
LinearAlgebra.PosDefException(4)
LinearAlgebra.PosDefException(4)
LinearAlgebra.PosDefException(416)
LinearAlgebra.PosDefException(83)
DEBUG [determine_optimal_points_count]: Large num points: 1
DEBUG [determine_optimal_points_count]: Good num points: 1
DEBUG [multipoint_parameter_estimation]: Parameter estimation using this many points: 1

DEBUG [pick_points]: Starting point selection...
DEBUG [pick_points]: Number of points to pick: 1
DEBUG [pick_points]: Total points available: 1001
DEBUG [pick_points]: Number of interpolants: 2

DEBUG [pick_points]: Computing interestingness scores...
DEBUG [pick_points]: Processed 100 points
DEBUG [pick_points]: Processed 200 points
DEBUG [pick_points]: Processed 300 points
DEBUG [pick_points]: Processed 400 points
DEBUG [pick_points]: Processed 500 points
DEBUG [pick_points]: Processed 600 points
DEBUG [pick_points]: Processed 700 points
DEBUG [pick_points]: Processed 800 points
DEBUG [pick_points]: Processed 900 points
DEBUG [pick_points]: Processed 1000 points

DEBUG [pick_points]: Score statistics:
DEBUG [pick_points]: Min score: 0.018993077141151348
DEBUG [pick_points]: Max score: 5.338223553333716e8
DEBUG [pick_points]: Mean score: 580067.9101213644
DEBUG [pick_points]: Normalized scores

DEBUG [pick_points]: Selected 1 points
DEBUG [pick_points]: Selected time points: [0.21]
aa_system
Any[_t606_x2_t_ - 7499092363183663//36028797018963968, _t606_x2ˍt_t_ - 2860376967187783//144115188075855872, _t606_x2ˍtt_t_ - 2158263951545591//576460752303423488, _t606_x1_t_ - 843700997954351//4503599627370496, _t606_x1ˍt_t_ + 942522186091//1099511627776, _t606_x1ˍtt_t_ + 420301635845//8388608, _t606_x1ˍttt_t_ + 1093242529249//256, _t606_x1ˍtttt_t_ + 485311988346752, -_tpa21_*_t606_x1_t_ + _tpa12_*_t606_x2_t_ + _t606_x2ˍt_t_, -_tpa21_*_t606_x1ˍt_t_ + _tpa12_*_t606_x2ˍt_t_ + _t606_x2ˍtt_t_, -_tpa13_*_t606_x3_t_ + _tpa31_*_t606_x1_t_ + _tpa21_*_t606_x1_t_ - _tpa12_*_t606_x2_t_ + _tpa01_*_t606_x1_t_ + _t606_x1ˍt_t_, -_tpa13_*_t606_x3ˍt_t_ + _tpa31_*_t606_x1ˍt_t_ + _tpa21_*_t606_x1ˍt_t_ - _tpa12_*_t606_x2ˍt_t_ + _tpa01_*_t606_x1ˍt_t_ + _t606_x1ˍtt_t_, -_tpa13_*_t606_x3ˍtt_t_ + _tpa31_*_t606_x1ˍtt_t_ + _tpa21_*_t606_x1ˍtt_t_ - _tpa12_*_t606_x2ˍtt_t_ + _tpa01_*_t606_x1ˍtt_t_ + _t606_x1ˍttt_t_, -_tpa13_*_t606_x3ˍttt_t_ + _tpa31_*_t606_x1ˍttt_t_ + _tpa21_*_t606_x1ˍttt_t_ - _tpa12_*_t606_x2ˍttt_t_ + _tpa01_*_t606_x1ˍttt_t_ + _t606_x1ˍtttt_t_, _tpa13_*_t606_x3_t_ - _tpa31_*_t606_x1_t_ + _t606_x3ˍt_t_, _tpa13_*_t606_x3ˍt_t_ - _tpa31_*_t606_x1ˍt_t_ + _t606_x3ˍtt_t_, _tpa13_*_t606_x3ˍtt_t_ - _tpa31_*_t606_x1ˍtt_t_ + _t606_x3ˍttt_t_, -_tpa21_*_t606_x1ˍtt_t_ + _tpa12_*_t606_x2ˍtt_t_ + _t606_x2ˍttt_t_]
R
Multivariate polynomial ring in 18 variables over rationals
primes of bitsize 28
G-Q-Pt-FG-LT-LP(C)
Dimension of the quotient :1
Degree of the radical :1
Use last variable as separating element
Run Groebner learn
Test cyclic optimization
Apply cyclic optimization 
Multi-modular computation (1 threads): G-Q-Pt-FG-LT-LP(C)
5-9-13-17-21-25-29-33-37-
check-G-Q-Pt-FG-LT-LP(C)
Nb Primes used :37
┌ Warning: Interrupted. Larger maxiters is needed. If you are using an integrator for non-stiff ODEs or an automatic switching algorithm (the default), you may want to consider using a method for stiff equations. See the solver pages for more details (e.g. https://docs.sciml.ai/DiffEqDocs/stable/solvers/ode_solve/#Stiff-Problems).
└ @ SciMLBase ~/.julia/packages/SciMLBase/Pma4a/src/integrator_interface.jl:589
┌ Warning: Interrupted. Larger maxiters is needed. If you are using an integrator for non-stiff ODEs or an automatic switching algorithm (the default), you may want to consider using a method for stiff equations. See the solver pages for more details (e.g. https://docs.sciml.ai/DiffEqDocs/stable/solvers/ode_solve/#Stiff-Problems).
└ @ SciMLBase ~/.julia/packages/SciMLBase/Pma4a/src/integrator_interface.jl:589
1-element Vector{Vector{Vector{BigFloat}}}:
 [[-4.5866156e+10, -4.586609e+10], [4.5865894e+10, 4.5865959e+10], [-0.0021156296, -0.0021156259], [-0.097261667, -0.097261548], [-0.10593474, -0.10593462], [0.18733907, 0.18733931], [0.20814157, 0.2081418], [-0.18733859, -0.18733835], [0.01984784, 0.01984787], [0.0037439875, 0.0037439913], [-0.8572197, -0.85721874], [-50103.875, -50103.812], [-4.2704814e+09, -4.2704773e+09], [-4.8531251e+14, -4.8531198e+14], [0.85721588, 0.85721684], [50103.75, 50103.812], [4.2704732e+09, 4.2704773e+09], [106.00146, 106.00159]]


