LinearAlgebra.PosDefException(3)
LinearAlgebra.PosDefException(2)
LinearAlgebra.PosDefException(2)
LinearAlgebra.PosDefException(3)
LinearAlgebra.PosDefException(4)
LinearAlgebra.PosDefException(5)
LinearAlgebra.PosDefException(50)
LinearAlgebra.PosDefException(2)
LinearAlgebra.PosDefException(3)
LinearAlgebra.PosDefException(2)
LinearAlgebra.PosDefException(2)
LinearAlgebra.PosDefException(7)
LinearAlgebra.PosDefException(3)
LinearAlgebra.PosDefException(6)
LinearAlgebra.PosDefException(44)
LinearAlgebra.PosDefException(5)
LinearAlgebra.PosDefException(145)
Noise level is too low, using  AAA
LinearAlgebra.PosDefException(2)
LinearAlgebra.PosDefException(2)
LinearAlgebra.PosDefException(2)
LinearAlgebra.PosDefException(6)
LinearAlgebra.PosDefException(4)
LinearAlgebra.PosDefException(6)
LinearAlgebra.PosDefException(92)
LinearAlgebra.PosDefException(3)
LinearAlgebra.PosDefException(6)
LinearAlgebra.PosDefException(4)
LinearAlgebra.PosDefException(8)
LinearAlgebra.PosDefException(3)
LinearAlgebra.PosDefException(5)
LinearAlgebra.PosDefException(25)
DEBUG [determine_optimal_points_count]: Large num points: 1
DEBUG [determine_optimal_points_count]: Good num points: 1
DEBUG [multipoint_parameter_estimation]: Parameter estimation using this many points: 1

DEBUG [pick_points]: Starting point selection...
DEBUG [pick_points]: Number of points to pick: 1
DEBUG [pick_points]: Total points available: 1001
DEBUG [pick_points]: Number of interpolants: 2

DEBUG [pick_points]: Computing interestingness scores...
DEBUG [pick_points]: Processed 100 points
DEBUG [pick_points]: Processed 200 points
DEBUG [pick_points]: Processed 300 points
DEBUG [pick_points]: Processed 400 points
DEBUG [pick_points]: Processed 500 points
DEBUG [pick_points]: Processed 600 points
DEBUG [pick_points]: Processed 700 points
DEBUG [pick_points]: Processed 800 points
DEBUG [pick_points]: Processed 900 points
DEBUG [pick_points]: Processed 1000 points

DEBUG [pick_points]: Score statistics:
DEBUG [pick_points]: Min score: 0.0831211974004662
DEBUG [pick_points]: Max score: 1.7248315827573142
DEBUG [pick_points]: Mean score: 0.4852335292388637
DEBUG [pick_points]: Normalized scores

DEBUG [pick_points]: Selected 1 points
DEBUG [pick_points]: Selected time points: [-0.998]
aa_system
Any[_t2_x2_t_ - 2410939284808193//4503599627370496, _t2_x2ˍt_t_ - 6035335440104553//36028797018963968, _t2_x2ˍtt_t_ + 2083676166881929//4503599627370496, _t2_x1_t_ - 462193913878023//562949953421312, _t2_x1ˍt_t_ + 4346025620767//4398046511104, _t2_x1ˍtt_t_ - 29053414863//17179869184, _t2_x1ˍttt_t_ + 49548133//16777216, _t2_x1ˍtttt_t_ - 87311//16384, -_tpa21_*_t2_x1_t_ + _tpa12_*_t2_x2_t_ + _t2_x2ˍt_t_, -_tpa21_*_t2_x1ˍt_t_ + _tpa12_*_t2_x2ˍt_t_ + _t2_x2ˍtt_t_, -_tpa13_*_t2_x3_t_ + _tpa31_*_t2_x1_t_ + _tpa21_*_t2_x1_t_ - _tpa12_*_t2_x2_t_ + _tpa01_*_t2_x1_t_ + _t2_x1ˍt_t_, -_tpa13_*_t2_x3ˍt_t_ + _tpa31_*_t2_x1ˍt_t_ + _tpa21_*_t2_x1ˍt_t_ - _tpa12_*_t2_x2ˍt_t_ + _tpa01_*_t2_x1ˍt_t_ + _t2_x1ˍtt_t_, -_tpa13_*_t2_x3ˍtt_t_ + _tpa31_*_t2_x1ˍtt_t_ + _tpa21_*_t2_x1ˍtt_t_ - _tpa12_*_t2_x2ˍtt_t_ + _tpa01_*_t2_x1ˍtt_t_ + _t2_x1ˍttt_t_, -_tpa13_*_t2_x3ˍttt_t_ + _tpa31_*_t2_x1ˍttt_t_ + _tpa21_*_t2_x1ˍttt_t_ - _tpa12_*_t2_x2ˍttt_t_ + _tpa01_*_t2_x1ˍttt_t_ + _t2_x1ˍtttt_t_, _tpa13_*_t2_x3_t_ - _tpa31_*_t2_x1_t_ + _t2_x3ˍt_t_, _tpa13_*_t2_x3ˍt_t_ - _tpa31_*_t2_x1ˍt_t_ + _t2_x3ˍtt_t_, _tpa13_*_t2_x3ˍtt_t_ - _tpa31_*_t2_x1ˍtt_t_ + _t2_x3ˍttt_t_, -_tpa21_*_t2_x1ˍtt_t_ + _tpa12_*_t2_x2ˍtt_t_ + _t2_x2ˍttt_t_]
R
Multivariate polynomial ring in 18 variables over rationals
primes of bitsize 28
G-Q-Pt-FG-LT-LP(C)
Dimension of the quotient :1
Degree of the radical :1
Use last variable as separating element
Run Groebner learn
Test cyclic optimization
Apply cyclic optimization 
Multi-modular computation (1 threads): G-Q-Pt-FG-LT-LP(C)
5-9-13-17-21-25-29-
check-G-Q-Pt-FG-LT-LP(C)
Nb Primes used :29
1-element Vector{Vector{Vector{BigFloat}}}:
 [[-6.1325607, -6.1325531], [3.7691994, 3.7692032], [0.41369724, 0.41369772], [0.32155514, 0.32155561], [0.42113829, 0.42113876], [0.82102108, 0.82102203], [0.53533554, 0.53533649], [-0.42717934, -0.42717886], [0.16751409, 0.16751432], [-0.46266937, -0.4626689], [-0.98817253, -0.98817158], [1.6911297, 1.6911316], [-2.9533005, -2.9532967], [5.3290329, 5.3290482], [0.47489357, 0.47489405], [-0.81230545, -0.8123045], [1.3927078, 1.3927097], [0.84838963, 0.84839058]]


