LinearAlgebra.PosDefException(3)
LinearAlgebra.PosDefException(2)
LinearAlgebra.PosDefException(2)
LinearAlgebra.PosDefException(3)
LinearAlgebra.PosDefException(4)
LinearAlgebra.PosDefException(5)
LinearAlgebra.PosDefException(59)
LinearAlgebra.PosDefException(3)
LinearAlgebra.PosDefException(6)
LinearAlgebra.PosDefException(2)
LinearAlgebra.PosDefException(6)
LinearAlgebra.PosDefException(4)
LinearAlgebra.PosDefException(3)
LinearAlgebra.PosDefException(4)
LinearAlgebra.PosDefException(45)
LinearAlgebra.PosDefException(2)
LinearAlgebra.PosDefException(3)
LinearAlgebra.PosDefException(3)
LinearAlgebra.PosDefException(6)
LinearAlgebra.PosDefException(4)
LinearAlgebra.PosDefException(4)
LinearAlgebra.PosDefException(10)
LinearAlgebra.PosDefException(301)
LinearAlgebra.PosDefException(2)
LinearAlgebra.PosDefException(2)
LinearAlgebra.PosDefException(5)
LinearAlgebra.PosDefException(3)
LinearAlgebra.PosDefException(4)
LinearAlgebra.PosDefException(5)
LinearAlgebra.PosDefException(4)
LinearAlgebra.PosDefException(24)
LinearAlgebra.PosDefException(349)
LinearAlgebra.PosDefException(5)
LinearAlgebra.PosDefException(3)
LinearAlgebra.PosDefException(4)
LinearAlgebra.PosDefException(6)
LinearAlgebra.PosDefException(5)
LinearAlgebra.PosDefException(4)
LinearAlgebra.PosDefException(5)
LinearAlgebra.PosDefException(38)
LinearAlgebra.PosDefException(459)
Noise level is too low, using  AAA
LinearAlgebra.PosDefException(3)
LinearAlgebra.PosDefException(2)
LinearAlgebra.PosDefException(2)
LinearAlgebra.PosDefException(3)
LinearAlgebra.PosDefException(5)
LinearAlgebra.PosDefException(6)
LinearAlgebra.PosDefException(90)
LinearAlgebra.PosDefException(2)
LinearAlgebra.PosDefException(3)
LinearAlgebra.PosDefException(2)
LinearAlgebra.PosDefException(2)
LinearAlgebra.PosDefException(4)
LinearAlgebra.PosDefException(3)
LinearAlgebra.PosDefException(4)
LinearAlgebra.PosDefException(56)
LinearAlgebra.PosDefException(5)
LinearAlgebra.PosDefException(5)
LinearAlgebra.PosDefException(877)
LinearAlgebra.PosDefException(3)
LinearAlgebra.PosDefException(3)
LinearAlgebra.PosDefException(2)
LinearAlgebra.PosDefException(4)
LinearAlgebra.PosDefException(4)
LinearAlgebra.PosDefException(8)
LinearAlgebra.PosDefException(62)
LinearAlgebra.PosDefException(5)
LinearAlgebra.PosDefException(6)
LinearAlgebra.PosDefException(9)
Noise level is too low, using  AAA
LinearAlgebra.PosDefException(3)
LinearAlgebra.PosDefException(2)
LinearAlgebra.PosDefException(3)
LinearAlgebra.PosDefException(5)
LinearAlgebra.PosDefException(4)
LinearAlgebra.PosDefException(6)
LinearAlgebra.PosDefException(65)
LinearAlgebra.PosDefException(2)
LinearAlgebra.PosDefException(2)
LinearAlgebra.PosDefException(4)
LinearAlgebra.PosDefException(4)
LinearAlgebra.PosDefException(2)
LinearAlgebra.PosDefException(2)
LinearAlgebra.PosDefException(2)
LinearAlgebra.PosDefException(5)
LinearAlgebra.PosDefException(4)
LinearAlgebra.PosDefException(4)
LinearAlgebra.PosDefException(12)
LinearAlgebra.PosDefException(639)
LinearAlgebra.PosDefException(81)
LinearAlgebra.PosDefException(30)
LinearAlgebra.PosDefException(9)
LinearAlgebra.PosDefException(136)
DEBUG [determine_optimal_points_count]: Large num points: 1
DEBUG [determine_optimal_points_count]: Good num points: 1
DEBUG [multipoint_parameter_estimation]: Parameter estimation using this many points: 1

DEBUG [pick_points]: Starting point selection...
DEBUG [pick_points]: Number of points to pick: 1
DEBUG [pick_points]: Total points available: 1001
DEBUG [pick_points]: Number of interpolants: 3

DEBUG [pick_points]: Computing interestingness scores...
DEBUG [pick_points]: Processed 100 points
DEBUG [pick_points]: Processed 200 points
DEBUG [pick_points]: Processed 300 points
DEBUG [pick_points]: Processed 400 points
DEBUG [pick_points]: Processed 500 points
DEBUG [pick_points]: Processed 600 points
DEBUG [pick_points]: Processed 700 points
DEBUG [pick_points]: Processed 800 points
DEBUG [pick_points]: Processed 900 points
DEBUG [pick_points]: Processed 1000 points

DEBUG [pick_points]: Score statistics:
DEBUG [pick_points]: Min score: 0.12306868011904498
DEBUG [pick_points]: Max score: 1.213347679497735
DEBUG [pick_points]: Mean score: 0.3717632840831489
DEBUG [pick_points]: Normalized scores

DEBUG [pick_points]: Selected 1 points
DEBUG [pick_points]: Selected time points: [-0.998]
aa_system
Any[_t2_x3_t_ + _t2_x4_t_ - 336255860455023//562949953421312, _t2_x4ˍt_t_ + _t2_x3ˍt_t_ - 5576766960584479//36028797018963968, _t2_x3ˍtt_t_ + _t2_x4ˍtt_t_ + 581867286224113//2251799813685248, _t2_x4ˍttt_t_ + _t2_x3ˍttt_t_ - 8802741080788061//18014398509481984, _t2_x4ˍtttt_t_ + _t2_x3ˍtttt_t_ + 1066952796706597//1125899906842624, _t2_x1_t_ - 294448771379055//562949953421312, _t2_x1ˍt_t_ + 8372984084407//17592186044416, _t2_x1ˍtt_t_ - 62261792799//68719476736, _t2_x1ˍttt_t_ + 4148191//2097152, _t2_x1ˍtttt_t_ - 73651//16384, _t2_x1ˍttttt_t_ + 33//4, _tpk14_*_t2_x4_t_ - _tpk41_*_t2_x1_t_ + _t2_x4ˍt_t_, _tpk13_*_t2_x3_t_ - _tpk31_*_t2_x1_t_ + _t2_x3ˍt_t_, _tpk13_*_t2_x3ˍt_t_ - _tpk31_*_t2_x1ˍt_t_ + _t2_x3ˍtt_t_, _tpk14_*_t2_x4ˍt_t_ - _tpk41_*_t2_x1ˍt_t_ + _t2_x4ˍtt_t_, _tpk14_*_t2_x4ˍtt_t_ - _tpk41_*_t2_x1ˍtt_t_ + _t2_x4ˍttt_t_, _tpk13_*_t2_x3ˍtt_t_ - _tpk31_*_t2_x1ˍtt_t_ + _t2_x3ˍttt_t_, _tpk14_*_t2_x4ˍttt_t_ - _tpk41_*_t2_x1ˍttt_t_ + _t2_x4ˍtttt_t_, _tpk13_*_t2_x3ˍttt_t_ - _tpk31_*_t2_x1ˍttt_t_ + _t2_x3ˍtttt_t_, -_tpk12_*_t2_x2_t_ + _tpk21_*_t2_x1_t_ + _tpk01_*_t2_x1_t_ - _tpk14_*_t2_x4_t_ - _tpk13_*_t2_x3_t_ + _tpk31_*_t2_x1_t_ + _tpk41_*_t2_x1_t_ + _t2_x1ˍt_t_, -_tpk12_*_t2_x2ˍt_t_ + _tpk21_*_t2_x1ˍt_t_ + _tpk01_*_t2_x1ˍt_t_ - _tpk14_*_t2_x4ˍt_t_ - _tpk13_*_t2_x3ˍt_t_ + _tpk31_*_t2_x1ˍt_t_ + _tpk41_*_t2_x1ˍt_t_ + _t2_x1ˍtt_t_, -_tpk12_*_t2_x2ˍtt_t_ + _tpk21_*_t2_x1ˍtt_t_ + _tpk01_*_t2_x1ˍtt_t_ - _tpk14_*_t2_x4ˍtt_t_ - _tpk13_*_t2_x3ˍtt_t_ + _tpk31_*_t2_x1ˍtt_t_ + _tpk41_*_t2_x1ˍtt_t_ + _t2_x1ˍttt_t_, -_tpk12_*_t2_x2ˍttt_t_ + _tpk21_*_t2_x1ˍttt_t_ + _tpk01_*_t2_x1ˍttt_t_ - _tpk14_*_t2_x4ˍttt_t_ - _tpk13_*_t2_x3ˍttt_t_ + _tpk31_*_t2_x1ˍttt_t_ + _tpk41_*_t2_x1ˍttt_t_ + _t2_x1ˍtttt_t_, -_tpk12_*_t2_x2ˍtttt_t_ + _tpk21_*_t2_x1ˍtttt_t_ + _tpk01_*_t2_x1ˍtttt_t_ - _tpk14_*_t2_x4ˍtttt_t_ - _tpk13_*_t2_x3ˍtttt_t_ + _tpk31_*_t2_x1ˍtttt_t_ + _tpk41_*_t2_x1ˍtttt_t_ + _t2_x1ˍttttt_t_, _tpk12_*_t2_x2_t_ - _tpk21_*_t2_x1_t_ + _t2_x2ˍt_t_, _tpk12_*_t2_x2ˍt_t_ - _tpk21_*_t2_x1ˍt_t_ + _t2_x2ˍtt_t_, _tpk12_*_t2_x2ˍtt_t_ - _tpk21_*_t2_x1ˍtt_t_ + _t2_x2ˍttt_t_, _tpk12_*_t2_x2ˍttt_t_ - _tpk21_*_t2_x1ˍttt_t_ + _t2_x2ˍtttt_t_]
R
Multivariate polynomial ring in 28 variables over rationals
primes of bitsize 28
G-Q-Pt-FG-LT-LP(U)
G-Q-Pt-FG-LT-LP(U)
G-Q-Pt-FG-LT-LP(U)
G-Q-Pt-FG-LT-LP(U)
G-Q-Pt-FG-LT-LP(U)
G-Q-Pt-FG-LT-LP(U)
G-Q-Pt-FG-LT-LP(U)
G-Q-Pt-FG-LT-LP(U)
G-Q-Pt-FG-LT-LP(U)
G-Q-Pt-FG-LT-LP(C)
Dimension of the quotient :2
Degree of the radical :2
Use variable 19 as separating element
Run Groebner learn
Test cyclic optimization
Apply cyclic optimization 
Multi-modular computation (1 threads): G-Q-Pt-FG-LT-LP(C)
5-9-13-17-21-25-29-33-37-41-45-49-53-
check-G-Q-Pt-FG-LT-LP(C)
Nb Primes used :53
2-element Vector{Vector{Vector{BigFloat}}}:
 [[3.4812317, 3.4812355], [-0.78485489, -0.78485394], [0.072023153, 0.072023273], [22.520416, 22.520447], [0.14964223, 0.14964247], [0.44566631, 0.44566679], [-0.56846905, -0.56846809], [0.52304554, 0.52304649], [-0.19935656, -0.19935632], [0.61109543, 0.61109638], [-0.013785869, -0.013785854], [0.013128087, 0.013128102], [0.14165807, 0.14165831], [-0.23331285, -0.23331261], [-0.02508831, -0.02508828], [0.049950182, 0.049950242], [0.43869972, 0.4387002], [-0.00046254136, -0.00046254089], [-0.94718266, -0.9471817], [-3.4051933, -3.4051895], [-0.47594929, -0.47594881], [0.90602779, 0.90602875], [-1.9780121, -1.9780102], [4.4952927, 4.4953079], [-8.2500153, -8.2499847], [0.28349113, 0.28349161], [-0.61334801, -0.61334705], [1.4241047, 1.4241066]]
 [[3.4812317, 3.4812355], [-0.78485489, -0.78485394], [0.072023153, 0.072023273], [0.14964223, 0.14964247], [22.520416, 22.520447], [-0.56846905, -0.56846809], [0.44566631, 0.44566679], [0.52304554, 0.52304649], [-0.19935656, -0.19935632], [-0.013785869, -0.013785854], [0.61109543, 0.61109638], [0.14165807, 0.14165831], [0.013128087, 0.013128102], [-0.02508831, -0.02508828], [-0.23331285, -0.23331261], [0.43869972, 0.4387002], [0.049950182, 0.049950242], [-0.94718266, -0.9471817], [-0.00046254136, -0.00046254089], [-3.4051933, -3.4051895], [-0.47594929, -0.47594881], [0.90602779, 0.90602875], [-1.9780121, -1.9780102], [4.4952927, 4.4953079], [-8.2500153, -8.2499847], [0.28349113, 0.28349161], [-0.61334801, -0.61334705], [1.4241047, 1.4241066]]




