LinearAlgebra.PosDefException(2)
LinearAlgebra.PosDefException(3)
LinearAlgebra.PosDefException(6)
LinearAlgebra.PosDefException(5)
LinearAlgebra.PosDefException(4)
LinearAlgebra.PosDefException(4)
LinearAlgebra.PosDefException(53)
LinearAlgebra.PosDefException(2)
LinearAlgebra.PosDefException(2)
LinearAlgebra.PosDefException(2)
LinearAlgebra.PosDefException(2)
LinearAlgebra.PosDefException(4)
LinearAlgebra.PosDefException(4)
LinearAlgebra.PosDefException(8)
LinearAlgebra.PosDefException(52)
LinearAlgebra.PosDefException(2)
LinearAlgebra.PosDefException(4)
LinearAlgebra.PosDefException(5)
LinearAlgebra.PosDefException(4)
LinearAlgebra.PosDefException(9)
LinearAlgebra.PosDefException(5)
LinearAlgebra.PosDefException(7)
LinearAlgebra.PosDefException(5)
LinearAlgebra.PosDefException(5)
LinearAlgebra.PosDefException(7)
LinearAlgebra.PosDefException(8)
LinearAlgebra.PosDefException(6)
LinearAlgebra.PosDefException(9)
LinearAlgebra.PosDefException(8)
LinearAlgebra.PosDefException(6)
Noise level is too low, using  AAA
DEBUG [determine_optimal_points_count]: Large num points: 1
DEBUG [determine_optimal_points_count]: Good num points: 1
DEBUG [multipoint_parameter_estimation]: Parameter estimation using this many points: 1

DEBUG [pick_points]: Starting point selection...
DEBUG [pick_points]: Number of points to pick: 1
DEBUG [pick_points]: Total points available: 1001
DEBUG [pick_points]: Number of interpolants: 1

DEBUG [pick_points]: Computing interestingness scores...
DEBUG [pick_points]: Processed 100 points
DEBUG [pick_points]: Processed 200 points
DEBUG [pick_points]: Processed 300 points
DEBUG [pick_points]: Processed 400 points
DEBUG [pick_points]: Processed 500 points
DEBUG [pick_points]: Processed 600 points
DEBUG [pick_points]: Processed 700 points
DEBUG [pick_points]: Processed 800 points
DEBUG [pick_points]: Processed 900 points
DEBUG [pick_points]: Processed 1000 points

DEBUG [pick_points]: Score statistics:
DEBUG [pick_points]: Min score: 0.21082124806477517
DEBUG [pick_points]: Max score: 2.6069081034876188e13
DEBUG [pick_points]: Mean score: 2.6499693661237926e10
DEBUG [pick_points]: Normalized scores

DEBUG [pick_points]: Selected 1 points
DEBUG [pick_points]: Selected time points: [0.442]
aa_system
Any[_t722_V_t_ - 5677207210912137//281474976710656, _t722_Vˍt_t_ - 5593531493911//2147483648, _t722_Vˍtt_t_ + 9763815545283//16384, _t722_Vˍttt_t_ - 208551456392112, _t722_Vˍtttt_t_ + 97311799012780670976, 1//3*_tpg_*_t722_V_t_^3 - _tpg_*_t722_V_t_ - _tpg_*_t722_R_t_ + _t722_Vˍt_t_, _tpg_*_t722_V_t_^2*_t722_Vˍt_t_ - _tpg_*_t722_Vˍt_t_ - _tpg_*_t722_Rˍt_t_ + _t722_Vˍtt_t_, _tpg_*_t722_V_t_^2*_t722_Vˍtt_t_ + 2*_tpg_*_t722_V_t_*_t722_Vˍt_t_^2 - _tpg_*_t722_Vˍtt_t_ - _tpg_*_t722_Rˍtt_t_ + _t722_Vˍttt_t_, _tpg_*_t722_V_t_^2*_t722_Vˍttt_t_ + 6*_tpg_*_t722_V_t_*_t722_Vˍt_t_*_t722_Vˍtt_t_ + 2*_tpg_*_t722_Vˍt_t_^3 - _tpg_*_t722_Vˍttt_t_ - _tpg_*_t722_Rˍttt_t_ + _t722_Vˍtttt_t_, _tpa_ + _tpg_*_t722_Rˍt_t_ - _tpb_*_t722_R_t_ - _t722_V_t_, _tpg_*_t722_Rˍtt_t_ - _tpb_*_t722_Rˍt_t_ - _t722_Vˍt_t_, _tpg_*_t722_Rˍttt_t_ - _tpb_*_t722_Rˍtt_t_ - _t722_Vˍtt_t_]
R
Multivariate polynomial ring in 12 variables over rationals
primes of bitsize 28
G-Q-Pt-FG-LT-LP(C)
Dimension of the quotient :2
Degree of the radical :2
Use last variable as separating element
Run Groebner learn
Test cyclic optimization
Apply cyclic optimization 
Multi-modular computation (1 threads): G-Q-Pt-FG-LT-LP(C)
5-9-13-17-21-25-29-33-37-41-
check-G-Q-Pt-FG-LT-LP(C)
Nb Primes used :41
┌ Warning: At t=0.4419783913700563, dt was forced below floating point epsilon -5.189859496544681e-17, and step error estimate = 3.313504015858141. Aborting. There is either an error in your model specification or the true solution is unstable (or the true solution can not be represented in the precision of Float64).
└ @ SciMLBase ~/.julia/packages/SciMLBase/Pma4a/src/integrator_interface.jl:623
┌ Warning: At t=0.4419723287350465, dt was forced below floating point epsilon -4.573093987367146e-17, and step error estimate = 3.3582210255518485. Aborting. There is either an error in your model specification or the true solution is unstable (or the true solution can not be represented in the precision of Float64).
└ @ SciMLBase ~/.julia/packages/SciMLBase/Pma4a/src/integrator_interface.jl:623
┌ Warning: At t=-0.999999999999997, dt was forced below floating point epsilon 1.1102230246251565e-16, and step error estimate = 143.55315123651945. Aborting. There is either an error in your model specification or the true solution is unstable (or the true solution can not be represented in the precision of Float64).
└ @ SciMLBase ~/.julia/packages/SciMLBase/Pma4a/src/integrator_interface.jl:623
┌ Warning: At t=-0.9999999999999972, dt was forced below floating point epsilon 1.1102230246251565e-16, and step error estimate = 149.4322990025413. Aborting. There is either an error in your model specification or the true solution is unstable (or the true solution can not be represented in the precision of Float64).
└ @ SciMLBase ~/.julia/packages/SciMLBase/Pma4a/src/integrator_interface.jl:623
2-element Vector{Vector{Vector{BigFloat}}}:
 [[-5.1648345e+11, -5.1648292e+11], [347.8833, 347.88379], [-1.8980301e+08, -1.8980275e+08], [20.169464, 20.169495], [2722.3555, 2722.3594], [2604.6875, 2604.6914], [-5.9593626e+08, -5.9593523e+08], [2.0855126e+14, 2.0855153e+14], [-9.731181e+19, -9.731167e+19], [-656028.0, -656027.0], [3.5792408e+11, 3.579246e+11], [-1.9528124e+17, -1.9528096e+17]]
 [[-5.184359e+11, -5.1843537e+11], [1348.4453, 1348.4473], [-1.9052058e+08, -1.9052032e+08], [20.169464, 20.169495], [2716.8008, 2716.8047], [2604.6875, 2604.6914], [-5.9593626e+08, -5.9593523e+08], [2.0855126e+14, 2.0855153e+14], [-9.731181e+19, -9.731167e+19], [615062.0, 615063.0], [-8.6901654e+10, -8.6901522e+10], [1.2278212e+16, 1.2278229e+16]]




