LinearAlgebra.PosDefException(2)
LinearAlgebra.PosDefException(2)
LinearAlgebra.PosDefException(2)
LinearAlgebra.PosDefException(4)
LinearAlgebra.PosDefException(5)
LinearAlgebra.PosDefException(6)
LinearAlgebra.PosDefException(84)
LinearAlgebra.PosDefException(2)
LinearAlgebra.PosDefException(6)
LinearAlgebra.PosDefException(2)
LinearAlgebra.PosDefException(2)
LinearAlgebra.PosDefException(4)
LinearAlgebra.PosDefException(4)
LinearAlgebra.PosDefException(4)
LinearAlgebra.PosDefException(47)
LinearAlgebra.PosDefException(5)
LinearAlgebra.PosDefException(770)
LinearAlgebra.PosDefException(69)
Noise level is too low, using  AAA
DEBUG [determine_optimal_points_count]: Large num points: 1
DEBUG [determine_optimal_points_count]: Good num points: 1
DEBUG [multipoint_parameter_estimation]: Parameter estimation using this many points: 1

DEBUG [pick_points]: Starting point selection...
DEBUG [pick_points]: Number of points to pick: 1
DEBUG [pick_points]: Total points available: 1001
DEBUG [pick_points]: Number of interpolants: 1

DEBUG [pick_points]: Computing interestingness scores...
DEBUG [pick_points]: Processed 100 points
DEBUG [pick_points]: Processed 200 points
DEBUG [pick_points]: Processed 300 points
DEBUG [pick_points]: Processed 400 points
DEBUG [pick_points]: Processed 500 points
DEBUG [pick_points]: Processed 600 points
DEBUG [pick_points]: Processed 700 points
DEBUG [pick_points]: Processed 800 points
DEBUG [pick_points]: Processed 900 points
DEBUG [pick_points]: Processed 1000 points

DEBUG [pick_points]: Score statistics:
DEBUG [pick_points]: Min score: 0.6006160326461398
DEBUG [pick_points]: Max score: 7.210606242807319e8
DEBUG [pick_points]: Mean score: 1.2100308948251058e6
DEBUG [pick_points]: Normalized scores

DEBUG [pick_points]: Selected 1 points
DEBUG [pick_points]: Selected time points: [0.59]
aa_system
Any[_t796_V_t_ - 3172460960876559//1125899906842624, _t796_Vˍt_t_ - 178577161709//68719476736, _t796_Vˍtt_t_ - 152870845689//2097152, _t796_Vˍttt_t_ - 369173708315//64, _t796_Vˍtttt_t_ - 608613242162176, 1//3*_tpg_*_t796_V_t_^3 - _tpg_*_t796_V_t_ - _tpg_*_t796_R_t_ + _t796_Vˍt_t_, _tpg_*_t796_V_t_^2*_t796_Vˍt_t_ - _tpg_*_t796_Vˍt_t_ - _tpg_*_t796_Rˍt_t_ + _t796_Vˍtt_t_, _tpg_*_t796_V_t_^2*_t796_Vˍtt_t_ + 2*_tpg_*_t796_V_t_*_t796_Vˍt_t_^2 - _tpg_*_t796_Vˍtt_t_ - _tpg_*_t796_Rˍtt_t_ + _t796_Vˍttt_t_, _tpg_*_t796_V_t_^2*_t796_Vˍttt_t_ + 6*_tpg_*_t796_V_t_*_t796_Vˍt_t_*_t796_Vˍtt_t_ + 2*_tpg_*_t796_Vˍt_t_^3 - _tpg_*_t796_Vˍttt_t_ - _tpg_*_t796_Rˍttt_t_ + _t796_Vˍtttt_t_, _tpa_ + _tpg_*_t796_Rˍt_t_ - _tpb_*_t796_R_t_ - _t796_V_t_, _tpg_*_t796_Rˍtt_t_ - _tpb_*_t796_Rˍt_t_ - _t796_Vˍt_t_, _tpg_*_t796_Rˍttt_t_ - _tpb_*_t796_Rˍtt_t_ - _t796_Vˍtt_t_]
R
Multivariate polynomial ring in 12 variables over rationals
primes of bitsize 28
G-Q-Pt-FG-LT-LP(C)
Dimension of the quotient :2
Degree of the radical :2
Use last variable as separating element
Run Groebner learn
Test cyclic optimization
Apply cyclic optimization 
Multi-modular computation (1 threads): G-Q-Pt-FG-LT-LP(C)
5-9-13-17-21-25-29-33-37-41-
check-G-Q-Pt-FG-LT-LP(C)
Nb Primes used :41
┌ Warning: At t=-0.9977262455283535, dt was forced below floating point epsilon 1.1102230246251565e-16, and step error estimate = 3.275494776152599. Aborting. There is either an error in your model specification or the true solution is unstable (or the true solution can not be represented in the precision of Float64).
└ @ SciMLBase ~/.julia/packages/SciMLBase/Pma4a/src/integrator_interface.jl:623
┌ Warning: At t=-0.9996739023968964, dt was forced below floating point epsilon 1.1102230246251565e-16, and step error estimate = 3.2096387661714787. Aborting. There is either an error in your model specification or the true solution is unstable (or the true solution can not be represented in the precision of Float64).
└ @ SciMLBase ~/.julia/packages/SciMLBase/Pma4a/src/integrator_interface.jl:623
2-element Vector{Vector{Vector{BigFloat}}}:
 [[-7.6607181e+08, -7.6607078e+08], [-1508.0527, -1508.0508], [-1.6517606e+08, -1.6517581e+08], [2.8177109, 2.8177147], [4.6376343, 4.6376419], [2.5986366, 2.5986404], [72894.375, 72894.5], [5.7683313e+09, 5.7683395e+09], [6.0861297e+14, 6.0861405e+14], [-30.30365, -30.303619], [-3.319144e+06, -3.31914e+06], [-3.6354392e+11, -3.635434e+11]]
 [[-7.660585e+08, -7.6605747e+08], [-15782.219, -15782.203], [-1.6517299e+08, -1.6517274e+08], [2.8177109, 2.8177147], [4.6391907, 4.6391983], [2.5986366, 2.5986404], [72894.375, 72894.5], [5.7683313e+09, 5.7683395e+09], [6.0861297e+14, 6.0861405e+14], [13.414474, 13.41449], [140392.75, 140393.0], [1.4693192e+09, 1.4693212e+09]]




