LinearAlgebra.PosDefException(2)
LinearAlgebra.PosDefException(2)
LinearAlgebra.PosDefException(2)
LinearAlgebra.PosDefException(5)
LinearAlgebra.PosDefException(3)
LinearAlgebra.PosDefException(7)
LinearAlgebra.PosDefException(85)
LinearAlgebra.PosDefException(2)
LinearAlgebra.PosDefException(2)
LinearAlgebra.PosDefException(3)
LinearAlgebra.PosDefException(2)
LinearAlgebra.PosDefException(4)
LinearAlgebra.PosDefException(5)
LinearAlgebra.PosDefException(5)
LinearAlgebra.PosDefException(47)
Noise level is too low, using  AAA
DEBUG [determine_optimal_points_count]: Large num points: 1
DEBUG [determine_optimal_points_count]: Good num points: 1
DEBUG [multipoint_parameter_estimation]: Parameter estimation using this many points: 1

DEBUG [pick_points]: Starting point selection...
DEBUG [pick_points]: Number of points to pick: 1
DEBUG [pick_points]: Total points available: 1001
DEBUG [pick_points]: Number of interpolants: 1

DEBUG [pick_points]: Computing interestingness scores...
DEBUG [pick_points]: Processed 100 points
DEBUG [pick_points]: Processed 200 points
DEBUG [pick_points]: Processed 300 points
DEBUG [pick_points]: Processed 400 points
DEBUG [pick_points]: Processed 500 points
DEBUG [pick_points]: Processed 600 points
DEBUG [pick_points]: Processed 700 points
DEBUG [pick_points]: Processed 800 points
DEBUG [pick_points]: Processed 900 points
DEBUG [pick_points]: Processed 1000 points

DEBUG [pick_points]: Score statistics:
DEBUG [pick_points]: Min score: 0.4587060083385172
DEBUG [pick_points]: Max score: 1.7778756214608014
DEBUG [pick_points]: Mean score: 1.2181031818255577
DEBUG [pick_points]: Normalized scores

DEBUG [pick_points]: Selected 1 points
DEBUG [pick_points]: Selected time points: [-0.164]
aa_system
Any[_t419_V_t_ - 7648537589857491//4503599627370496, _t419_Vˍt_t_ - 497034360522017//281474976710656, _t419_Vˍtt_t_ + 50850185134449//70368744177664, _t419_Vˍttt_t_ + 11774156538987//2199023255552, _t419_Vˍtttt_t_ - 1404184276657//137438953472, 1//3*_tpg_*_t419_V_t_^3 - _tpg_*_t419_V_t_ - _tpg_*_t419_R_t_ + _t419_Vˍt_t_, _tpg_*_t419_V_t_^2*_t419_Vˍt_t_ - _tpg_*_t419_Vˍt_t_ - _tpg_*_t419_Rˍt_t_ + _t419_Vˍtt_t_, _tpg_*_t419_V_t_^2*_t419_Vˍtt_t_ + 2*_tpg_*_t419_V_t_*_t419_Vˍt_t_^2 - _tpg_*_t419_Vˍtt_t_ - _tpg_*_t419_Rˍtt_t_ + _t419_Vˍttt_t_, _tpg_*_t419_V_t_^2*_t419_Vˍttt_t_ + 6*_tpg_*_t419_V_t_*_t419_Vˍt_t_*_t419_Vˍtt_t_ + 2*_tpg_*_t419_Vˍt_t_^3 - _tpg_*_t419_Vˍttt_t_ - _tpg_*_t419_Rˍttt_t_ + _t419_Vˍtttt_t_, _tpa_ + _tpg_*_t419_Rˍt_t_ - _tpb_*_t419_R_t_ - _t419_V_t_, _tpg_*_t419_Rˍtt_t_ - _tpb_*_t419_Rˍt_t_ - _t419_Vˍt_t_, _tpg_*_t419_Rˍttt_t_ - _tpb_*_t419_Rˍtt_t_ - _t419_Vˍtt_t_]
R
Multivariate polynomial ring in 12 variables over rationals
primes of bitsize 28
G-Q-Pt-FG-LT-LP(C)
Dimension of the quotient :2
Degree of the radical :2
Use last variable as separating element
Run Groebner learn
Test cyclic optimization
Apply cyclic optimization 
Multi-modular computation (1 threads): G-Q-Pt-FG-LT-LP(C)
5-9-13-17-21-25-29-33-37-41-
check-G-Q-Pt-FG-LT-LP(C)
Nb Primes used :41
2-element Vector{Vector{Vector{BigFloat}}}:
 [[0.15674019, 0.15674043], [0.84247017, 0.84247112], [0.26542902, 0.2654295], [1.6983147, 1.6983166], [2.0304909, 2.0304947], [1.7658195, 1.7658215], [-0.72262478, -0.72262383], [-5.3542709, -5.3542633], [10.216782, 10.216797], [2.4695511, 2.4695549], [2.8740578, 2.8740616], [0.047757804, 0.047757864]]
 [[-6.4294586, -6.429451], [0.4357667, 0.43576717], [-1.8562889, -1.856287], [1.6983147, 1.6983166], [3.986702, 3.9867058], [1.7658195, 1.7658215], [-0.72262478, -0.72262383], [-5.3542709, -5.3542633], [10.216782, 10.216797], [1.6690159, 1.6690178], [-3.0574989, -3.0574951], [11.366104, 11.366119]]




