LinearAlgebra.PosDefException(2)
LinearAlgebra.PosDefException(2)
LinearAlgebra.PosDefException(2)
LinearAlgebra.PosDefException(3)
LinearAlgebra.PosDefException(5)
LinearAlgebra.PosDefException(4)
LinearAlgebra.PosDefException(88)
LinearAlgebra.PosDefException(2)
LinearAlgebra.PosDefException(3)
LinearAlgebra.PosDefException(2)
LinearAlgebra.PosDefException(2)
LinearAlgebra.PosDefException(4)
LinearAlgebra.PosDefException(3)
LinearAlgebra.PosDefException(4)
LinearAlgebra.PosDefException(50)
Noise level is too low, using  AAA
DEBUG [determine_optimal_points_count]: Large num points: 1
DEBUG [determine_optimal_points_count]: Good num points: 1
DEBUG [multipoint_parameter_estimation]: Parameter estimation using this many points: 1

DEBUG [pick_points]: Starting point selection...
DEBUG [pick_points]: Number of points to pick: 1
DEBUG [pick_points]: Total points available: 1001
DEBUG [pick_points]: Number of interpolants: 1

DEBUG [pick_points]: Computing interestingness scores...
DEBUG [pick_points]: Processed 100 points
DEBUG [pick_points]: Processed 200 points
DEBUG [pick_points]: Processed 300 points
DEBUG [pick_points]: Processed 400 points
DEBUG [pick_points]: Processed 500 points
DEBUG [pick_points]: Processed 600 points
DEBUG [pick_points]: Processed 700 points
DEBUG [pick_points]: Processed 800 points
DEBUG [pick_points]: Processed 900 points
DEBUG [pick_points]: Processed 1000 points

DEBUG [pick_points]: Score statistics:
DEBUG [pick_points]: Min score: 0.5789755916264998
DEBUG [pick_points]: Max score: 11.818648093448637
DEBUG [pick_points]: Mean score: 5.6530010681409175
DEBUG [pick_points]: Normalized scores

DEBUG [pick_points]: Selected 1 points
DEBUG [pick_points]: Selected time points: [0.456]
aa_system
Any[_t729_V_t_ - 5400099544591989//1125899906842624, _t729_Vˍt_t_ - 2440010813036485//281474976710656, _t729_Vˍtt_t_ - 58511681726425//8796093022208, _t729_Vˍttt_t_ + 380525790650183//8796093022208, _t729_Vˍtttt_t_ + 21324085866345//274877906944, 1//3*_tpg_*_t729_V_t_^3 - _tpg_*_t729_V_t_ - _tpg_*_t729_R_t_ + _t729_Vˍt_t_, _tpg_*_t729_V_t_^2*_t729_Vˍt_t_ - _tpg_*_t729_Vˍt_t_ - _tpg_*_t729_Rˍt_t_ + _t729_Vˍtt_t_, _tpg_*_t729_V_t_^2*_t729_Vˍtt_t_ + 2*_tpg_*_t729_V_t_*_t729_Vˍt_t_^2 - _tpg_*_t729_Vˍtt_t_ - _tpg_*_t729_Rˍtt_t_ + _t729_Vˍttt_t_, _tpg_*_t729_V_t_^2*_t729_Vˍttt_t_ + 6*_tpg_*_t729_V_t_*_t729_Vˍt_t_*_t729_Vˍtt_t_ + 2*_tpg_*_t729_Vˍt_t_^3 - _tpg_*_t729_Vˍttt_t_ - _tpg_*_t729_Rˍttt_t_ + _t729_Vˍtttt_t_, _tpa_ + _tpg_*_t729_Rˍt_t_ - _tpb_*_t729_R_t_ - _t729_V_t_, _tpg_*_t729_Rˍtt_t_ - _tpb_*_t729_Rˍt_t_ - _t729_Vˍt_t_, _tpg_*_t729_Rˍttt_t_ - _tpb_*_t729_Rˍtt_t_ - _t729_Vˍtt_t_]
R
Multivariate polynomial ring in 12 variables over rationals
primes of bitsize 28
G-Q-Pt-FG-LT-LP(C)
Dimension of the quotient :2
Degree of the radical :2
Use last variable as separating element
Run Groebner learn
Test cyclic optimization
Apply cyclic optimization 
Multi-modular computation (1 threads): G-Q-Pt-FG-LT-LP(C)
5-9-13-17-21-25-29-33-37-41-
check-G-Q-Pt-FG-LT-LP(C)
Nb Primes used :41
2-element Vector{Vector{Vector{BigFloat}}}:
 [[-19.404755, -19.404724], [0.044141531, 0.044141591], [-0.039976299, -0.039976239], [4.7962494, 4.796257], [228.3645, 228.36475], [8.6686554, 8.6686707], [6.6520081, 6.6520157], [-43.260803, -43.260742], [-77.57666, -77.576538], [341.44238, 341.44287], [-112.84033, -112.84021], [252.8894, 252.88965]]
 [[0.26531696, 0.26531744], [0.17251515, 0.17251539], [0.42597008, 0.42597055], [4.7962494, 4.796257], [82.22998, 82.230103], [8.6686554, 8.6686707], [6.6520081, 6.6520157], [-43.260803, -43.260742], [-77.57666, -77.576538], [229.3042, 229.30444], [616.44043, 616.44141], [1560.6582, 1560.6602]]




