LinearAlgebra.PosDefException(2)
LinearAlgebra.PosDefException(3)
LinearAlgebra.PosDefException(6)
LinearAlgebra.PosDefException(5)
LinearAlgebra.PosDefException(3)
LinearAlgebra.PosDefException(4)
LinearAlgebra.PosDefException(84)
LinearAlgebra.PosDefException(2)
LinearAlgebra.PosDefException(3)
LinearAlgebra.PosDefException(2)
LinearAlgebra.PosDefException(3)
LinearAlgebra.PosDefException(6)
LinearAlgebra.PosDefException(3)
LinearAlgebra.PosDefException(5)
LinearAlgebra.PosDefException(45)
LinearAlgebra.PosDefException(4)
LinearAlgebra.PosDefException(5)
LinearAlgebra.PosDefException(6)
LinearAlgebra.PosDefException(39)
LinearAlgebra.PosDefException(4)
LinearAlgebra.PosDefException(4)
LinearAlgebra.PosDefException(6)
LinearAlgebra.PosDefException(5)
LinearAlgebra.PosDefException(130)
Noise level is too low, using  AAA
DEBUG [determine_optimal_points_count]: Large num points: 1
DEBUG [determine_optimal_points_count]: Good num points: 1
DEBUG [multipoint_parameter_estimation]: Parameter estimation using this many points: 1

DEBUG [pick_points]: Starting point selection...
DEBUG [pick_points]: Number of points to pick: 1
DEBUG [pick_points]: Total points available: 1001
DEBUG [pick_points]: Number of interpolants: 1

DEBUG [pick_points]: Computing interestingness scores...
DEBUG [pick_points]: Processed 100 points
DEBUG [pick_points]: Processed 200 points
DEBUG [pick_points]: Processed 300 points
DEBUG [pick_points]: Processed 400 points
DEBUG [pick_points]: Processed 500 points
DEBUG [pick_points]: Processed 600 points
DEBUG [pick_points]: Processed 700 points
DEBUG [pick_points]: Processed 800 points
DEBUG [pick_points]: Processed 900 points
DEBUG [pick_points]: Processed 1000 points

DEBUG [pick_points]: Score statistics:
DEBUG [pick_points]: Min score: 0.6652457557944207
DEBUG [pick_points]: Max score: 8.797357354526866e6
DEBUG [pick_points]: Mean score: 11834.02881685833
DEBUG [pick_points]: Normalized scores

DEBUG [pick_points]: Selected 1 points
DEBUG [pick_points]: Selected time points: [0.842]
aa_system
Any[_t922_V_t_ - 7154771631404131//562949953421312, _t922_Vˍt_t_ - 598503004713//34359738368, _t922_Vˍtt_t_ - 143978580187//16777216, _t922_Vˍttt_t_ - 36025148181//512, _t922_Vˍtttt_t_ - 770567874000, 1//3*_tpg_*_t922_V_t_^3 - _tpg_*_t922_V_t_ - _tpg_*_t922_R_t_ + _t922_Vˍt_t_, _tpg_*_t922_V_t_^2*_t922_Vˍt_t_ - _tpg_*_t922_Vˍt_t_ - _tpg_*_t922_Rˍt_t_ + _t922_Vˍtt_t_, _tpg_*_t922_V_t_^2*_t922_Vˍtt_t_ + 2*_tpg_*_t922_V_t_*_t922_Vˍt_t_^2 - _tpg_*_t922_Vˍtt_t_ - _tpg_*_t922_Rˍtt_t_ + _t922_Vˍttt_t_, _tpg_*_t922_V_t_^2*_t922_Vˍttt_t_ + 6*_tpg_*_t922_V_t_*_t922_Vˍt_t_*_t922_Vˍtt_t_ + 2*_tpg_*_t922_Vˍt_t_^3 - _tpg_*_t922_Vˍttt_t_ - _tpg_*_t922_Rˍttt_t_ + _t922_Vˍtttt_t_, _tpa_ + _tpg_*_t922_Rˍt_t_ - _tpb_*_t922_R_t_ - _t922_V_t_, _tpg_*_t922_Rˍtt_t_ - _tpb_*_t922_Rˍt_t_ - _t922_Vˍt_t_, _tpg_*_t922_Rˍttt_t_ - _tpb_*_t922_Rˍtt_t_ - _t922_Vˍtt_t_]
R
Multivariate polynomial ring in 12 variables over rationals
primes of bitsize 28
G-Q-Pt-FG-LT-LP(C)
Dimension of the quotient :2
Degree of the radical :2
Use last variable as separating element
Run Groebner learn
Test cyclic optimization
Apply cyclic optimization 
Multi-modular computation (1 threads): G-Q-Pt-FG-LT-LP(C)
5-9-13-17-21-25-29-33-37-41-
check-G-Q-Pt-FG-LT-LP(C)
Nb Primes used :41
┌ Warning: At t=-0.8869242829020251, dt was forced below floating point epsilon 1.1102230246251565e-16, and step error estimate = 1.0117501937144042. Aborting. There is either an error in your model specification or the true solution is unstable (or the true solution can not be represented in the precision of Float64).
└ @ SciMLBase ~/.julia/packages/SciMLBase/Pma4a/src/integrator_interface.jl:623
┌ Warning: At t=-0.996090737932571, dt was forced below floating point epsilon 1.1102230246251565e-16, and step error estimate = 2.4266943007099977. Aborting. There is either an error in your model specification or the true solution is unstable (or the true solution can not be represented in the precision of Float64).
└ @ SciMLBase ~/.julia/packages/SciMLBase/Pma4a/src/integrator_interface.jl:623
2-element Vector{Vector{Vector{BigFloat}}}:
 [[-5.854608e+06, -5.8546e+06], [-0.81777096, -0.81777], [-8993.1875, -8993.1719], [12.709427, 12.709442], [650.30566, 650.30664], [17.418701, 17.418732], [8581.7812, 8581.7969], [7.03616e+07, 7.0361728e+07], [7.7056705e+11, 7.7056809e+11], [-7697.9141, -7697.9062], [-8.4655488e+07, -8.465536e+07], [-9.3097296e+11, -9.3097191e+11]]
 [[-5.964008e+06, -5.964e+06], [-68.441895, -68.441772], [-9155.8906, -9155.875], [12.709427, 12.709442], [671.35156, 671.35254], [17.418701, 17.418732], [8581.7812, 8581.7969], [7.03616e+07, 7.0361728e+07], [7.7056705e+11, 7.7056809e+11], [2670.832, 2670.8359], [357293.0, 357293.5], [4.779712e+07, 4.7797184e+07]]




