LinearAlgebra.PosDefException(6)
LinearAlgebra.PosDefException(2)
LinearAlgebra.PosDefException(3)
LinearAlgebra.PosDefException(5)
LinearAlgebra.PosDefException(3)
LinearAlgebra.PosDefException(5)
LinearAlgebra.PosDefException(90)
LinearAlgebra.PosDefException(2)
LinearAlgebra.PosDefException(2)
LinearAlgebra.PosDefException(2)
LinearAlgebra.PosDefException(6)
LinearAlgebra.PosDefException(4)
LinearAlgebra.PosDefException(3)
LinearAlgebra.PosDefException(6)
LinearAlgebra.PosDefException(47)
LinearAlgebra.PosDefException(3)
LinearAlgebra.PosDefException(101)
LinearAlgebra.PosDefException(102)
Noise level is too low, using  AAA
DEBUG [determine_optimal_points_count]: Large num points: 1
DEBUG [determine_optimal_points_count]: Good num points: 1
DEBUG [multipoint_parameter_estimation]: Parameter estimation using this many points: 1

DEBUG [pick_points]: Starting point selection...
DEBUG [pick_points]: Number of points to pick: 1
DEBUG [pick_points]: Total points available: 1001
DEBUG [pick_points]: Number of interpolants: 1

DEBUG [pick_points]: Computing interestingness scores...
DEBUG [pick_points]: Processed 100 points
DEBUG [pick_points]: Processed 200 points
DEBUG [pick_points]: Processed 300 points
DEBUG [pick_points]: Processed 400 points
DEBUG [pick_points]: Processed 500 points
DEBUG [pick_points]: Processed 600 points
DEBUG [pick_points]: Processed 700 points
DEBUG [pick_points]: Processed 800 points
DEBUG [pick_points]: Processed 900 points
DEBUG [pick_points]: Processed 1000 points

DEBUG [pick_points]: Score statistics:
DEBUG [pick_points]: Min score: 0.15336168181035706
DEBUG [pick_points]: Max score: 5.023045132785771e8
DEBUG [pick_points]: Mean score: 719813.1924018833
DEBUG [pick_points]: Normalized scores

DEBUG [pick_points]: Selected 1 points
DEBUG [pick_points]: Selected time points: [-0.044]
aa_system
Any[_t479_r_t_ - 5067849103717507//9007199254740992, _t479_rˍt_t_ - 647303690301//549755813888, _t479_rˍtt_t_ - 388863658221//8388608, _t479_rˍttt_t_ - 257173976819//64, _t479_rˍtttt_t_ - 464437929211904, _tpk2_*_t479_r_t_*_t479_w_t_ - _tpk1_*_t479_r_t_ + _t479_rˍt_t_, _tpk2_*_t479_r_t_*_t479_wˍt_t_ + _tpk2_*_t479_w_t_*_t479_rˍt_t_ - _tpk1_*_t479_rˍt_t_ + _t479_rˍtt_t_, _tpk2_*_t479_r_t_*_t479_wˍtt_t_ + _tpk2_*_t479_w_t_*_t479_rˍtt_t_ + 2*_tpk2_*_t479_rˍt_t_*_t479_wˍt_t_ - _tpk1_*_t479_rˍtt_t_ + _t479_rˍttt_t_, _tpk2_*_t479_r_t_*_t479_wˍttt_t_ + _tpk2_*_t479_w_t_*_t479_rˍttt_t_ + 3*_tpk2_*_t479_rˍt_t_*_t479_wˍtt_t_ + 3*_tpk2_*_t479_rˍtt_t_*_t479_wˍt_t_ - _tpk1_*_t479_rˍttt_t_ + _t479_rˍtttt_t_, -_tpk2_*_t479_r_t_*_t479_w_t_ + _tpk3_*_t479_w_t_ + _t479_wˍt_t_, -_tpk2_*_t479_r_t_*_t479_wˍt_t_ - _tpk2_*_t479_w_t_*_t479_rˍt_t_ + _tpk3_*_t479_wˍt_t_ + _t479_wˍtt_t_, -_tpk2_*_t479_r_t_*_t479_wˍtt_t_ - _tpk2_*_t479_w_t_*_t479_rˍtt_t_ - 2*_tpk2_*_t479_rˍt_t_*_t479_wˍt_t_ + _tpk3_*_t479_wˍtt_t_ + _t479_wˍttt_t_]
R
Multivariate polynomial ring in 12 variables over rationals
primes of bitsize 28
G-Q-Pt-FG-LT-LP(C)
Dimension of the quotient :2
Degree of the radical :2
Use last variable as separating element
Run Groebner learn
Test cyclic optimization
Apply cyclic optimization 
Multi-modular computation (1 threads): G-Q-Pt-FG-LT-LP(C)
5-9-13-17-21-25-29-33-37-41-45-49-53-61-
check-G-Q-Pt-FG-LT-LP(C)
Nb Primes used :61
Vector{Vector{BigFloat}}[]
DEBUG [determine_optimal_points_count]: Large num points: 1
DEBUG [determine_optimal_points_count]: Good num points: 1
DEBUG [multipoint_parameter_estimation]: Parameter estimation using this many points: 1

DEBUG [pick_points]: Starting point selection...
DEBUG [pick_points]: Number of points to pick: 1
DEBUG [pick_points]: Total points available: 1001
DEBUG [pick_points]: Number of interpolants: 1

DEBUG [pick_points]: Computing interestingness scores...
DEBUG [pick_points]: Processed 100 points
DEBUG [pick_points]: Processed 200 points
DEBUG [pick_points]: Processed 300 points
DEBUG [pick_points]: Processed 400 points
DEBUG [pick_points]: Processed 500 points
DEBUG [pick_points]: Processed 600 points
DEBUG [pick_points]: Processed 700 points
DEBUG [pick_points]: Processed 800 points
DEBUG [pick_points]: Processed 900 points
DEBUG [pick_points]: Processed 1000 points

DEBUG [pick_points]: Score statistics:
DEBUG [pick_points]: Min score: 0.15336168181035706
DEBUG [pick_points]: Max score: 5.023045132785771e8
DEBUG [pick_points]: Mean score: 719813.1924018833
DEBUG [pick_points]: Normalized scores

DEBUG [pick_points]: Selected 1 points
DEBUG [pick_points]: Selected time points: [-0.044]
aa_system
Any[_t479_r_t_ - 5067849103717507//9007199254740992, _t479_rˍt_t_ - 647303690301//549755813888, _t479_rˍtt_t_ - 388863658221//8388608, _t479_rˍttt_t_ - 257173976819//64, _t479_rˍtttt_t_ - 464437929211904, _tpk2_*_t479_r_t_*_t479_w_t_ - _tpk1_*_t479_r_t_ + _t479_rˍt_t_, _tpk2_*_t479_r_t_*_t479_wˍt_t_ + _tpk2_*_t479_w_t_*_t479_rˍt_t_ - _tpk1_*_t479_rˍt_t_ + _t479_rˍtt_t_, _tpk2_*_t479_r_t_*_t479_wˍtt_t_ + _tpk2_*_t479_w_t_*_t479_rˍtt_t_ + 2*_tpk2_*_t479_rˍt_t_*_t479_wˍt_t_ - _tpk1_*_t479_rˍtt_t_ + _t479_rˍttt_t_, _tpk2_*_t479_r_t_*_t479_wˍttt_t_ + _tpk2_*_t479_w_t_*_t479_rˍttt_t_ + 3*_tpk2_*_t479_rˍt_t_*_t479_wˍtt_t_ + 3*_tpk2_*_t479_rˍtt_t_*_t479_wˍt_t_ - _tpk1_*_t479_rˍttt_t_ + _t479_rˍtttt_t_, -_tpk2_*_t479_r_t_*_t479_w_t_ + _tpk3_*_t479_w_t_ + _t479_wˍt_t_, -_tpk2_*_t479_r_t_*_t479_wˍt_t_ - _tpk2_*_t479_w_t_*_t479_rˍt_t_ + _tpk3_*_t479_wˍt_t_ + _t479_wˍtt_t_, -_tpk2_*_t479_r_t_*_t479_wˍtt_t_ - _tpk2_*_t479_w_t_*_t479_rˍtt_t_ - 2*_tpk2_*_t479_rˍt_t_*_t479_wˍt_t_ + _tpk3_*_t479_wˍtt_t_ + _t479_wˍttt_t_]
R
Multivariate polynomial ring in 12 variables over rationals
primes of bitsize 28
G-Q-Pt-FG-LT-LP(C)
Dimension of the quotient :2
Degree of the radical :2
Use last variable as separating element
Run Groebner learn
Test cyclic optimization
Apply cyclic optimization 
Multi-modular computation (1 threads): G-Q-Pt-FG-LT-LP(C)
5-9-13-17-21-25-29-33-37-41-45-49-53-61-
check-G-Q-Pt-FG-LT-LP(C)
Nb Primes used :61
Vector{Vector{BigFloat}}[]
DEBUG [determine_optimal_points_count]: Large num points: 1
DEBUG [determine_optimal_points_count]: Good num points: 1
DEBUG [multipoint_parameter_estimation]: Parameter estimation using this many points: 1

DEBUG [pick_points]: Starting point selection...
DEBUG [pick_points]: Number of points to pick: 1
DEBUG [pick_points]: Total points available: 1001
DEBUG [pick_points]: Number of interpolants: 1

DEBUG [pick_points]: Computing interestingness scores...
DEBUG [pick_points]: Processed 100 points
DEBUG [pick_points]: Processed 200 points
DEBUG [pick_points]: Processed 300 points
DEBUG [pick_points]: Processed 400 points
DEBUG [pick_points]: Processed 500 points
DEBUG [pick_points]: Processed 600 points
DEBUG [pick_points]: Processed 700 points
DEBUG [pick_points]: Processed 800 points
DEBUG [pick_points]: Processed 900 points
DEBUG [pick_points]: Processed 1000 points

DEBUG [pick_points]: Score statistics:
DEBUG [pick_points]: Min score: 0.15336168181035706
DEBUG [pick_points]: Max score: 5.023045132785771e8
DEBUG [pick_points]: Mean score: 719813.1924018833
DEBUG [pick_points]: Normalized scores

DEBUG [pick_points]: Selected 1 points
DEBUG [pick_points]: Selected time points: [-0.044]
aa_system
Any[_t479_r_t_ - 5067849103717507//9007199254740992, _t479_rˍt_t_ - 647303690301//549755813888, _t479_rˍtt_t_ - 388863658221//8388608, _t479_rˍttt_t_ - 257173976819//64, _t479_rˍtttt_t_ - 464437929211904, _tpk2_*_t479_r_t_*_t479_w_t_ - _tpk1_*_t479_r_t_ + _t479_rˍt_t_, _tpk2_*_t479_r_t_*_t479_wˍt_t_ + _tpk2_*_t479_w_t_*_t479_rˍt_t_ - _tpk1_*_t479_rˍt_t_ + _t479_rˍtt_t_, _tpk2_*_t479_r_t_*_t479_wˍtt_t_ + _tpk2_*_t479_w_t_*_t479_rˍtt_t_ + 2*_tpk2_*_t479_rˍt_t_*_t479_wˍt_t_ - _tpk1_*_t479_rˍtt_t_ + _t479_rˍttt_t_, _tpk2_*_t479_r_t_*_t479_wˍttt_t_ + _tpk2_*_t479_w_t_*_t479_rˍttt_t_ + 3*_tpk2_*_t479_rˍt_t_*_t479_wˍtt_t_ + 3*_tpk2_*_t479_rˍtt_t_*_t479_wˍt_t_ - _tpk1_*_t479_rˍttt_t_ + _t479_rˍtttt_t_, -_tpk2_*_t479_r_t_*_t479_w_t_ + _tpk3_*_t479_w_t_ + _t479_wˍt_t_, -_tpk2_*_t479_r_t_*_t479_wˍt_t_ - _tpk2_*_t479_w_t_*_t479_rˍt_t_ + _tpk3_*_t479_wˍt_t_ + _t479_wˍtt_t_, -_tpk2_*_t479_r_t_*_t479_wˍtt_t_ - _tpk2_*_t479_w_t_*_t479_rˍtt_t_ - 2*_tpk2_*_t479_rˍt_t_*_t479_wˍt_t_ + _tpk3_*_t479_wˍtt_t_ + _t479_wˍttt_t_]
R
Multivariate polynomial ring in 12 variables over rationals
primes of bitsize 28
G-Q-Pt-FG-LT-LP(C)
Dimension of the quotient :2
Degree of the radical :2
Use last variable as separating element
Run Groebner learn
Test cyclic optimization
Apply cyclic optimization 
Multi-modular computation (1 threads): G-Q-Pt-FG-LT-LP(C)
5-9-13-17-21-25-29-33-37-41-45-49-53-61-
check-G-Q-Pt-FG-LT-LP(C)
Nb Primes used :61
Vector{Vector{BigFloat}}[]
DEBUG [determine_optimal_points_count]: Large num points: 1
DEBUG [determine_optimal_points_count]: Good num points: 1
DEBUG [multipoint_parameter_estimation]: Parameter estimation using this many points: 1

DEBUG [pick_points]: Starting point selection...
DEBUG [pick_points]: Number of points to pick: 1
DEBUG [pick_points]: Total points available: 1001
DEBUG [pick_points]: Number of interpolants: 1

DEBUG [pick_points]: Computing interestingness scores...
DEBUG [pick_points]: Processed 100 points
DEBUG [pick_points]: Processed 200 points
DEBUG [pick_points]: Processed 300 points
DEBUG [pick_points]: Processed 400 points
DEBUG [pick_points]: Processed 500 points
DEBUG [pick_points]: Processed 600 points
DEBUG [pick_points]: Processed 700 points
DEBUG [pick_points]: Processed 800 points
DEBUG [pick_points]: Processed 900 points
DEBUG [pick_points]: Processed 1000 points

DEBUG [pick_points]: Score statistics:
DEBUG [pick_points]: Min score: 0.15336168181035706
DEBUG [pick_points]: Max score: 5.023045132785771e8
DEBUG [pick_points]: Mean score: 719813.1924018833
DEBUG [pick_points]: Normalized scores

DEBUG [pick_points]: Selected 1 points
DEBUG [pick_points]: Selected time points: [-0.044]
aa_system
Any[_t479_r_t_ - 5067849103717507//9007199254740992, _t479_rˍt_t_ - 647303690301//549755813888, _t479_rˍtt_t_ - 388863658221//8388608, _t479_rˍttt_t_ - 257173976819//64, _t479_rˍtttt_t_ - 464437929211904, _tpk2_*_t479_r_t_*_t479_w_t_ - _tpk1_*_t479_r_t_ + _t479_rˍt_t_, _tpk2_*_t479_r_t_*_t479_wˍt_t_ + _tpk2_*_t479_w_t_*_t479_rˍt_t_ - _tpk1_*_t479_rˍt_t_ + _t479_rˍtt_t_, _tpk2_*_t479_r_t_*_t479_wˍtt_t_ + _tpk2_*_t479_w_t_*_t479_rˍtt_t_ + 2*_tpk2_*_t479_rˍt_t_*_t479_wˍt_t_ - _tpk1_*_t479_rˍtt_t_ + _t479_rˍttt_t_, _tpk2_*_t479_r_t_*_t479_wˍttt_t_ + _tpk2_*_t479_w_t_*_t479_rˍttt_t_ + 3*_tpk2_*_t479_rˍt_t_*_t479_wˍtt_t_ + 3*_tpk2_*_t479_rˍtt_t_*_t479_wˍt_t_ - _tpk1_*_t479_rˍttt_t_ + _t479_rˍtttt_t_, -_tpk2_*_t479_r_t_*_t479_w_t_ + _tpk3_*_t479_w_t_ + _t479_wˍt_t_, -_tpk2_*_t479_r_t_*_t479_wˍt_t_ - _tpk2_*_t479_w_t_*_t479_rˍt_t_ + _tpk3_*_t479_wˍt_t_ + _t479_wˍtt_t_, -_tpk2_*_t479_r_t_*_t479_wˍtt_t_ - _tpk2_*_t479_w_t_*_t479_rˍtt_t_ - 2*_tpk2_*_t479_rˍt_t_*_t479_wˍt_t_ + _tpk3_*_t479_wˍtt_t_ + _t479_wˍttt_t_]
R
Multivariate polynomial ring in 12 variables over rationals
primes of bitsize 28
G-Q-Pt-FG-LT-LP(C)
Dimension of the quotient :2
Degree of the radical :2
Use last variable as separating element
Run Groebner learn
Test cyclic optimization
Apply cyclic optimization 
Multi-modular computation (1 threads): G-Q-Pt-FG-LT-LP(C)
5-9-13-17-21-25-29-33-37-41-45-49-53-61-
check-G-Q-Pt-FG-LT-LP(C)
Nb Primes used :61
Vector{Vector{BigFloat}}[]
DEBUG [determine_optimal_points_count]: Large num points: 1
DEBUG [determine_optimal_points_count]: Good num points: 1
DEBUG [multipoint_parameter_estimation]: Parameter estimation using this many points: 1

DEBUG [pick_points]: Starting point selection...
DEBUG [pick_points]: Number of points to pick: 1
DEBUG [pick_points]: Total points available: 1001
DEBUG [pick_points]: Number of interpolants: 1

DEBUG [pick_points]: Computing interestingness scores...
DEBUG [pick_points]: Processed 100 points
DEBUG [pick_points]: Processed 200 points
DEBUG [pick_points]: Processed 300 points
DEBUG [pick_points]: Processed 400 points
DEBUG [pick_points]: Processed 500 points
DEBUG [pick_points]: Processed 600 points
DEBUG [pick_points]: Processed 700 points
DEBUG [pick_points]: Processed 800 points
DEBUG [pick_points]: Processed 900 points
DEBUG [pick_points]: Processed 1000 points

DEBUG [pick_points]: Score statistics:
DEBUG [pick_points]: Min score: 0.15336168181035706
DEBUG [pick_points]: Max score: 5.023045132785771e8
DEBUG [pick_points]: Mean score: 719813.1924018833
DEBUG [pick_points]: Normalized scores

DEBUG [pick_points]: Selected 1 points
DEBUG [pick_points]: Selected time points: [-0.044]
aa_system
Any[_t479_r_t_ - 5067849103717507//9007199254740992, _t479_rˍt_t_ - 647303690301//549755813888, _t479_rˍtt_t_ - 388863658221//8388608, _t479_rˍttt_t_ - 257173976819//64, _t479_rˍtttt_t_ - 464437929211904, _tpk2_*_t479_r_t_*_t479_w_t_ - _tpk1_*_t479_r_t_ + _t479_rˍt_t_, _tpk2_*_t479_r_t_*_t479_wˍt_t_ + _tpk2_*_t479_w_t_*_t479_rˍt_t_ - _tpk1_*_t479_rˍt_t_ + _t479_rˍtt_t_, _tpk2_*_t479_r_t_*_t479_wˍtt_t_ + _tpk2_*_t479_w_t_*_t479_rˍtt_t_ + 2*_tpk2_*_t479_rˍt_t_*_t479_wˍt_t_ - _tpk1_*_t479_rˍtt_t_ + _t479_rˍttt_t_, _tpk2_*_t479_r_t_*_t479_wˍttt_t_ + _tpk2_*_t479_w_t_*_t479_rˍttt_t_ + 3*_tpk2_*_t479_rˍt_t_*_t479_wˍtt_t_ + 3*_tpk2_*_t479_rˍtt_t_*_t479_wˍt_t_ - _tpk1_*_t479_rˍttt_t_ + _t479_rˍtttt_t_, -_tpk2_*_t479_r_t_*_t479_w_t_ + _tpk3_*_t479_w_t_ + _t479_wˍt_t_, -_tpk2_*_t479_r_t_*_t479_wˍt_t_ - _tpk2_*_t479_w_t_*_t479_rˍt_t_ + _tpk3_*_t479_wˍt_t_ + _t479_wˍtt_t_, -_tpk2_*_t479_r_t_*_t479_wˍtt_t_ - _tpk2_*_t479_w_t_*_t479_rˍtt_t_ - 2*_tpk2_*_t479_rˍt_t_*_t479_wˍt_t_ + _tpk3_*_t479_wˍtt_t_ + _t479_wˍttt_t_]
R
Multivariate polynomial ring in 12 variables over rationals
primes of bitsize 28
G-Q-Pt-FG-LT-LP(C)
Dimension of the quotient :2
Degree of the radical :2
Use last variable as separating element
Run Groebner learn
Test cyclic optimization
Apply cyclic optimization 
Multi-modular computation (1 threads): G-Q-Pt-FG-LT-LP(C)
5-9-13-17-21-25-29-33-37-41-45-49-53-61-
check-G-Q-Pt-FG-LT-LP(C)
Nb Primes used :61
Vector{Vector{BigFloat}}[]
DEBUG [determine_optimal_points_count]: Large num points: 1
DEBUG [determine_optimal_points_count]: Good num points: 1
DEBUG [multipoint_parameter_estimation]: Parameter estimation using this many points: 1

DEBUG [pick_points]: Starting point selection...
DEBUG [pick_points]: Number of points to pick: 1
DEBUG [pick_points]: Total points available: 1001
DEBUG [pick_points]: Number of interpolants: 1

DEBUG [pick_points]: Computing interestingness scores...
DEBUG [pick_points]: Processed 100 points
DEBUG [pick_points]: Processed 200 points
DEBUG [pick_points]: Processed 300 points
DEBUG [pick_points]: Processed 400 points
DEBUG [pick_points]: Processed 500 points
DEBUG [pick_points]: Processed 600 points
DEBUG [pick_points]: Processed 700 points
DEBUG [pick_points]: Processed 800 points
DEBUG [pick_points]: Processed 900 points
DEBUG [pick_points]: Processed 1000 points

DEBUG [pick_points]: Score statistics:
DEBUG [pick_points]: Min score: 0.15336168181035706
DEBUG [pick_points]: Max score: 5.023045132785771e8
DEBUG [pick_points]: Mean score: 719813.1924018833
DEBUG [pick_points]: Normalized scores

DEBUG [pick_points]: Selected 1 points
DEBUG [pick_points]: Selected time points: [-0.044]
aa_system
Any[_t479_r_t_ - 5067849103717507//9007199254740992, _t479_rˍt_t_ - 647303690301//549755813888, _t479_rˍtt_t_ - 388863658221//8388608, _t479_rˍttt_t_ - 257173976819//64, _t479_rˍtttt_t_ - 464437929211904, _tpk2_*_t479_r_t_*_t479_w_t_ - _tpk1_*_t479_r_t_ + _t479_rˍt_t_, _tpk2_*_t479_r_t_*_t479_wˍt_t_ + _tpk2_*_t479_w_t_*_t479_rˍt_t_ - _tpk1_*_t479_rˍt_t_ + _t479_rˍtt_t_, _tpk2_*_t479_r_t_*_t479_wˍtt_t_ + _tpk2_*_t479_w_t_*_t479_rˍtt_t_ + 2*_tpk2_*_t479_rˍt_t_*_t479_wˍt_t_ - _tpk1_*_t479_rˍtt_t_ + _t479_rˍttt_t_, _tpk2_*_t479_r_t_*_t479_wˍttt_t_ + _tpk2_*_t479_w_t_*_t479_rˍttt_t_ + 3*_tpk2_*_t479_rˍt_t_*_t479_wˍtt_t_ + 3*_tpk2_*_t479_rˍtt_t_*_t479_wˍt_t_ - _tpk1_*_t479_rˍttt_t_ + _t479_rˍtttt_t_, -_tpk2_*_t479_r_t_*_t479_w_t_ + _tpk3_*_t479_w_t_ + _t479_wˍt_t_, -_tpk2_*_t479_r_t_*_t479_wˍt_t_ - _tpk2_*_t479_w_t_*_t479_rˍt_t_ + _tpk3_*_t479_wˍt_t_ + _t479_wˍtt_t_, -_tpk2_*_t479_r_t_*_t479_wˍtt_t_ - _tpk2_*_t479_w_t_*_t479_rˍtt_t_ - 2*_tpk2_*_t479_rˍt_t_*_t479_wˍt_t_ + _tpk3_*_t479_wˍtt_t_ + _t479_wˍttt_t_]
R
Multivariate polynomial ring in 12 variables over rationals
primes of bitsize 28
G-Q-Pt-FG-LT-LP(C)
Dimension of the quotient :2
Degree of the radical :2
Use last variable as separating element
Run Groebner learn
Test cyclic optimization
Apply cyclic optimization 
Multi-modular computation (1 threads): G-Q-Pt-FG-LT-LP(C)
5-9-13-17-21-25-29-33-37-41-45-49-53-61-
check-G-Q-Pt-FG-LT-LP(C)
Nb Primes used :61
Vector{Vector{BigFloat}}[]
DEBUG [determine_optimal_points_count]: Large num points: 1
DEBUG [determine_optimal_points_count]: Good num points: 1
DEBUG [multipoint_parameter_estimation]: Parameter estimation using this many points: 1

DEBUG [pick_points]: Starting point selection...
DEBUG [pick_points]: Number of points to pick: 1
DEBUG [pick_points]: Total points available: 1001
DEBUG [pick_points]: Number of interpolants: 1

DEBUG [pick_points]: Computing interestingness scores...
DEBUG [pick_points]: Processed 100 points
DEBUG [pick_points]: Processed 200 points
DEBUG [pick_points]: Processed 300 points
DEBUG [pick_points]: Processed 400 points
DEBUG [pick_points]: Processed 500 points
DEBUG [pick_points]: Processed 600 points
DEBUG [pick_points]: Processed 700 points
DEBUG [pick_points]: Processed 800 points
DEBUG [pick_points]: Processed 900 points
DEBUG [pick_points]: Processed 1000 points

DEBUG [pick_points]: Score statistics:
DEBUG [pick_points]: Min score: 0.15336168181035706
DEBUG [pick_points]: Max score: 5.023045132785771e8
DEBUG [pick_points]: Mean score: 719813.1924018833
DEBUG [pick_points]: Normalized scores

DEBUG [pick_points]: Selected 1 points
DEBUG [pick_points]: Selected time points: [-0.044]
aa_system
Any[_t479_r_t_ - 5067849103717507//9007199254740992, _t479_rˍt_t_ - 647303690301//549755813888, _t479_rˍtt_t_ - 388863658221//8388608, _t479_rˍttt_t_ - 257173976819//64, _t479_rˍtttt_t_ - 464437929211904, _tpk2_*_t479_r_t_*_t479_w_t_ - _tpk1_*_t479_r_t_ + _t479_rˍt_t_, _tpk2_*_t479_r_t_*_t479_wˍt_t_ + _tpk2_*_t479_w_t_*_t479_rˍt_t_ - _tpk1_*_t479_rˍt_t_ + _t479_rˍtt_t_, _tpk2_*_t479_r_t_*_t479_wˍtt_t_ + _tpk2_*_t479_w_t_*_t479_rˍtt_t_ + 2*_tpk2_*_t479_rˍt_t_*_t479_wˍt_t_ - _tpk1_*_t479_rˍtt_t_ + _t479_rˍttt_t_, _tpk2_*_t479_r_t_*_t479_wˍttt_t_ + _tpk2_*_t479_w_t_*_t479_rˍttt_t_ + 3*_tpk2_*_t479_rˍt_t_*_t479_wˍtt_t_ + 3*_tpk2_*_t479_rˍtt_t_*_t479_wˍt_t_ - _tpk1_*_t479_rˍttt_t_ + _t479_rˍtttt_t_, -_tpk2_*_t479_r_t_*_t479_w_t_ + _tpk3_*_t479_w_t_ + _t479_wˍt_t_, -_tpk2_*_t479_r_t_*_t479_wˍt_t_ - _tpk2_*_t479_w_t_*_t479_rˍt_t_ + _tpk3_*_t479_wˍt_t_ + _t479_wˍtt_t_, -_tpk2_*_t479_r_t_*_t479_wˍtt_t_ - _tpk2_*_t479_w_t_*_t479_rˍtt_t_ - 2*_tpk2_*_t479_rˍt_t_*_t479_wˍt_t_ + _tpk3_*_t479_wˍtt_t_ + _t479_wˍttt_t_]
R
Multivariate polynomial ring in 12 variables over rationals
primes of bitsize 28
G-Q-Pt-FG-LT-LP(C)
Dimension of the quotient :2
Degree of the radical :2
Use last variable as separating element
Run Groebner learn
Test cyclic optimization
Apply cyclic optimization 
Multi-modular computation (1 threads): G-Q-Pt-FG-LT-LP(C)
5-9-13-17-21-25-29-33-37-41-45-49-53-61-
check-G-Q-Pt-FG-LT-LP(C)
Nb Primes used :61
Vector{Vector{BigFloat}}[]
DEBUG [determine_optimal_points_count]: Large num points: 1
DEBUG [determine_optimal_points_count]: Good num points: 1
DEBUG [multipoint_parameter_estimation]: Parameter estimation using this many points: 1

DEBUG [pick_points]: Starting point selection...
DEBUG [pick_points]: Number of points to pick: 1
DEBUG [pick_points]: Total points available: 1001
DEBUG [pick_points]: Number of interpolants: 1

DEBUG [pick_points]: Computing interestingness scores...
DEBUG [pick_points]: Processed 100 points
DEBUG [pick_points]: Processed 200 points
DEBUG [pick_points]: Processed 300 points
DEBUG [pick_points]: Processed 400 points
DEBUG [pick_points]: Processed 500 points
DEBUG [pick_points]: Processed 600 points
DEBUG [pick_points]: Processed 700 points
DEBUG [pick_points]: Processed 800 points
DEBUG [pick_points]: Processed 900 points
DEBUG [pick_points]: Processed 1000 points

DEBUG [pick_points]: Score statistics:
DEBUG [pick_points]: Min score: 0.15336168181035706
DEBUG [pick_points]: Max score: 5.023045132785771e8
DEBUG [pick_points]: Mean score: 719813.1924018833
DEBUG [pick_points]: Normalized scores

DEBUG [pick_points]: Selected 1 points
DEBUG [pick_points]: Selected time points: [-0.044]
aa_system
Any[_t479_r_t_ - 5067849103717507//9007199254740992, _t479_rˍt_t_ - 647303690301//549755813888, _t479_rˍtt_t_ - 388863658221//8388608, _t479_rˍttt_t_ - 257173976819//64, _t479_rˍtttt_t_ - 464437929211904, _tpk2_*_t479_r_t_*_t479_w_t_ - _tpk1_*_t479_r_t_ + _t479_rˍt_t_, _tpk2_*_t479_r_t_*_t479_wˍt_t_ + _tpk2_*_t479_w_t_*_t479_rˍt_t_ - _tpk1_*_t479_rˍt_t_ + _t479_rˍtt_t_, _tpk2_*_t479_r_t_*_t479_wˍtt_t_ + _tpk2_*_t479_w_t_*_t479_rˍtt_t_ + 2*_tpk2_*_t479_rˍt_t_*_t479_wˍt_t_ - _tpk1_*_t479_rˍtt_t_ + _t479_rˍttt_t_, _tpk2_*_t479_r_t_*_t479_wˍttt_t_ + _tpk2_*_t479_w_t_*_t479_rˍttt_t_ + 3*_tpk2_*_t479_rˍt_t_*_t479_wˍtt_t_ + 3*_tpk2_*_t479_rˍtt_t_*_t479_wˍt_t_ - _tpk1_*_t479_rˍttt_t_ + _t479_rˍtttt_t_, -_tpk2_*_t479_r_t_*_t479_w_t_ + _tpk3_*_t479_w_t_ + _t479_wˍt_t_, -_tpk2_*_t479_r_t_*_t479_wˍt_t_ - _tpk2_*_t479_w_t_*_t479_rˍt_t_ + _tpk3_*_t479_wˍt_t_ + _t479_wˍtt_t_, -_tpk2_*_t479_r_t_*_t479_wˍtt_t_ - _tpk2_*_t479_w_t_*_t479_rˍtt_t_ - 2*_tpk2_*_t479_rˍt_t_*_t479_wˍt_t_ + _tpk3_*_t479_wˍtt_t_ + _t479_wˍttt_t_]
R
Multivariate polynomial ring in 12 variables over rationals
primes of bitsize 28
G-Q-Pt-FG-LT-LP(C)
Dimension of the quotient :2
Degree of the radical :2
Use last variable as separating element
Run Groebner learn
Test cyclic optimization
Apply cyclic optimization 
Multi-modular computation (1 threads): G-Q-Pt-FG-LT-LP(C)
5-9-13-17-21-25-29-33-37-41-45-49-53-61-
check-G-Q-Pt-FG-LT-LP(C)
Nb Primes used :61
Vector{Vector{BigFloat}}[]
DEBUG [determine_optimal_points_count]: Large num points: 1
DEBUG [determine_optimal_points_count]: Good num points: 1
DEBUG [multipoint_parameter_estimation]: Parameter estimation using this many points: 1

DEBUG [pick_points]: Starting point selection...
DEBUG [pick_points]: Number of points to pick: 1
DEBUG [pick_points]: Total points available: 1001
DEBUG [pick_points]: Number of interpolants: 1

DEBUG [pick_points]: Computing interestingness scores...
DEBUG [pick_points]: Processed 100 points
DEBUG [pick_points]: Processed 200 points
DEBUG [pick_points]: Processed 300 points
DEBUG [pick_points]: Processed 400 points
DEBUG [pick_points]: Processed 500 points
DEBUG [pick_points]: Processed 600 points
DEBUG [pick_points]: Processed 700 points
DEBUG [pick_points]: Processed 800 points
DEBUG [pick_points]: Processed 900 points
DEBUG [pick_points]: Processed 1000 points

DEBUG [pick_points]: Score statistics:
DEBUG [pick_points]: Min score: 0.15336168181035706
DEBUG [pick_points]: Max score: 5.023045132785771e8
DEBUG [pick_points]: Mean score: 719813.1924018833
DEBUG [pick_points]: Normalized scores

DEBUG [pick_points]: Selected 1 points
DEBUG [pick_points]: Selected time points: [-0.044]
aa_system
Any[_t479_r_t_ - 5067849103717507//9007199254740992, _t479_rˍt_t_ - 647303690301//549755813888, _t479_rˍtt_t_ - 388863658221//8388608, _t479_rˍttt_t_ - 257173976819//64, _t479_rˍtttt_t_ - 464437929211904, _tpk2_*_t479_r_t_*_t479_w_t_ - _tpk1_*_t479_r_t_ + _t479_rˍt_t_, _tpk2_*_t479_r_t_*_t479_wˍt_t_ + _tpk2_*_t479_w_t_*_t479_rˍt_t_ - _tpk1_*_t479_rˍt_t_ + _t479_rˍtt_t_, _tpk2_*_t479_r_t_*_t479_wˍtt_t_ + _tpk2_*_t479_w_t_*_t479_rˍtt_t_ + 2*_tpk2_*_t479_rˍt_t_*_t479_wˍt_t_ - _tpk1_*_t479_rˍtt_t_ + _t479_rˍttt_t_, _tpk2_*_t479_r_t_*_t479_wˍttt_t_ + _tpk2_*_t479_w_t_*_t479_rˍttt_t_ + 3*_tpk2_*_t479_rˍt_t_*_t479_wˍtt_t_ + 3*_tpk2_*_t479_rˍtt_t_*_t479_wˍt_t_ - _tpk1_*_t479_rˍttt_t_ + _t479_rˍtttt_t_, -_tpk2_*_t479_r_t_*_t479_w_t_ + _tpk3_*_t479_w_t_ + _t479_wˍt_t_, -_tpk2_*_t479_r_t_*_t479_wˍt_t_ - _tpk2_*_t479_w_t_*_t479_rˍt_t_ + _tpk3_*_t479_wˍt_t_ + _t479_wˍtt_t_, -_tpk2_*_t479_r_t_*_t479_wˍtt_t_ - _tpk2_*_t479_w_t_*_t479_rˍtt_t_ - 2*_tpk2_*_t479_rˍt_t_*_t479_wˍt_t_ + _tpk3_*_t479_wˍtt_t_ + _t479_wˍttt_t_]
R
Multivariate polynomial ring in 12 variables over rationals
primes of bitsize 28
G-Q-Pt-FG-LT-LP(C)
Dimension of the quotient :2
Degree of the radical :2
Use last variable as separating element
Run Groebner learn
Test cyclic optimization
Apply cyclic optimization 
Multi-modular computation (1 threads): G-Q-Pt-FG-LT-LP(C)
5-9-13-17-21-25-29-33-37-41-45-49-53-61-
check-G-Q-Pt-FG-LT-LP(C)
Nb Primes used :61
Vector{Vector{BigFloat}}[]
DEBUG [determine_optimal_points_count]: Large num points: 1
DEBUG [determine_optimal_points_count]: Good num points: 1
DEBUG [multipoint_parameter_estimation]: Parameter estimation using this many points: 1

DEBUG [pick_points]: Starting point selection...
DEBUG [pick_points]: Number of points to pick: 1
DEBUG [pick_points]: Total points available: 1001
DEBUG [pick_points]: Number of interpolants: 1

DEBUG [pick_points]: Computing interestingness scores...
DEBUG [pick_points]: Processed 100 points
DEBUG [pick_points]: Processed 200 points
DEBUG [pick_points]: Processed 300 points
DEBUG [pick_points]: Processed 400 points
DEBUG [pick_points]: Processed 500 points
DEBUG [pick_points]: Processed 600 points
DEBUG [pick_points]: Processed 700 points
DEBUG [pick_points]: Processed 800 points
DEBUG [pick_points]: Processed 900 points
DEBUG [pick_points]: Processed 1000 points

DEBUG [pick_points]: Score statistics:
DEBUG [pick_points]: Min score: 0.15336168181035706
DEBUG [pick_points]: Max score: 5.023045132785771e8
DEBUG [pick_points]: Mean score: 719813.1924018833
DEBUG [pick_points]: Normalized scores

DEBUG [pick_points]: Selected 1 points
DEBUG [pick_points]: Selected time points: [-0.044]
aa_system
Any[_t479_r_t_ - 5067849103717507//9007199254740992, _t479_rˍt_t_ - 647303690301//549755813888, _t479_rˍtt_t_ - 388863658221//8388608, _t479_rˍttt_t_ - 257173976819//64, _t479_rˍtttt_t_ - 464437929211904, _tpk2_*_t479_r_t_*_t479_w_t_ - _tpk1_*_t479_r_t_ + _t479_rˍt_t_, _tpk2_*_t479_r_t_*_t479_wˍt_t_ + _tpk2_*_t479_w_t_*_t479_rˍt_t_ - _tpk1_*_t479_rˍt_t_ + _t479_rˍtt_t_, _tpk2_*_t479_r_t_*_t479_wˍtt_t_ + _tpk2_*_t479_w_t_*_t479_rˍtt_t_ + 2*_tpk2_*_t479_rˍt_t_*_t479_wˍt_t_ - _tpk1_*_t479_rˍtt_t_ + _t479_rˍttt_t_, _tpk2_*_t479_r_t_*_t479_wˍttt_t_ + _tpk2_*_t479_w_t_*_t479_rˍttt_t_ + 3*_tpk2_*_t479_rˍt_t_*_t479_wˍtt_t_ + 3*_tpk2_*_t479_rˍtt_t_*_t479_wˍt_t_ - _tpk1_*_t479_rˍttt_t_ + _t479_rˍtttt_t_, -_tpk2_*_t479_r_t_*_t479_w_t_ + _tpk3_*_t479_w_t_ + _t479_wˍt_t_, -_tpk2_*_t479_r_t_*_t479_wˍt_t_ - _tpk2_*_t479_w_t_*_t479_rˍt_t_ + _tpk3_*_t479_wˍt_t_ + _t479_wˍtt_t_, -_tpk2_*_t479_r_t_*_t479_wˍtt_t_ - _tpk2_*_t479_w_t_*_t479_rˍtt_t_ - 2*_tpk2_*_t479_rˍt_t_*_t479_wˍt_t_ + _tpk3_*_t479_wˍtt_t_ + _t479_wˍttt_t_]
R
Multivariate polynomial ring in 12 variables over rationals
primes of bitsize 28
G-Q-Pt-FG-LT-LP(C)
Dimension of the quotient :2
Degree of the radical :2
Use last variable as separating element
Run Groebner learn
Test cyclic optimization
Apply cyclic optimization 
Multi-modular computation (1 threads): G-Q-Pt-FG-LT-LP(C)
5-9-13-17-21-25-29-33-37-41-45-49-53-61-
check-G-Q-Pt-FG-LT-LP(C)
Nb Primes used :61
Vector{Vector{BigFloat}}[]
