LinearAlgebra.PosDefException(2)
LinearAlgebra.PosDefException(2)
LinearAlgebra.PosDefException(2)
LinearAlgebra.PosDefException(4)
LinearAlgebra.PosDefException(6)
LinearAlgebra.PosDefException(4)
LinearAlgebra.PosDefException(89)
LinearAlgebra.PosDefException(2)
LinearAlgebra.PosDefException(2)
LinearAlgebra.PosDefException(3)
LinearAlgebra.PosDefException(2)
LinearAlgebra.PosDefException(2)
LinearAlgebra.PosDefException(6)
LinearAlgebra.PosDefException(3)
LinearAlgebra.PosDefException(4)
LinearAlgebra.PosDefException(6)
LinearAlgebra.PosDefException(7)
LinearAlgebra.PosDefException(101)
LinearAlgebra.PosDefException(9)
LinearAlgebra.PosDefException(4)
LinearAlgebra.PosDefException(46)
Noise level is too low, using  AAA
DEBUG [determine_optimal_points_count]: Large num points: 1
DEBUG [determine_optimal_points_count]: Good num points: 1
DEBUG [multipoint_parameter_estimation]: Parameter estimation using this many points: 1

DEBUG [pick_points]: Starting point selection...
DEBUG [pick_points]: Number of points to pick: 1
DEBUG [pick_points]: Total points available: 1001
DEBUG [pick_points]: Number of interpolants: 1

DEBUG [pick_points]: Computing interestingness scores...
DEBUG [pick_points]: Processed 100 points
DEBUG [pick_points]: Processed 200 points
DEBUG [pick_points]: Processed 300 points
DEBUG [pick_points]: Processed 400 points
DEBUG [pick_points]: Processed 500 points
DEBUG [pick_points]: Processed 600 points
DEBUG [pick_points]: Processed 700 points
DEBUG [pick_points]: Processed 800 points
DEBUG [pick_points]: Processed 900 points
DEBUG [pick_points]: Processed 1000 points

DEBUG [pick_points]: Score statistics:
DEBUG [pick_points]: Min score: 0.06008460836638278
DEBUG [pick_points]: Max score: 2.832531988536327e8
DEBUG [pick_points]: Mean score: 696010.4235182086
DEBUG [pick_points]: Normalized scores

DEBUG [pick_points]: Selected 1 points
DEBUG [pick_points]: Selected time points: [0.68]
aa_system
Any[_t841_r_t_ - 5815669836787241//9007199254740992, _t841_rˍt_t_ - 52151526697//274877906944, _t841_rˍtt_t_ + 206098782183//8388608, _t841_rˍttt_t_ - 72511246451//32, _t841_rˍtttt_t_ + 278653665882112, _tpk2_*_t841_r_t_*_t841_w_t_ - _tpk1_*_t841_r_t_ + _t841_rˍt_t_, _tpk2_*_t841_r_t_*_t841_wˍt_t_ + _tpk2_*_t841_w_t_*_t841_rˍt_t_ - _tpk1_*_t841_rˍt_t_ + _t841_rˍtt_t_, _tpk2_*_t841_r_t_*_t841_wˍtt_t_ + _tpk2_*_t841_w_t_*_t841_rˍtt_t_ + 2*_tpk2_*_t841_rˍt_t_*_t841_wˍt_t_ - _tpk1_*_t841_rˍtt_t_ + _t841_rˍttt_t_, _tpk2_*_t841_r_t_*_t841_wˍttt_t_ + _tpk2_*_t841_w_t_*_t841_rˍttt_t_ + 3*_tpk2_*_t841_rˍt_t_*_t841_wˍtt_t_ + 3*_tpk2_*_t841_rˍtt_t_*_t841_wˍt_t_ - _tpk1_*_t841_rˍttt_t_ + _t841_rˍtttt_t_, -_tpk2_*_t841_r_t_*_t841_w_t_ + _tpk3_*_t841_w_t_ + _t841_wˍt_t_, -_tpk2_*_t841_r_t_*_t841_wˍt_t_ - _tpk2_*_t841_w_t_*_t841_rˍt_t_ + _tpk3_*_t841_wˍt_t_ + _t841_wˍtt_t_, -_tpk2_*_t841_r_t_*_t841_wˍtt_t_ - _tpk2_*_t841_w_t_*_t841_rˍtt_t_ - 2*_tpk2_*_t841_rˍt_t_*_t841_wˍt_t_ + _tpk3_*_t841_wˍtt_t_ + _t841_wˍttt_t_]
R
Multivariate polynomial ring in 12 variables over rationals
primes of bitsize 28
G-Q-Pt-FG-LT-LP(C)
Dimension of the quotient :2
Degree of the radical :2
Use last variable as separating element
Run Groebner learn
Test cyclic optimization
Apply cyclic optimization 
Multi-modular computation (1 threads): G-Q-Pt-FG-LT-LP(C)
5-9-13-17-21-25-29-33-37-41-45-49-53-61-
check-G-Q-Pt-FG-LT-LP(C)
Nb Primes used :61
┌ Warning: At t=0.6799690497955155, dt was forced below floating point epsilon -6.726654878565686e-17, and step error estimate = NaN. Aborting. There is either an error in your model specification or the true solution is unstable (or the true solution can not be represented in the precision of Float64).
└ @ SciMLBase ~/.julia/packages/SciMLBase/Pma4a/src/integrator_interface.jl:623
┌ Warning: At t=-1.0, dt was forced below floating point epsilon 2.220446049250313e-16, and step error estimate = NaN. Aborting. There is either an error in your model specification or the true solution is unstable (or the true solution can not be represented in the precision of Float64).
└ @ SciMLBase ~/.julia/packages/SciMLBase/Pma4a/src/integrator_interface.jl:623
2-element Vector{Vector{Vector{BigFloat}}}:
 [[-1.9666289e+09, -1.9666268e+09], [10.095642, 10.095657], [-1.2697948e+09, -1.2697928e+09], [0.64566898, 0.64566994], [-4.9840736e-09, -4.9840665e-09], [0.18972611, 0.18972635], [-24568.906, -24568.875], [2.2659727e+09, 2.2659768e+09], [-2.7865372e+14, -2.7865345e+14], [-1.9348838e-05, -1.9348809e-05], [1.784544, 1.7845459], [-219453.0, -219452.75]]
 [[6.023938e+09, 6.0239462e+09], [-0.19728088, -0.19728065], [3.8895493e+09, 3.8895534e+09], [0.64566898, 0.64566994], [-8.1528784e-11, -8.1528673e-11], [0.18972611, 0.18972635], [-24568.906, -24568.875], [2.2659727e+09, 2.2659768e+09], [-2.7865372e+14, -2.7865345e+14], [6.3167754e-06, 6.3167827e-06], [-0.58259773, -0.58259678], [71644.375, 71644.5]]


