LinearAlgebra.PosDefException(2)
LinearAlgebra.PosDefException(2)
LinearAlgebra.PosDefException(2)
LinearAlgebra.PosDefException(3)
LinearAlgebra.PosDefException(3)
LinearAlgebra.PosDefException(4)
LinearAlgebra.PosDefException(88)
LinearAlgebra.PosDefException(2)
LinearAlgebra.PosDefException(2)
LinearAlgebra.PosDefException(3)
LinearAlgebra.PosDefException(2)
LinearAlgebra.PosDefException(4)
LinearAlgebra.PosDefException(4)
LinearAlgebra.PosDefException(9)
LinearAlgebra.PosDefException(51)
LinearAlgebra.PosDefException(5)
LinearAlgebra.PosDefException(5)
LinearAlgebra.PosDefException(10)
LinearAlgebra.PosDefException(4)
LinearAlgebra.PosDefException(111)
Noise level is too low, using  AAA
DEBUG [determine_optimal_points_count]: Large num points: 1
DEBUG [determine_optimal_points_count]: Good num points: 1
DEBUG [multipoint_parameter_estimation]: Parameter estimation using this many points: 1

DEBUG [pick_points]: Starting point selection...
DEBUG [pick_points]: Number of points to pick: 1
DEBUG [pick_points]: Total points available: 1001
DEBUG [pick_points]: Number of interpolants: 1

DEBUG [pick_points]: Computing interestingness scores...
DEBUG [pick_points]: Processed 100 points
DEBUG [pick_points]: Processed 200 points
DEBUG [pick_points]: Processed 300 points
DEBUG [pick_points]: Processed 400 points
DEBUG [pick_points]: Processed 500 points
DEBUG [pick_points]: Processed 600 points
DEBUG [pick_points]: Processed 700 points
DEBUG [pick_points]: Processed 800 points
DEBUG [pick_points]: Processed 900 points
DEBUG [pick_points]: Processed 1000 points

DEBUG [pick_points]: Score statistics:
DEBUG [pick_points]: Min score: 0.04356574644409587
DEBUG [pick_points]: Max score: 1.2462902417781273e13
DEBUG [pick_points]: Mean score: 1.2477329344881155e10
DEBUG [pick_points]: Normalized scores

DEBUG [pick_points]: Selected 1 points
DEBUG [pick_points]: Selected time points: [-0.21]
aa_system
Any[_t396_r_t_ - 2285794613604009//9007199254740992, _t396_rˍt_t_ - 3355033433//2147483648, _t396_rˍtt_t_ + 20215399803//2048, _t396_rˍttt_t_ - 99703199600640, _t396_rˍtttt_t_ + 1342779004746370908160, _tpk2_*_t396_r_t_*_t396_w_t_ - _tpk1_*_t396_r_t_ + _t396_rˍt_t_, _tpk2_*_t396_r_t_*_t396_wˍt_t_ + _tpk2_*_t396_w_t_*_t396_rˍt_t_ - _tpk1_*_t396_rˍt_t_ + _t396_rˍtt_t_, _tpk2_*_t396_r_t_*_t396_wˍtt_t_ + _tpk2_*_t396_w_t_*_t396_rˍtt_t_ + 2*_tpk2_*_t396_rˍt_t_*_t396_wˍt_t_ - _tpk1_*_t396_rˍtt_t_ + _t396_rˍttt_t_, _tpk2_*_t396_r_t_*_t396_wˍttt_t_ + _tpk2_*_t396_w_t_*_t396_rˍttt_t_ + 3*_tpk2_*_t396_rˍt_t_*_t396_wˍtt_t_ + 3*_tpk2_*_t396_rˍtt_t_*_t396_wˍt_t_ - _tpk1_*_t396_rˍttt_t_ + _t396_rˍtttt_t_, -_tpk2_*_t396_r_t_*_t396_w_t_ + _tpk3_*_t396_w_t_ + _t396_wˍt_t_, -_tpk2_*_t396_r_t_*_t396_wˍt_t_ - _tpk2_*_t396_w_t_*_t396_rˍt_t_ + _tpk3_*_t396_wˍt_t_ + _t396_wˍtt_t_, -_tpk2_*_t396_r_t_*_t396_wˍtt_t_ - _tpk2_*_t396_w_t_*_t396_rˍtt_t_ - 2*_tpk2_*_t396_rˍt_t_*_t396_wˍt_t_ + _tpk3_*_t396_wˍtt_t_ + _t396_wˍttt_t_]
R
Multivariate polynomial ring in 12 variables over rationals
primes of bitsize 28
G-Q-Pt-FG-LT-LP(C)
Dimension of the quotient :2
Degree of the radical :2
Use last variable as separating element
Run Groebner learn
Test cyclic optimization
Apply cyclic optimization 
Multi-modular computation (1 threads): G-Q-Pt-FG-LT-LP(C)
5-9-13-17-21-25-29-33-37-41-45-49-53-61-
check-G-Q-Pt-FG-LT-LP(C)
Nb Primes used :61
Vector{Vector{BigFloat}}[]
DEBUG [determine_optimal_points_count]: Large num points: 1
DEBUG [determine_optimal_points_count]: Good num points: 1
DEBUG [multipoint_parameter_estimation]: Parameter estimation using this many points: 1

DEBUG [pick_points]: Starting point selection...
DEBUG [pick_points]: Number of points to pick: 1
DEBUG [pick_points]: Total points available: 1001
DEBUG [pick_points]: Number of interpolants: 1

DEBUG [pick_points]: Computing interestingness scores...
DEBUG [pick_points]: Processed 100 points
DEBUG [pick_points]: Processed 200 points
DEBUG [pick_points]: Processed 300 points
DEBUG [pick_points]: Processed 400 points
DEBUG [pick_points]: Processed 500 points
DEBUG [pick_points]: Processed 600 points
DEBUG [pick_points]: Processed 700 points
DEBUG [pick_points]: Processed 800 points
DEBUG [pick_points]: Processed 900 points
DEBUG [pick_points]: Processed 1000 points

DEBUG [pick_points]: Score statistics:
DEBUG [pick_points]: Min score: 0.04356574644409587
DEBUG [pick_points]: Max score: 1.2462902417781273e13
DEBUG [pick_points]: Mean score: 1.2477329344881155e10
DEBUG [pick_points]: Normalized scores

DEBUG [pick_points]: Selected 1 points
DEBUG [pick_points]: Selected time points: [-0.21]
aa_system
Any[_t396_r_t_ - 2285794613604009//9007199254740992, _t396_rˍt_t_ - 3355033433//2147483648, _t396_rˍtt_t_ + 20215399803//2048, _t396_rˍttt_t_ - 99703199600640, _t396_rˍtttt_t_ + 1342779004746370908160, _tpk2_*_t396_r_t_*_t396_w_t_ - _tpk1_*_t396_r_t_ + _t396_rˍt_t_, _tpk2_*_t396_r_t_*_t396_wˍt_t_ + _tpk2_*_t396_w_t_*_t396_rˍt_t_ - _tpk1_*_t396_rˍt_t_ + _t396_rˍtt_t_, _tpk2_*_t396_r_t_*_t396_wˍtt_t_ + _tpk2_*_t396_w_t_*_t396_rˍtt_t_ + 2*_tpk2_*_t396_rˍt_t_*_t396_wˍt_t_ - _tpk1_*_t396_rˍtt_t_ + _t396_rˍttt_t_, _tpk2_*_t396_r_t_*_t396_wˍttt_t_ + _tpk2_*_t396_w_t_*_t396_rˍttt_t_ + 3*_tpk2_*_t396_rˍt_t_*_t396_wˍtt_t_ + 3*_tpk2_*_t396_rˍtt_t_*_t396_wˍt_t_ - _tpk1_*_t396_rˍttt_t_ + _t396_rˍtttt_t_, -_tpk2_*_t396_r_t_*_t396_w_t_ + _tpk3_*_t396_w_t_ + _t396_wˍt_t_, -_tpk2_*_t396_r_t_*_t396_wˍt_t_ - _tpk2_*_t396_w_t_*_t396_rˍt_t_ + _tpk3_*_t396_wˍt_t_ + _t396_wˍtt_t_, -_tpk2_*_t396_r_t_*_t396_wˍtt_t_ - _tpk2_*_t396_w_t_*_t396_rˍtt_t_ - 2*_tpk2_*_t396_rˍt_t_*_t396_wˍt_t_ + _tpk3_*_t396_wˍtt_t_ + _t396_wˍttt_t_]
R
Multivariate polynomial ring in 12 variables over rationals
primes of bitsize 28
G-Q-Pt-FG-LT-LP(C)
Dimension of the quotient :2
Degree of the radical :2
Use last variable as separating element
Run Groebner learn
Test cyclic optimization
Apply cyclic optimization 
Multi-modular computation (1 threads): G-Q-Pt-FG-LT-LP(C)
5-9-13-17-21-25-29-33-37-41-45-49-53-61-
check-G-Q-Pt-FG-LT-LP(C)
Nb Primes used :61
Vector{Vector{BigFloat}}[]
DEBUG [determine_optimal_points_count]: Large num points: 1
DEBUG [determine_optimal_points_count]: Good num points: 1
DEBUG [multipoint_parameter_estimation]: Parameter estimation using this many points: 1

DEBUG [pick_points]: Starting point selection...
DEBUG [pick_points]: Number of points to pick: 1
DEBUG [pick_points]: Total points available: 1001
DEBUG [pick_points]: Number of interpolants: 1

DEBUG [pick_points]: Computing interestingness scores...
DEBUG [pick_points]: Processed 100 points
DEBUG [pick_points]: Processed 200 points
DEBUG [pick_points]: Processed 300 points
DEBUG [pick_points]: Processed 400 points
DEBUG [pick_points]: Processed 500 points
DEBUG [pick_points]: Processed 600 points
DEBUG [pick_points]: Processed 700 points
DEBUG [pick_points]: Processed 800 points
DEBUG [pick_points]: Processed 900 points
DEBUG [pick_points]: Processed 1000 points

DEBUG [pick_points]: Score statistics:
DEBUG [pick_points]: Min score: 0.04356574644409587
DEBUG [pick_points]: Max score: 1.2462902417781273e13
DEBUG [pick_points]: Mean score: 1.2477329344881155e10
DEBUG [pick_points]: Normalized scores

DEBUG [pick_points]: Selected 1 points
DEBUG [pick_points]: Selected time points: [-0.21]
aa_system
Any[_t396_r_t_ - 2285794613604009//9007199254740992, _t396_rˍt_t_ - 3355033433//2147483648, _t396_rˍtt_t_ + 20215399803//2048, _t396_rˍttt_t_ - 99703199600640, _t396_rˍtttt_t_ + 1342779004746370908160, _tpk2_*_t396_r_t_*_t396_w_t_ - _tpk1_*_t396_r_t_ + _t396_rˍt_t_, _tpk2_*_t396_r_t_*_t396_wˍt_t_ + _tpk2_*_t396_w_t_*_t396_rˍt_t_ - _tpk1_*_t396_rˍt_t_ + _t396_rˍtt_t_, _tpk2_*_t396_r_t_*_t396_wˍtt_t_ + _tpk2_*_t396_w_t_*_t396_rˍtt_t_ + 2*_tpk2_*_t396_rˍt_t_*_t396_wˍt_t_ - _tpk1_*_t396_rˍtt_t_ + _t396_rˍttt_t_, _tpk2_*_t396_r_t_*_t396_wˍttt_t_ + _tpk2_*_t396_w_t_*_t396_rˍttt_t_ + 3*_tpk2_*_t396_rˍt_t_*_t396_wˍtt_t_ + 3*_tpk2_*_t396_rˍtt_t_*_t396_wˍt_t_ - _tpk1_*_t396_rˍttt_t_ + _t396_rˍtttt_t_, -_tpk2_*_t396_r_t_*_t396_w_t_ + _tpk3_*_t396_w_t_ + _t396_wˍt_t_, -_tpk2_*_t396_r_t_*_t396_wˍt_t_ - _tpk2_*_t396_w_t_*_t396_rˍt_t_ + _tpk3_*_t396_wˍt_t_ + _t396_wˍtt_t_, -_tpk2_*_t396_r_t_*_t396_wˍtt_t_ - _tpk2_*_t396_w_t_*_t396_rˍtt_t_ - 2*_tpk2_*_t396_rˍt_t_*_t396_wˍt_t_ + _tpk3_*_t396_wˍtt_t_ + _t396_wˍttt_t_]
R
Multivariate polynomial ring in 12 variables over rationals
primes of bitsize 28
G-Q-Pt-FG-LT-LP(C)
Dimension of the quotient :2
Degree of the radical :2
Use last variable as separating element
Run Groebner learn
Test cyclic optimization
Apply cyclic optimization 
Multi-modular computation (1 threads): G-Q-Pt-FG-LT-LP(C)
5-9-13-17-21-25-29-33-37-41-45-49-53-61-
check-G-Q-Pt-FG-LT-LP(C)
Nb Primes used :61
Vector{Vector{BigFloat}}[]
DEBUG [determine_optimal_points_count]: Large num points: 1
DEBUG [determine_optimal_points_count]: Good num points: 1
DEBUG [multipoint_parameter_estimation]: Parameter estimation using this many points: 1

DEBUG [pick_points]: Starting point selection...
DEBUG [pick_points]: Number of points to pick: 1
DEBUG [pick_points]: Total points available: 1001
DEBUG [pick_points]: Number of interpolants: 1

DEBUG [pick_points]: Computing interestingness scores...
DEBUG [pick_points]: Processed 100 points
DEBUG [pick_points]: Processed 200 points
DEBUG [pick_points]: Processed 300 points
DEBUG [pick_points]: Processed 400 points
DEBUG [pick_points]: Processed 500 points
DEBUG [pick_points]: Processed 600 points
DEBUG [pick_points]: Processed 700 points
DEBUG [pick_points]: Processed 800 points
DEBUG [pick_points]: Processed 900 points
DEBUG [pick_points]: Processed 1000 points

DEBUG [pick_points]: Score statistics:
DEBUG [pick_points]: Min score: 0.04356574644409587
DEBUG [pick_points]: Max score: 1.2462902417781273e13
DEBUG [pick_points]: Mean score: 1.2477329344881155e10
DEBUG [pick_points]: Normalized scores

DEBUG [pick_points]: Selected 1 points
DEBUG [pick_points]: Selected time points: [-0.21]
aa_system
Any[_t396_r_t_ - 2285794613604009//9007199254740992, _t396_rˍt_t_ - 3355033433//2147483648, _t396_rˍtt_t_ + 20215399803//2048, _t396_rˍttt_t_ - 99703199600640, _t396_rˍtttt_t_ + 1342779004746370908160, _tpk2_*_t396_r_t_*_t396_w_t_ - _tpk1_*_t396_r_t_ + _t396_rˍt_t_, _tpk2_*_t396_r_t_*_t396_wˍt_t_ + _tpk2_*_t396_w_t_*_t396_rˍt_t_ - _tpk1_*_t396_rˍt_t_ + _t396_rˍtt_t_, _tpk2_*_t396_r_t_*_t396_wˍtt_t_ + _tpk2_*_t396_w_t_*_t396_rˍtt_t_ + 2*_tpk2_*_t396_rˍt_t_*_t396_wˍt_t_ - _tpk1_*_t396_rˍtt_t_ + _t396_rˍttt_t_, _tpk2_*_t396_r_t_*_t396_wˍttt_t_ + _tpk2_*_t396_w_t_*_t396_rˍttt_t_ + 3*_tpk2_*_t396_rˍt_t_*_t396_wˍtt_t_ + 3*_tpk2_*_t396_rˍtt_t_*_t396_wˍt_t_ - _tpk1_*_t396_rˍttt_t_ + _t396_rˍtttt_t_, -_tpk2_*_t396_r_t_*_t396_w_t_ + _tpk3_*_t396_w_t_ + _t396_wˍt_t_, -_tpk2_*_t396_r_t_*_t396_wˍt_t_ - _tpk2_*_t396_w_t_*_t396_rˍt_t_ + _tpk3_*_t396_wˍt_t_ + _t396_wˍtt_t_, -_tpk2_*_t396_r_t_*_t396_wˍtt_t_ - _tpk2_*_t396_w_t_*_t396_rˍtt_t_ - 2*_tpk2_*_t396_rˍt_t_*_t396_wˍt_t_ + _tpk3_*_t396_wˍtt_t_ + _t396_wˍttt_t_]
R
Multivariate polynomial ring in 12 variables over rationals
primes of bitsize 28
G-Q-Pt-FG-LT-LP(C)
Dimension of the quotient :2
Degree of the radical :2
Use last variable as separating element
Run Groebner learn
Test cyclic optimization
Apply cyclic optimization 
Multi-modular computation (1 threads): G-Q-Pt-FG-LT-LP(C)
5-9-13-17-21-25-29-33-37-41-45-49-53-61-
check-G-Q-Pt-FG-LT-LP(C)
Nb Primes used :61
Vector{Vector{BigFloat}}[]
DEBUG [determine_optimal_points_count]: Large num points: 1
DEBUG [determine_optimal_points_count]: Good num points: 1
DEBUG [multipoint_parameter_estimation]: Parameter estimation using this many points: 1

DEBUG [pick_points]: Starting point selection...
DEBUG [pick_points]: Number of points to pick: 1
DEBUG [pick_points]: Total points available: 1001
DEBUG [pick_points]: Number of interpolants: 1

DEBUG [pick_points]: Computing interestingness scores...
DEBUG [pick_points]: Processed 100 points
DEBUG [pick_points]: Processed 200 points
DEBUG [pick_points]: Processed 300 points
DEBUG [pick_points]: Processed 400 points
DEBUG [pick_points]: Processed 500 points
DEBUG [pick_points]: Processed 600 points
DEBUG [pick_points]: Processed 700 points
DEBUG [pick_points]: Processed 800 points
DEBUG [pick_points]: Processed 900 points
DEBUG [pick_points]: Processed 1000 points

DEBUG [pick_points]: Score statistics:
DEBUG [pick_points]: Min score: 0.04356574644409587
DEBUG [pick_points]: Max score: 1.2462902417781273e13
DEBUG [pick_points]: Mean score: 1.2477329344881155e10
DEBUG [pick_points]: Normalized scores

DEBUG [pick_points]: Selected 1 points
DEBUG [pick_points]: Selected time points: [-0.21]
aa_system
Any[_t396_r_t_ - 2285794613604009//9007199254740992, _t396_rˍt_t_ - 3355033433//2147483648, _t396_rˍtt_t_ + 20215399803//2048, _t396_rˍttt_t_ - 99703199600640, _t396_rˍtttt_t_ + 1342779004746370908160, _tpk2_*_t396_r_t_*_t396_w_t_ - _tpk1_*_t396_r_t_ + _t396_rˍt_t_, _tpk2_*_t396_r_t_*_t396_wˍt_t_ + _tpk2_*_t396_w_t_*_t396_rˍt_t_ - _tpk1_*_t396_rˍt_t_ + _t396_rˍtt_t_, _tpk2_*_t396_r_t_*_t396_wˍtt_t_ + _tpk2_*_t396_w_t_*_t396_rˍtt_t_ + 2*_tpk2_*_t396_rˍt_t_*_t396_wˍt_t_ - _tpk1_*_t396_rˍtt_t_ + _t396_rˍttt_t_, _tpk2_*_t396_r_t_*_t396_wˍttt_t_ + _tpk2_*_t396_w_t_*_t396_rˍttt_t_ + 3*_tpk2_*_t396_rˍt_t_*_t396_wˍtt_t_ + 3*_tpk2_*_t396_rˍtt_t_*_t396_wˍt_t_ - _tpk1_*_t396_rˍttt_t_ + _t396_rˍtttt_t_, -_tpk2_*_t396_r_t_*_t396_w_t_ + _tpk3_*_t396_w_t_ + _t396_wˍt_t_, -_tpk2_*_t396_r_t_*_t396_wˍt_t_ - _tpk2_*_t396_w_t_*_t396_rˍt_t_ + _tpk3_*_t396_wˍt_t_ + _t396_wˍtt_t_, -_tpk2_*_t396_r_t_*_t396_wˍtt_t_ - _tpk2_*_t396_w_t_*_t396_rˍtt_t_ - 2*_tpk2_*_t396_rˍt_t_*_t396_wˍt_t_ + _tpk3_*_t396_wˍtt_t_ + _t396_wˍttt_t_]
R
Multivariate polynomial ring in 12 variables over rationals
primes of bitsize 28
G-Q-Pt-FG-LT-LP(C)
Dimension of the quotient :2
Degree of the radical :2
Use last variable as separating element
Run Groebner learn
Test cyclic optimization
Apply cyclic optimization 
Multi-modular computation (1 threads): G-Q-Pt-FG-LT-LP(C)
5-9-13-17-21-25-29-33-37-41-45-49-53-61-
check-G-Q-Pt-FG-LT-LP(C)
Nb Primes used :61
Vector{Vector{BigFloat}}[]
DEBUG [determine_optimal_points_count]: Large num points: 1
DEBUG [determine_optimal_points_count]: Good num points: 1
DEBUG [multipoint_parameter_estimation]: Parameter estimation using this many points: 1

DEBUG [pick_points]: Starting point selection...
DEBUG [pick_points]: Number of points to pick: 1
DEBUG [pick_points]: Total points available: 1001
DEBUG [pick_points]: Number of interpolants: 1

DEBUG [pick_points]: Computing interestingness scores...
DEBUG [pick_points]: Processed 100 points
DEBUG [pick_points]: Processed 200 points
DEBUG [pick_points]: Processed 300 points
DEBUG [pick_points]: Processed 400 points
DEBUG [pick_points]: Processed 500 points
DEBUG [pick_points]: Processed 600 points
DEBUG [pick_points]: Processed 700 points
DEBUG [pick_points]: Processed 800 points
DEBUG [pick_points]: Processed 900 points
DEBUG [pick_points]: Processed 1000 points

DEBUG [pick_points]: Score statistics:
DEBUG [pick_points]: Min score: 0.04356574644409587
DEBUG [pick_points]: Max score: 1.2462902417781273e13
DEBUG [pick_points]: Mean score: 1.2477329344881155e10
DEBUG [pick_points]: Normalized scores

DEBUG [pick_points]: Selected 1 points
DEBUG [pick_points]: Selected time points: [-0.21]
aa_system
Any[_t396_r_t_ - 2285794613604009//9007199254740992, _t396_rˍt_t_ - 3355033433//2147483648, _t396_rˍtt_t_ + 20215399803//2048, _t396_rˍttt_t_ - 99703199600640, _t396_rˍtttt_t_ + 1342779004746370908160, _tpk2_*_t396_r_t_*_t396_w_t_ - _tpk1_*_t396_r_t_ + _t396_rˍt_t_, _tpk2_*_t396_r_t_*_t396_wˍt_t_ + _tpk2_*_t396_w_t_*_t396_rˍt_t_ - _tpk1_*_t396_rˍt_t_ + _t396_rˍtt_t_, _tpk2_*_t396_r_t_*_t396_wˍtt_t_ + _tpk2_*_t396_w_t_*_t396_rˍtt_t_ + 2*_tpk2_*_t396_rˍt_t_*_t396_wˍt_t_ - _tpk1_*_t396_rˍtt_t_ + _t396_rˍttt_t_, _tpk2_*_t396_r_t_*_t396_wˍttt_t_ + _tpk2_*_t396_w_t_*_t396_rˍttt_t_ + 3*_tpk2_*_t396_rˍt_t_*_t396_wˍtt_t_ + 3*_tpk2_*_t396_rˍtt_t_*_t396_wˍt_t_ - _tpk1_*_t396_rˍttt_t_ + _t396_rˍtttt_t_, -_tpk2_*_t396_r_t_*_t396_w_t_ + _tpk3_*_t396_w_t_ + _t396_wˍt_t_, -_tpk2_*_t396_r_t_*_t396_wˍt_t_ - _tpk2_*_t396_w_t_*_t396_rˍt_t_ + _tpk3_*_t396_wˍt_t_ + _t396_wˍtt_t_, -_tpk2_*_t396_r_t_*_t396_wˍtt_t_ - _tpk2_*_t396_w_t_*_t396_rˍtt_t_ - 2*_tpk2_*_t396_rˍt_t_*_t396_wˍt_t_ + _tpk3_*_t396_wˍtt_t_ + _t396_wˍttt_t_]
R
Multivariate polynomial ring in 12 variables over rationals
primes of bitsize 28
G-Q-Pt-FG-LT-LP(C)
Dimension of the quotient :2
Degree of the radical :2
Use last variable as separating element
Run Groebner learn
Test cyclic optimization
Apply cyclic optimization 
Multi-modular computation (1 threads): G-Q-Pt-FG-LT-LP(C)
5-9-13-17-21-25-29-33-37-41-45-49-53-61-
check-G-Q-Pt-FG-LT-LP(C)
Nb Primes used :61
Vector{Vector{BigFloat}}[]
DEBUG [determine_optimal_points_count]: Large num points: 1
DEBUG [determine_optimal_points_count]: Good num points: 1
DEBUG [multipoint_parameter_estimation]: Parameter estimation using this many points: 1

DEBUG [pick_points]: Starting point selection...
DEBUG [pick_points]: Number of points to pick: 1
DEBUG [pick_points]: Total points available: 1001
DEBUG [pick_points]: Number of interpolants: 1

DEBUG [pick_points]: Computing interestingness scores...
DEBUG [pick_points]: Processed 100 points
DEBUG [pick_points]: Processed 200 points
DEBUG [pick_points]: Processed 300 points
DEBUG [pick_points]: Processed 400 points
DEBUG [pick_points]: Processed 500 points
DEBUG [pick_points]: Processed 600 points
DEBUG [pick_points]: Processed 700 points
DEBUG [pick_points]: Processed 800 points
DEBUG [pick_points]: Processed 900 points
DEBUG [pick_points]: Processed 1000 points

DEBUG [pick_points]: Score statistics:
DEBUG [pick_points]: Min score: 0.04356574644409587
DEBUG [pick_points]: Max score: 1.2462902417781273e13
DEBUG [pick_points]: Mean score: 1.2477329344881155e10
DEBUG [pick_points]: Normalized scores

DEBUG [pick_points]: Selected 1 points
DEBUG [pick_points]: Selected time points: [-0.21]
aa_system
Any[_t396_r_t_ - 2285794613604009//9007199254740992, _t396_rˍt_t_ - 3355033433//2147483648, _t396_rˍtt_t_ + 20215399803//2048, _t396_rˍttt_t_ - 99703199600640, _t396_rˍtttt_t_ + 1342779004746370908160, _tpk2_*_t396_r_t_*_t396_w_t_ - _tpk1_*_t396_r_t_ + _t396_rˍt_t_, _tpk2_*_t396_r_t_*_t396_wˍt_t_ + _tpk2_*_t396_w_t_*_t396_rˍt_t_ - _tpk1_*_t396_rˍt_t_ + _t396_rˍtt_t_, _tpk2_*_t396_r_t_*_t396_wˍtt_t_ + _tpk2_*_t396_w_t_*_t396_rˍtt_t_ + 2*_tpk2_*_t396_rˍt_t_*_t396_wˍt_t_ - _tpk1_*_t396_rˍtt_t_ + _t396_rˍttt_t_, _tpk2_*_t396_r_t_*_t396_wˍttt_t_ + _tpk2_*_t396_w_t_*_t396_rˍttt_t_ + 3*_tpk2_*_t396_rˍt_t_*_t396_wˍtt_t_ + 3*_tpk2_*_t396_rˍtt_t_*_t396_wˍt_t_ - _tpk1_*_t396_rˍttt_t_ + _t396_rˍtttt_t_, -_tpk2_*_t396_r_t_*_t396_w_t_ + _tpk3_*_t396_w_t_ + _t396_wˍt_t_, -_tpk2_*_t396_r_t_*_t396_wˍt_t_ - _tpk2_*_t396_w_t_*_t396_rˍt_t_ + _tpk3_*_t396_wˍt_t_ + _t396_wˍtt_t_, -_tpk2_*_t396_r_t_*_t396_wˍtt_t_ - _tpk2_*_t396_w_t_*_t396_rˍtt_t_ - 2*_tpk2_*_t396_rˍt_t_*_t396_wˍt_t_ + _tpk3_*_t396_wˍtt_t_ + _t396_wˍttt_t_]
R
Multivariate polynomial ring in 12 variables over rationals
primes of bitsize 28
G-Q-Pt-FG-LT-LP(C)
Dimension of the quotient :2
Degree of the radical :2
Use last variable as separating element
Run Groebner learn
Test cyclic optimization
Apply cyclic optimization 
Multi-modular computation (1 threads): G-Q-Pt-FG-LT-LP(C)
5-9-13-17-21-25-29-33-37-41-45-49-53-61-
check-G-Q-Pt-FG-LT-LP(C)
Nb Primes used :61
Vector{Vector{BigFloat}}[]
DEBUG [determine_optimal_points_count]: Large num points: 1
DEBUG [determine_optimal_points_count]: Good num points: 1
DEBUG [multipoint_parameter_estimation]: Parameter estimation using this many points: 1

DEBUG [pick_points]: Starting point selection...
DEBUG [pick_points]: Number of points to pick: 1
DEBUG [pick_points]: Total points available: 1001
DEBUG [pick_points]: Number of interpolants: 1

DEBUG [pick_points]: Computing interestingness scores...
DEBUG [pick_points]: Processed 100 points
DEBUG [pick_points]: Processed 200 points
DEBUG [pick_points]: Processed 300 points
DEBUG [pick_points]: Processed 400 points
DEBUG [pick_points]: Processed 500 points
DEBUG [pick_points]: Processed 600 points
DEBUG [pick_points]: Processed 700 points
DEBUG [pick_points]: Processed 800 points
DEBUG [pick_points]: Processed 900 points
DEBUG [pick_points]: Processed 1000 points

DEBUG [pick_points]: Score statistics:
DEBUG [pick_points]: Min score: 0.04356574644409587
DEBUG [pick_points]: Max score: 1.2462902417781273e13
DEBUG [pick_points]: Mean score: 1.2477329344881155e10
DEBUG [pick_points]: Normalized scores

DEBUG [pick_points]: Selected 1 points
DEBUG [pick_points]: Selected time points: [-0.21]
aa_system
Any[_t396_r_t_ - 2285794613604009//9007199254740992, _t396_rˍt_t_ - 3355033433//2147483648, _t396_rˍtt_t_ + 20215399803//2048, _t396_rˍttt_t_ - 99703199600640, _t396_rˍtttt_t_ + 1342779004746370908160, _tpk2_*_t396_r_t_*_t396_w_t_ - _tpk1_*_t396_r_t_ + _t396_rˍt_t_, _tpk2_*_t396_r_t_*_t396_wˍt_t_ + _tpk2_*_t396_w_t_*_t396_rˍt_t_ - _tpk1_*_t396_rˍt_t_ + _t396_rˍtt_t_, _tpk2_*_t396_r_t_*_t396_wˍtt_t_ + _tpk2_*_t396_w_t_*_t396_rˍtt_t_ + 2*_tpk2_*_t396_rˍt_t_*_t396_wˍt_t_ - _tpk1_*_t396_rˍtt_t_ + _t396_rˍttt_t_, _tpk2_*_t396_r_t_*_t396_wˍttt_t_ + _tpk2_*_t396_w_t_*_t396_rˍttt_t_ + 3*_tpk2_*_t396_rˍt_t_*_t396_wˍtt_t_ + 3*_tpk2_*_t396_rˍtt_t_*_t396_wˍt_t_ - _tpk1_*_t396_rˍttt_t_ + _t396_rˍtttt_t_, -_tpk2_*_t396_r_t_*_t396_w_t_ + _tpk3_*_t396_w_t_ + _t396_wˍt_t_, -_tpk2_*_t396_r_t_*_t396_wˍt_t_ - _tpk2_*_t396_w_t_*_t396_rˍt_t_ + _tpk3_*_t396_wˍt_t_ + _t396_wˍtt_t_, -_tpk2_*_t396_r_t_*_t396_wˍtt_t_ - _tpk2_*_t396_w_t_*_t396_rˍtt_t_ - 2*_tpk2_*_t396_rˍt_t_*_t396_wˍt_t_ + _tpk3_*_t396_wˍtt_t_ + _t396_wˍttt_t_]
R
Multivariate polynomial ring in 12 variables over rationals
primes of bitsize 28
G-Q-Pt-FG-LT-LP(C)
Dimension of the quotient :2
Degree of the radical :2
Use last variable as separating element
Run Groebner learn
Test cyclic optimization
Apply cyclic optimization 
Multi-modular computation (1 threads): G-Q-Pt-FG-LT-LP(C)
5-9-13-17-21-25-29-33-37-41-45-49-53-61-
check-G-Q-Pt-FG-LT-LP(C)
Nb Primes used :61
Vector{Vector{BigFloat}}[]
DEBUG [determine_optimal_points_count]: Large num points: 1
DEBUG [determine_optimal_points_count]: Good num points: 1
DEBUG [multipoint_parameter_estimation]: Parameter estimation using this many points: 1

DEBUG [pick_points]: Starting point selection...
DEBUG [pick_points]: Number of points to pick: 1
DEBUG [pick_points]: Total points available: 1001
DEBUG [pick_points]: Number of interpolants: 1

DEBUG [pick_points]: Computing interestingness scores...
DEBUG [pick_points]: Processed 100 points
DEBUG [pick_points]: Processed 200 points
DEBUG [pick_points]: Processed 300 points
DEBUG [pick_points]: Processed 400 points
DEBUG [pick_points]: Processed 500 points
DEBUG [pick_points]: Processed 600 points
DEBUG [pick_points]: Processed 700 points
DEBUG [pick_points]: Processed 800 points
DEBUG [pick_points]: Processed 900 points
DEBUG [pick_points]: Processed 1000 points

DEBUG [pick_points]: Score statistics:
DEBUG [pick_points]: Min score: 0.04356574644409587
DEBUG [pick_points]: Max score: 1.2462902417781273e13
DEBUG [pick_points]: Mean score: 1.2477329344881155e10
DEBUG [pick_points]: Normalized scores

DEBUG [pick_points]: Selected 1 points
DEBUG [pick_points]: Selected time points: [-0.21]
aa_system
Any[_t396_r_t_ - 2285794613604009//9007199254740992, _t396_rˍt_t_ - 3355033433//2147483648, _t396_rˍtt_t_ + 20215399803//2048, _t396_rˍttt_t_ - 99703199600640, _t396_rˍtttt_t_ + 1342779004746370908160, _tpk2_*_t396_r_t_*_t396_w_t_ - _tpk1_*_t396_r_t_ + _t396_rˍt_t_, _tpk2_*_t396_r_t_*_t396_wˍt_t_ + _tpk2_*_t396_w_t_*_t396_rˍt_t_ - _tpk1_*_t396_rˍt_t_ + _t396_rˍtt_t_, _tpk2_*_t396_r_t_*_t396_wˍtt_t_ + _tpk2_*_t396_w_t_*_t396_rˍtt_t_ + 2*_tpk2_*_t396_rˍt_t_*_t396_wˍt_t_ - _tpk1_*_t396_rˍtt_t_ + _t396_rˍttt_t_, _tpk2_*_t396_r_t_*_t396_wˍttt_t_ + _tpk2_*_t396_w_t_*_t396_rˍttt_t_ + 3*_tpk2_*_t396_rˍt_t_*_t396_wˍtt_t_ + 3*_tpk2_*_t396_rˍtt_t_*_t396_wˍt_t_ - _tpk1_*_t396_rˍttt_t_ + _t396_rˍtttt_t_, -_tpk2_*_t396_r_t_*_t396_w_t_ + _tpk3_*_t396_w_t_ + _t396_wˍt_t_, -_tpk2_*_t396_r_t_*_t396_wˍt_t_ - _tpk2_*_t396_w_t_*_t396_rˍt_t_ + _tpk3_*_t396_wˍt_t_ + _t396_wˍtt_t_, -_tpk2_*_t396_r_t_*_t396_wˍtt_t_ - _tpk2_*_t396_w_t_*_t396_rˍtt_t_ - 2*_tpk2_*_t396_rˍt_t_*_t396_wˍt_t_ + _tpk3_*_t396_wˍtt_t_ + _t396_wˍttt_t_]
R
Multivariate polynomial ring in 12 variables over rationals
primes of bitsize 28
G-Q-Pt-FG-LT-LP(C)
Dimension of the quotient :2
Degree of the radical :2
Use last variable as separating element
Run Groebner learn
Test cyclic optimization
Apply cyclic optimization 
Multi-modular computation (1 threads): G-Q-Pt-FG-LT-LP(C)
5-9-13-17-21-25-29-33-37-41-45-49-53-61-
check-G-Q-Pt-FG-LT-LP(C)
Nb Primes used :61
Vector{Vector{BigFloat}}[]
DEBUG [determine_optimal_points_count]: Large num points: 1
DEBUG [determine_optimal_points_count]: Good num points: 1
DEBUG [multipoint_parameter_estimation]: Parameter estimation using this many points: 1

DEBUG [pick_points]: Starting point selection...
DEBUG [pick_points]: Number of points to pick: 1
DEBUG [pick_points]: Total points available: 1001
DEBUG [pick_points]: Number of interpolants: 1

DEBUG [pick_points]: Computing interestingness scores...
DEBUG [pick_points]: Processed 100 points
DEBUG [pick_points]: Processed 200 points
DEBUG [pick_points]: Processed 300 points
DEBUG [pick_points]: Processed 400 points
DEBUG [pick_points]: Processed 500 points
DEBUG [pick_points]: Processed 600 points
DEBUG [pick_points]: Processed 700 points
DEBUG [pick_points]: Processed 800 points
DEBUG [pick_points]: Processed 900 points
DEBUG [pick_points]: Processed 1000 points

DEBUG [pick_points]: Score statistics:
DEBUG [pick_points]: Min score: 0.04356574644409587
DEBUG [pick_points]: Max score: 1.2462902417781273e13
DEBUG [pick_points]: Mean score: 1.2477329344881155e10
DEBUG [pick_points]: Normalized scores

DEBUG [pick_points]: Selected 1 points
DEBUG [pick_points]: Selected time points: [-0.21]
aa_system
Any[_t396_r_t_ - 2285794613604009//9007199254740992, _t396_rˍt_t_ - 3355033433//2147483648, _t396_rˍtt_t_ + 20215399803//2048, _t396_rˍttt_t_ - 99703199600640, _t396_rˍtttt_t_ + 1342779004746370908160, _tpk2_*_t396_r_t_*_t396_w_t_ - _tpk1_*_t396_r_t_ + _t396_rˍt_t_, _tpk2_*_t396_r_t_*_t396_wˍt_t_ + _tpk2_*_t396_w_t_*_t396_rˍt_t_ - _tpk1_*_t396_rˍt_t_ + _t396_rˍtt_t_, _tpk2_*_t396_r_t_*_t396_wˍtt_t_ + _tpk2_*_t396_w_t_*_t396_rˍtt_t_ + 2*_tpk2_*_t396_rˍt_t_*_t396_wˍt_t_ - _tpk1_*_t396_rˍtt_t_ + _t396_rˍttt_t_, _tpk2_*_t396_r_t_*_t396_wˍttt_t_ + _tpk2_*_t396_w_t_*_t396_rˍttt_t_ + 3*_tpk2_*_t396_rˍt_t_*_t396_wˍtt_t_ + 3*_tpk2_*_t396_rˍtt_t_*_t396_wˍt_t_ - _tpk1_*_t396_rˍttt_t_ + _t396_rˍtttt_t_, -_tpk2_*_t396_r_t_*_t396_w_t_ + _tpk3_*_t396_w_t_ + _t396_wˍt_t_, -_tpk2_*_t396_r_t_*_t396_wˍt_t_ - _tpk2_*_t396_w_t_*_t396_rˍt_t_ + _tpk3_*_t396_wˍt_t_ + _t396_wˍtt_t_, -_tpk2_*_t396_r_t_*_t396_wˍtt_t_ - _tpk2_*_t396_w_t_*_t396_rˍtt_t_ - 2*_tpk2_*_t396_rˍt_t_*_t396_wˍt_t_ + _tpk3_*_t396_wˍtt_t_ + _t396_wˍttt_t_]
R
Multivariate polynomial ring in 12 variables over rationals
primes of bitsize 28
G-Q-Pt-FG-LT-LP(C)
Dimension of the quotient :2
Degree of the radical :2
Use last variable as separating element
Run Groebner learn
Test cyclic optimization
Apply cyclic optimization 
Multi-modular computation (1 threads): G-Q-Pt-FG-LT-LP(C)
5-9-13-17-21-25-29-33-37-41-45-49-53-61-
check-G-Q-Pt-FG-LT-LP(C)
Nb Primes used :61
Vector{Vector{BigFloat}}[]
