LinearAlgebra.PosDefException(2)
LinearAlgebra.PosDefException(2)
LinearAlgebra.PosDefException(2)
LinearAlgebra.PosDefException(4)
LinearAlgebra.PosDefException(3)
LinearAlgebra.PosDefException(8)
LinearAlgebra.PosDefException(88)
LinearAlgebra.PosDefException(2)
LinearAlgebra.PosDefException(2)
LinearAlgebra.PosDefException(2)
LinearAlgebra.PosDefException(2)
LinearAlgebra.PosDefException(2)
LinearAlgebra.PosDefException(4)
LinearAlgebra.PosDefException(8)
LinearAlgebra.PosDefException(5)
LinearAlgebra.PosDefException(5)
LinearAlgebra.PosDefException(4)
LinearAlgebra.PosDefException(101)
LinearAlgebra.PosDefException(18)
DEBUG [determine_optimal_points_count]: Large num points: 1
DEBUG [determine_optimal_points_count]: Good num points: 1
DEBUG [multipoint_parameter_estimation]: Parameter estimation using this many points: 1

DEBUG [pick_points]: Starting point selection...
DEBUG [pick_points]: Number of points to pick: 1
DEBUG [pick_points]: Total points available: 1001
DEBUG [pick_points]: Number of interpolants: 1

DEBUG [pick_points]: Computing interestingness scores...
DEBUG [pick_points]: Processed 100 points
DEBUG [pick_points]: Processed 200 points
DEBUG [pick_points]: Processed 300 points
DEBUG [pick_points]: Processed 400 points
DEBUG [pick_points]: Processed 500 points
DEBUG [pick_points]: Processed 600 points
DEBUG [pick_points]: Processed 700 points
DEBUG [pick_points]: Processed 800 points
DEBUG [pick_points]: Processed 900 points
DEBUG [pick_points]: Processed 1000 points

DEBUG [pick_points]: Score statistics:
DEBUG [pick_points]: Min score: 0.06191471987909953
DEBUG [pick_points]: Max score: 0.10361297224729006
DEBUG [pick_points]: Mean score: 0.08191109287603218
DEBUG [pick_points]: Normalized scores

DEBUG [pick_points]: Selected 1 points
DEBUG [pick_points]: Selected time points: [0.998]
aa_system
Any[_t1000_r_t_ - 2318895157147231//2251799813685248, _t1000_rˍt_t_ - 6447552818144825//36028797018963968, _t1000_rˍtt_t_ - 6246020991337177//144115188075855872, _t1000_rˍttt_t_ - 2816543035102451//576460752303423488, _t1000_rˍtttt_t_ - 4217648892552409//2305843009213693952, _tpk2_*_t1000_r_t_*_t1000_w_t_ - _tpk1_*_t1000_r_t_ + _t1000_rˍt_t_, _tpk2_*_t1000_r_t_*_t1000_wˍt_t_ + _tpk2_*_t1000_w_t_*_t1000_rˍt_t_ - _tpk1_*_t1000_rˍt_t_ + _t1000_rˍtt_t_, _tpk2_*_t1000_r_t_*_t1000_wˍtt_t_ + _tpk2_*_t1000_w_t_*_t1000_rˍtt_t_ + 2*_tpk2_*_t1000_rˍt_t_*_t1000_wˍt_t_ - _tpk1_*_t1000_rˍtt_t_ + _t1000_rˍttt_t_, _tpk2_*_t1000_r_t_*_t1000_wˍttt_t_ + _tpk2_*_t1000_w_t_*_t1000_rˍttt_t_ + 3*_tpk2_*_t1000_rˍt_t_*_t1000_wˍtt_t_ + 3*_tpk2_*_t1000_rˍtt_t_*_t1000_wˍt_t_ - _tpk1_*_t1000_rˍttt_t_ + _t1000_rˍtttt_t_, -_tpk2_*_t1000_r_t_*_t1000_w_t_ + _tpk3_*_t1000_w_t_ + _t1000_wˍt_t_, -_tpk2_*_t1000_r_t_*_t1000_wˍt_t_ - _tpk2_*_t1000_w_t_*_t1000_rˍt_t_ + _tpk3_*_t1000_wˍt_t_ + _t1000_wˍtt_t_, -_tpk2_*_t1000_r_t_*_t1000_wˍtt_t_ - _tpk2_*_t1000_w_t_*_t1000_rˍtt_t_ - 2*_tpk2_*_t1000_rˍt_t_*_t1000_wˍt_t_ + _tpk3_*_t1000_wˍtt_t_ + _t1000_wˍttt_t_]
R
Multivariate polynomial ring in 12 variables over rationals
primes of bitsize 28
G-Q-Pt-FG-LT-LP(C)
Dimension of the quotient :2
Degree of the radical :2
Use last variable as separating element
Run Groebner learn
Test cyclic optimization
Apply cyclic optimization 
Multi-modular computation (1 threads): G-Q-Pt-FG-LT-LP(C)
5-9-13-17-21-25-29-33-37-41-45-49-53-61-69-
check-G-Q-Pt-FG-LT-LP(C)
Nb Primes used :69
2-element Vector{Vector{Vector{BigFloat}}}:
 [[0.44383049, 0.44383097], [0.21629453, 0.21629477], [0.73665524, 0.73665619], [1.0297947, 1.0297966], [0.095795751, 0.09579587], [0.17895532, 0.17895555], [0.043340445, 0.043340504], [0.0048859194, 0.0048859268], [0.0018291119, 0.0018291138], [-0.026784539, -0.026784509], [0.015097633, 0.015097648], [-0.0066333711, -0.0066333637]]
 [[-0.47344685, -0.47344637], [0.19108152, 0.19108176], [0.19944429, 0.19944453], [1.0297947, 1.0297966], [-0.036549032, -0.036548972], [0.17895532, 0.17895555], [0.043340445, 0.043340504], [0.0048859194, 0.0048859268], [0.0018291119, 0.0018291138], [0.025109053, 0.025109082], [-0.014153242, -0.014153227], [0.0062184259, 0.0062184334]]




