LinearAlgebra.PosDefException(2)
LinearAlgebra.PosDefException(3)
LinearAlgebra.PosDefException(2)
LinearAlgebra.PosDefException(4)
LinearAlgebra.PosDefException(3)
LinearAlgebra.PosDefException(4)
LinearAlgebra.PosDefException(86)
LinearAlgebra.PosDefException(2)
LinearAlgebra.PosDefException(2)
LinearAlgebra.PosDefException(3)
LinearAlgebra.PosDefException(2)
LinearAlgebra.PosDefException(4)
LinearAlgebra.PosDefException(3)
LinearAlgebra.PosDefException(4)
LinearAlgebra.PosDefException(45)
LinearAlgebra.PosDefException(33)
LinearAlgebra.PosDefException(489)
Noise level is too low, using  AAA
LinearAlgebra.PosDefException(1)
LinearAlgebra.PosDefException(1)
LinearAlgebra.PosDefException(1)
LinearAlgebra.PosDefException(1)
LinearAlgebra.PosDefException(1)
LinearAlgebra.PosDefException(1)
LinearAlgebra.PosDefException(1)
LinearAlgebra.PosDefException(1)
LinearAlgebra.PosDefException(1)
LinearAlgebra.PosDefException(1)
LinearAlgebra.PosDefException(1)
LinearAlgebra.PosDefException(1)
LinearAlgebra.PosDefException(1)
LinearAlgebra.PosDefException(1)
LinearAlgebra.PosDefException(1)
LinearAlgebra.PosDefException(1)
LinearAlgebra.PosDefException(1)
LinearAlgebra.PosDefException(1)
LinearAlgebra.PosDefException(1)
LinearAlgebra.PosDefException(1)
LinearAlgebra.PosDefException(1)
LinearAlgebra.PosDefException(1)
LinearAlgebra.PosDefException(1)
LinearAlgebra.PosDefException(1)
LinearAlgebra.PosDefException(1)
LinearAlgebra.PosDefException(1)
LinearAlgebra.PosDefException(1)
LinearAlgebra.PosDefException(1)
LinearAlgebra.PosDefException(1)
LinearAlgebra.PosDefException(1)
LinearAlgebra.PosDefException(1)
LinearAlgebra.PosDefException(1)
LinearAlgebra.PosDefException(1)
LinearAlgebra.PosDefException(1)
LinearAlgebra.PosDefException(6)
LinearAlgebra.PosDefException(9)
LinearAlgebra.PosDefException(12)
LinearAlgebra.PosDefException(7)
LinearAlgebra.PosDefException(7)
LinearAlgebra.PosDefException(1)
LinearAlgebra.PosDefException(1)
LinearAlgebra.PosDefException(1)
LinearAlgebra.PosDefException(1)
LinearAlgebra.PosDefException(1)
LinearAlgebra.PosDefException(1)
LinearAlgebra.PosDefException(1)
LinearAlgebra.PosDefException(1)
LinearAlgebra.PosDefException(1)
LinearAlgebra.PosDefException(1)
LinearAlgebra.PosDefException(1)
LinearAlgebra.PosDefException(1)
LinearAlgebra.PosDefException(1)
LinearAlgebra.PosDefException(1)
LinearAlgebra.PosDefException(1)
LinearAlgebra.PosDefException(1)
LinearAlgebra.PosDefException(1)
LinearAlgebra.PosDefException(1)
LinearAlgebra.PosDefException(1)
LinearAlgebra.PosDefException(1)
LinearAlgebra.PosDefException(1)
LinearAlgebra.PosDefException(1)
LinearAlgebra.PosDefException(1)
LinearAlgebra.PosDefException(1)
LinearAlgebra.PosDefException(1)
LinearAlgebra.PosDefException(1)
LinearAlgebra.PosDefException(1)
LinearAlgebra.PosDefException(1)
LinearAlgebra.PosDefException(1)
LinearAlgebra.PosDefException(1)
LinearAlgebra.PosDefException(1)
LinearAlgebra.PosDefException(1)
LinearAlgebra.PosDefException(1)
LinearAlgebra.PosDefException(1)
LinearAlgebra.PosDefException(1)
LinearAlgebra.PosDefException(1)
DEBUG [determine_optimal_points_count]: Large num points: 1
DEBUG [determine_optimal_points_count]: Good num points: 1
DEBUG [multipoint_parameter_estimation]: Parameter estimation using this many points: 1

DEBUG [pick_points]: Starting point selection...
DEBUG [pick_points]: Number of points to pick: 1
DEBUG [pick_points]: Total points available: 1001
DEBUG [pick_points]: Number of interpolants: 2

DEBUG [pick_points]: Computing interestingness scores...
DEBUG [pick_points]: Processed 100 points
DEBUG [pick_points]: Processed 200 points
DEBUG [pick_points]: Processed 300 points
DEBUG [pick_points]: Processed 400 points
DEBUG [pick_points]: Processed 500 points
DEBUG [pick_points]: Processed 600 points
DEBUG [pick_points]: Processed 700 points
DEBUG [pick_points]: Processed 800 points
DEBUG [pick_points]: Processed 900 points
DEBUG [pick_points]: Processed 1000 points

DEBUG [pick_points]: Score statistics:
DEBUG [pick_points]: Min score: 0.10028023227682703
DEBUG [pick_points]: Max score: 0.26133704499212584
DEBUG [pick_points]: Mean score: 0.16603074484371613
DEBUG [pick_points]: Normalized scores

DEBUG [pick_points]: Selected 1 points
DEBUG [pick_points]: Selected time points: [-0.998]
aa_system
Any[_t2_NN_t_ - 3778519956679337//4503599627370496, _t2_In_t_ - 478080634669169//562949953421312, _t2_Inˍt_t_ + 3333233042501//8796093022208, _t2_Inˍtt_t_ - 801325171//4294967296, _t2_Inˍttt_t_ + 457617//4194304, _t2_Inˍtttt_t_ - 5//64, _t2_Inˍttttt_t_ - 43//8, _tpa_*_t2_In_t_ - _tpnu_*_t2_E_t_ + _t2_Inˍt_t_, _tpa_*_t2_Inˍt_t_ - _tpnu_*_t2_Eˍt_t_ + _t2_Inˍtt_t_, _tpa_*_t2_Inˍtt_t_ - _tpnu_*_t2_Eˍtt_t_ + _t2_Inˍttt_t_, _tpa_*_t2_Inˍttt_t_ - _tpnu_*_t2_Eˍttt_t_ + _t2_Inˍtttt_t_, _tpa_*_t2_Inˍtttt_t_ - _tpnu_*_t2_Eˍtttt_t_ + _t2_Inˍttttt_t_, _tpnu_*_t2_E_t_*_t2_NN_t_ - _tpb_*_t2_S_t_*_t2_In_t_ + _t2_NN_t_*_t2_Eˍt_t_, _tpnu_*_t2_E_t_*_t2_NNˍt_t_ + _tpnu_*_t2_NN_t_*_t2_Eˍt_t_ - _tpb_*_t2_S_t_*_t2_Inˍt_t_ - _tpb_*_t2_In_t_*_t2_Sˍt_t_ + _t2_NN_t_*_t2_Eˍtt_t_ + _t2_Eˍt_t_*_t2_NNˍt_t_, _tpnu_*_t2_E_t_*_t2_NNˍtt_t_ + _tpnu_*_t2_NN_t_*_t2_Eˍtt_t_ + 2*_tpnu_*_t2_Eˍt_t_*_t2_NNˍt_t_ - _tpb_*_t2_S_t_*_t2_Inˍtt_t_ - _tpb_*_t2_In_t_*_t2_Sˍtt_t_ - 2*_tpb_*_t2_Inˍt_t_*_t2_Sˍt_t_ + _t2_NN_t_*_t2_Eˍttt_t_ + _t2_Eˍt_t_*_t2_NNˍtt_t_ + 2*_t2_Eˍtt_t_*_t2_NNˍt_t_, _tpnu_*_t2_E_t_*_t2_NNˍttt_t_ + _tpnu_*_t2_NN_t_*_t2_Eˍttt_t_ + 3*_tpnu_*_t2_Eˍt_t_*_t2_NNˍtt_t_ + 3*_tpnu_*_t2_Eˍtt_t_*_t2_NNˍt_t_ - _tpb_*_t2_S_t_*_t2_Inˍttt_t_ - _tpb_*_t2_In_t_*_t2_Sˍttt_t_ - 3*_tpb_*_t2_Inˍt_t_*_t2_Sˍtt_t_ - 3*_tpb_*_t2_Inˍtt_t_*_t2_Sˍt_t_ + _t2_NN_t_*_t2_Eˍtttt_t_ + _t2_Eˍt_t_*_t2_NNˍttt_t_ + 3*_t2_Eˍtt_t_*_t2_NNˍtt_t_ + 3*_t2_Eˍttt_t_*_t2_NNˍt_t_, _tpb_*_t2_S_t_*_t2_In_t_ + _t2_NN_t_*_t2_Sˍt_t_, _t2_NNˍt_t_, _t2_NNˍtt_t_, _tpb_*_t2_S_t_*_t2_Inˍt_t_ + _tpb_*_t2_In_t_*_t2_Sˍt_t_ + _t2_NN_t_*_t2_Sˍtt_t_ + _t2_Sˍt_t_*_t2_NNˍt_t_, _t2_NNˍttt_t_, _tpb_*_t2_S_t_*_t2_Inˍtt_t_ + _tpb_*_t2_In_t_*_t2_Sˍtt_t_ + 2*_tpb_*_t2_Inˍt_t_*_t2_Sˍt_t_ + _t2_NN_t_*_t2_Sˍttt_t_ + _t2_Sˍt_t_*_t2_NNˍtt_t_ + 2*_t2_NNˍt_t_*_t2_Sˍtt_t_]
R
Multivariate polynomial ring in 22 variables over rationals
primes of bitsize 28
G-Q-Pt-FG-LT-LP(C)
Dimension of the quotient :4
Degree of the radical :4
Use last variable as separating element
Run Groebner learn
Test cyclic optimization
Apply cyclic optimization 
Multi-modular computation (1 threads): G-Q-Pt-FG-LT-LP(C)
5-9-13-17-21-25-29-33-37-41-45-49-53-61-69-77-
check-G-Q-Pt-FG-LT-LP(C)
Nb Primes used :77
Precompiling ODEParameterEstimation...
  81939.2 ms  ✓ ODEParameterEstimation
  1 dependency successfully precompiled in 93 seconds. 600 already precompiled.
4-element Vector{Vector{Vector{BigFloat}}}:
 [[0.41299152, 0.412992], [1.0658245, 1.0658264], [4907.8594, 4907.8672], [-8.3797715e-15, -8.3797579e-15], [-0.026472121, -0.026472092], [0.84924126, 0.84924221], [0.83899975, 0.8390007], [-0.37894487, -0.3789444], [0.18657303, 0.18657327], [-0.10910451, -0.10910428], [0.078124881, 0.078125119], [5.3749924, 5.3750076], [0.028214633, 0.028214663], [-0.030071735, -0.030071706], [0.031023592, 0.031023622], [5.0733032, 5.0733109], [4.1628756e-11, 4.1628812e-11], [0.0, 0.0], [0.0, 0.0], [-2.0682091e-07, -2.0682069e-07], [0.0, 0.0], [0.0010276232, 0.0010276251]]
 [[1.0658245, 1.0658264], [0.41299152, 0.412992], [4907.8594, 4907.8672], [-2.1626039e-14, -2.1626012e-14], [1.2741146, 1.2741165], [0.84924126, 0.84924221], [0.83899975, 0.8390007], [-0.37894487, -0.3789444], [0.18657303, 0.18657327], [-0.10910451, -0.10910428], [0.078124881, 0.078125119], [5.3749924, 5.3750076], [-0.52620029, -0.52619934], [0.21731663, 0.21731687], [-0.092402101, -0.092401981], [13.2164, 13.216415], [1.0743306e-10, 1.0743317e-10], [0.0, 0.0], [0.0, 0.0], [-5.3375152e-07, -5.3375061e-07], [0.0, 0.0], [0.0026520304, 0.0026520342]]
 [[0.29943466, 0.29943514], [1665.6152, 1665.6172], [0.13850641, 0.13850665], [-0.8888073, -0.88880634], [-7.4838521e-05, -7.4838405e-05], [0.84924126, 0.84924221], [0.83899975, 0.8390007], [-0.37894487, -0.3789444], [0.18657303, 0.18657327], [-0.10910451, -0.10910428], [0.078124881, 0.078125119], [5.3749924, 5.3750076], [4.3889915e-05, 4.3889973e-05], [-3.1962933e-05, -3.1962874e-05], [2.7290371e-05, 2.72904e-05], [0.0032410771, 0.0032410808], [0.12460816, 0.12460828], [0.0, 0.0], [0.0, 0.0], [-0.073071837, -0.073071718], [0.0, 0.0], [0.053210616, 0.053210676]]
 [[1665.6152, 1665.6172], [0.29943466, 0.29943514], [0.13850641, 0.13850665], [-4944.0234, -4944.0156], [4722.6641, 4722.6719], [0.84924126, 0.84924221], [0.83899975, 0.8390007], [-0.37894487, -0.3789444], [0.18657303, 0.18657327], [-0.10910451, -0.10910428], [0.078124881, 0.078125119], [5.3749924, 5.3750076], [-2107.2734, -2107.2695], [1037.4531, 1037.4551], [-606.63672, -606.63574], [452.52344, 452.52393], [693.13672, 693.1377], [0.0, 0.0], [0.0, 0.0], [-406.46484, -406.46436], [0.0, 0.0], [295.98584, 295.98633]]








