LinearAlgebra.PosDefException(2)
LinearAlgebra.PosDefException(6)
LinearAlgebra.PosDefException(2)
LinearAlgebra.PosDefException(3)
LinearAlgebra.PosDefException(3)
LinearAlgebra.PosDefException(4)
LinearAlgebra.PosDefException(54)
LinearAlgebra.PosDefException(2)
LinearAlgebra.PosDefException(2)
LinearAlgebra.PosDefException(2)
LinearAlgebra.PosDefException(2)
LinearAlgebra.PosDefException(4)
LinearAlgebra.PosDefException(4)
LinearAlgebra.PosDefException(5)
LinearAlgebra.PosDefException(53)
LinearAlgebra.PosDefException(7)
LinearAlgebra.PosDefException(11)
LinearAlgebra.PosDefException(43)
LinearAlgebra.PosDefException(514)
LinearAlgebra.PosDefException(626)
Noise level is too low, using  AAA
LinearAlgebra.PosDefException(2)
LinearAlgebra.PosDefException(2)
LinearAlgebra.PosDefException(2)
LinearAlgebra.PosDefException(3)
LinearAlgebra.PosDefException(5)
LinearAlgebra.PosDefException(7)
LinearAlgebra.PosDefException(84)
LinearAlgebra.PosDefException(2)
LinearAlgebra.PosDefException(3)
LinearAlgebra.PosDefException(3)
LinearAlgebra.PosDefException(2)
LinearAlgebra.PosDefException(4)
LinearAlgebra.PosDefException(4)
LinearAlgebra.PosDefException(4)
LinearAlgebra.PosDefException(51)
LinearAlgebra.PosDefException(6)
LinearAlgebra.PosDefException(56)
LinearAlgebra.PosDefException(3)
LinearAlgebra.PosDefException(38)
LinearAlgebra.PosDefException(3)
LinearAlgebra.PosDefException(3)
LinearAlgebra.PosDefException(5)
LinearAlgebra.PosDefException(13)
LinearAlgebra.PosDefException(258)
Noise level is too low, using  AAA
DEBUG [determine_optimal_points_count]: Large num points: 1
DEBUG [determine_optimal_points_count]: Good num points: 1
DEBUG [multipoint_parameter_estimation]: Parameter estimation using this many points: 1

DEBUG [pick_points]: Starting point selection...
DEBUG [pick_points]: Number of points to pick: 1
DEBUG [pick_points]: Total points available: 1001
DEBUG [pick_points]: Number of interpolants: 2

DEBUG [pick_points]: Computing interestingness scores...
DEBUG [pick_points]: Processed 100 points
DEBUG [pick_points]: Processed 200 points
DEBUG [pick_points]: Processed 300 points
DEBUG [pick_points]: Processed 400 points
DEBUG [pick_points]: Processed 500 points
DEBUG [pick_points]: Processed 600 points
DEBUG [pick_points]: Processed 700 points
DEBUG [pick_points]: Processed 800 points
DEBUG [pick_points]: Processed 900 points
DEBUG [pick_points]: Processed 1000 points

DEBUG [pick_points]: Score statistics:
DEBUG [pick_points]: Min score: 0.49901334329269115
DEBUG [pick_points]: Max score: 4.150880328599859e16
DEBUG [pick_points]: Mean score: 4.155043722206879e13
DEBUG [pick_points]: Normalized scores

DEBUG [pick_points]: Selected 1 points
DEBUG [pick_points]: Selected time points: [-0.196]
aa_system
Any[_t403_x2_t_ - 2361421994223825//36028797018963968, _t403_x2ˍt_t_ + 4696348863433839//9007199254740992, _t403_x1_t_ - 1232501173035157//2251799813685248, _t403_x1ˍt_t_ + 669310469833//268435456, _tpb_*_t403_x1_t_^2*_t403_x2_t_ - _tpb_*_t403_x2_t_ + _t403_x1_t_ + _t403_x2ˍt_t_, -_tpa_*_t403_x2_t_ + _t403_x1ˍt_t_]
R
Multivariate polynomial ring in 6 variables over rationals
primes of bitsize 28
G-Q-Pt-FG-LT-LP(C)
Dimension of the quotient :1
Degree of the radical :1
Use last variable as separating element
Run Groebner learn
Test cyclic optimization
Apply cyclic optimization 
Multi-modular computation (1 threads): G-Q-Pt-FG-LT-LP(C)
5-9-13-
check-G-Q-Pt-FG-LT-LP(C)
Nb Primes used :13
┌ Warning: At t=-0.2050755600970351, dt was forced below floating point epsilon -2.4692710868934536e-17, and step error estimate = 1.1226525072490823. Aborting. There is either an error in your model specification or the true solution is unstable (or the true solution can not be represented in the precision of Float64).
└ @ SciMLBase ~/.julia/packages/SciMLBase/Pma4a/src/integrator_interface.jl:623
┌ Warning: At t=-1.0, dt was forced below floating point epsilon 2.220446049250313e-16, and step error estimate = 4.517271242581577e10. Aborting. There is either an error in your model specification or the true solution is unstable (or the true solution can not be represented in the precision of Float64).
└ @ SciMLBase ~/.julia/packages/SciMLBase/Pma4a/src/integrator_interface.jl:623
1-element Vector{Vector{Vector{BigFloat}}}:
 [[-38042.062, -38042.0], [0.56507397, 0.56507492], [0.54734039, 0.54734135], [0.065542579, 0.065542698], [-0.5213995, -0.52139854], [-2493.3789, -2493.375]]


