┌ Warning: Independent variable t should be defined with @independent_variables t.
└ @ ModelingToolkit ~/.julia/packages/ModelingToolkit/klLLV/src/utils.jl:119
[ Info: Preproccessing `ModelingToolkit.ODESystem` object
┌ Warning: Independent variable t should be defined with @independent_variables t.
└ @ ModelingToolkit ~/.julia/packages/ModelingToolkit/klLLV/src/utils.jl:119
[ Info: Solving the problem
[ Info: Constructing the maximal system
[ Info: Truncating
[ Info: Assessing local identifiability
[ Info: Found Pivots: [x7_0]
[ Info: Locally identifiable parameters: [k5, k6, k7, k8, k9, k10, x6, x5, x4]
[ Info: Not identifiable parameters:     [x7]
[ Info: Randomizing
[ Info: Gröbner basis computation
[ Info: Remainder computation
[ Info: === Summary ===
[ Info: Globally identifiable parameters:                 [k6, k7, x5, k5, x4]
[ Info: Locally but not globally identifiable parameters: [k8, x6, k9, k10]
[ Info: Not identifiable parameters:                      [x7]
[ Info: ===============
[ Info: Estimating via the interpolators: ["AAA"]
Computing mixed cells... 43    Time: 0:00:00[K
  mixed_volume:  45[K[A
[K[AComputing mixed cells... 47    Time: 0:00:00[K
  mixed_volume:  50[K
┌ Warning: Independent variable t should be defined with @independent_variables t.
└ @ ModelingToolkit ~/.julia/packages/ModelingToolkit/klLLV/src/utils.jl:119
┌ Warning: At t=-0.16732500335976272, dt was forced below floating point epsilon -2.4521724800987043e-17, and step error estimate = 1.2688920345854682. Aborting. There is either an error in your model specification or the true solution is unstable (or the true solution can not be represented in the precision of Float64).
└ @ SciMLBase ~/.julia/packages/SciMLBase/VW1cI/src/integrator_interface.jl:623
┌ Warning: Independent variable t should be defined with @independent_variables t.
└ @ ModelingToolkit ~/.julia/packages/ModelingToolkit/klLLV/src/utils.jl:119
┌ Warning: At t=-0.16732500335976996, dt was forced below floating point epsilon -2.3704766900826693e-17, and step error estimate = 1.9615182596489606. Aborting. There is either an error in your model specification or the true solution is unstable (or the true solution can not be represented in the precision of Float64).
└ @ SciMLBase ~/.julia/packages/SciMLBase/VW1cI/src/integrator_interface.jl:623
┌ Warning: Independent variable t should be defined with @independent_variables t.
└ @ ModelingToolkit ~/.julia/packages/ModelingToolkit/klLLV/src/utils.jl:119
┌ Warning: Independent variable t should be defined with @independent_variables t.
└ @ ModelingToolkit ~/.julia/packages/ModelingToolkit/klLLV/src/utils.jl:119
Final Results:
 83.881485 seconds (76.34 M allocations: 3.847 GiB, 4.30% gc time, 89.77% compilation time: 10% of which was recompilation)
