┌ Warning: Independent variable t should be defined with @independent_variables t.
└ @ ModelingToolkit ~/.julia/packages/ModelingToolkit/klLLV/src/utils.jl:119
[ Info: Preproccessing `ModelingToolkit.ODESystem` object
┌ Warning: Independent variable t should be defined with @independent_variables t.
└ @ ModelingToolkit ~/.julia/packages/ModelingToolkit/klLLV/src/utils.jl:119
[ Info: Solving the problem
[ Info: Constructing the maximal system
[ Info: Truncating
[ Info: Assessing local identifiability
[ Info: Found Pivots: []
[ Info: Locally identifiable parameters: [muN, muEE, muLE, muLL, muM, muP, muPE, muPL, deltaNE, deltaEL, deltaLM, rhoE, rhoP, n, m, p, s, e]
[ Info: Not identifiable parameters:     []
[ Info: Randomizing
[ Info: Gröbner basis computation
[ Info: Remainder computation
[ Info: === Summary ===
[ Info: Globally identifiable parameters:                 [n, deltaEL, muPL, m, muM, rhoE, muLL, muPE, muLE, muEE, e, muN, rhoP, p, s, deltaNE, muP, deltaLM]
[ Info: Locally but not globally identifiable parameters: []
[ Info: Not identifiable parameters:                      []
[ Info: ===============
[ Info: Estimating via the interpolators: ["AAA"]
Computing mixed cells... 5    Time: 0:00:00[K
  mixed_volume:  6[K[A
[K[AComputing mixed cells... 25    Time: 0:00:00[K
  mixed_volume:  33[K[A
[K[AComputing mixed cells... 40    Time: 0:00:01[K
  mixed_volume:  53[K
┌ Warning: Independent variable t should be defined with @independent_variables t.
└ @ ModelingToolkit ~/.julia/packages/ModelingToolkit/klLLV/src/utils.jl:119
┌ Warning: Independent variable t should be defined with @independent_variables t.
└ @ ModelingToolkit ~/.julia/packages/ModelingToolkit/klLLV/src/utils.jl:119
┌ Warning: Independent variable t should be defined with @independent_variables t.
└ @ ModelingToolkit ~/.julia/packages/ModelingToolkit/klLLV/src/utils.jl:119
┌ Warning: Independent variable t should be defined with @independent_variables t.
└ @ ModelingToolkit ~/.julia/packages/ModelingToolkit/klLLV/src/utils.jl:119
┌ Warning: Independent variable t should be defined with @independent_variables t.
└ @ ModelingToolkit ~/.julia/packages/ModelingToolkit/klLLV/src/utils.jl:119
┌ Warning: Independent variable t should be defined with @independent_variables t.
└ @ ModelingToolkit ~/.julia/packages/ModelingToolkit/klLLV/src/utils.jl:119
┌ Warning: Independent variable t should be defined with @independent_variables t.
└ @ ModelingToolkit ~/.julia/packages/ModelingToolkit/klLLV/src/utils.jl:119
┌ Warning: Independent variable t should be defined with @independent_variables t.
└ @ ModelingToolkit ~/.julia/packages/ModelingToolkit/klLLV/src/utils.jl:119
┌ Warning: Independent variable t should be defined with @independent_variables t.
└ @ ModelingToolkit ~/.julia/packages/ModelingToolkit/klLLV/src/utils.jl:119
┌ Warning: At t=-0.013431327238106578, dt was forced below floating point epsilon -8.1829617848883e-19, and step error estimate = Inf. Aborting. There is either an error in your model specification or the true solution is unstable (or the true solution can not be represented in the precision of Float64).
└ @ SciMLBase ~/.julia/packages/SciMLBase/VW1cI/src/integrator_interface.jl:623
┌ Warning: Independent variable t should be defined with @independent_variables t.
└ @ ModelingToolkit ~/.julia/packages/ModelingToolkit/klLLV/src/utils.jl:119
┌ Warning: Independent variable t should be defined with @independent_variables t.
└ @ ModelingToolkit ~/.julia/packages/ModelingToolkit/klLLV/src/utils.jl:119
┌ Warning: Independent variable t should be defined with @independent_variables t.
└ @ ModelingToolkit ~/.julia/packages/ModelingToolkit/klLLV/src/utils.jl:119
┌ Warning: At t=-0.0032503122568628357, dt was forced below floating point epsilon -3.875576630478319e-19, and step error estimate = 1.0953588104731156. Aborting. There is either an error in your model specification or the true solution is unstable (or the true solution can not be represented in the precision of Float64).
└ @ SciMLBase ~/.julia/packages/SciMLBase/VW1cI/src/integrator_interface.jl:623
┌ Warning: Independent variable t should be defined with @independent_variables t.
└ @ ModelingToolkit ~/.julia/packages/ModelingToolkit/klLLV/src/utils.jl:119
┌ Warning: At t=-0.0059536870471555104, dt was forced below floating point epsilon -7.431031686089491e-19, and step error estimate = 1.8839457101135506. Aborting. There is either an error in your model specification or the true solution is unstable (or the true solution can not be represented in the precision of Float64).
└ @ SciMLBase ~/.julia/packages/SciMLBase/VW1cI/src/integrator_interface.jl:623
┌ Warning: Independent variable t should be defined with @independent_variables t.
└ @ ModelingToolkit ~/.julia/packages/ModelingToolkit/klLLV/src/utils.jl:119
┌ Warning: Independent variable t should be defined with @independent_variables t.
└ @ ModelingToolkit ~/.julia/packages/ModelingToolkit/klLLV/src/utils.jl:119
┌ Warning: Independent variable t should be defined with @independent_variables t.
└ @ ModelingToolkit ~/.julia/packages/ModelingToolkit/klLLV/src/utils.jl:119
┌ Warning: At t=-0.5634735669304622, dt was forced below floating point epsilon 1.1102230246251565e-16, and step error estimate = 1.0413889433231298. Aborting. There is either an error in your model specification or the true solution is unstable (or the true solution can not be represented in the precision of Float64).
└ @ SciMLBase ~/.julia/packages/SciMLBase/VW1cI/src/integrator_interface.jl:623
┌ Warning: Independent variable t should be defined with @independent_variables t.
└ @ ModelingToolkit ~/.julia/packages/ModelingToolkit/klLLV/src/utils.jl:119
┌ Warning: At t=-0.433029184702219, dt was forced below floating point epsilon 5.551115123125783e-17, and step error estimate = 1.0686168042647237. Aborting. There is either an error in your model specification or the true solution is unstable (or the true solution can not be represented in the precision of Float64).
└ @ SciMLBase ~/.julia/packages/SciMLBase/VW1cI/src/integrator_interface.jl:623
┌ Warning: Independent variable t should be defined with @independent_variables t.
└ @ ModelingToolkit ~/.julia/packages/ModelingToolkit/klLLV/src/utils.jl:119
┌ Warning: Independent variable t should be defined with @independent_variables t.
└ @ ModelingToolkit ~/.julia/packages/ModelingToolkit/klLLV/src/utils.jl:119
┌ Warning: At t=-0.6031138619752672, dt was forced below floating point epsilon 1.1102230246251565e-16, and step error estimate = 1.0603354859217542. Aborting. There is either an error in your model specification or the true solution is unstable (or the true solution can not be represented in the precision of Float64).
└ @ SciMLBase ~/.julia/packages/SciMLBase/VW1cI/src/integrator_interface.jl:623
┌ Warning: Independent variable t should be defined with @independent_variables t.
└ @ ModelingToolkit ~/.julia/packages/ModelingToolkit/klLLV/src/utils.jl:119
┌ Warning: At t=-0.9097821935850533, dt was forced below floating point epsilon 1.1102230246251565e-16, and step error estimate = 1.0315170564425638. Aborting. There is either an error in your model specification or the true solution is unstable (or the true solution can not be represented in the precision of Float64).
└ @ SciMLBase ~/.julia/packages/SciMLBase/VW1cI/src/integrator_interface.jl:623
┌ Warning: Independent variable t should be defined with @independent_variables t.
└ @ ModelingToolkit ~/.julia/packages/ModelingToolkit/klLLV/src/utils.jl:119
┌ Warning: At t=-0.0681721682495447, dt was forced below floating point epsilon 1.3877787807814457e-17, and step error estimate = NaN. Aborting. There is either an error in your model specification or the true solution is unstable (or the true solution can not be represented in the precision of Float64).
└ @ SciMLBase ~/.julia/packages/SciMLBase/VW1cI/src/integrator_interface.jl:623
┌ Warning: Independent variable t should be defined with @independent_variables t.
└ @ ModelingToolkit ~/.julia/packages/ModelingToolkit/klLLV/src/utils.jl:119
┌ Warning: At t=-0.41069209870180445, dt was forced below floating point epsilon 5.551115123125783e-17, and step error estimate = 1.0896264372181084. Aborting. There is either an error in your model specification or the true solution is unstable (or the true solution can not be represented in the precision of Float64).
└ @ SciMLBase ~/.julia/packages/SciMLBase/VW1cI/src/integrator_interface.jl:623
┌ Warning: Independent variable t should be defined with @independent_variables t.
└ @ ModelingToolkit ~/.julia/packages/ModelingToolkit/klLLV/src/utils.jl:119
┌ Warning: At t=-0.9704133031858493, dt was forced below floating point epsilon 1.1102230246251565e-16, and step error estimate = 1.0759919350655542. Aborting. There is either an error in your model specification or the true solution is unstable (or the true solution can not be represented in the precision of Float64).
└ @ SciMLBase ~/.julia/packages/SciMLBase/VW1cI/src/integrator_interface.jl:623
┌ Warning: Independent variable t should be defined with @independent_variables t.
└ @ ModelingToolkit ~/.julia/packages/ModelingToolkit/klLLV/src/utils.jl:119
┌ Warning: Independent variable t should be defined with @independent_variables t.
└ @ ModelingToolkit ~/.julia/packages/ModelingToolkit/klLLV/src/utils.jl:119
┌ Warning: Independent variable t should be defined with @independent_variables t.
└ @ ModelingToolkit ~/.julia/packages/ModelingToolkit/klLLV/src/utils.jl:119
┌ Warning: At t=-0.9540884100306537, dt was forced below floating point epsilon 1.1102230246251565e-16, and step error estimate = 1.0381414179768103. Aborting. There is either an error in your model specification or the true solution is unstable (or the true solution can not be represented in the precision of Float64).
└ @ SciMLBase ~/.julia/packages/SciMLBase/VW1cI/src/integrator_interface.jl:623
┌ Warning: Independent variable t should be defined with @independent_variables t.
└ @ ModelingToolkit ~/.julia/packages/ModelingToolkit/klLLV/src/utils.jl:119
┌ Warning: Independent variable t should be defined with @independent_variables t.
└ @ ModelingToolkit ~/.julia/packages/ModelingToolkit/klLLV/src/utils.jl:119
┌ Warning: Independent variable t should be defined with @independent_variables t.
└ @ ModelingToolkit ~/.julia/packages/ModelingToolkit/klLLV/src/utils.jl:119
┌ Warning: At t=-0.064793393696045, dt was forced below floating point epsilon 1.3877787807814457e-17, and step error estimate = NaN. Aborting. There is either an error in your model specification or the true solution is unstable (or the true solution can not be represented in the precision of Float64).
└ @ SciMLBase ~/.julia/packages/SciMLBase/VW1cI/src/integrator_interface.jl:623
┌ Warning: Independent variable t should be defined with @independent_variables t.
└ @ ModelingToolkit ~/.julia/packages/ModelingToolkit/klLLV/src/utils.jl:119
┌ Warning: At t=-0.9705328765127023, dt was forced below floating point epsilon 1.1102230246251565e-16, and step error estimate = 1.0023059820257234. Aborting. There is either an error in your model specification or the true solution is unstable (or the true solution can not be represented in the precision of Float64).
└ @ SciMLBase ~/.julia/packages/SciMLBase/VW1cI/src/integrator_interface.jl:623
Final Results:
 86.232205 seconds (101.16 M allocations: 5.394 GiB, 4.37% gc time, 82.11% compilation time: 7% of which was recompilation)
