┌ Warning: Independent variable t should be defined with @independent_variables t.
└ @ ModelingToolkit ~/.julia/packages/ModelingToolkit/klLLV/src/utils.jl:119
[ Info: Preproccessing `ModelingToolkit.ODESystem` object
┌ Warning: Independent variable t should be defined with @independent_variables t.
└ @ ModelingToolkit ~/.julia/packages/ModelingToolkit/klLLV/src/utils.jl:119
[ Info: Solving the problem
[ Info: Constructing the maximal system
[ Info: Truncating
[ Info: Assessing local identifiability
[ Info: Found Pivots: []
[ Info: Locally identifiable parameters: [a12, a13, a21, a31, a01, x2, x3, x1]
[ Info: Not identifiable parameters:     []
[ Info: Randomizing
[ Info: Gröbner basis computation
[ Info: Remainder computation
[ Info: === Summary ===
[ Info: Globally identifiable parameters:                 [a01, a13, x2, x3, a31, a12, x1, a21]
[ Info: Locally but not globally identifiable parameters: []
[ Info: Not identifiable parameters:                      []
[ Info: ===============
[ Info: Estimating via the interpolators: ["AAA"]
┌ Warning: Independent variable t should be defined with @independent_variables t.
└ @ ModelingToolkit ~/.julia/packages/ModelingToolkit/klLLV/src/utils.jl:119
┌ Warning: Independent variable t should be defined with @independent_variables t.
└ @ ModelingToolkit ~/.julia/packages/ModelingToolkit/klLLV/src/utils.jl:119
Final Results:
 91.973432 seconds (45.85 M allocations: 2.400 GiB, 3.06% gc time, 44.31% compilation time: 15% of which was recompilation)
