┌ Warning: Independent variable t should be defined with @independent_variables t.
└ @ ModelingToolkit ~/.julia/packages/ModelingToolkit/klLLV/src/utils.jl:119
[ Info: Preproccessing `ModelingToolkit.ODESystem` object
┌ Warning: Independent variable t should be defined with @independent_variables t.
└ @ ModelingToolkit ~/.julia/packages/ModelingToolkit/klLLV/src/utils.jl:119
[ Info: Solving the problem
[ Info: Constructing the maximal system
[ Info: Truncating
[ Info: Assessing local identifiability
[ Info: Found Pivots: []
[ Info: Locally identifiable parameters: [k01, k12, k13, k14, k21, k31, k41, x3, x1, x2, x4]
[ Info: Not identifiable parameters:     []
[ Info: Randomizing
[ Info: Gröbner basis computation
[ Info: Remainder computation
[ Info: === Summary ===
[ Info: Globally identifiable parameters:                 [k12, k21, x1, k01, x2]
[ Info: Locally but not globally identifiable parameters: [x4, k13, x3, k41, k14, k31]
[ Info: Not identifiable parameters:                      []
[ Info: ===============
[ Info: Estimating via the interpolators: ["AAA"]
┌ Warning: Independent variable t should be defined with @independent_variables t.
└ @ ModelingToolkit ~/.julia/packages/ModelingToolkit/klLLV/src/utils.jl:119
┌ Warning: Independent variable t should be defined with @independent_variables t.
└ @ ModelingToolkit ~/.julia/packages/ModelingToolkit/klLLV/src/utils.jl:119
┌ Warning: Independent variable t should be defined with @independent_variables t.
└ @ ModelingToolkit ~/.julia/packages/ModelingToolkit/klLLV/src/utils.jl:119
┌ Warning: Independent variable t should be defined with @independent_variables t.
└ @ ModelingToolkit ~/.julia/packages/ModelingToolkit/klLLV/src/utils.jl:119
Final Results:
Parameter(s)        :	k01 = 0.151, k12 = 0.654, k13 = 0.312, k14 = 0.554, k21 = 0.519, k31 = 0.560, k41 = 0.176
Initial Condition(s):	x1(t) = 0.838, x2(t) = 0.357, x3(t) = 0.211, x4(t) = 0.630, where t = -0.990
Error: 3.9006e-03

Parameter(s)        :	k01 = 0.151, k12 = 0.654, k13 = 0.554, k14 = 0.312, k21 = 0.519, k31 = 0.176, k41 = 0.560
Initial Condition(s):	x1(t) = 0.838, x2(t) = 0.357, x3(t) = 0.630, x4(t) = 0.211, where t = -0.990
Error: 3.9006e-03

 39.574821 seconds (74.84 M allocations: 3.707 GiB, 4.00% gc time, 93.91% compilation time: 13% of which was recompilation)
