┌ Warning: Independent variable t should be defined with @independent_variables t.
└ @ ModelingToolkit ~/.julia/packages/ModelingToolkit/klLLV/src/utils.jl:119
[ Info: Preproccessing `ModelingToolkit.ODESystem` object
┌ Warning: Independent variable t should be defined with @independent_variables t.
└ @ ModelingToolkit ~/.julia/packages/ModelingToolkit/klLLV/src/utils.jl:119
[ Info: Solving the problem
[ Info: Constructing the maximal system
[ Info: Truncating
[ Info: Assessing local identifiability
[ Info: Found Pivots: []
[ Info: Locally identifiable parameters: [g, a, b, R, V]
[ Info: Not identifiable parameters:     []
[ Info: Randomizing
[ Info: Gröbner basis computation
[ Info: Remainder computation
[ Info: === Summary ===
[ Info: Globally identifiable parameters:                 [b, R, V, g, a]
[ Info: Locally but not globally identifiable parameters: []
[ Info: Not identifiable parameters:                      []
[ Info: ===============
[ Info: Estimating via the interpolators: ["AAA"]
┌ Warning: Independent variable t should be defined with @independent_variables t.
└ @ ModelingToolkit ~/.julia/packages/ModelingToolkit/klLLV/src/utils.jl:119
┌ Warning: Independent variable t should be defined with @independent_variables t.
└ @ ModelingToolkit ~/.julia/packages/ModelingToolkit/klLLV/src/utils.jl:119
┌ Warning: Independent variable t should be defined with @independent_variables t.
└ @ ModelingToolkit ~/.julia/packages/ModelingToolkit/klLLV/src/utils.jl:119
┌ Warning: Independent variable t should be defined with @independent_variables t.
└ @ ModelingToolkit ~/.julia/packages/ModelingToolkit/klLLV/src/utils.jl:119
Final Results:
Parameter(s)        :	  g = 0.299,   a = 0.561,   b = 0.574
Initial Condition(s):	V(t) = 0.560, R(t) = 0.283, where t = -0.990
Error: 1.4302e-01

 30.826645 seconds (60.09 M allocations: 2.980 GiB, 2.44% gc time, 99.69% compilation time: 12% of which was recompilation)
