┌ Warning: Independent variable t should be defined with @independent_variables t.
└ @ ModelingToolkit ~/.julia/packages/ModelingToolkit/klLLV/src/utils.jl:119
[ Info: Preproccessing `ModelingToolkit.ODESystem` object
┌ Warning: Independent variable t should be defined with @independent_variables t.
└ @ ModelingToolkit ~/.julia/packages/ModelingToolkit/klLLV/src/utils.jl:119
[ Info: Solving the problem
[ Info: Constructing the maximal system
[ Info: Truncating
[ Info: Assessing local identifiability
[ Info: Found Pivots: []
[ Info: Locally identifiable parameters: [lm, d, beta, a, k, uu, c, q, b, h, x, yy, vv, w, z]
[ Info: Not identifiable parameters:     []
[ Info: Randomizing
[ Info: Gröbner basis computation
[ Info: Remainder computation
[ Info: === Summary ===
[ Info: Globally identifiable parameters:                 [uu, beta, k, lm, c, w, q, d, h, vv, z, a, x, yy, b]
[ Info: Locally but not globally identifiable parameters: []
[ Info: Not identifiable parameters:                      []
[ Info: ===============
[ Info: Estimating via the interpolators: ["AAA"]
┌ Warning: Independent variable t should be defined with @independent_variables t.
└ @ ModelingToolkit ~/.julia/packages/ModelingToolkit/klLLV/src/utils.jl:119
┌ Warning: Independent variable t should be defined with @independent_variables t.
└ @ ModelingToolkit ~/.julia/packages/ModelingToolkit/klLLV/src/utils.jl:119
┌ Warning: Independent variable t should be defined with @independent_variables t.
└ @ ModelingToolkit ~/.julia/packages/ModelingToolkit/klLLV/src/utils.jl:119
┌ Warning: Independent variable t should be defined with @independent_variables t.
└ @ ModelingToolkit ~/.julia/packages/ModelingToolkit/klLLV/src/utils.jl:119
┌ Warning: Independent variable t should be defined with @independent_variables t.
└ @ ModelingToolkit ~/.julia/packages/ModelingToolkit/klLLV/src/utils.jl:119
┌ Warning: Independent variable t should be defined with @independent_variables t.
└ @ ModelingToolkit ~/.julia/packages/ModelingToolkit/klLLV/src/utils.jl:119
┌ Warning: Independent variable t should be defined with @independent_variables t.
└ @ ModelingToolkit ~/.julia/packages/ModelingToolkit/klLLV/src/utils.jl:119
┌ Warning: Independent variable t should be defined with @independent_variables t.
└ @ ModelingToolkit ~/.julia/packages/ModelingToolkit/klLLV/src/utils.jl:119
Final Results:
Parameter(s)        :	 lm = 0.865,   d = 0.615, beta = 0.439,   a = 0.585,   k = 0.115,  uu = 0.341,   c = 0.628,   q = 0.332,   b = 0.594,   h = 0.443
Initial Condition(s):	x(t) = 0.215, yy(t) = 0.338, vv(t) = 0.554, w(t) = 0.569, z(t) = 0.557, where t = -0.990
Error: 6.2729e-03

Parameter(s)        :	 lm = 0.875,   d = 0.718, beta = 0.300,   a = 0.057,   k = -0.084,  uu = 0.486,   c = 1.118,   q = 2.310,   b = -0.130,   h = 1.201
Initial Condition(s):	x(t) = 0.214, yy(t) = 0.326, vv(t) = 0.563, w(t) = 0.571, z(t) = 0.552, where t = -0.990
Error: 6.4801e-03

Parameter(s)        :	 lm = 0.868,   d = 0.933, beta = 0.156,   a = -0.183,   k = -0.600,  uu = 0.701,   c = 0.271,   q = 2.310,   b = -0.130,   h = 1.201
Initial Condition(s):	x(t) = 0.215, yy(t) = 1.301, vv(t) = -0.418, w(t) = 0.568, z(t) = 0.557, where t = -0.990
Error: 6.5089e-03

 42.925369 seconds (87.49 M allocations: 4.407 GiB, 4.05% gc time, 98.09% compilation time: 11% of which was recompilation)
