┌ Warning: Independent variable t should be defined with @independent_variables t.
└ @ ModelingToolkit ~/.julia/packages/ModelingToolkit/klLLV/src/utils.jl:119
[ Info: Preproccessing `ModelingToolkit.ODESystem` object
┌ Warning: Independent variable t should be defined with @independent_variables t.
└ @ ModelingToolkit ~/.julia/packages/ModelingToolkit/klLLV/src/utils.jl:119
[ Info: Solving the problem
[ Info: Constructing the maximal system
[ Info: Truncating
[ Info: Assessing local identifiability
[ Info: Found Pivots: []
[ Info: Locally identifiable parameters: [lm, d, beta, a, k, uu, c, q, b, h, x, yy, vv, w, z]
[ Info: Not identifiable parameters:     []
[ Info: Randomizing
[ Info: Gröbner basis computation
[ Info: Remainder computation
[ Info: === Summary ===
[ Info: Globally identifiable parameters:                 [uu, beta, k, lm, c, w, q, d, h, vv, z, a, x, yy, b]
[ Info: Locally but not globally identifiable parameters: []
[ Info: Not identifiable parameters:                      []
[ Info: ===============
[ Info: Estimating via the interpolators: ["AAA"]
┌ Warning: Independent variable t should be defined with @independent_variables t.
└ @ ModelingToolkit ~/.julia/packages/ModelingToolkit/klLLV/src/utils.jl:119
┌ Warning: Independent variable t should be defined with @independent_variables t.
└ @ ModelingToolkit ~/.julia/packages/ModelingToolkit/klLLV/src/utils.jl:119
┌ Warning: Independent variable t should be defined with @independent_variables t.
└ @ ModelingToolkit ~/.julia/packages/ModelingToolkit/klLLV/src/utils.jl:119
┌ Warning: Independent variable t should be defined with @independent_variables t.
└ @ ModelingToolkit ~/.julia/packages/ModelingToolkit/klLLV/src/utils.jl:119
┌ Warning: Independent variable t should be defined with @independent_variables t.
└ @ ModelingToolkit ~/.julia/packages/ModelingToolkit/klLLV/src/utils.jl:119
┌ Warning: Independent variable t should be defined with @independent_variables t.
└ @ ModelingToolkit ~/.julia/packages/ModelingToolkit/klLLV/src/utils.jl:119
┌ Warning: Independent variable t should be defined with @independent_variables t.
└ @ ModelingToolkit ~/.julia/packages/ModelingToolkit/klLLV/src/utils.jl:119
┌ Warning: Independent variable t should be defined with @independent_variables t.
└ @ ModelingToolkit ~/.julia/packages/ModelingToolkit/klLLV/src/utils.jl:119
Final Results:
Parameter(s)        :	 lm = 0.623,   d = 0.622, beta = 0.445,   a = 0.817,   k = 0.394,  uu = 0.449,   c = 0.814,   q = 0.745,   b = 0.663,   h = 0.180
Initial Condition(s):	x(t) = 0.834, yy(t) = 0.669, vv(t) = 0.898, w(t) = 0.219, z(t) = 0.794, where t = -0.990
Error: 3.2926e-03

Parameter(s)        :	 lm = 0.557,   d = 0.617, beta = 0.181,   a = -0.575,   k = -0.717,  uu = 0.365,   c = -2.117,   q = 0.702,   b = 0.679,   h = 0.165
Initial Condition(s):	x(t) = 0.834, yy(t) = -0.244, vv(t) = 1.810, w(t) = 0.219, z(t) = 0.794, where t = -0.990
Error: 3.3159e-03

Parameter(s)        :	 lm = 0.754,   d = 1.600, beta = -0.641,   a = 0.118,   k = -0.056,  uu = -0.154,   c = 0.541,   q = 0.702,   b = 0.679,   h = 0.165
Initial Condition(s):	x(t) = 0.835, yy(t) = 0.934, vv(t) = 0.649, w(t) = 0.219, z(t) = 0.794, where t = -0.990
Error: 3.7017e-03

 38.645402 seconds (87.49 M allocations: 4.407 GiB, 5.63% gc time, 98.23% compilation time: 12% of which was recompilation)
