┌ Warning: Optimization did not converge. RetCode: MaxIters
└ @ ODEParameterEstimation ~/ODEParameterEstimation/src/core/solvers/homotopy_continuation.jl:778
┌ Warning: Optimization did not converge. RetCode: MaxIters
└ @ ODEParameterEstimation ~/ODEParameterEstimation/src/core/solvers/homotopy_continuation.jl:778
┌ Warning: Optimization did not converge. RetCode: Stalled
└ @ ODEParameterEstimation ~/ODEParameterEstimation/src/core/solvers/homotopy_continuation.jl:778
┌ Warning: Optimization did not converge. RetCode: MaxIters
└ @ ODEParameterEstimation ~/ODEParameterEstimation/src/core/solvers/homotopy_continuation.jl:778
┌ Warning: Optimization did not converge. RetCode: MaxIters
└ @ ODEParameterEstimation ~/ODEParameterEstimation/src/core/solvers/homotopy_continuation.jl:778
┌ Warning: Optimization did not converge. RetCode: MaxIters
└ @ ODEParameterEstimation ~/ODEParameterEstimation/src/core/solvers/homotopy_continuation.jl:778
┌ Warning: Optimization did not converge. RetCode: MaxIters
└ @ ODEParameterEstimation ~/ODEParameterEstimation/src/core/solvers/homotopy_continuation.jl:778
┌ Warning: Optimization did not converge. RetCode: MaxIters
└ @ ODEParameterEstimation ~/ODEParameterEstimation/src/core/solvers/homotopy_continuation.jl:778
┌ Warning: Optimization did not converge. RetCode: Stalled
└ @ ODEParameterEstimation ~/ODEParameterEstimation/src/core/solvers/homotopy_continuation.jl:778
┌ Warning: Optimization did not converge. RetCode: MaxIters
└ @ ODEParameterEstimation ~/ODEParameterEstimation/src/core/solvers/homotopy_continuation.jl:778
┌ Warning: Optimization did not converge. RetCode: MaxIters
└ @ ODEParameterEstimation ~/ODEParameterEstimation/src/core/solvers/homotopy_continuation.jl:778
┌ Warning: Optimization did not converge. RetCode: MaxIters
└ @ ODEParameterEstimation ~/ODEParameterEstimation/src/core/solvers/homotopy_continuation.jl:778
┌ Warning: Optimization did not converge. RetCode: MaxIters
└ @ ODEParameterEstimation ~/ODEParameterEstimation/src/core/solvers/homotopy_continuation.jl:778
┌ Warning: Optimization did not converge. RetCode: MaxIters
└ @ ODEParameterEstimation ~/ODEParameterEstimation/src/core/solvers/homotopy_continuation.jl:778
┌ Warning: Optimization did not converge. RetCode: MaxIters
└ @ ODEParameterEstimation ~/ODEParameterEstimation/src/core/solvers/homotopy_continuation.jl:778
┌ Warning: Optimization did not converge. RetCode: MaxIters
└ @ ODEParameterEstimation ~/ODEParameterEstimation/src/core/solvers/homotopy_continuation.jl:778
┌ Warning: Optimization did not converge. RetCode: MaxIters
└ @ ODEParameterEstimation ~/ODEParameterEstimation/src/core/solvers/homotopy_continuation.jl:778
┌ Warning: Optimization did not converge. RetCode: MaxIters
└ @ ODEParameterEstimation ~/ODEParameterEstimation/src/core/solvers/homotopy_continuation.jl:778
┌ Warning: Optimization did not converge. RetCode: MaxIters
└ @ ODEParameterEstimation ~/ODEParameterEstimation/src/core/solvers/homotopy_continuation.jl:778
┌ Warning: Optimization did not converge. RetCode: MaxIters
└ @ ODEParameterEstimation ~/ODEParameterEstimation/src/core/solvers/homotopy_continuation.jl:778
┌ Warning: Optimization did not converge. RetCode: MaxIters
└ @ ODEParameterEstimation ~/ODEParameterEstimation/src/core/solvers/homotopy_continuation.jl:778
┌ Warning: Optimization did not converge. RetCode: MaxIters
└ @ ODEParameterEstimation ~/ODEParameterEstimation/src/core/solvers/homotopy_continuation.jl:778
┌ Warning: Optimization did not converge. RetCode: MaxIters
└ @ ODEParameterEstimation ~/ODEParameterEstimation/src/core/solvers/homotopy_continuation.jl:778
┌ Warning: Optimization did not converge. RetCode: MaxIters
└ @ ODEParameterEstimation ~/ODEParameterEstimation/src/core/solvers/homotopy_continuation.jl:778
┌ Warning: Optimization did not converge. RetCode: MaxIters
└ @ ODEParameterEstimation ~/ODEParameterEstimation/src/core/solvers/homotopy_continuation.jl:778
┌ Warning: Optimization did not converge. RetCode: MaxIters
└ @ ODEParameterEstimation ~/ODEParameterEstimation/src/core/solvers/homotopy_continuation.jl:778
┌ Warning: Optimization did not converge. RetCode: Stalled
└ @ ODEParameterEstimation ~/ODEParameterEstimation/src/core/solvers/homotopy_continuation.jl:778
┌ Warning: Optimization did not converge. RetCode: MaxIters
└ @ ODEParameterEstimation ~/ODEParameterEstimation/src/core/solvers/homotopy_continuation.jl:778
┌ Warning: Optimization did not converge. RetCode: MaxIters
└ @ ODEParameterEstimation ~/ODEParameterEstimation/src/core/solvers/homotopy_continuation.jl:778
┌ Warning: Optimization did not converge. RetCode: MaxIters
└ @ ODEParameterEstimation ~/ODEParameterEstimation/src/core/solvers/homotopy_continuation.jl:778
┌ Warning: Optimization did not converge. RetCode: MaxIters
└ @ ODEParameterEstimation ~/ODEParameterEstimation/src/core/solvers/homotopy_continuation.jl:778
┌ Warning: Optimization did not converge. RetCode: MaxIters
└ @ ODEParameterEstimation ~/ODEParameterEstimation/src/core/solvers/homotopy_continuation.jl:778
┌ Warning: Optimization did not converge. RetCode: MaxIters
└ @ ODEParameterEstimation ~/ODEParameterEstimation/src/core/solvers/homotopy_continuation.jl:778
┌ Warning: Optimization did not converge. RetCode: MaxIters
└ @ ODEParameterEstimation ~/ODEParameterEstimation/src/core/solvers/homotopy_continuation.jl:778
┌ Warning: Optimization did not converge. RetCode: Stalled
└ @ ODEParameterEstimation ~/ODEParameterEstimation/src/core/solvers/homotopy_continuation.jl:778
┌ Warning: Optimization did not converge. RetCode: MaxIters
└ @ ODEParameterEstimation ~/ODEParameterEstimation/src/core/solvers/homotopy_continuation.jl:778
┌ Warning: At t=-0.6776100694738639, dt was forced below floating point epsilon -1.0247484956149048e-16, and step error estimate = 2.482495659500092. Aborting. There is either an error in your model specification or the true solution is unstable (or the true solution can not be represented in the precision of Float64).
└ @ SciMLBase ~/.julia/packages/SciMLBase/VW1cI/src/integrator_interface.jl:623
┌ Warning: At t=-0.901765963394609, dt was forced below floating point epsilon -1.0458473184398841e-16, and step error estimate = 2.3314502189579898. Aborting. There is either an error in your model specification or the true solution is unstable (or the true solution can not be represented in the precision of Float64).
└ @ SciMLBase ~/.julia/packages/SciMLBase/VW1cI/src/integrator_interface.jl:623
┌ Warning: At t=-0.5959364221690409, dt was forced below floating point epsilon -1.0752179296021626e-16, and step error estimate = 2.135186885428298. Aborting. There is either an error in your model specification or the true solution is unstable (or the true solution can not be represented in the precision of Float64).
└ @ SciMLBase ~/.julia/packages/SciMLBase/VW1cI/src/integrator_interface.jl:623
┌ Warning: At t=-0.8972321353082137, dt was forced below floating point epsilon -1.0767755085369428e-16, and step error estimate = 2.426713349622784. Aborting. There is either an error in your model specification or the true solution is unstable (or the true solution can not be represented in the precision of Float64).
└ @ SciMLBase ~/.julia/packages/SciMLBase/VW1cI/src/integrator_interface.jl:623
┌ Warning: At t=-0.6478469628371107, dt was forced below floating point epsilon -9.92851858712897e-17, and step error estimate = 2.299940791037209. Aborting. There is either an error in your model specification or the true solution is unstable (or the true solution can not be represented in the precision of Float64).
└ @ SciMLBase ~/.julia/packages/SciMLBase/VW1cI/src/integrator_interface.jl:623
┌ Warning: At t=-0.17718475990672952, dt was forced below floating point epsilon 2.7755575615628914e-17, and step error estimate = 44.054962592143866. Aborting. There is either an error in your model specification or the true solution is unstable (or the true solution can not be represented in the precision of Float64).
└ @ SciMLBase ~/.julia/packages/SciMLBase/VW1cI/src/integrator_interface.jl:623
┌ Warning: At t=-0.5887351937260539, dt was forced below floating point epsilon 1.1102230246251565e-16, and step error estimate = 1.7973511225034848. Aborting. There is either an error in your model specification or the true solution is unstable (or the true solution can not be represented in the precision of Float64).
└ @ SciMLBase ~/.julia/packages/SciMLBase/VW1cI/src/integrator_interface.jl:623
┌ Warning: At t=-0.17718475990672952, dt was forced below floating point epsilon 2.7755575615628914e-17, and step error estimate = 44.054962592143866. Aborting. There is either an error in your model specification or the true solution is unstable (or the true solution can not be represented in the precision of Float64).
└ @ SciMLBase ~/.julia/packages/SciMLBase/VW1cI/src/integrator_interface.jl:623
┌ Warning: At t=-0.9531252394707165, dt was forced below floating point epsilon 1.1102230246251565e-16, and step error estimate = 1.8952501952017347. Aborting. There is either an error in your model specification or the true solution is unstable (or the true solution can not be represented in the precision of Float64).
└ @ SciMLBase ~/.julia/packages/SciMLBase/VW1cI/src/integrator_interface.jl:623
┌ Warning: At t=-0.5887351937260539, dt was forced below floating point epsilon 1.1102230246251565e-16, and step error estimate = 1.7973511225034848. Aborting. There is either an error in your model specification or the true solution is unstable (or the true solution can not be represented in the precision of Float64).
└ @ SciMLBase ~/.julia/packages/SciMLBase/VW1cI/src/integrator_interface.jl:623
┌ Warning: At t=-0.5887351862071312, dt was forced below floating point epsilon 1.1102230246251565e-16, and step error estimate = 1.8249126341874995. Aborting. There is either an error in your model specification or the true solution is unstable (or the true solution can not be represented in the precision of Float64).
└ @ SciMLBase ~/.julia/packages/SciMLBase/VW1cI/src/integrator_interface.jl:623
┌ Warning: At t=-0.5007689880693671, dt was forced below floating point epsilon 1.1102230246251565e-16, and step error estimate = 45.403396925177844. Aborting. There is either an error in your model specification or the true solution is unstable (or the true solution can not be represented in the precision of Float64).
└ @ SciMLBase ~/.julia/packages/SciMLBase/VW1cI/src/integrator_interface.jl:623
┌ Warning: At t=0.2275778665281525, dt was forced below floating point epsilon 2.7755575615628914e-17, and step error estimate = 43.93880339934657. Aborting. There is either an error in your model specification or the true solution is unstable (or the true solution can not be represented in the precision of Float64).
└ @ SciMLBase ~/.julia/packages/SciMLBase/VW1cI/src/integrator_interface.jl:623
LinearAlgebra.PosDefException(2)
LinearAlgebra.PosDefException(3)
LinearAlgebra.PosDefException(2)
LinearAlgebra.PosDefException(4)
LinearAlgebra.PosDefException(5)
LinearAlgebra.PosDefException(4)
LinearAlgebra.PosDefException(90)
LinearAlgebra.PosDefException(2)
LinearAlgebra.PosDefException(2)
LinearAlgebra.PosDefException(3)
LinearAlgebra.PosDefException(2)
LinearAlgebra.PosDefException(3)
LinearAlgebra.PosDefException(5)
LinearAlgebra.PosDefException(6)
LinearAlgebra.PosDefException(82)
LinearAlgebra.PosDefException(2)
LinearAlgebra.PosDefException(2)
LinearAlgebra.PosDefException(2)
LinearAlgebra.PosDefException(3)
LinearAlgebra.PosDefException(2)
LinearAlgebra.PosDefException(5)
LinearAlgebra.PosDefException(3)
LinearAlgebra.PosDefException(5)
LinearAlgebra.PosDefException(7)
LinearAlgebra.PosDefException(344)
LinearAlgebra.PosDefException(3)
LinearAlgebra.PosDefException(2)
LinearAlgebra.PosDefException(2)
LinearAlgebra.PosDefException(2)
LinearAlgebra.PosDefException(4)
LinearAlgebra.PosDefException(7)
LinearAlgebra.PosDefException(4)
LinearAlgebra.PosDefException(4)
LinearAlgebra.PosDefException(108)
LinearAlgebra.PosDefException(2)
LinearAlgebra.PosDefException(2)
LinearAlgebra.PosDefException(2)
LinearAlgebra.PosDefException(2)
LinearAlgebra.PosDefException(6)
LinearAlgebra.PosDefException(3)
LinearAlgebra.PosDefException(4)
LinearAlgebra.PosDefException(7)
LinearAlgebra.PosDefException(4)
LinearAlgebra.PosDefException(8)
LinearAlgebra.PosDefException(60)
LinearAlgebra.PosDefException(235)
LinearAlgebra.PosDefException(427)
LinearAlgebra.PosDefException(5)
LinearAlgebra.PosDefException(5)
LinearAlgebra.PosDefException(5)
LinearAlgebra.PosDefException(8)
LinearAlgebra.PosDefException(5)
LinearAlgebra.PosDefException(6)
LinearAlgebra.PosDefException(8)
LinearAlgebra.PosDefException(47)
LinearAlgebra.PosDefException(149)
LinearAlgebra.PosDefException(290)
LinearAlgebra.PosDefException(311)
LinearAlgebra.PosDefException(759)
LinearAlgebra.PosDefException(823)
LinearAlgebra.PosDefException(831)
LinearAlgebra.PosDefException(5)
LinearAlgebra.PosDefException(5)
LinearAlgebra.PosDefException(6)
LinearAlgebra.PosDefException(6)
LinearAlgebra.PosDefException(7)
LinearAlgebra.PosDefException(6)
LinearAlgebra.PosDefException(6)
LinearAlgebra.PosDefException(17)
LinearAlgebra.PosDefException(83)
LinearAlgebra.PosDefException(154)
LinearAlgebra.PosDefException(302)
LinearAlgebra.PosDefException(337)
LinearAlgebra.PosDefException(770)
LinearAlgebra.PosDefException(819)
LinearAlgebra.PosDefException(912)
LinearAlgebra.PosDefException(919)
LinearAlgebra.PosDefException(937)
LinearAlgebra.PosDefException(960)
LinearAlgebra.PosDefException(936)
LinearAlgebra.PosDefException(946)
LinearAlgebra.PosDefException(870)
LinearAlgebra.PosDefException(921)
LinearAlgebra.PosDefException(942)
LinearAlgebra.PosDefException(946)
LinearAlgebra.PosDefException(873)
LinearAlgebra.PosDefException(810)
LinearAlgebra.PosDefException(976)
LinearAlgebra.PosDefException(834)
LinearAlgebra.PosDefException(2)
LinearAlgebra.PosDefException(3)
LinearAlgebra.PosDefException(2)
LinearAlgebra.PosDefException(3)
LinearAlgebra.PosDefException(3)
LinearAlgebra.PosDefException(5)
LinearAlgebra.PosDefException(88)
LinearAlgebra.PosDefException(2)
LinearAlgebra.PosDefException(2)
LinearAlgebra.PosDefException(2)
LinearAlgebra.PosDefException(2)
LinearAlgebra.PosDefException(2)
LinearAlgebra.PosDefException(6)
LinearAlgebra.PosDefException(4)
LinearAlgebra.PosDefException(81)
LinearAlgebra.PosDefException(3)
LinearAlgebra.PosDefException(3)
LinearAlgebra.PosDefException(3)
LinearAlgebra.PosDefException(5)
LinearAlgebra.PosDefException(9)
LinearAlgebra.PosDefException(5)
LinearAlgebra.PosDefException(6)
LinearAlgebra.PosDefException(321)
LinearAlgebra.PosDefException(33)
LinearAlgebra.PosDefException(276)
LinearAlgebra.PosDefException(3)
LinearAlgebra.PosDefException(2)
LinearAlgebra.PosDefException(2)
LinearAlgebra.PosDefException(2)
LinearAlgebra.PosDefException(4)
LinearAlgebra.PosDefException(3)
LinearAlgebra.PosDefException(4)
LinearAlgebra.PosDefException(21)
LinearAlgebra.PosDefException(277)
LinearAlgebra.PosDefException(2)
LinearAlgebra.PosDefException(2)
LinearAlgebra.PosDefException(2)
LinearAlgebra.PosDefException(3)
LinearAlgebra.PosDefException(3)
LinearAlgebra.PosDefException(4)
LinearAlgebra.PosDefException(86)
LinearAlgebra.PosDefException(2)
LinearAlgebra.PosDefException(2)
LinearAlgebra.PosDefException(2)
LinearAlgebra.PosDefException(2)
LinearAlgebra.PosDefException(4)
LinearAlgebra.PosDefException(3)
LinearAlgebra.PosDefException(4)
LinearAlgebra.PosDefException(90)
LinearAlgebra.PosDefException(2)
LinearAlgebra.PosDefException(2)
LinearAlgebra.PosDefException(6)
LinearAlgebra.PosDefException(2)
LinearAlgebra.PosDefException(6)
LinearAlgebra.PosDefException(4)
LinearAlgebra.PosDefException(3)
LinearAlgebra.PosDefException(6)
LinearAlgebra.PosDefException(4)
LinearAlgebra.PosDefException(344)
LinearAlgebra.PosDefException(3)
LinearAlgebra.PosDefException(2)
LinearAlgebra.PosDefException(3)
LinearAlgebra.PosDefException(4)
LinearAlgebra.PosDefException(4)
LinearAlgebra.PosDefException(6)
LinearAlgebra.PosDefException(17)
LinearAlgebra.PosDefException(219)
LinearAlgebra.PosDefException(6)
LinearAlgebra.PosDefException(2)
LinearAlgebra.PosDefException(3)
LinearAlgebra.PosDefException(3)
LinearAlgebra.PosDefException(2)
LinearAlgebra.PosDefException(2)
LinearAlgebra.PosDefException(2)
LinearAlgebra.PosDefException(3)
LinearAlgebra.PosDefException(2)
LinearAlgebra.PosDefException(4)
LinearAlgebra.PosDefException(3)
LinearAlgebra.PosDefException(7)
LinearAlgebra.PosDefException(4)
LinearAlgebra.PosDefException(5)
LinearAlgebra.PosDefException(15)
LinearAlgebra.PosDefException(95)
LinearAlgebra.PosDefException(323)
LinearAlgebra.PosDefException(4)
LinearAlgebra.PosDefException(9)
LinearAlgebra.PosDefException(8)
LinearAlgebra.PosDefException(7)
LinearAlgebra.PosDefException(7)
LinearAlgebra.PosDefException(5)
LinearAlgebra.PosDefException(5)
LinearAlgebra.PosDefException(22)
LinearAlgebra.PosDefException(116)
LinearAlgebra.PosDefException(224)
LinearAlgebra.PosDefException(494)
LinearAlgebra.PosDefException(571)
LinearAlgebra.PosDefException(219)
LinearAlgebra.PosDefException(455)
LinearAlgebra.PosDefException(492)
LinearAlgebra.PosDefException(537)
LinearAlgebra.PosDefException(569)
LinearAlgebra.PosDefException(730)
LinearAlgebra.PosDefException(666)
LinearAlgebra.PosDefException(748)
LinearAlgebra.PosDefException(691)
LinearAlgebra.PosDefException(696)
LinearAlgebra.PosDefException(687)
LinearAlgebra.PosDefException(856)
LinearAlgebra.PosDefException(889)
LinearAlgebra.PosDefException(894)
LinearAlgebra.PosDefException(691)
LinearAlgebra.PosDefException(763)
LinearAlgebra.PosDefException(901)
LinearAlgebra.PosDefException(865)
LinearAlgebra.PosDefException(965)
LinearAlgebra.PosDefException(859)
LinearAlgebra.PosDefException(887)
LinearAlgebra.PosDefException(763)
LinearAlgebra.PosDefException(741)
LinearAlgebra.PosDefException(911)
LinearAlgebra.PosDefException(755)
LinearAlgebra.PosDefException(10)
LinearAlgebra.PosDefException(6)
LinearAlgebra.PosDefException(5)
LinearAlgebra.PosDefException(6)
LinearAlgebra.PosDefException(7)
LinearAlgebra.PosDefException(5)
LinearAlgebra.PosDefException(5)
LinearAlgebra.PosDefException(16)
LinearAlgebra.PosDefException(73)
LinearAlgebra.PosDefException(253)
LinearAlgebra.PosDefException(289)
LinearAlgebra.PosDefException(489)
LinearAlgebra.PosDefException(568)
LinearAlgebra.PosDefException(606)
LinearAlgebra.PosDefException(633)
LinearAlgebra.PosDefException(800)
LinearAlgebra.PosDefException(652)
LinearAlgebra.PosDefException(927)
LinearAlgebra.PosDefException(887)
LinearAlgebra.PosDefException(807)
LinearAlgebra.PosDefException(787)
LinearAlgebra.PosDefException(852)
LinearAlgebra.PosDefException(759)
LinearAlgebra.PosDefException(736)
LinearAlgebra.PosDefException(869)
LinearAlgebra.PosDefException(929)
LinearAlgebra.PosDefException(812)
LinearAlgebra.PosDefException(813)
LinearAlgebra.PosDefException(817)
LinearAlgebra.PosDefException(967)
LinearAlgebra.PosDefException(850)
LinearAlgebra.PosDefException(803)
LinearAlgebra.PosDefException(5)
LinearAlgebra.PosDefException(7)
LinearAlgebra.PosDefException(6)
LinearAlgebra.PosDefException(7)
LinearAlgebra.PosDefException(7)
LinearAlgebra.PosDefException(5)
LinearAlgebra.PosDefException(6)
LinearAlgebra.PosDefException(14)
LinearAlgebra.PosDefException(67)
LinearAlgebra.PosDefException(259)
LinearAlgebra.PosDefException(291)
LinearAlgebra.PosDefException(529)
LinearAlgebra.PosDefException(540)
LinearAlgebra.PosDefException(618)
LinearAlgebra.PosDefException(676)
LinearAlgebra.PosDefException(740)
LinearAlgebra.PosDefException(681)
LinearAlgebra.PosDefException(938)
LinearAlgebra.PosDefException(677)
LinearAlgebra.PosDefException(763)
LinearAlgebra.PosDefException(759)
LinearAlgebra.PosDefException(734)
LinearAlgebra.PosDefException(844)
LinearAlgebra.PosDefException(764)
LinearAlgebra.PosDefException(864)
LinearAlgebra.PosDefException(765)
LinearAlgebra.PosDefException(820)
LinearAlgebra.PosDefException(803)
LinearAlgebra.PosDefException(724)
LinearAlgebra.PosDefException(947)
LinearAlgebra.PosDefException(843)
LinearAlgebra.PosDefException(833)
LinearAlgebra.PosDefException(716)
LinearAlgebra.PosDefException(861)
LinearAlgebra.PosDefException(773)
LinearAlgebra.PosDefException(846)
LinearAlgebra.PosDefException(3)
LinearAlgebra.PosDefException(2)
LinearAlgebra.PosDefException(2)
LinearAlgebra.PosDefException(5)
LinearAlgebra.PosDefException(5)
LinearAlgebra.PosDefException(5)
LinearAlgebra.PosDefException(88)
LinearAlgebra.PosDefException(2)
LinearAlgebra.PosDefException(3)
LinearAlgebra.PosDefException(3)
LinearAlgebra.PosDefException(3)
LinearAlgebra.PosDefException(3)
LinearAlgebra.PosDefException(3)
LinearAlgebra.PosDefException(5)
LinearAlgebra.PosDefException(81)
LinearAlgebra.PosDefException(6)
LinearAlgebra.PosDefException(2)
LinearAlgebra.PosDefException(2)
LinearAlgebra.PosDefException(2)
LinearAlgebra.PosDefException(2)
LinearAlgebra.PosDefException(4)
LinearAlgebra.PosDefException(4)
LinearAlgebra.PosDefException(5)
LinearAlgebra.PosDefException(32)
LinearAlgebra.PosDefException(3)
LinearAlgebra.PosDefException(5)
LinearAlgebra.PosDefException(4)
LinearAlgebra.PosDefException(4)
LinearAlgebra.PosDefException(47)
LinearAlgebra.PosDefException(185)
LinearAlgebra.PosDefException(7)
LinearAlgebra.PosDefException(9)
LinearAlgebra.PosDefException(57)
LinearAlgebra.PosDefException(175)
LinearAlgebra.PosDefException(308)
LinearAlgebra.PosDefException(448)
LinearAlgebra.PosDefException(552)
LinearAlgebra.PosDefException(42)
LinearAlgebra.PosDefException(142)
LinearAlgebra.PosDefException(281)
LinearAlgebra.PosDefException(391)
LinearAlgebra.PosDefException(529)
LinearAlgebra.PosDefException(608)
LinearAlgebra.PosDefException(811)
LinearAlgebra.PosDefException(5)
LinearAlgebra.PosDefException(5)
LinearAlgebra.PosDefException(6)
LinearAlgebra.PosDefException(5)
LinearAlgebra.PosDefException(6)
LinearAlgebra.PosDefException(6)
LinearAlgebra.PosDefException(8)
LinearAlgebra.PosDefException(26)
LinearAlgebra.PosDefException(75)
LinearAlgebra.PosDefException(289)
LinearAlgebra.PosDefException(341)
LinearAlgebra.PosDefException(705)
LinearAlgebra.PosDefException(764)
LinearAlgebra.PosDefException(845)
LinearAlgebra.PosDefException(2)
LinearAlgebra.PosDefException(2)
LinearAlgebra.PosDefException(3)
LinearAlgebra.PosDefException(4)
LinearAlgebra.PosDefException(8)
LinearAlgebra.PosDefException(4)
LinearAlgebra.PosDefException(85)
LinearAlgebra.PosDefException(3)
LinearAlgebra.PosDefException(2)
LinearAlgebra.PosDefException(3)
LinearAlgebra.PosDefException(2)
LinearAlgebra.PosDefException(2)
LinearAlgebra.PosDefException(3)
LinearAlgebra.PosDefException(5)
LinearAlgebra.PosDefException(88)
LinearAlgebra.PosDefException(6)
LinearAlgebra.PosDefException(2)
LinearAlgebra.PosDefException(2)
LinearAlgebra.PosDefException(2)
LinearAlgebra.PosDefException(3)
LinearAlgebra.PosDefException(6)
LinearAlgebra.PosDefException(4)
LinearAlgebra.PosDefException(4)
LinearAlgebra.PosDefException(6)
LinearAlgebra.PosDefException(213)
LinearAlgebra.PosDefException(2)
LinearAlgebra.PosDefException(6)
LinearAlgebra.PosDefException(6)
LinearAlgebra.PosDefException(6)
LinearAlgebra.PosDefException(3)
LinearAlgebra.PosDefException(4)
LinearAlgebra.PosDefException(5)
LinearAlgebra.PosDefException(5)
LinearAlgebra.PosDefException(35)
LinearAlgebra.PosDefException(266)
LinearAlgebra.PosDefException(345)
LinearAlgebra.PosDefException(3)
LinearAlgebra.PosDefException(5)
LinearAlgebra.PosDefException(4)
LinearAlgebra.PosDefException(7)
LinearAlgebra.PosDefException(11)
LinearAlgebra.PosDefException(54)
LinearAlgebra.PosDefException(198)
LinearAlgebra.PosDefException(384)
LinearAlgebra.PosDefException(647)
LinearAlgebra.PosDefException(1)
LinearAlgebra.PosDefException(1)
LinearAlgebra.PosDefException(1)
LinearAlgebra.PosDefException(1)
LinearAlgebra.PosDefException(2)
LinearAlgebra.PosDefException(3)
LinearAlgebra.PosDefException(2)
LinearAlgebra.PosDefException(3)
LinearAlgebra.PosDefException(3)
LinearAlgebra.PosDefException(4)
LinearAlgebra.PosDefException(93)
LinearAlgebra.PosDefException(2)
LinearAlgebra.PosDefException(2)
LinearAlgebra.PosDefException(2)
LinearAlgebra.PosDefException(2)
LinearAlgebra.PosDefException(2)
LinearAlgebra.PosDefException(3)
LinearAlgebra.PosDefException(4)
LinearAlgebra.PosDefException(83)
LinearAlgebra.PosDefException(2)
LinearAlgebra.PosDefException(2)
LinearAlgebra.PosDefException(5)
LinearAlgebra.PosDefException(3)
LinearAlgebra.PosDefException(4)
LinearAlgebra.PosDefException(6)
LinearAlgebra.PosDefException(5)
LinearAlgebra.PosDefException(216)
LinearAlgebra.PosDefException(7)
LinearAlgebra.PosDefException(7)
LinearAlgebra.PosDefException(76)
LinearAlgebra.PosDefException(4)
LinearAlgebra.PosDefException(4)
LinearAlgebra.PosDefException(11)
LinearAlgebra.PosDefException(81)
LinearAlgebra.PosDefException(226)
LinearAlgebra.PosDefException(357)
LinearAlgebra.PosDefException(565)
LinearAlgebra.PosDefException(5)
LinearAlgebra.PosDefException(6)
LinearAlgebra.PosDefException(5)
LinearAlgebra.PosDefException(5)
LinearAlgebra.PosDefException(7)
LinearAlgebra.PosDefException(5)
LinearAlgebra.PosDefException(7)
LinearAlgebra.PosDefException(46)
LinearAlgebra.PosDefException(173)
LinearAlgebra.PosDefException(314)
LinearAlgebra.PosDefException(518)
LinearAlgebra.PosDefException(5)
LinearAlgebra.PosDefException(5)
LinearAlgebra.PosDefException(6)
LinearAlgebra.PosDefException(6)
LinearAlgebra.PosDefException(9)
LinearAlgebra.PosDefException(5)
LinearAlgebra.PosDefException(8)
LinearAlgebra.PosDefException(50)
LinearAlgebra.PosDefException(168)
LinearAlgebra.PosDefException(320)
LinearAlgebra.PosDefException(507)
LinearAlgebra.PosDefException(2)
LinearAlgebra.PosDefException(3)
LinearAlgebra.PosDefException(2)
LinearAlgebra.PosDefException(4)
LinearAlgebra.PosDefException(3)
LinearAlgebra.PosDefException(7)
LinearAlgebra.PosDefException(85)
LinearAlgebra.PosDefException(3)
LinearAlgebra.PosDefException(3)
LinearAlgebra.PosDefException(2)
LinearAlgebra.PosDefException(3)
LinearAlgebra.PosDefException(6)
LinearAlgebra.PosDefException(3)
LinearAlgebra.PosDefException(4)
LinearAlgebra.PosDefException(80)
LinearAlgebra.PosDefException(2)
LinearAlgebra.PosDefException(2)
LinearAlgebra.PosDefException(2)
LinearAlgebra.PosDefException(6)
LinearAlgebra.PosDefException(2)
LinearAlgebra.PosDefException(3)
LinearAlgebra.PosDefException(3)
LinearAlgebra.PosDefException(7)
LinearAlgebra.PosDefException(6)
LinearAlgebra.PosDefException(396)
LinearAlgebra.PosDefException(2)
LinearAlgebra.PosDefException(4)
LinearAlgebra.PosDefException(5)
LinearAlgebra.PosDefException(6)
LinearAlgebra.PosDefException(5)
LinearAlgebra.PosDefException(8)
LinearAlgebra.PosDefException(38)
LinearAlgebra.PosDefException(423)
LinearAlgebra.PosDefException(6)
LinearAlgebra.PosDefException(3)
LinearAlgebra.PosDefException(2)
LinearAlgebra.PosDefException(2)
LinearAlgebra.PosDefException(3)
LinearAlgebra.PosDefException(2)
LinearAlgebra.PosDefException(2)
LinearAlgebra.PosDefException(3)
LinearAlgebra.PosDefException(3)
LinearAlgebra.PosDefException(4)
LinearAlgebra.PosDefException(4)
LinearAlgebra.PosDefException(4)
LinearAlgebra.PosDefException(48)
LinearAlgebra.PosDefException(234)
LinearAlgebra.PosDefException(1)
LinearAlgebra.PosDefException(1)
LinearAlgebra.PosDefException(6)
LinearAlgebra.PosDefException(7)
LinearAlgebra.PosDefException(6)
LinearAlgebra.PosDefException(4)
LinearAlgebra.PosDefException(7)
LinearAlgebra.PosDefException(6)
LinearAlgebra.PosDefException(5)
LinearAlgebra.PosDefException(13)
LinearAlgebra.PosDefException(104)
LinearAlgebra.PosDefException(286)
LinearAlgebra.PosDefException(491)
LinearAlgebra.PosDefException(452)
LinearAlgebra.PosDefException(3)
LinearAlgebra.PosDefException(3)
LinearAlgebra.PosDefException(3)
LinearAlgebra.PosDefException(5)
LinearAlgebra.PosDefException(6)
LinearAlgebra.PosDefException(5)
LinearAlgebra.PosDefException(88)
LinearAlgebra.PosDefException(2)
LinearAlgebra.PosDefException(2)
LinearAlgebra.PosDefException(2)
LinearAlgebra.PosDefException(2)
LinearAlgebra.PosDefException(2)
LinearAlgebra.PosDefException(3)
LinearAlgebra.PosDefException(4)
LinearAlgebra.PosDefException(80)
LinearAlgebra.PosDefException(2)
LinearAlgebra.PosDefException(3)
LinearAlgebra.PosDefException(3)
LinearAlgebra.PosDefException(2)
LinearAlgebra.PosDefException(3)
LinearAlgebra.PosDefException(3)
LinearAlgebra.PosDefException(4)
LinearAlgebra.PosDefException(4)
LinearAlgebra.PosDefException(35)
LinearAlgebra.PosDefException(5)
LinearAlgebra.PosDefException(4)
LinearAlgebra.PosDefException(4)
LinearAlgebra.PosDefException(4)
LinearAlgebra.PosDefException(11)
LinearAlgebra.PosDefException(82)
LinearAlgebra.PosDefException(366)
LinearAlgebra.PosDefException(5)
LinearAlgebra.PosDefException(9)
LinearAlgebra.PosDefException(53)
LinearAlgebra.PosDefException(200)
LinearAlgebra.PosDefException(414)
LinearAlgebra.PosDefException(4)
LinearAlgebra.PosDefException(4)
LinearAlgebra.PosDefException(4)
LinearAlgebra.PosDefException(7)
LinearAlgebra.PosDefException(13)
LinearAlgebra.PosDefException(77)
LinearAlgebra.PosDefException(210)
LinearAlgebra.PosDefException(344)
LinearAlgebra.PosDefException(467)
LinearAlgebra.PosDefException(583)
LinearAlgebra.PosDefException(782)
LinearAlgebra.PosDefException(682)
LinearAlgebra.PosDefException(264)
LinearAlgebra.PosDefException(409)
LinearAlgebra.PosDefException(551)
LinearAlgebra.PosDefException(965)
LinearAlgebra.PosDefException(5)
LinearAlgebra.PosDefException(4)
LinearAlgebra.PosDefException(5)
LinearAlgebra.PosDefException(8)
LinearAlgebra.PosDefException(9)
LinearAlgebra.PosDefException(6)
LinearAlgebra.PosDefException(5)
LinearAlgebra.PosDefException(27)
LinearAlgebra.PosDefException(153)
LinearAlgebra.PosDefException(308)
LinearAlgebra.PosDefException(329)
LinearAlgebra.PosDefException(994)
LinearAlgebra.PosDefException(2)
LinearAlgebra.PosDefException(6)
LinearAlgebra.PosDefException(3)
LinearAlgebra.PosDefException(3)
LinearAlgebra.PosDefException(3)
LinearAlgebra.PosDefException(6)
LinearAlgebra.PosDefException(89)
LinearAlgebra.PosDefException(2)
LinearAlgebra.PosDefException(2)
LinearAlgebra.PosDefException(2)
LinearAlgebra.PosDefException(3)
LinearAlgebra.PosDefException(3)
LinearAlgebra.PosDefException(3)
LinearAlgebra.PosDefException(6)
LinearAlgebra.PosDefException(84)
LinearAlgebra.PosDefException(2)
LinearAlgebra.PosDefException(2)
LinearAlgebra.PosDefException(3)
LinearAlgebra.PosDefException(2)
LinearAlgebra.PosDefException(2)
LinearAlgebra.PosDefException(5)
LinearAlgebra.PosDefException(4)
LinearAlgebra.PosDefException(5)
LinearAlgebra.PosDefException(7)
LinearAlgebra.PosDefException(335)
LinearAlgebra.PosDefException(2)
LinearAlgebra.PosDefException(2)
LinearAlgebra.PosDefException(2)
LinearAlgebra.PosDefException(3)
LinearAlgebra.PosDefException(4)
LinearAlgebra.PosDefException(4)
LinearAlgebra.PosDefException(4)
LinearAlgebra.PosDefException(73)
LinearAlgebra.PosDefException(2)
LinearAlgebra.PosDefException(2)
LinearAlgebra.PosDefException(2)
LinearAlgebra.PosDefException(3)
LinearAlgebra.PosDefException(2)
LinearAlgebra.PosDefException(6)
LinearAlgebra.PosDefException(6)
LinearAlgebra.PosDefException(2)
LinearAlgebra.PosDefException(4)
LinearAlgebra.PosDefException(4)
LinearAlgebra.PosDefException(4)
LinearAlgebra.PosDefException(5)
LinearAlgebra.PosDefException(6)
LinearAlgebra.PosDefException(20)
LinearAlgebra.PosDefException(97)
LinearAlgebra.PosDefException(263)
LinearAlgebra.PosDefException(429)
LinearAlgebra.PosDefException(631)
LinearAlgebra.PosDefException(5)
LinearAlgebra.PosDefException(11)
LinearAlgebra.PosDefException(49)
LinearAlgebra.PosDefException(150)
LinearAlgebra.PosDefException(310)
LinearAlgebra.PosDefException(447)
LinearAlgebra.PosDefException(594)
LinearAlgebra.PosDefException(739)
LinearAlgebra.PosDefException(861)
LinearAlgebra.PosDefException(351)
LinearAlgebra.PosDefException(502)
LinearAlgebra.PosDefException(649)
LinearAlgebra.PosDefException(967)
LinearAlgebra.PosDefException(1)
LinearAlgebra.PosDefException(1)
LinearAlgebra.PosDefException(11)
LinearAlgebra.PosDefException(274)
LinearAlgebra.PosDefException(357)
LinearAlgebra.PosDefException(6)
LinearAlgebra.PosDefException(14)
LinearAlgebra.PosDefException(83)
LinearAlgebra.PosDefException(409)
LinearAlgebra.PosDefException(5)
LinearAlgebra.PosDefException(4)
LinearAlgebra.PosDefException(5)
LinearAlgebra.PosDefException(6)
LinearAlgebra.PosDefException(4)
LinearAlgebra.PosDefException(5)
LinearAlgebra.PosDefException(5)
LinearAlgebra.PosDefException(7)
LinearAlgebra.PosDefException(96)
LinearAlgebra.PosDefException(313)
LinearAlgebra.PosDefException(716)
LinearAlgebra.PosDefException(938)
LinearAlgebra.PosDefException(3)
LinearAlgebra.PosDefException(2)
LinearAlgebra.PosDefException(3)
LinearAlgebra.PosDefException(3)
LinearAlgebra.PosDefException(7)
LinearAlgebra.PosDefException(7)
LinearAlgebra.PosDefException(91)
LinearAlgebra.PosDefException(2)
LinearAlgebra.PosDefException(2)
LinearAlgebra.PosDefException(2)
LinearAlgebra.PosDefException(2)
LinearAlgebra.PosDefException(2)
LinearAlgebra.PosDefException(3)
LinearAlgebra.PosDefException(6)
LinearAlgebra.PosDefException(84)
LinearAlgebra.PosDefException(2)
LinearAlgebra.PosDefException(2)
LinearAlgebra.PosDefException(6)
LinearAlgebra.PosDefException(3)
LinearAlgebra.PosDefException(5)
LinearAlgebra.PosDefException(5)
LinearAlgebra.PosDefException(4)
LinearAlgebra.PosDefException(349)
LinearAlgebra.PosDefException(23)
LinearAlgebra.PosDefException(320)
LinearAlgebra.PosDefException(7)
LinearAlgebra.PosDefException(5)
LinearAlgebra.PosDefException(5)
LinearAlgebra.PosDefException(5)
LinearAlgebra.PosDefException(5)
LinearAlgebra.PosDefException(6)
LinearAlgebra.PosDefException(9)
LinearAlgebra.PosDefException(130)
LinearAlgebra.PosDefException(857)
LinearAlgebra.PosDefException(431)
LinearAlgebra.PosDefException(2)
LinearAlgebra.PosDefException(2)
LinearAlgebra.PosDefException(3)
LinearAlgebra.PosDefException(3)
LinearAlgebra.PosDefException(3)
LinearAlgebra.PosDefException(4)
LinearAlgebra.PosDefException(93)
LinearAlgebra.PosDefException(2)
LinearAlgebra.PosDefException(3)
LinearAlgebra.PosDefException(3)
LinearAlgebra.PosDefException(2)
LinearAlgebra.PosDefException(4)
LinearAlgebra.PosDefException(3)
LinearAlgebra.PosDefException(5)
LinearAlgebra.PosDefException(85)
LinearAlgebra.PosDefException(2)
LinearAlgebra.PosDefException(2)
LinearAlgebra.PosDefException(2)
LinearAlgebra.PosDefException(2)
LinearAlgebra.PosDefException(6)
LinearAlgebra.PosDefException(5)
LinearAlgebra.PosDefException(5)
LinearAlgebra.PosDefException(4)
LinearAlgebra.PosDefException(4)
LinearAlgebra.PosDefException(316)
LinearAlgebra.PosDefException(2)
LinearAlgebra.PosDefException(3)
LinearAlgebra.PosDefException(4)
LinearAlgebra.PosDefException(3)
LinearAlgebra.PosDefException(5)
LinearAlgebra.PosDefException(4)
LinearAlgebra.PosDefException(38)
LinearAlgebra.PosDefException(337)
LinearAlgebra.PosDefException(2)
LinearAlgebra.PosDefException(2)
LinearAlgebra.PosDefException(2)
LinearAlgebra.PosDefException(3)
LinearAlgebra.PosDefException(4)
LinearAlgebra.PosDefException(6)
LinearAlgebra.PosDefException(6)
LinearAlgebra.PosDefException(4)
LinearAlgebra.PosDefException(40)
LinearAlgebra.PosDefException(178)
LinearAlgebra.PosDefException(2)
LinearAlgebra.PosDefException(3)
LinearAlgebra.PosDefException(3)
LinearAlgebra.PosDefException(5)
LinearAlgebra.PosDefException(4)
LinearAlgebra.PosDefException(4)
LinearAlgebra.PosDefException(23)
LinearAlgebra.PosDefException(72)
LinearAlgebra.PosDefException(187)
LinearAlgebra.PosDefException(305)
LinearAlgebra.PosDefException(427)
LinearAlgebra.PosDefException(565)
LinearAlgebra.PosDefException(707)
LinearAlgebra.PosDefException(4)
LinearAlgebra.PosDefException(3)
LinearAlgebra.PosDefException(4)
LinearAlgebra.PosDefException(4)
LinearAlgebra.PosDefException(7)
LinearAlgebra.PosDefException(10)
LinearAlgebra.PosDefException(67)
LinearAlgebra.PosDefException(156)
LinearAlgebra.PosDefException(295)
LinearAlgebra.PosDefException(347)
LinearAlgebra.PosDefException(571)
LinearAlgebra.PosDefException(689)
LinearAlgebra.PosDefException(862)
LinearAlgebra.PosDefException(26)
LinearAlgebra.PosDefException(78)
LinearAlgebra.PosDefException(186)
LinearAlgebra.PosDefException(297)
LinearAlgebra.PosDefException(382)
LinearAlgebra.PosDefException(489)
LinearAlgebra.PosDefException(720)
LinearAlgebra.PosDefException(683)
LinearAlgebra.PosDefException(857)
LinearAlgebra.PosDefException(278)
LinearAlgebra.PosDefException(347)
LinearAlgebra.PosDefException(478)
LinearAlgebra.PosDefException(581)
LinearAlgebra.PosDefException(633)
LinearAlgebra.PosDefException(747)
LinearAlgebra.PosDefException(986)
LinearAlgebra.PosDefException(832)
LinearAlgebra.PosDefException(680)
LinearAlgebra.PosDefException(909)
LinearAlgebra.PosDefException(802)
LinearAlgebra.PosDefException(818)
LinearAlgebra.PosDefException(768)
LinearAlgebra.PosDefException(846)
LinearAlgebra.PosDefException(782)
LinearAlgebra.PosDefException(714)
LinearAlgebra.PosDefException(837)
LinearAlgebra.PosDefException(911)
LinearAlgebra.PosDefException(713)
LinearAlgebra.PosDefException(721)
LinearAlgebra.PosDefException(810)
LinearAlgebra.PosDefException(752)
LinearAlgebra.PosDefException(783)
LinearAlgebra.PosDefException(803)
LinearAlgebra.PosDefException(812)
LinearAlgebra.PosDefException(807)
LinearAlgebra.PosDefException(806)
LinearAlgebra.PosDefException(761)
LinearAlgebra.PosDefException(817)
LinearAlgebra.PosDefException(740)
LinearAlgebra.PosDefException(751)
LinearAlgebra.PosDefException(859)
LinearAlgebra.PosDefException(892)
LinearAlgebra.PosDefException(789)
LinearAlgebra.PosDefException(689)
LinearAlgebra.PosDefException(904)
LinearAlgebra.PosDefException(723)
LinearAlgebra.PosDefException(794)
LinearAlgebra.PosDefException(794)
LinearAlgebra.PosDefException(905)
LinearAlgebra.PosDefException(899)
LinearAlgebra.PosDefException(844)
LinearAlgebra.PosDefException(745)
LinearAlgebra.PosDefException(994)
LinearAlgebra.PosDefException(877)
LinearAlgebra.PosDefException(877)
LinearAlgebra.PosDefException(856)
LinearAlgebra.PosDefException(2)
LinearAlgebra.PosDefException(2)
LinearAlgebra.PosDefException(2)
LinearAlgebra.PosDefException(4)
LinearAlgebra.PosDefException(4)
LinearAlgebra.PosDefException(4)
LinearAlgebra.PosDefException(87)
LinearAlgebra.PosDefException(2)
LinearAlgebra.PosDefException(2)
LinearAlgebra.PosDefException(2)
LinearAlgebra.PosDefException(3)
LinearAlgebra.PosDefException(3)
LinearAlgebra.PosDefException(3)
LinearAlgebra.PosDefException(6)
LinearAlgebra.PosDefException(88)
LinearAlgebra.PosDefException(2)
LinearAlgebra.PosDefException(2)
LinearAlgebra.PosDefException(2)
LinearAlgebra.PosDefException(3)
LinearAlgebra.PosDefException(2)
LinearAlgebra.PosDefException(3)
LinearAlgebra.PosDefException(4)
LinearAlgebra.PosDefException(4)
LinearAlgebra.PosDefException(38)
LinearAlgebra.PosDefException(3)
LinearAlgebra.PosDefException(5)
LinearAlgebra.PosDefException(4)
LinearAlgebra.PosDefException(7)
LinearAlgebra.PosDefException(42)
LinearAlgebra.PosDefException(259)
LinearAlgebra.PosDefException(6)
LinearAlgebra.PosDefException(4)
LinearAlgebra.PosDefException(7)
LinearAlgebra.PosDefException(45)
LinearAlgebra.PosDefException(161)
LinearAlgebra.PosDefException(328)
LinearAlgebra.PosDefException(508)
LinearAlgebra.PosDefException(73)
LinearAlgebra.PosDefException(216)
LinearAlgebra.PosDefException(350)
LinearAlgebra.PosDefException(524)
LinearAlgebra.PosDefException(779)
LinearAlgebra.PosDefException(372)
LinearAlgebra.PosDefException(501)
LinearAlgebra.PosDefException(698)
LinearAlgebra.PosDefException(298)
LinearAlgebra.PosDefException(431)
LinearAlgebra.PosDefException(580)
LinearAlgebra.PosDefException(738)
Optimization did not improve residual (initial: 8.137726455673178e-15, final: 8.137726455673178e-15)
Optimization improved residual by 0.2822128313338906 (from 0.282212831334011 to 1.2039335050742408e-13)
Optimization did not improve residual (initial: 1.2352608024196686e-16, final: 1.2352608024196686e-16)
Optimization did not improve residual (initial: 2.0325161946954624e-16, final: 2.0325161946954624e-16)
Optimization did not improve residual (initial: 3.5988238746380766e-16, final: 3.5988238746380766e-16)
Optimization improved residual by 1.1445737503104993 (from 1.1445737503109876 to 4.883760691389355e-13)
Optimization did not improve residual (initial: 7.977453345005428e-16, final: 7.977453345005428e-16)
Optimization did not improve residual (initial: 2.470532607878645e-16, final: 2.470532607878645e-16)
Optimization did not improve residual (initial: 1.5637134877865505e-16, final: 1.5637134877865505e-16)
Optimization did not improve residual (initial: 1.0128645320333903e-13, final: 1.0128645320333903e-13)
Optimization improved residual by 39.801940732920336 (from 39.80194073292127 to 9.299637782994065e-13)
Optimization did not improve residual (initial: 1.2360119940550817e-16, final: 1.2360119940550817e-16)
Optimization improved residual by 1.1445737503104993 (from 1.1445737503109876 to 4.883760691389355e-13)
Optimization did not improve residual (initial: 2.5808576694051534e-13, final: 2.5808576694051534e-13)
Optimization improved residual by 0.2822128313338906 (from 0.282212831334011 to 1.2039335050742408e-13)
Optimization did not improve residual (initial: 8.565511202385057e-17, final: 8.565511202385057e-17)
Optimization did not improve residual (initial: 3.848919451983338e-13, final: 3.848919451983338e-13)
Optimization did not improve residual (initial: 6.964137664205646e-14, final: 6.964137664205646e-14)
Optimization did not improve residual (initial: 8.491250783646353e-13, final: 8.491250783646353e-13)
Optimization improved residual by 39.801940732920336 (from 39.80194073292127 to 9.299637782994065e-13)
Optimization did not improve residual (initial: 1.2028049986679075e-14, final: 1.2028049986679075e-14)
Optimization did not improve residual (initial: 2.7618730479925075e-15, final: 2.7618730479925075e-15)




































































