┌ Warning: Independent variable t should be defined with @independent_variables t.
└ @ ModelingToolkit ~/.julia/packages/ModelingToolkit/klLLV/src/utils.jl:119
[ Info: Preproccessing `ModelingToolkit.ODESystem` object
┌ Warning: Independent variable t should be defined with @independent_variables t.
└ @ ModelingToolkit ~/.julia/packages/ModelingToolkit/klLLV/src/utils.jl:119
[ Info: Solving the problem
[ Info: Constructing the maximal system
[ Info: Truncating
[ Info: Assessing local identifiability
[ Info: Found Pivots: [x7_0]
[ Info: Locally identifiable parameters: [k5, k6, k7, k8, k9, k10, x6, x5, x4]
[ Info: Not identifiable parameters:     [x7]
[ Info: Randomizing
[ Info: Gröbner basis computation
[ Info: Remainder computation
[ Info: === Summary ===
[ Info: Globally identifiable parameters:                 [k6, k7, x5, k5, x4]
[ Info: Locally but not globally identifiable parameters: [k8, x6, k9, k10]
[ Info: Not identifiable parameters:                      [x7]
[ Info: ===============
[ Info: Estimating via the interpolators: ["AAA"]
┌ Warning: Independent variable t should be defined with @independent_variables t.
└ @ ModelingToolkit ~/.julia/packages/ModelingToolkit/klLLV/src/utils.jl:119
┌ Warning: Independent variable t should be defined with @independent_variables t.
└ @ ModelingToolkit ~/.julia/packages/ModelingToolkit/klLLV/src/utils.jl:119
┌ Warning: Independent variable t should be defined with @independent_variables t.
└ @ ModelingToolkit ~/.julia/packages/ModelingToolkit/klLLV/src/utils.jl:119
┌ Warning: Independent variable t should be defined with @independent_variables t.
└ @ ModelingToolkit ~/.julia/packages/ModelingToolkit/klLLV/src/utils.jl:119
Final Results:
Parameter(s)        :	 k5 = 0.539,  k6 = 0.672,  k7 = 0.582,  k8 = 1.153,  k9 = -0.439, k10 = -0.617
Initial Condition(s):	x4(t) = 0.448, x5(t) = 0.813, x6(t) = 0.258, x7(t) = 2472264020254.428, where t = -0.990
Error: 2.3674e-03

Parameter(s)        :	 k5 = 0.539,  k6 = 0.672,  k7 = 0.582,  k8 = 0.536,  k9 = 0.439, k10 = 0.617
Initial Condition(s):	x4(t) = 0.448, x5(t) = 0.813, x6(t) = 0.875, x7(t) = 2472264020254.427, where t = -0.990
Error: 2.3674e-03

 40.827669 seconds (79.04 M allocations: 3.860 GiB, 4.89% gc time, 92.58% compilation time: 10% of which was recompilation)
