┌ Warning: Independent variable t should be defined with @independent_variables t.
└ @ ModelingToolkit ~/.julia/packages/ModelingToolkit/klLLV/src/utils.jl:119
[ Info: Preproccessing `ModelingToolkit.ODESystem` object
┌ Warning: Independent variable t should be defined with @independent_variables t.
└ @ ModelingToolkit ~/.julia/packages/ModelingToolkit/klLLV/src/utils.jl:119
[ Info: Solving the problem
[ Info: Constructing the maximal system
[ Info: Truncating
[ Info: Assessing local identifiability
[ Info: Found Pivots: []
[ Info: Locally identifiable parameters: [k01, k12, k13, k14, k21, k31, k41, x3, x1, x2, x4]
[ Info: Not identifiable parameters:     []
[ Info: Randomizing
[ Info: Gröbner basis computation
[ Info: Remainder computation
[ Info: === Summary ===
[ Info: Globally identifiable parameters:                 [k12, k21, x1, k01, x2]
[ Info: Locally but not globally identifiable parameters: [x4, k13, x3, k41, k14, k31]
[ Info: Not identifiable parameters:                      []
[ Info: ===============
[ Info: Estimating via the interpolators: ["AAA"]
┌ Warning: Independent variable t should be defined with @independent_variables t.
└ @ ModelingToolkit ~/.julia/packages/ModelingToolkit/klLLV/src/utils.jl:119
┌ Warning: Independent variable t should be defined with @independent_variables t.
└ @ ModelingToolkit ~/.julia/packages/ModelingToolkit/klLLV/src/utils.jl:119
┌ Warning: Independent variable t should be defined with @independent_variables t.
└ @ ModelingToolkit ~/.julia/packages/ModelingToolkit/klLLV/src/utils.jl:119
┌ Warning: Independent variable t should be defined with @independent_variables t.
└ @ ModelingToolkit ~/.julia/packages/ModelingToolkit/klLLV/src/utils.jl:119
Final Results:
Parameter(s)        :	k01 = 0.805, k12 = 0.654, k13 = 0.680, k14 = 0.501, k21 = 0.865, k31 = 0.615, k41 = 0.439
Initial Condition(s):	x1(t) = 0.575, x2(t) = 0.119, x3(t) = 0.342, x4(t) = 0.627, where t = -0.990
Error: 3.6491e-03

Parameter(s)        :	k01 = 0.805, k12 = 0.654, k13 = 0.501, k14 = 0.680, k21 = 0.865, k31 = 0.439, k41 = 0.615
Initial Condition(s):	x1(t) = 0.575, x2(t) = 0.119, x3(t) = 0.627, x4(t) = 0.342, where t = -0.990
Error: 3.6491e-03

 39.142717 seconds (74.61 M allocations: 3.698 GiB, 4.64% gc time, 92.80% compilation time: 12% of which was recompilation)
