┌ Warning: Independent variable t should be defined with @independent_variables t.
└ @ ModelingToolkit ~/.julia/packages/ModelingToolkit/klLLV/src/utils.jl:119
[ Info: Preproccessing `ModelingToolkit.ODESystem` object
┌ Warning: Independent variable t should be defined with @independent_variables t.
└ @ ModelingToolkit ~/.julia/packages/ModelingToolkit/klLLV/src/utils.jl:119
[ Info: Solving the problem
[ Info: Constructing the maximal system
[ Info: Truncating
[ Info: Assessing local identifiability
[ Info: Found Pivots: []
[ Info: Locally identifiable parameters: [a, b, nu, E, In, S, NN]
[ Info: Not identifiable parameters:     []
[ Info: Randomizing
[ Info: Gröbner basis computation
[ Info: Remainder computation
[ Info: === Summary ===
[ Info: Globally identifiable parameters:                 [In, b, NN]
[ Info: Locally but not globally identifiable parameters: [E, a, nu, S]
[ Info: Not identifiable parameters:                      []
[ Info: ===============
[ Info: Estimating via the interpolators: ["AAA"]
┌ Warning: Independent variable t should be defined with @independent_variables t.
└ @ ModelingToolkit ~/.julia/packages/ModelingToolkit/klLLV/src/utils.jl:119
┌ Warning: Independent variable t should be defined with @independent_variables t.
└ @ ModelingToolkit ~/.julia/packages/ModelingToolkit/klLLV/src/utils.jl:119
┌ Warning: Independent variable t should be defined with @independent_variables t.
└ @ ModelingToolkit ~/.julia/packages/ModelingToolkit/klLLV/src/utils.jl:119
┌ Warning: Independent variable t should be defined with @independent_variables t.
└ @ ModelingToolkit ~/.julia/packages/ModelingToolkit/klLLV/src/utils.jl:119
┌ Warning: Independent variable t should be defined with @independent_variables t.
└ @ ModelingToolkit ~/.julia/packages/ModelingToolkit/klLLV/src/utils.jl:119
┌ Warning: Independent variable t should be defined with @independent_variables t.
└ @ ModelingToolkit ~/.julia/packages/ModelingToolkit/klLLV/src/utils.jl:119
┌ Warning: Independent variable t should be defined with @independent_variables t.
└ @ ModelingToolkit ~/.julia/packages/ModelingToolkit/klLLV/src/utils.jl:119
┌ Warning: Independent variable t should be defined with @independent_variables t.
└ @ ModelingToolkit ~/.julia/packages/ModelingToolkit/klLLV/src/utils.jl:119
Final Results:
Parameter(s)        :	  a = 0.417,   b = 0.552,  nu = 0.247
Initial Condition(s):	S(t) = 0.215, E(t) = 0.489, In(t) = 0.384, NN(t) = 0.852, where t = -0.990
Error: 7.5282e-06

Parameter(s)        :	  a = 0.247,   b = 0.552,  nu = 0.417
Initial Condition(s):	S(t) = 0.128, E(t) = 0.133, In(t) = 0.384, NN(t) = 0.852, where t = -0.990
Error: 7.5282e-06

Parameter(s)        :	  a = 0.476,   b = 0.424,  nu = 0.264
Initial Condition(s):	S(t) = 0.375, E(t) = 0.544, In(t) = 0.384, NN(t) = 0.852, where t = -0.990
Error: 7.5284e-06

Parameter(s)        :	  a = 0.264,   b = 0.424,  nu = 0.476
Initial Condition(s):	S(t) = 0.208, E(t) = 0.131, In(t) = 0.384, NN(t) = 0.852, where t = -0.990
Error: 7.5284e-06

 33.913182 seconds (67.73 M allocations: 3.334 GiB, 4.20% gc time, 99.25% compilation time: 13% of which was recompilation)
