┌ Warning: Optimization did not converge. RetCode: MaxIters
└ @ ODEParameterEstimation ~/ODEParameterEstimation/src/core/solvers/homotopy_continuation.jl:778
┌ Warning: Optimization did not converge. RetCode: MaxIters
└ @ ODEParameterEstimation ~/ODEParameterEstimation/src/core/solvers/homotopy_continuation.jl:778
┌ Warning: Optimization did not converge. RetCode: MaxIters
└ @ ODEParameterEstimation ~/ODEParameterEstimation/src/core/solvers/homotopy_continuation.jl:778
┌ Warning: Optimization did not converge. RetCode: MaxIters
└ @ ODEParameterEstimation ~/ODEParameterEstimation/src/core/solvers/homotopy_continuation.jl:778
┌ Warning: Optimization did not converge. RetCode: MaxIters
└ @ ODEParameterEstimation ~/ODEParameterEstimation/src/core/solvers/homotopy_continuation.jl:778
┌ Warning: Optimization did not converge. RetCode: MaxIters
└ @ ODEParameterEstimation ~/ODEParameterEstimation/src/core/solvers/homotopy_continuation.jl:778
┌ Warning: Optimization did not converge. RetCode: MaxIters
└ @ ODEParameterEstimation ~/ODEParameterEstimation/src/core/solvers/homotopy_continuation.jl:778
┌ Warning: Optimization did not converge. RetCode: MaxIters
└ @ ODEParameterEstimation ~/ODEParameterEstimation/src/core/solvers/homotopy_continuation.jl:778
┌ Warning: At t=-0.8431997974063434, dt was forced below floating point epsilon 1.1102230246251565e-16, and step error estimate = 1.1198562132978773. Aborting. There is either an error in your model specification or the true solution is unstable (or the true solution can not be represented in the precision of Float64).
└ @ SciMLBase ~/.julia/packages/SciMLBase/VW1cI/src/integrator_interface.jl:623
┌ Warning: At t=-0.41302220783802784, dt was forced below floating point epsilon 5.551115123125783e-17, and step error estimate = NaN. Aborting. There is either an error in your model specification or the true solution is unstable (or the true solution can not be represented in the precision of Float64).
└ @ SciMLBase ~/.julia/packages/SciMLBase/VW1cI/src/integrator_interface.jl:623
┌ Warning: At t=-0.8431997974063434, dt was forced below floating point epsilon 1.1102230246251565e-16, and step error estimate = 1.1198562132978773. Aborting. There is either an error in your model specification or the true solution is unstable (or the true solution can not be represented in the precision of Float64).
└ @ SciMLBase ~/.julia/packages/SciMLBase/VW1cI/src/integrator_interface.jl:623
┌ Warning: At t=-0.35466325346649086, dt was forced below floating point epsilon 5.551115123125783e-17, and step error estimate = NaN. Aborting. There is either an error in your model specification or the true solution is unstable (or the true solution can not be represented in the precision of Float64).
└ @ SciMLBase ~/.julia/packages/SciMLBase/VW1cI/src/integrator_interface.jl:623
┌ Warning: At t=-0.5050110602284574, dt was forced below floating point epsilon 1.1102230246251565e-16, and step error estimate = NaN. Aborting. There is either an error in your model specification or the true solution is unstable (or the true solution can not be represented in the precision of Float64).
└ @ SciMLBase ~/.julia/packages/SciMLBase/VW1cI/src/integrator_interface.jl:623
┌ Warning: At t=-0.9590120930293075, dt was forced below floating point epsilon 1.1102230246251565e-16, and step error estimate = NaN. Aborting. There is either an error in your model specification or the true solution is unstable (or the true solution can not be represented in the precision of Float64).
└ @ SciMLBase ~/.julia/packages/SciMLBase/VW1cI/src/integrator_interface.jl:623
LinearAlgebra.PosDefException(3)
LinearAlgebra.PosDefException(2)
LinearAlgebra.PosDefException(2)
LinearAlgebra.PosDefException(4)
LinearAlgebra.PosDefException(6)
LinearAlgebra.PosDefException(8)
LinearAlgebra.PosDefException(89)
LinearAlgebra.PosDefException(2)
LinearAlgebra.PosDefException(2)
LinearAlgebra.PosDefException(2)
LinearAlgebra.PosDefException(2)
LinearAlgebra.PosDefException(2)
LinearAlgebra.PosDefException(3)
LinearAlgebra.PosDefException(6)
LinearAlgebra.PosDefException(78)
LinearAlgebra.PosDefException(2)
LinearAlgebra.PosDefException(2)
LinearAlgebra.PosDefException(2)
LinearAlgebra.PosDefException(2)
LinearAlgebra.PosDefException(2)
LinearAlgebra.PosDefException(3)
LinearAlgebra.PosDefException(3)
LinearAlgebra.PosDefException(4)
LinearAlgebra.PosDefException(4)
LinearAlgebra.PosDefException(390)
LinearAlgebra.PosDefException(6)
LinearAlgebra.PosDefException(2)
LinearAlgebra.PosDefException(3)
LinearAlgebra.PosDefException(2)
LinearAlgebra.PosDefException(5)
LinearAlgebra.PosDefException(3)
LinearAlgebra.PosDefException(4)
LinearAlgebra.PosDefException(4)
LinearAlgebra.PosDefException(39)
LinearAlgebra.PosDefException(2)
LinearAlgebra.PosDefException(3)
LinearAlgebra.PosDefException(2)
LinearAlgebra.PosDefException(4)
LinearAlgebra.PosDefException(3)
LinearAlgebra.PosDefException(4)
LinearAlgebra.PosDefException(88)
LinearAlgebra.PosDefException(6)
LinearAlgebra.PosDefException(2)
LinearAlgebra.PosDefException(3)
LinearAlgebra.PosDefException(2)
LinearAlgebra.PosDefException(3)
LinearAlgebra.PosDefException(3)
LinearAlgebra.PosDefException(4)
LinearAlgebra.PosDefException(82)
LinearAlgebra.PosDefException(2)
LinearAlgebra.PosDefException(2)
LinearAlgebra.PosDefException(2)
LinearAlgebra.PosDefException(3)
LinearAlgebra.PosDefException(3)
LinearAlgebra.PosDefException(4)
LinearAlgebra.PosDefException(6)
LinearAlgebra.PosDefException(10)
LinearAlgebra.PosDefException(6)
LinearAlgebra.PosDefException(5)
LinearAlgebra.PosDefException(15)
LinearAlgebra.PosDefException(63)
LinearAlgebra.PosDefException(253)
LinearAlgebra.PosDefException(591)
LinearAlgebra.PosDefException(2)
LinearAlgebra.PosDefException(3)
LinearAlgebra.PosDefException(2)
LinearAlgebra.PosDefException(3)
LinearAlgebra.PosDefException(5)
LinearAlgebra.PosDefException(4)
LinearAlgebra.PosDefException(87)
LinearAlgebra.PosDefException(2)
LinearAlgebra.PosDefException(3)
LinearAlgebra.PosDefException(2)
LinearAlgebra.PosDefException(3)
LinearAlgebra.PosDefException(4)
LinearAlgebra.PosDefException(3)
LinearAlgebra.PosDefException(5)
LinearAlgebra.PosDefException(77)
LinearAlgebra.PosDefException(2)
LinearAlgebra.PosDefException(2)
LinearAlgebra.PosDefException(2)
LinearAlgebra.PosDefException(2)
LinearAlgebra.PosDefException(6)
LinearAlgebra.PosDefException(3)
LinearAlgebra.PosDefException(3)
LinearAlgebra.PosDefException(4)
LinearAlgebra.PosDefException(10)
LinearAlgebra.PosDefException(5)
LinearAlgebra.PosDefException(4)
LinearAlgebra.PosDefException(8)
LinearAlgebra.PosDefException(4)
LinearAlgebra.PosDefException(10)
LinearAlgebra.PosDefException(40)
LinearAlgebra.PosDefException(160)
LinearAlgebra.PosDefException(320)
LinearAlgebra.PosDefException(479)
LinearAlgebra.PosDefException(640)
LinearAlgebra.PosDefException(821)
LinearAlgebra.PosDefException(6)
LinearAlgebra.PosDefException(4)
LinearAlgebra.PosDefException(6)
LinearAlgebra.PosDefException(5)
LinearAlgebra.PosDefException(10)
LinearAlgebra.PosDefException(57)
LinearAlgebra.PosDefException(187)
LinearAlgebra.PosDefException(325)
LinearAlgebra.PosDefException(475)
LinearAlgebra.PosDefException(612)
LinearAlgebra.PosDefException(721)
LinearAlgebra.PosDefException(821)
LinearAlgebra.PosDefException(862)
LinearAlgebra.PosDefException(769)
LinearAlgebra.PosDefException(793)
LinearAlgebra.PosDefException(981)
LinearAlgebra.PosDefException(879)
LinearAlgebra.PosDefException(887)
LinearAlgebra.PosDefException(968)
LinearAlgebra.PosDefException(6)
LinearAlgebra.PosDefException(3)
LinearAlgebra.PosDefException(2)
LinearAlgebra.PosDefException(3)
LinearAlgebra.PosDefException(3)
LinearAlgebra.PosDefException(4)
LinearAlgebra.PosDefException(90)
LinearAlgebra.PosDefException(2)
LinearAlgebra.PosDefException(3)
LinearAlgebra.PosDefException(2)
LinearAlgebra.PosDefException(3)
LinearAlgebra.PosDefException(4)
LinearAlgebra.PosDefException(4)
LinearAlgebra.PosDefException(7)
LinearAlgebra.PosDefException(86)
LinearAlgebra.PosDefException(2)
LinearAlgebra.PosDefException(2)
LinearAlgebra.PosDefException(2)
LinearAlgebra.PosDefException(3)
LinearAlgebra.PosDefException(4)
LinearAlgebra.PosDefException(4)
LinearAlgebra.PosDefException(5)
LinearAlgebra.PosDefException(6)
LinearAlgebra.PosDefException(26)
LinearAlgebra.PosDefException(4)
LinearAlgebra.PosDefException(5)
LinearAlgebra.PosDefException(7)
LinearAlgebra.PosDefException(8)
LinearAlgebra.PosDefException(37)
LinearAlgebra.PosDefException(129)
LinearAlgebra.PosDefException(326)
LinearAlgebra.PosDefException(11)
LinearAlgebra.PosDefException(43)
LinearAlgebra.PosDefException(130)
LinearAlgebra.PosDefException(276)
LinearAlgebra.PosDefException(373)
LinearAlgebra.PosDefException(552)
LinearAlgebra.PosDefException(4)
LinearAlgebra.PosDefException(6)
LinearAlgebra.PosDefException(5)
LinearAlgebra.PosDefException(21)
LinearAlgebra.PosDefException(60)
LinearAlgebra.PosDefException(151)
LinearAlgebra.PosDefException(283)
LinearAlgebra.PosDefException(361)
LinearAlgebra.PosDefException(421)
LinearAlgebra.PosDefException(627)
LinearAlgebra.PosDefException(670)
LinearAlgebra.PosDefException(709)
LinearAlgebra.PosDefException(6)
LinearAlgebra.PosDefException(8)
LinearAlgebra.PosDefException(5)
LinearAlgebra.PosDefException(6)
LinearAlgebra.PosDefException(5)
LinearAlgebra.PosDefException(7)
LinearAlgebra.PosDefException(6)
LinearAlgebra.PosDefException(15)
LinearAlgebra.PosDefException(93)
LinearAlgebra.PosDefException(157)
LinearAlgebra.PosDefException(286)
LinearAlgebra.PosDefException(458)
LinearAlgebra.PosDefException(487)
LinearAlgebra.PosDefException(524)
LinearAlgebra.PosDefException(644)
LinearAlgebra.PosDefException(886)
LinearAlgebra.PosDefException(5)
LinearAlgebra.PosDefException(7)
LinearAlgebra.PosDefException(6)
LinearAlgebra.PosDefException(5)
LinearAlgebra.PosDefException(7)
LinearAlgebra.PosDefException(6)
LinearAlgebra.PosDefException(5)
LinearAlgebra.PosDefException(27)
LinearAlgebra.PosDefException(118)
LinearAlgebra.PosDefException(230)
LinearAlgebra.PosDefException(440)
LinearAlgebra.PosDefException(432)
LinearAlgebra.PosDefException(464)
LinearAlgebra.PosDefException(589)
LinearAlgebra.PosDefException(646)
LinearAlgebra.PosDefException(666)
LinearAlgebra.PosDefException(888)
LinearAlgebra.PosDefException(840)
LinearAlgebra.PosDefException(890)
LinearAlgebra.PosDefException(892)
LinearAlgebra.PosDefException(792)
LinearAlgebra.PosDefException(810)
LinearAlgebra.PosDefException(734)
LinearAlgebra.PosDefException(993)
LinearAlgebra.PosDefException(734)
LinearAlgebra.PosDefException(867)
LinearAlgebra.PosDefException(672)
LinearAlgebra.PosDefException(876)
LinearAlgebra.PosDefException(756)
LinearAlgebra.PosDefException(693)
LinearAlgebra.PosDefException(833)
LinearAlgebra.PosDefException(785)
LinearAlgebra.PosDefException(845)
LinearAlgebra.PosDefException(746)
LinearAlgebra.PosDefException(803)
LinearAlgebra.PosDefException(837)
LinearAlgebra.PosDefException(771)
LinearAlgebra.PosDefException(784)
LinearAlgebra.PosDefException(667)
LinearAlgebra.PosDefException(782)
LinearAlgebra.PosDefException(825)
LinearAlgebra.PosDefException(750)
LinearAlgebra.PosDefException(836)
LinearAlgebra.PosDefException(892)
LinearAlgebra.PosDefException(996)
LinearAlgebra.PosDefException(769)
LinearAlgebra.PosDefException(5)
LinearAlgebra.PosDefException(4)
LinearAlgebra.PosDefException(4)
LinearAlgebra.PosDefException(4)
LinearAlgebra.PosDefException(7)
LinearAlgebra.PosDefException(5)
LinearAlgebra.PosDefException(5)
LinearAlgebra.PosDefException(15)
LinearAlgebra.PosDefException(65)
LinearAlgebra.PosDefException(219)
LinearAlgebra.PosDefException(438)
LinearAlgebra.PosDefException(443)
LinearAlgebra.PosDefException(467)
LinearAlgebra.PosDefException(530)
LinearAlgebra.PosDefException(584)
LinearAlgebra.PosDefException(597)
LinearAlgebra.PosDefException(759)
LinearAlgebra.PosDefException(710)
LinearAlgebra.PosDefException(702)
LinearAlgebra.PosDefException(984)
LinearAlgebra.PosDefException(737)
LinearAlgebra.PosDefException(755)
LinearAlgebra.PosDefException(708)
LinearAlgebra.PosDefException(831)
LinearAlgebra.PosDefException(740)
LinearAlgebra.PosDefException(707)
LinearAlgebra.PosDefException(713)
LinearAlgebra.PosDefException(937)
LinearAlgebra.PosDefException(700)
LinearAlgebra.PosDefException(802)
LinearAlgebra.PosDefException(769)
LinearAlgebra.PosDefException(760)
LinearAlgebra.PosDefException(720)
LinearAlgebra.PosDefException(708)
LinearAlgebra.PosDefException(975)
LinearAlgebra.PosDefException(832)
LinearAlgebra.PosDefException(779)
LinearAlgebra.PosDefException(792)
LinearAlgebra.PosDefException(725)
LinearAlgebra.PosDefException(731)
LinearAlgebra.PosDefException(761)
LinearAlgebra.PosDefException(842)
LinearAlgebra.PosDefException(771)
LinearAlgebra.PosDefException(742)
LinearAlgebra.PosDefException(722)
LinearAlgebra.PosDefException(690)
LinearAlgebra.PosDefException(727)
LinearAlgebra.PosDefException(865)
LinearAlgebra.PosDefException(796)
LinearAlgebra.PosDefException(751)
LinearAlgebra.PosDefException(724)
LinearAlgebra.PosDefException(2)
LinearAlgebra.PosDefException(2)
LinearAlgebra.PosDefException(2)
LinearAlgebra.PosDefException(4)
LinearAlgebra.PosDefException(4)
LinearAlgebra.PosDefException(4)
LinearAlgebra.PosDefException(88)
LinearAlgebra.PosDefException(2)
LinearAlgebra.PosDefException(2)
LinearAlgebra.PosDefException(3)
LinearAlgebra.PosDefException(2)
LinearAlgebra.PosDefException(2)
LinearAlgebra.PosDefException(3)
LinearAlgebra.PosDefException(6)
LinearAlgebra.PosDefException(89)
LinearAlgebra.PosDefException(2)
LinearAlgebra.PosDefException(6)
LinearAlgebra.PosDefException(2)
LinearAlgebra.PosDefException(2)
LinearAlgebra.PosDefException(3)
LinearAlgebra.PosDefException(3)
LinearAlgebra.PosDefException(3)
LinearAlgebra.PosDefException(6)
LinearAlgebra.PosDefException(4)
LinearAlgebra.PosDefException(197)
LinearAlgebra.PosDefException(2)
LinearAlgebra.PosDefException(2)
LinearAlgebra.PosDefException(2)
LinearAlgebra.PosDefException(2)
LinearAlgebra.PosDefException(3)
LinearAlgebra.PosDefException(2)
LinearAlgebra.PosDefException(2)
LinearAlgebra.PosDefException(2)
LinearAlgebra.PosDefException(4)
LinearAlgebra.PosDefException(6)
LinearAlgebra.PosDefException(6)
LinearAlgebra.PosDefException(5)
LinearAlgebra.PosDefException(70)
LinearAlgebra.PosDefException(3)
LinearAlgebra.PosDefException(5)
LinearAlgebra.PosDefException(4)
LinearAlgebra.PosDefException(4)
LinearAlgebra.PosDefException(16)
LinearAlgebra.PosDefException(77)
LinearAlgebra.PosDefException(208)
LinearAlgebra.PosDefException(332)
LinearAlgebra.PosDefException(455)
LinearAlgebra.PosDefException(545)
LinearAlgebra.PosDefException(677)
LinearAlgebra.PosDefException(770)
LinearAlgebra.PosDefException(1)
LinearAlgebra.PosDefException(1)
LinearAlgebra.PosDefException(1)
LinearAlgebra.PosDefException(880)
LinearAlgebra.PosDefException(925)
LinearAlgebra.PosDefException(979)
LinearAlgebra.PosDefException(771)
LinearAlgebra.PosDefException(886)
LinearAlgebra.PosDefException(800)
LinearAlgebra.PosDefException(817)
LinearAlgebra.PosDefException(899)
LinearAlgebra.PosDefException(893)
LinearAlgebra.PosDefException(806)
LinearAlgebra.PosDefException(782)
LinearAlgebra.PosDefException(936)
LinearAlgebra.PosDefException(898)
LinearAlgebra.PosDefException(814)
LinearAlgebra.PosDefException(883)
LinearAlgebra.PosDefException(952)
LinearAlgebra.PosDefException(925)
LinearAlgebra.PosDefException(3)
LinearAlgebra.PosDefException(2)
LinearAlgebra.PosDefException(6)
LinearAlgebra.PosDefException(4)
LinearAlgebra.PosDefException(3)
LinearAlgebra.PosDefException(7)
LinearAlgebra.PosDefException(94)
LinearAlgebra.PosDefException(2)
LinearAlgebra.PosDefException(2)
LinearAlgebra.PosDefException(2)
LinearAlgebra.PosDefException(2)
LinearAlgebra.PosDefException(2)
LinearAlgebra.PosDefException(3)
LinearAlgebra.PosDefException(6)
LinearAlgebra.PosDefException(82)
LinearAlgebra.PosDefException(2)
LinearAlgebra.PosDefException(2)
LinearAlgebra.PosDefException(3)
LinearAlgebra.PosDefException(6)
LinearAlgebra.PosDefException(3)
LinearAlgebra.PosDefException(5)
LinearAlgebra.PosDefException(5)
LinearAlgebra.PosDefException(11)
LinearAlgebra.PosDefException(255)
LinearAlgebra.PosDefException(458)
LinearAlgebra.PosDefException(490)
LinearAlgebra.PosDefException(2)
LinearAlgebra.PosDefException(3)
LinearAlgebra.PosDefException(2)
LinearAlgebra.PosDefException(4)
LinearAlgebra.PosDefException(3)
LinearAlgebra.PosDefException(4)
LinearAlgebra.PosDefException(85)
LinearAlgebra.PosDefException(2)
LinearAlgebra.PosDefException(6)
LinearAlgebra.PosDefException(2)
LinearAlgebra.PosDefException(2)
LinearAlgebra.PosDefException(4)
LinearAlgebra.PosDefException(4)
LinearAlgebra.PosDefException(4)
LinearAlgebra.PosDefException(87)
LinearAlgebra.PosDefException(2)
LinearAlgebra.PosDefException(2)
LinearAlgebra.PosDefException(6)
LinearAlgebra.PosDefException(3)
LinearAlgebra.PosDefException(3)
LinearAlgebra.PosDefException(4)
LinearAlgebra.PosDefException(6)
LinearAlgebra.PosDefException(5)
LinearAlgebra.PosDefException(11)
LinearAlgebra.PosDefException(2)
LinearAlgebra.PosDefException(2)
LinearAlgebra.PosDefException(5)
LinearAlgebra.PosDefException(3)
LinearAlgebra.PosDefException(5)
LinearAlgebra.PosDefException(4)
LinearAlgebra.PosDefException(7)
LinearAlgebra.PosDefException(35)
LinearAlgebra.PosDefException(141)
LinearAlgebra.PosDefException(304)
LinearAlgebra.PosDefException(508)
LinearAlgebra.PosDefException(790)
LinearAlgebra.PosDefException(1)
LinearAlgebra.PosDefException(2)
LinearAlgebra.PosDefException(2)
LinearAlgebra.PosDefException(2)
LinearAlgebra.PosDefException(3)
LinearAlgebra.PosDefException(3)
LinearAlgebra.PosDefException(7)
LinearAlgebra.PosDefException(88)
LinearAlgebra.PosDefException(6)
LinearAlgebra.PosDefException(2)
LinearAlgebra.PosDefException(2)
LinearAlgebra.PosDefException(2)
LinearAlgebra.PosDefException(4)
LinearAlgebra.PosDefException(3)
LinearAlgebra.PosDefException(4)
LinearAlgebra.PosDefException(80)
LinearAlgebra.PosDefException(3)
LinearAlgebra.PosDefException(3)
LinearAlgebra.PosDefException(3)
LinearAlgebra.PosDefException(2)
LinearAlgebra.PosDefException(4)
LinearAlgebra.PosDefException(4)
LinearAlgebra.PosDefException(5)
LinearAlgebra.PosDefException(6)
LinearAlgebra.PosDefException(29)
LinearAlgebra.PosDefException(3)
LinearAlgebra.PosDefException(3)
LinearAlgebra.PosDefException(2)
LinearAlgebra.PosDefException(3)
LinearAlgebra.PosDefException(6)
LinearAlgebra.PosDefException(5)
LinearAlgebra.PosDefException(8)
LinearAlgebra.PosDefException(74)
LinearAlgebra.PosDefException(201)
LinearAlgebra.PosDefException(6)
LinearAlgebra.PosDefException(7)
LinearAlgebra.PosDefException(48)
LinearAlgebra.PosDefException(140)
LinearAlgebra.PosDefException(291)
LinearAlgebra.PosDefException(417)
LinearAlgebra.PosDefException(721)
LinearAlgebra.PosDefException(547)
LinearAlgebra.PosDefException(688)
LinearAlgebra.PosDefException(1)
LinearAlgebra.PosDefException(2)
LinearAlgebra.PosDefException(2)
LinearAlgebra.PosDefException(3)
LinearAlgebra.PosDefException(4)
LinearAlgebra.PosDefException(4)
LinearAlgebra.PosDefException(4)
LinearAlgebra.PosDefException(89)
LinearAlgebra.PosDefException(2)
LinearAlgebra.PosDefException(2)
LinearAlgebra.PosDefException(3)
LinearAlgebra.PosDefException(2)
LinearAlgebra.PosDefException(3)
LinearAlgebra.PosDefException(4)
LinearAlgebra.PosDefException(4)
LinearAlgebra.PosDefException(85)
LinearAlgebra.PosDefException(2)
LinearAlgebra.PosDefException(3)
LinearAlgebra.PosDefException(2)
LinearAlgebra.PosDefException(3)
LinearAlgebra.PosDefException(3)
LinearAlgebra.PosDefException(4)
LinearAlgebra.PosDefException(5)
LinearAlgebra.PosDefException(4)
LinearAlgebra.PosDefException(5)
LinearAlgebra.PosDefException(349)
LinearAlgebra.PosDefException(2)
LinearAlgebra.PosDefException(2)
LinearAlgebra.PosDefException(2)
LinearAlgebra.PosDefException(3)
LinearAlgebra.PosDefException(4)
LinearAlgebra.PosDefException(6)
LinearAlgebra.PosDefException(5)
LinearAlgebra.PosDefException(6)
LinearAlgebra.PosDefException(25)
LinearAlgebra.PosDefException(315)
LinearAlgebra.PosDefException(1)
LinearAlgebra.PosDefException(1)
LinearAlgebra.PosDefException(4)
LinearAlgebra.PosDefException(4)
LinearAlgebra.PosDefException(5)
LinearAlgebra.PosDefException(4)
LinearAlgebra.PosDefException(6)
LinearAlgebra.PosDefException(6)
LinearAlgebra.PosDefException(8)
LinearAlgebra.PosDefException(98)
LinearAlgebra.PosDefException(489)
LinearAlgebra.PosDefException(3)
LinearAlgebra.PosDefException(6)
LinearAlgebra.PosDefException(4)
LinearAlgebra.PosDefException(5)
LinearAlgebra.PosDefException(4)
LinearAlgebra.PosDefException(6)
LinearAlgebra.PosDefException(4)
LinearAlgebra.PosDefException(21)
LinearAlgebra.PosDefException(99)
LinearAlgebra.PosDefException(353)
LinearAlgebra.PosDefException(989)
LinearAlgebra.PosDefException(2)
LinearAlgebra.PosDefException(2)
LinearAlgebra.PosDefException(2)
LinearAlgebra.PosDefException(3)
LinearAlgebra.PosDefException(7)
LinearAlgebra.PosDefException(6)
LinearAlgebra.PosDefException(90)
LinearAlgebra.PosDefException(2)
LinearAlgebra.PosDefException(3)
LinearAlgebra.PosDefException(3)
LinearAlgebra.PosDefException(2)
LinearAlgebra.PosDefException(3)
LinearAlgebra.PosDefException(3)
LinearAlgebra.PosDefException(6)
LinearAlgebra.PosDefException(79)
LinearAlgebra.PosDefException(2)
LinearAlgebra.PosDefException(2)
LinearAlgebra.PosDefException(3)
LinearAlgebra.PosDefException(2)
LinearAlgebra.PosDefException(3)
LinearAlgebra.PosDefException(4)
LinearAlgebra.PosDefException(4)
LinearAlgebra.PosDefException(8)
LinearAlgebra.PosDefException(7)
LinearAlgebra.PosDefException(6)
LinearAlgebra.PosDefException(14)
LinearAlgebra.PosDefException(115)
LinearAlgebra.PosDefException(269)
LinearAlgebra.PosDefException(445)
LinearAlgebra.PosDefException(637)
LinearAlgebra.PosDefException(2)
LinearAlgebra.PosDefException(4)
LinearAlgebra.PosDefException(6)
LinearAlgebra.PosDefException(5)
LinearAlgebra.PosDefException(4)
LinearAlgebra.PosDefException(4)
LinearAlgebra.PosDefException(6)
LinearAlgebra.PosDefException(24)
LinearAlgebra.PosDefException(139)
LinearAlgebra.PosDefException(284)
LinearAlgebra.PosDefException(928)
LinearAlgebra.PosDefException(3)
LinearAlgebra.PosDefException(4)
LinearAlgebra.PosDefException(4)
LinearAlgebra.PosDefException(6)
LinearAlgebra.PosDefException(6)
LinearAlgebra.PosDefException(5)
LinearAlgebra.PosDefException(7)
LinearAlgebra.PosDefException(70)
LinearAlgebra.PosDefException(267)
LinearAlgebra.PosDefException(627)
LinearAlgebra.PosDefException(2)
LinearAlgebra.PosDefException(2)
LinearAlgebra.PosDefException(6)
LinearAlgebra.PosDefException(3)
LinearAlgebra.PosDefException(6)
LinearAlgebra.PosDefException(4)
LinearAlgebra.PosDefException(87)
LinearAlgebra.PosDefException(3)
LinearAlgebra.PosDefException(3)
LinearAlgebra.PosDefException(2)
LinearAlgebra.PosDefException(2)
LinearAlgebra.PosDefException(4)
LinearAlgebra.PosDefException(3)
LinearAlgebra.PosDefException(4)
LinearAlgebra.PosDefException(80)
LinearAlgebra.PosDefException(2)
LinearAlgebra.PosDefException(3)
LinearAlgebra.PosDefException(3)
LinearAlgebra.PosDefException(2)
LinearAlgebra.PosDefException(2)
LinearAlgebra.PosDefException(4)
LinearAlgebra.PosDefException(3)
LinearAlgebra.PosDefException(4)
LinearAlgebra.PosDefException(10)
LinearAlgebra.PosDefException(2)
LinearAlgebra.PosDefException(2)
LinearAlgebra.PosDefException(6)
LinearAlgebra.PosDefException(3)
LinearAlgebra.PosDefException(5)
LinearAlgebra.PosDefException(4)
LinearAlgebra.PosDefException(6)
LinearAlgebra.PosDefException(38)
LinearAlgebra.PosDefException(165)
LinearAlgebra.PosDefException(380)
LinearAlgebra.PosDefException(727)
LinearAlgebra.PosDefException(2)
LinearAlgebra.PosDefException(6)
LinearAlgebra.PosDefException(6)
LinearAlgebra.PosDefException(6)
LinearAlgebra.PosDefException(5)
LinearAlgebra.PosDefException(6)
LinearAlgebra.PosDefException(6)
LinearAlgebra.PosDefException(40)
LinearAlgebra.PosDefException(158)
LinearAlgebra.PosDefException(322)
LinearAlgebra.PosDefException(531)
LinearAlgebra.PosDefException(790)
LinearAlgebra.PosDefException(153)
LinearAlgebra.PosDefException(305)
LinearAlgebra.PosDefException(477)
LinearAlgebra.PosDefException(609)
LinearAlgebra.PosDefException(849)
LinearAlgebra.PosDefException(894)
LinearAlgebra.PosDefException(846)
LinearAlgebra.PosDefException(577)
LinearAlgebra.PosDefException(656)
LinearAlgebra.PosDefException(808)
LinearAlgebra.PosDefException(850)
LinearAlgebra.PosDefException(876)
LinearAlgebra.PosDefException(972)
LinearAlgebra.PosDefException(887)
LinearAlgebra.PosDefException(902)
LinearAlgebra.PosDefException(963)
LinearAlgebra.PosDefException(999)
LinearAlgebra.PosDefException(916)
LinearAlgebra.PosDefException(985)
LinearAlgebra.PosDefException(877)
LinearAlgebra.PosDefException(946)
LinearAlgebra.PosDefException(925)
LinearAlgebra.PosDefException(916)
LinearAlgebra.PosDefException(975)
LinearAlgebra.PosDefException(891)
LinearAlgebra.PosDefException(992)
LinearAlgebra.PosDefException(947)
LinearAlgebra.PosDefException(888)
LinearAlgebra.PosDefException(958)
LinearAlgebra.PosDefException(966)
LinearAlgebra.PosDefException(974)
LinearAlgebra.PosDefException(885)
LinearAlgebra.PosDefException(2)
LinearAlgebra.PosDefException(3)
LinearAlgebra.PosDefException(2)
LinearAlgebra.PosDefException(4)
LinearAlgebra.PosDefException(5)
LinearAlgebra.PosDefException(6)
LinearAlgebra.PosDefException(90)
LinearAlgebra.PosDefException(2)
LinearAlgebra.PosDefException(2)
LinearAlgebra.PosDefException(3)
LinearAlgebra.PosDefException(3)
LinearAlgebra.PosDefException(4)
LinearAlgebra.PosDefException(3)
LinearAlgebra.PosDefException(4)
LinearAlgebra.PosDefException(82)
LinearAlgebra.PosDefException(2)
LinearAlgebra.PosDefException(2)
LinearAlgebra.PosDefException(3)
LinearAlgebra.PosDefException(2)
LinearAlgebra.PosDefException(2)
LinearAlgebra.PosDefException(3)
LinearAlgebra.PosDefException(4)
LinearAlgebra.PosDefException(4)
LinearAlgebra.PosDefException(26)
LinearAlgebra.PosDefException(3)
LinearAlgebra.PosDefException(3)
LinearAlgebra.PosDefException(6)
LinearAlgebra.PosDefException(4)
LinearAlgebra.PosDefException(34)
LinearAlgebra.PosDefException(177)
LinearAlgebra.PosDefException(511)
LinearAlgebra.PosDefException(4)
LinearAlgebra.PosDefException(7)
LinearAlgebra.PosDefException(15)
LinearAlgebra.PosDefException(70)
LinearAlgebra.PosDefException(173)
LinearAlgebra.PosDefException(316)
LinearAlgebra.PosDefException(516)
LinearAlgebra.PosDefException(651)
Optimization did not improve residual (initial: 9.542876283054458e-17, final: 9.542876283054458e-17)
Optimization did not improve residual (initial: 2.577036355524806e-16, final: 2.577036355524806e-16)
Optimization did not improve residual (initial: 1.959693552281569e-16, final: 1.959693552281569e-16)
Optimization did not improve residual (initial: 1.0996737626606043e-15, final: 1.0996737626606043e-15)
Optimization did not improve residual (initial: 1.6065461799474882e-16, final: 1.6065461799474882e-16)
Optimization did not improve residual (initial: 1.5562592059662038e-16, final: 1.5562592059662038e-16)
Optimization did not improve residual (initial: 3.555592871078853e-15, final: 3.555592871078853e-15)
Optimization did not improve residual (initial: 2.5751539114549115e-16, final: 2.5751539114549115e-16)
Optimization did not improve residual (initial: 1.4960408532857976e-15, final: 1.4960408532857976e-15)
Optimization did not improve residual (initial: 5.657106060749024e-16, final: 5.657106060749024e-16)
Optimization did not improve residual (initial: 3.198519585149979e-16, final: 3.198519585149979e-16)
Optimization did not improve residual (initial: 4.8179851655979464e-15, final: 4.8179851655979464e-15)
Optimization did not improve residual (initial: 5.407866539644338e-16, final: 5.407866539644338e-16)
Optimization did not improve residual (initial: 3.2681531932956067e-15, final: 3.2681531932956067e-15)
Optimization did not improve residual (initial: 1.0638117461800509e-16, final: 1.0638117461800509e-16)
Optimization did not improve residual (initial: 1.5680730973938616e-16, final: 1.5680730973938616e-16)
Optimization did not improve residual (initial: 1.9773041816205606e-16, final: 1.9773041816205606e-16)
Optimization did not improve residual (initial: 1.0325794865141607e-16, final: 1.0325794865141607e-16)
Optimization did not improve residual (initial: 2.0501249321299447e-14, final: 2.0501249321299447e-14)
























