>>> get_si_equation_system on full-precision blown candidate (Sol 1175)...
[GCD] new max coeff: A=1t/29b  B=2t/28b
[GCD] new max coeff: A=1t/27b  B=3t/32b
[GCD] new max coeff: A=1t/2b  B=6t/54b
[GCD] new max coeff: A=4t/56b  B=6t/52b
[GCD] new max coeff: A=6t/81b  B=3t/33b
[GCD] new max coeff: A=12t/85b  B=38t/130b
[GCD] new max coeff: A=18t/102b  B=45t/157b
[GCD] new max coeff: A=5t/158b  B=41t/255b
[GCD] new max coeff: A=62t/400b  B=65t/377b
[GCD] new max coeff: A=89t/410b  B=16t/189b
[GCD] new max coeff: A=121t/422b  B=34t/286b
>>> RETURNED. biggest gcd operand = 422 bits
   dumped operands (422/286 bit) to /home/orebas/ParameterEstimationBenchmark-local/repro/bioh_swell_2026_06_04/swell_operands.txt
>>> DONE. biggest gcd operand coeff = 422 bits; dumped=false
  Activating project at `~/ParameterEstimationBenchmark-local/environments/julia_odepe`
[ Info: Getting equation system from StructuralIdentifiability.jl
[ Info: Converting ODESystem to SI.jl format
┌ Warning: Floating point value -3.256001383803718 will be converted to -292535809//89845112.
└ @ ModelingToolkitSIExt ~/ParameterEstimationBenchmark-local/environments/StructuralIdentifiability.jl/ext/ModelingToolkitSIExt.jl:78
┌ Warning: Floating point value 8.0 will be converted to 8.
└ @ ModelingToolkitSIExt ~/ParameterEstimationBenchmark-local/environments/StructuralIdentifiability.jl/ext/ModelingToolkitSIExt.jl:78
┌ Warning: Floating point value 2.2160024639463765 will be converted to 116652045//52640756.
└ @ ModelingToolkitSIExt ~/ParameterEstimationBenchmark-local/environments/StructuralIdentifiability.jl/ext/ModelingToolkitSIExt.jl:78
┌ Warning: Floating point value 8.0 will be converted to 8.
└ @ ModelingToolkitSIExt ~/ParameterEstimationBenchmark-local/environments/StructuralIdentifiability.jl/ext/ModelingToolkitSIExt.jl:78
┌ Warning: Floating point value -0.14891418637029938 will be converted to -17547605//117837027.
└ @ ModelingToolkitSIExt ~/ParameterEstimationBenchmark-local/environments/StructuralIdentifiability.jl/ext/ModelingToolkitSIExt.jl:78
┌ Warning: Floating point value 1191.9570242098896 will be converted to 2532366336//2124545.
└ @ ModelingToolkitSIExt ~/ParameterEstimationBenchmark-local/environments/StructuralIdentifiability.jl/ext/ModelingToolkitSIExt.jl:78
┌ Warning: Floating point value 0.5 will be converted to 1//2.
└ @ ModelingToolkitSIExt ~/ParameterEstimationBenchmark-local/environments/StructuralIdentifiability.jl/ext/ModelingToolkitSIExt.jl:78
┌ Warning: Floating point value 0.5 will be converted to 1//2.
└ @ ModelingToolkitSIExt ~/ParameterEstimationBenchmark-local/environments/StructuralIdentifiability.jl/ext/ModelingToolkitSIExt.jl:78
┌ Warning: Floating point value 3.256001383803718 will be converted to 292535809//89845112.
└ @ ModelingToolkitSIExt ~/ParameterEstimationBenchmark-local/environments/StructuralIdentifiability.jl/ext/ModelingToolkitSIExt.jl:78
┌ Warning: Floating point value 2.2160024639463765 will be converted to 116652045//52640756.
└ @ ModelingToolkitSIExt ~/ParameterEstimationBenchmark-local/environments/StructuralIdentifiability.jl/ext/ModelingToolkitSIExt.jl:78
┌ Warning: Floating point value 8.0 will be converted to 8.
└ @ ModelingToolkitSIExt ~/ParameterEstimationBenchmark-local/environments/StructuralIdentifiability.jl/ext/ModelingToolkitSIExt.jl:78
┌ Warning: Floating point value 0.5 will be converted to 1//2.
└ @ ModelingToolkitSIExt ~/ParameterEstimationBenchmark-local/environments/StructuralIdentifiability.jl/ext/ModelingToolkitSIExt.jl:78
┌ Warning: Floating point value -7.806048122094462e-5 will be converted to -453042//5803730555.
└ @ ModelingToolkitSIExt ~/ParameterEstimationBenchmark-local/environments/StructuralIdentifiability.jl/ext/ModelingToolkitSIExt.jl:78
┌ Warning: Floating point value -1190.9115429002284 will be converted to -3304248385//2774554.
└ @ ModelingToolkitSIExt ~/ParameterEstimationBenchmark-local/environments/StructuralIdentifiability.jl/ext/ModelingToolkitSIExt.jl:78
┌ Warning: Floating point value -0.5 will be converted to -1//2.
└ @ ModelingToolkitSIExt ~/ParameterEstimationBenchmark-local/environments/StructuralIdentifiability.jl/ext/ModelingToolkitSIExt.jl:78
┌ Warning: Floating point value 0.14891418637029938 will be converted to 17547605//117837027.
└ @ ModelingToolkitSIExt ~/ParameterEstimationBenchmark-local/environments/StructuralIdentifiability.jl/ext/ModelingToolkitSIExt.jl:78
┌ Warning: Floating point value 1191.9570242098896 will be converted to 2532366336//2124545.
└ @ ModelingToolkitSIExt ~/ParameterEstimationBenchmark-local/environments/StructuralIdentifiability.jl/ext/ModelingToolkitSIExt.jl:78
┌ Warning: Floating point value 0.5 will be converted to 1//2.
└ @ ModelingToolkitSIExt ~/ParameterEstimationBenchmark-local/environments/StructuralIdentifiability.jl/ext/ModelingToolkitSIExt.jl:78
┌ Warning: Floating point value 0.5 will be converted to 1//2.
└ @ ModelingToolkitSIExt ~/ParameterEstimationBenchmark-local/environments/StructuralIdentifiability.jl/ext/ModelingToolkitSIExt.jl:78
┌ Warning: Floating point value 0.5 will be converted to 1//2.
└ @ ModelingToolkitSIExt ~/ParameterEstimationBenchmark-local/environments/StructuralIdentifiability.jl/ext/ModelingToolkitSIExt.jl:78
┌ Warning: Floating point value 0.00015612096244188925 will be converted to 906084//5803730555.
└ @ ModelingToolkitSIExt ~/ParameterEstimationBenchmark-local/environments/StructuralIdentifiability.jl/ext/ModelingToolkitSIExt.jl:78
┌ Warning: Floating point value -1190.9115429002284 will be converted to -3304248385//2774554.
└ @ ModelingToolkitSIExt ~/ParameterEstimationBenchmark-local/environments/StructuralIdentifiability.jl/ext/ModelingToolkitSIExt.jl:78
┌ Warning: Floating point value -0.5 will be converted to -1//2.
└ @ ModelingToolkitSIExt ~/ParameterEstimationBenchmark-local/environments/StructuralIdentifiability.jl/ext/ModelingToolkitSIExt.jl:78
┌ Warning: Floating point value 8.0 will be converted to 8.
└ @ ModelingToolkitSIExt ~/ParameterEstimationBenchmark-local/environments/StructuralIdentifiability.jl/ext/ModelingToolkitSIExt.jl:78
┌ Warning: Floating point value 0.5 will be converted to 1//2.
└ @ ModelingToolkitSIExt ~/ParameterEstimationBenchmark-local/environments/StructuralIdentifiability.jl/ext/ModelingToolkitSIExt.jl:78
[ Info: Getting polynomial system from SIAN
[ Info: Built polynomial system with 9 equations
[ Info: [SI-TEMPLATE] algebraic_multiplicity M = 1  (setup 0.01s, Groebner 3.94s, quotient_basis 0.0s, ring: 8 vars × 10 polys)
[ Info: [DEBUG-ALG-INDEP] Input: 9 equations, 7 indeterminates
[ Info: [DEBUG-ALG-INDEP] Jacobian size: (9, 7)
[ Info: [DEBUG-ALG-INDEP] Jacobian rank: 7
[ Info: [DEBUG-ALG-INDEP] Found 7 pivot columns
[ Info: [DEBUG-ALG-INDEP] Selected 7 equations (current_rank=7)
[ Info: [DEBUG-ALG-INDEP] Returning: output_ids=[1, 2, 3, 4, 5, 6, 7], alg_indep has 0 vars
[ Info: Reduced polynomial system to 7 equations
┌ Info: [SI-TEMPLATE] Polynomial construction summary
│   raw_equations = 9
│   raw_ring_variables = 8
│   locally_identifiable_count = 4
│   filtered_ring_variables = 7
│   selected_equations = 7
└   dropped_equations = 2
┌ Info: [SI-TEMPLATE] Filtered phantom ring variables that never appear in the polynomial system
│   count = 1
│   sample =
│    1-element Vector{Nemo.QQMPolyRingElem}:
└     x7_0
┌ Info: [SI-TEMPLATE] Rank trimming removed polynomial equations
│   dropped_indices =
│    2-element Vector{Int64}:
│     8
└     9
┌ Info: [SI-TEMPLATE] Reduced polynomial system is not square before data/support-variable accounting
│   equations = 7
└   ring_variables = 10
┌ Info: [SI-MAP] Extending DerivativeData support for SI template
│   current_order = -1
└   required_order = 5
[ Info: Checking identifiability
[ Info: Assessing local identifiability
[ Info: Assessing global identifiability
[ Info: Note: the input model has nontrivial submodels. If the computation for the full model will be too heavy, you may want to try to first analyze one of the submodels. They can be produced using function `find_submodels`
[ Info: Functions to check involve states
[ Info: Computing IO-equations
[ Info: Computed IO-equations in 8.528488397 seconds
[ Info: No parameters, so Wronskian computation is not needed
[ Info: Global identifiability assessed in 8.793703061 seconds
┌ Warning: There are no parameters in the given ODE, thus no identifiabile
│ functions.
│ Use `find_identifiable_functions` with keyword `with_states=true` to
│ compute the functions with the ODE states included.
└ @ StructuralIdentifiability ~/ParameterEstimationBenchmark-local/environments/StructuralIdentifiability.jl/src/identifiable_functions.jl:97
┌ Info: [SI-STRUCTURAL] SIAN/SI template summary
│   template_equation_count = 7
│   derivative_symbol_count = 12
│   max_derivative_order = 5
│   structural_unidentifiable_count = 1
└   identifiable_function_count = 1
┌ Info: [SI-STRUCTURAL] Structural unidentifiable variables from SI
│   variables =
│    Set{Any} with 1 element:
└      x7
┌ Info: [SI-STRUCTURAL] Observable derivative support requested by SI template
│   derivative_orders =
│    Dict{Any, Any} with 12 entries:
│      y1_1 => 1
│      y2_4 => 4
│      y2_0 => 0
│      y1_3 => 3
│      y1_4 => 4
│      y1_0 => 0
│      y1_2 => 2
└      ⋮    => ⋮
┌ Info: [SI-STRUCTURAL] Identifiable functions returned by SI
│   functions =
│    1-element Vector{Nemo.QQMPolyRingElem}:
└     1
┌ Info: [SI-MAP] Classified symbolic SI support variables while converting SIAN output
│   counts =
│    Dict{Symbol, Int64} with 2 entries:
│      :state_jet        => 2
│      :measured_rhs_jet => 5
│   samples =
│    Dict{Symbol, Vector{String}} with 2 entries:
│      :state_jet        => ["x6_0", "x6_1"]
└      :measured_rhs_jet => ["x5_0", "x4_0", "x5_1", "x4_1", "x5_2"]
[ Info: [SI-MAP] Template uses 10 of 43 SIAN ring variables
[ Info: Converting 7 polynomials from Nemo to Symbolics
