
[132365] signal 2: Interrompre
in expression starting at /home/ademin/no-matlab-no-worry/2025-01-27-03-40/copy_1em2/estimation/hiv_0.jl:4
add_root_block at /cache/build/builder-demeter6-3/julialang/julia-release-1-dot-11/src/method.c:1229 [inlined]
jl_append_method_roots at /cache/build/builder-demeter6-3/julialang/julia-release-1-dot-11/src/method.c:1270
jl_copy_roots at /cache/build/builder-demeter6-3/julialang/julia-release-1-dot-11/src/staticdata_utils.c:940 [inlined]
jl_restore_package_image_from_stream at /cache/build/builder-demeter6-3/julialang/julia-release-1-dot-11/src/staticdata.c:3678
jl_restore_incremental_from_buf at /cache/build/builder-demeter6-3/julialang/julia-release-1-dot-11/src/staticdata.c:3727
ijl_restore_package_image_from_file at /cache/build/builder-demeter6-3/julialang/julia-release-1-dot-11/src/staticdata.c:3818
#_include_from_serialized#1082 at ./loading.jl:1245
_include_from_serialized at ./loading.jl:1210 [inlined]
_include_from_serialized at ./loading.jl:1210 [inlined]
#_require_search_from_serialized#1105 at ./loading.jl:2057
_require_search_from_serialized at ./loading.jl:1969
jfptr__require_search_from_serialized_44869.1 at /home/ademin/.julia/juliaup/julia-1.11.3+0.x64.linux.gnu/lib/julia/sys.so (unknown line)
_require at ./loading.jl:2527
__require_prelocked at ./loading.jl:2388
jfptr___require_prelocked_71365.1 at /home/ademin/.julia/juliaup/julia-1.11.3+0.x64.linux.gnu/lib/julia/sys.so (unknown line)
jl_apply at /cache/build/builder-demeter6-3/julialang/julia-release-1-dot-11/src/julia.h:2157 [inlined]
jl_f__call_in_world at /cache/build/builder-demeter6-3/julialang/julia-release-1-dot-11/src/builtins.c:894
#invoke_in_world#3 at ./essentials.jl:1089 [inlined]
invoke_in_world at ./essentials.jl:1086 [inlined]
_require_prelocked at ./loading.jl:2375
macro expansion at ./loading.jl:2314 [inlined]
macro expansion at ./lock.jl:273 [inlined]
__require at ./loading.jl:2271
jfptr___require_71296.1 at /home/ademin/.julia/juliaup/julia-1.11.3+0.x64.linux.gnu/lib/julia/sys.so (unknown line)
jl_apply at /cache/build/builder-demeter6-3/julialang/julia-release-1-dot-11/src/julia.h:2157 [inlined]
jl_f__call_in_world at /cache/build/builder-demeter6-3/julialang/julia-release-1-dot-11/src/builtins.c:894
#invoke_in_world#3 at ./essentials.jl:1089 [inlined]
invoke_in_world at ./essentials.jl:1086 [inlined]
require at ./loading.jl:2260
jfptr_require_71293.1 at /home/ademin/.julia/juliaup/julia-1.11.3+0.x64.linux.gnu/lib/julia/sys.so (unknown line)
jl_apply at /cache/build/builder-demeter6-3/julialang/julia-release-1-dot-11/src/julia.h:2157 [inlined]
call_require at /cache/build/builder-demeter6-3/julialang/julia-release-1-dot-11/src/toplevel.c:486 [inlined]
eval_import_path at /cache/build/builder-demeter6-3/julialang/julia-release-1-dot-11/src/toplevel.c:523
jl_toplevel_eval_flex at /cache/build/builder-demeter6-3/julialang/julia-release-1-dot-11/src/toplevel.c:759
jl_toplevel_eval_flex at /cache/build/builder-demeter6-3/julialang/julia-release-1-dot-11/src/toplevel.c:886
ijl_toplevel_eval_in at /cache/build/builder-demeter6-3/julialang/julia-release-1-dot-11/src/toplevel.c:994
eval at ./boot.jl:430 [inlined]
include_string at ./loading.jl:2734
_include at ./loading.jl:2794
include at ./Base.jl:557
jfptr_include_46888.1 at /home/ademin/.julia/juliaup/julia-1.11.3+0.x64.linux.gnu/lib/julia/sys.so (unknown line)
exec_options at ./client.jl:323
_start at ./client.jl:531
jfptr__start_73609.1 at /home/ademin/.julia/juliaup/julia-1.11.3+0.x64.linux.gnu/lib/julia/sys.so (unknown line)
jl_apply at /cache/build/builder-demeter6-3/julialang/julia-release-1-dot-11/src/julia.h:2157 [inlined]
true_main at /cache/build/builder-demeter6-3/julialang/julia-release-1-dot-11/src/jlapi.c:900
jl_repl_entrypoint at /cache/build/builder-demeter6-3/julialang/julia-release-1-dot-11/src/jlapi.c:1059
main at /cache/build/builder-demeter6-3/julialang/julia-release-1-dot-11/cli/loader_exe.c:58
unknown function (ip: 0x7fe048a29d8f)
__libc_start_main at /lib/x86_64-linux-gnu/libc.so.6 (unknown line)
unknown function (ip: 0x4010b8)
unknown function (ip: (nil))
Allocations: 19662784 (Pool: 19661909; Big: 875); GC: 19
