WARNING: Detected access to binding `KernelFunctions.kernelpdmat` in a world prior to its definition world.
  Julia 1.12 has introduced more strict world age semantics for global bindings.
  !!! This code may malfunction under Revise.
  !!! This code will error in future versions of Julia.
Hint: Add an appropriate `invokelatest` around the access to this binding.
To make this warning an error, and hence obtain a stack trace, use `julia --depwarn=error`.
======================================================================
Worker: multiplicative noise, level=1e-4 (index 4)
======================================================================
Solving ODE...
Computing ground truth...

  [y1] actual noise σ = 0.0001308
  PureAAA: 3 pts
  GP_SE: 114.8s
  GP_RQ: 235.8s
  FHD5: 0.25s
  Strategy1 (GP→AAA→MLE):
    GP→AAA: 7 support points
    LBFGS1: 7207 iters, loss=2.55278e-5 → LBFGS2: 1 iters, loss=2.55278e-5 → NTR: 20000 iters, loss=2.55278e-5
    converged=false, g_norm=6.78e-11
    Poles near interval: 3
  Strategy2 (AAA→MLE):
    AAA: 3 support points
    LBFGS1: 20 iters, loss=2.87428e-5 → LBFGS2: 1 iters, loss=2.87428e-5 → NTR: 20000 iters, loss=2.87428e-5
    converged=true, g_norm=2.05e-13
    Poles near interval: 0
  Strategy3 (GP→AAA_high→MLE):
    GP→AAA(tol=1e-14): 7 support points
    LBFGS1: 7207 iters, loss=2.55278e-5 → LBFGS2: 1 iters, loss=2.55278e-5 → NTR: 20000 iters, loss=2.55278e-5
    converged=false, g_norm=6.78e-11
    Poles near interval: 3
  Strategy4 (Alternating):
    Init: 7 pts, RSS=2.552779e-05
    Cycle  1: RSS=2.552779e-05 (Δ=2.02e-17)
    Cycle  2: RSS=2.552779e-05 (Δ=-2.14e-17)
    Cycle  3: RSS=2.552779e-05 (Δ=1.40e-18)
    Cycle 10: RSS=2.552779e-05 (Δ=-5.38e-18)
    Final polish: LBFGS1: 1 iters, loss=2.55278e-5 → LBFGS2: 2 iters, loss=2.55278e-5 → NTR: 20000 iters, loss=2.55278e-5
    converged=false, g_norm=8.71e-11
    Poles near interval: 3

  [y2] actual noise σ = 0.0001134
  PureAAA: 3 pts
  GP_SE: 32.7s
  GP_RQ: 76.1s
  FHD5: 0.00s
  Strategy1 (GP→AAA→MLE):
    GP→AAA: 7 support points
    LBFGS1: 5852 iters, loss=1.9135e-5 → LBFGS2: 1 iters, loss=1.9135e-5 → NTR: 20000 iters, loss=1.91344e-5
    converged=false, g_norm=0.0335
    Poles near interval: 3
  Strategy2 (AAA→MLE):
    AAA: 3 support points
    LBFGS1: 15 iters, loss=4.86193e-5 → LBFGS2: 1 iters, loss=4.86193e-5 → NTR: 20000 iters, loss=4.86193e-5
    converged=false, g_norm=3.84e-13
    Poles near interval: 0
  Strategy3 (GP→AAA_high→MLE):
    GP→AAA(tol=1e-14): 7 support points
    LBFGS1: 5852 iters, loss=1.9135e-5 → LBFGS2: 1 iters, loss=1.9135e-5 → NTR: 20000 iters, loss=1.91344e-5
    converged=false, g_norm=0.0335
    Poles near interval: 3
  Strategy4 (Alternating):
    Init: 7 pts, RSS=1.913438e-05
    Cycle  1: RSS=1.913438e-05 (Δ=-2.08e-15)
    Cycle  2: RSS=1.913438e-05 (Δ=9.61e-17)
    Cycle  3: RSS=1.913438e-05 (Δ=-1.82e-16)
    Cycle 10: RSS=1.913438e-05 (Δ=1.52e-16)
    Final polish: LBFGS1: 1 iters, loss=1.91344e-5 → LBFGS2: 3 iters, loss=1.91344e-5 → NTR: 20000 iters, loss=1.91344e-5
    converged=true, g_norm=5.06e-6
    Poles near interval: 3

Worker done! Saved 1536 rows to /home/orebas/ParameterEstimationBenchmark-local/results/derivative_accuracy_dive/06_worker_mult_n1e-4.csv
