WARNING: Detected access to binding `KernelFunctions.kernelpdmat` in a world prior to its definition world.
  Julia 1.12 has introduced more strict world age semantics for global bindings.
  !!! This code may malfunction under Revise.
  !!! This code will error in future versions of Julia.
Hint: Add an appropriate `invokelatest` around the access to this binding.
To make this warning an error, and hence obtain a stack trace, use `julia --depwarn=error`.
======================================================================
Worker: multiplicative noise, level=1e-6 (index 3)
======================================================================
Solving ODE...
Computing ground truth...

  [y1] actual noise σ = 1.265e-6
  PureAAA: 4 pts
  GP_SE: 57.9s
  GP_RQ: 64.6s
  FHD5: 0.15s
  Strategy1 (GP→AAA→MLE):
    GP→AAA: 6 support points
    LBFGS1: 640 iters, loss=2.38996e-9 → LBFGS2: 1 iters, loss=2.38996e-9 → NTR: 20000 iters, loss=2.38995e-9
    converged=false, g_norm=9.34e-8
    Poles near interval: 0
  Strategy2 (AAA→MLE):
    AAA: 4 support points
    LBFGS1: 51 iters, loss=2.46407e-9 → LBFGS2: 1 iters, loss=2.46407e-9 → NTR: 20000 iters, loss=2.46407e-9
    converged=false, g_norm=1.72e-13
    Poles near interval: 0
  Strategy3 (GP→AAA_high→MLE):
    GP→AAA(tol=1e-14): 6 support points
    LBFGS1: 640 iters, loss=2.38996e-9 → LBFGS2: 1 iters, loss=2.38996e-9 → NTR: 20000 iters, loss=2.38995e-9
    converged=false, g_norm=9.34e-8
    Poles near interval: 0
  Strategy4 (Alternating):
    Init: 6 pts, RSS=2.389948e-09
    Cycle  1: RSS=2.389948e-09 (Δ=-1.38e-18)
    Cycle  2: RSS=2.389948e-09 (Δ=-4.23e-20)
    Cycle  3: RSS=2.389948e-09 (Δ=-2.14e-16)
    Cycle 10: RSS=2.389948e-09 (Δ=-5.75e-18)
    Final polish: LBFGS1: 36 iters, loss=2.38995e-9 → LBFGS2: 1 iters, loss=2.38995e-9 → NTR: 1 iters, loss=2.38995e-9
    converged=true, g_norm=1.23e-13
    Poles near interval: 0

  [y2] actual noise σ = 1.101e-6
  PureAAA: 4 pts
  GP_SE: 88.9s
  GP_RQ: 143.7s
  FHD5: 0.00s
  Strategy1 (GP→AAA→MLE):
    GP→AAA: 9 support points
    LBFGS1: 20000 iters, loss=1.78854e-9 → LBFGS2: 1 iters, loss=1.78854e-9 → NTR: 20000 iters, loss=1.78854e-9
    converged=true, g_norm=2.48e-7
    Poles near interval: 4
  Strategy2 (AAA→MLE):
    AAA: 4 support points
    LBFGS1: 79 iters, loss=2.33671e-9 → LBFGS2: 1 iters, loss=2.33671e-9 → NTR: 20000 iters, loss=2.33671e-9
    converged=false, g_norm=3.73e-14
    Poles near interval: 0
  Strategy3 (GP→AAA_high→MLE):
    GP→AAA(tol=1e-14): 9 support points
    LBFGS1: 20000 iters, loss=1.78854e-9 → LBFGS2: 1 iters, loss=1.78854e-9 → NTR: 20000 iters, loss=1.78854e-9
    converged=true, g_norm=2.48e-7
    Poles near interval: 4
  Strategy4 (Alternating):
    Init: 9 pts, RSS=1.788535e-09
    Cycle  1: RSS=1.788535e-09 (Δ=4.23e-19)
    Cycle  2: RSS=1.788535e-09 (Δ=-3.43e-19)
    Cycle  3: RSS=1.788535e-09 (Δ=-1.15e-19)
    Cycle 10: RSS=1.788535e-09 (Δ=-1.68e-19)
    Final polish: LBFGS1: 1 iters, loss=1.78854e-9 → LBFGS2: 1 iters, loss=1.78854e-9 → NTR: 20000 iters, loss=1.78854e-9
    converged=true, g_norm=1.54e-8
    Poles near interval: 4

Worker done! Saved 1536 rows to /home/orebas/ParameterEstimationBenchmark-local/results/derivative_accuracy_dive/06_worker_mult_n1e-6.csv
