WARNING: Detected access to binding `KernelFunctions.kernelpdmat` in a world prior to its definition world.
  Julia 1.12 has introduced more strict world age semantics for global bindings.
  !!! This code may malfunction under Revise.
  !!! This code will error in future versions of Julia.
Hint: Add an appropriate `invokelatest` around the access to this binding.
To make this warning an error, and hence obtain a stack trace, use `julia --depwarn=error`.
======================================================================
Worker: additive noise, level=1e-6 (index 3)
======================================================================
Solving ODE...
Computing ground truth...

  [y1] actual noise σ = 4.862e-7
  PureAAA: 4 pts
  GP_SE: 73.4s
  GP_RQ: 166.3s
  FHD5: 0.16s
  Strategy1 (GP→AAA→MLE):
    GP→AAA: 7 support points
    LBFGS1: 615 iters, loss=3.52712e-10 → LBFGS2: 1 iters, loss=3.52712e-10 → NTR: 20000 iters, loss=3.52611e-10
    converged=false, g_norm=5.38e-7
    Poles near interval: 0
  Strategy2 (AAA→MLE):
    AAA: 4 support points
    LBFGS1: 28 iters, loss=4.25281e-10 → LBFGS2: 1 iters, loss=4.25281e-10 → NTR: 20000 iters, loss=4.25281e-10
    converged=true, g_norm=1.65e-13
    Poles near interval: 0
  Strategy3 (GP→AAA_high→MLE):
    GP→AAA(tol=1e-14): 7 support points
    LBFGS1: 615 iters, loss=3.52712e-10 → LBFGS2: 1 iters, loss=3.52712e-10 → NTR: 20000 iters, loss=3.52611e-10
    converged=false, g_norm=5.38e-7
    Poles near interval: 0
  Strategy4 (Alternating):
    Init: 7 pts, RSS=3.526107e-10
    Cycle  1: RSS=3.525901e-10 (Δ=-2.06e-14)
    Cycle  2: RSS=3.525798e-10 (Δ=-1.04e-14)
    Cycle  3: RSS=3.525790e-10 (Δ=-7.68e-16)
    Cycle 10: RSS=3.525787e-10 (Δ=-3.03e-18)
    Final polish: LBFGS1: 511 iters, loss=3.52579e-10 → LBFGS2: 1 iters, loss=3.52579e-10 → NTR: 20000 iters, loss=3.52579e-10
    converged=true, g_norm=6.2e-14
    Poles near interval: 0

  [y2] actual noise σ = 2.743e-7
  PureAAA: 4 pts
  GP_SE: 63.2s
  GP_RQ: 173.2s
  FHD5: 0.00s
  Strategy1 (GP→AAA→MLE):
    GP→AAA: 89 support points
    LBFGS1: 20000 iters, loss=1.07294e-10 → LBFGS2: 9495 iters, loss=1.07232e-10
    converged=true, g_norm=6.92e-10
    Poles near interval: 79
  Strategy2 (AAA→MLE):
    AAA: 4 support points
    LBFGS1: 19 iters, loss=6.63512e-10 → LBFGS2: 1 iters, loss=6.63512e-10 → NTR: 20000 iters, loss=6.63512e-10
    converged=false, g_norm=1.28e-13
    Poles near interval: 0
  Strategy3 (GP→AAA_high→MLE):
    GP→AAA(tol=1e-14): 89 support points
    LBFGS1: 20000 iters, loss=1.07294e-10 → LBFGS2: 9495 iters, loss=1.07232e-10
    converged=true, g_norm=6.92e-10
    Poles near interval: 79
  Strategy4 (Alternating):
    Init: 89 pts, RSS=1.072319e-10
    Cycle  1: RSS=1.069785e-10 (Δ=-2.53e-13)
    Cycle  2: RSS=1.065808e-10 (Δ=-3.98e-13)
    Cycle  3: RSS=1.065808e-10 (Δ=-3.50e-20)
    Cycle 10: RSS=1.065808e-10 (Δ=-1.26e-17)
    Final polish: LBFGS1: 1 iters, loss=1.06581e-10 → LBFGS2: 1 iters, loss=1.06581e-10
    converged=true, g_norm=2.06e-5
    Poles near interval: 79

Worker done! Saved 1536 rows to /home/orebas/ParameterEstimationBenchmark-local/results/derivative_accuracy_dive/06_worker_add_n1e-6.csv
