WARNING: Detected access to binding `KernelFunctions.kernelpdmat` in a world prior to its definition world.
  Julia 1.12 has introduced more strict world age semantics for global bindings.
  !!! This code may malfunction under Revise.
  !!! This code will error in future versions of Julia.
Hint: Add an appropriate `invokelatest` around the access to this binding.
To make this warning an error, and hence obtain a stack trace, use `julia --depwarn=error`.
======================================================================
Worker: additive noise, level=1e-8 (index 2)
======================================================================
Solving ODE...
Computing ground truth...

  [y1] actual noise σ = 5.043e-9
  PureAAA: 5 pts
  GP_SE: 44.3s
  GP_RQ: 279.4s
  FHD5: 0.23s
  Strategy1 (GP→AAA→MLE):
    GP→AAA: 6 support points
    LBFGS1: 849 iters, loss=3.78955e-14 → LBFGS2: 1 iters, loss=3.78955e-14 → NTR: 20000 iters, loss=3.7881e-14
    converged=false, g_norm=6.56e-11
    Poles near interval: 0
  Strategy2 (AAA→MLE):
    AAA: 5 support points
    LBFGS1: 68 iters, loss=4.13643e-14 → LBFGS2: 1 iters, loss=4.13643e-14 → NTR: 20000 iters, loss=4.13643e-14
    converged=true, g_norm=7.5e-14
    Poles near interval: 0
  Strategy3 (GP→AAA_high→MLE):
    GP→AAA(tol=1e-14): 6 support points
    LBFGS1: 849 iters, loss=3.78955e-14 → LBFGS2: 1 iters, loss=3.78955e-14 → NTR: 20000 iters, loss=3.7881e-14
    converged=false, g_norm=6.56e-11
    Poles near interval: 0
  Strategy4 (Alternating):
    Init: 6 pts, RSS=3.788097e-14
    Cycle  1: RSS=3.788097e-14 (Δ=-1.47e-23)
    Cycle  2: RSS=3.788097e-14 (Δ=-7.17e-23)
    Cycle  3: RSS=3.788097e-14 (Δ=-4.58e-23)
    Cycle 10: RSS=3.788097e-14 (Δ=1.30e-23)
    Final polish: LBFGS1: 1 iters, loss=3.7881e-14 → LBFGS2: 1 iters, loss=3.7881e-14 → NTR: 20000 iters, loss=3.8041e-14
    converged=true, g_norm=3.98e-13
    Poles near interval: 0

  [y2] actual noise σ = 2.735e-9
  PureAAA: 9 pts
  GP_SE: 170.0s
  GP_RQ: 339.7s
  FHD5: 0.00s
  Strategy1 (GP→AAA→MLE):
    GP→AAA: 9 support points
    LBFGS1: 599 iters, loss=1.11805e-14 → LBFGS2: 1 iters, loss=1.11805e-14 → NTR: 1 iters, loss=1.11805e-14
    converged=true, g_norm=3.07e-14
    Poles near interval: 0
  Strategy2 (AAA→MLE):
    AAA: 9 support points
    LBFGS1: 168 iters, loss=2.22121e-14 → LBFGS2: 1 iters, loss=2.22121e-14 → NTR: 20000 iters, loss=1.86303e-14
    converged=false, g_norm=3.97e-7
    Poles near interval: 3
  Strategy3 (GP→AAA_high→MLE):
    GP→AAA(tol=1e-14): 9 support points
    LBFGS1: 599 iters, loss=1.11805e-14 → LBFGS2: 1 iters, loss=1.11805e-14 → NTR: 20000 iters, loss=1.11805e-14
    converged=true, g_norm=3.07e-14
    Poles near interval: 0
  Strategy4 (Alternating):
    Init: 9 pts, RSS=1.118055e-14
    Cycle  1: RSS=1.118055e-14 (Δ=9.09e-23)
    Cycle  2: RSS=1.118055e-14 (Δ=1.98e-23)
    Cycle  3: RSS=1.118055e-14 (Δ=-7.60e-25)
    Cycle 10: RSS=1.118055e-14 (Δ=2.58e-23)
    Final polish: LBFGS1: 1 iters, loss=1.11805e-14 → LBFGS2: 1 iters, loss=1.11805e-14 → NTR: 20000 iters, loss=1.1286e-14
    converged=true, g_norm=1.23e-13
    Poles near interval: 0

Worker done! Saved 1536 rows to /home/orebas/ParameterEstimationBenchmark-local/results/derivative_accuracy_dive/06_worker_add_n1e-8.csv
