WARNING: Detected access to binding `KernelFunctions.kernelpdmat` in a world prior to its definition world.
  Julia 1.12 has introduced more strict world age semantics for global bindings.
  !!! This code may malfunction under Revise.
  !!! This code will error in future versions of Julia.
Hint: Add an appropriate `invokelatest` around the access to this binding.
To make this warning an error, and hence obtain a stack trace, use `julia --depwarn=error`.
======================================================================
Worker: multiplicative noise, level=1e-2 (index 5)
======================================================================
Solving ODE...
Computing ground truth...

  [y1] actual noise σ = 0.01286
  PureAAA: 63 pts
  GP_SE: 98.4s
  GP_RQ: 244.8s
  FHD5: 0.23s
  Strategy1 (GP→AAA→MLE):
    GP→AAA: 6 support points
    LBFGS1: 2076 iters, loss=0.245641 → LBFGS2: 1 iters, loss=0.245641 → NTR: 20000 iters, loss=0.245641
    converged=true, g_norm=8.44e-11
    Poles near interval: 3
  Strategy2 (AAA→MLE):
    AAA: 63 support points
    LBFGS1: 20000 iters, loss=0.211525 → LBFGS2: 20000 iters, loss=0.202728
    converged=false, g_norm=0.0229
    Poles near interval: 60
  Strategy3 (GP→AAA_high→MLE):
    GP→AAA(tol=1e-14): 6 support points
    LBFGS1: 2076 iters, loss=0.245641 → LBFGS2: 1 iters, loss=0.245641 → NTR: 20000 iters, loss=0.245641
    converged=true, g_norm=8.44e-11
    Poles near interval: 3
  Strategy4 (Alternating):
    Init: 6 pts, RSS=2.456408e-01
    Cycle  1: RSS=2.456408e-01 (Δ=5.83e-16)
    Cycle  2: RSS=2.456408e-01 (Δ=-6.94e-16)
    Cycle  3: RSS=2.456408e-01 (Δ=6.94e-16)
    Cycle 10: RSS=2.456408e-01 (Δ=1.25e-15)
    Final polish: LBFGS1: 1 iters, loss=0.245641 → LBFGS2: 1 iters, loss=0.245641 → NTR: 6432 iters, loss=0.245641
    converged=true, g_norm=1.49e-9
    Poles near interval: 3

  [y2] actual noise σ = 0.01115
  PureAAA: 2 pts
  GP_SE: 73.6s
  GP_RQ: 171.7s
  FHD5: 0.00s
  Strategy1 (GP→AAA→MLE):
    GP→AAA: 7 support points
    LBFGS1: 5540 iters, loss=0.184762 → LBFGS2: 1 iters, loss=0.184762 → NTR: 20000 iters, loss=0.184762
    converged=true, g_norm=2.79e-10
    Poles near interval: 4
  Strategy2 (AAA→MLE):
    AAA: 2 support points
    LBFGS1: 16 iters, loss=0.605481 → LBFGS2: 1 iters, loss=0.605481 → NTR: 5 iters, loss=0.605481
    converged=true, g_norm=8.25e-14
    Poles near interval: 0
  Strategy3 (GP→AAA_high→MLE):
    GP→AAA(tol=1e-14): 8 support points
    LBFGS1: 19265 iters, loss=0.184851 → LBFGS2: 1 iters, loss=0.184851 → NTR: 20000 iters, loss=0.184851
    converged=true, g_norm=8.69e-11
    Poles near interval: 5
  Strategy4 (Alternating):
    Init: 7 pts, RSS=1.847621e-01
    Cycle  1: RSS=1.847621e-01 (Δ=4.69e-15)
    Cycle  2: RSS=1.847621e-01 (Δ=-8.60e-16)
    Cycle  3: RSS=1.847621e-01 (Δ=2.78e-16)
    Cycle 10: RSS=1.847621e-01 (Δ=0.00e+00)
    Final polish: LBFGS1: 1 iters, loss=0.184762 → LBFGS2: 1 iters, loss=0.184762 → NTR: 20000 iters, loss=0.184762
    converged=false, g_norm=5.99e-10
    Poles near interval: 4

Worker done! Saved 1536 rows to /home/orebas/ParameterEstimationBenchmark-local/results/derivative_accuracy_dive/06_worker_mult_n1e-2.csv
